00:01.531  blend            | Read blend: "C:\PleaseRemainOnTheLine\art\blender\bar_ceiling_finish.blend"
GRAIN REVIEW bar_ceiling_finish checked 0 review 0
00:01.547  blend            | Read blend: "C:\PleaseRemainOnTheLine\art\blender\bar_fixture_mounts.blend"
C:\PleaseRemainOnTheLine\art\blender\scripts\audit_fabrication_grain.py:34: DeprecationWarning: 'Material.use_nodes' is expected to be removed in Blender 6.0
  if mat and mat.use_nodes for n in mat.node_tree.nodes if n.type == 'TEX_IMAGE' and n.image]
GRAIN REVIEW bar_fixture_mounts checked 0 review 0
00:01.609  blend            | Read blend: "C:\PleaseRemainOnTheLine\art\blender\bar_pipe_supports.blend"
GRAIN REVIEW bar_pipe_supports checked 0 review 0
00:01.672  blend            | Read blend: "C:\PleaseRemainOnTheLine\art\blender\bar_pool.blend"
GRAIN REVIEW bar_pool checked 0 review 0
00:01.781  blend            | Read blend: "C:\PleaseRemainOnTheLine\art\blender\cobbler_fittings.blend"
GRAIN REVIEW cobbler_fittings checked 0 review 0
00:01.859  blend            | Read blend: "C:\PleaseRemainOnTheLine\art\blender\diner_apparatus.blend"
GRAIN REVIEW diner_apparatus checked 0 review 0
00:01.906  blend            | Read blend: "C:\PleaseRemainOnTheLine\art\blender\diner_backbar.blend"
GRAIN REVIEW diner_backbar checked 0 review 0
00:01.906  blend            | Read blend: "C:\PleaseRemainOnTheLine\art\blender\diner_counter.blend"
GRAIN REVIEW diner_counter checked 18 review 0
00:01.968  blend            | Read blend: "C:\PleaseRemainOnTheLine\art\blender\diner_overhead.blend"
GRAIN REVIEW diner_overhead checked 0 review 0
00:01.968  blend            | Read blend: "C:\PleaseRemainOnTheLine\art\blender\diner_receiving.blend"
GRAIN REVIEW diner_receiving checked 0 review 0
00:02.078  blend            | Read blend: "C:\PleaseRemainOnTheLine\art\blender\diner_till.blend"
GRAIN REVIEW diner_till checked 4 review 0
00:02.125  blend            | Read blend: "C:\PleaseRemainOnTheLine\art\blender\diner_urns.blend"
GRAIN REVIEW diner_urns checked 0 review 0
00:02.140  blend            | Read blend: "C:\PleaseRemainOnTheLine\art\blender\druggist_carboys.blend"
GRAIN REVIEW druggist_carboys checked 0 review 0
00:02.172  blend            | Read blend: "C:\PleaseRemainOnTheLine\art\blender\druggist_counter.blend"
GRAIN REVIEW druggist_counter checked 0 review 0
00:02.187  blend            | Read blend: "C:\PleaseRemainOnTheLine\art\blender\druggist_cupboard.blend"
GRAIN REVIEW druggist_cupboard checked 0 review 0
00:02.203  blend            | Read blend: "C:\PleaseRemainOnTheLine\art\blender\druggist_dispensary.blend"
GRAIN REVIEW druggist_dispensary checked 0 review 0
00:02.250  blend            | Read blend: "C:\PleaseRemainOnTheLine\art\blender\druggist_drawers.blend"
GRAIN REVIEW druggist_drawers checked 0 review 0
00:02.468  blend            | Read blend: "C:\PleaseRemainOnTheLine\art\blender\druggist_fountain.blend"
GRAIN REVIEW druggist_fountain checked 0 review 0
00:02.500  blend            | Read blend: "C:\PleaseRemainOnTheLine\art\blender\druggist_mortar.blend"
GRAIN REVIEW druggist_mortar checked 0 review 0
00:02.515  blend            | Read blend: "C:\PleaseRemainOnTheLine\art\blender\funeral_drapes.blend"
GRAIN REVIEW funeral_drapes checked 0 review 0
00:02.578  blend            | Read blend: "C:\PleaseRemainOnTheLine\art\blender\funeral_fittings.blend"
GRAIN REVIEW funeral_fittings checked 0 review 0
00:02.578  blend            | Read blend: "C:\PleaseRemainOnTheLine\art\blender\funeral_foliage.blend"
GRAIN REVIEW funeral_foliage checked 0 review 0
00:02.703  blend            | Read blend: "C:\PleaseRemainOnTheLine\art\blender\hardware_apparatus.blend"
GRAIN REVIEW hardware_apparatus checked 0 review 0
00:02.734  blend            | Read blend: "C:\PleaseRemainOnTheLine\art\blender\hardware_drawers.blend"
GRAIN REVIEW hardware_drawers checked 0 review 0
00:02.843  blend            | Read blend: "C:\PleaseRemainOnTheLine\art\blender\hardware_stock.blend"
GRAIN REVIEW hardware_stock checked 0 review 0
00:02.984  blend            | Read blend: "C:\PleaseRemainOnTheLine\art\blender\hardware_tools.blend"
GRAIN REVIEW hardware_tools checked 43 review 0
00:03.125  blend            | Read blend: "C:\PleaseRemainOnTheLine\art\blender\laundry_apparatus.blend"
GRAIN REVIEW laundry_apparatus checked 0 review 0
00:03.140  blend            | Read blend: "C:\PleaseRemainOnTheLine\art\blender\laundry_fittings.blend"
GRAIN REVIEW laundry_fittings checked 0 review 0
00:03.234  blend            | Read blend: "C:\PleaseRemainOnTheLine\art\blender\laundry_receiving.blend"
GRAIN REVIEW laundry_receiving checked 0 review 0
00:03.281  blend            | Read blend: "C:\PleaseRemainOnTheLine\art\blender\laundry_trade.blend"
GRAIN REVIEW laundry_trade checked 67 review 0
00:03.468  blend            | Read blend: "C:\PleaseRemainOnTheLine\art\blender\locksmith_fittings.blend"
GRAIN REVIEW locksmith_fittings checked 0 review 0
00:03.562  blend            | Read blend: "C:\PleaseRemainOnTheLine\art\blender\news_fittings.blend"
GRAIN REVIEW news_fittings checked 0 review 0
00:03.609  blend            | Read blend: "C:\PleaseRemainOnTheLine\art\blender\news_receiving.blend"
GRAIN REVIEW news_receiving checked 0 review 0
00:03.687  blend            | Read blend: "C:\PleaseRemainOnTheLine\art\blender\pawn_clocks.blend"
GRAIN REVIEW pawn_clocks checked 0 review 0
00:03.734  blend            | Read blend: "C:\PleaseRemainOnTheLine\art\blender\pawn_display.blend"
GRAIN REVIEW pawn_display checked 65 review 0
00:03.922  blend            | Read blend: "C:\PleaseRemainOnTheLine\art\blender\pawn_fittings.blend"
GRAIN REVIEW pawn_fittings checked 35 review 0
00:04.062  blend            | Read blend: "C:\PleaseRemainOnTheLine\art\blender\pawn_receiving.blend"
GRAIN REVIEW pawn_receiving checked 0 review 0
00:04.125  blend            | Read blend: "C:\PleaseRemainOnTheLine\art\blender\photo_cameras.blend"
GRAIN REVIEW photo_cameras checked 12 review 0
00:04.172  blend            | Read blend: "C:\PleaseRemainOnTheLine\art\blender\photo_counter.blend"
GRAIN REVIEW photo_counter checked 17 review 0
00:04.218  blend            | Read blend: "C:\PleaseRemainOnTheLine\art\blender\photo_enlargers.blend"
GRAIN REVIEW photo_enlargers checked 7 review 0
00:04.250  blend            | Read blend: "C:\PleaseRemainOnTheLine\art\blender\photo_glazing.blend"
GRAIN REVIEW photo_glazing checked 0 review 0
00:04.250  blend            | Read blend: "C:\PleaseRemainOnTheLine\art\blender\photo_portraits.blend"
GRAIN REVIEW photo_portraits checked 1 review 0
00:04.281  blend            | Read blend: "C:\PleaseRemainOnTheLine\art\blender\photo_process.blend"
GRAIN REVIEW photo_process checked 17 review 0
00:04.328  blend            | Read blend: "C:\PleaseRemainOnTheLine\art\blender\photo_receiving.blend"
GRAIN REVIEW photo_receiving checked 0 review 0
00:04.390  blend            | Read blend: "C:\PleaseRemainOnTheLine\art\blender\photo_stock.blend"
GRAIN REVIEW photo_stock checked 10 review 0
00:04.437  blend            | Read blend: "C:\PleaseRemainOnTheLine\art\blender\radio_apparatus.blend"
GRAIN REVIEW radio_apparatus checked 0 review 0
00:04.453  blend            | Read blend: "C:\PleaseRemainOnTheLine\art\blender\radio_battery.blend"
GRAIN REVIEW radio_battery checked 0 review 0
00:04.468  blend            | Read blend: "C:\PleaseRemainOnTheLine\art\blender\radio_bench.blend"
GRAIN REVIEW radio_bench checked 0 review 0
00:04.484  blend            | Read blend: "C:\PleaseRemainOnTheLine\art\blender\radio_display.blend"
GRAIN REVIEW radio_display checked 0 review 0
00:04.515  blend            | Read blend: "C:\PleaseRemainOnTheLine\art\blender\radio_receiving.blend"
GRAIN REVIEW radio_receiving checked 0 review 0
00:04.562  blend            | Read blend: "C:\PleaseRemainOnTheLine\art\blender\radio_stock.blend"
GRAIN REVIEW radio_stock checked 0 review 0
00:04.578  blend            | Read blend: "C:\PleaseRemainOnTheLine\art\blender\radio_wire.blend"
GRAIN REVIEW radio_wire checked 6 review 0
00:04.672  blend            | Read blend: "C:\PleaseRemainOnTheLine\art\blender\roof_drainage_door_weather.blend"
GRAIN REVIEW roof_drainage_door_weather checked 0 review 0
00:04.703  blend            | Read blend: "C:\PleaseRemainOnTheLine\art\blender\roof_drainage_falls.blend"
GRAIN REVIEW roof_drainage_falls checked 0 review 0
00:04.734  blend            | Read blend: "C:\PleaseRemainOnTheLine\art\blender\roof_drainage_leaders.blend"
GRAIN REVIEW roof_drainage_leaders checked 0 review 0
00:04.797  blend            | Read blend: "C:\PleaseRemainOnTheLine\art\blender\roof_drainage_plant_weather.blend"
GRAIN REVIEW roof_drainage_plant_weather checked 0 review 0
00:04.843  blend            | Read blend: "C:\PleaseRemainOnTheLine\art\blender\roof_drainage_receivers.blend"
GRAIN REVIEW roof_drainage_receivers checked 0 review 0
00:04.922  blend            | Read blend: "C:\PleaseRemainOnTheLine\art\blender\roof_membrane.blend"
GRAIN REVIEW roof_membrane checked 0 review 0
00:04.984  blend            | Read blend: "C:\PleaseRemainOnTheLine\art\blender\shop_seating.blend"
GRAIN REVIEW shop_seating checked 0 review 0
Blender 5.2.0 LTS (hash fbe6228777e7 built 2026-07-14 01:35:40)

Blender quit
