Godot Engine v4.7.1.stable.official.a13da4feb - https://godotengine.org

[ACOUSTIC] 550 nodes loaded
  PASS  WORK survives v1 -> v1 reconstruction
  PASS  WORK survives v2 -> v2 reconstruction
  PASS  WORK survives v1 -> v2 reconstruction
  PASS  WORK survives v2 -> v1 reconstruction
  PASS  IGNORE survives v1 -> v1 reconstruction
  PASS  IGNORE survives v2 -> v2 reconstruction
  PASS  IGNORE survives v1 -> v2 reconstruction
  PASS  IGNORE survives v2 -> v1 reconstruction
  PASS  ABANDON survives v1 -> v1 reconstruction
  PASS  ABANDON survives v2 -> v2 reconstruction
  PASS  ABANDON survives v1 -> v2 reconstruction
  PASS  ABANDON survives v2 -> v1 reconstruction
  PASS  MEDDLE survives v1 -> v1 reconstruction
  PASS  MEDDLE survives v2 -> v2 reconstruction
  PASS  MEDDLE survives v1 -> v2 reconstruction
  PASS  MEDDLE survives v2 -> v1 reconstruction
  PASS  committed selector default remains v1
OPEN SHIFT SAVE MATRIX: 17/17 PASS
