Godot Engine v4.7.1.stable.official.a13da4feb - https://godotengine.org

[ACOUSTIC] 550 nodes loaded
  PASS  nobody knows anything before an observable event
  PASS  knowledge appears only after the hearable event
  PASS  the riser neighbor knows only what the riser carried
  PASS  the resident knows what the tag in her flat shows
  PASS  different evidence routes leave different provenance
  PASS  a porter who cannot reach 2B is turned away
  PASS  the intervention does not silently occur
  PASS  the failed attempt is honest continuing state
  PASS  an identical delayed timeline reconstructs identically
  PASS  off-screen phases land at their scheduled minutes
  PASS  packing starts at the mechanism
  PASS  pickup transfers custody through the inventory
  PASS  a second grant of the same packing is refused
  PASS  repair consumes the carried packing exactly once
  PASS  absent packing prevents any further repair
  PASS  the porter is genuinely mid-transit
  PASS  save/load preserves the actor's own timeline
  PASS  the reloaded porter finishes the same errand once
  PASS  unloading the room does not pause the porter's errand
  PASS  reloading the room applies the durable outcome
  PASS  reloading cannot repeat or accelerate the consequence
OPEN SHIFT AUTHORITY TEST: PASS
