Godot Engine v4.7.1.stable.official.a13da4feb - https://godotengine.org

[ACOUSTIC] 550 nodes loaded
  [ok] the real title replaces the maintenance placeholder
  [ok] title establishes keyboard and controller focus
  [ok] building services takes focus when opened
  [ok] closing services returns focus to its launcher
  [ok] two complete title masters are installed
  [ok] Escapement Failure retains its full 112.58 second form
  [ok] the untouched waltz retains its full 158.73 second form
  [ok] neither imported master hides an internal loop
  [ok] the untouched original is the opening theme
  [ok] the opening title exposes the returned-record choice
  [ok] one waking-world hero contains the complete three-zone scope
  [ok] building services exposes the first-build sleep warning option
  [ok] building services exposes opt-in semantic sound captions
  [ok] building services exposes five independent mix categories
  [ok] the expanded mix surface [P: (340.0, 40.0), S: (600.0, 640.0)] remains inside launch viewport [P: (0.0, 0.0), S: (1280.0, 720.0)]
  [ok] all category levels are persistent settings rather than UI-only state
  [ok] the optional return never replaces the waking-world hero
  [ok] the returned record offers the original master
  [ok] a completed return alternates to the full original master
  [ok] silent proof starts no hidden audio players
[TITLE SCREEN] RESULT: PASS (0 failures)
