Godot Engine v4.7.1.stable.official.a13da4feb - https://godotengine.org
Vulkan 1.4.341 - Forward+ - Using Device #0: NVIDIA - NVIDIA GeForce RTX 4080

[ACOUSTIC] 550 nodes loaded
ORISON V2 BLOCKOUT: 200 spaces / 111 doors / 1104 anchors
[V2 FRONT COURT ROOF] three seated girders; retained roof slabs; mapped exterior concrete
[V2 BODEGA POWER] independent inlet; four existing fittings; 20 bearings
[SURFACE] 1116 surfaces layered (393 materials)
[PASSAGE HOURS] OPEN; 10 grilles folded
[PASSAGE HOURS] 11 shopfronts, 10 close after 02:00, HARDWARE PAINT keeps night service
[PASSAGE FINISH] 6 gated draws, 3 handcarts, hours active
[V2 PASSAGE] 13 resident cells; 11 doors; 1 shared-service counters
[SURFACE] 170 surfaces layered (81 materials)
[HARUKIYA] 9 interactables placed
[ARCADE] 2 cabinet(s) from a catalog of 12: SOMETHING IN THE HALL (mystery_serial), OPERATIONS (farm_and_market)
[ARCADE] all of them are running arcade_pit
[V2 BAR] retained cell; 29 registered markers; 3 doors
[V2 FRONT FACADE] native entrance, original landmark hardware, glazed marquee and fitted blade
[SCHEDULE] director live: 18 residents on the clock
[MOVES] personal library: res://assets/characters/mina_vale/mina_vale_moves.glb
SOURCE PARAPET MATERIAL ROOF_PARAPET_EAST brick 
SOURCE PARAPET MATERIAL ROOF_PARAPET_NORTH brick 
SOURCE PARAPET MATERIAL ROOF_PARAPET_SOUTH brick 
SOURCE PARAPET MATERIAL ROOF_PARAPET_WEST brick 
[ORISON V2 RUNTIME] ready startup_ms=29524.628
[LIGHTING] 207 sources active in system; 207 full personalities; profiles steady/breathe/mains/beat/dropout=[50, 45, 36, 42, 34]
CAP MAPPING: mesh=radio_apparatus_storm_shop_radio_service_chassis__case_bakelite valid_basis=true max_uv_excess=0.00000011920929 widest=1.00006856563479 vertices=1988 derivatives=true bad_derivatives=0 min_determinant=0.00000046263721 worst_dot=0.99999988079071
CAP MAPPING: mesh=radio_apparatus_storm_shop_radio_service_chassis__chassis_metal valid_basis=true max_uv_excess=0.00000007566996 widest=1.00007628665662 vertices=2420 derivatives=true bad_derivatives=0 min_determinant=0.00000046267134 worst_dot=0.99999988079071
CAP MAPPING: mesh=radio_apparatus_storm_shop_radio_service_chassis__control_bakelite valid_basis=true max_uv_excess=0.00000005890615 widest=1.00002096695863 vertices=2928 derivatives=true bad_derivatives=0 min_determinant=0.00000097296379 worst_dot=0.99999994039536
CAP MAPPING: mesh=radio_apparatus_storm_shop_radio_service_chassis__control_nickel valid_basis=true max_uv_excess=0.00000004802132 widest=1.00005829192781 vertices=1296 derivatives=true bad_derivatives=0 min_determinant=0.0000001312701 worst_dot=0.99999994039536
CAP MAPPING: mesh=radio_apparatus_storm_shop_radio_service_chassis__valve_opal valid_basis=true max_uv_excess=0.00000008940697 widest=1.00018460784399 vertices=27539 derivatives=true bad_derivatives=0 min_determinant=0.00000002307216 worst_dot=0.99999850988388
CAP MAPPING: mesh=radio_apparatus_storm_shop_radio_service_scope__control_bakelite valid_basis=true max_uv_excess=0.00000005564652 widest=1.00002568906621 vertices=1325 derivatives=true bad_derivatives=0 min_determinant=0.0000006105156 worst_dot=0.99999994039536
CAP MAPPING: mesh=radio_apparatus_storm_shop_radio_service_scope__control_nickel valid_basis=true max_uv_excess=0.00000008544885 widest=1.0001857935395 vertices=3340 derivatives=true bad_derivatives=0 min_determinant=0.00000011564841 worst_dot=0.99999988079071
CAP MAPPING: mesh=radio_apparatus_storm_shop_radio_service_scope__scope_case valid_basis=true max_uv_excess=0.00000009045471 widest=1.0001857935395 vertices=9478 derivatives=true bad_derivatives=0 min_determinant=0.00000011563898 worst_dot=0.99999988079071
CAP MAPPING: mesh=radio_apparatus_storm_shop_radio_service_signal_gen__case_bakelite valid_basis=true max_uv_excess=0.00000006810296 widest=1.00007079541153 vertices=2508 derivatives=true bad_derivatives=0 min_determinant=0.00000046262778 worst_dot=0.99999988079071
CAP MAPPING: mesh=radio_apparatus_storm_shop_radio_service_signal_gen__control_bakelite valid_basis=true max_uv_excess=0.00000006030314 widest=1.00002910668003 vertices=2314 derivatives=true bad_derivatives=0 min_determinant=0.00000055678242 worst_dot=0.99999994039536
CAP MAPPING: mesh=radio_apparatus_storm_shop_radio_service_signal_gen__control_nickel valid_basis=true max_uv_excess=0.00000006961636 widest=1.00011775831141 vertices=4292 derivatives=true bad_derivatives=0 min_determinant=0.00000013022132 worst_dot=0.99999988079071
CAP MAPPING: mesh=radio_apparatus_storm_shop_radio_service_signal_gen__scope_case valid_basis=true max_uv_excess=0.0000000637956 widest=1.00005574673098 vertices=492 derivatives=true bad_derivatives=0 min_determinant=0.00000046259948 worst_dot=0.99999988079071
RADIO RAY DIAGNOSTIC {"extended_hit":null,"finish":"(20.59, 1.22, 56.29)","part":"storm_shop_radio_service_chassis__chassis_metal","short_hit":null,"start":"(20.59, 1.22, 55.55)"}
RADIO RAY DIAGNOSTIC {"extended_hit":"(20.745, 1.58, 56.31499)","finish":"(20.745, 1.4, 56.31499)","part":"storm_shop_radio_service_chassis__valve_opal","short_hit":null,"start":"(20.745, 2.0, 56.31499)"}
RADIO RAY DIAGNOSTIC {"extended_hit":"(20.745, 1.378, 56.31499)","finish":"(20.745, 1.45, 56.31499)","part":"storm_shop_radio_service_chassis__valve_opal","short_hit":null,"start":"(20.745, 1.35, 56.31499)"}
RADIO RAY DIAGNOSTIC {"extended_hit":"(20.745, 1.382, 56.31499)","finish":"(20.745, 1.3, 56.31499)","part":"storm_shop_radio_service_chassis__control_bakelite","short_hit":"(20.745, 1.382, 56.31499)","start":"(20.745, 1.5, 56.31499)"}
RADIO RAY DIAGNOSTIC {"extended_hit":"(20.745, 1.347001, 56.31499)","finish":"(20.745, 1.4, 56.31499)","part":"storm_shop_radio_service_chassis__control_bakelite","short_hit":"(20.745, 1.347, 56.31499)","start":"(20.745, 1.25, 56.31499)"}
RADIO RAY DIAGNOSTIC {"extended_hit":"(20.745, 1.350001, 56.31499)","finish":"(20.745, 1.2, 56.31499)","part":"storm_shop_radio_service_chassis__chassis_metal","short_hit":"(20.745, 1.35, 56.31499)","start":"(20.745, 1.8, 56.31499)"}
RADIO RAY DIAGNOSTIC {"extended_hit":"(20.745, 1.58, 56.215)","finish":"(20.745, 1.4, 56.215)","part":"storm_shop_radio_service_chassis__valve_opal","short_hit":null,"start":"(20.745, 2.0, 56.215)"}
RADIO RAY DIAGNOSTIC {"extended_hit":"(20.745, 1.378, 56.215)","finish":"(20.745, 1.45, 56.215)","part":"storm_shop_radio_service_chassis__valve_opal","short_hit":null,"start":"(20.745, 1.35, 56.215)"}
RADIO RAY DIAGNOSTIC {"extended_hit":"(20.745, 1.382, 56.215)","finish":"(20.745, 1.3, 56.215)","part":"storm_shop_radio_service_chassis__control_bakelite","short_hit":"(20.745, 1.382, 56.215)","start":"(20.745, 1.5, 56.215)"}
RADIO RAY DIAGNOSTIC {"extended_hit":"(20.745, 1.347001, 56.215)","finish":"(20.745, 1.4, 56.215)","part":"storm_shop_radio_service_chassis__control_bakelite","short_hit":"(20.745, 1.347, 56.215)","start":"(20.745, 1.25, 56.215)"}
RADIO RAY DIAGNOSTIC {"extended_hit":"(20.745, 1.350001, 56.215)","finish":"(20.745, 1.2, 56.215)","part":"storm_shop_radio_service_chassis__chassis_metal","short_hit":"(20.745, 1.35, 56.215)","start":"(20.745, 1.8, 56.215)"}
RADIO RAY DIAGNOSTIC {"extended_hit":"(20.745, 1.58, 56.115)","finish":"(20.745, 1.4, 56.115)","part":"storm_shop_radio_service_chassis__valve_opal","short_hit":null,"start":"(20.745, 2.0, 56.115)"}
RADIO RAY DIAGNOSTIC {"extended_hit":"(20.745, 1.378, 56.115)","finish":"(20.745, 1.45, 56.115)","part":"storm_shop_radio_service_chassis__valve_opal","short_hit":null,"start":"(20.745, 1.35, 56.115)"}
RADIO RAY DIAGNOSTIC {"extended_hit":"(20.745, 1.382, 56.115)","finish":"(20.745, 1.3, 56.115)","part":"storm_shop_radio_service_chassis__control_bakelite","short_hit":"(20.745, 1.382, 56.115)","start":"(20.745, 1.5, 56.115)"}
RADIO RAY DIAGNOSTIC {"extended_hit":"(20.745, 1.347, 56.115)","finish":"(20.745, 1.4, 56.115)","part":"storm_shop_radio_service_chassis__control_bakelite","short_hit":"(20.745, 1.347, 56.115)","start":"(20.745, 1.25, 56.115)"}
RADIO RAY DIAGNOSTIC {"extended_hit":"(20.745, 1.350001, 56.115)","finish":"(20.745, 1.2, 56.115)","part":"storm_shop_radio_service_chassis__chassis_metal","short_hit":"(20.745, 1.35, 56.115)","start":"(20.745, 1.8, 56.115)"}
RADIO RAY DIAGNOSTIC {"extended_hit":"(20.745, 1.58, 56.015)","finish":"(20.745, 1.4, 56.015)","part":"storm_shop_radio_service_chassis__valve_opal","short_hit":null,"start":"(20.745, 2.0, 56.015)"}
RADIO RAY DIAGNOSTIC {"extended_hit":"(20.745, 1.378, 56.015)","finish":"(20.745, 1.45, 56.015)","part":"storm_shop_radio_service_chassis__valve_opal","short_hit":null,"start":"(20.745, 1.35, 56.015)"}
RADIO RAY DIAGNOSTIC {"extended_hit":"(20.745, 1.382, 56.015)","finish":"(20.745, 1.3, 56.015)","part":"storm_shop_radio_service_chassis__control_bakelite","short_hit":"(20.745, 1.382, 56.015)","start":"(20.745, 1.5, 56.015)"}
RADIO RAY DIAGNOSTIC {"extended_hit":"(20.745, 1.347001, 56.015)","finish":"(20.745, 1.4, 56.015)","part":"storm_shop_radio_service_chassis__control_bakelite","short_hit":"(20.745, 1.347, 56.015)","start":"(20.745, 1.25, 56.015)"}
RADIO RAY DIAGNOSTIC {"extended_hit":"(20.745, 1.350001, 56.015)","finish":"(20.745, 1.2, 56.015)","part":"storm_shop_radio_service_chassis__chassis_metal","short_hit":"(20.745, 1.35, 56.015)","start":"(20.745, 1.8, 56.015)"}
RADIO RAY DIAGNOSTIC {"extended_hit":"(20.745, 1.58, 55.915)","finish":"(20.745, 1.4, 55.915)","part":"storm_shop_radio_service_chassis__valve_opal","short_hit":null,"start":"(20.745, 2.0, 55.915)"}
RADIO RAY DIAGNOSTIC {"extended_hit":"(20.745, 1.378, 55.915)","finish":"(20.745, 1.45, 55.915)","part":"storm_shop_radio_service_chassis__valve_opal","short_hit":null,"start":"(20.745, 1.35, 55.915)"}
RADIO RAY DIAGNOSTIC {"extended_hit":"(20.745, 1.382, 55.915)","finish":"(20.745, 1.3, 55.915)","part":"storm_shop_radio_service_chassis__control_bakelite","short_hit":"(20.745, 1.382, 55.915)","start":"(20.745, 1.5, 55.915)"}
RADIO RAY DIAGNOSTIC {"extended_hit":"(20.745, 1.347001, 55.915)","finish":"(20.745, 1.4, 55.915)","part":"storm_shop_radio_service_chassis__control_bakelite","short_hit":"(20.745, 1.347, 55.915)","start":"(20.745, 1.25, 55.915)"}
RADIO RAY DIAGNOSTIC {"extended_hit":"(20.745, 1.350001, 55.915)","finish":"(20.745, 1.2, 55.915)","part":"storm_shop_radio_service_chassis__chassis_metal","short_hit":"(20.745, 1.35, 55.915)","start":"(20.745, 1.8, 55.915)"}
[HARUKIYA] OPEN, 18 fixtures
RADIO APPARATUS: checks=353 parts=12 triangles=24128 removed=96 supports=12 failures=10
