ERROR: actual valve crown keeps its original source height: storm_shop_radio_service_bench_valve0
   at: push_error (core/variant/variant_utility.cpp:1023)
   GDScript backtrace (most recent call first):
       [0] check (res://tests/orison_v2_floor_surface_test.gd:5)
       [1] check (res://tests/orison_v2_ventilation_throat_test.gd:9)
       [2] _check_apparatus_details (res://tests/orison_v2_radio_apparatus_test.gd:124)
       [3] _run (res://tests/orison_v2_radio_apparatus_test.gd:80)
ERROR: actual socket bridges the old ten-millimetre gap and bears its valve: storm_shop_radio_service_bench_valve0
   at: push_error (core/variant/variant_utility.cpp:1023)
   GDScript backtrace (most recent call first):
       [0] check (res://tests/orison_v2_floor_surface_test.gd:5)
       [1] check (res://tests/orison_v2_ventilation_throat_test.gd:9)
       [2] _check_apparatus_details (res://tests/orison_v2_radio_apparatus_test.gd:131)
       [3] _run (res://tests/orison_v2_radio_apparatus_test.gd:80)
ERROR: actual valve crown keeps its original source height: storm_shop_radio_service_bench_valve1
   at: push_error (core/variant/variant_utility.cpp:1023)
   GDScript backtrace (most recent call first):
       [0] check (res://tests/orison_v2_floor_surface_test.gd:5)
       [1] check (res://tests/orison_v2_ventilation_throat_test.gd:9)
       [2] _check_apparatus_details (res://tests/orison_v2_radio_apparatus_test.gd:124)
       [3] _run (res://tests/orison_v2_radio_apparatus_test.gd:80)
ERROR: actual socket bridges the old ten-millimetre gap and bears its valve: storm_shop_radio_service_bench_valve1
   at: push_error (core/variant/variant_utility.cpp:1023)
   GDScript backtrace (most recent call first):
       [0] check (res://tests/orison_v2_floor_surface_test.gd:5)
       [1] check (res://tests/orison_v2_ventilation_throat_test.gd:9)
       [2] _check_apparatus_details (res://tests/orison_v2_radio_apparatus_test.gd:131)
       [3] _run (res://tests/orison_v2_radio_apparatus_test.gd:80)
ERROR: actual valve crown keeps its original source height: storm_shop_radio_service_bench_valve2
   at: push_error (core/variant/variant_utility.cpp:1023)
   GDScript backtrace (most recent call first):
       [0] check (res://tests/orison_v2_floor_surface_test.gd:5)
       [1] check (res://tests/orison_v2_ventilation_throat_test.gd:9)
       [2] _check_apparatus_details (res://tests/orison_v2_radio_apparatus_test.gd:124)
       [3] _run (res://tests/orison_v2_radio_apparatus_test.gd:80)
ERROR: actual socket bridges the old ten-millimetre gap and bears its valve: storm_shop_radio_service_bench_valve2
   at: push_error (core/variant/variant_utility.cpp:1023)
   GDScript backtrace (most recent call first):
       [0] check (res://tests/orison_v2_floor_surface_test.gd:5)
       [1] check (res://tests/orison_v2_ventilation_throat_test.gd:9)
       [2] _check_apparatus_details (res://tests/orison_v2_radio_apparatus_test.gd:131)
       [3] _run (res://tests/orison_v2_radio_apparatus_test.gd:80)
ERROR: actual valve crown keeps its original source height: storm_shop_radio_service_bench_valve3
   at: push_error (core/variant/variant_utility.cpp:1023)
   GDScript backtrace (most recent call first):
       [0] check (res://tests/orison_v2_floor_surface_test.gd:5)
       [1] check (res://tests/orison_v2_ventilation_throat_test.gd:9)
       [2] _check_apparatus_details (res://tests/orison_v2_radio_apparatus_test.gd:124)
       [3] _run (res://tests/orison_v2_radio_apparatus_test.gd:80)
ERROR: actual socket bridges the old ten-millimetre gap and bears its valve: storm_shop_radio_service_bench_valve3
   at: push_error (core/variant/variant_utility.cpp:1023)
   GDScript backtrace (most recent call first):
       [0] check (res://tests/orison_v2_floor_surface_test.gd:5)
       [1] check (res://tests/orison_v2_ventilation_throat_test.gd:9)
       [2] _check_apparatus_details (res://tests/orison_v2_radio_apparatus_test.gd:131)
       [3] _run (res://tests/orison_v2_radio_apparatus_test.gd:80)
ERROR: actual valve crown keeps its original source height: storm_shop_radio_service_bench_valve4
   at: push_error (core/variant/variant_utility.cpp:1023)
   GDScript backtrace (most recent call first):
       [0] check (res://tests/orison_v2_floor_surface_test.gd:5)
       [1] check (res://tests/orison_v2_ventilation_throat_test.gd:9)
       [2] _check_apparatus_details (res://tests/orison_v2_radio_apparatus_test.gd:124)
       [3] _run (res://tests/orison_v2_radio_apparatus_test.gd:80)
ERROR: actual socket bridges the old ten-millimetre gap and bears its valve: storm_shop_radio_service_bench_valve4
   at: push_error (core/variant/variant_utility.cpp:1023)
   GDScript backtrace (most recent call first):
       [0] check (res://tests/orison_v2_floor_surface_test.gd:5)
       [1] check (res://tests/orison_v2_ventilation_throat_test.gd:9)
       [2] _check_apparatus_details (res://tests/orison_v2_radio_apparatus_test.gd:131)
       [3] _run (res://tests/orison_v2_radio_apparatus_test.gd:80)
