00:00.047  reports          | WARNING Unable to open 'C:\Users\nate_\AppData\Roaming\Blender Foundation\Blender\5.2\config\userpref.blend': Permission denied
Blender 5.2.0 LTS (hash fbe6228777e7 built 2026-07-14 01:35:40)
00:01.562  blend            | Read blend: "C:\PleaseRemainOnTheLine\tmp\v2-finish-review\radio-apparatus-stage\art\blender\radio_apparatus.blend"
C:\PleaseRemainOnTheLine\tmp\v2-finish-review\radio-apparatus-stage\art\blender\scripts\inspect_radio_apparatus.py:52: DeprecationWarning: 'World.use_nodes' is expected to be removed in Blender 6.0
  scene.world=bpy.data.worlds.new('Inspection');scene.world.use_nodes=True;scene.world.node_tree.nodes['Background'].inputs[0].default_value=(.5,.55,.6,1);scene.world.node_tree.nodes['Background'].inputs[1].default_value=.7
08:10:15 | INFO: Data are loaded, start creating Blender stuff
08:10:15 | INFO: Blender create Mesh node F01_OWN_SHOP_RADIO_SERVICE_retail_shop_radio_service_appliance-col
08:10:15 | INFO: Blender create Mesh node F01_OWN_SHOP_RADIO_SERVICE_retail_shop_radio_service_awning_vinyl-col
08:10:15 | INFO: Blender create Mesh node F01_OWN_SHOP_RADIO_SERVICE_retail_shop_radio_service_bakelite
08:10:15 | INFO: Blender create Mesh node F01_OWN_SHOP_RADIO_SERVICE_retail_shop_radio_service_bakelite_black
08:10:15 | INFO: Blender create Mesh node F01_OWN_SHOP_RADIO_SERVICE_retail_shop_radio_service_bakelite_black-col
08:10:15 | INFO: Blender create Mesh node F01_OWN_SHOP_RADIO_SERVICE_retail_shop_radio_service_brass
08:10:15 | INFO: Blender create Mesh node F01_OWN_SHOP_RADIO_SERVICE_retail_shop_radio_service_brass_bright-col
08:10:15 | INFO: Blender create Mesh node F01_OWN_SHOP_RADIO_SERVICE_retail_shop_radio_service_brass_dull-col
08:10:15 | INFO: Blender create Mesh node F01_OWN_SHOP_RADIO_SERVICE_retail_shop_radio_service_cast_iron-col
08:10:15 | INFO: Blender create Mesh node F01_OWN_SHOP_RADIO_SERVICE_retail_shop_radio_service_chrome
08:10:15 | INFO: Blender create Mesh node F01_OWN_SHOP_RADIO_SERVICE_retail_shop_radio_service_concrete-col
08:10:15 | INFO: Blender create Mesh node F01_OWN_SHOP_RADIO_SERVICE_retail_shop_radio_service_copper_aged-col
08:10:15 | INFO: Blender create Mesh node F01_OWN_SHOP_RADIO_SERVICE_retail_shop_radio_service_countertop-col
08:10:15 | INFO: Blender create Mesh node F01_OWN_SHOP_RADIO_SERVICE_retail_shop_radio_service_enamel
08:10:15 | INFO: Blender create Mesh node F01_OWN_SHOP_RADIO_SERVICE_retail_shop_radio_service_fabric_warm-col
08:10:15 | INFO: Blender create Mesh node F01_OWN_SHOP_RADIO_SERVICE_retail_shop_radio_service_fx_shadow
08:10:15 | INFO: Blender create Mesh node F01_OWN_SHOP_RADIO_SERVICE_retail_shop_radio_service_glassish-col
08:10:15 | INFO: Blender create Mesh node F01_OWN_SHOP_RADIO_SERVICE_retail_shop_radio_service_hull-colonly
08:10:15 | INFO: Blender create Mesh node F01_OWN_SHOP_RADIO_SERVICE_retail_shop_radio_service_linoleum-col
08:10:15 | INFO: Blender create Mesh node F01_OWN_SHOP_RADIO_SERVICE_retail_shop_radio_service_metal-col
08:10:15 | INFO: Blender create Mesh node F01_OWN_SHOP_RADIO_SERVICE_retail_shop_radio_service_milk_glass
08:10:15 | INFO: Blender create Mesh node F01_OWN_SHOP_RADIO_SERVICE_retail_shop_radio_service_milk_glass-col
08:10:15 | INFO: Blender create Mesh node F01_OWN_SHOP_RADIO_SERVICE_retail_shop_radio_service_nickel_plated-col
08:10:15 | INFO: Blender create Mesh node F01_OWN_SHOP_RADIO_SERVICE_retail_shop_radio_service_paper-col
08:10:15 | INFO: Blender create Mesh node F01_OWN_SHOP_RADIO_SERVICE_retail_shop_radio_service_plaster-col
08:10:15 | INFO: Blender create Mesh node F01_OWN_SHOP_RADIO_SERVICE_retail_shop_radio_service_plaster_stained-col
08:10:15 | INFO: Blender create Mesh node F01_OWN_SHOP_RADIO_SERVICE_retail_shop_radio_service_plywood-col
08:10:15 | INFO: Blender create Mesh node F01_OWN_SHOP_RADIO_SERVICE_retail_shop_radio_service_screen
08:10:15 | INFO: Blender create Mesh node F01_OWN_SHOP_RADIO_SERVICE_retail_shop_radio_service_screen-col
08:10:15 | INFO: Blender create Mesh node F01_OWN_SHOP_RADIO_SERVICE_retail_shop_radio_service_stairwell_teal-col
08:10:15 | INFO: Blender create Mesh node F01_OWN_SHOP_RADIO_SERVICE_retail_shop_radio_service_terracotta
08:10:15 | INFO: Blender create Mesh node F01_OWN_SHOP_RADIO_SERVICE_retail_shop_radio_service_timber-col
08:10:15 | INFO: Blender create Mesh node F01_OWN_SHOP_RADIO_SERVICE_retail_shop_radio_service_trim-col
08:10:15 | INFO: Blender create Mesh node F01_OWN_SHOP_RADIO_SERVICE_retail_shop_radio_service_wainscot-col
08:10:15 | INFO: Blender create Mesh node F01_OWN_SHOP_RADIO_SERVICE_retail_shop_radio_service_wood_dark-col
08:10:15 | INFO: Blender create Mesh node F01_OWN_SHOP_RADIO_SERVICE_wear_fx_scuff
08:10:15 | INFO: glTF import finished in 0.12s
08:10:15 | INFO: Data are loaded, start creating Blender stuff
08:10:15 | INFO: Blender create Mesh node storm_shop_radio_service_bench__bench_frame
08:10:15 | INFO: Blender create Mesh node storm_shop_radio_service_bench__bench_top
08:10:15 | INFO: glTF import finished in 0.03s
Traceback (most recent call last):
  File "C:\PleaseRemainOnTheLine\tmp\v2-finish-review\radio-apparatus-stage\art\blender\scripts\inspect_radio_apparatus.py", line 124, in <module>
    assert not intersections,intersections[:20]
           ^^^^^^^^^^^^^^^^^
AssertionError: [{'native': 'storm_shop_radio_service_scope__control_nickel', 'context': 'F01_OWN_SHOP_RADIO_SERVICE_retail_shop_radio_service_screen-col', 'native_face': 192, 'context_face': 8}, {'native': 'storm_shop_radio_service_scope__control_nickel', 'context': 'F01_OWN_SHOP_RADIO_SERVICE_retail_shop_radio_service_screen-col', 'native_face': 192, 'context_face': 9}, {'native': 'storm_shop_radio_service_scope__control_nickel', 'context': 'F01_OWN_SHOP_RADIO_SERVICE_retail_shop_radio_service_screen-col', 'native_face': 192, 'context_face': 5}, {'native': 'storm_shop_radio_service_scope__control_nickel', 'context': 'F01_OWN_SHOP_RADIO_SERVICE_retail_shop_radio_service_screen-col', 'native_face': 192, 'context_face': 4}, {'native': 'storm_shop_radio_service_scope__control_nickel', 'context': 'F01_OWN_SHOP_RADIO_SERVICE_retail_shop_radio_service_screen-col', 'native_face': 192, 'context_face': 0}, {'native': 'storm_shop_radio_service_scope__control_nickel', 'context': 'F01_OWN_SHOP_RADIO_SERVICE_retail_shop_radio_service_screen-col', 'native_face': 192, 'context_face': 1}, {'native': 'storm_shop_radio_service_scope__control_nickel', 'context': 'F01_OWN_SHOP_RADIO_SERVICE_retail_shop_radio_service_screen-col', 'native_face': 636, 'context_face': 9}, {'native': 'storm_shop_radio_service_scope__control_nickel', 'context': 'F01_OWN_SHOP_RADIO_SERVICE_retail_shop_radio_service_screen-col', 'native_face': 636, 'context_face': 3}, {'native': 'storm_shop_radio_service_scope__control_nickel', 'context': 'F01_OWN_SHOP_RADIO_SERVICE_retail_shop_radio_service_screen-col', 'native_face': 95, 'context_face': 8}, {'native': 'storm_shop_radio_service_scope__control_nickel', 'context': 'F01_OWN_SHOP_RADIO_SERVICE_retail_shop_radio_service_screen-col', 'native_face': 95, 'context_face': 0}, {'native': 'storm_shop_radio_service_scope__control_nickel', 'context': 'F01_OWN_SHOP_RADIO_SERVICE_retail_shop_radio_service_screen-col', 'native_face': 95, 'context_face': 3}, {'native': 'storm_shop_radio_service_scope__control_nickel', 'context': 'F01_OWN_SHOP_RADIO_SERVICE_retail_shop_radio_service_screen-col', 'native_face': 547, 'context_face': 8}, {'native': 'storm_shop_radio_service_scope__control_nickel', 'context': 'F01_OWN_SHOP_RADIO_SERVICE_retail_shop_radio_service_screen-col', 'native_face': 547, 'context_face': 9}, {'native': 'storm_shop_radio_service_scope__control_nickel', 'context': 'F01_OWN_SHOP_RADIO_SERVICE_retail_shop_radio_service_screen-col', 'native_face': 547, 'context_face': 3}]

Error: script failed, file: 'C:/PleaseRemainOnTheLine/tmp/v2-finish-review/radio-apparatus-stage/art/blender/scripts/inspect_radio_apparatus.py', exiting.

Blender quit
