FABRICATION STAGE: art/blender/scripts/build_task_lamps.py
C:\PleaseRemainOnTheLine\art\blender\scripts\build_task_lamps.py:66: DeprecationWarning: 'Material.use_nodes' is expected to be removed in Blender 6.0
  mat=bpy.data.materials.new(key);mat.use_nodes=True;materials[key]=mat
Info: Saved as "task_lamps.blend"
INFO Draco is available, use library at C:\Program Files\Blender Foundation\Blender 5.2\5.2\scripts\addons_core\io_scene_gltf2\bf_intern_draco_bridge.dll
INFO MeshOptimizer is available, use library at C:\Program Files\Blender Foundation\Blender 5.2\5.2\scripts\addons_core\io_scene_gltf2\bf_intern_meshopt_bridge.dll
18:00:08 | INFO: Starting glTF 2.0 export
18:00:08 | INFO: Extracting primitive: TaskLamp_architect_counterweight__bakelite
18:00:08 | INFO: Primitives created: 1
18:00:08 | INFO: Extracting primitive: TaskLamp_architect_counterweight__bulb_opal
18:00:08 | INFO: Primitives created: 1
18:00:08 | INFO: Extracting primitive: TaskLamp_architect_counterweight__iron_blackened
18:00:08 | INFO: Primitives created: 1
18:00:08 | INFO: Extracting primitive: TaskLamp_architect_counterweight__nickel_plated
18:00:08 | INFO: Primitives created: 1
18:00:08 | INFO: Extracting primitive: TaskLamp_architect_counterweight__rubber_aged
18:00:08 | INFO: Primitives created: 1
18:00:08 | INFO: Extracting primitive: TaskLamp_architect_counterweight__switch_bakelite
18:00:08 | INFO: Primitives created: 1
18:00:08 | INFO: Extracting primitive: TaskLamp_architect_counterweight__wood_dark
18:00:08 | INFO: Primitives created: 1
18:00:08 | INFO: Extracting primitive: TaskLamp_bench_friction__bakelite
18:00:08 | INFO: Primitives created: 1
18:00:08 | INFO: Extracting primitive: TaskLamp_bench_friction__bulb_opal
18:00:08 | INFO: Primitives created: 1
18:00:08 | INFO: Extracting primitive: TaskLamp_bench_friction__iron_blackened
18:00:08 | INFO: Primitives created: 1
18:00:08 | INFO: Extracting primitive: TaskLamp_bench_friction__nickel_plated
18:00:08 | INFO: Primitives created: 1
18:00:08 | INFO: Extracting primitive: TaskLamp_bench_friction__rubber_aged
18:00:08 | INFO: Primitives created: 1
18:00:08 | INFO: Extracting primitive: TaskLamp_bench_friction__switch_bakelite
18:00:08 | INFO: Primitives created: 1
18:00:08 | INFO: Extracting primitive: TaskLamp_emeralite__bakelite
18:00:08 | INFO: Primitives created: 1
18:00:08 | INFO: Extracting primitive: TaskLamp_emeralite__brass
18:00:08 | INFO: Primitives created: 1
18:00:08 | INFO: Extracting primitive: TaskLamp_emeralite__bulb_opal
18:00:08 | INFO: Primitives created: 1
18:00:08 | INFO: Extracting primitive: TaskLamp_emeralite__green_glass
18:00:08 | INFO: Primitives created: 1
18:00:08 | INFO: Extracting primitive: TaskLamp_emeralite__nickel_plated
18:00:08 | INFO: Primitives created: 1
18:00:08 | INFO: Extracting primitive: TaskLamp_emeralite__rubber_aged
18:00:08 | INFO: Primitives created: 1
18:00:08 | INFO: Extracting primitive: TaskLamp_emeralite__switch_bakelite
18:00:08 | INFO: Primitives created: 1
18:00:08 | INFO: Extracting primitive: TaskLamp_landlord_enamel__bakelite
18:00:08 | INFO: Primitives created: 1
18:00:08 | INFO: Extracting primitive: TaskLamp_landlord_enamel__bulb_opal
18:00:08 | INFO: Primitives created: 1
18:00:08 | INFO: Extracting primitive: TaskLamp_landlord_enamel__enamel
18:00:08 | INFO: Primitives created: 1
18:00:08 | INFO: Extracting primitive: TaskLamp_landlord_enamel__iron_blackened
18:00:08 | INFO: Primitives created: 1
18:00:08 | INFO: Extracting primitive: TaskLamp_landlord_enamel__nickel_plated
18:00:08 | INFO: Primitives created: 1
18:00:08 | INFO: Extracting primitive: TaskLamp_landlord_enamel__rubber_aged
18:00:08 | INFO: Primitives created: 1
18:00:08 | INFO: Extracting primitive: TaskLamp_landlord_enamel__switch_bakelite
18:00:08 | INFO: Primitives created: 1
18:00:08 | INFO: Extracting primitive: TaskLamp_office_green__bakelite
18:00:08 | INFO: Primitives created: 1
18:00:08 | INFO: Extracting primitive: TaskLamp_office_green__brass
18:00:08 | INFO: Primitives created: 1
18:00:08 | INFO: Extracting primitive: TaskLamp_office_green__bulb_opal
18:00:08 | INFO: Primitives created: 1
18:00:08 | INFO: Extracting primitive: TaskLamp_office_green__green_glass
18:00:08 | INFO: Primitives created: 1
18:00:08 | INFO: Extracting primitive: TaskLamp_office_green__nickel_plated
18:00:08 | INFO: Primitives created: 1
18:00:08 | INFO: Extracting primitive: TaskLamp_office_green__rubber_aged
18:00:08 | INFO: Primitives created: 1
18:00:08 | INFO: Extracting primitive: TaskLamp_office_green__switch_bakelite
18:00:08 | INFO: Primitives created: 1
18:00:08 | INFO: Finished glTF 2.0 export in 0.1533679962158203 s

TASK LAMPS 5 original records; 5 assemblies; 206 closed stocks; 34 parts; 61596 triangles; 15 foot contacts
FABRICATION STAGE: art/blender/scripts/build_signal_terminal.py
C:\PleaseRemainOnTheLine\art\blender\scripts\build_signal_terminal.py:73: DeprecationWarning: 'Material.use_nodes' is expected to be removed in Blender 6.0
  mat=bpy.data.materials.new(key);mat.use_nodes=True;materials[key]=mat
Info: Saved as "signal_terminal.blend"
18:00:09 | INFO: Starting glTF 2.0 export
18:00:09 | INFO: Extracting primitive: VantryFixed__bakelite
18:00:09 | INFO: Primitives created: 1
18:00:09 | INFO: Extracting primitive: VantryFixed__brass_dull
18:00:09 | INFO: Primitives created: 1
18:00:09 | INFO: Extracting primitive: VantryFixed__copper_aged
18:00:09 | INFO: Primitives created: 1
18:00:09 | INFO: Extracting primitive: VantryFixed__nickel_plated
18:00:09 | INFO: Primitives created: 1
18:00:09 | INFO: Extracting primitive: VantryFixed__wood_dark
18:00:09 | INFO: Primitives created: 1
18:00:09 | INFO: Finished glTF 2.0 export in 0.03977084159851074 s

SURFACE STOCK 1 original records; 1 assemblies; 86 closed stocks; 5 parts; 19944 triangles; 4 foot contacts
FABRICATION STAGE: art/blender/scripts/inspect_signal_terminal.py
00:03.953  blend            | Read blend: "C:\PleaseRemainOnTheLine\art\blender\signal_terminal.blend"
SURFACE STOCK LOCAL: 86 closed stocks; 1 physical groups; 4 local bearings; 5 mapped parts
FABRICATION STAGE: art/blender/scripts/inspect_signal_terminal_context.py
00:04.625  blend            | Read blend: "C:\PleaseRemainOnTheLine\art\blender\signal_terminal.blend"
SIGNAL TERMINAL CONTEXT: 4 desktop bearings; native lamp clear
FABRICATION STAGE: art/blender/scripts/render_signal_terminal.py
00:04.734  blend            | Read blend: "C:\PleaseRemainOnTheLine\art\blender\signal_terminal.blend"
C:\PleaseRemainOnTheLine\art\blender\scripts\render_signal_terminal.py:10: DeprecationWarning: 'World.use_nodes' is expected to be removed in Blender 6.0
  scene.world=bpy.data.worlds.new('Neutral inspection');scene.world.use_nodes=True;scene.world.node_tree.nodes['Background'].inputs[0].default_value=(.55,.60,.65,1);scene.world.node_tree.nodes['Background'].inputs[1].default_value=.6
C:\PleaseRemainOnTheLine\art\blender\scripts\render_signal_terminal.py:13: DeprecationWarning: 'Material.use_nodes' is expected to be removed in Blender 6.0
  bpy.ops.mesh.primitive_plane_add(size=10,location=(0,0,-.00004));plane=bpy.context.object;material=bpy.data.materials.new('Review ground');material.diffuse_color=(.23,.25,.26,1);material.use_nodes=True;material.node_tree.nodes['Principled BSDF'].inputs['Base Color'].default_value=(.23,.25,.26,1);material.node_tree.nodes['Principled BSDF'].inputs['Roughness'].default_value=.75;plane.data.materials.append(material)
00:08.671  render           | Saved: 'C:\PleaseRemainOnTheLine\tmp\v2-finish-review\signal-terminal-native\VantryFixed.png'
FABRICATION STAGE: art/blender/scripts/build_surface_stock.py
C:\PleaseRemainOnTheLine\art\blender\scripts\build_surface_stock.py:70: DeprecationWarning: 'Material.use_nodes' is expected to be removed in Blender 6.0
  mat=bpy.data.materials.new(key);mat.use_nodes=True;materials[key]=mat
Info: Saved as "surface_stock.blend"
18:00:34 | INFO: Starting glTF 2.0 export
18:00:34 | INFO: Extracting primitive: 2A_k_kdishrack__nickel_plated
18:00:34 | INFO: Primitives created: 1
18:00:34 | INFO: Extracting primitive: 2A_k_kdishrack__porcelain
18:00:34 | INFO: Primitives created: 1
18:00:34 | INFO: Extracting primitive: 2A_k_kdishrack__rubber_aged
18:00:34 | INFO: Primitives created: 1
18:00:34 | INFO: Extracting primitive: 2A_k_kmug__porcelain
18:00:34 | INFO: Primitives created: 1
18:00:34 | INFO: Extracting primitive: 2A_mug__porcelain
18:00:34 | INFO: Primitives created: 1
18:00:34 | INFO: Extracting primitive: 2A_papers__paper
18:00:34 | INFO: Primitives created: 1
18:00:34 | INFO: Extracting primitive: 2A_phones__bakelite
18:00:34 | INFO: Primitives created: 1
18:00:34 | INFO: Extracting primitive: 2A_phones__nickel_plated
18:00:34 | INFO: Primitives created: 1
18:00:34 | INFO: Extracting primitive: 2A_phones__rubber_aged
18:00:34 | INFO: Primitives created: 1
18:00:34 | INFO: Extracting primitive: 2A_phones__wood_dark
18:00:34 | INFO: Primitives created: 1
18:00:34 | INFO: Extracting primitive: 2B_k_kdishrack__nickel_plated
18:00:34 | INFO: Primitives created: 1
18:00:34 | INFO: Extracting primitive: 2B_k_kdishrack__porcelain
18:00:34 | INFO: Primitives created: 1
18:00:34 | INFO: Extracting primitive: 2B_k_kdishrack__rubber_aged
18:00:34 | INFO: Primitives created: 1
18:00:34 | INFO: Extracting primitive: 2B_k_kmug__porcelain
18:00:34 | INFO: Primitives created: 1
18:00:34 | INFO: Extracting primitive: 2B_story_notions__bakelite
18:00:34 | INFO: Primitives created: 1
18:00:34 | INFO: Extracting primitive: 2B_story_notions__brass
18:00:34 | INFO: Primitives created: 1
18:00:34 | INFO: Extracting primitive: 2B_story_notions__chrome
18:00:34 | INFO: Primitives created: 1
18:00:34 | INFO: Extracting primitive: 2B_story_notions__glassish
18:00:34 | INFO: Primitives created: 1
18:00:34 | INFO: Extracting primitive: 2B_story_notions__metal
18:00:34 | INFO: Primitives created: 1
18:00:34 | INFO: Extracting primitive: 2B_story_patterns__paper
18:00:34 | INFO: Primitives created: 1
18:00:34 | INFO: Extracting primitive: 3A_k_kdishrack__nickel_plated
18:00:34 | INFO: Primitives created: 1
18:00:34 | INFO: Extracting primitive: 3A_k_kdishrack__porcelain
18:00:34 | INFO: Primitives created: 1
18:00:34 | INFO: Extracting primitive: 3A_k_kdishrack__rubber_aged
18:00:34 | INFO: Primitives created: 1
18:00:34 | INFO: Extracting primitive: 3A_k_kmug__porcelain
18:00:34 | INFO: Primitives created: 1
18:00:34 | INFO: Extracting primitive: 3A_story_cuttings__glassish
18:00:34 | INFO: Primitives created: 1
18:00:34 | INFO: Extracting primitive: 3A_story_seed_jars__bakelite
18:00:34 | INFO: Primitives created: 1
18:00:34 | INFO: Extracting primitive: 3A_story_seed_jars__brass
18:00:34 | INFO: Primitives created: 1
18:00:34 | INFO: Extracting primitive: 3A_story_seed_jars__chrome
18:00:34 | INFO: Primitives created: 1
18:00:34 | INFO: Extracting primitive: 3A_story_seed_jars__glassish
18:00:34 | INFO: Primitives created: 1
18:00:34 | INFO: Extracting primitive: 3A_story_seed_jars__metal
18:00:34 | INFO: Primitives created: 1
18:00:34 | INFO: Extracting primitive: 3B_coil__rubber_aged
18:00:34 | INFO: Primitives created: 1
18:00:34 | INFO: Extracting primitive: 3B_jars__bakelite
18:00:34 | INFO: Primitives created: 1
18:00:34 | INFO: Extracting primitive: 3B_jars__brass
18:00:34 | INFO: Primitives created: 1
18:00:34 | INFO: Extracting primitive: 3B_jars__chrome
18:00:35 | INFO: Primitives created: 1
18:00:35 | INFO: Extracting primitive: 3B_jars__glassish
18:00:35 | INFO: Primitives created: 1
18:00:35 | INFO: Extracting primitive: 3B_jars__metal
18:00:35 | INFO: Primitives created: 1
18:00:35 | INFO: Extracting primitive: 3B_k_kdishrack__nickel_plated
18:00:35 | INFO: Primitives created: 1
18:00:35 | INFO: Extracting primitive: 3B_k_kdishrack__porcelain
18:00:35 | INFO: Primitives created: 1
18:00:35 | INFO: Extracting primitive: 3B_k_kdishrack__rubber_aged
18:00:35 | INFO: Primitives created: 1
18:00:35 | INFO: Extracting primitive: 3B_k_kmug__porcelain
18:00:35 | INFO: Primitives created: 1
18:00:35 | INFO: Extracting primitive: 3B_manuals__book_brown
18:00:35 | INFO: Primitives created: 1
18:00:35 | INFO: Extracting primitive: 3B_manuals__book_navy
18:00:35 | INFO: Primitives created: 1
18:00:35 | INFO: Extracting primitive: 3B_manuals__book_ochre
18:00:35 | INFO: Primitives created: 1
18:00:35 | INFO: Extracting primitive: 3B_manuals__book_teal
18:00:35 | INFO: Primitives created: 1
18:00:35 | INFO: Extracting primitive: 3B_manuals__paper
18:00:35 | INFO: Primitives created: 1
18:00:35 | INFO: Extracting primitive: 3B_mug__enamel
18:00:35 | INFO: Primitives created: 1
18:00:35 | INFO: Extracting primitive: 3B_tray1__bakelite
18:00:35 | INFO: Primitives created: 1
18:00:35 | INFO: Extracting primitive: 3B_tray1__brass
18:00:35 | INFO: Primitives created: 1
18:00:35 | INFO: Extracting primitive: 3B_tray1__chrome
18:00:35 | INFO: Primitives created: 1
18:00:35 | INFO: Extracting primitive: 3B_tray1__glassish
18:00:35 | INFO: Primitives created: 1
18:00:35 | INFO: Extracting primitive: 3B_tray1__metal
18:00:35 | INFO: Primitives created: 1
18:00:35 | INFO: Extracting primitive: 3B_tray1__nickel_plated
18:00:35 | INFO: Primitives created: 1
18:00:35 | INFO: Extracting primitive: 3B_tray2__bakelite
18:00:35 | INFO: Primitives created: 1
18:00:35 | INFO: Extracting primitive: 3B_tray2__brass
18:00:35 | INFO: Primitives created: 1
18:00:35 | INFO: Extracting primitive: 3B_tray2__chrome
18:00:35 | INFO: Primitives created: 1
18:00:35 | INFO: Extracting primitive: 3B_tray2__metal
18:00:35 | INFO: Primitives created: 1
18:00:35 | INFO: Extracting primitive: 4A_k_kdishrack__nickel_plated
18:00:35 | INFO: Primitives created: 1
18:00:35 | INFO: Extracting primitive: 4A_k_kdishrack__porcelain
18:00:35 | INFO: Primitives created: 1
18:00:35 | INFO: Extracting primitive: 4A_k_kdishrack__rubber_aged
18:00:35 | INFO: Primitives created: 1
18:00:35 | INFO: Extracting primitive: 4A_k_kmug__porcelain
18:00:35 | INFO: Primitives created: 1
18:00:35 | INFO: Extracting primitive: 4A_story_briefs__paper
18:00:35 | INFO: Primitives created: 1
18:00:35 | INFO: Extracting primitive: 4B_dishrack__nickel_plated
18:00:35 | INFO: Primitives created: 1
18:00:35 | INFO: Extracting primitive: 4B_dishrack__porcelain
18:00:35 | INFO: Primitives created: 1
18:00:35 | INFO: Extracting primitive: 4B_dishrack__rubber_aged
18:00:35 | INFO: Primitives created: 1
18:00:35 | INFO: Extracting primitive: 4B_mug__porcelain
18:00:35 | INFO: Primitives created: 1
18:00:35 | INFO: Extracting primitive: 5A_k_kdishrack__nickel_plated
18:00:35 | INFO: Primitives created: 1
18:00:35 | INFO: Extracting primitive: 5A_k_kdishrack__porcelain
18:00:35 | INFO: Primitives created: 1
18:00:35 | INFO: Extracting primitive: 5A_k_kdishrack__rubber_aged
18:00:35 | INFO: Primitives created: 1
18:00:35 | INFO: Extracting primitive: 5A_k_kmug__porcelain
18:00:35 | INFO: Primitives created: 1
18:00:35 | INFO: Extracting primitive: 5A_model__paper
18:00:35 | INFO: Primitives created: 1
18:00:35 | INFO: Extracting primitive: 5A_model__plywood
18:00:35 | INFO: Primitives created: 1
18:00:35 | INFO: Extracting primitive: 5A_model__timber
18:00:35 | INFO: Primitives created: 1
18:00:35 | INFO: Extracting primitive: 5A_model__trim
18:00:35 | INFO: Primitives created: 1
18:00:35 | INFO: Extracting primitive: 5A_mug1__porcelain
18:00:35 | INFO: Primitives created: 1
18:00:35 | INFO: Extracting primitive: 5A_mug2__enamel
18:00:35 | INFO: Primitives created: 1
18:00:35 | INFO: Extracting primitive: 5A_papers1__paper
18:00:35 | INFO: Primitives created: 1
18:00:35 | INFO: Extracting primitive: 5A_papers2__paper
18:00:35 | INFO: Primitives created: 1
18:00:35 | INFO: Extracting primitive: 5B_k_kdishrack__nickel_plated
18:00:35 | INFO: Primitives created: 1
18:00:35 | INFO: Extracting primitive: 5B_k_kdishrack__porcelain
18:00:35 | INFO: Primitives created: 1
18:00:35 | INFO: Extracting primitive: 5B_k_kdishrack__rubber_aged
18:00:35 | INFO: Primitives created: 1
18:00:35 | INFO: Extracting primitive: 5B_k_kmug__porcelain
18:00:35 | INFO: Primitives created: 1
18:00:35 | INFO: Extracting primitive: 5B_story_headphones__bakelite
18:00:35 | INFO: Primitives created: 1
18:00:35 | INFO: Extracting primitive: 5B_story_headphones__nickel_plated
18:00:35 | INFO: Primitives created: 1
18:00:35 | INFO: Extracting primitive: 5B_story_headphones__rubber_aged
18:00:35 | INFO: Primitives created: 1
18:00:35 | INFO: Extracting primitive: 5B_story_headphones__wood_dark
18:00:35 | INFO: Primitives created: 1
18:00:35 | INFO: Extracting primitive: 5B_story_lead__rubber_aged
18:00:35 | INFO: Primitives created: 1
18:00:35 | INFO: Extracting primitive: 5C_k_kdishrack__nickel_plated
18:00:35 | INFO: Primitives created: 1
18:00:35 | INFO: Extracting primitive: 5C_k_kdishrack__porcelain
18:00:35 | INFO: Primitives created: 1
18:00:35 | INFO: Extracting primitive: 5C_k_kdishrack__rubber_aged
18:00:35 | INFO: Primitives created: 1
18:00:35 | INFO: Extracting primitive: 5C_k_kmug__porcelain
18:00:35 | INFO: Primitives created: 1
18:00:35 | INFO: Extracting primitive: 5C_story_solvents__glassish
18:00:35 | INFO: Primitives created: 1
18:00:35 | INFO: Extracting primitive: 5C_story_studies__paper
18:00:35 | INFO: Primitives created: 1
18:00:35 | INFO: Extracting primitive: 6A_cans__metal
18:00:35 | INFO: Primitives created: 1
18:00:35 | INFO: Extracting primitive: 6A_detail_capture_mug__ceramic
18:00:35 | INFO: Primitives created: 1
18:00:35 | INFO: Extracting primitive: 6A_detail_capture_papers__paper
18:00:35 | INFO: Primitives created: 1
18:00:35 | INFO: Extracting primitive: 6A_k_kdishrack__nickel_plated
18:00:35 | INFO: Primitives created: 1
18:00:35 | INFO: Extracting primitive: 6A_k_kdishrack__porcelain
18:00:35 | INFO: Primitives created: 1
18:00:35 | INFO: Extracting primitive: 6A_k_kdishrack__rubber_aged
18:00:35 | INFO: Primitives created: 1
18:00:35 | INFO: Extracting primitive: 6A_k_kmug__porcelain
18:00:35 | INFO: Primitives created: 1
18:00:35 | INFO: Extracting primitive: 6A_phones__bakelite
18:00:35 | INFO: Primitives created: 1
18:00:35 | INFO: Extracting primitive: 6A_phones__nickel_plated
18:00:35 | INFO: Primitives created: 1
18:00:35 | INFO: Extracting primitive: 6A_phones__rubber_aged
18:00:35 | INFO: Primitives created: 1
18:00:35 | INFO: Extracting primitive: 6A_phones__wood_dark
18:00:35 | INFO: Primitives created: 1
18:00:35 | INFO: Extracting primitive: 6B_k_kdishrack__nickel_plated
18:00:35 | INFO: Primitives created: 1
18:00:35 | INFO: Extracting primitive: 6B_k_kdishrack__porcelain
18:00:35 | INFO: Primitives created: 1
18:00:35 | INFO: Extracting primitive: 6B_k_kdishrack__rubber_aged
18:00:35 | INFO: Primitives created: 1
18:00:35 | INFO: Extracting primitive: 6B_k_kmug__porcelain
18:00:35 | INFO: Primitives created: 1
18:00:35 | INFO: Extracting primitive: 6B_story_cold_coffee__ceramic
18:00:35 | INFO: Primitives created: 1
18:00:35 | INFO: Extracting primitive: 6B_story_draft__paper
18:00:35 | INFO: Primitives created: 1
18:00:35 | INFO: Extracting primitive: 6B_story_references__book_brown
18:00:35 | INFO: Primitives created: 1
18:00:35 | INFO: Extracting primitive: 6B_story_references__book_burgundy
18:00:35 | INFO: Primitives created: 1
18:00:35 | INFO: Extracting primitive: 6B_story_references__book_green
18:00:35 | INFO: Primitives created: 1
18:00:35 | INFO: Extracting primitive: 6B_story_references__book_navy
18:00:35 | INFO: Primitives created: 1
18:00:35 | INFO: Extracting primitive: 6B_story_references__book_ochre
18:00:35 | INFO: Primitives created: 1
18:00:35 | INFO: Extracting primitive: 6B_story_references__book_teal
18:00:35 | INFO: Primitives created: 1
18:00:35 | INFO: Extracting primitive: 6B_story_references__paper
18:00:35 | INFO: Primitives created: 1
18:00:35 | INFO: Extracting primitive: 6C_k_kdishrack__nickel_plated
18:00:35 | INFO: Primitives created: 1
18:00:35 | INFO: Extracting primitive: 6C_k_kdishrack__porcelain
18:00:35 | INFO: Primitives created: 1
18:00:35 | INFO: Extracting primitive: 6C_k_kdishrack__rubber_aged
18:00:35 | INFO: Primitives created: 1
18:00:35 | INFO: Extracting primitive: 6C_story_catalogues__book_brown
18:00:35 | INFO: Primitives created: 1
18:00:35 | INFO: Extracting primitive: 6C_story_catalogues__book_green
18:00:35 | INFO: Primitives created: 1
18:00:35 | INFO: Extracting primitive: 6C_story_catalogues__book_navy
18:00:35 | INFO: Primitives created: 1
18:00:35 | INFO: Extracting primitive: 6C_story_catalogues__book_ochre
18:00:35 | INFO: Primitives created: 1
18:00:35 | INFO: Extracting primitive: 6C_story_catalogues__book_teal
18:00:35 | INFO: Primitives created: 1
18:00:35 | INFO: Extracting primitive: 6C_story_catalogues__paper
18:00:35 | INFO: Primitives created: 1
18:00:35 | INFO: Extracting primitive: 6C_story_oddments__bakelite
18:00:35 | INFO: Primitives created: 1
18:00:35 | INFO: Extracting primitive: 6C_story_oddments__brass
18:00:35 | INFO: Primitives created: 1
18:00:35 | INFO: Extracting primitive: 6C_story_oddments__chrome
18:00:35 | INFO: Primitives created: 1
18:00:35 | INFO: Extracting primitive: 6C_story_oddments__glassish
18:00:35 | INFO: Primitives created: 1
18:00:35 | INFO: Extracting primitive: 6C_story_oddments__metal
18:00:35 | INFO: Primitives created: 1
18:00:35 | INFO: Finished glTF 2.0 export in 1.086918592453003 s

SURFACE STOCK 55 original records; 55 assemblies; 1171 closed stocks; 130 parts; 520548 triangles; 129 foot contacts
FABRICATION STAGE: art/blender/scripts/inspect_surface_stock.py
00:30.875  blend            | Read blend: "C:\PleaseRemainOnTheLine\art\blender\surface_stock.blend"
SURFACE STOCK LOCAL: 1171 closed stocks; 85 physical groups; 129 local bearings; 130 mapped parts
FABRICATION STAGE: art/blender/scripts/inspect_surface_stock_context.py
00:39.140  blend            | Read blend: "C:\PleaseRemainOnTheLine\art\blender\surface_stock.blend"
SURFACE STOCK CONTEXT: 129 bearings; 26 support actors
FABRICATION STAGE: art/blender/scripts/inspect_task_lamps.py
00:40.156  blend            | Read blend: "C:\PleaseRemainOnTheLine\art\blender\task_lamps.blend"
C:\PleaseRemainOnTheLine\art\blender\scripts\inspect_task_lamps.py:74: DeprecationWarning: 'World.use_nodes' is expected to be removed in Blender 6.0
  scene.world=bpy.data.worlds.new('Neutral inspection');scene.world.use_nodes=True
00:43.343  render           | Saved: 'C:\PleaseRemainOnTheLine\tmp\v2-finish-review\task-lamps-native\emeralite_front.png'
00:45.406  render           | Saved: 'C:\PleaseRemainOnTheLine\tmp\v2-finish-review\task-lamps-native\emeralite_rear.png'
00:47.562  render           | Saved: 'C:\PleaseRemainOnTheLine\tmp\v2-finish-review\task-lamps-native\office_green_front.png'
00:49.734  render           | Saved: 'C:\PleaseRemainOnTheLine\tmp\v2-finish-review\task-lamps-native\office_green_rear.png'
00:51.921  render           | Saved: 'C:\PleaseRemainOnTheLine\tmp\v2-finish-review\task-lamps-native\bench_friction_front.png'
00:54.109  render           | Saved: 'C:\PleaseRemainOnTheLine\tmp\v2-finish-review\task-lamps-native\bench_friction_rear.png'
00:56.375  render           | Saved: 'C:\PleaseRemainOnTheLine\tmp\v2-finish-review\task-lamps-native\landlord_enamel_front.png'
00:58.609  render           | Saved: 'C:\PleaseRemainOnTheLine\tmp\v2-finish-review\task-lamps-native\landlord_enamel_rear.png'
01:00.609  render           | Saved: 'C:\PleaseRemainOnTheLine\tmp\v2-finish-review\task-lamps-native\architect_counterweight_front.png'
01:02.546  render           | Saved: 'C:\PleaseRemainOnTheLine\tmp\v2-finish-review\task-lamps-native\architect_counterweight_rear.png'
TASK LAMPS NATIVE 206 closed stocks; 5 joined variants; 15 base probes; 10 views
{"completed_stages": 9, "elapsed_s": 61.175}
Blender 5.2.0 LTS (hash fbe6228777e7 built 2026-07-14 01:35:40)

Blender quit
