FABRICATION STAGE: art/blender/scripts/build_signal_terminal.py
C:\PleaseRemainOnTheLine\art\blender\scripts\build_signal_terminal.py:73: DeprecationWarning: 'Material.use_nodes' is expected to be removed in Blender 6.0
  mat=bpy.data.materials.new(key);mat.use_nodes=True;materials[key]=mat
Info: Saved as "signal_terminal.blend"
INFO Draco is available, use library at C:\Program Files\Blender Foundation\Blender 5.2\5.2\scripts\addons_core\io_scene_gltf2\bf_intern_draco_bridge.dll
INFO MeshOptimizer is available, use library at C:\Program Files\Blender Foundation\Blender 5.2\5.2\scripts\addons_core\io_scene_gltf2\bf_intern_meshopt_bridge.dll
17:56:47 | INFO: Starting glTF 2.0 export
17:56:47 | INFO: Extracting primitive: VantryFixed__bakelite
17:56:47 | INFO: Primitives created: 1
17:56:47 | INFO: Extracting primitive: VantryFixed__brass_dull
17:56:47 | INFO: Primitives created: 1
17:56:47 | INFO: Extracting primitive: VantryFixed__copper_aged
17:56:47 | INFO: Primitives created: 1
17:56:47 | INFO: Extracting primitive: VantryFixed__nickel_plated
17:56:47 | INFO: Primitives created: 1
17:56:47 | INFO: Extracting primitive: VantryFixed__wood_dark
17:56:47 | INFO: Primitives created: 1
17:56:47 | INFO: Finished glTF 2.0 export in 0.04037141799926758 s

SURFACE STOCK 1 original records; 1 assemblies; 86 closed stocks; 5 parts; 19944 triangles; 4 foot contacts
FABRICATION STAGE: art/blender/scripts/inspect_signal_terminal.py
00:02.672  blend            | Read blend: "C:\PleaseRemainOnTheLine\art\blender\signal_terminal.blend"
SURFACE STOCK LOCAL: 86 closed stocks; 1 physical groups; 4 local bearings; 5 mapped parts
FABRICATION STAGE: art/blender/scripts/inspect_signal_terminal_context.py
00:03.359  blend            | Read blend: "C:\PleaseRemainOnTheLine\art\blender\signal_terminal.blend"
SIGNAL TERMINAL CONTEXT: 4 desktop bearings; native lamp clear
FABRICATION STAGE: art/blender/scripts/render_signal_terminal.py
00:03.468  blend            | Read blend: "C:\PleaseRemainOnTheLine\art\blender\signal_terminal.blend"
C:\PleaseRemainOnTheLine\art\blender\scripts\render_signal_terminal.py:10: DeprecationWarning: 'World.use_nodes' is expected to be removed in Blender 6.0
  scene.world=bpy.data.worlds.new('Neutral inspection');scene.world.use_nodes=True;scene.world.node_tree.nodes['Background'].inputs[0].default_value=(.55,.60,.65,1);scene.world.node_tree.nodes['Background'].inputs[1].default_value=.6
C:\PleaseRemainOnTheLine\art\blender\scripts\render_signal_terminal.py:13: DeprecationWarning: 'Material.use_nodes' is expected to be removed in Blender 6.0
  bpy.ops.mesh.primitive_plane_add(size=10,location=(0,0,-.00004));plane=bpy.context.object;material=bpy.data.materials.new('Review ground');material.diffuse_color=(.23,.25,.26,1);material.use_nodes=True;material.node_tree.nodes['Principled BSDF'].inputs['Base Color'].default_value=(.23,.25,.26,1);material.node_tree.nodes['Principled BSDF'].inputs['Roughness'].default_value=.75;plane.data.materials.append(material)
00:07.312  render           | Saved: 'C:\PleaseRemainOnTheLine\tmp\v2-finish-review\signal-terminal-native\VantryFixed.png'
FABRICATION STAGE: art/blender/scripts/build_surface_stock.py
C:\PleaseRemainOnTheLine\art\blender\scripts\build_surface_stock.py:70: DeprecationWarning: 'Material.use_nodes' is expected to be removed in Blender 6.0
  mat=bpy.data.materials.new(key);mat.use_nodes=True;materials[key]=mat
Info: Saved as "surface_stock.blend"
17:57:12 | INFO: Starting glTF 2.0 export
17:57:12 | INFO: Extracting primitive: 2A_k_kdishrack__nickel_plated
17:57:12 | INFO: Primitives created: 1
17:57:12 | INFO: Extracting primitive: 2A_k_kdishrack__porcelain
17:57:12 | INFO: Primitives created: 1
17:57:12 | INFO: Extracting primitive: 2A_k_kdishrack__rubber_aged
17:57:12 | INFO: Primitives created: 1
17:57:12 | INFO: Extracting primitive: 2A_k_kmug__porcelain
17:57:12 | INFO: Primitives created: 1
17:57:12 | INFO: Extracting primitive: 2A_mug__porcelain
17:57:12 | INFO: Primitives created: 1
17:57:12 | INFO: Extracting primitive: 2A_papers__paper
17:57:12 | INFO: Primitives created: 1
17:57:12 | INFO: Extracting primitive: 2A_phones__bakelite
17:57:12 | INFO: Primitives created: 1
17:57:12 | INFO: Extracting primitive: 2A_phones__nickel_plated
17:57:12 | INFO: Primitives created: 1
17:57:12 | INFO: Extracting primitive: 2A_phones__rubber_aged
17:57:12 | INFO: Primitives created: 1
17:57:12 | INFO: Extracting primitive: 2A_phones__wood_dark
17:57:12 | INFO: Primitives created: 1
17:57:12 | INFO: Extracting primitive: 2B_k_kdishrack__nickel_plated
17:57:12 | INFO: Primitives created: 1
17:57:12 | INFO: Extracting primitive: 2B_k_kdishrack__porcelain
17:57:12 | INFO: Primitives created: 1
17:57:12 | INFO: Extracting primitive: 2B_k_kdishrack__rubber_aged
17:57:12 | INFO: Primitives created: 1
17:57:12 | INFO: Extracting primitive: 2B_k_kmug__porcelain
17:57:12 | INFO: Primitives created: 1
17:57:12 | INFO: Extracting primitive: 2B_story_notions__bakelite
17:57:12 | INFO: Primitives created: 1
17:57:12 | INFO: Extracting primitive: 2B_story_notions__brass
17:57:12 | INFO: Primitives created: 1
17:57:12 | INFO: Extracting primitive: 2B_story_notions__chrome
17:57:12 | INFO: Primitives created: 1
17:57:12 | INFO: Extracting primitive: 2B_story_notions__glassish
17:57:12 | INFO: Primitives created: 1
17:57:12 | INFO: Extracting primitive: 2B_story_notions__metal
17:57:12 | INFO: Primitives created: 1
17:57:12 | INFO: Extracting primitive: 2B_story_patterns__paper
17:57:12 | INFO: Primitives created: 1
17:57:12 | INFO: Extracting primitive: 3A_k_kdishrack__nickel_plated
17:57:12 | INFO: Primitives created: 1
17:57:12 | INFO: Extracting primitive: 3A_k_kdishrack__porcelain
17:57:12 | INFO: Primitives created: 1
17:57:12 | INFO: Extracting primitive: 3A_k_kdishrack__rubber_aged
17:57:12 | INFO: Primitives created: 1
17:57:12 | INFO: Extracting primitive: 3A_k_kmug__porcelain
17:57:12 | INFO: Primitives created: 1
17:57:12 | INFO: Extracting primitive: 3A_story_cuttings__glassish
17:57:12 | INFO: Primitives created: 1
17:57:12 | INFO: Extracting primitive: 3A_story_seed_jars__bakelite
17:57:12 | INFO: Primitives created: 1
17:57:12 | INFO: Extracting primitive: 3A_story_seed_jars__brass
17:57:12 | INFO: Primitives created: 1
17:57:12 | INFO: Extracting primitive: 3A_story_seed_jars__chrome
17:57:12 | INFO: Primitives created: 1
17:57:12 | INFO: Extracting primitive: 3A_story_seed_jars__glassish
17:57:12 | INFO: Primitives created: 1
17:57:12 | INFO: Extracting primitive: 3A_story_seed_jars__metal
17:57:12 | INFO: Primitives created: 1
17:57:12 | INFO: Extracting primitive: 3B_coil__rubber_aged
17:57:12 | INFO: Primitives created: 1
17:57:12 | INFO: Extracting primitive: 3B_jars__bakelite
17:57:12 | INFO: Primitives created: 1
17:57:12 | INFO: Extracting primitive: 3B_jars__brass
17:57:12 | INFO: Primitives created: 1
17:57:12 | INFO: Extracting primitive: 3B_jars__chrome
17:57:12 | INFO: Primitives created: 1
17:57:12 | INFO: Extracting primitive: 3B_jars__glassish
17:57:13 | INFO: Primitives created: 1
17:57:13 | INFO: Extracting primitive: 3B_jars__metal
17:57:13 | INFO: Primitives created: 1
17:57:13 | INFO: Extracting primitive: 3B_k_kdishrack__nickel_plated
17:57:13 | INFO: Primitives created: 1
17:57:13 | INFO: Extracting primitive: 3B_k_kdishrack__porcelain
17:57:13 | INFO: Primitives created: 1
17:57:13 | INFO: Extracting primitive: 3B_k_kdishrack__rubber_aged
17:57:13 | INFO: Primitives created: 1
17:57:13 | INFO: Extracting primitive: 3B_k_kmug__porcelain
17:57:13 | INFO: Primitives created: 1
17:57:13 | INFO: Extracting primitive: 3B_manuals__book_brown
17:57:13 | INFO: Primitives created: 1
17:57:13 | INFO: Extracting primitive: 3B_manuals__book_navy
17:57:13 | INFO: Primitives created: 1
17:57:13 | INFO: Extracting primitive: 3B_manuals__book_ochre
17:57:13 | INFO: Primitives created: 1
17:57:13 | INFO: Extracting primitive: 3B_manuals__book_teal
17:57:13 | INFO: Primitives created: 1
17:57:13 | INFO: Extracting primitive: 3B_manuals__paper
17:57:13 | INFO: Primitives created: 1
17:57:13 | INFO: Extracting primitive: 3B_mug__enamel
17:57:13 | INFO: Primitives created: 1
17:57:13 | INFO: Extracting primitive: 3B_tray1__bakelite
17:57:13 | INFO: Primitives created: 1
17:57:13 | INFO: Extracting primitive: 3B_tray1__brass
17:57:13 | INFO: Primitives created: 1
17:57:13 | INFO: Extracting primitive: 3B_tray1__chrome
17:57:13 | INFO: Primitives created: 1
17:57:13 | INFO: Extracting primitive: 3B_tray1__glassish
17:57:13 | INFO: Primitives created: 1
17:57:13 | INFO: Extracting primitive: 3B_tray1__metal
17:57:13 | INFO: Primitives created: 1
17:57:13 | INFO: Extracting primitive: 3B_tray1__nickel_plated
17:57:13 | INFO: Primitives created: 1
17:57:13 | INFO: Extracting primitive: 3B_tray2__bakelite
17:57:13 | INFO: Primitives created: 1
17:57:13 | INFO: Extracting primitive: 3B_tray2__brass
17:57:13 | INFO: Primitives created: 1
17:57:13 | INFO: Extracting primitive: 3B_tray2__chrome
17:57:13 | INFO: Primitives created: 1
17:57:13 | INFO: Extracting primitive: 3B_tray2__metal
17:57:13 | INFO: Primitives created: 1
17:57:13 | INFO: Extracting primitive: 4A_k_kdishrack__nickel_plated
17:57:13 | INFO: Primitives created: 1
17:57:13 | INFO: Extracting primitive: 4A_k_kdishrack__porcelain
17:57:13 | INFO: Primitives created: 1
17:57:13 | INFO: Extracting primitive: 4A_k_kdishrack__rubber_aged
17:57:13 | INFO: Primitives created: 1
17:57:13 | INFO: Extracting primitive: 4A_k_kmug__porcelain
17:57:13 | INFO: Primitives created: 1
17:57:13 | INFO: Extracting primitive: 4A_story_briefs__paper
17:57:13 | INFO: Primitives created: 1
17:57:13 | INFO: Extracting primitive: 4B_dishrack__nickel_plated
17:57:13 | INFO: Primitives created: 1
17:57:13 | INFO: Extracting primitive: 4B_dishrack__porcelain
17:57:13 | INFO: Primitives created: 1
17:57:13 | INFO: Extracting primitive: 4B_dishrack__rubber_aged
17:57:13 | INFO: Primitives created: 1
17:57:13 | INFO: Extracting primitive: 4B_mug__porcelain
17:57:13 | INFO: Primitives created: 1
17:57:13 | INFO: Extracting primitive: 5A_k_kdishrack__nickel_plated
17:57:13 | INFO: Primitives created: 1
17:57:13 | INFO: Extracting primitive: 5A_k_kdishrack__porcelain
17:57:13 | INFO: Primitives created: 1
17:57:13 | INFO: Extracting primitive: 5A_k_kdishrack__rubber_aged
17:57:13 | INFO: Primitives created: 1
17:57:13 | INFO: Extracting primitive: 5A_k_kmug__porcelain
17:57:13 | INFO: Primitives created: 1
17:57:13 | INFO: Extracting primitive: 5A_model__paper
17:57:13 | INFO: Primitives created: 1
17:57:13 | INFO: Extracting primitive: 5A_model__plywood
17:57:13 | INFO: Primitives created: 1
17:57:13 | INFO: Extracting primitive: 5A_model__timber
17:57:13 | INFO: Primitives created: 1
17:57:13 | INFO: Extracting primitive: 5A_model__trim
17:57:13 | INFO: Primitives created: 1
17:57:13 | INFO: Extracting primitive: 5A_mug1__porcelain
17:57:13 | INFO: Primitives created: 1
17:57:13 | INFO: Extracting primitive: 5A_mug2__enamel
17:57:13 | INFO: Primitives created: 1
17:57:13 | INFO: Extracting primitive: 5A_papers1__paper
17:57:13 | INFO: Primitives created: 1
17:57:13 | INFO: Extracting primitive: 5A_papers2__paper
17:57:13 | INFO: Primitives created: 1
17:57:13 | INFO: Extracting primitive: 5B_k_kdishrack__nickel_plated
17:57:13 | INFO: Primitives created: 1
17:57:13 | INFO: Extracting primitive: 5B_k_kdishrack__porcelain
17:57:13 | INFO: Primitives created: 1
17:57:13 | INFO: Extracting primitive: 5B_k_kdishrack__rubber_aged
17:57:13 | INFO: Primitives created: 1
17:57:13 | INFO: Extracting primitive: 5B_k_kmug__porcelain
17:57:13 | INFO: Primitives created: 1
17:57:13 | INFO: Extracting primitive: 5B_story_headphones__bakelite
17:57:13 | INFO: Primitives created: 1
17:57:13 | INFO: Extracting primitive: 5B_story_headphones__nickel_plated
17:57:13 | INFO: Primitives created: 1
17:57:13 | INFO: Extracting primitive: 5B_story_headphones__rubber_aged
17:57:13 | INFO: Primitives created: 1
17:57:13 | INFO: Extracting primitive: 5B_story_headphones__wood_dark
17:57:13 | INFO: Primitives created: 1
17:57:13 | INFO: Extracting primitive: 5B_story_lead__rubber_aged
17:57:13 | INFO: Primitives created: 1
17:57:13 | INFO: Extracting primitive: 5C_k_kdishrack__nickel_plated
17:57:13 | INFO: Primitives created: 1
17:57:13 | INFO: Extracting primitive: 5C_k_kdishrack__porcelain
17:57:13 | INFO: Primitives created: 1
17:57:13 | INFO: Extracting primitive: 5C_k_kdishrack__rubber_aged
17:57:13 | INFO: Primitives created: 1
17:57:13 | INFO: Extracting primitive: 5C_k_kmug__porcelain
17:57:13 | INFO: Primitives created: 1
17:57:13 | INFO: Extracting primitive: 5C_story_solvents__glassish
17:57:13 | INFO: Primitives created: 1
17:57:13 | INFO: Extracting primitive: 5C_story_studies__paper
17:57:13 | INFO: Primitives created: 1
17:57:13 | INFO: Extracting primitive: 6A_cans__metal
17:57:13 | INFO: Primitives created: 1
17:57:13 | INFO: Extracting primitive: 6A_detail_capture_mug__ceramic
17:57:13 | INFO: Primitives created: 1
17:57:13 | INFO: Extracting primitive: 6A_detail_capture_papers__paper
17:57:13 | INFO: Primitives created: 1
17:57:13 | INFO: Extracting primitive: 6A_k_kdishrack__nickel_plated
17:57:13 | INFO: Primitives created: 1
17:57:13 | INFO: Extracting primitive: 6A_k_kdishrack__porcelain
17:57:13 | INFO: Primitives created: 1
17:57:13 | INFO: Extracting primitive: 6A_k_kdishrack__rubber_aged
17:57:13 | INFO: Primitives created: 1
17:57:13 | INFO: Extracting primitive: 6A_k_kmug__porcelain
17:57:13 | INFO: Primitives created: 1
17:57:13 | INFO: Extracting primitive: 6A_phones__bakelite
17:57:13 | INFO: Primitives created: 1
17:57:13 | INFO: Extracting primitive: 6A_phones__nickel_plated
17:57:13 | INFO: Primitives created: 1
17:57:13 | INFO: Extracting primitive: 6A_phones__rubber_aged
17:57:13 | INFO: Primitives created: 1
17:57:13 | INFO: Extracting primitive: 6A_phones__wood_dark
17:57:13 | INFO: Primitives created: 1
17:57:13 | INFO: Extracting primitive: 6B_k_kdishrack__nickel_plated
17:57:13 | INFO: Primitives created: 1
17:57:13 | INFO: Extracting primitive: 6B_k_kdishrack__porcelain
17:57:13 | INFO: Primitives created: 1
17:57:13 | INFO: Extracting primitive: 6B_k_kdishrack__rubber_aged
17:57:13 | INFO: Primitives created: 1
17:57:13 | INFO: Extracting primitive: 6B_k_kmug__porcelain
17:57:13 | INFO: Primitives created: 1
17:57:13 | INFO: Extracting primitive: 6B_story_cold_coffee__ceramic
17:57:13 | INFO: Primitives created: 1
17:57:13 | INFO: Extracting primitive: 6B_story_draft__paper
17:57:13 | INFO: Primitives created: 1
17:57:13 | INFO: Extracting primitive: 6B_story_references__book_brown
17:57:13 | INFO: Primitives created: 1
17:57:13 | INFO: Extracting primitive: 6B_story_references__book_burgundy
17:57:13 | INFO: Primitives created: 1
17:57:13 | INFO: Extracting primitive: 6B_story_references__book_green
17:57:13 | INFO: Primitives created: 1
17:57:13 | INFO: Extracting primitive: 6B_story_references__book_navy
17:57:13 | INFO: Primitives created: 1
17:57:13 | INFO: Extracting primitive: 6B_story_references__book_ochre
17:57:13 | INFO: Primitives created: 1
17:57:13 | INFO: Extracting primitive: 6B_story_references__book_teal
17:57:13 | INFO: Primitives created: 1
17:57:13 | INFO: Extracting primitive: 6B_story_references__paper
17:57:13 | INFO: Primitives created: 1
17:57:13 | INFO: Extracting primitive: 6C_k_kdishrack__nickel_plated
17:57:13 | INFO: Primitives created: 1
17:57:13 | INFO: Extracting primitive: 6C_k_kdishrack__porcelain
17:57:13 | INFO: Primitives created: 1
17:57:13 | INFO: Extracting primitive: 6C_k_kdishrack__rubber_aged
17:57:13 | INFO: Primitives created: 1
17:57:13 | INFO: Extracting primitive: 6C_story_catalogues__book_brown
17:57:13 | INFO: Primitives created: 1
17:57:13 | INFO: Extracting primitive: 6C_story_catalogues__book_green
17:57:13 | INFO: Primitives created: 1
17:57:13 | INFO: Extracting primitive: 6C_story_catalogues__book_navy
17:57:13 | INFO: Primitives created: 1
17:57:13 | INFO: Extracting primitive: 6C_story_catalogues__book_ochre
17:57:13 | INFO: Primitives created: 1
17:57:13 | INFO: Extracting primitive: 6C_story_catalogues__book_teal
17:57:13 | INFO: Primitives created: 1
17:57:13 | INFO: Extracting primitive: 6C_story_catalogues__paper
17:57:13 | INFO: Primitives created: 1
17:57:13 | INFO: Extracting primitive: 6C_story_oddments__bakelite
17:57:13 | INFO: Primitives created: 1
17:57:13 | INFO: Extracting primitive: 6C_story_oddments__brass
17:57:13 | INFO: Primitives created: 1
17:57:13 | INFO: Extracting primitive: 6C_story_oddments__chrome
17:57:13 | INFO: Primitives created: 1
17:57:13 | INFO: Extracting primitive: 6C_story_oddments__glassish
17:57:13 | INFO: Primitives created: 1
17:57:13 | INFO: Extracting primitive: 6C_story_oddments__metal
17:57:13 | INFO: Primitives created: 1
17:57:13 | INFO: Finished glTF 2.0 export in 1.0395314693450928 s

SURFACE STOCK 55 original records; 55 assemblies; 1171 closed stocks; 130 parts; 520548 triangles; 129 foot contacts
FABRICATION STAGE: art/blender/scripts/inspect_surface_stock.py
00:29.515  blend            | Read blend: "C:\PleaseRemainOnTheLine\art\blender\surface_stock.blend"
SURFACE STOCK LOCAL: 1171 closed stocks; 85 physical groups; 129 local bearings; 130 mapped parts
FABRICATION STAGE: art/blender/scripts/inspect_surface_stock_context.py
00:37.812  blend            | Read blend: "C:\PleaseRemainOnTheLine\art\blender\surface_stock.blend"
SURFACE STOCK CONTEXT: 129 bearings; 26 support actors
FABRICATION STAGE: art/blender/scripts/inspect_task_lamps.py
00:38.812  blend            | Read blend: "C:\PleaseRemainOnTheLine\art\blender\task_lamps.blend"
C:\PleaseRemainOnTheLine\art\blender\scripts\inspect_task_lamps.py:74: DeprecationWarning: 'World.use_nodes' is expected to be removed in Blender 6.0
  scene.world=bpy.data.worlds.new('Neutral inspection');scene.world.use_nodes=True
00:42.000  render           | Saved: 'C:\PleaseRemainOnTheLine\tmp\v2-finish-review\task-lamps-native\emeralite_front.png'
00:44.093  render           | Saved: 'C:\PleaseRemainOnTheLine\tmp\v2-finish-review\task-lamps-native\emeralite_rear.png'
00:46.250  render           | Saved: 'C:\PleaseRemainOnTheLine\tmp\v2-finish-review\task-lamps-native\office_green_front.png'
00:48.375  render           | Saved: 'C:\PleaseRemainOnTheLine\tmp\v2-finish-review\task-lamps-native\office_green_rear.png'
00:50.562  render           | Saved: 'C:\PleaseRemainOnTheLine\tmp\v2-finish-review\task-lamps-native\bench_friction_front.png'
00:52.718  render           | Saved: 'C:\PleaseRemainOnTheLine\tmp\v2-finish-review\task-lamps-native\bench_friction_rear.png'
00:55.015  render           | Saved: 'C:\PleaseRemainOnTheLine\tmp\v2-finish-review\task-lamps-native\landlord_enamel_front.png'
00:57.234  render           | Saved: 'C:\PleaseRemainOnTheLine\tmp\v2-finish-review\task-lamps-native\landlord_enamel_rear.png'
00:59.172  render           | Saved: 'C:\PleaseRemainOnTheLine\tmp\v2-finish-review\task-lamps-native\architect_counterweight_front.png'
01:01.078  render           | Saved: 'C:\PleaseRemainOnTheLine\tmp\v2-finish-review\task-lamps-native\architect_counterweight_rear.png'
TASK LAMPS NATIVE 206 closed stocks; 5 joined variants; 15 base probes; 10 views
{"completed_stages": 8, "elapsed_s": 59.706}
Blender 5.2.0 LTS (hash fbe6228777e7 built 2026-07-14 01:35:40)

Blender quit
