Godot Engine v4.7.1.stable.official.a13da4feb - https://godotengine.org
Vulkan 1.4.341 - Forward+ - Using Device #0: NVIDIA - NVIDIA GeForce RTX 4080

[ACOUSTIC] 550 nodes loaded
ORISON V2 BLOCKOUT: 200 spaces / 111 doors / 1104 anchors
[V2 FRONT COURT ROOF] three seated girders; retained roof slabs; mapped exterior concrete
[V2 BODEGA POWER] independent inlet; four existing fittings; 20 bearings
[SURFACE] 1311 surfaces layered (478 materials)
[PASSAGE HOURS] OPEN; 10 grilles folded
[PASSAGE HOURS] 11 shopfronts, 10 close after 02:00, HARDWARE PAINT keeps night service
[PASSAGE FINISH] 6 gated draws, 3 handcarts, hours active
[V2 PASSAGE] 13 resident cells; 11 doors; 1 shared-service counters
[SURFACE] 170 surfaces layered (81 materials)
[HARUKIYA] 9 interactables placed
[ARCADE] 2 cabinet(s) from a catalog of 12: SOMETHING IN THE HALL (mystery_serial), OPERATIONS (farm_and_market)
[ARCADE] all of them are running arcade_pit
[V2 BAR] retained cell; 29 registered markers; 3 doors
[V2 FRONT FACADE] native entrance, original landmark hardware, glazed marquee and fitted blade
[SCHEDULE] director live: 18 residents on the clock
[MOVES] personal library: res://assets/characters/mina_vale/mina_vale_moves.glb
SOURCE PARAPET MATERIAL ROOF_PARAPET_EAST brick 
SOURCE PARAPET MATERIAL ROOF_PARAPET_NORTH brick 
SOURCE PARAPET MATERIAL ROOF_PARAPET_SOUTH brick 
SOURCE PARAPET MATERIAL ROOF_PARAPET_WEST brick 
[ORISON V2 RUNTIME] ready startup_ms=29117.497
[LIGHTING] 211 sources active in system; 211 full personalities; profiles steady/breathe/mains/beat/dropout=[50, 49, 36, 42, 34]
CAP MAPPING: mesh=surface_stock_2A_k_kmug__porcelain valid_basis=true max_uv_excess=0.00000375322998 widest=1.00071952494601 vertices=5057 derivatives=true bad_derivatives=0 min_determinant=0.00000260374097 worst_dot=0.99999982118607
CAP MAPPING: mesh=surface_stock_2A_k_kdishrack__nickel_plated valid_basis=true max_uv_excess=0.00000006635673 widest=1.00032093329655 vertices=4348 derivatives=true bad_derivatives=0 min_determinant=0.00000001850648 worst_dot=0.99999952316284
CAP MAPPING: mesh=surface_stock_2A_k_kdishrack__porcelain valid_basis=true max_uv_excess=0.00000881683081 widest=1.0006520962722 vertices=8482 derivatives=true bad_derivatives=0 min_determinant=0.00004134837926 worst_dot=0.99999982118607
CAP MAPPING: mesh=surface_stock_2A_k_kdishrack__rubber_aged valid_basis=true max_uv_excess=0.00000066601206 widest=1.00072736445256 vertices=1355 derivatives=true bad_derivatives=0 min_determinant=0.00000639548115 worst_dot=0.99999988079071
CAP MAPPING: mesh=surface_stock_2B_k_kmug__porcelain valid_basis=true max_uv_excess=0.00000375322998 widest=1.00071952494601 vertices=5057 derivatives=true bad_derivatives=0 min_determinant=0.00000260374097 worst_dot=0.99999982118607
CAP MAPPING: mesh=surface_stock_2B_k_kdishrack__nickel_plated valid_basis=true max_uv_excess=0.00000006635673 widest=1.00032093329655 vertices=4348 derivatives=true bad_derivatives=0 min_determinant=0.00000001850648 worst_dot=0.99999952316284
CAP MAPPING: mesh=surface_stock_2B_k_kdishrack__porcelain valid_basis=true max_uv_excess=0.00000881683081 widest=1.0006520962722 vertices=8482 derivatives=true bad_derivatives=0 min_determinant=0.00004134837926 worst_dot=0.99999982118607
CAP MAPPING: mesh=surface_stock_2B_k_kdishrack__rubber_aged valid_basis=true max_uv_excess=0.00000066601206 widest=1.00072736445256 vertices=1355 derivatives=true bad_derivatives=0 min_determinant=0.00000639548115 worst_dot=0.99999988079071
CAP MAPPING: mesh=surface_stock_3B_k_kmug__porcelain valid_basis=true max_uv_excess=0.00000375322998 widest=1.00071952494601 vertices=5057 derivatives=true bad_derivatives=0 min_determinant=0.00000260374097 worst_dot=0.99999982118607
CAP MAPPING: mesh=surface_stock_3B_k_kdishrack__nickel_plated valid_basis=true max_uv_excess=0.00000006635673 widest=1.00032093329655 vertices=4348 derivatives=true bad_derivatives=0 min_determinant=0.00000001850648 worst_dot=0.99999952316284
CAP MAPPING: mesh=surface_stock_3B_k_kdishrack__porcelain valid_basis=true max_uv_excess=0.00000881683081 widest=1.0006520962722 vertices=8482 derivatives=true bad_derivatives=0 min_determinant=0.00004134837926 worst_dot=0.99999982118607
CAP MAPPING: mesh=surface_stock_3B_k_kdishrack__rubber_aged valid_basis=true max_uv_excess=0.00000066601206 widest=1.00072736445256 vertices=1355 derivatives=true bad_derivatives=0 min_determinant=0.00000639548115 worst_dot=0.99999988079071
CAP MAPPING: mesh=surface_stock_4B_mug__porcelain valid_basis=true max_uv_excess=0.00000375322998 widest=1.00071952494601 vertices=5057 derivatives=true bad_derivatives=0 min_determinant=0.00000260374097 worst_dot=0.99999982118607
CAP MAPPING: mesh=surface_stock_4B_dishrack__nickel_plated valid_basis=true max_uv_excess=0.00000007337076 widest=1.00036984416005 vertices=4257 derivatives=true bad_derivatives=0 min_determinant=0.00000001850648 worst_dot=0.99999952316284
CAP MAPPING: mesh=surface_stock_4B_dishrack__porcelain valid_basis=true max_uv_excess=0.00000881683081 widest=1.0006520962722 vertices=8481 derivatives=true bad_derivatives=0 min_determinant=0.00004134849447 worst_dot=0.99999982118607
CAP MAPPING: mesh=surface_stock_4B_dishrack__rubber_aged valid_basis=true max_uv_excess=0.00000066246139 widest=1.00072349566967 vertices=1328 derivatives=true bad_derivatives=0 min_determinant=0.00000639550462 worst_dot=0.99999988079071
CAP MAPPING: mesh=surface_stock_2A_papers__paper valid_basis=true max_uv_excess=0.0000000875043 widest=1.00118954986369 vertices=13245 derivatives=true bad_derivatives=0 min_determinant=0.00000000073811 worst_dot=0.99999511241913
CAP MAPPING: mesh=surface_stock_2A_mug__porcelain valid_basis=true max_uv_excess=0.00000375322998 widest=1.00071952494601 vertices=5057 derivatives=true bad_derivatives=0 min_determinant=0.00000260374097 worst_dot=0.99999982118607
CAP MAPPING: mesh=surface_stock_2A_phones__bakelite valid_basis=true max_uv_excess=0.00000367034227 widest=1.00070147178249 vertices=2579 derivatives=true bad_derivatives=0 min_determinant=0.00001595542643 worst_dot=0.99999976158142
CAP MAPPING: mesh=surface_stock_2A_phones__nickel_plated valid_basis=true max_uv_excess=0.00000007468043 widest=1.00015759707602 vertices=1762 derivatives=true bad_derivatives=0 min_determinant=0.00000002000567 worst_dot=0.99999916553497
CAP MAPPING: mesh=surface_stock_2A_phones__rubber_aged valid_basis=true max_uv_excess=0.00000576861203 widest=1.00071550862047 vertices=2852 derivatives=true bad_derivatives=0 min_determinant=0.00000214252955 worst_dot=0.99999982118607
CAP MAPPING: mesh=surface_stock_2A_phones__wood_dark valid_basis=true max_uv_excess=0.00000308081508 widest=1.00075559539602 vertices=1906 derivatives=true bad_derivatives=0 min_determinant=0.00001748553185 worst_dot=0.99999982118607
CAP MAPPING: mesh=surface_stock_2B_story_patterns__paper valid_basis=true max_uv_excess=0.00000007475683 widest=1.00118954986369 vertices=23660 derivatives=true bad_derivatives=0 min_determinant=0.00000000073811 worst_dot=0.99999499320984
CAP MAPPING: mesh=surface_stock_2B_story_notions__bakelite valid_basis=true max_uv_excess=0.0000038407743 widest=1.00075284229338 vertices=39073 derivatives=true bad_derivatives=0 min_determinant=0.0000006468343 worst_dot=0.99999982118607
CAP MAPPING: mesh=surface_stock_2B_story_notions__brass valid_basis=true max_uv_excess=0.00000105216168 widest=1.00075132817413 vertices=32644 derivatives=true bad_derivatives=0 min_determinant=0.00000064690417 worst_dot=0.99999982118607
CAP MAPPING: mesh=surface_stock_2B_story_notions__chrome valid_basis=true max_uv_excess=0.00000106182415 widest=1.00074669677899 vertices=31594 derivatives=true bad_derivatives=0 min_determinant=0.00000064686948 worst_dot=0.99999982118607
CAP MAPPING: mesh=surface_stock_2B_story_notions__glassish valid_basis=true max_uv_excess=0.00000441353768 widest=1.00073355034706 vertices=11573 derivatives=true bad_derivatives=0 min_determinant=0.00001827311499 worst_dot=0.99999982118607
CAP MAPPING: mesh=surface_stock_2B_story_notions__metal valid_basis=true max_uv_excess=0.00000107847154 widest=1.00075453454973 vertices=65785 derivatives=true bad_derivatives=0 min_determinant=0.00000064683503 worst_dot=0.99999976158142
CAP MAPPING: mesh=surface_stock_3B_tray1__bakelite valid_basis=true max_uv_excess=0.00000226311386 widest=1.00072298161177 vertices=6327 derivatives=true bad_derivatives=0 min_determinant=0.00000007400659 worst_dot=0.99999982118607
CAP MAPPING: mesh=surface_stock_3B_tray1__brass valid_basis=true max_uv_excess=0.00000217650086 widest=1.00072988042901 vertices=5783 derivatives=true bad_derivatives=0 min_determinant=0.00000129384903 worst_dot=0.99999982118607
CAP MAPPING: mesh=surface_stock_3B_tray1__chrome valid_basis=true max_uv_excess=0.0000022049062 widest=1.00075052658344 vertices=5448 derivatives=true bad_derivatives=0 min_determinant=0.00000129384932 worst_dot=0.99999982118607
CAP MAPPING: mesh=surface_stock_3B_tray1__glassish valid_basis=true max_uv_excess=0.00000140152406 widest=1.00084270055777 vertices=6336 derivatives=true bad_derivatives=0 min_determinant=0.0000026103201 worst_dot=0.99999982118607
CAP MAPPING: mesh=surface_stock_3B_tray1__metal valid_basis=true max_uv_excess=0.00000007101335 widest=1.00020078952946 vertices=4029 derivatives=true bad_derivatives=0 min_determinant=0.00000005667773 worst_dot=0.99999982118607
CAP MAPPING: mesh=surface_stock_3B_tray1__nickel_plated valid_basis=true max_uv_excess=0.00000152131543 widest=1.00074930589265 vertices=6447 derivatives=true bad_derivatives=0 min_determinant=0.00000005579471 worst_dot=0.99999970197678
CAP MAPPING: mesh=surface_stock_3B_tray2__bakelite valid_basis=true max_uv_excess=0.00000226916745 widest=1.00072581067356 vertices=3539 derivatives=true bad_derivatives=0 min_determinant=0.0000094246247 worst_dot=0.99999988079071
CAP MAPPING: mesh=surface_stock_3B_tray2__brass valid_basis=true max_uv_excess=0.00000217626803 widest=1.00072426943393 vertices=5302 derivatives=true bad_derivatives=0 min_determinant=0.00000129383434 worst_dot=0.99999982118607
CAP MAPPING: mesh=surface_stock_3B_tray2__chrome valid_basis=true max_uv_excess=0.00000220746733 widest=1.00075052658344 vertices=5442 derivatives=true bad_derivatives=0 min_determinant=0.00000129382613 worst_dot=0.99999982118607
CAP MAPPING: mesh=surface_stock_3B_tray2__metal valid_basis=true max_uv_excess=0.00000006740447 widest=1.00020078952946 vertices=4031 derivatives=true bad_derivatives=0 min_determinant=0.00000005667773 worst_dot=0.99999982118607
CAP MAPPING: mesh=surface_stock_3B_jars__bakelite valid_basis=true max_uv_excess=0.0000038407743 widest=1.00075284229338 vertices=33652 derivatives=true bad_derivatives=0 min_determinant=0.0000006468294 worst_dot=0.99999982118607
CAP MAPPING: mesh=surface_stock_3B_jars__brass valid_basis=true max_uv_excess=0.00000105437357 widest=1.00075239696371 vertices=27198 derivatives=true bad_derivatives=0 min_determinant=0.00000064690417 worst_dot=0.99999982118607
CAP MAPPING: mesh=surface_stock_3B_jars__chrome valid_basis=true max_uv_excess=0.00000107102096 widest=1.00076361939216 vertices=54806 derivatives=true bad_derivatives=0 min_determinant=0.00000064681591 worst_dot=0.99999982118607
CAP MAPPING: mesh=surface_stock_3B_jars__glassish valid_basis=true max_uv_excess=0.00000441353768 widest=1.00073355034706 vertices=11573 derivatives=true bad_derivatives=0 min_determinant=0.00001827311499 worst_dot=0.99999982118607
CAP MAPPING: mesh=surface_stock_3B_jars__metal valid_basis=true max_uv_excess=0.00000106182415 widest=1.00074660771412 vertices=26333 derivatives=true bad_derivatives=0 min_determinant=0.00000064688395 worst_dot=0.99999976158142
CAP MAPPING: mesh=surface_stock_3B_manuals__book_brown valid_basis=true max_uv_excess=0.00000003523746 widest=1.00032137768102 vertices=1533 derivatives=true bad_derivatives=0 min_determinant=0.0000000104106 worst_dot=0.99999982118607
CAP MAPPING: mesh=surface_stock_3B_manuals__book_navy valid_basis=true max_uv_excess=0.00000003686 widest=1.00033618560206 vertices=1548 derivatives=true bad_derivatives=0 min_determinant=0.0000000104106 worst_dot=0.99999982118607
CAP MAPPING: mesh=surface_stock_3B_manuals__book_ochre valid_basis=true max_uv_excess=0.00000005960464 widest=1.00034534163073 vertices=1562 derivatives=true bad_derivatives=0 min_determinant=0.0000000104106 worst_dot=0.99999982118607
CAP MAPPING: mesh=surface_stock_3B_manuals__book_teal valid_basis=true max_uv_excess=0.00000005960464 widest=1.00032137768102 vertices=1560 derivatives=true bad_derivatives=0 min_determinant=0.0000000104106 worst_dot=0.99999982118607
CAP MAPPING: mesh=surface_stock_3B_manuals__paper valid_basis=true max_uv_excess=0.00000007137714 widest=1.00070710916987 vertices=2075 derivatives=true bad_derivatives=0 min_determinant=0.00000000462568 worst_dot=0.99999958276749
CAP MAPPING: mesh=surface_stock_3B_mug__enamel valid_basis=true max_uv_excess=0.00000378489494 widest=1.00072691817251 vertices=5056 derivatives=true bad_derivatives=0 min_determinant=0.00000260374097 worst_dot=0.99999982118607
CAP MAPPING: mesh=surface_stock_3B_coil__rubber_aged valid_basis=true max_uv_excess=0.00000007450581 widest=1.00001799177191 vertices=11577 derivatives=true bad_derivatives=0 min_determinant=0.00000857264448 worst_dot=0.99999982118607
CAP MAPPING: mesh=surface_stock_3A_k_kmug__porcelain valid_basis=true max_uv_excess=0.00000375322998 widest=1.00071952494601 vertices=5057 derivatives=true bad_derivatives=0 min_determinant=0.00000260374097 worst_dot=0.99999982118607
CAP MAPPING: mesh=surface_stock_3A_k_kdishrack__nickel_plated valid_basis=true max_uv_excess=0.00000006635673 widest=1.00032093329655 vertices=4348 derivatives=true bad_derivatives=0 min_determinant=0.00000001850648 worst_dot=0.99999952316284
CAP MAPPING: mesh=surface_stock_3A_k_kdishrack__porcelain valid_basis=true max_uv_excess=0.00000881683081 widest=1.0006520962722 vertices=8482 derivatives=true bad_derivatives=0 min_determinant=0.00004134837926 worst_dot=0.99999982118607
CAP MAPPING: mesh=surface_stock_3A_k_kdishrack__rubber_aged valid_basis=true max_uv_excess=0.00000066601206 widest=1.00072736445256 vertices=1355 derivatives=true bad_derivatives=0 min_determinant=0.00000639548115 worst_dot=0.99999988079071
CAP MAPPING: mesh=surface_stock_4A_k_kmug__porcelain valid_basis=true max_uv_excess=0.00000375322998 widest=1.00071952494601 vertices=5057 derivatives=true bad_derivatives=0 min_determinant=0.00000260374097 worst_dot=0.99999982118607
CAP MAPPING: mesh=surface_stock_4A_k_kdishrack__nickel_plated valid_basis=true max_uv_excess=0.00000006635673 widest=1.00032093329655 vertices=4348 derivatives=true bad_derivatives=0 min_determinant=0.00000001850648 worst_dot=0.99999952316284
CAP MAPPING: mesh=surface_stock_4A_k_kdishrack__porcelain valid_basis=true max_uv_excess=0.00000881683081 widest=1.0006520962722 vertices=8482 derivatives=true bad_derivatives=0 min_determinant=0.00004134837926 worst_dot=0.99999982118607
CAP MAPPING: mesh=surface_stock_4A_k_kdishrack__rubber_aged valid_basis=true max_uv_excess=0.00000066601206 widest=1.00072736445256 vertices=1355 derivatives=true bad_derivatives=0 min_determinant=0.00000639548115 worst_dot=0.99999988079071
CAP MAPPING: mesh=surface_stock_3A_story_cuttings__glassish valid_basis=true max_uv_excess=0.00000318698585 widest=1.00080652187048 vertices=18019 derivatives=true bad_derivatives=0 min_determinant=0.00000443615201 worst_dot=0.99999976158142
CAP MAPPING: mesh=surface_stock_3A_story_seed_jars__bakelite valid_basis=true max_uv_excess=0.00000385427848 widest=1.00075284229338 vertices=48833 derivatives=true bad_derivatives=0 min_determinant=0.00000064687539 worst_dot=0.99999982118607
CAP MAPPING: mesh=surface_stock_3A_story_seed_jars__brass valid_basis=true max_uv_excess=0.0000010356307 widest=1.00075230789783 vertices=43127 derivatives=true bad_derivatives=0 min_determinant=0.00000064690698 worst_dot=0.99999982118607
CAP MAPPING: mesh=surface_stock_3A_story_seed_jars__chrome valid_basis=true max_uv_excess=0.00000106543303 widest=1.00074829994938 vertices=43192 derivatives=true bad_derivatives=0 min_determinant=0.00000064681046 worst_dot=0.99999982118607
CAP MAPPING: mesh=surface_stock_3A_story_seed_jars__glassish valid_basis=true max_uv_excess=0.00000441120937 widest=1.00073311360305 vertices=9175 derivatives=true bad_derivatives=0 min_determinant=0.00001827311499 worst_dot=0.99999982118607
CAP MAPPING: mesh=surface_stock_3A_story_seed_jars__metal valid_basis=true max_uv_excess=0.00000106706284 widest=1.00075453454973 vertices=43866 derivatives=true bad_derivatives=0 min_determinant=0.00000064683252 worst_dot=0.99999982118607
CAP MAPPING: mesh=surface_stock_4A_story_briefs__paper valid_basis=true max_uv_excess=0.00000008900679 widest=1.00122456050417 vertices=31659 derivatives=true bad_derivatives=0 min_determinant=0.00000000073811 worst_dot=0.99999499320984
CAP MAPPING: mesh=surface_stock_5A_k_kmug__porcelain valid_basis=true max_uv_excess=0.00000375322998 widest=1.00071952494601 vertices=5057 derivatives=true bad_derivatives=0 min_determinant=0.00000260374097 worst_dot=0.99999982118607
CAP MAPPING: mesh=surface_stock_5A_k_kdishrack__nickel_plated valid_basis=true max_uv_excess=0.00000006635673 widest=1.00032093329655 vertices=4348 derivatives=true bad_derivatives=0 min_determinant=0.00000001850648 worst_dot=0.99999952316284
CAP MAPPING: mesh=surface_stock_5A_k_kdishrack__porcelain valid_basis=true max_uv_excess=0.00000881683081 widest=1.0006520962722 vertices=8482 derivatives=true bad_derivatives=0 min_determinant=0.00004134837926 worst_dot=0.99999982118607
CAP MAPPING: mesh=surface_stock_5A_k_kdishrack__rubber_aged valid_basis=true max_uv_excess=0.00000066601206 widest=1.00072736445256 vertices=1355 derivatives=true bad_derivatives=0 min_determinant=0.00000639548115 worst_dot=0.99999988079071
CAP MAPPING: mesh=surface_stock_5B_k_kmug__porcelain valid_basis=true max_uv_excess=0.00000375322998 widest=1.00071952494601 vertices=5057 derivatives=true bad_derivatives=0 min_determinant=0.00000260374097 worst_dot=0.99999982118607
CAP MAPPING: mesh=surface_stock_5B_k_kdishrack__nickel_plated valid_basis=true max_uv_excess=0.00000006635673 widest=1.00032093329655 vertices=4348 derivatives=true bad_derivatives=0 min_determinant=0.00000001850648 worst_dot=0.99999952316284
CAP MAPPING: mesh=surface_stock_5B_k_kdishrack__porcelain valid_basis=true max_uv_excess=0.00000881683081 widest=1.0006520962722 vertices=8482 derivatives=true bad_derivatives=0 min_determinant=0.00004134837926 worst_dot=0.99999982118607
CAP MAPPING: mesh=surface_stock_5B_k_kdishrack__rubber_aged valid_basis=true max_uv_excess=0.00000066601206 widest=1.00072736445256 vertices=1355 derivatives=true bad_derivatives=0 min_determinant=0.00000639548115 worst_dot=0.99999988079071
CAP MAPPING: mesh=surface_stock_5C_k_kmug__porcelain valid_basis=true max_uv_excess=0.00000375322998 widest=1.00071952494601 vertices=5057 derivatives=true bad_derivatives=0 min_determinant=0.00000260374097 worst_dot=0.99999982118607
CAP MAPPING: mesh=surface_stock_5C_k_kdishrack__nickel_plated valid_basis=true max_uv_excess=0.00000006635673 widest=1.00032093329655 vertices=4348 derivatives=true bad_derivatives=0 min_determinant=0.00000001850648 worst_dot=0.99999952316284
CAP MAPPING: mesh=surface_stock_5C_k_kdishrack__porcelain valid_basis=true max_uv_excess=0.00000881683081 widest=1.0006520962722 vertices=8482 derivatives=true bad_derivatives=0 min_determinant=0.00004134837926 worst_dot=0.99999982118607
CAP MAPPING: mesh=surface_stock_5C_k_kdishrack__rubber_aged valid_basis=true max_uv_excess=0.00000066601206 widest=1.00072736445256 vertices=1355 derivatives=true bad_derivatives=0 min_determinant=0.00000639548115 worst_dot=0.99999988079071
CAP MAPPING: mesh=surface_stock_6A_k_kmug__porcelain valid_basis=true max_uv_excess=0.00000375322998 widest=1.00071952494601 vertices=5057 derivatives=true bad_derivatives=0 min_determinant=0.00000260374097 worst_dot=0.99999982118607
CAP MAPPING: mesh=surface_stock_6A_k_kdishrack__nickel_plated valid_basis=true max_uv_excess=0.00000006635673 widest=1.00032093329655 vertices=4348 derivatives=true bad_derivatives=0 min_determinant=0.00000001850648 worst_dot=0.99999952316284
CAP MAPPING: mesh=surface_stock_6A_k_kdishrack__porcelain valid_basis=true max_uv_excess=0.00000881683081 widest=1.0006520962722 vertices=8482 derivatives=true bad_derivatives=0 min_determinant=0.00004134837926 worst_dot=0.99999982118607
CAP MAPPING: mesh=surface_stock_6A_k_kdishrack__rubber_aged valid_basis=true max_uv_excess=0.00000066601206 widest=1.00072736445256 vertices=1355 derivatives=true bad_derivatives=0 min_determinant=0.00000639548115 worst_dot=0.99999988079071
CAP MAPPING: mesh=surface_stock_6B_k_kmug__porcelain valid_basis=true max_uv_excess=0.00000375322998 widest=1.00071952494601 vertices=5057 derivatives=true bad_derivatives=0 min_determinant=0.00000260374097 worst_dot=0.99999982118607
CAP MAPPING: mesh=surface_stock_6B_k_kdishrack__nickel_plated valid_basis=true max_uv_excess=0.00000006635673 widest=1.00032093329655 vertices=4348 derivatives=true bad_derivatives=0 min_determinant=0.00000001850648 worst_dot=0.99999952316284
CAP MAPPING: mesh=surface_stock_6B_k_kdishrack__porcelain valid_basis=true max_uv_excess=0.00000881683081 widest=1.0006520962722 vertices=8482 derivatives=true bad_derivatives=0 min_determinant=0.00004134837926 worst_dot=0.99999982118607
CAP MAPPING: mesh=surface_stock_6B_k_kdishrack__rubber_aged valid_basis=true max_uv_excess=0.00000066601206 widest=1.00072736445256 vertices=1355 derivatives=true bad_derivatives=0 min_determinant=0.00000639548115 worst_dot=0.99999988079071
CAP MAPPING: mesh=surface_stock_6C_k_kdishrack__nickel_plated valid_basis=true max_uv_excess=0.00000006635673 widest=1.00032093329655 vertices=4348 derivatives=true bad_derivatives=0 min_determinant=0.00000001850648 worst_dot=0.99999952316284
CAP MAPPING: mesh=surface_stock_6C_k_kdishrack__porcelain valid_basis=true max_uv_excess=0.00000881683081 widest=1.0006520962722 vertices=8482 derivatives=true bad_derivatives=0 min_determinant=0.00004134837926 worst_dot=0.99999982118607
CAP MAPPING: mesh=surface_stock_6C_k_kdishrack__rubber_aged valid_basis=true max_uv_excess=0.00000066601206 widest=1.00072736445256 vertices=1355 derivatives=true bad_derivatives=0 min_determinant=0.00000639548115 worst_dot=0.99999988079071
CAP MAPPING: mesh=surface_stock_5A_model__paper valid_basis=true max_uv_excess=0.00000005960464 widest=1.00038214199744 vertices=516 derivatives=true bad_derivatives=0 min_determinant=0.0000000072249 worst_dot=0.99999982118607
CAP MAPPING: mesh=surface_stock_5A_model__plywood valid_basis=true max_uv_excess=0.00000008469215 widest=1.0007628445413 vertices=528 derivatives=true bad_derivatives=0 min_determinant=0.00000000722254 worst_dot=0.9999994635582
CAP MAPPING: mesh=surface_stock_5A_model__timber valid_basis=true max_uv_excess=0.00000006698247 widest=1.00046418046679 vertices=1492 derivatives=true bad_derivatives=0 min_determinant=0.00000000722254 worst_dot=0.99999964237213
CAP MAPPING: mesh=surface_stock_5A_model__trim valid_basis=true max_uv_excess=0.00000011025986 widest=1.00156175253961 vertices=3573 derivatives=true bad_derivatives=0 min_determinant=0.00000000259933 worst_dot=0.99999856948853
CAP MAPPING: mesh=surface_stock_5A_papers1__paper valid_basis=true max_uv_excess=0.000000089487 widest=1.00113126870356 vertices=18553 derivatives=true bad_derivatives=0 min_determinant=0.00000000073811 worst_dot=0.99999505281448
CAP MAPPING: mesh=surface_stock_5A_papers2__paper valid_basis=true max_uv_excess=0.00000008850839 widest=1.00122456050417 vertices=13180 derivatives=true bad_derivatives=0 min_determinant=0.00000000073811 worst_dot=0.99999493360519
CAP MAPPING: mesh=surface_stock_5A_mug1__porcelain valid_basis=true max_uv_excess=0.00000375322998 widest=1.00071952494601 vertices=5057 derivatives=true bad_derivatives=0 min_determinant=0.00000260374097 worst_dot=0.99999982118607
CAP MAPPING: mesh=surface_stock_5A_mug2__enamel valid_basis=true max_uv_excess=0.00000378489494 widest=1.00072691817251 vertices=5056 derivatives=true bad_derivatives=0 min_determinant=0.00000260374097 worst_dot=0.99999982118607
CAP MAPPING: mesh=surface_stock_5B_story_headphones__bakelite valid_basis=true max_uv_excess=0.00000367034227 widest=1.00070147178249 vertices=2579 derivatives=true bad_derivatives=0 min_determinant=0.00001595542643 worst_dot=0.99999976158142
CAP MAPPING: mesh=surface_stock_5B_story_headphones__nickel_plated valid_basis=true max_uv_excess=0.00000007468043 widest=1.00015759707602 vertices=1762 derivatives=true bad_derivatives=0 min_determinant=0.00000002000567 worst_dot=0.99999916553497
CAP MAPPING: mesh=surface_stock_5B_story_headphones__rubber_aged valid_basis=true max_uv_excess=0.00000576861203 widest=1.00071550862047 vertices=2852 derivatives=true bad_derivatives=0 min_determinant=0.00000214252955 worst_dot=0.99999982118607
CAP MAPPING: mesh=surface_stock_5B_story_headphones__wood_dark valid_basis=true max_uv_excess=0.00000308081508 widest=1.00075559539602 vertices=1906 derivatives=true bad_derivatives=0 min_determinant=0.00001748553185 worst_dot=0.99999982118607
CAP MAPPING: mesh=surface_stock_5B_story_lead__rubber_aged valid_basis=true max_uv_excess=0.00000006798655 widest=1.0000143932314 vertices=11574 derivatives=true bad_derivatives=0 min_determinant=0.0000085726603 worst_dot=0.99999982118607
CAP MAPPING: mesh=surface_stock_5C_story_solvents__glassish valid_basis=true max_uv_excess=0.00000318931416 widest=1.00080849992905 vertices=21053 derivatives=true bad_derivatives=0 min_determinant=0.00000443615201 worst_dot=0.99999982118607
CAP MAPPING: mesh=surface_stock_5C_story_studies__paper valid_basis=true max_uv_excess=0.00000008145798 widest=1.00123629574188 vertices=29089 derivatives=true bad_derivatives=0 min_determinant=0.00000000073811 worst_dot=0.99999523162842
CAP MAPPING: mesh=surface_stock_6A_phones__bakelite valid_basis=true max_uv_excess=0.00000367034227 widest=1.00070147178249 vertices=2579 derivatives=true bad_derivatives=0 min_determinant=0.00001595542643 worst_dot=0.99999976158142
CAP MAPPING: mesh=surface_stock_6A_phones__nickel_plated valid_basis=true max_uv_excess=0.00000007468043 widest=1.00015759707602 vertices=1762 derivatives=true bad_derivatives=0 min_determinant=0.00000002000567 worst_dot=0.99999916553497
CAP MAPPING: mesh=surface_stock_6A_phones__rubber_aged valid_basis=true max_uv_excess=0.00000576861203 widest=1.00071550862047 vertices=2852 derivatives=true bad_derivatives=0 min_determinant=0.00000214252955 worst_dot=0.99999982118607
CAP MAPPING: mesh=surface_stock_6A_phones__wood_dark valid_basis=true max_uv_excess=0.00000308081508 widest=1.00075559539602 vertices=1906 derivatives=true bad_derivatives=0 min_determinant=0.00001748553185 worst_dot=0.99999982118607
CAP MAPPING: mesh=surface_stock_6A_cans__metal valid_basis=true max_uv_excess=0.0000031250529 widest=1.00072907331744 vertices=9359 derivatives=true bad_derivatives=0 min_determinant=0.00000352408962 worst_dot=0.99999976158142
CAP MAPPING: mesh=surface_stock_6A_detail_capture_papers__paper valid_basis=true max_uv_excess=0.00000008281131 widest=1.00128291701324 vertices=21099 derivatives=true bad_derivatives=0 min_determinant=0.00000000073811 worst_dot=0.99999511241913
CAP MAPPING: mesh=surface_stock_6A_detail_capture_mug__ceramic valid_basis=true max_uv_excess=0.00000378116965 widest=1.00072440035241 vertices=5058 derivatives=true bad_derivatives=0 min_determinant=0.00000260370763 worst_dot=0.99999982118607
CAP MAPPING: mesh=surface_stock_6B_story_draft__paper valid_basis=true max_uv_excess=0.00000008850839 widest=1.00128291701324 vertices=36889 derivatives=true bad_derivatives=0 min_determinant=0.00000000073811 worst_dot=0.99999499320984
CAP MAPPING: mesh=surface_stock_6B_story_references__book_brown valid_basis=true max_uv_excess=0.00000003523746 widest=1.00032137768102 vertices=1521 derivatives=true bad_derivatives=0 min_determinant=0.0000000104106 worst_dot=0.99999982118607
CAP MAPPING: mesh=surface_stock_6B_story_references__book_burgundy valid_basis=true max_uv_excess=0.00000003584137 widest=1.00030697773124 vertices=1521 derivatives=true bad_derivatives=0 min_determinant=0.0000000104106 worst_dot=0.99999982118607
CAP MAPPING: mesh=surface_stock_6B_story_references__book_green valid_basis=true max_uv_excess=0.00000004470348 widest=1.00030697773124 vertices=1529 derivatives=true bad_derivatives=0 min_determinant=0.0000000104106 worst_dot=0.99999982118607
CAP MAPPING: mesh=surface_stock_6B_story_references__book_navy valid_basis=true max_uv_excess=0.00000003838068 widest=1.00035005489723 vertices=1549 derivatives=true bad_derivatives=0 min_determinant=0.0000000104106 worst_dot=0.99999982118607
CAP MAPPING: mesh=surface_stock_6B_story_references__book_ochre valid_basis=true max_uv_excess=0.00000005407492 widest=1.00036343584976 vertices=1536 derivatives=true bad_derivatives=0 min_determinant=0.0000000104106 worst_dot=0.99999976158142
CAP MAPPING: mesh=surface_stock_6B_story_references__book_teal valid_basis=true max_uv_excess=0.0000000379805 widest=1.00032137768102 vertices=1530 derivatives=true bad_derivatives=0 min_determinant=0.0000000104106 worst_dot=0.99999976158142
CAP MAPPING: mesh=surface_stock_6B_story_references__paper valid_basis=true max_uv_excess=0.00000005960464 widest=1.00070710916987 vertices=3039 derivatives=true bad_derivatives=0 min_determinant=0.00000000462132 worst_dot=0.99999958276749
CAP MAPPING: mesh=surface_stock_6B_story_cold_coffee__ceramic valid_basis=true max_uv_excess=0.00000378116965 widest=1.00072440035241 vertices=5058 derivatives=true bad_derivatives=0 min_determinant=0.00000260370763 worst_dot=0.99999982118607
CAP MAPPING: mesh=surface_stock_6C_story_oddments__bakelite valid_basis=true max_uv_excess=0.0000038407743 widest=1.00075284229338 vertices=55652 derivatives=true bad_derivatives=0 min_determinant=0.00000064683492 worst_dot=0.99999982118607
CAP MAPPING: mesh=surface_stock_6C_story_oddments__brass valid_basis=true max_uv_excess=0.00000103202183 widest=1.00074660771412 vertices=21003 derivatives=true bad_derivatives=0 min_determinant=0.00000064692293 worst_dot=0.99999982118607
CAP MAPPING: mesh=surface_stock_6C_story_oddments__chrome valid_basis=true max_uv_excess=0.00000106683001 widest=1.00075284229338 vertices=21814 derivatives=true bad_derivatives=0 min_determinant=0.0000006468731 worst_dot=0.99999982118607
CAP MAPPING: mesh=surface_stock_6C_story_oddments__glassish valid_basis=true max_uv_excess=0.00000441353768 widest=1.00073355034706 vertices=11573 derivatives=true bad_derivatives=0 min_determinant=0.00001827311499 worst_dot=0.99999982118607
CAP MAPPING: mesh=surface_stock_6C_story_oddments__metal valid_basis=true max_uv_excess=0.0000010660151 widest=1.00075284229338 vertices=21852 derivatives=true bad_derivatives=0 min_determinant=0.00000064685229 worst_dot=0.99999982118607
CAP MAPPING: mesh=surface_stock_6C_story_catalogues__book_brown valid_basis=true max_uv_excess=0.00000005960464 widest=1.00030697773124 vertices=1519 derivatives=true bad_derivatives=0 min_determinant=0.0000000104106 worst_dot=0.99999982118607
CAP MAPPING: mesh=surface_stock_6C_story_catalogues__book_green valid_basis=true max_uv_excess=0.00000003786408 widest=1.00034534163073 vertices=1564 derivatives=true bad_derivatives=0 min_determinant=0.0000000104106 worst_dot=0.99999976158142
CAP MAPPING: mesh=surface_stock_6C_story_catalogues__book_navy valid_basis=true max_uv_excess=0.00000003786408 widest=1.00034534163073 vertices=1556 derivatives=true bad_derivatives=0 min_determinant=0.0000000104106 worst_dot=0.99999982118607
CAP MAPPING: mesh=surface_stock_6C_story_catalogues__book_ochre valid_basis=true max_uv_excess=0.0000000372529 widest=1.00032137768102 vertices=1549 derivatives=true bad_derivatives=0 min_determinant=0.0000000104106 worst_dot=0.99999982118607
CAP MAPPING: mesh=surface_stock_6C_story_catalogues__book_teal valid_basis=true max_uv_excess=0.00000008940697 widest=1.00030697773124 vertices=1549 derivatives=true bad_derivatives=0 min_determinant=0.0000000104106 worst_dot=0.99999982118607
CAP MAPPING: mesh=surface_stock_6C_story_catalogues__paper valid_basis=true max_uv_excess=0.00000008290954 widest=1.00080196017506 vertices=2588 derivatives=true bad_derivatives=0 min_determinant=0.00000000462132 worst_dot=0.99999952316284
[HARUKIYA] OPEN, 18 fixtures
CAP MAPPING: mesh=signal_terminal_VantryFixed__bakelite valid_basis=true max_uv_excess=0.0000094641 widest=1.00137588121582 vertices=19739 derivatives=true bad_derivatives=0 min_determinant=0.00000000115465 worst_dot=0.99999642372131
CAP MAPPING: mesh=signal_terminal_VantryFixed__brass_dull valid_basis=true max_uv_excess=0.00000007962808 widest=1.00015680108584 vertices=1481 derivatives=true bad_derivatives=0 min_determinant=0.00000011567019 worst_dot=0.99999982118607
CAP MAPPING: mesh=signal_terminal_VantryFixed__copper_aged valid_basis=true max_uv_excess=0.00000124797225 widest=1.00075449109172 vertices=6205 derivatives=true bad_derivatives=0 min_determinant=0.00000313166823 worst_dot=0.99999982118607
CAP MAPPING: mesh=signal_terminal_VantryFixed__glassish valid_basis=true max_uv_excess=0.0000028135255 widest=1.00072082378481 vertices=5941 derivatives=true bad_derivatives=0 min_determinant=0.00000600383514 worst_dot=0.99999982118607
CAP MAPPING: mesh=signal_terminal_VantryFixed__nickel_plated valid_basis=true max_uv_excess=0.00001142546535 widest=1.00078146022314 vertices=23300 derivatives=true bad_derivatives=0 min_determinant=0.00000000499474 worst_dot=0.99999457597733
CAP MAPPING: mesh=signal_terminal_VantryFixed__wood_dark valid_basis=true max_uv_excess=0.00000008940697 widest=1.00024199049777 vertices=5092 derivatives=true bad_derivatives=0 min_determinant=0.00000007402591 worst_dot=0.99999982118607
CAP MAPPING: mesh=work_tables_2A_desk__oak_work_surface valid_basis=true max_uv_excess=0.00000005913898 widest=1.00003999713072 vertices=490 derivatives=true bad_derivatives=0 min_determinant=0.00000072292692 worst_dot=0.99999988079071
CAP MAPPING: mesh=work_tables_2A_desk__soot valid_basis=true max_uv_excess=0.00000011920929 widest=1.00051358627513 vertices=528 derivatives=true bad_derivatives=0 min_determinant=0.00000001040124 worst_dot=0.99999988079071
CAP MAPPING: mesh=work_tables_2A_desk__wood_dark valid_basis=true max_uv_excess=0.00000017881393 widest=1.00036056542573 vertices=9602 derivatives=true bad_derivatives=0 min_determinant=0.00000005667773 worst_dot=0.99999988079071
CAP MAPPING: mesh=work_tables_3B_workbench__iron_blackened valid_basis=true max_uv_excess=0.00000008552161 widest=1.00046821663875 vertices=17791 derivatives=true bad_derivatives=0 min_determinant=0.00000002889133 worst_dot=0.99999976158142
CAP MAPPING: mesh=work_tables_3B_workbench__nickel_plated valid_basis=true max_uv_excess=0.0000000792752 widest=1.00118468450564 vertices=7179 derivatives=true bad_derivatives=0 min_determinant=0.00000000166188 worst_dot=0.99999892711639
CAP MAPPING: mesh=work_tables_3B_workbench__oak_work_surface valid_basis=true max_uv_excess=0.00000023841858 widest=1.0000432377392 vertices=528 derivatives=true bad_derivatives=0 min_determinant=0.00000072298138 worst_dot=0.99999988079071
CAP MAPPING: mesh=work_tables_4B_terminal_desk__oak_work_surface valid_basis=true max_uv_excess=0.00000006263144 widest=1.00006032798238 vertices=500 derivatives=true bad_derivatives=0 min_determinant=0.00000046263721 worst_dot=0.99999988079071
CAP MAPPING: mesh=work_tables_4B_terminal_desk__wood_dark valid_basis=true max_uv_excess=0.00000011001248 widest=1.00028919594686 vertices=4222 derivatives=true bad_derivatives=0 min_determinant=0.0000001156172 worst_dot=0.99999988079071
CAP MAPPING: mesh=work_tables_5A_plantable__oak_work_surface valid_basis=true max_uv_excess=0.00000023841858 widest=1.00003971546079 vertices=510 derivatives=true bad_derivatives=0 min_determinant=0.00000072290334 worst_dot=0.99999988079071
CAP MAPPING: mesh=work_tables_5A_plantable__paper valid_basis=true max_uv_excess=0.00000008940697 widest=1.00079922594479 vertices=4424 derivatives=true bad_derivatives=0 min_determinant=0.00000000462132 worst_dot=0.99999964237213
CAP MAPPING: mesh=work_tables_5A_plantable__wood_dark valid_basis=true max_uv_excess=0.00000011920929 widest=1.00030870695984 vertices=4876 derivatives=true bad_derivatives=0 min_determinant=0.00000006605472 worst_dot=0.99999988079071
CAP MAPPING: mesh=work_tables_6A_deskwall__iron_blackened valid_basis=true max_uv_excess=0.00000007258495 widest=1.00030029157189 vertices=5188 derivatives=true bad_derivatives=0 min_determinant=0.0000000289043 worst_dot=0.99999988079071
CAP MAPPING: mesh=work_tables_6A_deskwall__trim valid_basis=true max_uv_excess=0.00000006752089 widest=1.00006503364931 vertices=520 derivatives=true bad_derivatives=0 min_determinant=0.00000046264304 worst_dot=0.99999994039536
CAP MAPPING: mesh=reading_nook_nook_rug__rug_warm valid_basis=true max_uv_excess=0.00000023841858 widest=1.0001114936059 vertices=512 derivatives=true bad_derivatives=0 min_determinant=0.00000046252763 worst_dot=0.99999988079071
CAP MAPPING: mesh=reading_nook_nook_seat_n__floor_oak valid_basis=true max_uv_excess=0.00000022724271 widest=1.00019807628403 vertices=516 derivatives=true bad_derivatives=0 min_determinant=0.00000046248047 worst_dot=0.99999988079071
CAP MAPPING: mesh=reading_nook_nook_apron_n__wood_dark valid_basis=true max_uv_excess=0.00000011920929 widest=1.00015185059049 vertices=504 derivatives=true bad_derivatives=0 min_determinant=0.00000046268077 worst_dot=0.99999988079071
CAP MAPPING: mesh=reading_nook_nook_seat_w__floor_oak valid_basis=true max_uv_excess=0.00000020070001 widest=1.00019413426254 vertices=500 derivatives=true bad_derivatives=0 min_determinant=0.00000046255007 worst_dot=0.99999988079071
CAP MAPPING: mesh=reading_nook_nook_apron_w__wood_dark valid_basis=true max_uv_excess=0.00000011024531 widest=1.00011602802543 vertices=506 derivatives=true bad_derivatives=0 min_determinant=0.00000046256175 worst_dot=0.99999988079071
CAP MAPPING: mesh=reading_nook_nook_seat_e__floor_oak valid_basis=true max_uv_excess=0.00000020070001 widest=1.00019697681608 vertices=488 derivatives=true bad_derivatives=0 min_determinant=0.00000046254422 worst_dot=0.99999988079071
CAP MAPPING: mesh=reading_nook_nook_apron_e__wood_dark valid_basis=true max_uv_excess=0.0000000919681 widest=1.0001258472587 vertices=526 derivatives=true bad_derivatives=0 min_determinant=0.00000046256758 worst_dot=0.99999988079071
CAP MAPPING: mesh=reading_nook_nook_cush1__fabric_warm valid_basis=true max_uv_excess=0.00000007334165 widest=1.00005969480745 vertices=2187 derivatives=true bad_derivatives=0 min_determinant=0.00000393286466 worst_dot=0.99999982118607
CAP MAPPING: mesh=reading_nook_nook_cush2__fabric_green valid_basis=true max_uv_excess=0.00000007625204 widest=1.00006226116191 vertices=2196 derivatives=true bad_derivatives=0 min_determinant=0.00000393286466 worst_dot=0.99999988079071
CAP MAPPING: mesh=reading_nook_nook_throw__linen valid_basis=true max_uv_excess=0.00000007310882 widest=1.00001774315439 vertices=1598 derivatives=true bad_derivatives=0 min_determinant=0.00000726701089 worst_dot=0.99999988079071
CAP MAPPING: mesh=reading_nook_nook_books__book_brown valid_basis=true max_uv_excess=0.00000008278585 widest=1.00055924077138 vertices=17388 derivatives=true bad_derivatives=0 min_determinant=0.00000001848645 worst_dot=0.99999982118607
CAP MAPPING: mesh=reading_nook_nook_books__book_burgundy valid_basis=true max_uv_excess=0.00000008211646 widest=1.00049067918559 vertices=18983 derivatives=true bad_derivatives=0 min_determinant=0.00000001848645 worst_dot=0.99999982118607
CAP MAPPING: mesh=reading_nook_nook_books__book_green valid_basis=true max_uv_excess=0.00000008278585 widest=1.00042974290549 vertices=11121 derivatives=true bad_derivatives=0 min_determinant=0.00000001848456 worst_dot=0.99999982118607
CAP MAPPING: mesh=reading_nook_nook_books__book_navy valid_basis=true max_uv_excess=0.00000008220377 widest=1.00050152787346 vertices=15782 derivatives=true bad_derivatives=0 min_determinant=0.00000001848456 worst_dot=0.99999988079071
CAP MAPPING: mesh=reading_nook_nook_books__book_ochre valid_basis=true max_uv_excess=0.00000008349889 widest=1.00046208104063 vertices=11065 derivatives=true bad_derivatives=0 min_determinant=0.00000001848504 worst_dot=0.99999988079071
CAP MAPPING: mesh=reading_nook_nook_books__book_teal valid_basis=true max_uv_excess=0.00000007892959 widest=1.00044738396333 vertices=15820 derivatives=true bad_derivatives=0 min_determinant=0.00000001849022 worst_dot=0.99999982118607
CAP MAPPING: mesh=reading_nook_nook_books__floor_oak valid_basis=true max_uv_excess=0.00000021269079 widest=1.00028377999412 vertices=1526 derivatives=true bad_derivatives=0 min_determinant=0.00000046239336 worst_dot=0.99999988079071
CAP MAPPING: mesh=reading_nook_nook_books__metal valid_basis=true max_uv_excess=0.0000000486616 widest=1.00001909401372 vertices=808 derivatives=true bad_derivatives=0 min_determinant=0.0000012665417 worst_dot=0.99999994039536
CAP MAPPING: mesh=reading_nook_nook_books__paper valid_basis=true max_uv_excess=0.00000008759525 widest=1.00112883381865 vertices=29719 derivatives=true bad_derivatives=0 min_determinant=0.00000000460943 worst_dot=0.99999940395355
CAP MAPPING: mesh=reading_nook_nook_table__glassish valid_basis=true max_uv_excess=0.000000115484 widest=1.00033301979824 vertices=4135 derivatives=true bad_derivatives=0 min_determinant=0.00000691604018 worst_dot=0.99999982118607
CAP MAPPING: mesh=reading_nook_nook_table__rubber_aged valid_basis=true max_uv_excess=0.00000006071059 widest=1.00023389688354 vertices=1050 derivatives=true bad_derivatives=0 min_determinant=0.00000002890194 worst_dot=0.99999988079071
CAP MAPPING: mesh=reading_nook_nook_table__wood_dark valid_basis=true max_uv_excess=0.00000005960464 widest=1.00000066227402 vertices=48 derivatives=true bad_derivatives=0 min_determinant=0.01170000391006 worst_dot=1.0
CAP MAPPING: mesh=reading_nook_nook_mug__ceramic valid_basis=true max_uv_excess=0.00000007171184 widest=1.00001438079505 vertices=1915 derivatives=true bad_derivatives=0 min_determinant=0.00001252840874 worst_dot=0.99999988079071
CAP MAPPING: mesh=reading_nook_nook_pile__book_navy valid_basis=true max_uv_excess=0.00000006644404 widest=1.0003213798245 vertices=1618 derivatives=true bad_derivatives=0 min_determinant=0.00000001849871 worst_dot=0.99999988079071
CAP MAPPING: mesh=reading_nook_nook_pile__book_ochre valid_basis=true max_uv_excess=0.00000006851042 widest=1.0003313529808 vertices=1628 derivatives=true bad_derivatives=0 min_determinant=0.00000001849871 worst_dot=0.99999988079071
CAP MAPPING: mesh=reading_nook_nook_pile__book_teal valid_basis=true max_uv_excess=0.00000007089693 widest=1.00034286085859 vertices=1632 derivatives=true bad_derivatives=0 min_determinant=0.00000001849965 worst_dot=0.99999988079071
CAP MAPPING: mesh=reading_nook_nook_pile__paper valid_basis=true max_uv_excess=0.00000007260678 widest=1.00070218596634 vertices=1632 derivatives=true bad_derivatives=0 min_determinant=0.00000000462132 worst_dot=0.99999964237213
CAP MAPPING: mesh=reading_nook_nook_plant__plant valid_basis=true max_uv_excess=0.00000008457573 widest=1.00012759181298 vertices=12294 derivatives=true bad_derivatives=0 min_determinant=0.00000016786472 worst_dot=0.99999988079071
CAP MAPPING: mesh=reading_nook_nook_plant__soil valid_basis=true max_uv_excess=0.00000005960464 widest=1.00000838555849 vertices=1060 derivatives=true bad_derivatives=0 min_determinant=0.00026535596986 worst_dot=0.99999988079071
CAP MAPPING: mesh=reading_nook_nook_plant__terracotta valid_basis=true max_uv_excess=0.00000008381903 widest=1.00000677636701 vertices=4144 derivatives=true bad_derivatives=0 min_determinant=0.00025578036864 worst_dot=0.99999988079071
CAP MAPPING: mesh=reading_nook_nook_plant__timber valid_basis=true max_uv_excess=0.00000006007031 widest=1.00001207444485 vertices=396 derivatives=true bad_derivatives=0 min_determinant=0.00001749855793 worst_dot=0.99999988079071
[CALL] case 4471 opened (M. CHEN)
CAP MAPPING: mesh=task_lamps_TaskLamp_emeralite__bakelite valid_basis=true max_uv_excess=0.00000073609408 widest=1.00041671463971 vertices=1206 derivatives=true bad_derivatives=0 min_determinant=0.00000235826312 worst_dot=0.99999988079071
CAP MAPPING: mesh=task_lamps_TaskLamp_emeralite__brass valid_basis=true max_uv_excess=0.00000376161188 widest=1.00042371496762 vertices=8539 derivatives=true bad_derivatives=0 min_determinant=0.00000001393423 worst_dot=0.9999977350235
CAP MAPPING: mesh=task_lamps_TaskLamp_emeralite__bulb_opal valid_basis=true max_uv_excess=0.00000073225237 widest=1.00041623312139 vertices=1028 derivatives=true bad_derivatives=0 min_determinant=0.00001411364945 worst_dot=0.99999988079071
CAP MAPPING: mesh=task_lamps_TaskLamp_emeralite__green_glass valid_basis=true max_uv_excess=0.00000006891787 widest=1.00002337626028 vertices=1644 derivatives=true bad_derivatives=0 min_determinant=0.00000076801271 worst_dot=1.0
CAP MAPPING: mesh=task_lamps_TaskLamp_emeralite__nickel_plated valid_basis=true max_uv_excess=0.00000052736141 widest=1.00041337133065 vertices=1175 derivatives=true bad_derivatives=0 min_determinant=0.00000166465887 worst_dot=0.99999982118607
CAP MAPPING: mesh=task_lamps_TaskLamp_emeralite__rubber_aged valid_basis=true max_uv_excess=0.00000007450581 widest=1.00001774550732 vertices=178 derivatives=true bad_derivatives=0 min_determinant=0.00000372772282 worst_dot=0.99999988079071
CAP MAPPING: mesh=task_lamps_TaskLamp_emeralite__switch_bakelite valid_basis=true max_uv_excess=0.00000005273614 widest=1.00007214946311 vertices=796 derivatives=true bad_derivatives=0 min_determinant=0.00000022327247 worst_dot=0.99999988079071
CAP MAPPING: mesh=task_lamps_TaskLamp_office_green__bakelite valid_basis=true max_uv_excess=0.00000073609408 widest=1.00041671463971 vertices=1206 derivatives=true bad_derivatives=0 min_determinant=0.00000235828397 worst_dot=0.99999988079071
CAP MAPPING: mesh=task_lamps_TaskLamp_office_green__brass valid_basis=true max_uv_excess=0.00000309152529 widest=1.00042371496762 vertices=8512 derivatives=true bad_derivatives=0 min_determinant=0.00000001393072 worst_dot=0.99999797344208
CAP MAPPING: mesh=task_lamps_TaskLamp_office_green__bulb_opal valid_basis=true max_uv_excess=0.00000074319541 widest=1.00042073151925 vertices=1028 derivatives=true bad_derivatives=0 min_determinant=0.00001411364945 worst_dot=0.99999982118607
CAP MAPPING: mesh=task_lamps_TaskLamp_office_green__green_glass valid_basis=true max_uv_excess=0.00000005820766 widest=1.00001850824118 vertices=1606 derivatives=true bad_derivatives=0 min_determinant=0.00000062032072 worst_dot=1.0
CAP MAPPING: mesh=task_lamps_TaskLamp_office_green__nickel_plated valid_basis=true max_uv_excess=0.00000052736141 widest=1.00041337133065 vertices=1175 derivatives=true bad_derivatives=0 min_determinant=0.00000166465887 worst_dot=0.99999982118607
CAP MAPPING: mesh=task_lamps_TaskLamp_office_green__rubber_aged valid_basis=true max_uv_excess=0.00000005960464 widest=1.00001176270169 vertices=180 derivatives=true bad_derivatives=0 min_determinant=0.0000037278732 worst_dot=0.99999988079071
CAP MAPPING: mesh=task_lamps_TaskLamp_office_green__switch_bakelite valid_basis=true max_uv_excess=0.00000005273614 widest=1.00007214946311 vertices=796 derivatives=true bad_derivatives=0 min_determinant=0.00000022327247 worst_dot=0.99999988079071
CAP MAPPING: mesh=task_lamps_TaskLamp_bench_friction__bakelite valid_basis=true max_uv_excess=0.00000007427298 widest=1.00003340052178 vertices=538 derivatives=true bad_derivatives=0 min_determinant=0.00000064524359 worst_dot=0.99999988079071
CAP MAPPING: mesh=task_lamps_TaskLamp_bench_friction__bulb_opal valid_basis=true max_uv_excess=0.00000081304461 widest=1.00039614553258 vertices=1152 derivatives=true bad_derivatives=0 min_determinant=0.00002242403381 worst_dot=0.99999982118607
CAP MAPPING: mesh=task_lamps_TaskLamp_bench_friction__iron_blackened valid_basis=true max_uv_excess=0.00000434555113 widest=1.00041243081503 vertices=9035 derivatives=true bad_derivatives=0 min_determinant=0.00000003568986 worst_dot=0.99999892711639
CAP MAPPING: mesh=task_lamps_TaskLamp_bench_friction__nickel_plated valid_basis=true max_uv_excess=0.00000447686762 widest=1.0005627987783 vertices=35962 derivatives=true bad_derivatives=0 min_determinant=0.00000000141895 worst_dot=0.99998337030411
CAP MAPPING: mesh=task_lamps_TaskLamp_bench_friction__rubber_aged valid_basis=true max_uv_excess=0.00000005960464 widest=1.00002251142987 vertices=226 derivatives=true bad_derivatives=0 min_determinant=0.00000372772282 worst_dot=0.99999988079071
CAP MAPPING: mesh=task_lamps_TaskLamp_bench_friction__switch_bakelite valid_basis=true max_uv_excess=0.00000005273614 widest=1.00007214946311 vertices=796 derivatives=true bad_derivatives=0 min_determinant=0.00000022327247 worst_dot=0.99999988079071
CAP MAPPING: mesh=task_lamps_TaskLamp_landlord_enamel__bakelite valid_basis=true max_uv_excess=0.00000007473864 widest=1.00003360993648 vertices=491 derivatives=true bad_derivatives=0 min_determinant=0.00000064522599 worst_dot=0.99999988079071
CAP MAPPING: mesh=task_lamps_TaskLamp_landlord_enamel__bulb_opal valid_basis=true max_uv_excess=0.00000080442987 widest=1.00039335457555 vertices=1152 derivatives=true bad_derivatives=0 min_determinant=0.00002242400607 worst_dot=0.99999982118607
CAP MAPPING: mesh=task_lamps_TaskLamp_landlord_enamel__enamel valid_basis=true max_uv_excess=0.00000328477472 widest=1.00042693731258 vertices=5920 derivatives=true bad_derivatives=0 min_determinant=0.00000014285308 worst_dot=0.99999976158142
CAP MAPPING: mesh=task_lamps_TaskLamp_landlord_enamel__iron_blackened valid_basis=true max_uv_excess=0.00000005960464 widest=1.00009467026436 vertices=620 derivatives=true bad_derivatives=0 min_determinant=0.00000003568946 worst_dot=0.99999892711639
CAP MAPPING: mesh=task_lamps_TaskLamp_landlord_enamel__nickel_plated valid_basis=true max_uv_excess=0.00000349059701 widest=1.00042138330287 vertices=13385 derivatives=true bad_derivatives=0 min_determinant=0.00000000142239 worst_dot=0.99999189376831
CAP MAPPING: mesh=task_lamps_TaskLamp_landlord_enamel__rubber_aged valid_basis=true max_uv_excess=0.00000005075708 widest=1.00002210582973 vertices=180 derivatives=true bad_derivatives=0 min_determinant=0.00000372781501 worst_dot=0.99999988079071
CAP MAPPING: mesh=task_lamps_TaskLamp_landlord_enamel__switch_bakelite valid_basis=true max_uv_excess=0.00000005273614 widest=1.00007214946311 vertices=796 derivatives=true bad_derivatives=0 min_determinant=0.00000022327247 worst_dot=0.99999988079071
CAP MAPPING: mesh=task_lamps_TaskLamp_architect_counterweight__bakelite valid_basis=true max_uv_excess=0.00000006984919 widest=1.00002209249195 vertices=531 derivatives=true bad_derivatives=0 min_determinant=0.00000064522599 worst_dot=0.99999988079071
CAP MAPPING: mesh=task_lamps_TaskLamp_architect_counterweight__bulb_opal valid_basis=true max_uv_excess=0.00000079395249 widest=1.00039656438334 vertices=1152 derivatives=true bad_derivatives=0 min_determinant=0.00002242406075 worst_dot=0.99999982118607
CAP MAPPING: mesh=task_lamps_TaskLamp_architect_counterweight__iron_blackened valid_basis=true max_uv_excess=0.00000005913898 widest=1.00009467026436 vertices=627 derivatives=true bad_derivatives=0 min_determinant=0.00000003568502 worst_dot=0.99999892711639
CAP MAPPING: mesh=task_lamps_TaskLamp_architect_counterweight__nickel_plated valid_basis=true max_uv_excess=0.00000302167609 widest=1.00042571414675 vertices=36305 derivatives=true bad_derivatives=0 min_determinant=0.00000008032416 worst_dot=0.99999928474426
CAP MAPPING: mesh=task_lamps_TaskLamp_architect_counterweight__rubber_aged valid_basis=true max_uv_excess=0.00000005960464 widest=1.00001997631438 vertices=228 derivatives=true bad_derivatives=0 min_determinant=0.00000372786321 worst_dot=0.99999988079071
CAP MAPPING: mesh=task_lamps_TaskLamp_architect_counterweight__switch_bakelite valid_basis=true max_uv_excess=0.00000005273614 widest=1.00007214946311 vertices=796 derivatives=true bad_derivatives=0 min_determinant=0.00000022327247 worst_dot=0.99999988079071
CAP MAPPING: mesh=task_lamps_TaskLamp_architect_counterweight__wood_dark valid_basis=true max_uv_excess=0.00000447127968 widest=1.00040680707456 vertices=2102 derivatives=true bad_derivatives=0 min_determinant=0.00000032146907 worst_dot=0.99999982118607
TASK LAMPS: { "checks": 416, "parts": 34, "triangles": 61596, "production_actors": 1, "library_variants": 5, "failures": [] }
FABRICATION BATCH: worlds=1 modules=5 module_checks=3759 failures=0 elapsed_ms=47976
