FABRICATION STAGE: art/blender/scripts/build_signal_terminal.py
C:\PleaseRemainOnTheLine\art\blender\scripts\build_signal_terminal.py:73: DeprecationWarning: 'Material.use_nodes' is expected to be removed in Blender 6.0
  mat=bpy.data.materials.new(key);mat.use_nodes=True;materials[key]=mat
Info: Saved as "signal_terminal.blend"
INFO Draco is available, use library at C:\Program Files\Blender Foundation\Blender 5.2\5.2\scripts\addons_core\io_scene_gltf2\bf_intern_draco_bridge.dll
INFO MeshOptimizer is available, use library at C:\Program Files\Blender Foundation\Blender 5.2\5.2\scripts\addons_core\io_scene_gltf2\bf_intern_meshopt_bridge.dll
18:07:18 | INFO: Starting glTF 2.0 export
18:07:18 | INFO: Extracting primitive: VantryFixed__bakelite
18:07:18 | INFO: Primitives created: 1
18:07:18 | INFO: Extracting primitive: VantryFixed__brass_dull
18:07:18 | INFO: Primitives created: 1
18:07:18 | INFO: Extracting primitive: VantryFixed__copper_aged
18:07:18 | INFO: Primitives created: 1
18:07:18 | INFO: Extracting primitive: VantryFixed__glassish
18:07:18 | INFO: Primitives created: 1
18:07:18 | INFO: Extracting primitive: VantryFixed__nickel_plated
18:07:18 | INFO: Primitives created: 1
18:07:18 | INFO: Extracting primitive: VantryFixed__wood_dark
18:07:18 | INFO: Primitives created: 1
18:07:18 | INFO: Finished glTF 2.0 export in 0.04899096488952637 s

SURFACE STOCK 1 original records; 1 assemblies; 101 closed stocks; 6 parts; 24516 triangles; 4 foot contacts
FABRICATION STAGE: art/blender/scripts/inspect_signal_terminal.py
00:02.750  blend            | Read blend: "C:\PleaseRemainOnTheLine\art\blender\signal_terminal.blend"
Traceback (most recent call last):
  File "C:\PleaseRemainOnTheLine\art\blender\scripts\run_fabrication_batch.py", line 79, in <module>
    if __name__ == '__main__': main()
                               ~~~~^^
  File "C:\PleaseRemainOnTheLine\art\blender\scripts\run_fabrication_batch.py", line 72, in main
    results = execute(stages)
  File "C:\PleaseRemainOnTheLine\art\blender\scripts\run_fabrication_batch.py", line 47, in execute
    runpy.run_path(sys.argv[0], run_name='__main__')
    ~~~~~~~~~~~~~~^^^^^^^^^^^^^^^^^^^^^^^^^^^^^^^^^^
  File "<frozen runpy>", line 287, in run_path
  File "<frozen runpy>", line 98, in _run_module_code
  File "<frozen runpy>", line 88, in _run_code
  File "C:\PleaseRemainOnTheLine\art\blender\scripts\inspect_signal_terminal.py", line 56, in <module>
    assert not join_failures,join_failures
           ^^^^^^^^^^^^^^^^^
AssertionError: [('FixedInstrument', 'disconnected', ['VantryFixed_ValvePlate(-0.2, -0.012)', 'VantryFixed_ValvePlate(-0.2, 0.012)', 'VantryFixed_ValvePlate(0, -0.012)', 'VantryFixed_ValvePlate(0, 0.012)', 'VantryFixed_ValvePlate(0.2, -0.012)', 'VantryFixed_ValvePlate(0.2, 0.012)'])]

Error: script failed, file: 'art/blender/scripts/run_fabrication_batch.py', exiting.
Blender 5.2.0 LTS (hash fbe6228777e7 built 2026-07-14 01:35:40)

Blender quit
