FABRICATION STAGE: art/blender/scripts/build_surface_stock.py
C:\PleaseRemainOnTheLine\art\blender\scripts\build_surface_stock.py:68: DeprecationWarning: 'Material.use_nodes' is expected to be removed in Blender 6.0
  mat=bpy.data.materials.new(key);mat.use_nodes=True;materials[key]=mat
Traceback (most recent call last):
  File "C:\PleaseRemainOnTheLine\art\blender\scripts\run_fabrication_batch.py", line 79, in <module>
    if __name__ == '__main__': main()
                               ~~~~^^
  File "C:\PleaseRemainOnTheLine\art\blender\scripts\run_fabrication_batch.py", line 72, in main
    results = execute(stages)
  File "C:\PleaseRemainOnTheLine\art\blender\scripts\run_fabrication_batch.py", line 47, in execute
    runpy.run_path(sys.argv[0], run_name='__main__')
    ~~~~~~~~~~~~~~^^^^^^^^^^^^^^^^^^^^^^^^^^^^^^^^^^
  File "<frozen runpy>", line 287, in run_path
  File "<frozen runpy>", line 98, in _run_module_code
  File "<frozen runpy>", line 88, in _run_code
  File "C:\PleaseRemainOnTheLine\art\blender\scripts\build_surface_stock.py", line 249, in <module>
    normals=stock_corner_normals(mesh);mesh.normals_split_custom_set(normals);obj=bpy.data.objects.new(name,mesh);bpy.context.scene.collection.objects.link(obj);obj.location=origin;draws.append(obj)
  File "C:\PleaseRemainOnTheLine\art\blender\scripts\fabrication_normals.py", line 24, in stock_corner_normals
    weights=(dots>=cutoff)*areas[faces,None,:]
                           ~~~~~^^^^^^^^^^^^^^
IndexError: too many indices for array: array is 1-dimensional, but 2 were indexed

Error: script failed, file: 'art/blender/scripts/run_fabrication_batch.py', exiting.
Blender 5.2.0 LTS (hash fbe6228777e7 built 2026-07-14 01:35:40)

Blender quit
