FABRICATION STAGE: art/blender/scripts/build_surface_stock.py
C:\PleaseRemainOnTheLine\art\blender\scripts\build_surface_stock.py:70: DeprecationWarning: 'Material.use_nodes' is expected to be removed in Blender 6.0
  mat=bpy.data.materials.new(key);mat.use_nodes=True;materials[key]=mat
Info: Saved as "surface_stock.blend"
INFO Draco is available, use library at C:\Program Files\Blender Foundation\Blender 5.2\5.2\scripts\addons_core\io_scene_gltf2\bf_intern_draco_bridge.dll
INFO MeshOptimizer is available, use library at C:\Program Files\Blender Foundation\Blender 5.2\5.2\scripts\addons_core\io_scene_gltf2\bf_intern_meshopt_bridge.dll
18:13:46 | INFO: Starting glTF 2.0 export
18:13:46 | INFO: Extracting primitive: 2A_k_kdishrack__nickel_plated
18:13:46 | INFO: Primitives created: 1
18:13:46 | INFO: Extracting primitive: 2A_k_kdishrack__porcelain
18:13:46 | INFO: Primitives created: 1
18:13:46 | INFO: Extracting primitive: 2A_k_kdishrack__rubber_aged
18:13:46 | INFO: Primitives created: 1
18:13:46 | INFO: Extracting primitive: 2A_k_kmug__porcelain
18:13:46 | INFO: Primitives created: 1
18:13:46 | INFO: Extracting primitive: 2A_mug__porcelain
18:13:46 | INFO: Primitives created: 1
18:13:46 | INFO: Extracting primitive: 2A_papers__paper
18:13:46 | INFO: Primitives created: 1
18:13:46 | INFO: Extracting primitive: 2A_phones__bakelite
18:13:46 | INFO: Primitives created: 1
18:13:46 | INFO: Extracting primitive: 2A_phones__nickel_plated
18:13:46 | INFO: Primitives created: 1
18:13:46 | INFO: Extracting primitive: 2A_phones__rubber_aged
18:13:46 | INFO: Primitives created: 1
18:13:46 | INFO: Extracting primitive: 2A_phones__wood_dark
18:13:46 | INFO: Primitives created: 1
18:13:46 | INFO: Extracting primitive: 2B_k_kdishrack__nickel_plated
18:13:46 | INFO: Primitives created: 1
18:13:46 | INFO: Extracting primitive: 2B_k_kdishrack__porcelain
18:13:46 | INFO: Primitives created: 1
18:13:46 | INFO: Extracting primitive: 2B_k_kdishrack__rubber_aged
18:13:46 | INFO: Primitives created: 1
18:13:46 | INFO: Extracting primitive: 2B_k_kmug__porcelain
18:13:46 | INFO: Primitives created: 1
18:13:46 | INFO: Extracting primitive: 2B_story_notions__bakelite
18:13:46 | INFO: Primitives created: 1
18:13:46 | INFO: Extracting primitive: 2B_story_notions__brass
18:13:46 | INFO: Primitives created: 1
18:13:46 | INFO: Extracting primitive: 2B_story_notions__chrome
18:13:47 | INFO: Primitives created: 1
18:13:47 | INFO: Extracting primitive: 2B_story_notions__glassish
18:13:47 | INFO: Primitives created: 1
18:13:47 | INFO: Extracting primitive: 2B_story_notions__metal
18:13:47 | INFO: Primitives created: 1
18:13:47 | INFO: Extracting primitive: 2B_story_patterns__paper
18:13:47 | INFO: Primitives created: 1
18:13:47 | INFO: Extracting primitive: 3A_k_kdishrack__nickel_plated
18:13:47 | INFO: Primitives created: 1
18:13:47 | INFO: Extracting primitive: 3A_k_kdishrack__porcelain
18:13:47 | INFO: Primitives created: 1
18:13:47 | INFO: Extracting primitive: 3A_k_kdishrack__rubber_aged
18:13:47 | INFO: Primitives created: 1
18:13:47 | INFO: Extracting primitive: 3A_k_kmug__porcelain
18:13:47 | INFO: Primitives created: 1
18:13:47 | INFO: Extracting primitive: 3A_story_cuttings__glassish
18:13:47 | INFO: Primitives created: 1
18:13:47 | INFO: Extracting primitive: 3A_story_seed_jars__bakelite
18:13:47 | INFO: Primitives created: 1
18:13:47 | INFO: Extracting primitive: 3A_story_seed_jars__brass
18:13:47 | INFO: Primitives created: 1
18:13:47 | INFO: Extracting primitive: 3A_story_seed_jars__chrome
18:13:47 | INFO: Primitives created: 1
18:13:47 | INFO: Extracting primitive: 3A_story_seed_jars__glassish
18:13:47 | INFO: Primitives created: 1
18:13:47 | INFO: Extracting primitive: 3A_story_seed_jars__metal
18:13:47 | INFO: Primitives created: 1
18:13:47 | INFO: Extracting primitive: 3B_coil__rubber_aged
18:13:47 | INFO: Primitives created: 1
18:13:47 | INFO: Extracting primitive: 3B_jars__bakelite
18:13:47 | INFO: Primitives created: 1
18:13:47 | INFO: Extracting primitive: 3B_jars__brass
18:13:47 | INFO: Primitives created: 1
18:13:47 | INFO: Extracting primitive: 3B_jars__chrome
18:13:47 | INFO: Primitives created: 1
18:13:47 | INFO: Extracting primitive: 3B_jars__glassish
18:13:47 | INFO: Primitives created: 1
18:13:47 | INFO: Extracting primitive: 3B_jars__metal
18:13:47 | INFO: Primitives created: 1
18:13:47 | INFO: Extracting primitive: 3B_k_kdishrack__nickel_plated
18:13:47 | INFO: Primitives created: 1
18:13:47 | INFO: Extracting primitive: 3B_k_kdishrack__porcelain
18:13:47 | INFO: Primitives created: 1
18:13:47 | INFO: Extracting primitive: 3B_k_kdishrack__rubber_aged
18:13:47 | INFO: Primitives created: 1
18:13:47 | INFO: Extracting primitive: 3B_k_kmug__porcelain
18:13:47 | INFO: Primitives created: 1
18:13:47 | INFO: Extracting primitive: 3B_manuals__book_brown
18:13:47 | INFO: Primitives created: 1
18:13:47 | INFO: Extracting primitive: 3B_manuals__book_navy
18:13:47 | INFO: Primitives created: 1
18:13:47 | INFO: Extracting primitive: 3B_manuals__book_ochre
18:13:47 | INFO: Primitives created: 1
18:13:47 | INFO: Extracting primitive: 3B_manuals__book_teal
18:13:47 | INFO: Primitives created: 1
18:13:47 | INFO: Extracting primitive: 3B_manuals__paper
18:13:47 | INFO: Primitives created: 1
18:13:47 | INFO: Extracting primitive: 3B_mug__enamel
18:13:47 | INFO: Primitives created: 1
18:13:47 | INFO: Extracting primitive: 3B_tray1__bakelite
18:13:47 | INFO: Primitives created: 1
18:13:47 | INFO: Extracting primitive: 3B_tray1__brass
18:13:47 | INFO: Primitives created: 1
18:13:47 | INFO: Extracting primitive: 3B_tray1__chrome
18:13:47 | INFO: Primitives created: 1
18:13:47 | INFO: Extracting primitive: 3B_tray1__glassish
18:13:47 | INFO: Primitives created: 1
18:13:47 | INFO: Extracting primitive: 3B_tray1__metal
18:13:47 | INFO: Primitives created: 1
18:13:47 | INFO: Extracting primitive: 3B_tray1__nickel_plated
18:13:47 | INFO: Primitives created: 1
18:13:47 | INFO: Extracting primitive: 3B_tray2__bakelite
18:13:47 | INFO: Primitives created: 1
18:13:47 | INFO: Extracting primitive: 3B_tray2__brass
18:13:47 | INFO: Primitives created: 1
18:13:47 | INFO: Extracting primitive: 3B_tray2__chrome
18:13:47 | INFO: Primitives created: 1
18:13:47 | INFO: Extracting primitive: 3B_tray2__metal
18:13:47 | INFO: Primitives created: 1
18:13:47 | INFO: Extracting primitive: 4A_k_kdishrack__nickel_plated
18:13:47 | INFO: Primitives created: 1
18:13:47 | INFO: Extracting primitive: 4A_k_kdishrack__porcelain
18:13:47 | INFO: Primitives created: 1
18:13:47 | INFO: Extracting primitive: 4A_k_kdishrack__rubber_aged
18:13:47 | INFO: Primitives created: 1
18:13:47 | INFO: Extracting primitive: 4A_k_kmug__porcelain
18:13:47 | INFO: Primitives created: 1
18:13:47 | INFO: Extracting primitive: 4A_story_briefs__paper
18:13:47 | INFO: Primitives created: 1
18:13:47 | INFO: Extracting primitive: 4B_dishrack__nickel_plated
18:13:47 | INFO: Primitives created: 1
18:13:47 | INFO: Extracting primitive: 4B_dishrack__porcelain
18:13:47 | INFO: Primitives created: 1
18:13:47 | INFO: Extracting primitive: 4B_dishrack__rubber_aged
18:13:47 | INFO: Primitives created: 1
18:13:47 | INFO: Extracting primitive: 4B_mug__porcelain
18:13:47 | INFO: Primitives created: 1
18:13:47 | INFO: Extracting primitive: 5A_k_kdishrack__nickel_plated
18:13:47 | INFO: Primitives created: 1
18:13:47 | INFO: Extracting primitive: 5A_k_kdishrack__porcelain
18:13:47 | INFO: Primitives created: 1
18:13:47 | INFO: Extracting primitive: 5A_k_kdishrack__rubber_aged
18:13:47 | INFO: Primitives created: 1
18:13:47 | INFO: Extracting primitive: 5A_k_kmug__porcelain
18:13:47 | INFO: Primitives created: 1
18:13:47 | INFO: Extracting primitive: 5A_model__paper
18:13:47 | INFO: Primitives created: 1
18:13:47 | INFO: Extracting primitive: 5A_model__plywood
18:13:47 | INFO: Primitives created: 1
18:13:47 | INFO: Extracting primitive: 5A_model__timber
18:13:47 | INFO: Primitives created: 1
18:13:47 | INFO: Extracting primitive: 5A_model__trim
18:13:47 | INFO: Primitives created: 1
18:13:47 | INFO: Extracting primitive: 5A_mug1__porcelain
18:13:47 | INFO: Primitives created: 1
18:13:47 | INFO: Extracting primitive: 5A_mug2__enamel
18:13:47 | INFO: Primitives created: 1
18:13:47 | INFO: Extracting primitive: 5A_papers1__paper
18:13:47 | INFO: Primitives created: 1
18:13:47 | INFO: Extracting primitive: 5A_papers2__paper
18:13:47 | INFO: Primitives created: 1
18:13:47 | INFO: Extracting primitive: 5B_k_kdishrack__nickel_plated
18:13:47 | INFO: Primitives created: 1
18:13:47 | INFO: Extracting primitive: 5B_k_kdishrack__porcelain
18:13:47 | INFO: Primitives created: 1
18:13:47 | INFO: Extracting primitive: 5B_k_kdishrack__rubber_aged
18:13:47 | INFO: Primitives created: 1
18:13:47 | INFO: Extracting primitive: 5B_k_kmug__porcelain
18:13:47 | INFO: Primitives created: 1
18:13:47 | INFO: Extracting primitive: 5B_story_headphones__bakelite
18:13:47 | INFO: Primitives created: 1
18:13:47 | INFO: Extracting primitive: 5B_story_headphones__nickel_plated
18:13:47 | INFO: Primitives created: 1
18:13:47 | INFO: Extracting primitive: 5B_story_headphones__rubber_aged
18:13:47 | INFO: Primitives created: 1
18:13:47 | INFO: Extracting primitive: 5B_story_headphones__wood_dark
18:13:47 | INFO: Primitives created: 1
18:13:47 | INFO: Extracting primitive: 5B_story_lead__rubber_aged
18:13:47 | INFO: Primitives created: 1
18:13:47 | INFO: Extracting primitive: 5C_k_kdishrack__nickel_plated
18:13:47 | INFO: Primitives created: 1
18:13:47 | INFO: Extracting primitive: 5C_k_kdishrack__porcelain
18:13:47 | INFO: Primitives created: 1
18:13:47 | INFO: Extracting primitive: 5C_k_kdishrack__rubber_aged
18:13:47 | INFO: Primitives created: 1
18:13:47 | INFO: Extracting primitive: 5C_k_kmug__porcelain
18:13:47 | INFO: Primitives created: 1
18:13:47 | INFO: Extracting primitive: 5C_story_solvents__glassish
18:13:47 | INFO: Primitives created: 1
18:13:47 | INFO: Extracting primitive: 5C_story_studies__paper
18:13:47 | INFO: Primitives created: 1
18:13:47 | INFO: Extracting primitive: 6A_cans__metal
18:13:47 | INFO: Primitives created: 1
18:13:47 | INFO: Extracting primitive: 6A_detail_capture_mug__ceramic
18:13:47 | INFO: Primitives created: 1
18:13:47 | INFO: Extracting primitive: 6A_detail_capture_papers__paper
18:13:47 | INFO: Primitives created: 1
18:13:47 | INFO: Extracting primitive: 6A_k_kdishrack__nickel_plated
18:13:47 | INFO: Primitives created: 1
18:13:47 | INFO: Extracting primitive: 6A_k_kdishrack__porcelain
18:13:47 | INFO: Primitives created: 1
18:13:47 | INFO: Extracting primitive: 6A_k_kdishrack__rubber_aged
18:13:47 | INFO: Primitives created: 1
18:13:47 | INFO: Extracting primitive: 6A_k_kmug__porcelain
18:13:47 | INFO: Primitives created: 1
18:13:47 | INFO: Extracting primitive: 6A_phones__bakelite
18:13:47 | INFO: Primitives created: 1
18:13:47 | INFO: Extracting primitive: 6A_phones__nickel_plated
18:13:47 | INFO: Primitives created: 1
18:13:47 | INFO: Extracting primitive: 6A_phones__rubber_aged
18:13:47 | INFO: Primitives created: 1
18:13:47 | INFO: Extracting primitive: 6A_phones__wood_dark
18:13:47 | INFO: Primitives created: 1
18:13:47 | INFO: Extracting primitive: 6B_k_kdishrack__nickel_plated
18:13:47 | INFO: Primitives created: 1
18:13:47 | INFO: Extracting primitive: 6B_k_kdishrack__porcelain
18:13:47 | INFO: Primitives created: 1
18:13:47 | INFO: Extracting primitive: 6B_k_kdishrack__rubber_aged
18:13:47 | INFO: Primitives created: 1
18:13:47 | INFO: Extracting primitive: 6B_k_kmug__porcelain
18:13:47 | INFO: Primitives created: 1
18:13:47 | INFO: Extracting primitive: 6B_story_cold_coffee__ceramic
18:13:47 | INFO: Primitives created: 1
18:13:48 | INFO: Extracting primitive: 6B_story_draft__paper
18:13:48 | INFO: Primitives created: 1
18:13:48 | INFO: Extracting primitive: 6B_story_references__book_brown
18:13:48 | INFO: Primitives created: 1
18:13:48 | INFO: Extracting primitive: 6B_story_references__book_burgundy
18:13:48 | INFO: Primitives created: 1
18:13:48 | INFO: Extracting primitive: 6B_story_references__book_green
18:13:48 | INFO: Primitives created: 1
18:13:48 | INFO: Extracting primitive: 6B_story_references__book_navy
18:13:48 | INFO: Primitives created: 1
18:13:48 | INFO: Extracting primitive: 6B_story_references__book_ochre
18:13:48 | INFO: Primitives created: 1
18:13:48 | INFO: Extracting primitive: 6B_story_references__book_teal
18:13:48 | INFO: Primitives created: 1
18:13:48 | INFO: Extracting primitive: 6B_story_references__paper
18:13:48 | INFO: Primitives created: 1
18:13:48 | INFO: Extracting primitive: 6C_k_kdishrack__nickel_plated
18:13:48 | INFO: Primitives created: 1
18:13:48 | INFO: Extracting primitive: 6C_k_kdishrack__porcelain
18:13:48 | INFO: Primitives created: 1
18:13:48 | INFO: Extracting primitive: 6C_k_kdishrack__rubber_aged
18:13:48 | INFO: Primitives created: 1
18:13:48 | INFO: Extracting primitive: 6C_story_catalogues__book_brown
18:13:48 | INFO: Primitives created: 1
18:13:48 | INFO: Extracting primitive: 6C_story_catalogues__book_green
18:13:48 | INFO: Primitives created: 1
18:13:48 | INFO: Extracting primitive: 6C_story_catalogues__book_navy
18:13:48 | INFO: Primitives created: 1
18:13:48 | INFO: Extracting primitive: 6C_story_catalogues__book_ochre
18:13:48 | INFO: Primitives created: 1
18:13:48 | INFO: Extracting primitive: 6C_story_catalogues__book_teal
18:13:48 | INFO: Primitives created: 1
18:13:48 | INFO: Extracting primitive: 6C_story_catalogues__paper
18:13:48 | INFO: Primitives created: 1
18:13:48 | INFO: Extracting primitive: 6C_story_oddments__bakelite
18:13:48 | INFO: Primitives created: 1
18:13:48 | INFO: Extracting primitive: 6C_story_oddments__brass
18:13:48 | INFO: Primitives created: 1
18:13:48 | INFO: Extracting primitive: 6C_story_oddments__chrome
18:13:48 | INFO: Primitives created: 1
18:13:48 | INFO: Extracting primitive: 6C_story_oddments__glassish
18:13:48 | INFO: Primitives created: 1
18:13:48 | INFO: Extracting primitive: 6C_story_oddments__metal
18:13:48 | INFO: Primitives created: 1
18:13:48 | INFO: Finished glTF 2.0 export in 1.689021348953247 s

SURFACE STOCK 55 original records; 55 assemblies; 1171 closed stocks; 130 parts; 520548 triangles; 129 foot contacts
FABRICATION STAGE: art/blender/scripts/inspect_surface_stock.py
00:40.360  blend            | Read blend: "C:\PleaseRemainOnTheLine\art\blender\surface_stock.blend"
SURFACE STOCK LOCAL: 1171 closed stocks; 85 physical groups; 129 local bearings; 130 mapped parts
FABRICATION STAGE: art/blender/scripts/inspect_surface_stock_context.py
00:55.188  blend            | Read blend: "C:\PleaseRemainOnTheLine\art\blender\surface_stock.blend"
SURFACE STOCK CONTEXT: 129 bearings; 26 support actors
{"completed_stages": 3, "elapsed_s": 55.519}
Blender 5.2.0 LTS (hash fbe6228777e7 built 2026-07-14 01:35:40)

Blender quit
