Godot Engine v4.7.1.stable.official.a13da4feb - https://godotengine.org
Vulkan 1.4.341 - Forward+ - Using Device #0: NVIDIA - NVIDIA GeForce RTX 4080

[ACOUSTIC] 550 nodes loaded
[DREAM ZOO WAREHOUSE] PASS non-DEBUG setup creates no zoo, organelle, hero or controller
[DREAM ZOO WAREHOUSE] PASS zoo constructs its real organ adapter and hero
[DREAM ZOO WAREHOUSE] PASS controller has eight authored records
[DREAM ZOO WAREHOUSE] PASS seam_grazer retains its authored anatomy and long exhibit life
[DREAM ZOO WAREHOUSE] PASS crystal_listener retains its authored anatomy and long exhibit life
[DREAM ZOO WAREHOUSE] PASS fold_crab retains its authored anatomy and long exhibit life
[DREAM ZOO WAREHOUSE] PASS tardigrade retains its authored anatomy and long exhibit life
[DREAM ZOO WAREHOUSE] PASS stentor retains its authored anatomy and long exhibit life
[DREAM ZOO WAREHOUSE] PASS lacrymaria retains its authored anatomy and long exhibit life
[DREAM ZOO WAREHOUSE] PASS vorticella retains its authored anatomy and long exhibit life
[DREAM ZOO WAREHOUSE] PASS euplotes retains its authored anatomy and long exhibit life
[DREAM ZOO WAREHOUSE] PASS one controller mesh owns one shared material
[DREAM ZOO WAREHOUSE] PASS both controller bindings use the exact world texture
[DREAM ZOO WAREHOUSE] PASS packed draw slots cover the eight live animals within capacity
[DREAM ZOO WAREHOUSE] PASS controller has eight authored records
[DREAM ZOO WAREHOUSE] PASS spirostomum retains its authored anatomy and long exhibit life
[DREAM ZOO WAREHOUSE] PASS heliozoan retains its authored anatomy and long exhibit life
[DREAM ZOO WAREHOUSE] PASS euglena retains its authored anatomy and long exhibit life
[DREAM ZOO WAREHOUSE] PASS volvox retains its authored anatomy and long exhibit life
[DREAM ZOO WAREHOUSE] PASS noctiluca retains its authored anatomy and long exhibit life
[DREAM ZOO WAREHOUSE] PASS bacillaria retains its authored anatomy and long exhibit life
[DREAM ZOO WAREHOUSE] PASS salpingoeca retains its authored anatomy and long exhibit life
[DREAM ZOO WAREHOUSE] PASS mesodinium retains its authored anatomy and long exhibit life
[DREAM ZOO WAREHOUSE] PASS one controller mesh owns one shared material
[DREAM ZOO WAREHOUSE] PASS both controller bindings use the exact world texture
[DREAM ZOO WAREHOUSE] PASS packed draw slots cover the eight live animals within capacity
[DREAM ZOO WAREHOUSE] PASS all sixteen enum kinds are unique animals and actual shader kind IDs
[DREAM ZOO WAREHOUSE] PASS sixteen animals retain two primary controller meshes and materials
[DREAM ZOO WAREHOUSE] PASS the one exposure texture is the existing RG8 world grid
[DREAM ZOO WAREHOUSE] PASS actual global viewing stand remains supported by the hall
[DREAM ZOO WAREHOUSE] PASS fifteen unique named placeholders exactly match the wider-life catalogue
[DREAM ZOO WAREHOUSE] PASS hero instantiates authored skinned geometry and the deform rig
[DREAM ZOO WAREHOUSE] PASS hero retains real eye and three lid bones
[DREAM ZOO WAREHOUSE] PASS real hero meshes use the production skin and skeleton without shadow casting
[DREAM ZOO WAREHOUSE] PASS eight seconds advance the real hero clock and bone poses
[DREAM ZOO WAREHOUSE] PASS the real LivingField advances steps and its clock
[DREAM ZOO WAREHOUSE] PASS organelle display has populated cells and actual surface tendrils
[DREAM ZOO WAREHOUSE] PASS architecture panel samples the actual populated RGBA8 LivingField
[DREAM ZOO WAREHOUSE] PASS translated tendril draw bounds contain actual live anchors and spine points
[DREAM ZOO WAREHOUSE] PASS six arranged margin archetypes remain live and advance with the controller
[DREAM ZOO WAREHOUSE] PASS the real palp renderer submits margin geometry
[DREAM ZOO WAREHOUSE] PASS translated palp draw bounds contain actual rendered anchors and tips
[DREAM ZOO WAREHOUSE] PASS the existing listener is the nearby wall recipient
[DREAM ZOO WAREHOUSE] PASS capture writes hero_full_ensemble.png
[DREAM ZOO WAREHOUSE] PASS paused organelle refuses a debug secretion without emitting a packet
[DREAM ZOO WAREHOUSE] PASS pause holds the hero clock, actual bone poses and LivingField clock/steps
[DREAM ZOO WAREHOUSE] PASS resume advances both real owners
[DREAM ZOO WAREHOUSE] PASS active debug pulse uses one real hero secretion and director packet
[DREAM ZOO WAREHOUSE] PASS organelle selection names the live display and frames it
[DREAM ZOO WAREHOUSE] PASS capture writes organelle.png
[DREAM ZOO WAREHOUSE] PASS hero close-up follows the actual moving tip
[DREAM ZOO WAREHOUSE] PASS capture writes hero_tip_close.png
[DREAM ZOO WAREHOUSE] PASS placeholder jewelfruit selects its own labelled, described and framed bay
[DREAM ZOO WAREHOUSE] PASS placeholder jewelfruit camera remains within the hall
[DREAM ZOO WAREHOUSE] PASS placeholder jewelfruit centre sightline clears physical hall geometry
[DREAM ZOO WAREHOUSE] PASS capture writes placeholder_jewelfruit.png
[DREAM ZOO WAREHOUSE] PASS placeholder spiralings selects its own labelled, described and framed bay
[DREAM ZOO WAREHOUSE] PASS placeholder spiralings camera remains within the hall
[DREAM ZOO WAREHOUSE] PASS placeholder spiralings centre sightline clears physical hall geometry
[DREAM ZOO WAREHOUSE] PASS capture writes placeholder_spiralings.png
[DREAM ZOO WAREHOUSE] PASS placeholder chandelettes selects its own labelled, described and framed bay
[DREAM ZOO WAREHOUSE] PASS placeholder chandelettes camera remains within the hall
[DREAM ZOO WAREHOUSE] PASS placeholder chandelettes centre sightline clears physical hall geometry
[DREAM ZOO WAREHOUSE] PASS capture writes placeholder_chandelettes.png
[DREAM ZOO WAREHOUSE] PASS placeholder bezel_beetles selects its own labelled, described and framed bay
[DREAM ZOO WAREHOUSE] PASS placeholder bezel_beetles camera remains within the hall
[DREAM ZOO WAREHOUSE] PASS placeholder bezel_beetles centre sightline clears physical hall geometry
[DREAM ZOO WAREHOUSE] PASS capture writes placeholder_bezel_beetles.png
[DREAM ZOO WAREHOUSE] PASS placeholder deep_koi selects its own labelled, described and framed bay
[DREAM ZOO WAREHOUSE] PASS placeholder deep_koi camera remains within the hall
[DREAM ZOO WAREHOUSE] PASS placeholder deep_koi centre sightline clears physical hall geometry
[DREAM ZOO WAREHOUSE] PASS capture writes placeholder_deep_koi.png
[DREAM ZOO WAREHOUSE] PASS placeholder parliaments selects its own labelled, described and framed bay
[DREAM ZOO WAREHOUSE] PASS placeholder parliaments camera remains within the hall
[DREAM ZOO WAREHOUSE] PASS placeholder parliaments centre sightline clears physical hall geometry
[DREAM ZOO WAREHOUSE] PASS capture writes placeholder_parliaments.png
[DREAM ZOO WAREHOUSE] PASS placeholder gilders_buttons selects its own labelled, described and framed bay
[DREAM ZOO WAREHOUSE] PASS placeholder gilders_buttons camera remains within the hall
[DREAM ZOO WAREHOUSE] PASS placeholder gilders_buttons centre sightline clears physical hall geometry
[DREAM ZOO WAREHOUSE] PASS capture writes placeholder_gilders_buttons.png
[DREAM ZOO WAREHOUSE] PASS placeholder tessellates selects its own labelled, described and framed bay
[DREAM ZOO WAREHOUSE] PASS placeholder tessellates camera remains within the hall
[DREAM ZOO WAREHOUSE] PASS placeholder tessellates centre sightline clears physical hall geometry
[DREAM ZOO WAREHOUSE] PASS capture writes placeholder_tessellates.png
[DREAM ZOO WAREHOUSE] PASS placeholder wine_anemones selects its own labelled, described and framed bay
[DREAM ZOO WAREHOUSE] PASS placeholder wine_anemones camera remains within the hall
[DREAM ZOO WAREHOUSE] PASS placeholder wine_anemones centre sightline clears physical hall geometry
[DREAM ZOO WAREHOUSE] PASS capture writes placeholder_wine_anemones.png
[DREAM ZOO WAREHOUSE] PASS placeholder ribbonettes selects its own labelled, described and framed bay
[DREAM ZOO WAREHOUSE] PASS placeholder ribbonettes camera remains within the hall
[DREAM ZOO WAREHOUSE] PASS placeholder ribbonettes centre sightline clears physical hall geometry
[DREAM ZOO WAREHOUSE] PASS capture writes placeholder_ribbonettes.png
[DREAM ZOO WAREHOUSE] PASS placeholder the_loupe selects its own labelled, described and framed bay
[DREAM ZOO WAREHOUSE] PASS placeholder the_loupe camera remains within the hall
[DREAM ZOO WAREHOUSE] PASS placeholder the_loupe centre sightline clears physical hall geometry
[DREAM ZOO WAREHOUSE] PASS capture writes placeholder_the_loupe.png
[DREAM ZOO WAREHOUSE] PASS placeholder dream_pursuer selects its own labelled, described and framed bay
[DREAM ZOO WAREHOUSE] PASS placeholder dream_pursuer camera remains within the hall
[DREAM ZOO WAREHOUSE] PASS placeholder dream_pursuer centre sightline clears physical hall geometry
[DREAM ZOO WAREHOUSE] PASS capture writes placeholder_dream_pursuer.png
[DREAM ZOO WAREHOUSE] PASS placeholder dream_hazards selects its own labelled, described and framed bay
[DREAM ZOO WAREHOUSE] PASS placeholder dream_hazards camera remains within the hall
[DREAM ZOO WAREHOUSE] PASS placeholder dream_hazards centre sightline clears physical hall geometry
[DREAM ZOO WAREHOUSE] PASS capture writes placeholder_dream_hazards.png
[DREAM ZOO WAREHOUSE] PASS placeholder dream_surface_tissue selects its own labelled, described and framed bay
[DREAM ZOO WAREHOUSE] PASS placeholder dream_surface_tissue camera remains within the hall
[DREAM ZOO WAREHOUSE] PASS placeholder dream_surface_tissue centre sightline clears physical hall geometry
[DREAM ZOO WAREHOUSE] PASS capture writes placeholder_dream_surface_tissue.png
[DREAM ZOO WAREHOUSE] PASS placeholder case_incarnation_surfaces selects its own labelled, described and framed bay
[DREAM ZOO WAREHOUSE] PASS placeholder case_incarnation_surfaces camera remains within the hall
[DREAM ZOO WAREHOUSE] PASS placeholder case_incarnation_surfaces centre sightline clears physical hall geometry
[DREAM ZOO WAREHOUSE] PASS capture writes placeholder_case_incarnation_surfaces.png
[DREAM ZOO WAREHOUSE] PASS sightline test detects a real inserted blocking body
[DREAM ZOO WAREHOUSE] PASS sightline clears when the same blocking body is removed
[DREAM ZOO WAREHOUSE] PASS species selection leaves placeholder mode
[DREAM ZOO WAREHOUSE] PASS capture writes zoo_overview.png
[DREAM ZOO WAREHOUSE] PASS controller has eight authored records
[DREAM ZOO WAREHOUSE] PASS seam_grazer retains its authored anatomy and long exhibit life
[DREAM ZOO WAREHOUSE] PASS crystal_listener retains its authored anatomy and long exhibit life
[DREAM ZOO WAREHOUSE] PASS fold_crab retains its authored anatomy and long exhibit life
[DREAM ZOO WAREHOUSE] PASS tardigrade retains its authored anatomy and long exhibit life
[DREAM ZOO WAREHOUSE] PASS stentor retains its authored anatomy and long exhibit life
[DREAM ZOO WAREHOUSE] PASS lacrymaria retains its authored anatomy and long exhibit life
[DREAM ZOO WAREHOUSE] PASS vorticella retains its authored anatomy and long exhibit life
[DREAM ZOO WAREHOUSE] PASS euplotes retains its authored anatomy and long exhibit life
[DREAM ZOO WAREHOUSE] PASS one controller mesh owns one shared material
[DREAM ZOO WAREHOUSE] PASS both controller bindings use the exact world texture
[DREAM ZOO WAREHOUSE] PASS packed draw slots cover the eight live animals within capacity
[DREAM ZOO WAREHOUSE] PASS controller has eight authored records
[DREAM ZOO WAREHOUSE] PASS spirostomum retains its authored anatomy and long exhibit life
[DREAM ZOO WAREHOUSE] PASS heliozoan retains its authored anatomy and long exhibit life
[DREAM ZOO WAREHOUSE] PASS euglena retains its authored anatomy and long exhibit life
[DREAM ZOO WAREHOUSE] PASS volvox retains its authored anatomy and long exhibit life
[DREAM ZOO WAREHOUSE] PASS noctiluca retains its authored anatomy and long exhibit life
[DREAM ZOO WAREHOUSE] PASS bacillaria retains its authored anatomy and long exhibit life
[DREAM ZOO WAREHOUSE] PASS salpingoeca retains its authored anatomy and long exhibit life
[DREAM ZOO WAREHOUSE] PASS mesodinium retains its authored anatomy and long exhibit life
[DREAM ZOO WAREHOUSE] PASS one controller mesh owns one shared material
[DREAM ZOO WAREHOUSE] PASS both controller bindings use the exact world texture
[DREAM ZOO WAREHOUSE] PASS packed draw slots cover the eight live animals within capacity
[DREAM ZOO WAREHOUSE] PASS all sixteen enum kinds are unique animals and actual shader kind IDs
[DREAM ZOO WAREHOUSE] PASS sixteen animals retain two primary controller meshes and materials
[DREAM ZOO WAREHOUSE] PASS the one exposure texture is the existing RG8 world grid
[DREAM ZOO WAREHOUSE] PASS zoo, organelle and fauna owners are released
[DREAM ZOO WAREHOUSE] PASS retained fauna materials release their departed field
[DREAM ZOO WAREHOUSE] PASS retained architecture material releases the retired LivingField
[DREAM ZOO WAREHOUSE] PASS no runtime, script or shader error occurred during this diagnostic
[DREAM ZOO WAREHOUSE] 147/147 passed
