test_bad_probe_identity (test_gate.GateControls.test_bad_probe_identity) ... ok
test_clean_parser_fixture (test_gate.GateControls.test_clean_parser_fixture) ... ok
test_engine_binding (test_gate.GateControls.test_engine_binding) ... ok
test_exact_retained_softshadow_nospace (test_gate.GateControls.test_exact_retained_softshadow_nospace) ... ok
test_functional_failure (test_gate.GateControls.test_functional_failure) ... ok
test_guard_only_red_is_failure_with_specific_observation (test_gate.GateControls.test_guard_only_red_is_failure_with_specific_observation) ... ok
test_guard_red_rejects_route_and_native_errors (test_gate.GateControls.test_guard_red_rejects_route_and_native_errors) ... ok
test_guard_red_rejects_source_change (test_gate.GateControls.test_guard_red_rejects_source_change) ... ok
test_guard_red_rejects_unrelated_checks_or_missing_capture (test_gate.GateControls.test_guard_red_rejects_unrelated_checks_or_missing_capture) ... ok
test_guard_red_requires_live_mask_change (test_gate.GateControls.test_guard_red_requires_live_mask_change) ... ok
test_incomplete_retirement (test_gate.GateControls.test_incomplete_retirement) ... ok
test_missing_capture (test_gate.GateControls.test_missing_capture) ... ok
test_native_unpair_despite_engine_zero (test_gate.GateControls.test_native_unpair_despite_engine_zero) ... ok
test_only_exact_inherited_manifest (test_gate.GateControls.test_only_exact_inherited_manifest) ... ok
test_retention (test_gate.GateControls.test_retention) ... ok
test_source_drift (test_gate.GateControls.test_source_drift) ... ok
test_spaced_softshadow_separate (test_gate.GateControls.test_spaced_softshadow_separate) ... ok
test_unknown_vulkan_error (test_gate.GateControls.test_unknown_vulkan_error) ... ok
test_unrelated_failures_cannot_validate_omission_red (test_gate.GateControls.test_unrelated_failures_cannot_validate_omission_red) ... ok
test_candidate_exact_bytes (test_variant_case.VariantControls.test_candidate_exact_bytes) ... ok
test_duplicate_operation_fails_closed (test_variant_case.VariantControls.test_duplicate_operation_fails_closed) ... ok
test_helper_control_keeps_guard (test_variant_case.VariantControls.test_helper_control_keeps_guard) ... ok
test_mutated_guard_fails_closed (test_variant_case.VariantControls.test_mutated_guard_fails_closed) ... ok
test_raw_keeps_guard_and_unrelated_bytes (test_variant_case.VariantControls.test_raw_keeps_guard_and_unrelated_bytes) ... ok
test_viewport_control_only_guard (test_variant_case.VariantControls.test_viewport_control_only_guard) ... ok

----------------------------------------------------------------------
Ran 25 tests in 0.023s

OK
