WorkerThreadPool: 24 threads, 7 max low-priority.
Godot Engine v4.7.1.stable.official.a13da4feb - https://godotengine.org
TextServer: Added interface "Dummy"
TextServer: Added interface "ICU / HarfBuzz / Graphite (Built-in)"
Using "default" pen tablet driver...

TextServer: Primary interface set to: "ICU / HarfBuzz / Graphite (Built-in)".
CORE API HASH: 3769296884
EDITOR API HASH: 3146738256
SceneTreeFTI: traversal method DEFAULT
Loading resource: res://scripts/game_boot.gd remapped: res://scripts/game_boot.gd
Completed load for: 'res://scripts/game_boot.gd' remapped 'res://scripts/game_boot.gd' at thread -1
Loading resource: res://scripts/audio/conductor_clock.gd remapped: res://scripts/audio/conductor_clock.gd
Completed load for: 'res://scripts/audio/conductor_clock.gd' remapped 'res://scripts/audio/conductor_clock.gd' at thread -1
Loading resource: res://scripts/audio/audio_policy.gd remapped: res://scripts/audio/audio_policy.gd
Completed load for: 'res://scripts/audio/audio_policy.gd' remapped 'res://scripts/audio/audio_policy.gd' at thread -1
Loading resource: res://scripts/game/campaign_clock_driver.gd remapped: res://scripts/game/campaign_clock_driver.gd
Completed load for: 'res://scripts/game/campaign_clock_driver.gd' remapped 'res://scripts/game/campaign_clock_driver.gd' at thread -1
Loading resource: res://scripts/ui/save_status_notice.gd remapped: res://scripts/ui/save_status_notice.gd
Completed load for: 'res://scripts/ui/save_status_notice.gd' remapped 'res://scripts/ui/save_status_notice.gd' at thread -1
Loading resource: res://scripts/game/reality_case_manager.gd remapped: res://scripts/game/reality_case_manager.gd
Completed load for: 'res://scripts/game/reality_case_manager.gd' remapped 'res://scripts/game/reality_case_manager.gd' at thread -1
Loading resource: res://scripts/game/reality_rule_director.gd remapped: res://scripts/game/reality_rule_director.gd
Completed load for: 'res://scripts/game/reality_rule_director.gd' remapped 'res://scripts/game/reality_rule_director.gd' at thread -1
Loaded system CA certificates
Loading resource: res://tests/WorldTimestampTest.tscn remapped: res://tests/WorldTimestampTest.tscn
Loading resource: res://tests/world_timestamp_test.gd remapped: res://tests/world_timestamp_test.gd
Loading resource: res://shaders/orison_surface.gdshader remapped: res://shaders/orison_surface.gdshader
Loading resource: res://shaders/orison_surface.gdshaderinc remapped: res://shaders/orison_surface.gdshaderinc
Loading resource: res://shaders/dream_corruption_layers.gdshaderinc remapped: res://shaders/dream_corruption_layers.gdshaderinc
Completed load for: 'res://shaders/dream_corruption_layers.gdshaderinc' remapped 'res://shaders/dream_corruption_layers.gdshaderinc' at thread -1
Completed load for: 'res://shaders/orison_surface.gdshaderinc' remapped 'res://shaders/orison_surface.gdshaderinc' at thread -1
Completed load for: 'res://shaders/orison_surface.gdshader' remapped 'res://shaders/orison_surface.gdshader' at thread -1
Loading resource: res://shaders/orison_surface_cutout.gdshader remapped: res://shaders/orison_surface_cutout.gdshader
Completed load for: 'res://shaders/orison_surface_cutout.gdshader' remapped 'res://shaders/orison_surface_cutout.gdshader' at thread -1
Loading resource: res://shaders/dream_tentacle.gdshader remapped: res://shaders/dream_tentacle.gdshader
Loading resource: res://shaders/dream_entity_surface.gdshaderinc remapped: res://shaders/dream_entity_surface.gdshaderinc
Completed load for: 'res://shaders/dream_entity_surface.gdshaderinc' remapped 'res://shaders/dream_entity_surface.gdshaderinc' at thread -1
Completed load for: 'res://shaders/dream_tentacle.gdshader' remapped 'res://shaders/dream_tentacle.gdshader' at thread -1
Loading resource: res://shaders/dream_eye.gdshader remapped: res://shaders/dream_eye.gdshader
Completed load for: 'res://shaders/dream_eye.gdshader' remapped 'res://shaders/dream_eye.gdshader' at thread -1
Loading resource: res://shaders/dream_eyelid.gdshader remapped: res://shaders/dream_eyelid.gdshader
Completed load for: 'res://shaders/dream_eyelid.gdshader' remapped 'res://shaders/dream_eyelid.gdshader' at thread -1
Loading resource: res://shaders/dream_cilia.gdshader remapped: res://shaders/dream_cilia.gdshader
Completed load for: 'res://shaders/dream_cilia.gdshader' remapped 'res://shaders/dream_cilia.gdshader' at thread -1
Loading resource: res://shaders/dream_crystal.gdshader remapped: res://shaders/dream_crystal.gdshader
Completed load for: 'res://shaders/dream_crystal.gdshader' remapped 'res://shaders/dream_crystal.gdshader' at thread -1
Loading resource: res://shaders/dream_gold.gdshader remapped: res://shaders/dream_gold.gdshader
Completed load for: 'res://shaders/dream_gold.gdshader' remapped 'res://shaders/dream_gold.gdshader' at thread -1
Loading resource: res://shaders/dream_sucker.gdshader remapped: res://shaders/dream_sucker.gdshader
Completed load for: 'res://shaders/dream_sucker.gdshader' remapped 'res://shaders/dream_sucker.gdshader' at thread -1
Loading resource: res://shaders/dream_membrane.gdshader remapped: res://shaders/dream_membrane.gdshader
Completed load for: 'res://shaders/dream_membrane.gdshader' remapped 'res://shaders/dream_membrane.gdshader' at thread -1
Loading resource: res://shaders/dream_tendrils.gdshader remapped: res://shaders/dream_tendrils.gdshader
Completed load for: 'res://shaders/dream_tendrils.gdshader' remapped 'res://shaders/dream_tendrils.gdshader' at thread -1
Loading resource: res://assets/dream/tentacle/dream_tentacle.glb remapped: res://assets/dream/tentacle/dream_tentacle.glb
Loading resource: res://.godot/imported/dream_tentacle.glb-163cd22d73288c3d2a827fb5c0d691fa.scn remapped: res://.godot/imported/dream_tentacle.glb-163cd22d73288c3d2a827fb5c0d691fa.scn
Completed load for: 'res://assets/dream/tentacle/dream_tentacle.glb' remapped 'res://assets/dream/tentacle/dream_tentacle.glb' at thread -1
Loading resource: res://shaders/dream_hero_skin.gdshader remapped: res://shaders/dream_hero_skin.gdshader
Completed load for: 'res://shaders/dream_hero_skin.gdshader' remapped 'res://shaders/dream_hero_skin.gdshader' at thread -1
Loading resource: res://assets/dream/tentacle/T_dream_hero_anatomy.png remapped: res://assets/dream/tentacle/T_dream_hero_anatomy.png
Loading resource: res://.godot/imported/T_dream_hero_anatomy.png-e735c6abb05508b4e4c43633a35d83f1.ctex remapped: res://.godot/imported/T_dream_hero_anatomy.png-e735c6abb05508b4e4c43633a35d83f1.ctex
Completed load for: 'res://assets/dream/tentacle/T_dream_hero_anatomy.png' remapped 'res://assets/dream/tentacle/T_dream_hero_anatomy.png' at thread -1
Loading resource: res://shaders/dream_residue.gdshader remapped: res://shaders/dream_residue.gdshader
Completed load for: 'res://shaders/dream_residue.gdshader' remapped 'res://shaders/dream_residue.gdshader' at thread -1
Loading resource: res://shaders/dream_critter.gdshader remapped: res://shaders/dream_critter.gdshader
Completed load for: 'res://shaders/dream_critter.gdshader' remapped 'res://shaders/dream_critter.gdshader' at thread -1
Loading resource: res://shaders/dream_palp.gdshader remapped: res://shaders/dream_palp.gdshader
Completed load for: 'res://shaders/dream_palp.gdshader' remapped 'res://shaders/dream_palp.gdshader' at thread -1
Loading resource: res://assets/ui/telegram/telegram_paper_stock_v1.png remapped: res://assets/ui/telegram/telegram_paper_stock_v1.png
Loading resource: res://.godot/imported/telegram_paper_stock_v1.png-6da8e34d237a3bb83d7695aa967c7cff.ctex remapped: res://.godot/imported/telegram_paper_stock_v1.png-6da8e34d237a3bb83d7695aa967c7cff.ctex
Completed load for: 'res://assets/ui/telegram/telegram_paper_stock_v1.png' remapped 'res://assets/ui/telegram/telegram_paper_stock_v1.png' at thread -1
Loading resource: res://assets/fonts/courier_prime/CourierPrime-Regular.ttf remapped: res://assets/fonts/courier_prime/CourierPrime-Regular.ttf
Loading resource: res://.godot/imported/CourierPrime-Regular.ttf-b33a163554302b210ef6aef62fa4168a.fontdata remapped: res://.godot/imported/CourierPrime-Regular.ttf-b33a163554302b210ef6aef62fa4168a.fontdata
Completed load for: 'res://assets/fonts/courier_prime/CourierPrime-Regular.ttf' remapped 'res://assets/fonts/courier_prime/CourierPrime-Regular.ttf' at thread -1
Loading resource: res://assets/fonts/courier_prime/CourierPrime-Bold.ttf remapped: res://assets/fonts/courier_prime/CourierPrime-Bold.ttf
Loading resource: res://.godot/imported/CourierPrime-Bold.ttf-bf7a7031d9489227399d79b38e4a3e43.fontdata remapped: res://.godot/imported/CourierPrime-Bold.ttf-bf7a7031d9489227399d79b38e4a3e43.fontdata
Completed load for: 'res://assets/fonts/courier_prime/CourierPrime-Bold.ttf' remapped 'res://assets/fonts/courier_prime/CourierPrime-Bold.ttf' at thread -1
Completed load for: 'res://tests/world_timestamp_test.gd' remapped 'res://tests/world_timestamp_test.gd' at thread -1
Completed load for: 'res://tests/WorldTimestampTest.tscn' remapped 'res://tests/WorldTimestampTest.tscn' at thread -1
[ACOUSTIC] 550 nodes loaded
[INCIDENTS] Juno Kells reports Mina Vale's organism in 2C (6 voxels): ORG-2C-001
Loading resource: res://assets/audio/freesound/processed/mechanical/appliance_pop.ogg remapped: res://assets/audio/freesound/processed/mechanical/appliance_pop.ogg
Loading resource: res://.godot/imported/appliance_pop.ogg-4f80c379b9967c5c068128cb15ae7a4d.oggvorbisstr remapped: res://.godot/imported/appliance_pop.ogg-4f80c379b9967c5c068128cb15ae7a4d.oggvorbisstr
Completed load for: 'res://assets/audio/freesound/processed/mechanical/appliance_pop.ogg' remapped 'res://assets/audio/freesound/processed/mechanical/appliance_pop.ogg' at thread -1
[INCIDENTS] Juno Kells reports Mina Vale's organism in 2C (6 voxels): ORG-2C-002
WORLD TIMESTAMPS: FAIL 75/76
XR: Clearing primary interface
XR: Removed interface "Native mobile"
XR: Removed interface "OpenXR"
