ERROR: clear view of installed cabinet contents: F02_2A_MIRROR_01
   at: push_error (core/variant/variant_utility.cpp:1023)
   GDScript backtrace (most recent call first):
       [0] check (res://tests/orison_v2_floor_surface_test.gd:5)
       [1] check (res://tests/orison_v2_ventilation_throat_test.gd:9)
       [2] _capture_cabinet (res://tests/orison_v2_medicine_cabinets_test.gd:148)
       [3] validate_in_world (res://tests/orison_v2_medicine_cabinets_test.gd:67)
ERROR: clear view of installed cabinet contents: F02_2B_MIRROR_01
   at: push_error (core/variant/variant_utility.cpp:1023)
   GDScript backtrace (most recent call first):
       [0] check (res://tests/orison_v2_floor_surface_test.gd:5)
       [1] check (res://tests/orison_v2_ventilation_throat_test.gd:9)
       [2] _capture_cabinet (res://tests/orison_v2_medicine_cabinets_test.gd:148)
       [3] validate_in_world (res://tests/orison_v2_medicine_cabinets_test.gd:67)
ERROR: clear view of installed cabinet contents: F03_3A_MIRROR_01
   at: push_error (core/variant/variant_utility.cpp:1023)
   GDScript backtrace (most recent call first):
       [0] check (res://tests/orison_v2_floor_surface_test.gd:5)
       [1] check (res://tests/orison_v2_ventilation_throat_test.gd:9)
       [2] _capture_cabinet (res://tests/orison_v2_medicine_cabinets_test.gd:148)
       [3] validate_in_world (res://tests/orison_v2_medicine_cabinets_test.gd:67)
ERROR: clear view of installed cabinet contents: F03_3B_MIRROR_01
   at: push_error (core/variant/variant_utility.cpp:1023)
   GDScript backtrace (most recent call first):
       [0] check (res://tests/orison_v2_floor_surface_test.gd:5)
       [1] check (res://tests/orison_v2_ventilation_throat_test.gd:9)
       [2] _capture_cabinet (res://tests/orison_v2_medicine_cabinets_test.gd:148)
       [3] validate_in_world (res://tests/orison_v2_medicine_cabinets_test.gd:67)
ERROR: clear view of installed cabinet contents: F04_4A_MIRROR_01
   at: push_error (core/variant/variant_utility.cpp:1023)
   GDScript backtrace (most recent call first):
       [0] check (res://tests/orison_v2_floor_surface_test.gd:5)
       [1] check (res://tests/orison_v2_ventilation_throat_test.gd:9)
       [2] _capture_cabinet (res://tests/orison_v2_medicine_cabinets_test.gd:148)
       [3] validate_in_world (res://tests/orison_v2_medicine_cabinets_test.gd:67)
ERROR: clear view of installed cabinet contents: F04_4B_MIRROR_01
   at: push_error (core/variant/variant_utility.cpp:1023)
   GDScript backtrace (most recent call first):
       [0] check (res://tests/orison_v2_floor_surface_test.gd:5)
       [1] check (res://tests/orison_v2_ventilation_throat_test.gd:9)
       [2] _capture_cabinet (res://tests/orison_v2_medicine_cabinets_test.gd:148)
       [3] validate_in_world (res://tests/orison_v2_medicine_cabinets_test.gd:67)
ERROR: clear view of installed cabinet contents: F05_5A_MIRROR_01
   at: push_error (core/variant/variant_utility.cpp:1023)
   GDScript backtrace (most recent call first):
       [0] check (res://tests/orison_v2_floor_surface_test.gd:5)
       [1] check (res://tests/orison_v2_ventilation_throat_test.gd:9)
       [2] _capture_cabinet (res://tests/orison_v2_medicine_cabinets_test.gd:148)
       [3] validate_in_world (res://tests/orison_v2_medicine_cabinets_test.gd:67)
ERROR: clear view of installed cabinet contents: F05_5B_MIRROR_01
   at: push_error (core/variant/variant_utility.cpp:1023)
   GDScript backtrace (most recent call first):
       [0] check (res://tests/orison_v2_floor_surface_test.gd:5)
       [1] check (res://tests/orison_v2_ventilation_throat_test.gd:9)
       [2] _capture_cabinet (res://tests/orison_v2_medicine_cabinets_test.gd:148)
       [3] validate_in_world (res://tests/orison_v2_medicine_cabinets_test.gd:67)
ERROR: clear view of installed cabinet contents: F05_5C_MIRROR_01
   at: push_error (core/variant/variant_utility.cpp:1023)
   GDScript backtrace (most recent call first):
       [0] check (res://tests/orison_v2_floor_surface_test.gd:5)
       [1] check (res://tests/orison_v2_ventilation_throat_test.gd:9)
       [2] _capture_cabinet (res://tests/orison_v2_medicine_cabinets_test.gd:148)
       [3] validate_in_world (res://tests/orison_v2_medicine_cabinets_test.gd:67)
ERROR: clear view of installed cabinet contents: F06_6A_MIRROR_01
   at: push_error (core/variant/variant_utility.cpp:1023)
   GDScript backtrace (most recent call first):
       [0] check (res://tests/orison_v2_floor_surface_test.gd:5)
       [1] check (res://tests/orison_v2_ventilation_throat_test.gd:9)
       [2] _capture_cabinet (res://tests/orison_v2_medicine_cabinets_test.gd:148)
       [3] validate_in_world (res://tests/orison_v2_medicine_cabinets_test.gd:67)
ERROR: clear view of installed cabinet contents: F06_6B_MIRROR_01
   at: push_error (core/variant/variant_utility.cpp:1023)
   GDScript backtrace (most recent call first):
       [0] check (res://tests/orison_v2_floor_surface_test.gd:5)
       [1] check (res://tests/orison_v2_ventilation_throat_test.gd:9)
       [2] _capture_cabinet (res://tests/orison_v2_medicine_cabinets_test.gd:148)
       [3] validate_in_world (res://tests/orison_v2_medicine_cabinets_test.gd:67)
ERROR: clear view of installed cabinet contents: F06_6C_MIRROR_01
   at: push_error (core/variant/variant_utility.cpp:1023)
   GDScript backtrace (most recent call first):
       [0] check (res://tests/orison_v2_floor_surface_test.gd:5)
       [1] check (res://tests/orison_v2_ventilation_throat_test.gd:9)
       [2] _capture_cabinet (res://tests/orison_v2_medicine_cabinets_test.gd:148)
       [3] validate_in_world (res://tests/orison_v2_medicine_cabinets_test.gd:67)
WARNING: 7 RIDs of type "Texture" were leaked.
   at: finalize (servers/rendering/rendering_device.cpp:8900)
