Godot Engine v4.7.1.stable.official.a13da4feb - https://godotengine.org
Vulkan 1.4.341 - Forward+ - Using Device #0: NVIDIA - NVIDIA GeForce RTX 4080

[ACOUSTIC] 550 nodes loaded
ORISON V2 BLOCKOUT: 200 spaces / 111 doors / 1104 anchors
[V2 FRONT COURT ROOF] three seated girders; retained roof slabs; mapped exterior concrete
[V2 BODEGA POWER] independent inlet; four existing fittings; 20 bearings
[SURFACE] 1311 surfaces layered (478 materials)
[PASSAGE HOURS] OPEN; 10 grilles folded
[PASSAGE HOURS] 11 shopfronts, 10 close after 02:00, HARDWARE PAINT keeps night service
[PASSAGE FINISH] 6 gated draws, 3 handcarts, hours active
[V2 PASSAGE] 13 resident cells; 11 doors; 1 shared-service counters
[SURFACE] 170 surfaces layered (81 materials)
[HARUKIYA] 9 interactables placed
[ARCADE] 2 cabinet(s) from a catalog of 12: SOMETHING IN THE HALL (mystery_serial), OPERATIONS (farm_and_market)
[ARCADE] all of them are running arcade_pit
[V2 BAR] retained cell; 29 registered markers; 3 doors
[V2 FRONT FACADE] native entrance, original landmark hardware, glazed marquee and fitted blade
[SCHEDULE] director live: 18 residents on the clock
[MOVES] personal library: res://assets/characters/mina_vale/mina_vale_moves.glb
SOURCE PARAPET MATERIAL ROOF_PARAPET_EAST brick 
SOURCE PARAPET MATERIAL ROOF_PARAPET_NORTH brick 
SOURCE PARAPET MATERIAL ROOF_PARAPET_SOUTH brick 
SOURCE PARAPET MATERIAL ROOF_PARAPET_WEST brick 
[ORISON V2 RUNTIME] ready startup_ms=30646.552
[LIGHTING] 211 sources active in system; 211 full personalities; profiles steady/breathe/mains/beat/dropout=[50, 49, 36, 42, 34]
CAP MAPPING: mesh=medicine_cabinets_MedicineRight__Body_ON_enamel valid_basis=true max_uv_excess=0.00000008805364 widest=1.00063379567405 vertices=7813 derivatives=true bad_derivatives=0 min_determinant=0.00000000722607 worst_dot=0.99999970197678
CAP MAPPING: mesh=medicine_cabinets_MedicineRight__Body_ON_glassish valid_basis=true max_uv_excess=0.00000011030352 widest=1.00055481719793 vertices=1023 derivatives=true bad_derivatives=0 min_determinant=0.00000002888487 worst_dot=0.99999982118607
CAP MAPPING: mesh=medicine_cabinets_MedicineRight__Body_ON_nickel valid_basis=true max_uv_excess=0.00000237929635 widest=1.00112271645746 vertices=16628 derivatives=true bad_derivatives=0 min_determinant=0.00000000722607 worst_dot=0.99999976158142
CAP MAPPING: mesh=medicine_cabinets_MedicineRight__CabinetDoor_ON_bakelite valid_basis=true max_uv_excess=0.00000008314964 widest=1.00027329278307 vertices=2040 derivatives=true bad_derivatives=0 min_determinant=0.00000004161343 worst_dot=0.99999988079071
CAP MAPPING: mesh=medicine_cabinets_MedicineRight__CabinetDoor_ON_enamel valid_basis=true max_uv_excess=0.00000007631024 widest=1.00036909105907 vertices=530 derivatives=true bad_derivatives=0 min_determinant=0.00000001850648 worst_dot=0.99999982118607
CAP MAPPING: mesh=medicine_cabinets_MedicineRight__CabinetDoor_ON_nickel valid_basis=true max_uv_excess=0.00000222725794 widest=1.00077730365296 vertices=13912 derivatives=true bad_derivatives=0 min_determinant=0.00000001849776 worst_dot=0.99999976158142
CAP MAPPING: mesh=medicine_cabinets_MedicineRight__Mirror_ON_mirror valid_basis=true max_uv_excess=0.00000006916525 widest=1.00042893216252 vertices=500 derivatives=true bad_derivatives=0 min_determinant=0.00000001417325 worst_dot=0.99999982118607
CAP MAPPING: mesh=medicine_cabinets_MedicineItem_aspirin__Body_ON_bakelite valid_basis=true max_uv_excess=0.00000083644409 widest=1.00073122097824 vertices=879 derivatives=true bad_derivatives=0 min_determinant=0.00000113558622 worst_dot=0.99999988079071
CAP MAPPING: mesh=medicine_cabinets_MedicineItem_aspirin__Body_ON_bottle valid_basis=true max_uv_excess=0.0000014025718 widest=1.000745860838 vertices=2584 derivatives=true bad_derivatives=0 min_determinant=0.00000126273133 worst_dot=0.99999982118607
CAP MAPPING: mesh=medicine_cabinets_MedicineItem_cold_cream__Body_ON_porcelain valid_basis=true max_uv_excess=0.00000006286427 widest=1.00013071629351 vertices=2198 derivatives=true bad_derivatives=0 min_determinant=0.00000098150713 worst_dot=0.99999976158142
[HARUKIYA] OPEN, 18 fixtures
CABINET CAMERA: F02_2A_MIRROR_01 clear_feet=31 blockers={ "/root/OrisonV2FabricationBatch/OrisonV2Runtime/OrisonV2Blockout/F02_2A_SINK_01/F02_2A_MIRROR_01/CabinetDoor/CabinetLeafBody": { "hit": "(0.194673, 1.692436, -0.078001)", "target": "(0.185, 1.7, -0.04)", "camera": "(0.581434, 1.39, -1.597478)" }, "/root/OrisonV2FabricationBatch/OrisonV2Runtime/OrisonV2Blockout/F02_A_PRIVATE_HALL/WallEast_00/Collision": { "hit": "(1.169999, 1.494953, -0.208801)", "target": "(0.185, 1.7, -0.04)", "camera": "(1.674173, 1.39, -0.295202)" } }
CAP MAPPING: mesh=medicine_cabinets_MedicineItem_thimble_tin__Body_ON_nickel valid_basis=true max_uv_excess=0.00000008699135 widest=1.00030162007012 vertices=2174 derivatives=true bad_derivatives=0 min_determinant=0.00000075143686 worst_dot=0.99999982118607
CAP MAPPING: mesh=medicine_cabinets_MedicineItem_iodine__Body_ON_bakelite valid_basis=true max_uv_excess=0.00000077264849 widest=1.00072369717335 vertices=913 derivatives=true bad_derivatives=0 min_determinant=0.00000124751925 worst_dot=0.99999988079071
CAP MAPPING: mesh=medicine_cabinets_MedicineItem_iodine__Body_ON_bottle valid_basis=true max_uv_excess=0.00000131723937 widest=1.00074475924913 vertices=2608 derivatives=true bad_derivatives=0 min_determinant=0.00000115902526 worst_dot=0.99999988079071
CAP MAPPING: mesh=medicine_cabinets_MedicineItem_razor__Body_ON_bakelite valid_basis=true max_uv_excess=0.00000004435424 widest=1.0000603107298 vertices=521 derivatives=true bad_derivatives=0 min_determinant=0.00000026022305 worst_dot=0.99999982118607
CAP MAPPING: mesh=medicine_cabinets_MedicineItem_razor__Body_ON_nickel valid_basis=true max_uv_excess=0.00000008515781 widest=1.0008237249682 vertices=8264 derivatives=true bad_derivatives=0 min_determinant=0.00000000462568 worst_dot=0.99999624490738
CAP MAPPING: mesh=medicine_cabinets_MedicineItem_shaving_stick__Body_ON_bakelite valid_basis=true max_uv_excess=0.00000093411654 widest=1.00072053510687 vertices=886 derivatives=true bad_derivatives=0 min_determinant=0.00000176790324 worst_dot=0.99999982118607
CAP MAPPING: mesh=medicine_cabinets_MedicineItem_shaving_stick__Body_ON_bottle valid_basis=true max_uv_excess=0.00000160373747 widest=1.00073193932312 vertices=2598 derivatives=true bad_derivatives=0 min_determinant=0.00000147028639 worst_dot=0.99999982118607
CAP MAPPING: mesh=medicine_cabinets_MedicineItem_shaving_stick__Body_ON_paper valid_basis=true max_uv_excess=0.00000161491334 widest=1.00072550054936 vertices=723 derivatives=true bad_derivatives=0 min_determinant=0.00000007528995 worst_dot=0.99999928474426
CAP MAPPING: mesh=medicine_cabinets_MedicineItem_plasters__Body_ON_paper valid_basis=true max_uv_excess=0.00000004695539 widest=1.0009084059752 vertices=999 derivatives=true bad_derivatives=0 min_determinant=0.00000000115642 worst_dot=0.99999952316284
CAP MAPPING: mesh=medicine_cabinets_MedicineItem_brown_bottle__Body_ON_bakelite valid_basis=true max_uv_excess=0.00000093411654 widest=1.00072053510687 vertices=913 derivatives=true bad_derivatives=0 min_determinant=0.00000191248112 worst_dot=0.99999982118607
CAP MAPPING: mesh=medicine_cabinets_MedicineItem_brown_bottle__Body_ON_bottle valid_basis=true max_uv_excess=0.00000160373747 widest=1.00073193932312 vertices=2620 derivatives=true bad_derivatives=0 min_determinant=0.00000147028639 worst_dot=0.99999982118607
CAP MAPPING: mesh=medicine_cabinets_MedicineLeft__Body_ON_enamel valid_basis=true max_uv_excess=0.00000008805364 widest=1.00063379567405 vertices=7813 derivatives=true bad_derivatives=0 min_determinant=0.00000000722607 worst_dot=0.99999970197678
CAP MAPPING: mesh=medicine_cabinets_MedicineLeft__Body_ON_glassish valid_basis=true max_uv_excess=0.00000011030352 widest=1.00055481719793 vertices=1023 derivatives=true bad_derivatives=0 min_determinant=0.00000002888487 worst_dot=0.99999982118607
CAP MAPPING: mesh=medicine_cabinets_MedicineLeft__Body_ON_nickel valid_basis=true max_uv_excess=0.00000237929635 widest=1.00112271645746 vertices=16635 derivatives=true bad_derivatives=0 min_determinant=0.00000000722607 worst_dot=0.99999976158142
CAP MAPPING: mesh=medicine_cabinets_MedicineLeft__CabinetDoor_ON_bakelite valid_basis=true max_uv_excess=0.00000008314964 widest=1.00027329278307 vertices=2040 derivatives=true bad_derivatives=0 min_determinant=0.00000004161343 worst_dot=0.99999988079071
CAP MAPPING: mesh=medicine_cabinets_MedicineLeft__CabinetDoor_ON_enamel valid_basis=true max_uv_excess=0.00000007631024 widest=1.00036909105907 vertices=530 derivatives=true bad_derivatives=0 min_determinant=0.00000001850648 worst_dot=0.99999982118607
CAP MAPPING: mesh=medicine_cabinets_MedicineLeft__CabinetDoor_ON_nickel valid_basis=true max_uv_excess=0.00000222725794 widest=1.00074514946414 vertices=13902 derivatives=true bad_derivatives=0 min_determinant=0.00000001849776 worst_dot=0.99999976158142
CAP MAPPING: mesh=medicine_cabinets_MedicineLeft__Mirror_ON_mirror valid_basis=true max_uv_excess=0.00000006916525 widest=1.00042893216252 vertices=500 derivatives=true bad_derivatives=0 min_determinant=0.00000001417325 worst_dot=0.99999982118607
CAP MAPPING: mesh=medicine_cabinets_MedicineItem_turpentine__Body_ON_bakelite valid_basis=true max_uv_excess=0.00000099756289 widest=1.00072672600394 vertices=902 derivatives=true bad_derivatives=0 min_determinant=0.00000221793194 worst_dot=0.99999982118607
CAP MAPPING: mesh=medicine_cabinets_MedicineItem_turpentine__Body_ON_bottle valid_basis=true max_uv_excess=0.00000168895349 widest=1.00073325628856 vertices=2627 derivatives=true bad_derivatives=0 min_determinant=0.00000157406717 worst_dot=0.99999982118607
CAP MAPPING: mesh=medicine_cabinets_MedicineItem_QUELL_TONIC__Body_ON_bakelite valid_basis=true max_uv_excess=0.00000099756289 widest=1.00072672600394 vertices=919 derivatives=true bad_derivatives=0 min_determinant=0.00000237827769 worst_dot=0.99999982118607
CAP MAPPING: mesh=medicine_cabinets_MedicineItem_QUELL_TONIC__Body_ON_bottle valid_basis=true max_uv_excess=0.00000168895349 widest=1.00073325628856 vertices=2615 derivatives=true bad_derivatives=0 min_determinant=0.00000157406717 worst_dot=0.99999982118607
CAP MAPPING: mesh=medicine_cabinets_MedicineItem_QUELL_TONIC__Body_ON_paper valid_basis=true max_uv_excess=0.00000168918632 widest=1.00071814326854 vertices=742 derivatives=true bad_derivatives=0 min_determinant=0.00000008437294 worst_dot=0.99999910593033
FABRICATION BATCH: worlds=1 modules=1 module_checks=1011 failures=1 elapsed_ms=37670
