FABRICATION STAGE: art/blender/scripts/build_medicine_cabinets.py
C:\PleaseRemainOnTheLine\art\blender\scripts\build_medicine_cabinets.py:74: DeprecationWarning: 'Material.use_nodes' is expected to be removed in Blender 6.0
  mat=bpy.data.materials.new(key);mat.use_nodes=True;materials[key]=mat
Info: Saved as "medicine_cabinets.blend"
INFO Draco is available, use library at C:\Program Files\Blender Foundation\Blender 5.2\5.2\scripts\addons_core\io_scene_gltf2\bf_intern_draco_bridge.dll
INFO MeshOptimizer is available, use library at C:\Program Files\Blender Foundation\Blender 5.2\5.2\scripts\addons_core\io_scene_gltf2\bf_intern_meshopt_bridge.dll
22:00:19 | INFO: Starting glTF 2.0 export
22:00:19 | INFO: Extracting primitive: MedicineItem_aspirin__Body_ON_bakelite
22:00:19 | INFO: Primitives created: 1
22:00:19 | INFO: Extracting primitive: MedicineItem_aspirin__Body_ON_bottle
22:00:19 | INFO: Primitives created: 1
22:00:19 | INFO: Extracting primitive: MedicineItem_brown_bottle__Body_ON_bakelite
22:00:19 | INFO: Primitives created: 1
22:00:19 | INFO: Extracting primitive: MedicineItem_brown_bottle__Body_ON_bottle
22:00:19 | INFO: Primitives created: 1
22:00:19 | INFO: Extracting primitive: MedicineItem_cold_cream__Body_ON_porcelain
22:00:19 | INFO: Primitives created: 1
22:00:19 | INFO: Extracting primitive: MedicineItem_iodine__Body_ON_bakelite
22:00:19 | INFO: Primitives created: 1
22:00:19 | INFO: Extracting primitive: MedicineItem_iodine__Body_ON_bottle
22:00:19 | INFO: Primitives created: 1
22:00:19 | INFO: Extracting primitive: MedicineItem_plasters__Body_ON_paper
22:00:19 | INFO: Primitives created: 1
22:00:19 | INFO: Extracting primitive: MedicineItem_QUELL_TONIC__Body_ON_bakelite
22:00:19 | INFO: Primitives created: 1
22:00:19 | INFO: Extracting primitive: MedicineItem_QUELL_TONIC__Body_ON_bottle
22:00:19 | INFO: Primitives created: 1
22:00:19 | INFO: Extracting primitive: MedicineItem_razor__Body_ON_bakelite
22:00:19 | INFO: Primitives created: 1
22:00:19 | INFO: Extracting primitive: MedicineItem_razor__Body_ON_nickel
22:00:19 | INFO: Primitives created: 1
22:00:19 | INFO: Extracting primitive: MedicineItem_shaving_stick__Body_ON_bakelite
22:00:19 | INFO: Primitives created: 1
22:00:19 | INFO: Extracting primitive: MedicineItem_shaving_stick__Body_ON_bottle
22:00:19 | INFO: Primitives created: 1
22:00:19 | INFO: Extracting primitive: MedicineItem_shaving_stick__Body_ON_paper
22:00:19 | INFO: Primitives created: 1
22:00:19 | INFO: Extracting primitive: MedicineItem_thimble_tin__Body_ON_nickel
22:00:19 | INFO: Primitives created: 1
22:00:19 | INFO: Extracting primitive: MedicineItem_turpentine__Body_ON_bakelite
22:00:19 | INFO: Primitives created: 1
22:00:19 | INFO: Extracting primitive: MedicineItem_turpentine__Body_ON_bottle
22:00:19 | INFO: Primitives created: 1
22:00:19 | INFO: Extracting primitive: MedicineLeft__Body_ON_enamel
22:00:19 | INFO: Primitives created: 1
22:00:19 | INFO: Extracting primitive: MedicineLeft__Body_ON_glassish
22:00:19 | INFO: Primitives created: 1
22:00:19 | INFO: Extracting primitive: MedicineLeft__Body_ON_nickel
22:00:19 | INFO: Primitives created: 1
22:00:19 | INFO: Extracting primitive: MedicineLeft__CabinetDoor_ON_bakelite
22:00:19 | INFO: Primitives created: 1
22:00:19 | INFO: Extracting primitive: MedicineLeft__CabinetDoor_ON_enamel
22:00:19 | INFO: Primitives created: 1
22:00:19 | INFO: Extracting primitive: MedicineLeft__CabinetDoor_ON_nickel
22:00:19 | INFO: Primitives created: 1
22:00:19 | INFO: Extracting primitive: MedicineLeft__Mirror_ON_mirror
22:00:19 | INFO: Primitives created: 1
22:00:19 | INFO: Extracting primitive: MedicineRight__Body_ON_enamel
22:00:19 | INFO: Primitives created: 1
22:00:19 | INFO: Extracting primitive: MedicineRight__Body_ON_glassish
22:00:19 | INFO: Primitives created: 1
22:00:19 | INFO: Extracting primitive: MedicineRight__Body_ON_nickel
22:00:19 | INFO: Primitives created: 1
22:00:19 | INFO: Extracting primitive: MedicineRight__CabinetDoor_ON_bakelite
22:00:19 | INFO: Primitives created: 1
22:00:19 | INFO: Extracting primitive: MedicineRight__CabinetDoor_ON_enamel
22:00:19 | INFO: Primitives created: 1
22:00:19 | INFO: Extracting primitive: MedicineRight__CabinetDoor_ON_nickel
22:00:19 | INFO: Primitives created: 1
22:00:19 | INFO: Extracting primitive: MedicineRight__Mirror_ON_mirror
22:00:19 | INFO: Primitives created: 1
22:00:19 | INFO: Finished glTF 2.0 export in 0.11590743064880371 s

MEDICINE CABINETS 12 original records; 12 assemblies; 185 closed stocks; 32 parts; 45624 triangles; 8 foot contacts
FABRICATION STAGE: art/blender/scripts/inspect_medicine_cabinets.py
00:03.547  blend            | Read blend: "C:\PleaseRemainOnTheLine\art\blender\medicine_cabinets.blend"
MEDICINE CABINETS LOCAL: 185 closed stocks; 12 physical groups; 8 local bearings; 32 mapped parts
FABRICATION STAGE: art/blender/scripts/inspect_medicine_cabinet_motion.py
00:04.828  blend            | Read blend: "C:\PleaseRemainOnTheLine\art\blender\medicine_cabinets.blend"
MEDICINE MOTION: 46 nearby native door pairs clear
FABRICATION STAGE: art/blender/scripts/inspect_medicine_cabinets_context.py
Traceback (most recent call last):
  File "C:\PleaseRemainOnTheLine\art\blender\scripts\run_fabrication_batch.py", line 79, in <module>
    if __name__ == '__main__': main()
                               ~~~~^^
  File "C:\PleaseRemainOnTheLine\art\blender\scripts\run_fabrication_batch.py", line 72, in main
    results = execute(stages)
  File "C:\PleaseRemainOnTheLine\art\blender\scripts\run_fabrication_batch.py", line 47, in execute
    runpy.run_path(sys.argv[0], run_name='__main__')
    ~~~~~~~~~~~~~~^^^^^^^^^^^^^^^^^^^^^^^^^^^^^^^^^^
  File "<frozen runpy>", line 287, in run_path
  File "<frozen runpy>", line 98, in _run_module_code
  File "<frozen runpy>", line 88, in _run_code
  File "C:\PleaseRemainOnTheLine\art\blender\scripts\inspect_medicine_cabinets_context.py", line 145, in <module>
    assert not failures,failures
           ^^^^^^^^^^^^
AssertionError: [['F04_4B_MIRROR_01', 'missing retained wall bearing', [-7.449999809265137, -3.5199999809265137, 10.940000534057617]], ['F04_4B_MIRROR_01', 'missing retained wall bearing', [-7.449999809265137, -3.5199999809265137, 11.34000015258789]]]
Blender 5.2.0 LTS (hash fbe6228777e7 built 2026-07-14 01:35:40)

Blender quit
