FABRICATION STAGE: art/blender/scripts/build_medicine_cabinets.py
C:\PleaseRemainOnTheLine\art\blender\scripts\build_medicine_cabinets.py:81: DeprecationWarning: 'Material.use_nodes' is expected to be removed in Blender 6.0
  mat=bpy.data.materials.new(key);mat.use_nodes=True;materials[key]=mat
Info: Saved as "medicine_cabinets.blend"
INFO Draco is available, use library at C:\Program Files\Blender Foundation\Blender 5.2\5.2\scripts\addons_core\io_scene_gltf2\bf_intern_draco_bridge.dll
INFO MeshOptimizer is available, use library at C:\Program Files\Blender Foundation\Blender 5.2\5.2\scripts\addons_core\io_scene_gltf2\bf_intern_meshopt_bridge.dll
22:11:25 | INFO: Starting glTF 2.0 export
22:11:25 | INFO: Extracting primitive: MedicineItem_aspirin__Body_ON_bakelite
22:11:26 | INFO: Primitives created: 1
22:11:26 | INFO: Extracting primitive: MedicineItem_aspirin__Body_ON_bottle
22:11:26 | INFO: Primitives created: 1
22:11:26 | INFO: Extracting primitive: MedicineItem_brown_bottle__Body_ON_bakelite
22:11:26 | INFO: Primitives created: 1
22:11:26 | INFO: Extracting primitive: MedicineItem_brown_bottle__Body_ON_bottle
22:11:26 | INFO: Primitives created: 1
22:11:26 | INFO: Extracting primitive: MedicineItem_cold_cream__Body_ON_porcelain
22:11:26 | INFO: Primitives created: 1
22:11:26 | INFO: Extracting primitive: MedicineItem_iodine__Body_ON_bakelite
22:11:26 | INFO: Primitives created: 1
22:11:26 | INFO: Extracting primitive: MedicineItem_iodine__Body_ON_bottle
22:11:26 | INFO: Primitives created: 1
22:11:26 | INFO: Extracting primitive: MedicineItem_plasters__Body_ON_paper
22:11:26 | INFO: Primitives created: 1
22:11:26 | INFO: Extracting primitive: MedicineItem_QUELL_TONIC__Body_ON_bakelite
22:11:26 | INFO: Primitives created: 1
22:11:26 | INFO: Extracting primitive: MedicineItem_QUELL_TONIC__Body_ON_bottle
22:11:26 | INFO: Primitives created: 1
22:11:26 | INFO: Extracting primitive: MedicineItem_QUELL_TONIC__Body_ON_paper
22:11:26 | INFO: Primitives created: 1
22:11:26 | INFO: Extracting primitive: MedicineItem_razor__Body_ON_bakelite
22:11:26 | INFO: Primitives created: 1
22:11:26 | INFO: Extracting primitive: MedicineItem_razor__Body_ON_nickel
22:11:26 | INFO: Primitives created: 1
22:11:26 | INFO: Extracting primitive: MedicineItem_shaving_stick__Body_ON_bakelite
22:11:26 | INFO: Primitives created: 1
22:11:26 | INFO: Extracting primitive: MedicineItem_shaving_stick__Body_ON_bottle
22:11:26 | INFO: Primitives created: 1
22:11:26 | INFO: Extracting primitive: MedicineItem_shaving_stick__Body_ON_paper
22:11:26 | INFO: Primitives created: 1
22:11:26 | INFO: Extracting primitive: MedicineItem_thimble_tin__Body_ON_nickel
22:11:26 | INFO: Primitives created: 1
22:11:26 | INFO: Extracting primitive: MedicineItem_turpentine__Body_ON_bakelite
22:11:26 | INFO: Primitives created: 1
22:11:26 | INFO: Extracting primitive: MedicineItem_turpentine__Body_ON_bottle
22:11:26 | INFO: Primitives created: 1
22:11:26 | INFO: Extracting primitive: MedicineLeft__Body_ON_enamel
22:11:26 | INFO: Primitives created: 1
22:11:26 | INFO: Extracting primitive: MedicineLeft__Body_ON_glassish
22:11:26 | INFO: Primitives created: 1
22:11:26 | INFO: Extracting primitive: MedicineLeft__Body_ON_nickel
22:11:26 | INFO: Primitives created: 1
22:11:26 | INFO: Extracting primitive: MedicineLeft__CabinetDoor_ON_bakelite
22:11:26 | INFO: Primitives created: 1
22:11:26 | INFO: Extracting primitive: MedicineLeft__CabinetDoor_ON_enamel
22:11:26 | INFO: Primitives created: 1
22:11:26 | INFO: Extracting primitive: MedicineLeft__CabinetDoor_ON_nickel
22:11:26 | INFO: Primitives created: 1
22:11:26 | INFO: Extracting primitive: MedicineLeft__Mirror_ON_mirror
22:11:26 | INFO: Primitives created: 1
22:11:26 | INFO: Extracting primitive: MedicineRight__Body_ON_enamel
22:11:26 | INFO: Primitives created: 1
22:11:26 | INFO: Extracting primitive: MedicineRight__Body_ON_glassish
22:11:26 | INFO: Primitives created: 1
22:11:26 | INFO: Extracting primitive: MedicineRight__Body_ON_nickel
22:11:26 | INFO: Primitives created: 1
22:11:26 | INFO: Extracting primitive: MedicineRight__CabinetDoor_ON_bakelite
22:11:26 | INFO: Primitives created: 1
22:11:26 | INFO: Extracting primitive: MedicineRight__CabinetDoor_ON_enamel
22:11:26 | INFO: Primitives created: 1
22:11:26 | INFO: Extracting primitive: MedicineRight__CabinetDoor_ON_nickel
22:11:26 | INFO: Primitives created: 1
22:11:26 | INFO: Extracting primitive: MedicineRight__Mirror_ON_mirror
22:11:26 | INFO: Primitives created: 1
22:11:26 | INFO: Finished glTF 2.0 export in 0.12010407447814941 s

MEDICINE CABINETS 12 original records; 12 assemblies; 189 closed stocks; 33 parts; 48260 triangles; 19 foot contacts
FABRICATION STAGE: art/blender/scripts/inspect_medicine_cabinets.py
00:03.625  blend            | Read blend: "C:\PleaseRemainOnTheLine\art\blender\medicine_cabinets.blend"
MEDICINE CABINETS LOCAL: 189 closed stocks; 12 physical groups; 19 local bearings; 33 mapped parts
FABRICATION STAGE: art/blender/scripts/inspect_medicine_cabinet_motion.py
00:04.921  blend            | Read blend: "C:\PleaseRemainOnTheLine\art\blender\medicine_cabinets.blend"
MEDICINE MOTION: 46 nearby native door pairs clear
FABRICATION STAGE: art/blender/scripts/inspect_medicine_cabinets_context.py
TOASTERS CONTEXT: 12 installations; 48 bearings; 0 nearby pairs clear
FABRICATION STAGE: art/blender/scripts/render_medicine_cabinets.py
00:18.781  blend            | Read blend: "C:\PleaseRemainOnTheLine\art\blender\medicine_cabinets.blend"
C:\PleaseRemainOnTheLine\art\blender\scripts\render_medicine_cabinets.py:9: DeprecationWarning: 'World.use_nodes' is expected to be removed in Blender 6.0
  scene.world=bpy.data.worlds.new('Neutral inspection');scene.world.use_nodes=True;scene.world.node_tree.nodes['Background'].inputs[0].default_value=(.55,.60,.65,1);scene.world.node_tree.nodes['Background'].inputs[1].default_value=.65
C:\PleaseRemainOnTheLine\art\blender\scripts\render_medicine_cabinets.py:12: DeprecationWarning: 'Material.use_nodes' is expected to be removed in Blender 6.0
  bpy.ops.mesh.primitive_plane_add(size=10,location=(0,0,-.00004));ground=bpy.context.object;mat=bpy.data.materials.new('Review neutral');mat.use_nodes=True;mat.node_tree.nodes['Principled BSDF'].inputs['Base Color'].default_value=(.23,.25,.26,1);mat.node_tree.nodes['Principled BSDF'].inputs['Roughness'].default_value=.75;ground.data.materials.append(mat)
00:23.312  render           | Saved: 'C:\PleaseRemainOnTheLine\tmp\v2-finish-review\medicine-cabinets-native\MedicineLeft.png'
00:27.703  render           | Saved: 'C:\PleaseRemainOnTheLine\tmp\v2-finish-review\medicine-cabinets-native\MedicineRight.png'
00:32.109  render           | Saved: 'C:\PleaseRemainOnTheLine\tmp\v2-finish-review\medicine-cabinets-native\MedicineItem_aspirin.png'
00:36.718  render           | Saved: 'C:\PleaseRemainOnTheLine\tmp\v2-finish-review\medicine-cabinets-native\MedicineItem_cold_cream.png'
00:41.531  render           | Saved: 'C:\PleaseRemainOnTheLine\tmp\v2-finish-review\medicine-cabinets-native\MedicineItem_thimble_tin.png'
00:45.750  render           | Saved: 'C:\PleaseRemainOnTheLine\tmp\v2-finish-review\medicine-cabinets-native\MedicineItem_iodine.png'
00:49.953  render           | Saved: 'C:\PleaseRemainOnTheLine\tmp\v2-finish-review\medicine-cabinets-native\MedicineItem_razor.png'
00:54.296  render           | Saved: 'C:\PleaseRemainOnTheLine\tmp\v2-finish-review\medicine-cabinets-native\MedicineItem_shaving_stick.png'
00:59.671  render           | Saved: 'C:\PleaseRemainOnTheLine\tmp\v2-finish-review\medicine-cabinets-native\MedicineItem_plasters.png'
01:03.953  render           | Saved: 'C:\PleaseRemainOnTheLine\tmp\v2-finish-review\medicine-cabinets-native\MedicineItem_brown_bottle.png'
01:08.125  render           | Saved: 'C:\PleaseRemainOnTheLine\tmp\v2-finish-review\medicine-cabinets-native\MedicineItem_turpentine.png'
01:12.281  render           | Saved: 'C:\PleaseRemainOnTheLine\tmp\v2-finish-review\medicine-cabinets-native\MedicineItem_QUELL_TONIC.png'
FABRICATION STAGE: art/blender/scripts/render_medicine_cabinet_interiors.py
01:12.312  blend            | Read blend: "C:\PleaseRemainOnTheLine\art\blender\medicine_cabinets.blend"
C:\PleaseRemainOnTheLine\art\blender\scripts\render_medicine_cabinet_interiors.py:9: DeprecationWarning: 'World.use_nodes' is expected to be removed in Blender 6.0
  scene.world=bpy.data.worlds.new('Neutral inspection');scene.world.use_nodes=True;scene.world.node_tree.nodes['Background'].inputs[0].default_value=(.55,.60,.65,1);scene.world.node_tree.nodes['Background'].inputs[1].default_value=.65
C:\PleaseRemainOnTheLine\art\blender\scripts\render_medicine_cabinet_interiors.py:12: DeprecationWarning: 'Material.use_nodes' is expected to be removed in Blender 6.0
  bpy.ops.mesh.primitive_plane_add(size=10,location=(0,0,-.00004));ground=bpy.context.object;mat=bpy.data.materials.new('Review neutral');mat.use_nodes=True;mat.node_tree.nodes['Principled BSDF'].inputs['Base Color'].default_value=(.23,.25,.26,1);mat.node_tree.nodes['Principled BSDF'].inputs['Roughness'].default_value=.75;ground.data.materials.append(mat)
01:17.640  render           | Saved: 'C:\PleaseRemainOnTheLine\tmp\v2-finish-review\medicine-cabinets-native\2A_cabinet_open.png'
01:22.906  render           | Saved: 'C:\PleaseRemainOnTheLine\tmp\v2-finish-review\medicine-cabinets-native\2B_cabinet_open.png'
01:28.171  render           | Saved: 'C:\PleaseRemainOnTheLine\tmp\v2-finish-review\medicine-cabinets-native\3A_cabinet_open.png'
01:33.515  render           | Saved: 'C:\PleaseRemainOnTheLine\tmp\v2-finish-review\medicine-cabinets-native\3B_cabinet_open.png'
01:38.984  render           | Saved: 'C:\PleaseRemainOnTheLine\tmp\v2-finish-review\medicine-cabinets-native\4A_cabinet_open.png'
01:44.265  render           | Saved: 'C:\PleaseRemainOnTheLine\tmp\v2-finish-review\medicine-cabinets-native\4B_cabinet_open.png'
01:49.531  render           | Saved: 'C:\PleaseRemainOnTheLine\tmp\v2-finish-review\medicine-cabinets-native\5A_cabinet_open.png'
01:54.796  render           | Saved: 'C:\PleaseRemainOnTheLine\tmp\v2-finish-review\medicine-cabinets-native\5B_cabinet_open.png'
02:00.125  render           | Saved: 'C:\PleaseRemainOnTheLine\tmp\v2-finish-review\medicine-cabinets-native\5C_cabinet_open.png'
02:05.546  render           | Saved: 'C:\PleaseRemainOnTheLine\tmp\v2-finish-review\medicine-cabinets-native\6A_cabinet_open.png'
02:10.859  render           | Saved: 'C:\PleaseRemainOnTheLine\tmp\v2-finish-review\medicine-cabinets-native\6B_cabinet_open.png'
02:16.140  render           | Saved: 'C:\PleaseRemainOnTheLine\tmp\v2-finish-review\medicine-cabinets-native\6C_cabinet_open.png'
{"completed_stages": 6, "elapsed_s": 134.808}
Blender 5.2.0 LTS (hash fbe6228777e7 built 2026-07-14 01:35:40)

Blender quit
