WorkerThreadPool: 24 threads, 7 max low-priority.
Godot Engine v4.7.1.stable.official.a13da4feb - https://godotengine.org
TextServer: Added interface "Dummy"
TextServer: Added interface "ICU / HarfBuzz / Graphite (Built-in)"
Using "default" pen tablet driver...

TextServer: Primary interface set to: "ICU / HarfBuzz / Graphite (Built-in)".
CORE API HASH: 3769296884
EDITOR API HASH: 3146738256
SceneTreeFTI: traversal method DEFAULT
Loading resource: res://scripts/game_boot.gd remapped: res://scripts/game_boot.gd
Completed load for: 'res://scripts/game_boot.gd' remapped 'res://scripts/game_boot.gd' at thread -1
Loading resource: res://scripts/audio/conductor_clock.gd remapped: res://scripts/audio/conductor_clock.gd
Completed load for: 'res://scripts/audio/conductor_clock.gd' remapped 'res://scripts/audio/conductor_clock.gd' at thread -1
Loading resource: res://scripts/audio/audio_policy.gd remapped: res://scripts/audio/audio_policy.gd
Completed load for: 'res://scripts/audio/audio_policy.gd' remapped 'res://scripts/audio/audio_policy.gd' at thread -1
Loading resource: res://scripts/game/campaign_clock_driver.gd remapped: res://scripts/game/campaign_clock_driver.gd
Completed load for: 'res://scripts/game/campaign_clock_driver.gd' remapped 'res://scripts/game/campaign_clock_driver.gd' at thread -1
Loading resource: res://scripts/ui/save_status_notice.gd remapped: res://scripts/ui/save_status_notice.gd
Completed load for: 'res://scripts/ui/save_status_notice.gd' remapped 'res://scripts/ui/save_status_notice.gd' at thread -1
Loading resource: res://scripts/game/reality_case_manager.gd remapped: res://scripts/game/reality_case_manager.gd
Completed load for: 'res://scripts/game/reality_case_manager.gd' remapped 'res://scripts/game/reality_case_manager.gd' at thread -1
Loading resource: res://scripts/game/reality_rule_director.gd remapped: res://scripts/game/reality_rule_director.gd
Completed load for: 'res://scripts/game/reality_rule_director.gd' remapped 'res://scripts/game/reality_rule_director.gd' at thread -1
Loaded system CA certificates
Loading resource: res://tests/historical_radio_notice_test.tscn remapped: res://tests/historical_radio_notice_test.tscn
Loading resource: res://tests/historical_radio_notice_test.gd remapped: res://tests/historical_radio_notice_test.gd
Loading resource: res://assets/fonts/courier_prime/CourierPrime-Regular.ttf remapped: res://assets/fonts/courier_prime/CourierPrime-Regular.ttf
Loading resource: res://.godot/imported/CourierPrime-Regular.ttf-b33a163554302b210ef6aef62fa4168a.fontdata remapped: res://.godot/imported/CourierPrime-Regular.ttf-b33a163554302b210ef6aef62fa4168a.fontdata
Completed load for: 'res://assets/fonts/courier_prime/CourierPrime-Regular.ttf' remapped 'res://assets/fonts/courier_prime/CourierPrime-Regular.ttf' at thread -1
Loading resource: res://assets/ui/telegram/telegram_paper_stock_v1.png remapped: res://assets/ui/telegram/telegram_paper_stock_v1.png
Loading resource: res://.godot/imported/telegram_paper_stock_v1.png-6da8e34d237a3bb83d7695aa967c7cff.ctex remapped: res://.godot/imported/telegram_paper_stock_v1.png-6da8e34d237a3bb83d7695aa967c7cff.ctex
Completed load for: 'res://assets/ui/telegram/telegram_paper_stock_v1.png' remapped 'res://assets/ui/telegram/telegram_paper_stock_v1.png' at thread -1
Loading resource: res://assets/fonts/courier_prime/CourierPrime-Bold.ttf remapped: res://assets/fonts/courier_prime/CourierPrime-Bold.ttf
Loading resource: res://.godot/imported/CourierPrime-Bold.ttf-bf7a7031d9489227399d79b38e4a3e43.fontdata remapped: res://.godot/imported/CourierPrime-Bold.ttf-bf7a7031d9489227399d79b38e4a3e43.fontdata
Completed load for: 'res://assets/fonts/courier_prime/CourierPrime-Bold.ttf' remapped 'res://assets/fonts/courier_prime/CourierPrime-Bold.ttf' at thread -1
Completed load for: 'res://tests/historical_radio_notice_test.gd' remapped 'res://tests/historical_radio_notice_test.gd' at thread -1
Completed load for: 'res://tests/historical_radio_notice_test.tscn' remapped 'res://tests/historical_radio_notice_test.tscn' at thread -1
[ACOUSTIC] 550 nodes loaded
[NOTICE OK] 02:59 on the civil November 11 keeps the previous assignments
[NOTICE OK] no early boundary rounding
[NOTICE OK] 03:00 exactly applies the revised list and leaves WOR unchanged
[NOTICE OK] shared frequency makes no invented programme or on-air claim
[NOTICE OK] legacy schedule doy is not the event calendar
[NOTICE OK] late arrival and resolver reconstruction preserve the same dated copy
[NOTICE OK] missing civil time never falls back to the host clock or a guessed date
[NOTICE OK] nonfinite civil time cannot select an assignment
Loading resource: res://assets/building/textures/notices/lobby_notices.png remapped: res://assets/building/textures/notices/lobby_notices.png
Loading resource: res://.godot/imported/lobby_notices.png-1b6ca73ccd933421484a5291e1f336f7.ctex remapped: res://.godot/imported/lobby_notices.png-1b6ca73ccd933421484a5291e1f336f7.ctex
Completed load for: 'res://assets/building/textures/notices/lobby_notices.png' remapped 'res://assets/building/textures/notices/lobby_notices.png' at thread -1
Loading resource: res://assets/audio/freesound/processed/mechanical/metal_tick.ogg remapped: res://assets/audio/freesound/processed/mechanical/metal_tick.ogg
Loading resource: res://.godot/imported/metal_tick.ogg-b1c95a215b3a6ae349163e1f09294533.oggvorbisstr remapped: res://.godot/imported/metal_tick.ogg-b1c95a215b3a6ae349163e1f09294533.oggvorbisstr
Completed load for: 'res://assets/audio/freesound/processed/mechanical/metal_tick.ogg' remapped 'res://assets/audio/freesound/processed/mechanical/metal_tick.ogg' at thread -1
[NOTICE OK] the production board mounts a separately reachable notice control
[NOTICE OK] the printed paper owns its inspection ray, not the old board rectangle
[NOTICE OK] the actual hand control reaches the existing service-wire presenter
[NOTICE OK] the paper keeps both printed columns instead of rewriting at the boundary
[NOTICE OK] reading neither grants global NPC knowledge nor advances campaign time
[NOTICE OK] the notice reuses the paper tap and adds no alleged historical broadcast
[NOTICE OK] a neighboring board owns live paper-tap playback
[NOTICE OK] retiring one board preserves its live neighbor's playback and stream
[NOTICE FAIL] the final board releases its decoder resource without a global cache purge
[HISTORICAL RADIO NOTICE] RESULT: FAIL (16/17)
XR: Clearing primary interface
XR: Removed interface "Native mobile"
XR: Removed interface "OpenXR"
