Godot Engine v4.7.1.stable.official.a13da4feb - https://godotengine.org
Vulkan 1.4.341 - Forward+ - Using Device #0: NVIDIA - NVIDIA GeForce RTX 4080

[ACOUSTIC] 550 nodes loaded
ORISON V2 BLOCKOUT: 200 spaces / 111 doors / 1104 anchors
[V2 FRONT COURT ROOF] three seated girders; retained roof slabs; mapped exterior concrete
[V2 BODEGA POWER] independent inlet; four existing fittings; 20 bearings
[SURFACE] 738 surfaces layered (335 materials)
[PASSAGE HOURS] OPEN; 10 grilles folded
[PASSAGE HOURS] 11 shopfronts, 10 close after 02:00, HARDWARE PAINT keeps night service
[PASSAGE FINISH] 6 gated draws, 3 handcarts, hours active
[V2 PASSAGE] 13 resident cells; 11 doors; 1 shared-service counters
[SURFACE] 170 surfaces layered (81 materials)
[HARUKIYA] 9 interactables placed
[ARCADE] 2 cabinet(s) from a catalog of 12: SOMETHING IN THE HALL (mystery_serial), OPERATIONS (farm_and_market)
[ARCADE] all of them are running arcade_pit
[V2 BAR] retained cell; 29 registered markers; 3 doors
[V2 FRONT FACADE] native entrance, original landmark hardware, glazed marquee and fitted blade
[SCHEDULE] director live: 18 residents on the clock
[MOVES] personal library: res://assets/characters/mina_vale/mina_vale_moves.glb
SOURCE PARAPET MATERIAL ROOF_PARAPET_EAST brick 
SOURCE PARAPET MATERIAL ROOF_PARAPET_NORTH brick 
SOURCE PARAPET MATERIAL ROOF_PARAPET_SOUTH brick 
SOURCE PARAPET MATERIAL ROOF_PARAPET_WEST brick 
[ORISON V2 RUNTIME] ready startup_ms=26823.589
[LIGHTING] 207 sources active in system; 207 full personalities; profiles steady/breathe/mains/beat/dropout=[50, 45, 36, 42, 34]
CAP MAPPING: mesh=hardware_tools_storm_shop_hardware_paint_glass_rack__brass_dull valid_basis=true max_uv_excess=0.00000004563481 widest=1.00001744249583 vertices=336 derivatives=true bad_derivatives=0 min_determinant=0.00000089251711 worst_dot=0.99999994039536
CAP MAPPING: mesh=hardware_tools_storm_shop_hardware_paint_glass_rack__glassish valid_basis=true max_uv_excess=0.0 widest=1.0 vertices=120 derivatives=true bad_derivatives=0 min_determinant=0.00551696751609 worst_dot=1.0
CAP MAPPING: mesh=hardware_tools_storm_shop_hardware_paint_glass_rack__metal valid_basis=true max_uv_excess=0.00000008119969 widest=1.00015708077927 vertices=683 derivatives=true bad_derivatives=0 min_determinant=0.00000011564841 worst_dot=0.99999994039536
CAP MAPPING: mesh=hardware_tools_storm_shop_hardware_paint_glass_rack__timber valid_basis=true max_uv_excess=0.00000011920929 widest=1.00020668007368 vertices=13352 derivatives=true bad_derivatives=0 min_determinant=0.00000011563645 worst_dot=0.99999982118607
CAP MAPPING: mesh=hardware_tools_storm_shop_hardware_paint_ladder_r0__timber valid_basis=true max_uv_excess=0.00000023841858 widest=1.00002056570807 vertices=1365 derivatives=true bad_derivatives=0 min_determinant=0.00000508332141 worst_dot=0.99999988079071
CAP MAPPING: mesh=hardware_tools_storm_shop_hardware_paint_tool_board__brass_dull valid_basis=true max_uv_excess=0.00000005238689 widest=1.00002117555538 vertices=355 derivatives=true bad_derivatives=0 min_determinant=0.00000112359658 worst_dot=1.0
CAP MAPPING: mesh=hardware_tools_storm_shop_hardware_paint_tool_board__metal valid_basis=true max_uv_excess=0.00000008183997 widest=1.00014611330206 vertices=4869 derivatives=true bad_derivatives=0 min_determinant=0.00000011566548 worst_dot=0.99999988079071
CAP MAPPING: mesh=hardware_tools_storm_shop_hardware_paint_tool_board__plywood valid_basis=true max_uv_excess=0.00000023841858 widest=1.00016898151788 vertices=526 derivatives=true bad_derivatives=0 min_determinant=0.00000011563606 worst_dot=0.99999988079071
CAP MAPPING: mesh=hardware_tools_storm_shop_hardware_paint_tool_board__soot valid_basis=true max_uv_excess=0.00000010430813 widest=1.00000136396852 vertices=450 derivatives=true bad_derivatives=0 min_determinant=0.00001230730413 worst_dot=1.0
CAP MAPPING: mesh=hardware_tools_storm_shop_hardware_paint_tool_board__soot__vacant valid_basis=true max_uv_excess=0.00000005587935 widest=1.00000106758724 vertices=76 derivatives=true bad_derivatives=0 min_determinant=0.00004219679795 worst_dot=1.0
CAP MAPPING: mesh=hardware_tools_storm_shop_hardware_paint_tool_board__timber valid_basis=true max_uv_excess=0.00000012526289 widest=1.00017909557906 vertices=5484 derivatives=true bad_derivatives=0 min_determinant=0.0000001156419 worst_dot=0.99999982118607
[HARUKIYA] OPEN, 18 fixtures
HARDWARE TOOLS: checks=267 parts=11 triangles=10976 removed=408 supports=12 failures=0
