C:\PleaseRemainOnTheLine\tmp\v2-finish-review\hardware-tools-stage\art\blender\scripts\build_hardware_tools.py:45: DeprecationWarning: 'Material.use_nodes' is expected to be removed in Blender 6.0
  mat=bpy.data.materials.new(key);mat.use_nodes=True;materials[key]=mat
Extensions: writing cache failed ([WinError 183] Cannot create a file when that file already exists: 'C:\\Users\\nate_\\AppData\\Roaming\\Blender Foundation\\Blender\\5.2\\extensions\\.cache').
Info: Saved as "hardware_tools.blend"
INFO Draco is available, use library at C:\Program Files\Blender Foundation\Blender 5.2\5.2\scripts\addons_core\io_scene_gltf2\bf_intern_draco_bridge.dll
INFO MeshOptimizer is available, use library at C:\Program Files\Blender Foundation\Blender 5.2\5.2\scripts\addons_core\io_scene_gltf2\bf_intern_meshopt_bridge.dll
19:58:01 | INFO: Starting glTF 2.0 export
19:58:01 | INFO: Extracting primitive: storm_shop_hardware_paint_glass_rack__brass_dull
19:58:01 | INFO: Primitives created: 1
19:58:01 | INFO: Extracting primitive: storm_shop_hardware_paint_glass_rack__glassish
19:58:01 | INFO: Primitives created: 1
19:58:01 | INFO: Extracting primitive: storm_shop_hardware_paint_glass_rack__metal
19:58:01 | INFO: Primitives created: 1
19:58:01 | INFO: Extracting primitive: storm_shop_hardware_paint_glass_rack__timber
19:58:01 | INFO: Primitives created: 1
19:58:01 | INFO: Extracting primitive: storm_shop_hardware_paint_ladder_r0__timber
19:58:01 | INFO: Primitives created: 1
19:58:01 | INFO: Extracting primitive: storm_shop_hardware_paint_tool_board__brass_dull
19:58:01 | INFO: Primitives created: 1
19:58:01 | INFO: Extracting primitive: storm_shop_hardware_paint_tool_board__metal
19:58:01 | INFO: Primitives created: 1
19:58:01 | INFO: Extracting primitive: storm_shop_hardware_paint_tool_board__plywood
19:58:01 | INFO: Primitives created: 1
19:58:01 | INFO: Extracting primitive: storm_shop_hardware_paint_tool_board__soot
19:58:01 | INFO: Primitives created: 1
19:58:01 | INFO: Extracting primitive: storm_shop_hardware_paint_tool_board__soot__vacant
19:58:01 | INFO: Primitives created: 1
19:58:01 | INFO: Extracting primitive: storm_shop_hardware_paint_tool_board__timber
19:58:01 | INFO: Primitives created: 1
19:58:01 | INFO: Finished glTF 2.0 export in 0.03109121322631836 s

HARDWARE TOOLS 34 original records; 3 assemblies; 100 closed stocks; 11 parts; 10976 triangles; 12 foot contacts
Blender 5.2.0 LTS (hash fbe6228777e7 built 2026-07-14 01:35:40)

Blender quit
