ERROR: fitted support contact: ticket bracket on rack post / storm_shop_model_laundry_parcel_shelf0
   at: push_error (core/variant/variant_utility.cpp:1023)
   GDScript backtrace (most recent call first):
       [0] check (res://tests/orison_v2_floor_surface_test.gd:5)
       [1] check (res://tests/orison_v2_ventilation_throat_test.gd:9)
       [2] validate_in_world (res://tests/orison_v2_laundry_trade_test.gd:90)
       [3] _run (res://tests/orison_v2_fabrication_batch.gd:68)
ERROR: actual native bearing reaches its declared fitted owner
   at: push_error (core/variant/variant_utility.cpp:1023)
   GDScript backtrace (most recent call first):
       [0] check (res://tests/orison_v2_floor_surface_test.gd:5)
       [1] check (res://tests/orison_v2_ventilation_throat_test.gd:9)
       [2] validate_in_world (res://tests/orison_v2_laundry_trade_test.gd:92)
       [3] _run (res://tests/orison_v2_fabrication_batch.gd:68)
ERROR: fitted support contact: ticket bracket on rack post / storm_shop_model_laundry_parcel_shelf0
   at: push_error (core/variant/variant_utility.cpp:1023)
   GDScript backtrace (most recent call first):
       [0] check (res://tests/orison_v2_floor_surface_test.gd:5)
       [1] check (res://tests/orison_v2_ventilation_throat_test.gd:9)
       [2] validate_in_world (res://tests/orison_v2_laundry_trade_test.gd:90)
       [3] _run (res://tests/orison_v2_fabrication_batch.gd:68)
ERROR: actual native bearing reaches its declared fitted owner
   at: push_error (core/variant/variant_utility.cpp:1023)
   GDScript backtrace (most recent call first):
       [0] check (res://tests/orison_v2_floor_surface_test.gd:5)
       [1] check (res://tests/orison_v2_ventilation_throat_test.gd:9)
       [2] validate_in_world (res://tests/orison_v2_laundry_trade_test.gd:92)
       [3] _run (res://tests/orison_v2_fabrication_batch.gd:68)
ERROR: fitted support contact: ticket bracket on rack post / storm_shop_model_laundry_parcel_shelf0
   at: push_error (core/variant/variant_utility.cpp:1023)
   GDScript backtrace (most recent call first):
       [0] check (res://tests/orison_v2_floor_surface_test.gd:5)
       [1] check (res://tests/orison_v2_ventilation_throat_test.gd:9)
       [2] validate_in_world (res://tests/orison_v2_laundry_trade_test.gd:90)
       [3] _run (res://tests/orison_v2_fabrication_batch.gd:68)
ERROR: actual native bearing reaches its declared fitted owner
   at: push_error (core/variant/variant_utility.cpp:1023)
   GDScript backtrace (most recent call first):
       [0] check (res://tests/orison_v2_floor_surface_test.gd:5)
       [1] check (res://tests/orison_v2_ventilation_throat_test.gd:9)
       [2] validate_in_world (res://tests/orison_v2_laundry_trade_test.gd:92)
       [3] _run (res://tests/orison_v2_fabrication_batch.gd:68)
WARNING: 7 RIDs of type "Texture" were leaked.
   at: finalize (servers/rendering/rendering_device.cpp:8900)
