WARNING: invalid ORISON_BUILDING_ROOT='invalid'; using committed v1 default
   at: push_warning (core/variant/variant_utility.cpp:1033)
   GDScript backtrace (most recent call first):
       [0] _report_invalid (res://scripts/building/building_root_selector.gd:42)
       [1] path_for (res://scripts/building/building_root_selector.gd:32)
       [2] _ready (res://tests/orison_v2_two_root_matrix_test.gd:22)
WARNING: no legal wall for found piece cam_noel_witches
   at: push_warning (core/variant/variant_utility.cpp:1033)
   GDScript backtrace (most recent call first):
       [0] _place_wall_piece (res://scripts/building/found_art_pass.gd:54)
       [1] build (res://scripts/building/found_art_pass.gd:21)
       [2] _ready (res://scripts/building/building_root.gd:516)
       [3] _exercise_v1_root (res://tests/orison_v2_two_root_matrix_test.gd:83)
       [4] _ready (res://tests/orison_v2_two_root_matrix_test.gd:23)
WARNING: could not write Reality Maintenance save
   at: push_warning (core/variant/variant_utility.cpp:1033)
   GDScript backtrace (most recent call first):
       [0] save_game (res://scripts/game/reality_game_state.gd:124)
       [1] commit (res://scripts/game/reality_game_state.gd:112)
       [2] _initialize_epoch_from_host (res://scripts/game/campaign_clock.gd:35)
       [3] bind_state (res://scripts/game/campaign_clock.gd:20)
       [4] setup (res://scripts/building/day_night_director.gd:161)
       [5] _build_environment (res://scripts/building/building_root.gd:898)
       [6] _ready (res://scripts/building/building_root.gd:315)
       [7] _replace_world (res://scripts/dream/campaign_shell.gd:134)
       [8] _restore_world (res://scripts/dream/campaign_shell.gd:95)
       [9] _ready (res://scripts/dream/campaign_shell.gd:50)
       [10] _cross_root_reconstruction (res://tests/orison_v2_two_root_matrix_test.gd:116)
       [11] _ready (res://tests/orison_v2_two_root_matrix_test.gd:68)
WARNING: could not write Reality Maintenance save
   at: push_warning (core/variant/variant_utility.cpp:1033)
   GDScript backtrace (most recent call first):
       [0] save_game (res://scripts/game/reality_game_state.gd:124)
       [1] commit (res://scripts/game/reality_game_state.gd:112)
       [2] issue (res://scripts/game/work_orders.gd:56)
       [3] _start_normal_function (res://scripts/props/clock_prop.gd:246)
       [4] _ready (res://scripts/props/functional_prop.gd:39)
       [5] _spawn_props (res://scripts/building/building_root.gd:1435)
       [6] _ready (res://scripts/building/building_root.gd:425)
       [7] _replace_world (res://scripts/dream/campaign_shell.gd:134)
       [8] _restore_world (res://scripts/dream/campaign_shell.gd:95)
       [9] _ready (res://scripts/dream/campaign_shell.gd:50)
       [10] _cross_root_reconstruction (res://tests/orison_v2_two_root_matrix_test.gd:116)
       [11] _ready (res://tests/orison_v2_two_root_matrix_test.gd:68)
WARNING: could not write Reality Maintenance save
   at: push_warning (core/variant/variant_utility.cpp:1033)
   GDScript backtrace (most recent call first):
       [0] save_game (res://scripts/game/reality_game_state.gd:124)
       [1] commit (res://scripts/game/reality_game_state.gd:112)
       [2] activate (res://scripts/game/work_orders.gd:66)
       [3] _start_normal_function (res://scripts/props/clock_prop.gd:248)
       [4] _ready (res://scripts/props/functional_prop.gd:39)
       [5] _spawn_props (res://scripts/building/building_root.gd:1435)
       [6] _ready (res://scripts/building/building_root.gd:425)
       [7] _replace_world (res://scripts/dream/campaign_shell.gd:134)
       [8] _restore_world (res://scripts/dream/campaign_shell.gd:95)
       [9] _ready (res://scripts/dream/campaign_shell.gd:50)
       [10] _cross_root_reconstruction (res://tests/orison_v2_two_root_matrix_test.gd:116)
       [11] _ready (res://tests/orison_v2_two_root_matrix_test.gd:68)
WARNING: no legal wall for found piece cam_noel_witches
   at: push_warning (core/variant/variant_utility.cpp:1033)
   GDScript backtrace (most recent call first):
       [0] _place_wall_piece (res://scripts/building/found_art_pass.gd:54)
       [1] build (res://scripts/building/found_art_pass.gd:21)
       [2] _ready (res://scripts/building/building_root.gd:516)
       [3] _replace_world (res://scripts/dream/campaign_shell.gd:134)
       [4] _restore_world (res://scripts/dream/campaign_shell.gd:95)
       [5] _ready (res://scripts/dream/campaign_shell.gd:50)
       [6] _cross_root_reconstruction (res://tests/orison_v2_two_root_matrix_test.gd:116)
       [7] _ready (res://tests/orison_v2_two_root_matrix_test.gd:68)
WARNING: could not write Reality Maintenance save
   at: push_warning (core/variant/variant_utility.cpp:1033)
   GDScript backtrace (most recent call first):
       [0] save_game (res://scripts/game/reality_game_state.gd:124)
       [1] _cross_root_reconstruction (res://tests/orison_v2_two_root_matrix_test.gd:121)
WARNING: could not write Reality Maintenance save
   at: push_warning (core/variant/variant_utility.cpp:1033)
   GDScript backtrace (most recent call first):
       [0] save_game (res://scripts/game/reality_game_state.gd:124)
       [1] commit (res://scripts/game/reality_game_state.gd:112)
       [2] _initialize_epoch_from_host (res://scripts/game/campaign_clock.gd:35)
       [3] bind_state (res://scripts/game/campaign_clock.gd:20)
       [4] setup (res://scripts/building/day_night_director.gd:161)
       [5] _build_environment (res://scripts/building/building_root.gd:898)
       [6] _ready (res://scripts/building/building_root.gd:315)
       [7] _replace_world (res://scripts/dream/campaign_shell.gd:134)
       [8] _restore_world (res://scripts/dream/campaign_shell.gd:95)
       [9] _ready (res://scripts/dream/campaign_shell.gd:50)
       [10] _cross_root_reconstruction (res://tests/orison_v2_two_root_matrix_test.gd:133)
WARNING: could not write Reality Maintenance save
   at: push_warning (core/variant/variant_utility.cpp:1033)
   GDScript backtrace (most recent call first):
       [0] save_game (res://scripts/game/reality_game_state.gd:124)
       [1] commit (res://scripts/game/reality_game_state.gd:112)
       [2] issue (res://scripts/game/work_orders.gd:56)
       [3] _start_normal_function (res://scripts/props/clock_prop.gd:246)
       [4] _ready (res://scripts/props/functional_prop.gd:39)
       [5] _spawn_props (res://scripts/building/building_root.gd:1435)
       [6] _ready (res://scripts/building/building_root.gd:425)
       [7] _replace_world (res://scripts/dream/campaign_shell.gd:134)
       [8] _restore_world (res://scripts/dream/campaign_shell.gd:95)
       [9] _ready (res://scripts/dream/campaign_shell.gd:50)
       [10] _cross_root_reconstruction (res://tests/orison_v2_two_root_matrix_test.gd:133)
WARNING: could not write Reality Maintenance save
   at: push_warning (core/variant/variant_utility.cpp:1033)
   GDScript backtrace (most recent call first):
       [0] save_game (res://scripts/game/reality_game_state.gd:124)
       [1] commit (res://scripts/game/reality_game_state.gd:112)
       [2] activate (res://scripts/game/work_orders.gd:66)
       [3] _start_normal_function (res://scripts/props/clock_prop.gd:248)
       [4] _ready (res://scripts/props/functional_prop.gd:39)
       [5] _spawn_props (res://scripts/building/building_root.gd:1435)
       [6] _ready (res://scripts/building/building_root.gd:425)
       [7] _replace_world (res://scripts/dream/campaign_shell.gd:134)
       [8] _restore_world (res://scripts/dream/campaign_shell.gd:95)
       [9] _ready (res://scripts/dream/campaign_shell.gd:50)
       [10] _cross_root_reconstruction (res://tests/orison_v2_two_root_matrix_test.gd:133)
WARNING: no legal wall for found piece cam_noel_witches
   at: push_warning (core/variant/variant_utility.cpp:1033)
   GDScript backtrace (most recent call first):
       [0] _place_wall_piece (res://scripts/building/found_art_pass.gd:54)
       [1] build (res://scripts/building/found_art_pass.gd:21)
       [2] _ready (res://scripts/building/building_root.gd:516)
       [3] _replace_world (res://scripts/dream/campaign_shell.gd:134)
       [4] _restore_world (res://scripts/dream/campaign_shell.gd:95)
       [5] _ready (res://scripts/dream/campaign_shell.gd:50)
       [6] _cross_root_reconstruction (res://tests/orison_v2_two_root_matrix_test.gd:133)
ERROR:   FAIL  v1_to_v1 save reconstructs semantic facts through CampaignShell
   at: push_error (core/variant/variant_utility.cpp:1023)
   GDScript backtrace (most recent call first):
       [0] _check (res://tests/orison_v2_two_root_matrix_test.gd:173)
       [1] _cross_root_reconstruction (res://tests/orison_v2_two_root_matrix_test.gd:149)
WARNING: could not write Reality Maintenance save
   at: push_warning (core/variant/variant_utility.cpp:1033)
   GDScript backtrace (most recent call first):
       [0] save_game (res://scripts/game/reality_game_state.gd:124)
       [1] commit (res://scripts/game/reality_game_state.gd:112)
       [2] _initialize_epoch_from_host (res://scripts/game/campaign_clock.gd:35)
       [3] bind_state (res://scripts/game/campaign_clock.gd:20)
       [4] _compose_observation_ledger (res://scripts/building/orison_v2_runtime_root.gd:190)
       [5] _compose_authorities (res://scripts/building/orison_v2_runtime_root.gd:162)
       [6] _ready (res://scripts/building/orison_v2_runtime_root.gd:75)
       [7] _replace_world (res://scripts/dream/campaign_shell.gd:134)
       [8] _restore_world (res://scripts/dream/campaign_shell.gd:95)
       [9] _ready (res://scripts/dream/campaign_shell.gd:50)
       [10] _cross_root_reconstruction (res://tests/orison_v2_two_root_matrix_test.gd:116)
       [11] _ready (res://tests/orison_v2_two_root_matrix_test.gd:68)
       [12] _cross_root_reconstruction (res://tests/orison_v2_two_root_matrix_test.gd:156)
WARNING: could not write Reality Maintenance save
   at: push_warning (core/variant/variant_utility.cpp:1033)
   GDScript backtrace (most recent call first):
       [0] save_game (res://scripts/game/reality_game_state.gd:124)
       [1] _cross_root_reconstruction (res://tests/orison_v2_two_root_matrix_test.gd:121)
WARNING: could not write Reality Maintenance save
   at: push_warning (core/variant/variant_utility.cpp:1033)
   GDScript backtrace (most recent call first):
       [0] save_game (res://scripts/game/reality_game_state.gd:124)
       [1] commit (res://scripts/game/reality_game_state.gd:112)
       [2] _initialize_epoch_from_host (res://scripts/game/campaign_clock.gd:35)
       [3] bind_state (res://scripts/game/campaign_clock.gd:20)
       [4] _compose_observation_ledger (res://scripts/building/orison_v2_runtime_root.gd:190)
       [5] _compose_authorities (res://scripts/building/orison_v2_runtime_root.gd:162)
       [6] _ready (res://scripts/building/orison_v2_runtime_root.gd:75)
       [7] _replace_world (res://scripts/dream/campaign_shell.gd:134)
       [8] _restore_world (res://scripts/dream/campaign_shell.gd:95)
       [9] _ready (res://scripts/dream/campaign_shell.gd:50)
       [10] _cross_root_reconstruction (res://tests/orison_v2_two_root_matrix_test.gd:133)
ERROR:   FAIL  v2_to_v2 save reconstructs semantic facts through CampaignShell
   at: push_error (core/variant/variant_utility.cpp:1023)
   GDScript backtrace (most recent call first):
       [0] _check (res://tests/orison_v2_two_root_matrix_test.gd:173)
       [1] _cross_root_reconstruction (res://tests/orison_v2_two_root_matrix_test.gd:149)
WARNING: could not write Reality Maintenance save
   at: push_warning (core/variant/variant_utility.cpp:1033)
   GDScript backtrace (most recent call first):
       [0] save_game (res://scripts/game/reality_game_state.gd:124)
       [1] commit (res://scripts/game/reality_game_state.gd:112)
       [2] _initialize_epoch_from_host (res://scripts/game/campaign_clock.gd:35)
       [3] bind_state (res://scripts/game/campaign_clock.gd:20)
       [4] setup (res://scripts/building/day_night_director.gd:161)
       [5] _build_environment (res://scripts/building/building_root.gd:898)
       [6] _ready (res://scripts/building/building_root.gd:315)
       [7] _replace_world (res://scripts/dream/campaign_shell.gd:134)
       [8] _restore_world (res://scripts/dream/campaign_shell.gd:95)
       [9] _ready (res://scripts/dream/campaign_shell.gd:50)
       [10] _cross_root_reconstruction (res://tests/orison_v2_two_root_matrix_test.gd:116)
       [11] _ready (res://tests/orison_v2_two_root_matrix_test.gd:68)
       [12] _cross_root_reconstruction (res://tests/orison_v2_two_root_matrix_test.gd:156)
WARNING: could not write Reality Maintenance save
   at: push_warning (core/variant/variant_utility.cpp:1033)
   GDScript backtrace (most recent call first):
       [0] save_game (res://scripts/game/reality_game_state.gd:124)
       [1] commit (res://scripts/game/reality_game_state.gd:112)
       [2] issue (res://scripts/game/work_orders.gd:56)
       [3] _start_normal_function (res://scripts/props/clock_prop.gd:246)
       [4] _ready (res://scripts/props/functional_prop.gd:39)
       [5] _spawn_props (res://scripts/building/building_root.gd:1435)
       [6] _ready (res://scripts/building/building_root.gd:425)
       [7] _replace_world (res://scripts/dream/campaign_shell.gd:134)
       [8] _restore_world (res://scripts/dream/campaign_shell.gd:95)
       [9] _ready (res://scripts/dream/campaign_shell.gd:50)
       [10] _cross_root_reconstruction (res://tests/orison_v2_two_root_matrix_test.gd:116)
       [11] _ready (res://tests/orison_v2_two_root_matrix_test.gd:68)
       [12] _cross_root_reconstruction (res://tests/orison_v2_two_root_matrix_test.gd:156)
WARNING: could not write Reality Maintenance save
   at: push_warning (core/variant/variant_utility.cpp:1033)
   GDScript backtrace (most recent call first):
       [0] save_game (res://scripts/game/reality_game_state.gd:124)
       [1] commit (res://scripts/game/reality_game_state.gd:112)
       [2] activate (res://scripts/game/work_orders.gd:66)
       [3] _start_normal_function (res://scripts/props/clock_prop.gd:248)
       [4] _ready (res://scripts/props/functional_prop.gd:39)
       [5] _spawn_props (res://scripts/building/building_root.gd:1435)
       [6] _ready (res://scripts/building/building_root.gd:425)
       [7] _replace_world (res://scripts/dream/campaign_shell.gd:134)
       [8] _restore_world (res://scripts/dream/campaign_shell.gd:95)
       [9] _ready (res://scripts/dream/campaign_shell.gd:50)
       [10] _cross_root_reconstruction (res://tests/orison_v2_two_root_matrix_test.gd:116)
       [11] _ready (res://tests/orison_v2_two_root_matrix_test.gd:68)
       [12] _cross_root_reconstruction (res://tests/orison_v2_two_root_matrix_test.gd:156)
WARNING: no legal wall for found piece cam_noel_witches
   at: push_warning (core/variant/variant_utility.cpp:1033)
   GDScript backtrace (most recent call first):
       [0] _place_wall_piece (res://scripts/building/found_art_pass.gd:54)
       [1] build (res://scripts/building/found_art_pass.gd:21)
       [2] _ready (res://scripts/building/building_root.gd:516)
       [3] _replace_world (res://scripts/dream/campaign_shell.gd:134)
       [4] _restore_world (res://scripts/dream/campaign_shell.gd:95)
       [5] _ready (res://scripts/dream/campaign_shell.gd:50)
       [6] _cross_root_reconstruction (res://tests/orison_v2_two_root_matrix_test.gd:116)
       [7] _ready (res://tests/orison_v2_two_root_matrix_test.gd:68)
       [8] _cross_root_reconstruction (res://tests/orison_v2_two_root_matrix_test.gd:156)
WARNING: could not write Reality Maintenance save
   at: push_warning (core/variant/variant_utility.cpp:1033)
   GDScript backtrace (most recent call first):
       [0] save_game (res://scripts/game/reality_game_state.gd:124)
       [1] _cross_root_reconstruction (res://tests/orison_v2_two_root_matrix_test.gd:121)
WARNING: could not write Reality Maintenance save
   at: push_warning (core/variant/variant_utility.cpp:1033)
   GDScript backtrace (most recent call first):
       [0] save_game (res://scripts/game/reality_game_state.gd:124)
       [1] commit (res://scripts/game/reality_game_state.gd:112)
       [2] _initialize_epoch_from_host (res://scripts/game/campaign_clock.gd:35)
       [3] bind_state (res://scripts/game/campaign_clock.gd:20)
       [4] _compose_observation_ledger (res://scripts/building/orison_v2_runtime_root.gd:190)
       [5] _compose_authorities (res://scripts/building/orison_v2_runtime_root.gd:162)
       [6] _ready (res://scripts/building/orison_v2_runtime_root.gd:75)
       [7] _replace_world (res://scripts/dream/campaign_shell.gd:134)
       [8] _restore_world (res://scripts/dream/campaign_shell.gd:95)
       [9] _ready (res://scripts/dream/campaign_shell.gd:50)
       [10] _cross_root_reconstruction (res://tests/orison_v2_two_root_matrix_test.gd:133)
ERROR:   FAIL  v1_to_v2 save reconstructs semantic facts through CampaignShell
   at: push_error (core/variant/variant_utility.cpp:1023)
   GDScript backtrace (most recent call first):
       [0] _check (res://tests/orison_v2_two_root_matrix_test.gd:173)
       [1] _cross_root_reconstruction (res://tests/orison_v2_two_root_matrix_test.gd:149)
WARNING: could not write Reality Maintenance save
   at: push_warning (core/variant/variant_utility.cpp:1033)
   GDScript backtrace (most recent call first):
       [0] save_game (res://scripts/game/reality_game_state.gd:124)
       [1] commit (res://scripts/game/reality_game_state.gd:112)
       [2] _initialize_epoch_from_host (res://scripts/game/campaign_clock.gd:35)
       [3] bind_state (res://scripts/game/campaign_clock.gd:20)
       [4] _compose_observation_ledger (res://scripts/building/orison_v2_runtime_root.gd:190)
       [5] _compose_authorities (res://scripts/building/orison_v2_runtime_root.gd:162)
       [6] _ready (res://scripts/building/orison_v2_runtime_root.gd:75)
       [7] _replace_world (res://scripts/dream/campaign_shell.gd:134)
       [8] _restore_world (res://scripts/dream/campaign_shell.gd:95)
       [9] _ready (res://scripts/dream/campaign_shell.gd:50)
       [10] _cross_root_reconstruction (res://tests/orison_v2_two_root_matrix_test.gd:116)
       [11] _ready (res://tests/orison_v2_two_root_matrix_test.gd:68)
       [12] _cross_root_reconstruction (res://tests/orison_v2_two_root_matrix_test.gd:156)
WARNING: could not write Reality Maintenance save
   at: push_warning (core/variant/variant_utility.cpp:1033)
   GDScript backtrace (most recent call first):
       [0] save_game (res://scripts/game/reality_game_state.gd:124)
       [1] _cross_root_reconstruction (res://tests/orison_v2_two_root_matrix_test.gd:121)
WARNING: could not write Reality Maintenance save
   at: push_warning (core/variant/variant_utility.cpp:1033)
   GDScript backtrace (most recent call first):
       [0] save_game (res://scripts/game/reality_game_state.gd:124)
       [1] commit (res://scripts/game/reality_game_state.gd:112)
       [2] _initialize_epoch_from_host (res://scripts/game/campaign_clock.gd:35)
       [3] bind_state (res://scripts/game/campaign_clock.gd:20)
       [4] setup (res://scripts/building/day_night_director.gd:161)
       [5] _build_environment (res://scripts/building/building_root.gd:898)
       [6] _ready (res://scripts/building/building_root.gd:315)
       [7] _replace_world (res://scripts/dream/campaign_shell.gd:134)
       [8] _restore_world (res://scripts/dream/campaign_shell.gd:95)
       [9] _ready (res://scripts/dream/campaign_shell.gd:50)
       [10] _cross_root_reconstruction (res://tests/orison_v2_two_root_matrix_test.gd:133)
WARNING: could not write Reality Maintenance save
   at: push_warning (core/variant/variant_utility.cpp:1033)
   GDScript backtrace (most recent call first):
       [0] save_game (res://scripts/game/reality_game_state.gd:124)
       [1] commit (res://scripts/game/reality_game_state.gd:112)
       [2] issue (res://scripts/game/work_orders.gd:56)
       [3] _start_normal_function (res://scripts/props/clock_prop.gd:246)
       [4] _ready (res://scripts/props/functional_prop.gd:39)
       [5] _spawn_props (res://scripts/building/building_root.gd:1435)
       [6] _ready (res://scripts/building/building_root.gd:425)
       [7] _replace_world (res://scripts/dream/campaign_shell.gd:134)
       [8] _restore_world (res://scripts/dream/campaign_shell.gd:95)
       [9] _ready (res://scripts/dream/campaign_shell.gd:50)
       [10] _cross_root_reconstruction (res://tests/orison_v2_two_root_matrix_test.gd:133)
WARNING: could not write Reality Maintenance save
   at: push_warning (core/variant/variant_utility.cpp:1033)
   GDScript backtrace (most recent call first):
       [0] save_game (res://scripts/game/reality_game_state.gd:124)
       [1] commit (res://scripts/game/reality_game_state.gd:112)
       [2] activate (res://scripts/game/work_orders.gd:66)
       [3] _start_normal_function (res://scripts/props/clock_prop.gd:248)
       [4] _ready (res://scripts/props/functional_prop.gd:39)
       [5] _spawn_props (res://scripts/building/building_root.gd:1435)
       [6] _ready (res://scripts/building/building_root.gd:425)
       [7] _replace_world (res://scripts/dream/campaign_shell.gd:134)
       [8] _restore_world (res://scripts/dream/campaign_shell.gd:95)
       [9] _ready (res://scripts/dream/campaign_shell.gd:50)
       [10] _cross_root_reconstruction (res://tests/orison_v2_two_root_matrix_test.gd:133)
WARNING: no legal wall for found piece cam_noel_witches
   at: push_warning (core/variant/variant_utility.cpp:1033)
   GDScript backtrace (most recent call first):
       [0] _place_wall_piece (res://scripts/building/found_art_pass.gd:54)
       [1] build (res://scripts/building/found_art_pass.gd:21)
       [2] _ready (res://scripts/building/building_root.gd:516)
       [3] _replace_world (res://scripts/dream/campaign_shell.gd:134)
       [4] _restore_world (res://scripts/dream/campaign_shell.gd:95)
       [5] _ready (res://scripts/dream/campaign_shell.gd:50)
       [6] _cross_root_reconstruction (res://tests/orison_v2_two_root_matrix_test.gd:133)
ERROR:   FAIL  v2_to_v1 save reconstructs semantic facts through CampaignShell
   at: push_error (core/variant/variant_utility.cpp:1023)
   GDScript backtrace (most recent call first):
       [0] _check (res://tests/orison_v2_two_root_matrix_test.gd:173)
       [1] _cross_root_reconstruction (res://tests/orison_v2_two_root_matrix_test.gd:149)
