ERROR: CONNECTED WORLD: switch player prompt: F03_B_MAIN_SWITCH
   at: push_error (core/variant/variant_utility.cpp:1023)
   GDScript backtrace (most recent call first):
       [0] _check (res://tests/orison_v2_connected_world_test.gd:18)
       [1] _verify_3b_switches (res://tests/orison_v2_connected_world_test.gd:203)
ERROR: CONNECTED WORLD: switch player prompt: F03_B_KITCHEN_SWITCH
   at: push_error (core/variant/variant_utility.cpp:1023)
   GDScript backtrace (most recent call first):
       [0] _check (res://tests/orison_v2_connected_world_test.gd:18)
       [1] _verify_3b_switches (res://tests/orison_v2_connected_world_test.gd:203)
ERROR: CONNECTED WORLD: switch player prompt: F03_B_ALCOVE_SWITCH
   at: push_error (core/variant/variant_utility.cpp:1023)
   GDScript backtrace (most recent call first):
       [0] _check (res://tests/orison_v2_connected_world_test.gd:18)
       [1] _verify_3b_switches (res://tests/orison_v2_connected_world_test.gd:203)
ERROR: CONNECTED WORLD: switch player prompt: F03_B_BATH_SWITCH
   at: push_error (core/variant/variant_utility.cpp:1023)
   GDScript backtrace (most recent call first):
       [0] _check (res://tests/orison_v2_connected_world_test.gd:18)
       [1] _verify_3b_switches (res://tests/orison_v2_connected_world_test.gd:203)
ERROR: CONNECTED WORLD: switch player prompt: F03_B_MAIN_SWITCH
   at: push_error (core/variant/variant_utility.cpp:1023)
   GDScript backtrace (most recent call first):
       [0] _check (res://tests/orison_v2_connected_world_test.gd:18)
       [1] _verify_3b_switches (res://tests/orison_v2_connected_world_test.gd:203)
ERROR: CONNECTED WORLD: switch player prompt: F03_B_KITCHEN_SWITCH
   at: push_error (core/variant/variant_utility.cpp:1023)
   GDScript backtrace (most recent call first):
       [0] _check (res://tests/orison_v2_connected_world_test.gd:18)
       [1] _verify_3b_switches (res://tests/orison_v2_connected_world_test.gd:203)
ERROR: CONNECTED WORLD: switch player prompt: F03_B_ALCOVE_SWITCH
   at: push_error (core/variant/variant_utility.cpp:1023)
   GDScript backtrace (most recent call first):
       [0] _check (res://tests/orison_v2_connected_world_test.gd:18)
       [1] _verify_3b_switches (res://tests/orison_v2_connected_world_test.gd:203)
ERROR: CONNECTED WORLD: switch player prompt: F03_B_BATH_SWITCH
   at: push_error (core/variant/variant_utility.cpp:1023)
   GDScript backtrace (most recent call first):
       [0] _check (res://tests/orison_v2_connected_world_test.gd:18)
       [1] _verify_3b_switches (res://tests/orison_v2_connected_world_test.gd:203)
