Godot Engine v4.7.1.stable.official.a13da4feb - https://godotengine.org
Vulkan 1.4.341 - Forward+ - Using Device #0: NVIDIA - NVIDIA GeForce RTX 4080

[ACOUSTIC] 550 nodes loaded
ORISON V2 BLOCKOUT: 200 spaces / 111 doors / 1104 anchors
[V2 FRONT COURT ROOF] three seated girders; retained roof slabs; mapped exterior concrete
[V2 BODEGA POWER] independent inlet; four existing fittings; 20 bearings
[SURFACE] 1311 surfaces layered (478 materials)
[PASSAGE HOURS] OPEN; 10 grilles folded
[PASSAGE HOURS] 11 shopfronts, 10 close after 02:00, HARDWARE PAINT keeps night service
[PASSAGE FINISH] 6 gated draws, 3 handcarts, hours active
[V2 PASSAGE] 13 resident cells; 11 doors; 1 shared-service counters
[SURFACE] 170 surfaces layered (81 materials)
[HARUKIYA] 9 interactables placed
[ARCADE] 2 cabinet(s) from a catalog of 12: SOMETHING IN THE HALL (mystery_serial), OPERATIONS (farm_and_market)
[ARCADE] all of them are running arcade_pit
[V2 BAR] retained cell; 29 registered markers; 3 doors
[V2 FRONT FACADE] native entrance, original landmark hardware, glazed marquee and fitted blade
[SCHEDULE] director live: 18 residents on the clock
[MOVES] personal library: res://assets/characters/mina_vale/mina_vale_moves.glb
SOURCE PARAPET MATERIAL ROOF_PARAPET_EAST brick 
SOURCE PARAPET MATERIAL ROOF_PARAPET_NORTH brick 
SOURCE PARAPET MATERIAL ROOF_PARAPET_SOUTH brick 
SOURCE PARAPET MATERIAL ROOF_PARAPET_WEST brick 
[ORISON V2 RUNTIME] ready startup_ms=27524.057
[LIGHTING] 207 sources active in system; 207 full personalities; profiles steady/breathe/mains/beat/dropout=[50, 45, 36, 42, 34]
CAP MAPPING: mesh=photo_radio_fittings_storm_shop_photo_supplies_dr_door__fabric_warm valid_basis=true max_uv_excess=0.00000004610047 widest=1.00000732122186 vertices=3086 derivatives=true bad_derivatives=0 min_determinant=0.00001454436278 worst_dot=0.99999982118607
CAP MAPPING: mesh=photo_radio_fittings_storm_shop_photo_supplies_dr_door__iron_blackened valid_basis=true max_uv_excess=0.00000007584458 widest=1.00014611330206 vertices=504 derivatives=true bad_derivatives=0 min_determinant=0.00000011562663 worst_dot=0.99999988079071
CAP MAPPING: mesh=photo_radio_fittings_storm_shop_photo_supplies_dr_door__wood_dark valid_basis=true max_uv_excess=0.00000010954682 widest=1.0001055157607 vertices=3136 derivatives=true bad_derivatives=0 min_determinant=0.00000046251235 worst_dot=0.99999988079071
CAP MAPPING: mesh=photo_radio_fittings_storm_shop_photo_supplies_dr_lamp__iron_blackened valid_basis=true max_uv_excess=0.00000008786446 widest=1.00025581162232 vertices=9258 derivatives=true bad_derivatives=0 min_determinant=0.00000011563898 worst_dot=0.99999988079071
CAP MAPPING: mesh=photo_radio_fittings_storm_shop_photo_supplies_dr_lamp__milk_glass valid_basis=true max_uv_excess=0.00000008288771 widest=1.00002818587187 vertices=1829 derivatives=true bad_derivatives=0 min_determinant=0.00004632807605 worst_dot=0.99999988079071
CAP MAPPING: mesh=photo_radio_fittings_storm_shop_radio_service_window_plinth__plywood valid_basis=true max_uv_excess=0.00000008475035 widest=1.00008473748749 vertices=500 derivatives=true bad_derivatives=0 min_determinant=0.00000046259948 worst_dot=0.99999994039536
CAP MAPPING: mesh=photo_radio_fittings_storm_shop_radio_service_window_plinth__wood_dark valid_basis=true max_uv_excess=0.00000011886004 widest=1.00011159238848 vertices=10972 derivatives=true bad_derivatives=0 min_determinant=0.00000046255592 worst_dot=0.99999982118607
[PASSAGE HOURS] AFTER_HOURS; 10 grilles drawn
[PASSAGE HOURS] OPEN; 10 grilles folded
[HARUKIYA] OPEN, 18 fixtures
[PASSAGE HOURS] AFTER_HOURS; 10 grilles drawn
[PASSAGE HOURS] OPEN; 10 grilles folded
PHOTO RADIO FITTINGS: checks=170 parts=7 triangles=11488 removed=48 supports=15 failures=0
CAP MAPPING: mesh=radio_display_storm_shop_radio_service_cone_speaker__cast_iron valid_basis=true max_uv_excess=0.00000008009374 widest=1.00008074712688 vertices=2577 derivatives=true bad_derivatives=0 min_determinant=0.00000046266191 worst_dot=0.99999988079071
CAP MAPPING: mesh=radio_display_storm_shop_radio_service_cone_speaker__fabric_warm valid_basis=true max_uv_excess=0.00000008568168 widest=1.00012631092056 vertices=3670 derivatives=true bad_derivatives=0 min_determinant=0.00000392381524 worst_dot=0.99999988079071
CAP MAPPING: mesh=radio_display_storm_shop_radio_service_counter__countertop valid_basis=true max_uv_excess=0.00000023841858 widest=1.0000615813496 vertices=510 derivatives=true bad_derivatives=0 min_determinant=0.00000104093809 worst_dot=0.99999988079071
CAP MAPPING: mesh=radio_display_storm_shop_radio_service_counter__paper valid_basis=true max_uv_excess=0.00000008579809 widest=1.0001730027252 vertices=520 derivatives=true bad_derivatives=0 min_determinant=0.00000011567019 worst_dot=0.99999988079071
CAP MAPPING: mesh=radio_display_storm_shop_radio_service_counter__wood_dark valid_basis=true max_uv_excess=0.0000001215376 widest=1.00012223954635 vertices=9151 derivatives=true bad_derivatives=0 min_determinant=0.00000046262126 worst_dot=0.99999982118607
CAP MAPPING: mesh=radio_display_storm_shop_radio_service_horn_mouth__brass_dull valid_basis=true max_uv_excess=0.000000086613 widest=1.00002248373676 vertices=7314 derivatives=true bad_derivatives=0 min_determinant=0.00002459116141 worst_dot=0.99999988079071
CAP MAPPING: mesh=radio_display_storm_shop_radio_service_horn_mouth__cast_iron valid_basis=true max_uv_excess=0.0000000372529 widest=1.00000461383214 vertices=672 derivatives=true bad_derivatives=0 min_determinant=0.00000161525531 worst_dot=0.99999988079071
RADIO DISPLAY: checks=164 parts=7 triangles=10204 removed=72 supports=6 failures=0
CAP MAPPING: mesh=shop_joinery_storm_shop_funeral_parlour_boh_door__brass_dull valid_basis=true max_uv_excess=0.00000008428469 widest=1.00007802572767 vertices=4135 derivatives=true bad_derivatives=0 min_determinant=0.00000232876278 worst_dot=0.99999988079071
CAP MAPPING: mesh=shop_joinery_storm_shop_funeral_parlour_boh_door__iron_blackened valid_basis=true max_uv_excess=0.00000007310882 widest=1.00032691062136 vertices=1495 derivatives=true bad_derivatives=0 min_determinant=0.0000000289043 worst_dot=0.99999982118607
CAP MAPPING: mesh=shop_joinery_storm_shop_funeral_parlour_boh_door__wood_dark valid_basis=true max_uv_excess=0.00000017881393 widest=1.00023621578176 vertices=23368 derivatives=true bad_derivatives=0 min_determinant=0.0000001156172 worst_dot=0.99999982118607
CAP MAPPING: mesh=shop_joinery_storm_shop_funeral_parlour_window_plinth__plywood valid_basis=true max_uv_excess=0.00000009231735 widest=1.00008930488926 vertices=528 derivatives=true bad_derivatives=0 min_determinant=0.00000046255356 worst_dot=0.99999988079071
CAP MAPPING: mesh=shop_joinery_storm_shop_funeral_parlour_window_plinth__wood_dark valid_basis=true max_uv_excess=0.00000011920929 widest=1.00011159238848 vertices=11156 derivatives=true bad_derivatives=0 min_determinant=0.00000046255592 worst_dot=0.99999988079071
CAP MAPPING: mesh=shop_joinery_storm_shop_hardware_paint_boh_door__brass_dull valid_basis=true max_uv_excess=0.00000008591451 widest=1.00009216507657 vertices=4151 derivatives=true bad_derivatives=0 min_determinant=0.00000232876278 worst_dot=0.99999988079071
CAP MAPPING: mesh=shop_joinery_storm_shop_hardware_paint_boh_door__iron_blackened valid_basis=true max_uv_excess=0.00000008061761 widest=1.00031190950436 vertices=1502 derivatives=true bad_derivatives=0 min_determinant=0.0000000289043 worst_dot=0.99999988079071
CAP MAPPING: mesh=shop_joinery_storm_shop_hardware_paint_boh_door__wood_dark valid_basis=true max_uv_excess=0.00000017881393 widest=1.00029525758337 vertices=23312 derivatives=true bad_derivatives=0 min_determinant=0.00000011559834 worst_dot=0.99999982118607
CAP MAPPING: mesh=shop_joinery_storm_shop_keys_cut_boh_door__brass_dull valid_basis=true max_uv_excess=0.00000008300412 widest=1.0000779070306 vertices=4135 derivatives=true bad_derivatives=0 min_determinant=0.00000232876278 worst_dot=0.99999988079071
CAP MAPPING: mesh=shop_joinery_storm_shop_keys_cut_boh_door__iron_blackened valid_basis=true max_uv_excess=0.00000007709605 widest=1.00031416867266 vertices=1495 derivatives=true bad_derivatives=0 min_determinant=0.00000002890415 worst_dot=0.99999988079071
CAP MAPPING: mesh=shop_joinery_storm_shop_keys_cut_boh_door__wood_dark valid_basis=true max_uv_excess=0.00000017881393 widest=1.00024160352114 vertices=23318 derivatives=true bad_derivatives=0 min_determinant=0.00000011559834 worst_dot=0.99999988079071
CAP MAPPING: mesh=shop_joinery_storm_shop_luncheonette_boh_door__brass_dull valid_basis=true max_uv_excess=0.00000008638017 widest=1.00010266184089 vertices=4151 derivatives=true bad_derivatives=0 min_determinant=0.0000023260925 worst_dot=0.99999988079071
CAP MAPPING: mesh=shop_joinery_storm_shop_luncheonette_boh_door__iron_blackened valid_basis=true max_uv_excess=0.00000008239294 widest=1.00033222404222 vertices=1478 derivatives=true bad_derivatives=0 min_determinant=0.0000000289043 worst_dot=0.99999988079071
CAP MAPPING: mesh=shop_joinery_storm_shop_luncheonette_boh_door__wood_dark valid_basis=true max_uv_excess=0.00000017881393 widest=1.00026198931593 vertices=23232 derivatives=true bad_derivatives=0 min_determinant=0.0000001156172 worst_dot=0.99999982118607
CAP MAPPING: mesh=shop_joinery_storm_shop_model_laundry_boh_door__brass_dull valid_basis=true max_uv_excess=0.0000000805594 widest=1.00007802572767 vertices=4151 derivatives=true bad_derivatives=0 min_determinant=0.00000232876278 worst_dot=0.99999988079071
CAP MAPPING: mesh=shop_joinery_storm_shop_model_laundry_boh_door__iron_blackened valid_basis=true max_uv_excess=0.00000008777715 widest=1.00035396431228 vertices=1477 derivatives=true bad_derivatives=0 min_determinant=0.0000000289043 worst_dot=0.99999988079071
CAP MAPPING: mesh=shop_joinery_storm_shop_model_laundry_boh_door__wood_dark valid_basis=true max_uv_excess=0.00000017881393 widest=1.00026923777996 vertices=23344 derivatives=true bad_derivatives=0 min_determinant=0.0000001156172 worst_dot=0.99999988079071
CAP MAPPING: mesh=shop_joinery_storm_shop_news_cigars_boh_door__brass_dull valid_basis=true max_uv_excess=0.000000086613 widest=1.00009366025619 vertices=4151 derivatives=true bad_derivatives=0 min_determinant=0.0000023260925 worst_dot=0.99999988079071
CAP MAPPING: mesh=shop_joinery_storm_shop_news_cigars_boh_door__iron_blackened valid_basis=true max_uv_excess=0.00000007680501 widest=1.00029592709451 vertices=1478 derivatives=true bad_derivatives=0 min_determinant=0.0000000289043 worst_dot=0.99999988079071
CAP MAPPING: mesh=shop_joinery_storm_shop_news_cigars_boh_door__wood_dark valid_basis=true max_uv_excess=0.00000017881393 widest=1.00026923777996 vertices=23262 derivatives=true bad_derivatives=0 min_determinant=0.00000011559834 worst_dot=0.99999988079071
CAP MAPPING: mesh=shop_joinery_storm_shop_otis___son_boh_door__brass_dull valid_basis=true max_uv_excess=0.00000008195639 widest=1.00010266184089 vertices=4149 derivatives=true bad_derivatives=0 min_determinant=0.0000023260925 worst_dot=0.99999988079071
CAP MAPPING: mesh=shop_joinery_storm_shop_otis___son_boh_door__iron_blackened valid_basis=true max_uv_excess=0.00000006624032 widest=1.0003234252333 vertices=1490 derivatives=true bad_derivatives=0 min_determinant=0.0000000289043 worst_dot=0.99999988079071
CAP MAPPING: mesh=shop_joinery_storm_shop_otis___son_boh_door__wood_dark valid_basis=true max_uv_excess=0.00000017881393 widest=1.00029082448742 vertices=23304 derivatives=true bad_derivatives=0 min_determinant=0.00000011559834 worst_dot=0.99999982118607
CAP MAPPING: mesh=shop_joinery_storm_shop_pawnbroker_boh_door__brass_dull valid_basis=true max_uv_excess=0.00000008614734 widest=1.00009637473982 vertices=4135 derivatives=true bad_derivatives=0 min_determinant=0.0000023260925 worst_dot=0.99999988079071
CAP MAPPING: mesh=shop_joinery_storm_shop_pawnbroker_boh_door__iron_blackened valid_basis=true max_uv_excess=0.00000007310882 widest=1.00028168009618 vertices=1506 derivatives=true bad_derivatives=0 min_determinant=0.00000002890194 worst_dot=0.99999988079071
CAP MAPPING: mesh=shop_joinery_storm_shop_pawnbroker_boh_door__wood_dark valid_basis=true max_uv_excess=0.00000017881393 widest=1.000269057053 vertices=23282 derivatives=true bad_derivatives=0 min_determinant=0.00000011559834 worst_dot=0.99999988079071
CAP MAPPING: mesh=shop_joinery_storm_shop_photo_supplies_boh_door__brass_dull valid_basis=true max_uv_excess=0.00000008568168 widest=1.00007461176506 vertices=4135 derivatives=true bad_derivatives=0 min_determinant=0.0000023260925 worst_dot=0.99999988079071
CAP MAPPING: mesh=shop_joinery_storm_shop_photo_supplies_boh_door__iron_blackened valid_basis=true max_uv_excess=0.00000006577466 widest=1.00034373388499 vertices=1491 derivatives=true bad_derivatives=0 min_determinant=0.0000000289043 worst_dot=0.99999988079071
CAP MAPPING: mesh=shop_joinery_storm_shop_photo_supplies_boh_door__wood_dark valid_basis=true max_uv_excess=0.00000017881393 widest=1.00029807336937 vertices=23294 derivatives=true bad_derivatives=0 min_determinant=0.00000011559834 worst_dot=0.99999982118607
CAP MAPPING: mesh=shop_joinery_storm_shop_radio_service_boh_door__brass_dull valid_basis=true max_uv_excess=0.00000008754432 widest=1.00006585230503 vertices=4155 derivatives=true bad_derivatives=0 min_determinant=0.0000023260925 worst_dot=0.99999988079071
CAP MAPPING: mesh=shop_joinery_storm_shop_radio_service_boh_door__iron_blackened valid_basis=true max_uv_excess=0.00000007339986 widest=1.00031249178753 vertices=1474 derivatives=true bad_derivatives=0 min_determinant=0.0000000289043 worst_dot=0.99999988079071
CAP MAPPING: mesh=shop_joinery_storm_shop_radio_service_boh_door__wood_dark valid_basis=true max_uv_excess=0.00000017881393 widest=1.00026198931593 vertices=23356 derivatives=true bad_derivatives=0 min_determinant=0.0000001156172 worst_dot=0.99999988079071
CAP MAPPING: mesh=shop_joinery_storm_shop_shoe_rebuilding_boh_door__brass_dull valid_basis=true max_uv_excess=0.00000008172356 widest=1.00007908512222 vertices=4151 derivatives=true bad_derivatives=0 min_determinant=0.00000232876278 worst_dot=0.99999988079071
CAP MAPPING: mesh=shop_joinery_storm_shop_shoe_rebuilding_boh_door__iron_blackened valid_basis=true max_uv_excess=0.00000006650225 widest=1.00034373388499 vertices=1487 derivatives=true bad_derivatives=0 min_determinant=0.0000000289043 worst_dot=0.99999988079071
CAP MAPPING: mesh=shop_joinery_storm_shop_shoe_rebuilding_boh_door__wood_dark valid_basis=true max_uv_excess=0.00000017881393 widest=1.00022146751393 vertices=23324 derivatives=true bad_derivatives=0 min_determinant=0.00000011559834 worst_dot=0.99999988079071
SHOP JOINERY: checks=806 parts=35 triangles=120440 removed=288 supports=50 failures=0
CAP MAPPING: mesh=shop_clerestories_storm_shop_funeral_parlour_borrowed_sill__glassish valid_basis=true max_uv_excess=0.00000023841858 widest=1.00000007224807 vertices=34 derivatives=true bad_derivatives=0 min_determinant=0.00420002965927 worst_dot=0.99999994039536
CAP MAPPING: mesh=shop_clerestories_storm_shop_funeral_parlour_borrowed_sill__plaster_stained valid_basis=true max_uv_excess=0.00000011920929 widest=1.00000011807524 vertices=461 derivatives=true bad_derivatives=0 min_determinant=0.0019999675751 worst_dot=1.0
CAP MAPPING: mesh=shop_clerestories_storm_shop_funeral_parlour_borrowed_sill__trim valid_basis=true max_uv_excess=0.00000011920929 widest=1.00053234879881 vertices=14339 derivatives=true bad_derivatives=0 min_determinant=0.00000002889016 worst_dot=0.99999952316284
CAP MAPPING: mesh=shop_clerestories_storm_shop_hardware_paint_borrowed_sill__glassish valid_basis=true max_uv_excess=0.0 widest=1.0 vertices=34 derivatives=true bad_derivatives=0 min_determinant=0.00420002965927 worst_dot=0.99999994039536
CAP MAPPING: mesh=shop_clerestories_storm_shop_hardware_paint_borrowed_sill__plaster_stained valid_basis=true max_uv_excess=0.0 widest=1.0 vertices=256 derivatives=true bad_derivatives=0 min_determinant=0.0019999675751 worst_dot=1.0
CAP MAPPING: mesh=shop_clerestories_storm_shop_hardware_paint_borrowed_sill__trim valid_basis=true max_uv_excess=0.00000011920929 widest=1.00043232532014 vertices=14324 derivatives=true bad_derivatives=0 min_determinant=0.0000000289043 worst_dot=0.9999988079071
CAP MAPPING: mesh=shop_clerestories_storm_shop_keys_cut_borrowed_sill__glassish valid_basis=true max_uv_excess=0.0 widest=1.0 vertices=34 derivatives=true bad_derivatives=0 min_determinant=0.00420002965927 worst_dot=0.99999994039536
CAP MAPPING: mesh=shop_clerestories_storm_shop_keys_cut_borrowed_sill__plaster_stained valid_basis=true max_uv_excess=0.0 widest=1.0 vertices=256 derivatives=true bad_derivatives=0 min_determinant=0.0019999675751 worst_dot=1.0
CAP MAPPING: mesh=shop_clerestories_storm_shop_keys_cut_borrowed_sill__trim valid_basis=true max_uv_excess=0.00000010707299 widest=1.00046475084624 vertices=14444 derivatives=true bad_derivatives=0 min_determinant=0.00000002889016 worst_dot=0.99999970197678
CAP MAPPING: mesh=shop_clerestories_storm_shop_luncheonette_borrowed_sill__glassish valid_basis=true max_uv_excess=0.00000023841858 widest=1.00000006113295 vertices=35 derivatives=true bad_derivatives=0 min_determinant=0.00420036344531 worst_dot=0.99999994039536
CAP MAPPING: mesh=shop_clerestories_storm_shop_luncheonette_borrowed_sill__plaster_stained valid_basis=true max_uv_excess=0.00000005960464 widest=1.00000012957557 vertices=279 derivatives=true bad_derivatives=0 min_determinant=0.0019999675751 worst_dot=1.0
CAP MAPPING: mesh=shop_clerestories_storm_shop_luncheonette_borrowed_sill__trim valid_basis=true max_uv_excess=0.00000023841858 widest=1.00043622798077 vertices=14330 derivatives=true bad_derivatives=0 min_determinant=0.00000002889016 worst_dot=0.99999964237213
CAP MAPPING: mesh=shop_clerestories_storm_shop_model_laundry_borrowed_sill__glassish valid_basis=true max_uv_excess=0.0 widest=1.0 vertices=31 derivatives=true bad_derivatives=0 min_determinant=0.00420002965927 worst_dot=0.99999994039536
CAP MAPPING: mesh=shop_clerestories_storm_shop_model_laundry_borrowed_sill__plaster_stained valid_basis=true max_uv_excess=0.00000011920929 widest=1.000000259149 vertices=279 derivatives=true bad_derivatives=0 min_determinant=0.0019999675751 worst_dot=1.0
CAP MAPPING: mesh=shop_clerestories_storm_shop_model_laundry_borrowed_sill__trim valid_basis=true max_uv_excess=0.00000011199154 widest=1.00045163142463 vertices=14340 derivatives=true bad_derivatives=0 min_determinant=0.00000002890725 worst_dot=0.99999892711639
CAP MAPPING: mesh=shop_clerestories_storm_shop_news_cigars_borrowed_sill__glassish valid_basis=true max_uv_excess=0.0 widest=1.0 vertices=31 derivatives=true bad_derivatives=0 min_determinant=0.00420036344531 worst_dot=0.99999994039536
CAP MAPPING: mesh=shop_clerestories_storm_shop_news_cigars_borrowed_sill__plaster_stained valid_basis=true max_uv_excess=0.0 widest=1.0 vertices=259 derivatives=true bad_derivatives=0 min_determinant=0.0019999675751 worst_dot=1.0
CAP MAPPING: mesh=shop_clerestories_storm_shop_news_cigars_borrowed_sill__trim valid_basis=true max_uv_excess=0.00000011341763 widest=1.00043860570568 vertices=14270 derivatives=true bad_derivatives=0 min_determinant=0.00000002889958 worst_dot=0.99999982118607
CAP MAPPING: mesh=shop_clerestories_storm_shop_otis___son_borrowed_sill__glassish valid_basis=true max_uv_excess=0.0 widest=1.0 vertices=35 derivatives=true bad_derivatives=0 min_determinant=0.00420036344531 worst_dot=0.99999994039536
CAP MAPPING: mesh=shop_clerestories_storm_shop_otis___son_borrowed_sill__plaster_stained valid_basis=true max_uv_excess=0.0 widest=1.0 vertices=279 derivatives=true bad_derivatives=0 min_determinant=0.0019999675751 worst_dot=1.0
CAP MAPPING: mesh=shop_clerestories_storm_shop_otis___son_borrowed_sill__trim valid_basis=true max_uv_excess=0.00000023841858 widest=1.00043250336438 vertices=14262 derivatives=true bad_derivatives=0 min_determinant=0.00000002889958 worst_dot=0.99999988079071
CAP MAPPING: mesh=shop_clerestories_storm_shop_pawnbroker_borrowed_sill__glassish valid_basis=true max_uv_excess=0.0 widest=1.0 vertices=34 derivatives=true bad_derivatives=0 min_determinant=0.00420036344531 worst_dot=0.99999994039536
CAP MAPPING: mesh=shop_clerestories_storm_shop_pawnbroker_borrowed_sill__plaster_stained valid_basis=true max_uv_excess=0.00000047683716 widest=1.00000014105382 vertices=256 derivatives=true bad_derivatives=0 min_determinant=0.0019999675751 worst_dot=1.0
CAP MAPPING: mesh=shop_clerestories_storm_shop_pawnbroker_borrowed_sill__trim valid_basis=true max_uv_excess=0.00000023841858 widest=1.00042869608488 vertices=14335 derivatives=true bad_derivatives=0 min_determinant=0.00000002889958 worst_dot=0.99999958276749
CAP MAPPING: mesh=shop_clerestories_storm_shop_photo_supplies_borrowed_sill__plaster_stained valid_basis=true max_uv_excess=0.00000047683716 widest=1.00000011584473 vertices=279 derivatives=true bad_derivatives=0 min_determinant=0.0019999675751 worst_dot=1.0
CAP MAPPING: mesh=shop_clerestories_storm_shop_photo_supplies_borrowed_sill__trim valid_basis=true max_uv_excess=0.00000023841858 widest=1.00043232532014 vertices=14324 derivatives=true bad_derivatives=0 min_determinant=0.00000002889016 worst_dot=0.99999928474426
CAP MAPPING: mesh=shop_clerestories_storm_shop_radio_service_borrowed_sill__glassish valid_basis=true max_uv_excess=0.0 widest=1.0 vertices=34 derivatives=true bad_derivatives=0 min_determinant=0.00420036344531 worst_dot=0.99999994039536
CAP MAPPING: mesh=shop_clerestories_storm_shop_radio_service_borrowed_sill__plaster_stained valid_basis=true max_uv_excess=0.00000011920929 widest=1.00000006020673 vertices=279 derivatives=true bad_derivatives=0 min_determinant=0.0019999675751 worst_dot=1.0
CAP MAPPING: mesh=shop_clerestories_storm_shop_radio_service_borrowed_sill__trim valid_basis=true max_uv_excess=0.00000012130477 widest=1.0004791717186 vertices=14314 derivatives=true bad_derivatives=0 min_determinant=0.0000000289043 worst_dot=0.99999988079071
CAP MAPPING: mesh=shop_clerestories_storm_shop_shoe_rebuilding_borrowed_sill__glassish valid_basis=true max_uv_excess=0.0 widest=1.0 vertices=31 derivatives=true bad_derivatives=0 min_determinant=0.00420002965927 worst_dot=0.99999994039536
CAP MAPPING: mesh=shop_clerestories_storm_shop_shoe_rebuilding_borrowed_sill__plaster_stained valid_basis=true max_uv_excess=0.00000011920929 widest=1.00000025915115 vertices=279 derivatives=true bad_derivatives=0 min_determinant=0.0019999675751 worst_dot=1.0
CAP MAPPING: mesh=shop_clerestories_storm_shop_shoe_rebuilding_borrowed_sill__trim valid_basis=true max_uv_excess=0.00000047683716 widest=1.00043309162752 vertices=14514 derivatives=true bad_derivatives=0 min_determinant=0.0000000289043 worst_dot=0.99999958276749
SHOP CLERESTORIES: checks=1460 parts=32 triangles=60216 removed=1068 supports=251 failures=0
CAP MAPPING: mesh=photo_cameras_storm_shop_photo_supplies_camera_body0__bakelite_black valid_basis=true max_uv_excess=0.00000007683411 widest=1.00007746029749 vertices=2310 derivatives=true bad_derivatives=0 min_determinant=0.00000046262778 worst_dot=0.99999988079071
CAP MAPPING: mesh=photo_cameras_storm_shop_photo_supplies_camera_body0__brass_dull valid_basis=true max_uv_excess=0.00000007636845 widest=1.00016986487261 vertices=3388 derivatives=true bad_derivatives=0 min_determinant=0.00000011567019 worst_dot=0.99999988079071
CAP MAPPING: mesh=photo_cameras_storm_shop_photo_supplies_camera_body1__bakelite_black valid_basis=true max_uv_excess=0.00000006146729 widest=1.00004877724419 vertices=1908 derivatives=true bad_derivatives=0 min_determinant=0.00000046261834 worst_dot=0.99999988079071
CAP MAPPING: mesh=photo_cameras_storm_shop_photo_supplies_camera_body1__brass_dull valid_basis=true max_uv_excess=0.00000008288771 widest=1.00001406224776 vertices=1888 derivatives=true bad_derivatives=0 min_determinant=0.00000142495992 worst_dot=0.99999988079071
CAP MAPPING: mesh=photo_cameras_storm_shop_photo_supplies_camera_body2__bakelite_black valid_basis=true max_uv_excess=0.00000008579809 widest=1.00012135352606 vertices=2818 derivatives=true bad_derivatives=0 min_determinant=0.00000011566769 worst_dot=0.99999988079071
CAP MAPPING: mesh=photo_cameras_storm_shop_photo_supplies_camera_body2__brass_dull valid_basis=true max_uv_excess=0.00000007351628 widest=1.00017496098816 vertices=3900 derivatives=true bad_derivatives=0 min_determinant=0.00000011563898 worst_dot=0.99999988079071
CAP MAPPING: mesh=photo_cameras_storm_shop_photo_supplies_window_plinth__plywood valid_basis=true max_uv_excess=0.00000023841858 widest=1.00019232378821 vertices=526 derivatives=true bad_derivatives=0 min_determinant=0.00000011563134 worst_dot=0.99999982118607
CAP MAPPING: mesh=photo_cameras_storm_shop_photo_supplies_window_plinth__timber valid_basis=true max_uv_excess=0.00000011920929 widest=1.00017923279911 vertices=6184 derivatives=true bad_derivatives=0 min_determinant=0.00000011562012 worst_dot=0.99999982118607
PHOTO CAMERAS: checks=168 parts=8 triangles=10016 removed=96 supports=7 failures=0
CAP MAPPING: mesh=photo_counter_storm_shop_photo_supplies_counter__brass_dull valid_basis=true max_uv_excess=0.00000023841858 widest=1.00033740190182 vertices=540 derivatives=true bad_derivatives=0 min_determinant=0.00000001849399 worst_dot=0.99999976158142
CAP MAPPING: mesh=photo_counter_storm_shop_photo_supplies_counter__glassish valid_basis=true max_uv_excess=0.00000005960464 widest=1.00000009613639 vertices=96 derivatives=true bad_derivatives=0 min_determinant=0.00144720454409 worst_dot=1.0
CAP MAPPING: mesh=photo_counter_storm_shop_photo_supplies_counter__timber valid_basis=true max_uv_excess=0.00000023841858 widest=1.00032129896833 vertices=11508 derivatives=true bad_derivatives=0 min_determinant=0.00000011562955 worst_dot=0.99999964237213
CAP MAPPING: mesh=photo_counter_storm_shop_photo_supplies_ledger__paper valid_basis=true max_uv_excess=0.0000000714208 widest=1.00013817077435 vertices=512 derivatives=true bad_derivatives=0 min_determinant=0.00000011567019 worst_dot=0.99999994039536
CAP MAPPING: mesh=photo_counter_storm_shop_photo_supplies_ledger__paper__cover valid_basis=true max_uv_excess=0.00000007706694 widest=1.00031966132146 vertices=1528 derivatives=true bad_derivatives=0 min_determinant=0.00000002890607 worst_dot=0.99999988079071
PHOTO COUNTER: checks=124 parts=5 triangles=5124 removed=48 supports=5 failures=0
CAP MAPPING: mesh=photo_stock_storm_shop_photo_supplies_box0__paper__book_ochre valid_basis=true max_uv_excess=0.00000008041388 widest=1.00032691062136 vertices=3006 derivatives=true bad_derivatives=0 min_determinant=0.0000000289043 worst_dot=0.99999988079071
CAP MAPPING: mesh=photo_stock_storm_shop_photo_supplies_box1__paper__book_teal valid_basis=true max_uv_excess=0.00000008166535 widest=1.00031596202781 vertices=3034 derivatives=true bad_derivatives=0 min_determinant=0.00000002890577 worst_dot=0.99999988079071
CAP MAPPING: mesh=photo_stock_storm_shop_photo_supplies_box2__paper__lacquer_red valid_basis=true max_uv_excess=0.00000008166535 widest=1.00032691062136 vertices=3034 derivatives=true bad_derivatives=0 min_determinant=0.00000002890666 worst_dot=0.99999988079071
CAP MAPPING: mesh=photo_stock_storm_shop_photo_supplies_box3__paper__book_ochre valid_basis=true max_uv_excess=0.00000008166535 widest=1.00031596202781 vertices=3034 derivatives=true bad_derivatives=0 min_determinant=0.0000000289043 worst_dot=0.99999988079071
CAP MAPPING: mesh=photo_stock_storm_shop_photo_supplies_box4__paper__book_teal valid_basis=true max_uv_excess=0.00000008472125 widest=1.00035070191747 vertices=3040 derivatives=true bad_derivatives=0 min_determinant=0.0000000289043 worst_dot=0.99999988079071
CAP MAPPING: mesh=photo_stock_storm_shop_photo_supplies_box5__paper__lacquer_red valid_basis=true max_uv_excess=0.00000008349889 widest=1.00032691062136 vertices=3036 derivatives=true bad_derivatives=0 min_determinant=0.0000000289043 worst_dot=0.99999988079071
CAP MAPPING: mesh=photo_stock_storm_shop_photo_supplies_box6__paper__book_ochre valid_basis=true max_uv_excess=0.00000008504139 widest=1.00032743177654 vertices=3020 derivatives=true bad_derivatives=0 min_determinant=0.00000002890577 worst_dot=0.99999988079071
CAP MAPPING: mesh=photo_stock_storm_shop_photo_supplies_box7__paper__book_teal valid_basis=true max_uv_excess=0.00000008288771 widest=1.00032691062136 vertices=3042 derivatives=true bad_derivatives=0 min_determinant=0.0000000289043 worst_dot=0.99999988079071
CAP MAPPING: mesh=photo_stock_storm_shop_photo_supplies_box8__paper__lacquer_red valid_basis=true max_uv_excess=0.00000008166535 widest=1.00032743177654 vertices=3046 derivatives=true bad_derivatives=0 min_determinant=0.0000000289043 worst_dot=0.99999988079071
CAP MAPPING: mesh=photo_stock_storm_shop_photo_supplies_box9__paper__book_ochre valid_basis=true max_uv_excess=0.00000007968629 widest=1.00035070191747 vertices=3032 derivatives=true bad_derivatives=0 min_determinant=0.0000000289043 worst_dot=0.99999988079071
CAP MAPPING: mesh=photo_stock_storm_shop_photo_supplies_box10__paper__book_teal valid_basis=true max_uv_excess=0.00000008166535 widest=1.00032743177654 vertices=3042 derivatives=true bad_derivatives=0 min_determinant=0.0000000289043 worst_dot=0.99999988079071
CAP MAPPING: mesh=photo_stock_storm_shop_photo_supplies_box11__paper__lacquer_red valid_basis=true max_uv_excess=0.00000008603092 widest=1.00032691062136 vertices=3036 derivatives=true bad_derivatives=0 min_determinant=0.0000000289043 worst_dot=0.99999988079071
CAP MAPPING: mesh=photo_stock_storm_shop_photo_supplies_box12__paper__book_ochre valid_basis=true max_uv_excess=0.00000008076313 widest=1.00032567139064 vertices=3050 derivatives=true bad_derivatives=0 min_determinant=0.0000000289043 worst_dot=0.99999988079071
CAP MAPPING: mesh=photo_stock_storm_shop_photo_supplies_box13__paper__book_teal valid_basis=true max_uv_excess=0.00000007965718 widest=1.00035070191747 vertices=3040 derivatives=true bad_derivatives=0 min_determinant=0.00000002890585 worst_dot=0.99999988079071
CAP MAPPING: mesh=photo_stock_storm_shop_photo_supplies_box14__paper__lacquer_red valid_basis=true max_uv_excess=0.00000008119969 widest=1.00032743177654 vertices=3040 derivatives=true bad_derivatives=0 min_determinant=0.0000000289043 worst_dot=0.99999988079071
CAP MAPPING: mesh=photo_stock_storm_shop_photo_supplies_cab_sh0__timber valid_basis=true max_uv_excess=0.00000023841858 widest=1.00019424686942 vertices=5809 derivatives=true bad_derivatives=0 min_determinant=0.0000001156419 worst_dot=0.99999982118607
PHOTO STOCK: checks=287 parts=16 triangles=18988 removed=240 supports=19 failures=0
CAP MAPPING: mesh=photo_enlargers_storm_shop_photo_supplies_enl0__dark valid_basis=true max_uv_excess=0.00000004842877 widest=1.00001609797475 vertices=606 derivatives=true bad_derivatives=0 min_determinant=0.00000118070784 worst_dot=0.99999988079071
CAP MAPPING: mesh=photo_enlargers_storm_shop_photo_supplies_enl0__metal valid_basis=true max_uv_excess=0.00000008195639 widest=1.0000809818759 vertices=4604 derivatives=true bad_derivatives=0 min_determinant=0.00000031876607 worst_dot=0.99999988079071
CAP MAPPING: mesh=photo_enlargers_storm_shop_photo_supplies_enl0__trim valid_basis=true max_uv_excess=0.00000003259629 widest=1.00000336619865 vertices=579 derivatives=true bad_derivatives=0 min_determinant=0.0002157495716 worst_dot=0.99999994039536
CAP MAPPING: mesh=photo_enlargers_storm_shop_photo_supplies_enl1__dark valid_basis=true max_uv_excess=0.00000004842877 widest=1.00001609797475 vertices=594 derivatives=true bad_derivatives=0 min_determinant=0.00000118070784 worst_dot=0.99999994039536
CAP MAPPING: mesh=photo_enlargers_storm_shop_photo_supplies_enl1__metal valid_basis=true max_uv_excess=0.0000000782311 widest=1.00006959040977 vertices=4596 derivatives=true bad_derivatives=0 min_determinant=0.00000031876607 worst_dot=0.99999988079071
CAP MAPPING: mesh=photo_enlargers_storm_shop_photo_supplies_enl1__trim valid_basis=true max_uv_excess=0.00000003632158 widest=1.0000027768488 vertices=585 derivatives=true bad_derivatives=0 min_determinant=0.00021575046566 worst_dot=0.99999988079071
CAP MAPPING: mesh=photo_enlargers_storm_shop_photo_supplies_enl2__dark valid_basis=true max_uv_excess=0.00000004842877 widest=1.00001609797475 vertices=600 derivatives=true bad_derivatives=0 min_determinant=0.00000118070784 worst_dot=0.99999988079071
CAP MAPPING: mesh=photo_enlargers_storm_shop_photo_supplies_enl2__metal valid_basis=true max_uv_excess=0.00000008218922 widest=1.00008285977485 vertices=4616 derivatives=true bad_derivatives=0 min_determinant=0.00000031876607 worst_dot=0.99999988079071
CAP MAPPING: mesh=photo_enlargers_storm_shop_photo_supplies_enl2__trim valid_basis=true max_uv_excess=0.00000002421439 widest=1.00000323620616 vertices=579 derivatives=true bad_derivatives=0 min_determinant=0.00021575046566 worst_dot=0.99999988079071
CAP MAPPING: mesh=photo_enlargers_storm_shop_photo_supplies_enl_shelf__timber valid_basis=true max_uv_excess=0.0000001185108 widest=1.00011947579934 vertices=3602 derivatives=true bad_derivatives=0 min_determinant=0.00000046251819 worst_dot=0.99999988079071
PHOTO ENLARGERS: checks=160 parts=10 triangles=8732 removed=48 supports=9 failures=0
CAP MAPPING: mesh=photo_portraits_storm_shop_photo_supplies_portrait0__iron valid_basis=true max_uv_excess=0.00000006580376 widest=1.00054065446864 vertices=1022 derivatives=true bad_derivatives=0 min_determinant=0.00000001040371 worst_dot=0.99999976158142
CAP MAPPING: mesh=photo_portraits_storm_shop_photo_supplies_portrait0__paper valid_basis=true max_uv_excess=0.0 widest=1.0 vertices=20 derivatives=true bad_derivatives=0 min_determinant=0.0004800410461 worst_dot=1.0
CAP MAPPING: mesh=photo_portraits_storm_shop_photo_supplies_portrait1__iron valid_basis=true max_uv_excess=0.00000006634218 widest=1.00051661886919 vertices=1024 derivatives=true bad_derivatives=0 min_determinant=0.00000001040265 worst_dot=0.99999988079071
CAP MAPPING: mesh=photo_portraits_storm_shop_photo_supplies_portrait1__paper valid_basis=true max_uv_excess=0.0 widest=1.0 vertices=20 derivatives=true bad_derivatives=0 min_determinant=0.0004800410461 worst_dot=1.0
CAP MAPPING: mesh=photo_portraits_storm_shop_photo_supplies_portrait2__iron valid_basis=true max_uv_excess=0.00000006580376 widest=1.00051661886919 vertices=1028 derivatives=true bad_derivatives=0 min_determinant=0.00000001040336 worst_dot=0.99999970197678
CAP MAPPING: mesh=photo_portraits_storm_shop_photo_supplies_portrait2__paper valid_basis=true max_uv_excess=0.0 widest=1.0 vertices=20 derivatives=true bad_derivatives=0 min_determinant=0.0004800410461 worst_dot=1.0
CAP MAPPING: mesh=photo_portraits_storm_shop_photo_supplies_portrait3__iron valid_basis=true max_uv_excess=0.00000007393828 widest=1.00047477714861 vertices=1022 derivatives=true bad_derivatives=0 min_determinant=0.00000001040265 worst_dot=0.99999976158142
CAP MAPPING: mesh=photo_portraits_storm_shop_photo_supplies_portrait3__paper valid_basis=true max_uv_excess=0.0 widest=1.0 vertices=20 derivatives=true bad_derivatives=0 min_determinant=0.0004800410461 worst_dot=1.0
CAP MAPPING: mesh=photo_portraits_storm_shop_photo_supplies_portrait4__iron valid_basis=true max_uv_excess=0.00000006795744 widest=1.00061988441877 vertices=1036 derivatives=true bad_derivatives=0 min_determinant=0.00000001040124 worst_dot=0.99999982118607
CAP MAPPING: mesh=photo_portraits_storm_shop_photo_supplies_portrait4__paper valid_basis=true max_uv_excess=0.00000002980232 widest=1.0000001192093 vertices=20 derivatives=true bad_derivatives=0 min_determinant=0.00048005249118 worst_dot=1.0
CAP MAPPING: mesh=photo_portraits_storm_shop_photo_supplies_portrait5__iron valid_basis=true max_uv_excess=0.00000008304778 widest=1.00053539578761 vertices=1032 derivatives=true bad_derivatives=0 min_determinant=0.00000001040972 worst_dot=0.99999982118607
CAP MAPPING: mesh=photo_portraits_storm_shop_photo_supplies_portrait5__paper valid_basis=true max_uv_excess=0.00000002980232 widest=1.0000001192093 vertices=20 derivatives=true bad_derivatives=0 min_determinant=0.0004800410461 worst_dot=1.0
CAP MAPPING: mesh=photo_portraits_storm_shop_photo_supplies_portrait6__iron valid_basis=true max_uv_excess=0.00000006843766 widest=1.00047691457376 vertices=1046 derivatives=true bad_derivatives=0 min_determinant=0.00000001040901 worst_dot=0.99999988079071
CAP MAPPING: mesh=photo_portraits_storm_shop_photo_supplies_portrait6__paper valid_basis=true max_uv_excess=0.00000005960464 widest=1.00000020081323 vertices=20 derivatives=true bad_derivatives=0 min_determinant=0.0004800410461 worst_dot=1.0
CAP MAPPING: mesh=photo_portraits_storm_shop_photo_supplies_portrait_rail__iron valid_basis=true max_uv_excess=0.00000005465699 widest=1.00006991890078 vertices=432 derivatives=true bad_derivatives=0 min_determinant=0.00000023355824 worst_dot=1.0
CAP MAPPING: mesh=photo_portraits_storm_shop_photo_supplies_portrait_rail__wood valid_basis=true max_uv_excess=0.00000009988435 widest=1.00020968242231 vertices=2456 derivatives=true bad_derivatives=0 min_determinant=0.0000001156419 worst_dot=0.99999988079071
CAP MAPPING: mesh=radio_wire_storm_shop_radio_service_aerial_spools__cast_iron valid_basis=true max_uv_excess=0.00000005960464 widest=1.00001423890671 vertices=637 derivatives=true bad_derivatives=0 min_determinant=0.0000007225201 worst_dot=0.99999988079071
CAP MAPPING: mesh=radio_wire_storm_shop_radio_service_aerial_spools__copper_aged valid_basis=true max_uv_excess=0.00000008568168 widest=1.00004065172131 vertices=60054 derivatives=true bad_derivatives=0 min_determinant=0.00000259344017 worst_dot=0.99999988079071
CAP MAPPING: mesh=radio_wire_storm_shop_radio_service_aerial_spools__timber valid_basis=true max_uv_excess=0.00000008381903 widest=1.00010320903652 vertices=11544 derivatives=true bad_derivatives=0 min_determinant=0.00000046262126 worst_dot=0.99999982118607
CAP MAPPING: mesh=radio_wire_storm_shop_radio_service_solder_ring__cast_iron valid_basis=true max_uv_excess=0.00000008568168 widest=1.0000772257234 vertices=6574 derivatives=true bad_derivatives=0 min_determinant=0.00000046262778 worst_dot=0.99999988079071
RADIO WIRE: checks=115 parts=4 triangles=30108 removed=24 supports=8 failures=0
FABRICATION BATCH: worlds=1 modules=10 module_checks=3815 failures=0 elapsed_ms=46602
