Godot Engine v4.7.1.stable.official.a13da4feb - https://godotengine.org
Vulkan 1.4.341 - Forward+ - Using Device #0: NVIDIA - NVIDIA GeForce RTX 4080

[ACOUSTIC] 550 nodes loaded
ORISON V2 BLOCKOUT: 200 spaces / 111 doors / 1104 anchors
[V2 FRONT COURT ROOF] three seated girders; retained roof slabs; mapped exterior concrete
[V2 BODEGA POWER] independent inlet; four existing fittings; 20 bearings
[SURFACE] 1154 surfaces layered (405 materials)
[PASSAGE HOURS] OPEN; 10 grilles folded
[PASSAGE HOURS] 11 shopfronts, 10 close after 02:00, HARDWARE PAINT keeps night service
[PASSAGE FINISH] 6 gated draws, 3 handcarts, hours active
[V2 PASSAGE] 13 resident cells; 11 doors; 1 shared-service counters
[SURFACE] 170 surfaces layered (81 materials)
[HARUKIYA] 9 interactables placed
[ARCADE] 2 cabinet(s) from a catalog of 12: SOMETHING IN THE HALL (mystery_serial), OPERATIONS (farm_and_market)
[ARCADE] all of them are running arcade_pit
[V2 BAR] retained cell; 29 registered markers; 3 doors
[V2 FRONT FACADE] native entrance, original landmark hardware, glazed marquee and fitted blade
[SCHEDULE] director live: 18 residents on the clock
[MOVES] personal library: res://assets/characters/mina_vale/mina_vale_moves.glb
SOURCE PARAPET MATERIAL ROOF_PARAPET_EAST brick 
SOURCE PARAPET MATERIAL ROOF_PARAPET_NORTH brick 
SOURCE PARAPET MATERIAL ROOF_PARAPET_SOUTH brick 
SOURCE PARAPET MATERIAL ROOF_PARAPET_WEST brick 
[ORISON V2 RUNTIME] ready startup_ms=26902.578
[LIGHTING] 207 sources active in system; 207 full personalities; profiles steady/breathe/mains/beat/dropout=[50, 45, 36, 42, 34]
[HARUKIYA] OPEN, 18 fixtures
CONNECTED EXTERIOR CHECK: arcade composes in the same production world = true
CONNECTED EXTERIOR CHECK: hardware stock uses initialized shared authorities = true
[SURFACE] 33 surfaces layered (20 materials)
[SURFACE] 173 surfaces layered (52 materials)
[SURFACE] 231 surfaces layered (76 materials)
[SURFACE] 273 surfaces layered (100 materials)
[SURFACE] 467 surfaces layered (136 materials)
[SURFACE] 528 surfaces layered (166 materials)
[SURFACE] 642 surfaces layered (221 materials)
[SURFACE] 723 surfaces layered (267 materials)
[SURFACE] 753 surfaces layered (295 materials)
[SURFACE] 803 surfaces layered (321 materials)
[SURFACE] 1099 surfaces layered (369 materials)
[SURFACE] 1144 surfaces layered (398 materials)
RESIDENCY_AT_NAVE {"cell_count":13,"load_cycles":1,"peak_activation_ms":7.44,"peak_stage_ms":588.848,"pending_requests":0,"physical_actors_retained":true,"retired_geometry_roots_alive":0,"retired_mesh_resources_alive":0,"stage_records":[{"cell":"passage","fetch_ms":0.002,"instantiate_ms":1.098,"surface_ms":9.699},{"cell":"shop_model_laundry","fetch_ms":0.004,"instantiate_ms":0.603,"surface_ms":197.554},{"cell":"shop_shoe_rebuilding","fetch_ms":0.005,"instantiate_ms":0.474,"surface_ms":188.113},{"cell":"shop_keys_cut","fetch_ms":0.005,"instantiate_ms":0.677,"surface_ms":218.158},{"cell":"shop_hardware_paint","fetch_ms":0.004,"instantiate_ms":0.783,"surface_ms":477.673},{"cell":"shop_funeral_parlour","fetch_ms":0.005,"instantiate_ms":0.491,"surface_ms":319.46},{"cell":"shop_photo_supplies","fetch_ms":0.004,"instantiate_ms":0.464,"surface_ms":232.012},{"cell":"shop_radio_service","fetch_ms":0.005,"instantiate_ms":0.43,"surface_ms":201.32},{"cell":"shop_pawnbroker","fetch_ms":0.006,"instantiate_ms":0.513,"surface_ms":9.922},{"cell":"shop_news_cigars","fetch_ms":0.005,"instantiate_ms":0.412,"surface_ms":83.736},{"cell":"shop_otis_son","fetch_ms":0.005,"instantiate_ms":0.724,"surface_ms":588.119},{"cell":"shop_luncheonette","fetch_ms":0.006,"instantiate_ms":0.599,"surface_ms":59.803}],"state":"RESIDENT","unload_cycles":1}
CONNECTED EXTERIOR CHECK: arcade geometry reloads asynchronously after leaving the core = true
CONNECTED EXTERIOR CHECK: reloaded native owner exists: FuneralFittings = true
CONNECTED EXTERIOR CHECK: reloaded native source export binds: FuneralFittings = true
CONNECTED EXTERIOR CHECK: reloaded source boundary stays retired: storm_shop_funeral_parlour_lectern = true
CONNECTED EXTERIOR CHECK: reloaded source boundary stays retired: storm_shop_funeral_parlour_lectern_top = true
CONNECTED EXTERIOR CHECK: reloaded source boundary stays retired: storm_shop_funeral_parlour_book = true
CONNECTED EXTERIOR CHECK: reloaded source boundary stays retired: storm_shop_funeral_parlour_bier = true
CONNECTED EXTERIOR CHECK: reloaded source boundary stays retired: storm_shop_funeral_parlour_bier_trestle0 = true
CONNECTED EXTERIOR CHECK: reloaded source boundary stays retired: storm_shop_funeral_parlour_bier_trestle1 = true
CONNECTED EXTERIOR CHECK: reloaded native partitions remain: FuneralFittings = true
CONNECTED EXTERIOR CHECK: reloaded native visible/physical faces agree: F01_retail_funeral_storm_shop_funeral_parlour_bier__bier_deck = true
CONNECTED EXTERIOR CHECK: reloaded native visible/physical faces agree: F01_retail_funeral_storm_shop_funeral_parlour_bier__bier_frame = true
CONNECTED EXTERIOR CHECK: reloaded native visible/physical faces agree: F01_retail_funeral_storm_shop_funeral_parlour_lectern__book_cover = true
CONNECTED EXTERIOR CHECK: reloaded native visible/physical faces agree: F01_retail_funeral_storm_shop_funeral_parlour_lectern__book_pages = true
CONNECTED EXTERIOR CHECK: reloaded native visible/physical faces agree: F01_retail_funeral_storm_shop_funeral_parlour_lectern__lectern_body = true
CONNECTED EXTERIOR CHECK: reloaded native visible/physical faces agree: F01_retail_funeral_storm_shop_funeral_parlour_lectern__lectern_top = true
CONNECTED EXTERIOR CHECK: reloaded native owner exists: FuneralDrapes = true
CONNECTED EXTERIOR CHECK: reloaded native source export binds: FuneralDrapes = true
CONNECTED EXTERIOR CHECK: reloaded source boundary stays retired: storm_shop_funeral_parlour_drape0 = true
CONNECTED EXTERIOR CHECK: reloaded source boundary stays retired: storm_shop_funeral_parlour_drape1 = true
CONNECTED EXTERIOR CHECK: reloaded source boundary stays retired: storm_shop_funeral_parlour_drape6 = true
CONNECTED EXTERIOR CHECK: reloaded source boundary stays retired: storm_shop_funeral_parlour_drape7 = true
CONNECTED EXTERIOR CHECK: reloaded source boundary stays retired: storm_shop_funeral_parlour_drape8 = true
CONNECTED EXTERIOR CHECK: reloaded source boundary stays retired: storm_shop_funeral_parlour_drape9 = true
CONNECTED EXTERIOR CHECK: reloaded source boundary stays retired: storm_shop_funeral_parlour_drape10 = true
CONNECTED EXTERIOR CHECK: reloaded source boundary stays retired: storm_shop_funeral_parlour_drape11 = true
CONNECTED EXTERIOR CHECK: reloaded source boundary stays retired: storm_shop_funeral_parlour_drape12 = true
CONNECTED EXTERIOR CHECK: reloaded source boundary stays retired: storm_shop_funeral_parlour_drape13 = true
CONNECTED EXTERIOR CHECK: reloaded native partitions remain: FuneralDrapes = true
CONNECTED EXTERIOR CHECK: reloaded native visible/physical faces agree: F01_retail_funeral_drapes_storm_shop_funeral_parlour_drape0__curtain_cloth = true
CONNECTED EXTERIOR CHECK: reloaded native visible/physical faces agree: F01_retail_funeral_drapes_storm_shop_funeral_parlour_drape0__curtain_iron = true
CONNECTED EXTERIOR CHECK: reloaded native visible/physical faces agree: F01_retail_funeral_drapes_storm_shop_funeral_parlour_drape6__curtain_cloth = true
CONNECTED EXTERIOR CHECK: reloaded native visible/physical faces agree: F01_retail_funeral_drapes_storm_shop_funeral_parlour_drape6__curtain_iron = true
CONNECTED EXTERIOR CHECK: reloaded native owner exists: FuneralFoliage = true
CONNECTED EXTERIOR CHECK: reloaded native source export binds: FuneralFoliage = true
CONNECTED EXTERIOR CHECK: reloaded source boundary stays retired: storm_shop_funeral_parlour_stand = true
CONNECTED EXTERIOR CHECK: reloaded source boundary stays retired: storm_shop_funeral_parlour_wreath = true
CONNECTED EXTERIOR CHECK: reloaded source boundary stays retired: storm_shop_funeral_parlour_stand_e = true
CONNECTED EXTERIOR CHECK: reloaded source boundary stays retired: storm_shop_funeral_parlour_wreath_e = true
CONNECTED EXTERIOR CHECK: reloaded source boundary stays retired: storm_shop_funeral_parlour_palm_pot_w = true
CONNECTED EXTERIOR CHECK: reloaded source boundary stays retired: storm_shop_funeral_parlour_palm_w = true
CONNECTED EXTERIOR CHECK: reloaded source boundary stays retired: storm_shop_funeral_parlour_palm_pot_e = true
CONNECTED EXTERIOR CHECK: reloaded source boundary stays retired: storm_shop_funeral_parlour_palm_e = true
CONNECTED EXTERIOR CHECK: reloaded native partitions remain: FuneralFoliage = true
CONNECTED EXTERIOR CHECK: reloaded native visible/physical faces agree: F01_retail_funeral_foliage_storm_shop_funeral_parlour_palm_pot_e__foliage = true
CONNECTED EXTERIOR CHECK: reloaded native visible/physical faces agree: F01_retail_funeral_foliage_storm_shop_funeral_parlour_palm_pot_e__palm_stem = true
CONNECTED EXTERIOR CHECK: reloaded native visible/physical faces agree: F01_retail_funeral_foliage_storm_shop_funeral_parlour_palm_pot_e__pot_brass = true
CONNECTED EXTERIOR CHECK: reloaded native visible/physical faces agree: F01_retail_funeral_foliage_storm_shop_funeral_parlour_palm_pot_e__soil = true
CONNECTED EXTERIOR CHECK: reloaded native visible/physical faces agree: F01_retail_funeral_foliage_storm_shop_funeral_parlour_palm_pot_w__foliage = true
CONNECTED EXTERIOR CHECK: reloaded native visible/physical faces agree: F01_retail_funeral_foliage_storm_shop_funeral_parlour_palm_pot_w__palm_stem = true
CONNECTED EXTERIOR CHECK: reloaded native visible/physical faces agree: F01_retail_funeral_foliage_storm_shop_funeral_parlour_palm_pot_w__pot_brass = true
CONNECTED EXTERIOR CHECK: reloaded native visible/physical faces agree: F01_retail_funeral_foliage_storm_shop_funeral_parlour_palm_pot_w__soil = true
CONNECTED EXTERIOR CHECK: reloaded native visible/physical faces agree: F01_retail_funeral_foliage_storm_shop_funeral_parlour_stand__foliage = true
CONNECTED EXTERIOR CHECK: reloaded native visible/physical faces agree: F01_retail_funeral_foliage_storm_shop_funeral_parlour_stand__stand_frame = true
CONNECTED EXTERIOR CHECK: reloaded native visible/physical faces agree: F01_retail_funeral_foliage_storm_shop_funeral_parlour_stand__wreath_twig = true
CONNECTED EXTERIOR CHECK: reloaded native visible/physical faces agree: F01_retail_funeral_foliage_storm_shop_funeral_parlour_stand_e__foliage = true
CONNECTED EXTERIOR CHECK: reloaded native visible/physical faces agree: F01_retail_funeral_foliage_storm_shop_funeral_parlour_stand_e__stand_frame = true
CONNECTED EXTERIOR CHECK: reloaded native visible/physical faces agree: F01_retail_funeral_foliage_storm_shop_funeral_parlour_stand_e__wreath_twig = true
CONNECTED EXTERIOR CHECK: reloaded native owner exists: RadioBench = true
CONNECTED EXTERIOR CHECK: reloaded native source export binds: RadioBench = true
CONNECTED EXTERIOR CHECK: reloaded source boundary stays retired: storm_shop_radio_service_bench = true
CONNECTED EXTERIOR CHECK: reloaded source boundary stays retired: storm_shop_radio_service_bench_top = true
CONNECTED EXTERIOR CHECK: reloaded native partitions remain: RadioBench = true
CONNECTED EXTERIOR CHECK: reloaded native visible/physical faces agree: F01_retail_radio_bench_storm_shop_radio_service_bench__bench_frame = true
CONNECTED EXTERIOR CHECK: reloaded native visible/physical faces agree: F01_retail_radio_bench_storm_shop_radio_service_bench__bench_top = true
CONNECTED EXTERIOR CHECK: reloaded native owner exists: RadioApparatus = true
CONNECTED EXTERIOR CHECK: reloaded native source export binds: RadioApparatus = true
CONNECTED EXTERIOR CHECK: reloaded source boundary stays retired: storm_shop_radio_service_chassis = true
CONNECTED EXTERIOR CHECK: reloaded source boundary stays retired: storm_shop_radio_service_bench_valve0 = true
CONNECTED EXTERIOR CHECK: reloaded source boundary stays retired: storm_shop_radio_service_bench_valve1 = true
CONNECTED EXTERIOR CHECK: reloaded source boundary stays retired: storm_shop_radio_service_bench_valve2 = true
CONNECTED EXTERIOR CHECK: reloaded source boundary stays retired: storm_shop_radio_service_bench_valve3 = true
CONNECTED EXTERIOR CHECK: reloaded source boundary stays retired: storm_shop_radio_service_bench_valve4 = true
CONNECTED EXTERIOR CHECK: reloaded source boundary stays retired: storm_shop_radio_service_scope = true
CONNECTED EXTERIOR CHECK: reloaded source boundary stays retired: storm_shop_radio_service_signal_gen = true
CONNECTED EXTERIOR CHECK: reloaded native partitions remain: RadioApparatus = true
CONNECTED EXTERIOR CHECK: reloaded native visible/physical faces agree: F01_retail_radio_apparatus_storm_shop_radio_service_chassis__case_bakelite = true
CONNECTED EXTERIOR CHECK: reloaded native visible/physical faces agree: F01_retail_radio_apparatus_storm_shop_radio_service_chassis__chassis_metal = true
CONNECTED EXTERIOR CHECK: reloaded native visible/physical faces agree: F01_retail_radio_apparatus_storm_shop_radio_service_chassis__control_bakelite = true
CONNECTED EXTERIOR CHECK: reloaded native visible/physical faces agree: F01_retail_radio_apparatus_storm_shop_radio_service_chassis__control_nickel = true
CONNECTED EXTERIOR CHECK: reloaded native visible/physical faces agree: F01_retail_radio_apparatus_storm_shop_radio_service_chassis__valve_opal = true
CONNECTED EXTERIOR CHECK: reloaded native visible/physical faces agree: F01_retail_radio_apparatus_storm_shop_radio_service_scope__control_bakelite = true
CONNECTED EXTERIOR CHECK: reloaded native visible/physical faces agree: F01_retail_radio_apparatus_storm_shop_radio_service_scope__control_nickel = true
CONNECTED EXTERIOR CHECK: reloaded native visible/physical faces agree: F01_retail_radio_apparatus_storm_shop_radio_service_scope__scope_case = true
CONNECTED EXTERIOR CHECK: reloaded native visible/physical faces agree: F01_retail_radio_apparatus_storm_shop_radio_service_signal_gen__case_bakelite = true
CONNECTED EXTERIOR CHECK: reloaded native visible/physical faces agree: F01_retail_radio_apparatus_storm_shop_radio_service_signal_gen__control_bakelite = true
CONNECTED EXTERIOR CHECK: reloaded native visible/physical faces agree: F01_retail_radio_apparatus_storm_shop_radio_service_signal_gen__control_nickel = true
CONNECTED EXTERIOR CHECK: reloaded native visible/physical faces agree: F01_retail_radio_apparatus_storm_shop_radio_service_signal_gen__scope_case = true
CONNECTED EXTERIOR CHECK: reloaded native owner exists: RadioStock = true
CONNECTED EXTERIOR CHECK: reloaded native source export binds: RadioStock = true
CONNECTED EXTERIOR CHECK: reloaded source boundary stays retired: storm_shop_radio_service_valve_sh0 = true
CONNECTED EXTERIOR CHECK: reloaded source boundary stays retired: storm_shop_radio_service_valve_sh1 = true
CONNECTED EXTERIOR CHECK: reloaded source boundary stays retired: storm_shop_radio_service_valve_sh2 = true
CONNECTED EXTERIOR CHECK: reloaded source boundary stays retired: storm_shop_radio_service_valve_sh3 = true
CONNECTED EXTERIOR CHECK: reloaded source boundary stays retired: storm_shop_radio_service_valve0 = true
CONNECTED EXTERIOR CHECK: reloaded source boundary stays retired: storm_shop_radio_service_valve1 = true
CONNECTED EXTERIOR CHECK: reloaded source boundary stays retired: storm_shop_radio_service_valve2 = true
CONNECTED EXTERIOR CHECK: reloaded source boundary stays retired: storm_shop_radio_service_valve3 = true
CONNECTED EXTERIOR CHECK: reloaded source boundary stays retired: storm_shop_radio_service_valve4 = true
CONNECTED EXTERIOR CHECK: reloaded source boundary stays retired: storm_shop_radio_service_valve5 = true
CONNECTED EXTERIOR CHECK: reloaded source boundary stays retired: storm_shop_radio_service_valve6 = true
CONNECTED EXTERIOR CHECK: reloaded source boundary stays retired: storm_shop_radio_service_valve7 = true
CONNECTED EXTERIOR CHECK: reloaded source boundary stays retired: storm_shop_radio_service_valve8 = true
CONNECTED EXTERIOR CHECK: reloaded source boundary stays retired: storm_shop_radio_service_valve9 = true
CONNECTED EXTERIOR CHECK: reloaded source boundary stays retired: storm_shop_radio_service_valve10 = true
CONNECTED EXTERIOR CHECK: reloaded source boundary stays retired: storm_shop_radio_service_valve11 = true
CONNECTED EXTERIOR CHECK: reloaded source boundary stays retired: storm_shop_radio_service_valve12 = true
CONNECTED EXTERIOR CHECK: reloaded source boundary stays retired: storm_shop_radio_service_valve13 = true
CONNECTED EXTERIOR CHECK: reloaded native partitions remain: RadioStock = true
CONNECTED EXTERIOR CHECK: reloaded native visible/physical faces agree: F01_retail_radio_stock_storm_shop_radio_service_valve_sh0__milk_glass__valve0 = true
CONNECTED EXTERIOR CHECK: reloaded native visible/physical faces agree: F01_retail_radio_stock_storm_shop_radio_service_valve_sh0__milk_glass__valve1 = true
CONNECTED EXTERIOR CHECK: reloaded native visible/physical faces agree: F01_retail_radio_stock_storm_shop_radio_service_valve_sh0__milk_glass__valve2 = true
CONNECTED EXTERIOR CHECK: reloaded native visible/physical faces agree: F01_retail_radio_stock_storm_shop_radio_service_valve_sh0__milk_glass__valve3 = true
CONNECTED EXTERIOR CHECK: reloaded native visible/physical faces agree: F01_retail_radio_stock_storm_shop_radio_service_valve_sh0__milk_glass__valve4 = true
CONNECTED EXTERIOR CHECK: reloaded native visible/physical faces agree: F01_retail_radio_stock_storm_shop_radio_service_valve_sh0__milk_glass__valve5 = true
CONNECTED EXTERIOR CHECK: reloaded native visible/physical faces agree: F01_retail_radio_stock_storm_shop_radio_service_valve_sh0__milk_glass__valve6 = true
CONNECTED EXTERIOR CHECK: reloaded native visible/physical faces agree: F01_retail_radio_stock_storm_shop_radio_service_valve_sh0__milk_glass__valve7 = true
CONNECTED EXTERIOR CHECK: reloaded native visible/physical faces agree: F01_retail_radio_stock_storm_shop_radio_service_valve_sh0__milk_glass__valve8 = true
CONNECTED EXTERIOR CHECK: reloaded native visible/physical faces agree: F01_retail_radio_stock_storm_shop_radio_service_valve_sh0__milk_glass__valve9 = true
CONNECTED EXTERIOR CHECK: reloaded native visible/physical faces agree: F01_retail_radio_stock_storm_shop_radio_service_valve_sh0__milk_glass__valve10 = true
CONNECTED EXTERIOR CHECK: reloaded native visible/physical faces agree: F01_retail_radio_stock_storm_shop_radio_service_valve_sh0__milk_glass__valve11 = true
CONNECTED EXTERIOR CHECK: reloaded native visible/physical faces agree: F01_retail_radio_stock_storm_shop_radio_service_valve_sh0__milk_glass__valve12 = true
CONNECTED EXTERIOR CHECK: reloaded native visible/physical faces agree: F01_retail_radio_stock_storm_shop_radio_service_valve_sh0__milk_glass__valve13 = true
CONNECTED EXTERIOR CHECK: reloaded native visible/physical faces agree: F01_retail_radio_stock_storm_shop_radio_service_valve_sh0__timber = true
CONNECTED EXTERIOR CHECK: reloaded native visible/physical faces agree: F01_retail_radio_stock_storm_shop_radio_service_valve_sh0__valve_base__valve0 = true
CONNECTED EXTERIOR CHECK: reloaded native visible/physical faces agree: F01_retail_radio_stock_storm_shop_radio_service_valve_sh0__valve_base__valve1 = true
CONNECTED EXTERIOR CHECK: reloaded native visible/physical faces agree: F01_retail_radio_stock_storm_shop_radio_service_valve_sh0__valve_base__valve2 = true
CONNECTED EXTERIOR CHECK: reloaded native visible/physical faces agree: F01_retail_radio_stock_storm_shop_radio_service_valve_sh0__valve_base__valve3 = true
CONNECTED EXTERIOR CHECK: reloaded native visible/physical faces agree: F01_retail_radio_stock_storm_shop_radio_service_valve_sh0__valve_base__valve4 = true
CONNECTED EXTERIOR CHECK: reloaded native visible/physical faces agree: F01_retail_radio_stock_storm_shop_radio_service_valve_sh0__valve_base__valve5 = true
CONNECTED EXTERIOR CHECK: reloaded native visible/physical faces agree: F01_retail_radio_stock_storm_shop_radio_service_valve_sh0__valve_base__valve6 = true
CONNECTED EXTERIOR CHECK: reloaded native visible/physical faces agree: F01_retail_radio_stock_storm_shop_radio_service_valve_sh0__valve_base__valve7 = true
CONNECTED EXTERIOR CHECK: reloaded native visible/physical faces agree: F01_retail_radio_stock_storm_shop_radio_service_valve_sh0__valve_base__valve8 = true
CONNECTED EXTERIOR CHECK: reloaded native visible/physical faces agree: F01_retail_radio_stock_storm_shop_radio_service_valve_sh0__valve_base__valve9 = true
CONNECTED EXTERIOR CHECK: reloaded native visible/physical faces agree: F01_retail_radio_stock_storm_shop_radio_service_valve_sh0__valve_base__valve10 = true
CONNECTED EXTERIOR CHECK: reloaded native visible/physical faces agree: F01_retail_radio_stock_storm_shop_radio_service_valve_sh0__valve_base__valve11 = true
CONNECTED EXTERIOR CHECK: reloaded native visible/physical faces agree: F01_retail_radio_stock_storm_shop_radio_service_valve_sh0__valve_base__valve12 = true
CONNECTED EXTERIOR CHECK: reloaded native visible/physical faces agree: F01_retail_radio_stock_storm_shop_radio_service_valve_sh0__valve_base__valve13 = true
CONNECTED EXTERIOR CHECK: reloaded native owner exists: RadioBattery = true
CONNECTED EXTERIOR CHECK: reloaded native source export binds: RadioBattery = true
CONNECTED EXTERIOR CHECK: reloaded source boundary stays retired: storm_shop_radio_service_battery_rack = true
CONNECTED EXTERIOR CHECK: reloaded source boundary stays retired: storm_shop_radio_service_wet_cell0 = true
CONNECTED EXTERIOR CHECK: reloaded source boundary stays retired: storm_shop_radio_service_wet_cell1 = true
CONNECTED EXTERIOR CHECK: reloaded source boundary stays retired: storm_shop_radio_service_wet_cell2 = true
CONNECTED EXTERIOR CHECK: reloaded source boundary stays retired: storm_shop_radio_service_wet_cell3 = true
CONNECTED EXTERIOR CHECK: reloaded source boundary stays retired: storm_shop_radio_service_wet_cell4 = true
CONNECTED EXTERIOR CHECK: reloaded source boundary stays retired: storm_shop_radio_service_cell_cap0 = true
CONNECTED EXTERIOR CHECK: reloaded source boundary stays retired: storm_shop_radio_service_cell_cap1 = true
CONNECTED EXTERIOR CHECK: reloaded source boundary stays retired: storm_shop_radio_service_cell_cap2 = true
CONNECTED EXTERIOR CHECK: reloaded source boundary stays retired: storm_shop_radio_service_cell_cap3 = true
CONNECTED EXTERIOR CHECK: reloaded source boundary stays retired: storm_shop_radio_service_cell_cap4 = true
CONNECTED EXTERIOR CHECK: reloaded native partitions remain: RadioBattery = true
CONNECTED EXTERIOR CHECK: reloaded native visible/physical faces agree: F01_retail_radio_battery_storm_shop_radio_service_battery_rack__bakelite_black = true
CONNECTED EXTERIOR CHECK: reloaded native visible/physical faces agree: F01_retail_radio_battery_storm_shop_radio_service_battery_rack__electrode_metal = true
CONNECTED EXTERIOR CHECK: reloaded native visible/physical faces agree: F01_retail_radio_battery_storm_shop_radio_service_battery_rack__glass_shell = true
CONNECTED EXTERIOR CHECK: reloaded native visible/physical faces agree: F01_retail_radio_battery_storm_shop_radio_service_battery_rack__series_wire = true
CONNECTED EXTERIOR CHECK: reloaded native visible/physical faces agree: F01_retail_radio_battery_storm_shop_radio_service_battery_rack__terminal_metal = true
CONNECTED EXTERIOR CHECK: reloaded native visible/physical faces agree: F01_retail_radio_battery_storm_shop_radio_service_battery_rack__timber = true
CONNECTED EXTERIOR CHECK: reloaded native visible/physical faces agree: F01_retail_radio_battery_storm_shop_radio_service_battery_rack__wet_fill = true
CONNECTED EXTERIOR CHECK: reloaded native owner exists: RadioWire = true
CONNECTED EXTERIOR CHECK: reloaded native source export binds: RadioWire = true
CONNECTED EXTERIOR CHECK: reloaded source boundary stays retired: storm_shop_radio_service_aerial_spools = true
CONNECTED EXTERIOR CHECK: reloaded source boundary stays retired: storm_shop_radio_service_solder_ring = true
CONNECTED EXTERIOR CHECK: reloaded native partitions remain: RadioWire = true
CONNECTED EXTERIOR CHECK: reloaded native visible/physical faces agree: F01_retail_radio_wire_storm_shop_radio_service_aerial_spools__cast_iron = true
CONNECTED EXTERIOR CHECK: reloaded native visible/physical faces agree: F01_retail_radio_wire_storm_shop_radio_service_aerial_spools__copper_aged = true
CONNECTED EXTERIOR CHECK: reloaded native visible/physical faces agree: F01_retail_radio_wire_storm_shop_radio_service_aerial_spools__timber = true
CONNECTED EXTERIOR CHECK: reloaded native visible/physical faces agree: F01_retail_radio_wire_storm_shop_radio_service_solder_ring__cast_iron = true
CONNECTED EXTERIOR CHECK: reloaded native owner exists: RadioDisplay = true
CONNECTED EXTERIOR CHECK: reloaded native source export binds: RadioDisplay = true
CONNECTED EXTERIOR CHECK: reloaded source boundary stays retired: storm_shop_radio_service_counter = true
CONNECTED EXTERIOR CHECK: reloaded source boundary stays retired: storm_shop_radio_service_counter_top = true
CONNECTED EXTERIOR CHECK: reloaded source boundary stays retired: storm_shop_radio_service_ledger = true
CONNECTED EXTERIOR CHECK: reloaded source boundary stays retired: storm_shop_radio_service_horn_mouth = true
CONNECTED EXTERIOR CHECK: reloaded source boundary stays retired: storm_shop_radio_service_horn_throat = true
CONNECTED EXTERIOR CHECK: reloaded source boundary stays retired: storm_shop_radio_service_cone_speaker = true
CONNECTED EXTERIOR CHECK: reloaded native partitions remain: RadioDisplay = true
CONNECTED EXTERIOR CHECK: reloaded native visible/physical faces agree: F01_retail_radio_display_storm_shop_radio_service_cone_speaker__cast_iron = true
CONNECTED EXTERIOR CHECK: reloaded native visible/physical faces agree: F01_retail_radio_display_storm_shop_radio_service_cone_speaker__fabric_warm = true
CONNECTED EXTERIOR CHECK: reloaded native visible/physical faces agree: F01_retail_radio_display_storm_shop_radio_service_counter__countertop = true
CONNECTED EXTERIOR CHECK: reloaded native visible/physical faces agree: F01_retail_radio_display_storm_shop_radio_service_counter__paper = true
CONNECTED EXTERIOR CHECK: reloaded native visible/physical faces agree: F01_retail_radio_display_storm_shop_radio_service_counter__wood_dark = true
CONNECTED EXTERIOR CHECK: reloaded native visible/physical faces agree: F01_retail_radio_display_storm_shop_radio_service_horn_mouth__brass_dull = true
CONNECTED EXTERIOR CHECK: reloaded native visible/physical faces agree: F01_retail_radio_display_storm_shop_radio_service_horn_mouth__cast_iron = true
CONNECTED EXTERIOR CHECK: all seven passage receiving actors exist before reconstruction = true
CONNECTED EXTERIOR CHECK: all three ceiling detail batches survive passage residency = true
CONNECTED EXTERIOR CHECK: ceiling ornaments remain single batched surfaces = true
CONNECTED EXTERIOR CHECK: ceiling detail receives the architectural surface pass = true
CONNECTED EXTERIOR CHECK: ceiling ornaments remain single batched surfaces = true
CONNECTED EXTERIOR CHECK: ceiling detail receives the architectural surface pass = true
CONNECTED EXTERIOR CHECK: ceiling ornaments remain single batched surfaces = true
CONNECTED EXTERIOR CHECK: ceiling detail receives the architectural surface pass = true
CONNECTED EXTERIOR CHECK: actual player ray/prompt reaches handcart = true
CONNECTED EXTERIOR CHECK: ordinary input physically moves the handcart = true
CONNECTED EXTERIOR CHECK: authored hardware shop door exists = true
CONNECTED EXTERIOR CHECK: actual player ray/prompt reaches hardware_door = true
CONNECTED EXTERIOR CHECK: hardware door opens through ordinary input = true
CONNECTED EXTERIOR CHECK: actual player ray/prompt reaches hardware_door_close = true
CONNECTED EXTERIOR CHECK: customer closes the inward leaf before passing the counter = true
CONNECTED EXTERIOR CHECK: actual source-anchored hardware counter exists = true
CONNECTED EXTERIOR CHECK: maintenance job awaits authored capsule = true
CONNECTED EXTERIOR CHECK: right shop offers the awaited part = true
CONNECTED EXTERIOR CHECK: actual player ray/prompt reaches hardware_counter = true
CONNECTED EXTERIOR CHECK: physical counter grants the part exactly once = true
CONNECTED EXTERIOR CHECK: actual player ray/prompt reaches hardware_counter_repeat = true
CONNECTED EXTERIOR CHECK: repeated counter input cannot duplicate the part = true
CONNECTED EXTERIOR CHECK: actual player ray/prompt reaches hardware_door_exit = true
CONNECTED EXTERIOR CHECK: return indoors retains the physically acquired part = true
RESIDENCY_DORMANT {"cell_count":1,"load_cycles":1,"peak_activation_ms":7.44,"peak_stage_ms":588.848,"pending_requests":0,"physical_actors_retained":true,"retired_geometry_roots_alive":0,"retired_mesh_resources_alive":0,"stage_records":[{"cell":"passage","fetch_ms":0.002,"instantiate_ms":1.098,"surface_ms":9.699},{"cell":"shop_model_laundry","fetch_ms":0.004,"instantiate_ms":0.603,"surface_ms":197.554},{"cell":"shop_shoe_rebuilding","fetch_ms":0.005,"instantiate_ms":0.474,"surface_ms":188.113},{"cell":"shop_keys_cut","fetch_ms":0.005,"instantiate_ms":0.677,"surface_ms":218.158},{"cell":"shop_hardware_paint","fetch_ms":0.004,"instantiate_ms":0.783,"surface_ms":477.673},{"cell":"shop_funeral_parlour","fetch_ms":0.005,"instantiate_ms":0.491,"surface_ms":319.46},{"cell":"shop_photo_supplies","fetch_ms":0.004,"instantiate_ms":0.464,"surface_ms":232.012},{"cell":"shop_radio_service","fetch_ms":0.005,"instantiate_ms":0.43,"surface_ms":201.32},{"cell":"shop_pawnbroker","fetch_ms":0.006,"instantiate_ms":0.513,"surface_ms":9.922},{"cell":"shop_news_cigars","fetch_ms":0.005,"instantiate_ms":0.412,"surface_ms":83.736},{"cell":"shop_otis_son","fetch_ms":0.005,"instantiate_ms":0.724,"surface_ms":588.119},{"cell":"shop_luncheonette","fetch_ms":0.006,"instantiate_ms":0.599,"surface_ms":59.803}],"state":"DORMANT","unload_cycles":2}
CONNECTED EXTERIOR CHECK: dormancy releases imported nodes and mesh resources = true
CONNECTED EXTERIOR CHECK: dormancy unregisters counter and suspends cart physics = true
CONNECTED EXTERIOR CHECK: dormancy preserves receiver identities, cards, variants and graph bindings = true
CONNECTED EXTERIOR CHECK: dormancy releases inactive receiving world: Arcade_storm_shopcab_model_laundry0 = true
CONNECTED EXTERIOR CHECK: dormancy releases inactive receiving world: Arcade_storm_shopcab_photo_supplies0 = true
CONNECTED EXTERIOR CHECK: dormancy releases inactive receiving world: Arcade_storm_shopcab_radio_service0 = true
CONNECTED EXTERIOR CHECK: dormancy releases inactive receiving world: Arcade_storm_shopcab_pawnbroker0 = true
CONNECTED EXTERIOR CHECK: dormancy releases inactive receiving world: Arcade_storm_shopcab_news_cigars0 = true
CONNECTED EXTERIOR CHECK: dormancy releases inactive receiving world: Arcade_storm_shopcab_luncheonette0 = true
CONNECTED EXTERIOR CHECK: dormancy releases inactive receiving world: Arcade_storm_shopcab_luncheonette1 = true
[SURFACE] 33 surfaces layered (20 materials)
[SURFACE] 173 surfaces layered (52 materials)
[SURFACE] 231 surfaces layered (76 materials)
[SURFACE] 273 surfaces layered (100 materials)
[SURFACE] 467 surfaces layered (136 materials)
[SURFACE] 528 surfaces layered (166 materials)
[SURFACE] 642 surfaces layered (221 materials)
[SURFACE] 723 surfaces layered (267 materials)
[SURFACE] 753 surfaces layered (295 materials)
[SURFACE] 803 surfaces layered (321 materials)
[SURFACE] 1099 surfaces layered (369 materials)
[SURFACE] 1144 surfaces layered (398 materials)
RESIDENCY_RESUMED {"cell_count":13,"load_cycles":2,"peak_activation_ms":8.232,"peak_stage_ms":592.64,"pending_requests":0,"physical_actors_retained":true,"retired_geometry_roots_alive":0,"retired_mesh_resources_alive":0,"stage_records":[{"cell":"passage","fetch_ms":0.002,"instantiate_ms":1.098,"surface_ms":9.699},{"cell":"shop_model_laundry","fetch_ms":0.004,"instantiate_ms":0.603,"surface_ms":197.554},{"cell":"shop_shoe_rebuilding","fetch_ms":0.005,"instantiate_ms":0.474,"surface_ms":188.113},{"cell":"shop_keys_cut","fetch_ms":0.005,"instantiate_ms":0.677,"surface_ms":218.158},{"cell":"shop_hardware_paint","fetch_ms":0.004,"instantiate_ms":0.783,"surface_ms":477.673},{"cell":"shop_funeral_parlour","fetch_ms":0.005,"instantiate_ms":0.491,"surface_ms":319.46},{"cell":"shop_photo_supplies","fetch_ms":0.004,"instantiate_ms":0.464,"surface_ms":232.012},{"cell":"shop_radio_service","fetch_ms":0.005,"instantiate_ms":0.43,"surface_ms":201.32},{"cell":"shop_pawnbroker","fetch_ms":0.006,"instantiate_ms":0.513,"surface_ms":9.922},{"cell":"shop_news_cigars","fetch_ms":0.005,"instantiate_ms":0.412,"surface_ms":83.736},{"cell":"shop_otis_son","fetch_ms":0.005,"instantiate_ms":0.724,"surface_ms":588.119},{"cell":"shop_luncheonette","fetch_ms":0.006,"instantiate_ms":0.599,"surface_ms":59.803},{"cell":"passage","fetch_ms":0.001,"instantiate_ms":1.15,"surface_ms":9.85},{"cell":"shop_model_laundry","fetch_ms":0.006,"instantiate_ms":0.605,"surface_ms":199.883},{"cell":"shop_shoe_rebuilding","fetch_ms":0.005,"instantiate_ms":0.442,"surface_ms":188.881},{"cell":"shop_keys_cut","fetch_ms":0.005,"instantiate_ms":0.675,"surface_ms":212.188},{"cell":"shop_hardware_paint","fetch_ms":0.006,"instantiate_ms":0.784,"surface_ms":475.418},{"cell":"shop_funeral_parlour","fetch_ms":0.017,"instantiate_ms":0.511,"surface_ms":317.069},{"cell":"shop_photo_supplies","fetch_ms":0.006,"instantiate_ms":0.508,"surface_ms":232.827},{"cell":"shop_radio_service","fetch_ms":0.006,"instantiate_ms":0.431,"surface_ms":204.427},{"cell":"shop_pawnbroker","fetch_ms":0.006,"instantiate_ms":0.499,"surface_ms":10.053},{"cell":"shop_news_cigars","fetch_ms":0.005,"instantiate_ms":0.357,"surface_ms":94.907},{"cell":"shop_otis_son","fetch_ms":0.005,"instantiate_ms":0.715,"surface_ms":591.92},{"cell":"shop_luncheonette","fetch_ms":0.006,"instantiate_ms":0.545,"surface_ms":68.092}],"state":"RESIDENT","unload_cycles":2}
CONNECTED EXTERIOR CHECK: vestibule prefetch reconstructs a second geometry cycle = true
CONNECTED EXTERIOR CHECK: reloaded native owner exists: FuneralFittings = true
CONNECTED EXTERIOR CHECK: reloaded native source export binds: FuneralFittings = true
CONNECTED EXTERIOR CHECK: reloaded source boundary stays retired: storm_shop_funeral_parlour_lectern = true
CONNECTED EXTERIOR CHECK: reloaded source boundary stays retired: storm_shop_funeral_parlour_lectern_top = true
CONNECTED EXTERIOR CHECK: reloaded source boundary stays retired: storm_shop_funeral_parlour_book = true
CONNECTED EXTERIOR CHECK: reloaded source boundary stays retired: storm_shop_funeral_parlour_bier = true
CONNECTED EXTERIOR CHECK: reloaded source boundary stays retired: storm_shop_funeral_parlour_bier_trestle0 = true
CONNECTED EXTERIOR CHECK: reloaded source boundary stays retired: storm_shop_funeral_parlour_bier_trestle1 = true
CONNECTED EXTERIOR CHECK: reloaded native partitions remain: FuneralFittings = true
CONNECTED EXTERIOR CHECK: reloaded native visible/physical faces agree: F01_retail_funeral_storm_shop_funeral_parlour_bier__bier_deck = true
CONNECTED EXTERIOR CHECK: reloaded native visible/physical faces agree: F01_retail_funeral_storm_shop_funeral_parlour_bier__bier_frame = true
CONNECTED EXTERIOR CHECK: reloaded native visible/physical faces agree: F01_retail_funeral_storm_shop_funeral_parlour_lectern__book_cover = true
CONNECTED EXTERIOR CHECK: reloaded native visible/physical faces agree: F01_retail_funeral_storm_shop_funeral_parlour_lectern__book_pages = true
CONNECTED EXTERIOR CHECK: reloaded native visible/physical faces agree: F01_retail_funeral_storm_shop_funeral_parlour_lectern__lectern_body = true
CONNECTED EXTERIOR CHECK: reloaded native visible/physical faces agree: F01_retail_funeral_storm_shop_funeral_parlour_lectern__lectern_top = true
CONNECTED EXTERIOR CHECK: reloaded native owner exists: FuneralDrapes = true
CONNECTED EXTERIOR CHECK: reloaded native source export binds: FuneralDrapes = true
CONNECTED EXTERIOR CHECK: reloaded source boundary stays retired: storm_shop_funeral_parlour_drape0 = true
CONNECTED EXTERIOR CHECK: reloaded source boundary stays retired: storm_shop_funeral_parlour_drape1 = true
CONNECTED EXTERIOR CHECK: reloaded source boundary stays retired: storm_shop_funeral_parlour_drape6 = true
CONNECTED EXTERIOR CHECK: reloaded source boundary stays retired: storm_shop_funeral_parlour_drape7 = true
CONNECTED EXTERIOR CHECK: reloaded source boundary stays retired: storm_shop_funeral_parlour_drape8 = true
CONNECTED EXTERIOR CHECK: reloaded source boundary stays retired: storm_shop_funeral_parlour_drape9 = true
CONNECTED EXTERIOR CHECK: reloaded source boundary stays retired: storm_shop_funeral_parlour_drape10 = true
CONNECTED EXTERIOR CHECK: reloaded source boundary stays retired: storm_shop_funeral_parlour_drape11 = true
CONNECTED EXTERIOR CHECK: reloaded source boundary stays retired: storm_shop_funeral_parlour_drape12 = true
CONNECTED EXTERIOR CHECK: reloaded source boundary stays retired: storm_shop_funeral_parlour_drape13 = true
CONNECTED EXTERIOR CHECK: reloaded native partitions remain: FuneralDrapes = true
CONNECTED EXTERIOR CHECK: reloaded native visible/physical faces agree: F01_retail_funeral_drapes_storm_shop_funeral_parlour_drape0__curtain_cloth = true
CONNECTED EXTERIOR CHECK: reloaded native visible/physical faces agree: F01_retail_funeral_drapes_storm_shop_funeral_parlour_drape0__curtain_iron = true
CONNECTED EXTERIOR CHECK: reloaded native visible/physical faces agree: F01_retail_funeral_drapes_storm_shop_funeral_parlour_drape6__curtain_cloth = true
CONNECTED EXTERIOR CHECK: reloaded native visible/physical faces agree: F01_retail_funeral_drapes_storm_shop_funeral_parlour_drape6__curtain_iron = true
CONNECTED EXTERIOR CHECK: reloaded native owner exists: FuneralFoliage = true
CONNECTED EXTERIOR CHECK: reloaded native source export binds: FuneralFoliage = true
CONNECTED EXTERIOR CHECK: reloaded source boundary stays retired: storm_shop_funeral_parlour_stand = true
CONNECTED EXTERIOR CHECK: reloaded source boundary stays retired: storm_shop_funeral_parlour_wreath = true
CONNECTED EXTERIOR CHECK: reloaded source boundary stays retired: storm_shop_funeral_parlour_stand_e = true
CONNECTED EXTERIOR CHECK: reloaded source boundary stays retired: storm_shop_funeral_parlour_wreath_e = true
CONNECTED EXTERIOR CHECK: reloaded source boundary stays retired: storm_shop_funeral_parlour_palm_pot_w = true
CONNECTED EXTERIOR CHECK: reloaded source boundary stays retired: storm_shop_funeral_parlour_palm_w = true
CONNECTED EXTERIOR CHECK: reloaded source boundary stays retired: storm_shop_funeral_parlour_palm_pot_e = true
CONNECTED EXTERIOR CHECK: reloaded source boundary stays retired: storm_shop_funeral_parlour_palm_e = true
CONNECTED EXTERIOR CHECK: reloaded native partitions remain: FuneralFoliage = true
CONNECTED EXTERIOR CHECK: reloaded native visible/physical faces agree: F01_retail_funeral_foliage_storm_shop_funeral_parlour_palm_pot_e__foliage = true
CONNECTED EXTERIOR CHECK: reloaded native visible/physical faces agree: F01_retail_funeral_foliage_storm_shop_funeral_parlour_palm_pot_e__palm_stem = true
CONNECTED EXTERIOR CHECK: reloaded native visible/physical faces agree: F01_retail_funeral_foliage_storm_shop_funeral_parlour_palm_pot_e__pot_brass = true
CONNECTED EXTERIOR CHECK: reloaded native visible/physical faces agree: F01_retail_funeral_foliage_storm_shop_funeral_parlour_palm_pot_e__soil = true
CONNECTED EXTERIOR CHECK: reloaded native visible/physical faces agree: F01_retail_funeral_foliage_storm_shop_funeral_parlour_palm_pot_w__foliage = true
CONNECTED EXTERIOR CHECK: reloaded native visible/physical faces agree: F01_retail_funeral_foliage_storm_shop_funeral_parlour_palm_pot_w__palm_stem = true
CONNECTED EXTERIOR CHECK: reloaded native visible/physical faces agree: F01_retail_funeral_foliage_storm_shop_funeral_parlour_palm_pot_w__pot_brass = true
CONNECTED EXTERIOR CHECK: reloaded native visible/physical faces agree: F01_retail_funeral_foliage_storm_shop_funeral_parlour_palm_pot_w__soil = true
CONNECTED EXTERIOR CHECK: reloaded native visible/physical faces agree: F01_retail_funeral_foliage_storm_shop_funeral_parlour_stand__foliage = true
CONNECTED EXTERIOR CHECK: reloaded native visible/physical faces agree: F01_retail_funeral_foliage_storm_shop_funeral_parlour_stand__stand_frame = true
CONNECTED EXTERIOR CHECK: reloaded native visible/physical faces agree: F01_retail_funeral_foliage_storm_shop_funeral_parlour_stand__wreath_twig = true
CONNECTED EXTERIOR CHECK: reloaded native visible/physical faces agree: F01_retail_funeral_foliage_storm_shop_funeral_parlour_stand_e__foliage = true
CONNECTED EXTERIOR CHECK: reloaded native visible/physical faces agree: F01_retail_funeral_foliage_storm_shop_funeral_parlour_stand_e__stand_frame = true
CONNECTED EXTERIOR CHECK: reloaded native visible/physical faces agree: F01_retail_funeral_foliage_storm_shop_funeral_parlour_stand_e__wreath_twig = true
CONNECTED EXTERIOR CHECK: reloaded native owner exists: RadioBench = true
CONNECTED EXTERIOR CHECK: reloaded native source export binds: RadioBench = true
CONNECTED EXTERIOR CHECK: reloaded source boundary stays retired: storm_shop_radio_service_bench = true
CONNECTED EXTERIOR CHECK: reloaded source boundary stays retired: storm_shop_radio_service_bench_top = true
CONNECTED EXTERIOR CHECK: reloaded native partitions remain: RadioBench = true
CONNECTED EXTERIOR CHECK: reloaded native visible/physical faces agree: F01_retail_radio_bench_storm_shop_radio_service_bench__bench_frame = true
CONNECTED EXTERIOR CHECK: reloaded native visible/physical faces agree: F01_retail_radio_bench_storm_shop_radio_service_bench__bench_top = true
CONNECTED EXTERIOR CHECK: reloaded native owner exists: RadioApparatus = true
CONNECTED EXTERIOR CHECK: reloaded native source export binds: RadioApparatus = true
CONNECTED EXTERIOR CHECK: reloaded source boundary stays retired: storm_shop_radio_service_chassis = true
CONNECTED EXTERIOR CHECK: reloaded source boundary stays retired: storm_shop_radio_service_bench_valve0 = true
CONNECTED EXTERIOR CHECK: reloaded source boundary stays retired: storm_shop_radio_service_bench_valve1 = true
CONNECTED EXTERIOR CHECK: reloaded source boundary stays retired: storm_shop_radio_service_bench_valve2 = true
CONNECTED EXTERIOR CHECK: reloaded source boundary stays retired: storm_shop_radio_service_bench_valve3 = true
CONNECTED EXTERIOR CHECK: reloaded source boundary stays retired: storm_shop_radio_service_bench_valve4 = true
CONNECTED EXTERIOR CHECK: reloaded source boundary stays retired: storm_shop_radio_service_scope = true
CONNECTED EXTERIOR CHECK: reloaded source boundary stays retired: storm_shop_radio_service_signal_gen = true
CONNECTED EXTERIOR CHECK: reloaded native partitions remain: RadioApparatus = true
CONNECTED EXTERIOR CHECK: reloaded native visible/physical faces agree: F01_retail_radio_apparatus_storm_shop_radio_service_chassis__case_bakelite = true
CONNECTED EXTERIOR CHECK: reloaded native visible/physical faces agree: F01_retail_radio_apparatus_storm_shop_radio_service_chassis__chassis_metal = true
CONNECTED EXTERIOR CHECK: reloaded native visible/physical faces agree: F01_retail_radio_apparatus_storm_shop_radio_service_chassis__control_bakelite = true
CONNECTED EXTERIOR CHECK: reloaded native visible/physical faces agree: F01_retail_radio_apparatus_storm_shop_radio_service_chassis__control_nickel = true
CONNECTED EXTERIOR CHECK: reloaded native visible/physical faces agree: F01_retail_radio_apparatus_storm_shop_radio_service_chassis__valve_opal = true
CONNECTED EXTERIOR CHECK: reloaded native visible/physical faces agree: F01_retail_radio_apparatus_storm_shop_radio_service_scope__control_bakelite = true
CONNECTED EXTERIOR CHECK: reloaded native visible/physical faces agree: F01_retail_radio_apparatus_storm_shop_radio_service_scope__control_nickel = true
CONNECTED EXTERIOR CHECK: reloaded native visible/physical faces agree: F01_retail_radio_apparatus_storm_shop_radio_service_scope__scope_case = true
CONNECTED EXTERIOR CHECK: reloaded native visible/physical faces agree: F01_retail_radio_apparatus_storm_shop_radio_service_signal_gen__case_bakelite = true
CONNECTED EXTERIOR CHECK: reloaded native visible/physical faces agree: F01_retail_radio_apparatus_storm_shop_radio_service_signal_gen__control_bakelite = true
CONNECTED EXTERIOR CHECK: reloaded native visible/physical faces agree: F01_retail_radio_apparatus_storm_shop_radio_service_signal_gen__control_nickel = true
CONNECTED EXTERIOR CHECK: reloaded native visible/physical faces agree: F01_retail_radio_apparatus_storm_shop_radio_service_signal_gen__scope_case = true
CONNECTED EXTERIOR CHECK: reloaded native owner exists: RadioStock = true
CONNECTED EXTERIOR CHECK: reloaded native source export binds: RadioStock = true
CONNECTED EXTERIOR CHECK: reloaded source boundary stays retired: storm_shop_radio_service_valve_sh0 = true
CONNECTED EXTERIOR CHECK: reloaded source boundary stays retired: storm_shop_radio_service_valve_sh1 = true
CONNECTED EXTERIOR CHECK: reloaded source boundary stays retired: storm_shop_radio_service_valve_sh2 = true
CONNECTED EXTERIOR CHECK: reloaded source boundary stays retired: storm_shop_radio_service_valve_sh3 = true
CONNECTED EXTERIOR CHECK: reloaded source boundary stays retired: storm_shop_radio_service_valve0 = true
CONNECTED EXTERIOR CHECK: reloaded source boundary stays retired: storm_shop_radio_service_valve1 = true
CONNECTED EXTERIOR CHECK: reloaded source boundary stays retired: storm_shop_radio_service_valve2 = true
CONNECTED EXTERIOR CHECK: reloaded source boundary stays retired: storm_shop_radio_service_valve3 = true
CONNECTED EXTERIOR CHECK: reloaded source boundary stays retired: storm_shop_radio_service_valve4 = true
CONNECTED EXTERIOR CHECK: reloaded source boundary stays retired: storm_shop_radio_service_valve5 = true
CONNECTED EXTERIOR CHECK: reloaded source boundary stays retired: storm_shop_radio_service_valve6 = true
CONNECTED EXTERIOR CHECK: reloaded source boundary stays retired: storm_shop_radio_service_valve7 = true
CONNECTED EXTERIOR CHECK: reloaded source boundary stays retired: storm_shop_radio_service_valve8 = true
CONNECTED EXTERIOR CHECK: reloaded source boundary stays retired: storm_shop_radio_service_valve9 = true
CONNECTED EXTERIOR CHECK: reloaded source boundary stays retired: storm_shop_radio_service_valve10 = true
CONNECTED EXTERIOR CHECK: reloaded source boundary stays retired: storm_shop_radio_service_valve11 = true
CONNECTED EXTERIOR CHECK: reloaded source boundary stays retired: storm_shop_radio_service_valve12 = true
CONNECTED EXTERIOR CHECK: reloaded source boundary stays retired: storm_shop_radio_service_valve13 = true
CONNECTED EXTERIOR CHECK: reloaded native partitions remain: RadioStock = true
CONNECTED EXTERIOR CHECK: reloaded native visible/physical faces agree: F01_retail_radio_stock_storm_shop_radio_service_valve_sh0__milk_glass__valve0 = true
CONNECTED EXTERIOR CHECK: reloaded native visible/physical faces agree: F01_retail_radio_stock_storm_shop_radio_service_valve_sh0__milk_glass__valve1 = true
CONNECTED EXTERIOR CHECK: reloaded native visible/physical faces agree: F01_retail_radio_stock_storm_shop_radio_service_valve_sh0__milk_glass__valve2 = true
CONNECTED EXTERIOR CHECK: reloaded native visible/physical faces agree: F01_retail_radio_stock_storm_shop_radio_service_valve_sh0__milk_glass__valve3 = true
CONNECTED EXTERIOR CHECK: reloaded native visible/physical faces agree: F01_retail_radio_stock_storm_shop_radio_service_valve_sh0__milk_glass__valve4 = true
CONNECTED EXTERIOR CHECK: reloaded native visible/physical faces agree: F01_retail_radio_stock_storm_shop_radio_service_valve_sh0__milk_glass__valve5 = true
CONNECTED EXTERIOR CHECK: reloaded native visible/physical faces agree: F01_retail_radio_stock_storm_shop_radio_service_valve_sh0__milk_glass__valve6 = true
CONNECTED EXTERIOR CHECK: reloaded native visible/physical faces agree: F01_retail_radio_stock_storm_shop_radio_service_valve_sh0__milk_glass__valve7 = true
CONNECTED EXTERIOR CHECK: reloaded native visible/physical faces agree: F01_retail_radio_stock_storm_shop_radio_service_valve_sh0__milk_glass__valve8 = true
CONNECTED EXTERIOR CHECK: reloaded native visible/physical faces agree: F01_retail_radio_stock_storm_shop_radio_service_valve_sh0__milk_glass__valve9 = true
CONNECTED EXTERIOR CHECK: reloaded native visible/physical faces agree: F01_retail_radio_stock_storm_shop_radio_service_valve_sh0__milk_glass__valve10 = true
CONNECTED EXTERIOR CHECK: reloaded native visible/physical faces agree: F01_retail_radio_stock_storm_shop_radio_service_valve_sh0__milk_glass__valve11 = true
CONNECTED EXTERIOR CHECK: reloaded native visible/physical faces agree: F01_retail_radio_stock_storm_shop_radio_service_valve_sh0__milk_glass__valve12 = true
CONNECTED EXTERIOR CHECK: reloaded native visible/physical faces agree: F01_retail_radio_stock_storm_shop_radio_service_valve_sh0__milk_glass__valve13 = true
CONNECTED EXTERIOR CHECK: reloaded native visible/physical faces agree: F01_retail_radio_stock_storm_shop_radio_service_valve_sh0__timber = true
CONNECTED EXTERIOR CHECK: reloaded native visible/physical faces agree: F01_retail_radio_stock_storm_shop_radio_service_valve_sh0__valve_base__valve0 = true
CONNECTED EXTERIOR CHECK: reloaded native visible/physical faces agree: F01_retail_radio_stock_storm_shop_radio_service_valve_sh0__valve_base__valve1 = true
CONNECTED EXTERIOR CHECK: reloaded native visible/physical faces agree: F01_retail_radio_stock_storm_shop_radio_service_valve_sh0__valve_base__valve2 = true
CONNECTED EXTERIOR CHECK: reloaded native visible/physical faces agree: F01_retail_radio_stock_storm_shop_radio_service_valve_sh0__valve_base__valve3 = true
CONNECTED EXTERIOR CHECK: reloaded native visible/physical faces agree: F01_retail_radio_stock_storm_shop_radio_service_valve_sh0__valve_base__valve4 = true
CONNECTED EXTERIOR CHECK: reloaded native visible/physical faces agree: F01_retail_radio_stock_storm_shop_radio_service_valve_sh0__valve_base__valve5 = true
CONNECTED EXTERIOR CHECK: reloaded native visible/physical faces agree: F01_retail_radio_stock_storm_shop_radio_service_valve_sh0__valve_base__valve6 = true
CONNECTED EXTERIOR CHECK: reloaded native visible/physical faces agree: F01_retail_radio_stock_storm_shop_radio_service_valve_sh0__valve_base__valve7 = true
CONNECTED EXTERIOR CHECK: reloaded native visible/physical faces agree: F01_retail_radio_stock_storm_shop_radio_service_valve_sh0__valve_base__valve8 = true
CONNECTED EXTERIOR CHECK: reloaded native visible/physical faces agree: F01_retail_radio_stock_storm_shop_radio_service_valve_sh0__valve_base__valve9 = true
CONNECTED EXTERIOR CHECK: reloaded native visible/physical faces agree: F01_retail_radio_stock_storm_shop_radio_service_valve_sh0__valve_base__valve10 = true
CONNECTED EXTERIOR CHECK: reloaded native visible/physical faces agree: F01_retail_radio_stock_storm_shop_radio_service_valve_sh0__valve_base__valve11 = true
CONNECTED EXTERIOR CHECK: reloaded native visible/physical faces agree: F01_retail_radio_stock_storm_shop_radio_service_valve_sh0__valve_base__valve12 = true
CONNECTED EXTERIOR CHECK: reloaded native visible/physical faces agree: F01_retail_radio_stock_storm_shop_radio_service_valve_sh0__valve_base__valve13 = true
CONNECTED EXTERIOR CHECK: reloaded native owner exists: RadioBattery = true
CONNECTED EXTERIOR CHECK: reloaded native source export binds: RadioBattery = true
CONNECTED EXTERIOR CHECK: reloaded source boundary stays retired: storm_shop_radio_service_battery_rack = true
CONNECTED EXTERIOR CHECK: reloaded source boundary stays retired: storm_shop_radio_service_wet_cell0 = true
CONNECTED EXTERIOR CHECK: reloaded source boundary stays retired: storm_shop_radio_service_wet_cell1 = true
CONNECTED EXTERIOR CHECK: reloaded source boundary stays retired: storm_shop_radio_service_wet_cell2 = true
CONNECTED EXTERIOR CHECK: reloaded source boundary stays retired: storm_shop_radio_service_wet_cell3 = true
CONNECTED EXTERIOR CHECK: reloaded source boundary stays retired: storm_shop_radio_service_wet_cell4 = true
CONNECTED EXTERIOR CHECK: reloaded source boundary stays retired: storm_shop_radio_service_cell_cap0 = true
CONNECTED EXTERIOR CHECK: reloaded source boundary stays retired: storm_shop_radio_service_cell_cap1 = true
CONNECTED EXTERIOR CHECK: reloaded source boundary stays retired: storm_shop_radio_service_cell_cap2 = true
CONNECTED EXTERIOR CHECK: reloaded source boundary stays retired: storm_shop_radio_service_cell_cap3 = true
CONNECTED EXTERIOR CHECK: reloaded source boundary stays retired: storm_shop_radio_service_cell_cap4 = true
CONNECTED EXTERIOR CHECK: reloaded native partitions remain: RadioBattery = true
CONNECTED EXTERIOR CHECK: reloaded native visible/physical faces agree: F01_retail_radio_battery_storm_shop_radio_service_battery_rack__bakelite_black = true
CONNECTED EXTERIOR CHECK: reloaded native visible/physical faces agree: F01_retail_radio_battery_storm_shop_radio_service_battery_rack__electrode_metal = true
CONNECTED EXTERIOR CHECK: reloaded native visible/physical faces agree: F01_retail_radio_battery_storm_shop_radio_service_battery_rack__glass_shell = true
CONNECTED EXTERIOR CHECK: reloaded native visible/physical faces agree: F01_retail_radio_battery_storm_shop_radio_service_battery_rack__series_wire = true
CONNECTED EXTERIOR CHECK: reloaded native visible/physical faces agree: F01_retail_radio_battery_storm_shop_radio_service_battery_rack__terminal_metal = true
CONNECTED EXTERIOR CHECK: reloaded native visible/physical faces agree: F01_retail_radio_battery_storm_shop_radio_service_battery_rack__timber = true
CONNECTED EXTERIOR CHECK: reloaded native visible/physical faces agree: F01_retail_radio_battery_storm_shop_radio_service_battery_rack__wet_fill = true
CONNECTED EXTERIOR CHECK: reloaded native owner exists: RadioWire = true
CONNECTED EXTERIOR CHECK: reloaded native source export binds: RadioWire = true
CONNECTED EXTERIOR CHECK: reloaded source boundary stays retired: storm_shop_radio_service_aerial_spools = true
CONNECTED EXTERIOR CHECK: reloaded source boundary stays retired: storm_shop_radio_service_solder_ring = true
CONNECTED EXTERIOR CHECK: reloaded native partitions remain: RadioWire = true
CONNECTED EXTERIOR CHECK: reloaded native visible/physical faces agree: F01_retail_radio_wire_storm_shop_radio_service_aerial_spools__cast_iron = true
CONNECTED EXTERIOR CHECK: reloaded native visible/physical faces agree: F01_retail_radio_wire_storm_shop_radio_service_aerial_spools__copper_aged = true
CONNECTED EXTERIOR CHECK: reloaded native visible/physical faces agree: F01_retail_radio_wire_storm_shop_radio_service_aerial_spools__timber = true
CONNECTED EXTERIOR CHECK: reloaded native visible/physical faces agree: F01_retail_radio_wire_storm_shop_radio_service_solder_ring__cast_iron = true
CONNECTED EXTERIOR CHECK: reloaded native owner exists: RadioDisplay = true
CONNECTED EXTERIOR CHECK: reloaded native source export binds: RadioDisplay = true
CONNECTED EXTERIOR CHECK: reloaded source boundary stays retired: storm_shop_radio_service_counter = true
CONNECTED EXTERIOR CHECK: reloaded source boundary stays retired: storm_shop_radio_service_counter_top = true
CONNECTED EXTERIOR CHECK: reloaded source boundary stays retired: storm_shop_radio_service_ledger = true
CONNECTED EXTERIOR CHECK: reloaded source boundary stays retired: storm_shop_radio_service_horn_mouth = true
CONNECTED EXTERIOR CHECK: reloaded source boundary stays retired: storm_shop_radio_service_horn_throat = true
CONNECTED EXTERIOR CHECK: reloaded source boundary stays retired: storm_shop_radio_service_cone_speaker = true
CONNECTED EXTERIOR CHECK: reloaded native partitions remain: RadioDisplay = true
CONNECTED EXTERIOR CHECK: reloaded native visible/physical faces agree: F01_retail_radio_display_storm_shop_radio_service_cone_speaker__cast_iron = true
CONNECTED EXTERIOR CHECK: reloaded native visible/physical faces agree: F01_retail_radio_display_storm_shop_radio_service_cone_speaker__fabric_warm = true
CONNECTED EXTERIOR CHECK: reloaded native visible/physical faces agree: F01_retail_radio_display_storm_shop_radio_service_counter__countertop = true
CONNECTED EXTERIOR CHECK: reloaded native visible/physical faces agree: F01_retail_radio_display_storm_shop_radio_service_counter__paper = true
CONNECTED EXTERIOR CHECK: reloaded native visible/physical faces agree: F01_retail_radio_display_storm_shop_radio_service_counter__wood_dark = true
CONNECTED EXTERIOR CHECK: reloaded native visible/physical faces agree: F01_retail_radio_display_storm_shop_radio_service_horn_mouth__brass_dull = true
CONNECTED EXTERIOR CHECK: reloaded native visible/physical faces agree: F01_retail_radio_display_storm_shop_radio_service_horn_mouth__cast_iron = true
CONNECTED EXTERIOR CHECK: geometry reconstruction preserves the same seven receiving owners = true
CONNECTED EXTERIOR CHECK: open leaf and physically moved cart survive residency unchanged = true
CONNECTED EXTERIOR CHECK: counter remount preserves acquisition and duplicate protection = true
CONNECTED EXTERIOR CHECK: all shader values and texture paths survive geometry reconstruction = true
CONNECTED EXTERIOR CHECK: all three ceiling detail batches survive passage residency = true
CONNECTED EXTERIOR CHECK: ceiling ornaments remain single batched surfaces = true
CONNECTED EXTERIOR CHECK: ceiling detail receives the architectural surface pass = true
CONNECTED EXTERIOR CHECK: ceiling ornaments remain single batched surfaces = true
CONNECTED EXTERIOR CHECK: ceiling detail receives the architectural surface pass = true
CONNECTED EXTERIOR CHECK: ceiling ornaments remain single batched surfaces = true
CONNECTED EXTERIOR CHECK: ceiling detail receives the architectural surface pass = true
V2 PASSAGE RESIDENCY: 42 waypoints; 0 failures
