WorkerThreadPool: 24 threads, 7 max low-priority.
Godot Engine v4.7.1.stable.official.a13da4feb - https://godotengine.org
TextServer: Added interface "Dummy"
TextServer: Added interface "ICU / HarfBuzz / Graphite (Built-in)"
Using "default" pen tablet driver...

TextServer: Primary interface set to: "ICU / HarfBuzz / Graphite (Built-in)".
CORE API HASH: 3769296884
EDITOR API HASH: 3146738256
SceneTreeFTI: traversal method DEFAULT
Loading resource: res://scripts/game_boot.gd remapped: res://scripts/game_boot.gd
Completed load for: 'res://scripts/game_boot.gd' remapped 'res://scripts/game_boot.gd' at thread -1
Loading resource: res://scripts/audio/conductor_clock.gd remapped: res://scripts/audio/conductor_clock.gd
Completed load for: 'res://scripts/audio/conductor_clock.gd' remapped 'res://scripts/audio/conductor_clock.gd' at thread -1
Loading resource: res://scripts/audio/audio_policy.gd remapped: res://scripts/audio/audio_policy.gd
Completed load for: 'res://scripts/audio/audio_policy.gd' remapped 'res://scripts/audio/audio_policy.gd' at thread -1
Loading resource: res://scripts/game/campaign_clock_driver.gd remapped: res://scripts/game/campaign_clock_driver.gd
Completed load for: 'res://scripts/game/campaign_clock_driver.gd' remapped 'res://scripts/game/campaign_clock_driver.gd' at thread -1
Loading resource: res://scripts/ui/save_status_notice.gd remapped: res://scripts/ui/save_status_notice.gd
Completed load for: 'res://scripts/ui/save_status_notice.gd' remapped 'res://scripts/ui/save_status_notice.gd' at thread -1
Loading resource: res://scripts/game/reality_case_manager.gd remapped: res://scripts/game/reality_case_manager.gd
Completed load for: 'res://scripts/game/reality_case_manager.gd' remapped 'res://scripts/game/reality_case_manager.gd' at thread -1
Loading resource: res://scripts/game/reality_rule_director.gd remapped: res://scripts/game/reality_rule_director.gd
Completed load for: 'res://scripts/game/reality_rule_director.gd' remapped 'res://scripts/game/reality_rule_director.gd' at thread -1
Loaded system CA certificates
Loading resource: res://tests/OrisonV2ConnectedWorldTest.tscn remapped: res://tests/OrisonV2ConnectedWorldTest.tscn
Loading resource: res://tests/orison_v2_connected_world_test.gd remapped: res://tests/orison_v2_connected_world_test.gd
Loading resource: res://scenes/building/orison_v2_runtime.tscn remapped: res://scenes/building/orison_v2_runtime.tscn
Loading resource: res://scripts/building/orison_v2_runtime_root.gd remapped: res://scripts/building/orison_v2_runtime_root.gd
Loading resource: res://scenes/building/orison_v2_blockout.tscn remapped: res://scenes/building/orison_v2_blockout.tscn
Loading resource: res://scripts/building/orison_v2_blockout.gd remapped: res://scripts/building/orison_v2_blockout.gd
Completed load for: 'res://scripts/building/orison_v2_blockout.gd' remapped 'res://scripts/building/orison_v2_blockout.gd' at thread -1
Completed load for: 'res://scenes/building/orison_v2_blockout.tscn' remapped 'res://scenes/building/orison_v2_blockout.tscn' at thread -1
Loading resource: res://assets/ui/telegram/telegram_paper_stock_v1.png remapped: res://assets/ui/telegram/telegram_paper_stock_v1.png
Loading resource: res://.godot/imported/telegram_paper_stock_v1.png-6da8e34d237a3bb83d7695aa967c7cff.ctex remapped: res://.godot/imported/telegram_paper_stock_v1.png-6da8e34d237a3bb83d7695aa967c7cff.ctex
Completed load for: 'res://assets/ui/telegram/telegram_paper_stock_v1.png' remapped 'res://assets/ui/telegram/telegram_paper_stock_v1.png' at thread -1
Loading resource: res://assets/fonts/courier_prime/CourierPrime-Regular.ttf remapped: res://assets/fonts/courier_prime/CourierPrime-Regular.ttf
Loading resource: res://.godot/imported/CourierPrime-Regular.ttf-b33a163554302b210ef6aef62fa4168a.fontdata remapped: res://.godot/imported/CourierPrime-Regular.ttf-b33a163554302b210ef6aef62fa4168a.fontdata
Completed load for: 'res://assets/fonts/courier_prime/CourierPrime-Regular.ttf' remapped 'res://assets/fonts/courier_prime/CourierPrime-Regular.ttf' at thread -1
Loading resource: res://assets/fonts/courier_prime/CourierPrime-Bold.ttf remapped: res://assets/fonts/courier_prime/CourierPrime-Bold.ttf
Loading resource: res://.godot/imported/CourierPrime-Bold.ttf-bf7a7031d9489227399d79b38e4a3e43.fontdata remapped: res://.godot/imported/CourierPrime-Bold.ttf-bf7a7031d9489227399d79b38e4a3e43.fontdata
Completed load for: 'res://assets/fonts/courier_prime/CourierPrime-Bold.ttf' remapped 'res://assets/fonts/courier_prime/CourierPrime-Bold.ttf' at thread -1
Loading resource: res://shaders/orison_waking_sky.gdshader remapped: res://shaders/orison_waking_sky.gdshader
Completed load for: 'res://shaders/orison_waking_sky.gdshader' remapped 'res://shaders/orison_waking_sky.gdshader' at thread -1
Loading resource: res://assets/audio/viral_seed.ogg remapped: res://assets/audio/viral_seed.ogg
Loading resource: res://.godot/imported/viral_seed.ogg-befc5f05d706188204c710ae7bb333d9.oggvorbisstr remapped: res://.godot/imported/viral_seed.ogg-befc5f05d706188204c710ae7bb333d9.oggvorbisstr
Completed load for: 'res://assets/audio/viral_seed.ogg' remapped 'res://assets/audio/viral_seed.ogg' at thread -1
Completed load for: 'res://scripts/building/orison_v2_runtime_root.gd' remapped 'res://scripts/building/orison_v2_runtime_root.gd' at thread -1
Completed load for: 'res://scenes/building/orison_v2_runtime.tscn' remapped 'res://scenes/building/orison_v2_runtime.tscn' at thread -1
Completed load for: 'res://tests/orison_v2_connected_world_test.gd' remapped 'res://tests/orison_v2_connected_world_test.gd' at thread -1
Completed load for: 'res://tests/OrisonV2ConnectedWorldTest.tscn' remapped 'res://tests/OrisonV2ConnectedWorldTest.tscn' at thread -1
[ACOUSTIC] 550 nodes loaded
Loading resource: res://assets/building/textures/sky/orison_queens_night_rain_half_dome_4k.png remapped: res://assets/building/textures/sky/orison_queens_night_rain_half_dome_4k.png
Loading resource: res://.godot/imported/orison_queens_night_rain_half_dome_4k.png-dff55cdb11a2763ba9bd10526969d963.ctex remapped: res://.godot/imported/orison_queens_night_rain_half_dome_4k.png-dff55cdb11a2763ba9bd10526969d963.ctex
Completed load for: 'res://assets/building/textures/sky/orison_queens_night_rain_half_dome_4k.png' remapped 'res://assets/building/textures/sky/orison_queens_night_rain_half_dome_4k.png' at thread -1
Loading resource: res://assets/environment/lroc_color_poles_1k.jpg remapped: res://assets/environment/lroc_color_poles_1k.jpg
Loading resource: res://.godot/imported/lroc_color_poles_1k.jpg-e2c80151a793fba59c850ea878bcd927.ctex remapped: res://.godot/imported/lroc_color_poles_1k.jpg-e2c80151a793fba59c850ea878bcd927.ctex
Completed load for: 'res://assets/environment/lroc_color_poles_1k.jpg' remapped 'res://assets/environment/lroc_color_poles_1k.jpg' at thread -1
Loading resource: res://assets/building/textures/sky/orison_clear_day_half_dome_4k.png remapped: res://assets/building/textures/sky/orison_clear_day_half_dome_4k.png
Loading resource: res://.godot/imported/orison_clear_day_half_dome_4k.png-c3a64c0d234f07e43bf5ae7cb5057328.ctex remapped: res://.godot/imported/orison_clear_day_half_dome_4k.png-c3a64c0d234f07e43bf5ae7cb5057328.ctex
Completed load for: 'res://assets/building/textures/sky/orison_clear_day_half_dome_4k.png' remapped 'res://assets/building/textures/sky/orison_clear_day_half_dome_4k.png' at thread -1
Loading resource: res://assets/building/textures/sky/orison_clear_twilight_half_dome_4k.png remapped: res://assets/building/textures/sky/orison_clear_twilight_half_dome_4k.png
Loading resource: res://.godot/imported/orison_clear_twilight_half_dome_4k.png-0ae046a3375c44b70c9c724c36681aaa.ctex remapped: res://.godot/imported/orison_clear_twilight_half_dome_4k.png-0ae046a3375c44b70c9c724c36681aaa.ctex
Completed load for: 'res://assets/building/textures/sky/orison_clear_twilight_half_dome_4k.png' remapped 'res://assets/building/textures/sky/orison_clear_twilight_half_dome_4k.png' at thread -1
ORISON V2 BLOCKOUT: 61 spaces / 26 doors / 78 anchors
Loading resource: res://assets/building/textures/T_ai_materials_bakelite_black_albedo.png remapped: res://assets/building/textures/T_ai_materials_bakelite_black_albedo.png
Loading resource: res://.godot/imported/T_ai_materials_bakelite_black_albedo.png-7d9915a4f20c2a48a3bbf6eef983ade1.ctex remapped: res://.godot/imported/T_ai_materials_bakelite_black_albedo.png-7d9915a4f20c2a48a3bbf6eef983ade1.ctex
Completed load for: 'res://assets/building/textures/T_ai_materials_bakelite_black_albedo.png' remapped 'res://assets/building/textures/T_ai_materials_bakelite_black_albedo.png' at thread -1
Loading resource: res://assets/building/textures/T_ai_materials_bakelite_black_rough.png remapped: res://assets/building/textures/T_ai_materials_bakelite_black_rough.png
Loading resource: res://.godot/imported/T_ai_materials_bakelite_black_rough.png-25bb9c71631ef93ae27c874974165856.ctex remapped: res://.godot/imported/T_ai_materials_bakelite_black_rough.png-25bb9c71631ef93ae27c874974165856.ctex
Completed load for: 'res://assets/building/textures/T_ai_materials_bakelite_black_rough.png' remapped 'res://assets/building/textures/T_ai_materials_bakelite_black_rough.png' at thread -1
Loading resource: res://assets/building/textures/T_ai_materials_bakelite_black_normal.png remapped: res://assets/building/textures/T_ai_materials_bakelite_black_normal.png
Loading resource: res://.godot/imported/T_ai_materials_bakelite_black_normal.png-f57083d47cf1ccd9352715d03c58d0a9.ctex remapped: res://.godot/imported/T_ai_materials_bakelite_black_normal.png-f57083d47cf1ccd9352715d03c58d0a9.ctex
Completed load for: 'res://assets/building/textures/T_ai_materials_bakelite_black_normal.png' remapped 'res://assets/building/textures/T_ai_materials_bakelite_black_normal.png' at thread -1
Loading resource: res://assets/building/textures/T_ai_materials_brass_mesh_albedo.png remapped: res://assets/building/textures/T_ai_materials_brass_mesh_albedo.png
Loading resource: res://.godot/imported/T_ai_materials_brass_mesh_albedo.png-c6e686cb0c9a5d6fd0e7711f79633540.ctex remapped: res://.godot/imported/T_ai_materials_brass_mesh_albedo.png-c6e686cb0c9a5d6fd0e7711f79633540.ctex
Completed load for: 'res://assets/building/textures/T_ai_materials_brass_mesh_albedo.png' remapped 'res://assets/building/textures/T_ai_materials_brass_mesh_albedo.png' at thread -1
Loading resource: res://assets/building/textures/T_ai_materials_brass_mesh_rough.png remapped: res://assets/building/textures/T_ai_materials_brass_mesh_rough.png
Loading resource: res://.godot/imported/T_ai_materials_brass_mesh_rough.png-da4a57e83ece6ad8139c99e49634de6a.ctex remapped: res://.godot/imported/T_ai_materials_brass_mesh_rough.png-da4a57e83ece6ad8139c99e49634de6a.ctex
Completed load for: 'res://assets/building/textures/T_ai_materials_brass_mesh_rough.png' remapped 'res://assets/building/textures/T_ai_materials_brass_mesh_rough.png' at thread -1
Loading resource: res://assets/building/textures/T_ai_materials_brass_mesh_normal.png remapped: res://assets/building/textures/T_ai_materials_brass_mesh_normal.png
Loading resource: res://.godot/imported/T_ai_materials_brass_mesh_normal.png-14a5899c95c8dd051fba5fe946de3dbf.ctex remapped: res://.godot/imported/T_ai_materials_brass_mesh_normal.png-14a5899c95c8dd051fba5fe946de3dbf.ctex
Completed load for: 'res://assets/building/textures/T_ai_materials_brass_mesh_normal.png' remapped 'res://assets/building/textures/T_ai_materials_brass_mesh_normal.png' at thread -1
Loading resource: res://assets/building/textures/T_library_furniture_linen_albedo.png remapped: res://assets/building/textures/T_library_furniture_linen_albedo.png
Loading resource: res://.godot/imported/T_library_furniture_linen_albedo.png-5db9f5a1934f31d2b298659aee188e18.ctex remapped: res://.godot/imported/T_library_furniture_linen_albedo.png-5db9f5a1934f31d2b298659aee188e18.ctex
Completed load for: 'res://assets/building/textures/T_library_furniture_linen_albedo.png' remapped 'res://assets/building/textures/T_library_furniture_linen_albedo.png' at thread -1
Loading resource: res://assets/building/textures/T_library_furniture_linen_rough.png remapped: res://assets/building/textures/T_library_furniture_linen_rough.png
Loading resource: res://.godot/imported/T_library_furniture_linen_rough.png-78935a8eb3b841d9708cb704d43364ff.ctex remapped: res://.godot/imported/T_library_furniture_linen_rough.png-78935a8eb3b841d9708cb704d43364ff.ctex
Completed load for: 'res://assets/building/textures/T_library_furniture_linen_rough.png' remapped 'res://assets/building/textures/T_library_furniture_linen_rough.png' at thread -1
Loading resource: res://assets/building/textures/T_library_furniture_linen_normal.png remapped: res://assets/building/textures/T_library_furniture_linen_normal.png
Loading resource: res://.godot/imported/T_library_furniture_linen_normal.png-af81f5ff4c6ed27e88a7a06666829584.ctex remapped: res://.godot/imported/T_library_furniture_linen_normal.png-af81f5ff4c6ed27e88a7a06666829584.ctex
Completed load for: 'res://assets/building/textures/T_library_furniture_linen_normal.png' remapped 'res://assets/building/textures/T_library_furniture_linen_normal.png' at thread -1
Loading resource: res://assets/building/textures/T_ai_materials_copper_aged_albedo.png remapped: res://assets/building/textures/T_ai_materials_copper_aged_albedo.png
Loading resource: res://.godot/imported/T_ai_materials_copper_aged_albedo.png-12131203a862c3eef154ff62c653650c.ctex remapped: res://.godot/imported/T_ai_materials_copper_aged_albedo.png-12131203a862c3eef154ff62c653650c.ctex
Completed load for: 'res://assets/building/textures/T_ai_materials_copper_aged_albedo.png' remapped 'res://assets/building/textures/T_ai_materials_copper_aged_albedo.png' at thread -1
Loading resource: res://assets/building/textures/T_ai_materials_copper_aged_rough.png remapped: res://assets/building/textures/T_ai_materials_copper_aged_rough.png
Loading resource: res://.godot/imported/T_ai_materials_copper_aged_rough.png-57c4fbd07216e6a35e054e82bc4ee93d.ctex remapped: res://.godot/imported/T_ai_materials_copper_aged_rough.png-57c4fbd07216e6a35e054e82bc4ee93d.ctex
Completed load for: 'res://assets/building/textures/T_ai_materials_copper_aged_rough.png' remapped 'res://assets/building/textures/T_ai_materials_copper_aged_rough.png' at thread -1
Loading resource: res://assets/building/textures/T_ai_materials_copper_aged_normal.png remapped: res://assets/building/textures/T_ai_materials_copper_aged_normal.png
Loading resource: res://.godot/imported/T_ai_materials_copper_aged_normal.png-84ca44fb676922a225473347f3b0fded.ctex remapped: res://.godot/imported/T_ai_materials_copper_aged_normal.png-84ca44fb676922a225473347f3b0fded.ctex
Completed load for: 'res://assets/building/textures/T_ai_materials_copper_aged_normal.png' remapped 'res://assets/building/textures/T_ai_materials_copper_aged_normal.png' at thread -1
Loading resource: res://assets/building/textures/T_ai_materials_indicator_enamel_albedo.png remapped: res://assets/building/textures/T_ai_materials_indicator_enamel_albedo.png
Loading resource: res://.godot/imported/T_ai_materials_indicator_enamel_albedo.png-40900fe57bfb2590b507fecbe427ec4e.ctex remapped: res://.godot/imported/T_ai_materials_indicator_enamel_albedo.png-40900fe57bfb2590b507fecbe427ec4e.ctex
Completed load for: 'res://assets/building/textures/T_ai_materials_indicator_enamel_albedo.png' remapped 'res://assets/building/textures/T_ai_materials_indicator_enamel_albedo.png' at thread -1
Loading resource: res://assets/building/textures/T_ai_materials_indicator_enamel_rough.png remapped: res://assets/building/textures/T_ai_materials_indicator_enamel_rough.png
Loading resource: res://.godot/imported/T_ai_materials_indicator_enamel_rough.png-7af5ab0518475e7fe6b57661c8df9479.ctex remapped: res://.godot/imported/T_ai_materials_indicator_enamel_rough.png-7af5ab0518475e7fe6b57661c8df9479.ctex
Completed load for: 'res://assets/building/textures/T_ai_materials_indicator_enamel_rough.png' remapped 'res://assets/building/textures/T_ai_materials_indicator_enamel_rough.png' at thread -1
Loading resource: res://assets/building/textures/T_ai_materials_indicator_enamel_normal.png remapped: res://assets/building/textures/T_ai_materials_indicator_enamel_normal.png
Loading resource: res://.godot/imported/T_ai_materials_indicator_enamel_normal.png-6ef0fd147fe1d0bcbf5b046d278689fb.ctex remapped: res://.godot/imported/T_ai_materials_indicator_enamel_normal.png-6ef0fd147fe1d0bcbf5b046d278689fb.ctex
Completed load for: 'res://assets/building/textures/T_ai_materials_indicator_enamel_normal.png' remapped 'res://assets/building/textures/T_ai_materials_indicator_enamel_normal.png' at thread -1
Loading resource: res://assets/building/textures/mailbank/T_mailbank_brass_albedo.png remapped: res://assets/building/textures/mailbank/T_mailbank_brass_albedo.png
Loading resource: res://.godot/imported/T_mailbank_brass_albedo.png-2142dc3953217707fae96d1ab5cdd41d.ctex remapped: res://.godot/imported/T_mailbank_brass_albedo.png-2142dc3953217707fae96d1ab5cdd41d.ctex
Completed load for: 'res://assets/building/textures/mailbank/T_mailbank_brass_albedo.png' remapped 'res://assets/building/textures/mailbank/T_mailbank_brass_albedo.png' at thread -1
Loading resource: res://assets/building/textures/mailbank/T_mailbank_brass_rough.png remapped: res://assets/building/textures/mailbank/T_mailbank_brass_rough.png
Loading resource: res://.godot/imported/T_mailbank_brass_rough.png-d033f41385e15a8726aa7e6e3416e6cd.ctex remapped: res://.godot/imported/T_mailbank_brass_rough.png-d033f41385e15a8726aa7e6e3416e6cd.ctex
Completed load for: 'res://assets/building/textures/mailbank/T_mailbank_brass_rough.png' remapped 'res://assets/building/textures/mailbank/T_mailbank_brass_rough.png' at thread -1
Loading resource: res://assets/building/textures/mailbank/T_mailbank_header.png remapped: res://assets/building/textures/mailbank/T_mailbank_header.png
Loading resource: res://.godot/imported/T_mailbank_header.png-109a1e3b1aa88fa9a6043ad8a67b8bb0.ctex remapped: res://.godot/imported/T_mailbank_header.png-109a1e3b1aa88fa9a6043ad8a67b8bb0.ctex
Completed load for: 'res://assets/building/textures/mailbank/T_mailbank_header.png' remapped 'res://assets/building/textures/mailbank/T_mailbank_header.png' at thread -1
Loading resource: res://assets/building/textures/mailbank/T_mailbank_cards.png remapped: res://assets/building/textures/mailbank/T_mailbank_cards.png
Loading resource: res://.godot/imported/T_mailbank_cards.png-204f4958038d9befcc58fecf0e91adc3.ctex remapped: res://.godot/imported/T_mailbank_cards.png-204f4958038d9befcc58fecf0e91adc3.ctex
Completed load for: 'res://assets/building/textures/mailbank/T_mailbank_cards.png' remapped 'res://assets/building/textures/mailbank/T_mailbank_cards.png' at thread -1
Loading resource: res://assets/audio/freesound/processed/mechanical/metal_tick.ogg remapped: res://assets/audio/freesound/processed/mechanical/metal_tick.ogg
Loading resource: res://.godot/imported/metal_tick.ogg-b1c95a215b3a6ae349163e1f09294533.oggvorbisstr remapped: res://.godot/imported/metal_tick.ogg-b1c95a215b3a6ae349163e1f09294533.oggvorbisstr
Completed load for: 'res://assets/audio/freesound/processed/mechanical/metal_tick.ogg' remapped 'res://assets/audio/freesound/processed/mechanical/metal_tick.ogg' at thread -1
Loading resource: res://assets/audio/freesound/processed/mechanical/pipe_knock.ogg remapped: res://assets/audio/freesound/processed/mechanical/pipe_knock.ogg
Loading resource: res://.godot/imported/pipe_knock.ogg-896a926570ba74a7f6738c1157bd70e5.oggvorbisstr remapped: res://.godot/imported/pipe_knock.ogg-896a926570ba74a7f6738c1157bd70e5.oggvorbisstr
Completed load for: 'res://assets/audio/freesound/processed/mechanical/pipe_knock.ogg' remapped 'res://assets/audio/freesound/processed/mechanical/pipe_knock.ogg' at thread -1
Loading resource: res://assets/audio/freesound/processed/mechanical/appliance_pop.ogg remapped: res://assets/audio/freesound/processed/mechanical/appliance_pop.ogg
Loading resource: res://.godot/imported/appliance_pop.ogg-4f80c379b9967c5c068128cb15ae7a4d.oggvorbisstr remapped: res://.godot/imported/appliance_pop.ogg-4f80c379b9967c5c068128cb15ae7a4d.oggvorbisstr
Completed load for: 'res://assets/audio/freesound/processed/mechanical/appliance_pop.ogg' remapped 'res://assets/audio/freesound/processed/mechanical/appliance_pop.ogg' at thread -1
Loading resource: res://assets/building/textures/T_ai_materials_cast_iron_albedo.png remapped: res://assets/building/textures/T_ai_materials_cast_iron_albedo.png
Loading resource: res://.godot/imported/T_ai_materials_cast_iron_albedo.png-57e1e054c7e682f012f7d336fdfafae3.ctex remapped: res://.godot/imported/T_ai_materials_cast_iron_albedo.png-57e1e054c7e682f012f7d336fdfafae3.ctex
Completed load for: 'res://assets/building/textures/T_ai_materials_cast_iron_albedo.png' remapped 'res://assets/building/textures/T_ai_materials_cast_iron_albedo.png' at thread -1
Loading resource: res://assets/building/textures/T_ai_materials_cast_iron_rough.png remapped: res://assets/building/textures/T_ai_materials_cast_iron_rough.png
Loading resource: res://.godot/imported/T_ai_materials_cast_iron_rough.png-b74900f724ba3730c064ef87fba03915.ctex remapped: res://.godot/imported/T_ai_materials_cast_iron_rough.png-b74900f724ba3730c064ef87fba03915.ctex
Completed load for: 'res://assets/building/textures/T_ai_materials_cast_iron_rough.png' remapped 'res://assets/building/textures/T_ai_materials_cast_iron_rough.png' at thread -1
Loading resource: res://assets/building/textures/T_ai_materials_cast_iron_normal.png remapped: res://assets/building/textures/T_ai_materials_cast_iron_normal.png
Loading resource: res://.godot/imported/T_ai_materials_cast_iron_normal.png-ed572bca8a831db5f0b075724bdbe756.ctex remapped: res://.godot/imported/T_ai_materials_cast_iron_normal.png-ed572bca8a831db5f0b075724bdbe756.ctex
Completed load for: 'res://assets/building/textures/T_ai_materials_cast_iron_normal.png' remapped 'res://assets/building/textures/T_ai_materials_cast_iron_normal.png' at thread -1
Loading resource: res://assets/building/textures/T_library_appliances_galvanized_metal_worn_metal_albedo.png remapped: res://assets/building/textures/T_library_appliances_galvanized_metal_worn_metal_albedo.png
Loading resource: res://.godot/imported/T_library_appliances_galvanized_metal_worn_metal_albedo.png-0e65725f039934d0e52144a560b63b64.ctex remapped: res://.godot/imported/T_library_appliances_galvanized_metal_worn_metal_albedo.png-0e65725f039934d0e52144a560b63b64.ctex
Completed load for: 'res://assets/building/textures/T_library_appliances_galvanized_metal_worn_metal_albedo.png' remapped 'res://assets/building/textures/T_library_appliances_galvanized_metal_worn_metal_albedo.png' at thread -1
Loading resource: res://assets/building/textures/T_library_appliances_galvanized_metal_worn_metal_rough.png remapped: res://assets/building/textures/T_library_appliances_galvanized_metal_worn_metal_rough.png
Loading resource: res://.godot/imported/T_library_appliances_galvanized_metal_worn_metal_rough.png-3ce7d1a7640581cc5ddd8c689701dd1d.ctex remapped: res://.godot/imported/T_library_appliances_galvanized_metal_worn_metal_rough.png-3ce7d1a7640581cc5ddd8c689701dd1d.ctex
Completed load for: 'res://assets/building/textures/T_library_appliances_galvanized_metal_worn_metal_rough.png' remapped 'res://assets/building/textures/T_library_appliances_galvanized_metal_worn_metal_rough.png' at thread -1
Loading resource: res://assets/building/textures/T_library_appliances_galvanized_metal_normal.png remapped: res://assets/building/textures/T_library_appliances_galvanized_metal_normal.png
Loading resource: res://.godot/imported/T_library_appliances_galvanized_metal_normal.png-304b9a3634b3ee78f216e936acaadb71.ctex remapped: res://.godot/imported/T_library_appliances_galvanized_metal_normal.png-304b9a3634b3ee78f216e936acaadb71.ctex
Completed load for: 'res://assets/building/textures/T_library_appliances_galvanized_metal_normal.png' remapped 'res://assets/building/textures/T_library_appliances_galvanized_metal_normal.png' at thread -1
Loading resource: res://assets/building/textures/T_ai_materials_brass_dull_albedo.png remapped: res://assets/building/textures/T_ai_materials_brass_dull_albedo.png
Loading resource: res://.godot/imported/T_ai_materials_brass_dull_albedo.png-e8b0b415c8630a055006aeb0757adc6f.ctex remapped: res://.godot/imported/T_ai_materials_brass_dull_albedo.png-e8b0b415c8630a055006aeb0757adc6f.ctex
Completed load for: 'res://assets/building/textures/T_ai_materials_brass_dull_albedo.png' remapped 'res://assets/building/textures/T_ai_materials_brass_dull_albedo.png' at thread -1
Loading resource: res://assets/building/textures/T_ai_materials_brass_dull_rough.png remapped: res://assets/building/textures/T_ai_materials_brass_dull_rough.png
Loading resource: res://.godot/imported/T_ai_materials_brass_dull_rough.png-1660078479110e73cfb16b45fb078227.ctex remapped: res://.godot/imported/T_ai_materials_brass_dull_rough.png-1660078479110e73cfb16b45fb078227.ctex
Completed load for: 'res://assets/building/textures/T_ai_materials_brass_dull_rough.png' remapped 'res://assets/building/textures/T_ai_materials_brass_dull_rough.png' at thread -1
Loading resource: res://assets/building/textures/T_ai_materials_brass_dull_normal.png remapped: res://assets/building/textures/T_ai_materials_brass_dull_normal.png
Loading resource: res://.godot/imported/T_ai_materials_brass_dull_normal.png-3cb54c21bda657c056106237601c5117.ctex remapped: res://.godot/imported/T_ai_materials_brass_dull_normal.png-3cb54c21bda657c056106237601c5117.ctex
Completed load for: 'res://assets/building/textures/T_ai_materials_brass_dull_normal.png' remapped 'res://assets/building/textures/T_ai_materials_brass_dull_normal.png' at thread -1
Loading resource: res://assets/audio/freesound/processed/events/radiator_whistle.ogg remapped: res://assets/audio/freesound/processed/events/radiator_whistle.ogg
Loading resource: res://.godot/imported/radiator_whistle.ogg-3123443dfdfae1c6faad0154f9675c54.oggvorbisstr remapped: res://.godot/imported/radiator_whistle.ogg-3123443dfdfae1c6faad0154f9675c54.oggvorbisstr
Completed load for: 'res://assets/audio/freesound/processed/events/radiator_whistle.ogg' remapped 'res://assets/audio/freesound/processed/events/radiator_whistle.ogg' at thread -1
Loading resource: res://assets/building/textures/T_ai_materials_soot_worn_soot_albedo.png remapped: res://assets/building/textures/T_ai_materials_soot_worn_soot_albedo.png
Loading resource: res://.godot/imported/T_ai_materials_soot_worn_soot_albedo.png-e4a5924385b9e7a0e69affd4b6ff667c.ctex remapped: res://.godot/imported/T_ai_materials_soot_worn_soot_albedo.png-e4a5924385b9e7a0e69affd4b6ff667c.ctex
Completed load for: 'res://assets/building/textures/T_ai_materials_soot_worn_soot_albedo.png' remapped 'res://assets/building/textures/T_ai_materials_soot_worn_soot_albedo.png' at thread -1
Loading resource: res://assets/building/textures/T_ai_materials_soot_worn_soot_rough.png remapped: res://assets/building/textures/T_ai_materials_soot_worn_soot_rough.png
Loading resource: res://.godot/imported/T_ai_materials_soot_worn_soot_rough.png-d0f0b537724fc4c0b22d04bb08056193.ctex remapped: res://.godot/imported/T_ai_materials_soot_worn_soot_rough.png-d0f0b537724fc4c0b22d04bb08056193.ctex
Completed load for: 'res://assets/building/textures/T_ai_materials_soot_worn_soot_rough.png' remapped 'res://assets/building/textures/T_ai_materials_soot_worn_soot_rough.png' at thread -1
Loading resource: res://assets/building/textures/T_ai_materials_soot_normal.png remapped: res://assets/building/textures/T_ai_materials_soot_normal.png
Loading resource: res://.godot/imported/T_ai_materials_soot_normal.png-7fe43d97ecb5c52915f6ce58f6a9d294.ctex remapped: res://.godot/imported/T_ai_materials_soot_normal.png-7fe43d97ecb5c52915f6ce58f6a9d294.ctex
Completed load for: 'res://assets/building/textures/T_ai_materials_soot_normal.png' remapped 'res://assets/building/textures/T_ai_materials_soot_normal.png' at thread -1
Loading resource: res://assets/building/textures/T_library_furniture_aged_paper_albedo.png remapped: res://assets/building/textures/T_library_furniture_aged_paper_albedo.png
Loading resource: res://.godot/imported/T_library_furniture_aged_paper_albedo.png-47800aaa1e76686a6c8999b19e868e9d.s3tc.ctex remapped: res://.godot/imported/T_library_furniture_aged_paper_albedo.png-47800aaa1e76686a6c8999b19e868e9d.s3tc.ctex
Completed load for: 'res://assets/building/textures/T_library_furniture_aged_paper_albedo.png' remapped 'res://assets/building/textures/T_library_furniture_aged_paper_albedo.png' at thread -1
Loading resource: res://assets/building/textures/T_library_furniture_aged_paper_rough.png remapped: res://assets/building/textures/T_library_furniture_aged_paper_rough.png
Loading resource: res://.godot/imported/T_library_furniture_aged_paper_rough.png-d3ba2c4cb9358bc849e4635d88c48402.s3tc.ctex remapped: res://.godot/imported/T_library_furniture_aged_paper_rough.png-d3ba2c4cb9358bc849e4635d88c48402.s3tc.ctex
Completed load for: 'res://assets/building/textures/T_library_furniture_aged_paper_rough.png' remapped 'res://assets/building/textures/T_library_furniture_aged_paper_rough.png' at thread -1
Loading resource: res://assets/building/textures/T_library_furniture_aged_paper_normal.png remapped: res://assets/building/textures/T_library_furniture_aged_paper_normal.png
Loading resource: res://.godot/imported/T_library_furniture_aged_paper_normal.png-ca70786f182c2b579a11006603977590.s3tc.ctex remapped: res://.godot/imported/T_library_furniture_aged_paper_normal.png-ca70786f182c2b579a11006603977590.s3tc.ctex
Completed load for: 'res://assets/building/textures/T_library_furniture_aged_paper_normal.png' remapped 'res://assets/building/textures/T_library_furniture_aged_paper_normal.png' at thread -1
Loading resource: res://assets/audio/freesound/processed/mechanical/building_thud.ogg remapped: res://assets/audio/freesound/processed/mechanical/building_thud.ogg
Loading resource: res://.godot/imported/building_thud.ogg-b432e72d9b9718bff14d9dc0283ae814.oggvorbisstr remapped: res://.godot/imported/building_thud.ogg-b432e72d9b9718bff14d9dc0283ae814.oggvorbisstr
Completed load for: 'res://assets/audio/freesound/processed/mechanical/building_thud.ogg' remapped 'res://assets/audio/freesound/processed/mechanical/building_thud.ogg' at thread -1
Loading resource: res://assets/audio/freesound/processed/mechanical/mechanical_hum_loop.ogg remapped: res://assets/audio/freesound/processed/mechanical/mechanical_hum_loop.ogg
Loading resource: res://.godot/imported/mechanical_hum_loop.ogg-16d994b76a10c4bbddeae4185625eb8c.oggvorbisstr remapped: res://.godot/imported/mechanical_hum_loop.ogg-16d994b76a10c4bbddeae4185625eb8c.oggvorbisstr
Completed load for: 'res://assets/audio/freesound/processed/mechanical/mechanical_hum_loop.ogg' remapped 'res://assets/audio/freesound/processed/mechanical/mechanical_hum_loop.ogg' at thread -1
Loading resource: res://assets/building/textures/T_library_appliances_aged_enamel_worn_enamel_albedo.png remapped: res://assets/building/textures/T_library_appliances_aged_enamel_worn_enamel_albedo.png
Loading resource: res://.godot/imported/T_library_appliances_aged_enamel_worn_enamel_albedo.png-b1edfe90caffce39949b567e79629fa3.ctex remapped: res://.godot/imported/T_library_appliances_aged_enamel_worn_enamel_albedo.png-b1edfe90caffce39949b567e79629fa3.ctex
Completed load for: 'res://assets/building/textures/T_library_appliances_aged_enamel_worn_enamel_albedo.png' remapped 'res://assets/building/textures/T_library_appliances_aged_enamel_worn_enamel_albedo.png' at thread -1
Loading resource: res://assets/building/textures/T_library_appliances_aged_enamel_worn_enamel_rough.png remapped: res://assets/building/textures/T_library_appliances_aged_enamel_worn_enamel_rough.png
Loading resource: res://.godot/imported/T_library_appliances_aged_enamel_worn_enamel_rough.png-ca625f4755fcbfc04646fff2a6e51d9b.s3tc.ctex remapped: res://.godot/imported/T_library_appliances_aged_enamel_worn_enamel_rough.png-ca625f4755fcbfc04646fff2a6e51d9b.s3tc.ctex
Completed load for: 'res://assets/building/textures/T_library_appliances_aged_enamel_worn_enamel_rough.png' remapped 'res://assets/building/textures/T_library_appliances_aged_enamel_worn_enamel_rough.png' at thread -1
Loading resource: res://assets/building/textures/T_library_appliances_aged_enamel_normal.png remapped: res://assets/building/textures/T_library_appliances_aged_enamel_normal.png
Loading resource: res://.godot/imported/T_library_appliances_aged_enamel_normal.png-be6702b1c41c829afe392000a738bbd6.s3tc.ctex remapped: res://.godot/imported/T_library_appliances_aged_enamel_normal.png-be6702b1c41c829afe392000a738bbd6.s3tc.ctex
Completed load for: 'res://assets/building/textures/T_library_appliances_aged_enamel_normal.png' remapped 'res://assets/building/textures/T_library_appliances_aged_enamel_normal.png' at thread -1
Loading resource: res://assets/building/textures/T_ai_materials_nickel_plated_albedo.png remapped: res://assets/building/textures/T_ai_materials_nickel_plated_albedo.png
Loading resource: res://.godot/imported/T_ai_materials_nickel_plated_albedo.png-1cdc3be90d017453cd38c4307784907e.ctex remapped: res://.godot/imported/T_ai_materials_nickel_plated_albedo.png-1cdc3be90d017453cd38c4307784907e.ctex
Completed load for: 'res://assets/building/textures/T_ai_materials_nickel_plated_albedo.png' remapped 'res://assets/building/textures/T_ai_materials_nickel_plated_albedo.png' at thread -1
Loading resource: res://assets/building/textures/T_ai_materials_nickel_plated_rough.png remapped: res://assets/building/textures/T_ai_materials_nickel_plated_rough.png
Loading resource: res://.godot/imported/T_ai_materials_nickel_plated_rough.png-7424ed96526f67ec95e9fd94aaeeab83.ctex remapped: res://.godot/imported/T_ai_materials_nickel_plated_rough.png-7424ed96526f67ec95e9fd94aaeeab83.ctex
Completed load for: 'res://assets/building/textures/T_ai_materials_nickel_plated_rough.png' remapped 'res://assets/building/textures/T_ai_materials_nickel_plated_rough.png' at thread -1
Loading resource: res://assets/building/textures/T_ai_materials_nickel_plated_normal.png remapped: res://assets/building/textures/T_ai_materials_nickel_plated_normal.png
Loading resource: res://.godot/imported/T_ai_materials_nickel_plated_normal.png-7d5daef5795cee1f492e39e2111bec14.ctex remapped: res://.godot/imported/T_ai_materials_nickel_plated_normal.png-7d5daef5795cee1f492e39e2111bec14.ctex
Completed load for: 'res://assets/building/textures/T_ai_materials_nickel_plated_normal.png' remapped 'res://assets/building/textures/T_ai_materials_nickel_plated_normal.png' at thread -1
Loading resource: res://assets/audio/freesound/processed/props/sink_water.ogg remapped: res://assets/audio/freesound/processed/props/sink_water.ogg
Loading resource: res://.godot/imported/sink_water.ogg-196f85c275d260f2b0c1c3d69694c291.oggvorbisstr remapped: res://.godot/imported/sink_water.ogg-196f85c275d260f2b0c1c3d69694c291.oggvorbisstr
Completed load for: 'res://assets/audio/freesound/processed/props/sink_water.ogg' remapped 'res://assets/audio/freesound/processed/props/sink_water.ogg' at thread -1
Loading resource: res://assets/building/textures/T_ai_materials_enamel_appliance_albedo.png remapped: res://assets/building/textures/T_ai_materials_enamel_appliance_albedo.png
Loading resource: res://.godot/imported/T_ai_materials_enamel_appliance_albedo.png-cb0383779b27cc57b528556e5751b341.ctex remapped: res://.godot/imported/T_ai_materials_enamel_appliance_albedo.png-cb0383779b27cc57b528556e5751b341.ctex
Completed load for: 'res://assets/building/textures/T_ai_materials_enamel_appliance_albedo.png' remapped 'res://assets/building/textures/T_ai_materials_enamel_appliance_albedo.png' at thread -1
Loading resource: res://assets/building/textures/T_ai_materials_enamel_appliance_rough.png remapped: res://assets/building/textures/T_ai_materials_enamel_appliance_rough.png
Loading resource: res://.godot/imported/T_ai_materials_enamel_appliance_rough.png-6138aadae79c61876c9fcf7827003b53.ctex remapped: res://.godot/imported/T_ai_materials_enamel_appliance_rough.png-6138aadae79c61876c9fcf7827003b53.ctex
Completed load for: 'res://assets/building/textures/T_ai_materials_enamel_appliance_rough.png' remapped 'res://assets/building/textures/T_ai_materials_enamel_appliance_rough.png' at thread -1
Loading resource: res://assets/building/textures/T_ai_materials_enamel_appliance_normal.png remapped: res://assets/building/textures/T_ai_materials_enamel_appliance_normal.png
Loading resource: res://.godot/imported/T_ai_materials_enamel_appliance_normal.png-21a396f64774a536b5228000c355954c.ctex remapped: res://.godot/imported/T_ai_materials_enamel_appliance_normal.png-21a396f64774a536b5228000c355954c.ctex
Completed load for: 'res://assets/building/textures/T_ai_materials_enamel_appliance_normal.png' remapped 'res://assets/building/textures/T_ai_materials_enamel_appliance_normal.png' at thread -1
Loading resource: res://assets/building/textures/T_library_appliances_bakelite_albedo.png remapped: res://assets/building/textures/T_library_appliances_bakelite_albedo.png
Loading resource: res://.godot/imported/T_library_appliances_bakelite_albedo.png-46402ef6fac276ba35663f34d8b8351e.ctex remapped: res://.godot/imported/T_library_appliances_bakelite_albedo.png-46402ef6fac276ba35663f34d8b8351e.ctex
Completed load for: 'res://assets/building/textures/T_library_appliances_bakelite_albedo.png' remapped 'res://assets/building/textures/T_library_appliances_bakelite_albedo.png' at thread -1
Loading resource: res://assets/building/textures/T_library_appliances_bakelite_rough.png remapped: res://assets/building/textures/T_library_appliances_bakelite_rough.png
Loading resource: res://.godot/imported/T_library_appliances_bakelite_rough.png-47bd9bd9c296e0da71dbc399818139e1.ctex remapped: res://.godot/imported/T_library_appliances_bakelite_rough.png-47bd9bd9c296e0da71dbc399818139e1.ctex
Completed load for: 'res://assets/building/textures/T_library_appliances_bakelite_rough.png' remapped 'res://assets/building/textures/T_library_appliances_bakelite_rough.png' at thread -1
Loading resource: res://assets/building/textures/T_library_appliances_bakelite_normal.png remapped: res://assets/building/textures/T_library_appliances_bakelite_normal.png
Loading resource: res://.godot/imported/T_library_appliances_bakelite_normal.png-abeed6abc0fecb440f5473f1237ea12d.ctex remapped: res://.godot/imported/T_library_appliances_bakelite_normal.png-abeed6abc0fecb440f5473f1237ea12d.ctex
Completed load for: 'res://assets/building/textures/T_library_appliances_bakelite_normal.png' remapped 'res://assets/building/textures/T_library_appliances_bakelite_normal.png' at thread -1
Loading resource: res://assets/building/textures/T_ai_materials_fx_grease_albedo.png remapped: res://assets/building/textures/T_ai_materials_fx_grease_albedo.png
Loading resource: res://.godot/imported/T_ai_materials_fx_grease_albedo.png-3941f2a0fd3efe24fd2d22e4b2564897.ctex remapped: res://.godot/imported/T_ai_materials_fx_grease_albedo.png-3941f2a0fd3efe24fd2d22e4b2564897.ctex
Completed load for: 'res://assets/building/textures/T_ai_materials_fx_grease_albedo.png' remapped 'res://assets/building/textures/T_ai_materials_fx_grease_albedo.png' at thread -1
Loading resource: res://assets/building/textures/T_ai_materials_fx_grease_rough.png remapped: res://assets/building/textures/T_ai_materials_fx_grease_rough.png
Loading resource: res://.godot/imported/T_ai_materials_fx_grease_rough.png-96d09363f448949db405cd320f50a96c.ctex remapped: res://.godot/imported/T_ai_materials_fx_grease_rough.png-96d09363f448949db405cd320f50a96c.ctex
Completed load for: 'res://assets/building/textures/T_ai_materials_fx_grease_rough.png' remapped 'res://assets/building/textures/T_ai_materials_fx_grease_rough.png' at thread -1
Loading resource: res://assets/building/textures/T_ai_materials_fx_grease_normal.png remapped: res://assets/building/textures/T_ai_materials_fx_grease_normal.png
Loading resource: res://.godot/imported/T_ai_materials_fx_grease_normal.png-b623a232fa1559831c4ee34f5e7f0550.ctex remapped: res://.godot/imported/T_ai_materials_fx_grease_normal.png-b623a232fa1559831c4ee34f5e7f0550.ctex
Completed load for: 'res://assets/building/textures/T_ai_materials_fx_grease_normal.png' remapped 'res://assets/building/textures/T_ai_materials_fx_grease_normal.png' at thread -1
Loading resource: res://assets/building/textures/larder/larder_labels.png remapped: res://assets/building/textures/larder/larder_labels.png
Loading resource: res://.godot/imported/larder_labels.png-b0072fd7faefb78774b059fa05d0a9e6.ctex remapped: res://.godot/imported/larder_labels.png-b0072fd7faefb78774b059fa05d0a9e6.ctex
Completed load for: 'res://assets/building/textures/larder/larder_labels.png' remapped 'res://assets/building/textures/larder/larder_labels.png' at thread -1
Loading resource: res://assets/building/textures/T_ai_materials_oak_quartered_albedo.png remapped: res://assets/building/textures/T_ai_materials_oak_quartered_albedo.png
Loading resource: res://.godot/imported/T_ai_materials_oak_quartered_albedo.png-297f64cf3d25514e7608b662f7373c0f.ctex remapped: res://.godot/imported/T_ai_materials_oak_quartered_albedo.png-297f64cf3d25514e7608b662f7373c0f.ctex
Completed load for: 'res://assets/building/textures/T_ai_materials_oak_quartered_albedo.png' remapped 'res://assets/building/textures/T_ai_materials_oak_quartered_albedo.png' at thread -1
Loading resource: res://assets/building/textures/T_ai_materials_oak_quartered_rough.png remapped: res://assets/building/textures/T_ai_materials_oak_quartered_rough.png
Loading resource: res://.godot/imported/T_ai_materials_oak_quartered_rough.png-03449fb60a448bed3ca97f0d4cb8fa03.ctex remapped: res://.godot/imported/T_ai_materials_oak_quartered_rough.png-03449fb60a448bed3ca97f0d4cb8fa03.ctex
Completed load for: 'res://assets/building/textures/T_ai_materials_oak_quartered_rough.png' remapped 'res://assets/building/textures/T_ai_materials_oak_quartered_rough.png' at thread -1
Loading resource: res://assets/building/textures/T_ai_materials_oak_quartered_normal.png remapped: res://assets/building/textures/T_ai_materials_oak_quartered_normal.png
Loading resource: res://.godot/imported/T_ai_materials_oak_quartered_normal.png-d8815249fe9a46b0a952acc2fb08483d.ctex remapped: res://.godot/imported/T_ai_materials_oak_quartered_normal.png-d8815249fe9a46b0a952acc2fb08483d.ctex
Completed load for: 'res://assets/building/textures/T_ai_materials_oak_quartered_normal.png' remapped 'res://assets/building/textures/T_ai_materials_oak_quartered_normal.png' at thread -1
Loading resource: res://assets/building/textures/T_ai_materials_zinc_liner_albedo.png remapped: res://assets/building/textures/T_ai_materials_zinc_liner_albedo.png
Loading resource: res://.godot/imported/T_ai_materials_zinc_liner_albedo.png-91baded2005366014c3eff1b5477db5f.ctex remapped: res://.godot/imported/T_ai_materials_zinc_liner_albedo.png-91baded2005366014c3eff1b5477db5f.ctex
Completed load for: 'res://assets/building/textures/T_ai_materials_zinc_liner_albedo.png' remapped 'res://assets/building/textures/T_ai_materials_zinc_liner_albedo.png' at thread -1
Loading resource: res://assets/building/textures/T_ai_materials_zinc_liner_rough.png remapped: res://assets/building/textures/T_ai_materials_zinc_liner_rough.png
Loading resource: res://.godot/imported/T_ai_materials_zinc_liner_rough.png-427bec6086040c4f49beecf3f6aa4371.ctex remapped: res://.godot/imported/T_ai_materials_zinc_liner_rough.png-427bec6086040c4f49beecf3f6aa4371.ctex
Completed load for: 'res://assets/building/textures/T_ai_materials_zinc_liner_rough.png' remapped 'res://assets/building/textures/T_ai_materials_zinc_liner_rough.png' at thread -1
Loading resource: res://assets/building/textures/T_ai_materials_zinc_liner_normal.png remapped: res://assets/building/textures/T_ai_materials_zinc_liner_normal.png
Loading resource: res://.godot/imported/T_ai_materials_zinc_liner_normal.png-6ccf02dc53f7681e5cde963b0c9c51c9.ctex remapped: res://.godot/imported/T_ai_materials_zinc_liner_normal.png-6ccf02dc53f7681e5cde963b0c9c51c9.ctex
Completed load for: 'res://assets/building/textures/T_ai_materials_zinc_liner_normal.png' remapped 'res://assets/building/textures/T_ai_materials_zinc_liner_normal.png' at thread -1
Loading resource: res://assets/audio/freesound/processed/mechanical/timber_creak.ogg remapped: res://assets/audio/freesound/processed/mechanical/timber_creak.ogg
Loading resource: res://.godot/imported/timber_creak.ogg-681095ada9a99fb7d42195d25947d161.oggvorbisstr remapped: res://.godot/imported/timber_creak.ogg-681095ada9a99fb7d42195d25947d161.oggvorbisstr
Completed load for: 'res://assets/audio/freesound/processed/mechanical/timber_creak.ogg' remapped 'res://assets/audio/freesound/processed/mechanical/timber_creak.ogg' at thread -1
Loading resource: res://assets/audio/freesound/processed/events/water_droplets.wav remapped: res://assets/audio/freesound/processed/events/water_droplets.wav
Loading resource: res://.godot/imported/water_droplets.wav-117f7f6db4471d9ccaa90e137ad214e3.sample remapped: res://.godot/imported/water_droplets.wav-117f7f6db4471d9ccaa90e137ad214e3.sample
Completed load for: 'res://assets/audio/freesound/processed/events/water_droplets.wav' remapped 'res://assets/audio/freesound/processed/events/water_droplets.wav' at thread -1
Loading resource: res://assets/building/textures/T_ai_materials_porcelain_fixture_albedo.png remapped: res://assets/building/textures/T_ai_materials_porcelain_fixture_albedo.png
Loading resource: res://.godot/imported/T_ai_materials_porcelain_fixture_albedo.png-d5a45b1899878006c2d05cb5d4dcb298.ctex remapped: res://.godot/imported/T_ai_materials_porcelain_fixture_albedo.png-d5a45b1899878006c2d05cb5d4dcb298.ctex
Completed load for: 'res://assets/building/textures/T_ai_materials_porcelain_fixture_albedo.png' remapped 'res://assets/building/textures/T_ai_materials_porcelain_fixture_albedo.png' at thread -1
Loading resource: res://assets/building/textures/T_ai_materials_porcelain_fixture_rough.png remapped: res://assets/building/textures/T_ai_materials_porcelain_fixture_rough.png
Loading resource: res://.godot/imported/T_ai_materials_porcelain_fixture_rough.png-0aa1c2b76bcd25e524c5910d10542171.ctex remapped: res://.godot/imported/T_ai_materials_porcelain_fixture_rough.png-0aa1c2b76bcd25e524c5910d10542171.ctex
Completed load for: 'res://assets/building/textures/T_ai_materials_porcelain_fixture_rough.png' remapped 'res://assets/building/textures/T_ai_materials_porcelain_fixture_rough.png' at thread -1
Loading resource: res://assets/building/textures/T_ai_materials_porcelain_fixture_normal.png remapped: res://assets/building/textures/T_ai_materials_porcelain_fixture_normal.png
Loading resource: res://.godot/imported/T_ai_materials_porcelain_fixture_normal.png-6977d19a05732e53731a802f3ccb99ec.ctex remapped: res://.godot/imported/T_ai_materials_porcelain_fixture_normal.png-6977d19a05732e53731a802f3ccb99ec.ctex
Completed load for: 'res://assets/building/textures/T_ai_materials_porcelain_fixture_normal.png' remapped 'res://assets/building/textures/T_ai_materials_porcelain_fixture_normal.png' at thread -1
Loading resource: res://assets/audio/freesound/processed/props/shower_water.ogg remapped: res://assets/audio/freesound/processed/props/shower_water.ogg
Loading resource: res://.godot/imported/shower_water.ogg-8fe8f266f62d36d5595380f546a886a2.oggvorbisstr remapped: res://.godot/imported/shower_water.ogg-8fe8f266f62d36d5595380f546a886a2.oggvorbisstr
Completed load for: 'res://assets/audio/freesound/processed/props/shower_water.ogg' remapped 'res://assets/audio/freesound/processed/props/shower_water.ogg' at thread -1
Loading resource: res://assets/building/textures/T_library_furniture_upholstery_rust_albedo.png remapped: res://assets/building/textures/T_library_furniture_upholstery_rust_albedo.png
Loading resource: res://.godot/imported/T_library_furniture_upholstery_rust_albedo.png-249c90a0787fa5a0166c53b3cbf99ff2.ctex remapped: res://.godot/imported/T_library_furniture_upholstery_rust_albedo.png-249c90a0787fa5a0166c53b3cbf99ff2.ctex
Completed load for: 'res://assets/building/textures/T_library_furniture_upholstery_rust_albedo.png' remapped 'res://assets/building/textures/T_library_furniture_upholstery_rust_albedo.png' at thread -1
Loading resource: res://assets/building/textures/T_library_furniture_upholstery_rust_rough.png remapped: res://assets/building/textures/T_library_furniture_upholstery_rust_rough.png
Loading resource: res://.godot/imported/T_library_furniture_upholstery_rust_rough.png-6e32ae9054ddc6424d197e40f5aff193.ctex remapped: res://.godot/imported/T_library_furniture_upholstery_rust_rough.png-6e32ae9054ddc6424d197e40f5aff193.ctex
Completed load for: 'res://assets/building/textures/T_library_furniture_upholstery_rust_rough.png' remapped 'res://assets/building/textures/T_library_furniture_upholstery_rust_rough.png' at thread -1
Loading resource: res://assets/building/textures/T_library_furniture_upholstery_rust_normal.png remapped: res://assets/building/textures/T_library_furniture_upholstery_rust_normal.png
Loading resource: res://.godot/imported/T_library_furniture_upholstery_rust_normal.png-35871501931414bd9d20dfd7a1f101e9.ctex remapped: res://.godot/imported/T_library_furniture_upholstery_rust_normal.png-35871501931414bd9d20dfd7a1f101e9.ctex
Completed load for: 'res://assets/building/textures/T_library_furniture_upholstery_rust_normal.png' remapped 'res://assets/building/textures/T_library_furniture_upholstery_rust_normal.png' at thread -1
Loading resource: res://assets/building/textures/T_library_appliances_brushed_steel_albedo.png remapped: res://assets/building/textures/T_library_appliances_brushed_steel_albedo.png
Loading resource: res://.godot/imported/T_library_appliances_brushed_steel_albedo.png-177206743763bc07bc5cf9f1274d183e.s3tc.ctex remapped: res://.godot/imported/T_library_appliances_brushed_steel_albedo.png-177206743763bc07bc5cf9f1274d183e.s3tc.ctex
Completed load for: 'res://assets/building/textures/T_library_appliances_brushed_steel_albedo.png' remapped 'res://assets/building/textures/T_library_appliances_brushed_steel_albedo.png' at thread -1
Loading resource: res://assets/building/textures/T_library_appliances_brushed_steel_rough.png remapped: res://assets/building/textures/T_library_appliances_brushed_steel_rough.png
Loading resource: res://.godot/imported/T_library_appliances_brushed_steel_rough.png-4c8c52614a5f2d8ec0afe39ba3e069eb.s3tc.ctex remapped: res://.godot/imported/T_library_appliances_brushed_steel_rough.png-4c8c52614a5f2d8ec0afe39ba3e069eb.s3tc.ctex
Completed load for: 'res://assets/building/textures/T_library_appliances_brushed_steel_rough.png' remapped 'res://assets/building/textures/T_library_appliances_brushed_steel_rough.png' at thread -1
Loading resource: res://assets/building/textures/T_library_appliances_brushed_steel_normal.png remapped: res://assets/building/textures/T_library_appliances_brushed_steel_normal.png
Loading resource: res://.godot/imported/T_library_appliances_brushed_steel_normal.png-f8b8d544cee73236dbdfca87af5e5ec5.s3tc.ctex remapped: res://.godot/imported/T_library_appliances_brushed_steel_normal.png-f8b8d544cee73236dbdfca87af5e5ec5.s3tc.ctex
Completed load for: 'res://assets/building/textures/T_library_appliances_brushed_steel_normal.png' remapped 'res://assets/building/textures/T_library_appliances_brushed_steel_normal.png' at thread -1
Loading resource: res://assets/building/textures/T_library_furniture_porcelain_albedo.png remapped: res://assets/building/textures/T_library_furniture_porcelain_albedo.png
Loading resource: res://.godot/imported/T_library_furniture_porcelain_albedo.png-f5b5ec704993bcb4a49f3dfa18796cbe.ctex remapped: res://.godot/imported/T_library_furniture_porcelain_albedo.png-f5b5ec704993bcb4a49f3dfa18796cbe.ctex
Completed load for: 'res://assets/building/textures/T_library_furniture_porcelain_albedo.png' remapped 'res://assets/building/textures/T_library_furniture_porcelain_albedo.png' at thread -1
Loading resource: res://assets/building/textures/T_library_furniture_porcelain_rough.png remapped: res://assets/building/textures/T_library_furniture_porcelain_rough.png
Loading resource: res://.godot/imported/T_library_furniture_porcelain_rough.png-04be3d2a95ec6d78ca44aef0cf8a7ef5.ctex remapped: res://.godot/imported/T_library_furniture_porcelain_rough.png-04be3d2a95ec6d78ca44aef0cf8a7ef5.ctex
Completed load for: 'res://assets/building/textures/T_library_furniture_porcelain_rough.png' remapped 'res://assets/building/textures/T_library_furniture_porcelain_rough.png' at thread -1
Loading resource: res://assets/building/textures/T_library_furniture_porcelain_normal.png remapped: res://assets/building/textures/T_library_furniture_porcelain_normal.png
Loading resource: res://.godot/imported/T_library_furniture_porcelain_normal.png-b6540e6b937aa042b9c3b1ec16baf952.ctex remapped: res://.godot/imported/T_library_furniture_porcelain_normal.png-b6540e6b937aa042b9c3b1ec16baf952.ctex
Completed load for: 'res://assets/building/textures/T_library_furniture_porcelain_normal.png' remapped 'res://assets/building/textures/T_library_furniture_porcelain_normal.png' at thread -1
Loading resource: res://assets/building/textures/T_library_architectural_painted_trim_albedo.png remapped: res://assets/building/textures/T_library_architectural_painted_trim_albedo.png
Loading resource: res://.godot/imported/T_library_architectural_painted_trim_albedo.png-260947bd5b3183f0a1915453542074b7.ctex remapped: res://.godot/imported/T_library_architectural_painted_trim_albedo.png-260947bd5b3183f0a1915453542074b7.ctex
Completed load for: 'res://assets/building/textures/T_library_architectural_painted_trim_albedo.png' remapped 'res://assets/building/textures/T_library_architectural_painted_trim_albedo.png' at thread -1
Loading resource: res://assets/building/textures/T_library_architectural_painted_trim_rough.png remapped: res://assets/building/textures/T_library_architectural_painted_trim_rough.png
Loading resource: res://.godot/imported/T_library_architectural_painted_trim_rough.png-8a44c0d94b28ed364f174e1d972b73cd.ctex remapped: res://.godot/imported/T_library_architectural_painted_trim_rough.png-8a44c0d94b28ed364f174e1d972b73cd.ctex
Completed load for: 'res://assets/building/textures/T_library_architectural_painted_trim_rough.png' remapped 'res://assets/building/textures/T_library_architectural_painted_trim_rough.png' at thread -1
Loading resource: res://assets/building/textures/T_library_architectural_painted_trim_normal.png remapped: res://assets/building/textures/T_library_architectural_painted_trim_normal.png
Loading resource: res://.godot/imported/T_library_architectural_painted_trim_normal.png-cd6af5e2d5a0b4bf6efd1ca6d9c553ca.ctex remapped: res://.godot/imported/T_library_architectural_painted_trim_normal.png-cd6af5e2d5a0b4bf6efd1ca6d9c553ca.ctex
Completed load for: 'res://assets/building/textures/T_library_architectural_painted_trim_normal.png' remapped 'res://assets/building/textures/T_library_architectural_painted_trim_normal.png' at thread -1
Loading resource: res://assets/building/textures/T_library_metals_aged_brass_albedo.png remapped: res://assets/building/textures/T_library_metals_aged_brass_albedo.png
Loading resource: res://.godot/imported/T_library_metals_aged_brass_albedo.png-f508ca79a15b9713680db1c9f755302e.ctex remapped: res://.godot/imported/T_library_metals_aged_brass_albedo.png-f508ca79a15b9713680db1c9f755302e.ctex
Completed load for: 'res://assets/building/textures/T_library_metals_aged_brass_albedo.png' remapped 'res://assets/building/textures/T_library_metals_aged_brass_albedo.png' at thread -1
Loading resource: res://assets/building/textures/T_library_metals_aged_brass_rough.png remapped: res://assets/building/textures/T_library_metals_aged_brass_rough.png
Loading resource: res://.godot/imported/T_library_metals_aged_brass_rough.png-2faadea1e9dd2ba1afa2a0f6a009c779.ctex remapped: res://.godot/imported/T_library_metals_aged_brass_rough.png-2faadea1e9dd2ba1afa2a0f6a009c779.ctex
Completed load for: 'res://assets/building/textures/T_library_metals_aged_brass_rough.png' remapped 'res://assets/building/textures/T_library_metals_aged_brass_rough.png' at thread -1
Loading resource: res://assets/building/textures/T_library_metals_aged_brass_normal.png remapped: res://assets/building/textures/T_library_metals_aged_brass_normal.png
Loading resource: res://.godot/imported/T_library_metals_aged_brass_normal.png-be3180ace4d1fc577ad8241ff06d4c2c.ctex remapped: res://.godot/imported/T_library_metals_aged_brass_normal.png-be3180ace4d1fc577ad8241ff06d4c2c.ctex
Completed load for: 'res://assets/building/textures/T_library_metals_aged_brass_normal.png' remapped 'res://assets/building/textures/T_library_metals_aged_brass_normal.png' at thread -1
Loading resource: res://assets/building/textures/T_library_furniture_walnut_albedo.png remapped: res://assets/building/textures/T_library_furniture_walnut_albedo.png
Loading resource: res://.godot/imported/T_library_furniture_walnut_albedo.png-9d83e6768b0b08d28ab2f9a5e8fa017b.ctex remapped: res://.godot/imported/T_library_furniture_walnut_albedo.png-9d83e6768b0b08d28ab2f9a5e8fa017b.ctex
Completed load for: 'res://assets/building/textures/T_library_furniture_walnut_albedo.png' remapped 'res://assets/building/textures/T_library_furniture_walnut_albedo.png' at thread -1
Loading resource: res://assets/building/textures/T_library_furniture_walnut_rough.png remapped: res://assets/building/textures/T_library_furniture_walnut_rough.png
Loading resource: res://.godot/imported/T_library_furniture_walnut_rough.png-9759cde251b5cc10585a4adbb6b9e116.ctex remapped: res://.godot/imported/T_library_furniture_walnut_rough.png-9759cde251b5cc10585a4adbb6b9e116.ctex
Completed load for: 'res://assets/building/textures/T_library_furniture_walnut_rough.png' remapped 'res://assets/building/textures/T_library_furniture_walnut_rough.png' at thread -1
Loading resource: res://assets/building/textures/T_library_furniture_walnut_normal.png remapped: res://assets/building/textures/T_library_furniture_walnut_normal.png
Loading resource: res://.godot/imported/T_library_furniture_walnut_normal.png-8dcc8541e83592102708038ba88600d5.ctex remapped: res://.godot/imported/T_library_furniture_walnut_normal.png-8dcc8541e83592102708038ba88600d5.ctex
Completed load for: 'res://assets/building/textures/T_library_furniture_walnut_normal.png' remapped 'res://assets/building/textures/T_library_furniture_walnut_normal.png' at thread -1
Loading resource: res://assets/ui/phone/mask_clean.png remapped: res://assets/ui/phone/mask_clean.png
Loading resource: res://.godot/imported/mask_clean.png-9754816ed019fdae3e3e5bb028d18c89.ctex remapped: res://.godot/imported/mask_clean.png-9754816ed019fdae3e3e5bb028d18c89.ctex
Completed load for: 'res://assets/ui/phone/mask_clean.png' remapped 'res://assets/ui/phone/mask_clean.png' at thread -1
Loading resource: res://assets/ui/phone/mask_cracked.png remapped: res://assets/ui/phone/mask_cracked.png
Loading resource: res://.godot/imported/mask_cracked.png-183f1d84ab4944c64107e0f51581b7c2.ctex remapped: res://.godot/imported/mask_cracked.png-183f1d84ab4944c64107e0f51581b7c2.ctex
Completed load for: 'res://assets/ui/phone/mask_cracked.png' remapped 'res://assets/ui/phone/mask_cracked.png' at thread -1
Loading resource: res://assets/ui/phone/mask_haze.png remapped: res://assets/ui/phone/mask_haze.png
Loading resource: res://.godot/imported/mask_haze.png-5f23b5b3aad4fa9fe7f497b52174a3ed.ctex remapped: res://.godot/imported/mask_haze.png-5f23b5b3aad4fa9fe7f497b52174a3ed.ctex
Completed load for: 'res://assets/ui/phone/mask_haze.png' remapped 'res://assets/ui/phone/mask_haze.png' at thread -1
Loading resource: res://assets/audio/freesound/processed/mechanical/line_murmur_loop.ogg remapped: res://assets/audio/freesound/processed/mechanical/line_murmur_loop.ogg
Loading resource: res://.godot/imported/line_murmur_loop.ogg-58dc2a86d2b9e887623cad7a05a443c3.oggvorbisstr remapped: res://.godot/imported/line_murmur_loop.ogg-58dc2a86d2b9e887623cad7a05a443c3.oggvorbisstr
Completed load for: 'res://assets/audio/freesound/processed/mechanical/line_murmur_loop.ogg' remapped 'res://assets/audio/freesound/processed/mechanical/line_murmur_loop.ogg' at thread -1
Loading resource: res://assets/audio/freesound/processed/mechanical/distant_breath.ogg remapped: res://assets/audio/freesound/processed/mechanical/distant_breath.ogg
Loading resource: res://.godot/imported/distant_breath.ogg-af2a52e68bd22f8abb30fdf9517346e3.oggvorbisstr remapped: res://.godot/imported/distant_breath.ogg-af2a52e68bd22f8abb30fdf9517346e3.oggvorbisstr
Completed load for: 'res://assets/audio/freesound/processed/mechanical/distant_breath.ogg' remapped 'res://assets/audio/freesound/processed/mechanical/distant_breath.ogg' at thread -1
Loading resource: res://assets/audio/freesound/processed/mechanical/operator_whistle.ogg remapped: res://assets/audio/freesound/processed/mechanical/operator_whistle.ogg
Loading resource: res://.godot/imported/operator_whistle.ogg-184bf106cc8a40bda770eae3695fc798.oggvorbisstr remapped: res://.godot/imported/operator_whistle.ogg-184bf106cc8a40bda770eae3695fc798.oggvorbisstr
Completed load for: 'res://assets/audio/freesound/processed/mechanical/operator_whistle.ogg' remapped 'res://assets/audio/freesound/processed/mechanical/operator_whistle.ogg' at thread -1
[SCHEDULE] director live: 18 residents on the clock
[ORISON V2 RUNTIME] ready startup_ms=1644.245
CONNECTED ENVIRONMENT: /root/OrisonV2ConnectedWorldTest/OrisonV2Runtime/WakingAtmosphere/WorldEnvironment
CONNECTED ENVIRONMENT: /root/OrisonV2ConnectedWorldTest/OrisonV2Runtime/Player/@Camera3D@1826/ServiceSetCarrier/ServiceSetPass/@WorldEnvironment@2090
Loading resource: res://assets/building/textures/sky/orison_queens_night_rain_half_dome_4k.png remapped: res://assets/building/textures/sky/orison_queens_night_rain_half_dome_4k.png
Loading resource: res://.godot/imported/orison_queens_night_rain_half_dome_4k.png-dff55cdb11a2763ba9bd10526969d963.ctex remapped: res://.godot/imported/orison_queens_night_rain_half_dome_4k.png-dff55cdb11a2763ba9bd10526969d963.ctex
Completed load for: 'res://assets/building/textures/sky/orison_queens_night_rain_half_dome_4k.png' remapped 'res://assets/building/textures/sky/orison_queens_night_rain_half_dome_4k.png' at thread -1
Loading resource: res://assets/environment/lroc_color_poles_1k.jpg remapped: res://assets/environment/lroc_color_poles_1k.jpg
Loading resource: res://.godot/imported/lroc_color_poles_1k.jpg-e2c80151a793fba59c850ea878bcd927.ctex remapped: res://.godot/imported/lroc_color_poles_1k.jpg-e2c80151a793fba59c850ea878bcd927.ctex
Completed load for: 'res://assets/environment/lroc_color_poles_1k.jpg' remapped 'res://assets/environment/lroc_color_poles_1k.jpg' at thread -1
Loading resource: res://assets/building/textures/sky/orison_clear_day_half_dome_4k.png remapped: res://assets/building/textures/sky/orison_clear_day_half_dome_4k.png
Loading resource: res://.godot/imported/orison_clear_day_half_dome_4k.png-c3a64c0d234f07e43bf5ae7cb5057328.ctex remapped: res://.godot/imported/orison_clear_day_half_dome_4k.png-c3a64c0d234f07e43bf5ae7cb5057328.ctex
Completed load for: 'res://assets/building/textures/sky/orison_clear_day_half_dome_4k.png' remapped 'res://assets/building/textures/sky/orison_clear_day_half_dome_4k.png' at thread -1
Loading resource: res://assets/building/textures/sky/orison_clear_twilight_half_dome_4k.png remapped: res://assets/building/textures/sky/orison_clear_twilight_half_dome_4k.png
Loading resource: res://.godot/imported/orison_clear_twilight_half_dome_4k.png-0ae046a3375c44b70c9c724c36681aaa.ctex remapped: res://.godot/imported/orison_clear_twilight_half_dome_4k.png-0ae046a3375c44b70c9c724c36681aaa.ctex
Completed load for: 'res://assets/building/textures/sky/orison_clear_twilight_half_dome_4k.png' remapped 'res://assets/building/textures/sky/orison_clear_twilight_half_dome_4k.png' at thread -1
ORISON V2 BLOCKOUT: 61 spaces / 26 doors / 78 anchors
Loading resource: res://assets/building/textures/mailbank/T_mailbank_brass_albedo.png remapped: res://assets/building/textures/mailbank/T_mailbank_brass_albedo.png
Loading resource: res://.godot/imported/T_mailbank_brass_albedo.png-2142dc3953217707fae96d1ab5cdd41d.ctex remapped: res://.godot/imported/T_mailbank_brass_albedo.png-2142dc3953217707fae96d1ab5cdd41d.ctex
Completed load for: 'res://assets/building/textures/mailbank/T_mailbank_brass_albedo.png' remapped 'res://assets/building/textures/mailbank/T_mailbank_brass_albedo.png' at thread -1
Loading resource: res://assets/building/textures/mailbank/T_mailbank_brass_rough.png remapped: res://assets/building/textures/mailbank/T_mailbank_brass_rough.png
Loading resource: res://.godot/imported/T_mailbank_brass_rough.png-d033f41385e15a8726aa7e6e3416e6cd.ctex remapped: res://.godot/imported/T_mailbank_brass_rough.png-d033f41385e15a8726aa7e6e3416e6cd.ctex
Completed load for: 'res://assets/building/textures/mailbank/T_mailbank_brass_rough.png' remapped 'res://assets/building/textures/mailbank/T_mailbank_brass_rough.png' at thread -1
Loading resource: res://assets/building/textures/mailbank/T_mailbank_header.png remapped: res://assets/building/textures/mailbank/T_mailbank_header.png
Loading resource: res://.godot/imported/T_mailbank_header.png-109a1e3b1aa88fa9a6043ad8a67b8bb0.ctex remapped: res://.godot/imported/T_mailbank_header.png-109a1e3b1aa88fa9a6043ad8a67b8bb0.ctex
Completed load for: 'res://assets/building/textures/mailbank/T_mailbank_header.png' remapped 'res://assets/building/textures/mailbank/T_mailbank_header.png' at thread -1
Loading resource: res://assets/building/textures/mailbank/T_mailbank_cards.png remapped: res://assets/building/textures/mailbank/T_mailbank_cards.png
Loading resource: res://.godot/imported/T_mailbank_cards.png-204f4958038d9befcc58fecf0e91adc3.ctex remapped: res://.godot/imported/T_mailbank_cards.png-204f4958038d9befcc58fecf0e91adc3.ctex
Completed load for: 'res://assets/building/textures/mailbank/T_mailbank_cards.png' remapped 'res://assets/building/textures/mailbank/T_mailbank_cards.png' at thread -1
Loading resource: res://assets/audio/freesound/processed/mechanical/metal_tick.ogg remapped: res://assets/audio/freesound/processed/mechanical/metal_tick.ogg
Loading resource: res://.godot/imported/metal_tick.ogg-b1c95a215b3a6ae349163e1f09294533.oggvorbisstr remapped: res://.godot/imported/metal_tick.ogg-b1c95a215b3a6ae349163e1f09294533.oggvorbisstr
Completed load for: 'res://assets/audio/freesound/processed/mechanical/metal_tick.ogg' remapped 'res://assets/audio/freesound/processed/mechanical/metal_tick.ogg' at thread -1
Loading resource: res://assets/audio/freesound/processed/mechanical/appliance_pop.ogg remapped: res://assets/audio/freesound/processed/mechanical/appliance_pop.ogg
Loading resource: res://.godot/imported/appliance_pop.ogg-4f80c379b9967c5c068128cb15ae7a4d.oggvorbisstr remapped: res://.godot/imported/appliance_pop.ogg-4f80c379b9967c5c068128cb15ae7a4d.oggvorbisstr
Completed load for: 'res://assets/audio/freesound/processed/mechanical/appliance_pop.ogg' remapped 'res://assets/audio/freesound/processed/mechanical/appliance_pop.ogg' at thread -1
Loading resource: res://assets/audio/freesound/processed/events/radiator_whistle.ogg remapped: res://assets/audio/freesound/processed/events/radiator_whistle.ogg
Loading resource: res://.godot/imported/radiator_whistle.ogg-3123443dfdfae1c6faad0154f9675c54.oggvorbisstr remapped: res://.godot/imported/radiator_whistle.ogg-3123443dfdfae1c6faad0154f9675c54.oggvorbisstr
Completed load for: 'res://assets/audio/freesound/processed/events/radiator_whistle.ogg' remapped 'res://assets/audio/freesound/processed/events/radiator_whistle.ogg' at thread -1
Loading resource: res://assets/audio/freesound/processed/mechanical/building_thud.ogg remapped: res://assets/audio/freesound/processed/mechanical/building_thud.ogg
Loading resource: res://.godot/imported/building_thud.ogg-b432e72d9b9718bff14d9dc0283ae814.oggvorbisstr remapped: res://.godot/imported/building_thud.ogg-b432e72d9b9718bff14d9dc0283ae814.oggvorbisstr
Completed load for: 'res://assets/audio/freesound/processed/mechanical/building_thud.ogg' remapped 'res://assets/audio/freesound/processed/mechanical/building_thud.ogg' at thread -1
Loading resource: res://assets/building/textures/larder/larder_labels.png remapped: res://assets/building/textures/larder/larder_labels.png
Loading resource: res://.godot/imported/larder_labels.png-b0072fd7faefb78774b059fa05d0a9e6.ctex remapped: res://.godot/imported/larder_labels.png-b0072fd7faefb78774b059fa05d0a9e6.ctex
Completed load for: 'res://assets/building/textures/larder/larder_labels.png' remapped 'res://assets/building/textures/larder/larder_labels.png' at thread -1
Loading resource: res://assets/audio/freesound/processed/events/water_droplets.wav remapped: res://assets/audio/freesound/processed/events/water_droplets.wav
Loading resource: res://.godot/imported/water_droplets.wav-117f7f6db4471d9ccaa90e137ad214e3.sample remapped: res://.godot/imported/water_droplets.wav-117f7f6db4471d9ccaa90e137ad214e3.sample
Completed load for: 'res://assets/audio/freesound/processed/events/water_droplets.wav' remapped 'res://assets/audio/freesound/processed/events/water_droplets.wav' at thread -1
Loading resource: res://assets/ui/phone/mask_clean.png remapped: res://assets/ui/phone/mask_clean.png
Loading resource: res://.godot/imported/mask_clean.png-9754816ed019fdae3e3e5bb028d18c89.ctex remapped: res://.godot/imported/mask_clean.png-9754816ed019fdae3e3e5bb028d18c89.ctex
Completed load for: 'res://assets/ui/phone/mask_clean.png' remapped 'res://assets/ui/phone/mask_clean.png' at thread -1
Loading resource: res://assets/ui/phone/mask_cracked.png remapped: res://assets/ui/phone/mask_cracked.png
Loading resource: res://.godot/imported/mask_cracked.png-183f1d84ab4944c64107e0f51581b7c2.ctex remapped: res://.godot/imported/mask_cracked.png-183f1d84ab4944c64107e0f51581b7c2.ctex
Completed load for: 'res://assets/ui/phone/mask_cracked.png' remapped 'res://assets/ui/phone/mask_cracked.png' at thread -1
Loading resource: res://assets/ui/phone/mask_haze.png remapped: res://assets/ui/phone/mask_haze.png
Loading resource: res://.godot/imported/mask_haze.png-5f23b5b3aad4fa9fe7f497b52174a3ed.ctex remapped: res://.godot/imported/mask_haze.png-5f23b5b3aad4fa9fe7f497b52174a3ed.ctex
Completed load for: 'res://assets/ui/phone/mask_haze.png' remapped 'res://assets/ui/phone/mask_haze.png' at thread -1
Loading resource: res://assets/audio/freesound/processed/mechanical/line_murmur_loop.ogg remapped: res://assets/audio/freesound/processed/mechanical/line_murmur_loop.ogg
Loading resource: res://.godot/imported/line_murmur_loop.ogg-58dc2a86d2b9e887623cad7a05a443c3.oggvorbisstr remapped: res://.godot/imported/line_murmur_loop.ogg-58dc2a86d2b9e887623cad7a05a443c3.oggvorbisstr
Completed load for: 'res://assets/audio/freesound/processed/mechanical/line_murmur_loop.ogg' remapped 'res://assets/audio/freesound/processed/mechanical/line_murmur_loop.ogg' at thread -1
Loading resource: res://assets/audio/freesound/processed/mechanical/distant_breath.ogg remapped: res://assets/audio/freesound/processed/mechanical/distant_breath.ogg
Loading resource: res://.godot/imported/distant_breath.ogg-af2a52e68bd22f8abb30fdf9517346e3.oggvorbisstr remapped: res://.godot/imported/distant_breath.ogg-af2a52e68bd22f8abb30fdf9517346e3.oggvorbisstr
Completed load for: 'res://assets/audio/freesound/processed/mechanical/distant_breath.ogg' remapped 'res://assets/audio/freesound/processed/mechanical/distant_breath.ogg' at thread -1
Loading resource: res://assets/audio/freesound/processed/mechanical/operator_whistle.ogg remapped: res://assets/audio/freesound/processed/mechanical/operator_whistle.ogg
Loading resource: res://.godot/imported/operator_whistle.ogg-184bf106cc8a40bda770eae3695fc798.oggvorbisstr remapped: res://.godot/imported/operator_whistle.ogg-184bf106cc8a40bda770eae3695fc798.oggvorbisstr
Completed load for: 'res://assets/audio/freesound/processed/mechanical/operator_whistle.ogg' remapped 'res://assets/audio/freesound/processed/mechanical/operator_whistle.ogg' at thread -1
[SCHEDULE] director live: 18 residents on the clock
[ORISON V2 RUNTIME] ready startup_ms=686.556
CONNECTED ENVIRONMENT: /root/OrisonV2ConnectedWorldTest/OrisonV2Runtime/WakingAtmosphere/WorldEnvironment
CONNECTED ENVIRONMENT: /root/OrisonV2ConnectedWorldTest/OrisonV2Runtime/Player/@Camera3D@4106/ServiceSetCarrier/ServiceSetPass/@WorldEnvironment@4370
CONNECTED WORLD: 197 checks; 2 failures
XR: Clearing primary interface
XR: Removed interface "Native mobile"
XR: Removed interface "OpenXR"
Leaked instance: AudioStreamPlaybackOggVorbis:9223372496298842416 - Reference count: 1
Leaked instance: OggPacketSequencePlayback:9223372468901649099 - Reference count: 1
Leaked instance: AudioStreamPlaybackOggVorbis:9223372468884871886 - Reference count: 1
Leaked instance: OggPacketSequencePlayback:9223372464589904841 - Reference count: 1
Leaked instance: AudioStreamPlaybackOggVorbis:9223372464573127628 - Reference count: 1
Leaked instance: OggPacketSequencePlayback:9223372457526697418 - Reference count: 1
Leaked instance: AudioStreamPlaybackOggVorbis:9223372457509920247 - Reference count: 1
Leaked instance: OggPacketSequence:9223372255612902994 - Reference count: 5
Leaked instance: AudioStreamOggVorbis:9223372255629680213 - Reference count: 2
Leaked instance: AudioStreamPlaybackOggVorbis:9223372448802545291 - Reference count: 1
Leaked instance: OggPacketSequencePlayback:9223372448819322534 - Reference count: 1
Leaked instance: AudioStreamOggVorbis:9223372261182938982 - Reference count: 2
Leaked instance: OggPacketSequence:9223372261166161769 - Reference count: 5
Leaked instance: OggPacketSequencePlayback:9223372445799424304 - Reference count: 1
Leaked instance: AudioStreamPlaybackOggVorbis:9223372445782647151 - Reference count: 1
Leaked instance: AudioStreamOggVorbis:9223372281265267076 - Reference count: 1
Leaked instance: OggPacketSequence:9223372281248489863 - Reference count: 3
Leaked instance: AudioStreamOggVorbis:9223372290022974098 - Reference count: 1
Leaked instance: OggPacketSequence:9223372290006196885 - Reference count: 3
Leaked instance: OggPacketSequencePlayback:9223372496315622511 - Reference count: 1
Hint: Leaked instances typically happen when nodes are removed from the scene tree (with `remove_child()`) but not freed (with `free()` or `queue_free()`).
Resource still in use: res://assets/audio/freesound/processed/mechanical/mechanical_hum_loop.ogg::OggPacketSequence_dbt8x (OggPacketSequence)
Resource still in use: res://assets/audio/freesound/processed/mechanical/mechanical_hum_loop.ogg (AudioStreamOggVorbis)
Resource still in use: res://assets/audio/freesound/processed/props/sink_water.ogg::OggPacketSequence_hurav (OggPacketSequence)
Resource still in use: res://assets/audio/freesound/processed/props/sink_water.ogg (AudioStreamOggVorbis)
Resource still in use: res://assets/audio/freesound/processed/mechanical/timber_creak.ogg::OggPacketSequence_wvvpw (OggPacketSequence)
Resource still in use: res://assets/audio/freesound/processed/mechanical/timber_creak.ogg (AudioStreamOggVorbis)
Resource still in use: res://assets/audio/freesound/processed/props/shower_water.ogg::OggPacketSequence_kosnm (OggPacketSequence)
Resource still in use: res://assets/audio/freesound/processed/props/shower_water.ogg (AudioStreamOggVorbis)
Orphan StringName: Machinery (static: 0, total: 10)
Orphan StringName: Interaction (static: 0, total: 2)
StringName: 2 unclaimed string names at exit.
