SCRIPT ERROR: Invalid call. Nonexistent 'float' constructor.
   at: mount_cell (res://scripts/building/orison_v2_photo_glazing.gd:18)
   GDScript backtrace (most recent call first):
       [0] mount_cell (res://scripts/building/orison_v2_photo_glazing.gd:18)
       [1] _ready (res://scripts/building/orison_v2_passage_region.gd:132)
       [2] _compose_exterior (res://scripts/building/orison_v2_runtime_root.gd:586)
       [3] _compose_authorities (res://scripts/building/orison_v2_runtime_root.gd:308)
       [4] _ready (res://scripts/building/orison_v2_runtime_root.gd:162)
       [5] _run (res://tests/orison_v2_photo_glazing_test.gd:6)
ERROR: V2 PASSAGE: native fixed photographic glazing refused: shop_photo_supplies
   at: push_error (core/variant/variant_utility.cpp:1023)
   GDScript backtrace (most recent call first):
       [0] _fail (res://scripts/building/orison_v2_passage_region.gd:328)
       [1] _ready (res://scripts/building/orison_v2_passage_region.gd:133)
       [2] _compose_exterior (res://scripts/building/orison_v2_runtime_root.gd:586)
       [3] _compose_authorities (res://scripts/building/orison_v2_runtime_root.gd:308)
       [4] _ready (res://scripts/building/orison_v2_runtime_root.gd:162)
       [5] _run (res://tests/orison_v2_photo_glazing_test.gd:6)
ERROR: ORISON V2 RUNTIME: exterior composition failed
   at: push_error (core/variant/variant_utility.cpp:1023)
   GDScript backtrace (most recent call first):
       [0] _compose_authorities (res://scripts/building/orison_v2_runtime_root.gd:310)
       [1] _ready (res://scripts/building/orison_v2_runtime_root.gd:162)
       [2] _run (res://tests/orison_v2_photo_glazing_test.gd:6)
ERROR: composed world fits the original photography shop
   at: push_error (core/variant/variant_utility.cpp:1023)
   GDScript backtrace (most recent call first):
       [0] check (res://tests/orison_v2_floor_surface_test.gd:5)
       [1] check (res://tests/orison_v2_ventilation_throat_test.gd:9)
       [2] _run (res://tests/orison_v2_photo_glazing_test.gd:8)
