SCRIPT ERROR: Parse Error: Cannot find member "resource_path" in base "res://scripts/building/orison_v2_architectural_materials.gd".
   at: GDScript::reload (res://scripts/building/orison_v2_photo_glazing.gd:12)
SCRIPT ERROR: Compile Error: Failed to compile depended scripts.
   at: GDScript::reload (res://scripts/building/orison_v2_passage_region.gd:0)
SCRIPT ERROR: Compile Error: Failed to compile depended scripts.
   at: GDScript::reload (res://scripts/building/orison_v2_runtime_root.gd:0)
ERROR: Failed to load script "res://scripts/building/orison_v2_runtime_root.gd" with error "Compilation failed".
   at: load (modules/gdscript/gdscript_resource_format.cpp:46)
SCRIPT ERROR: Invalid call. Nonexistent function 'mount_cell' in base 'GDScript'.
   at: OrisonV2PassageRegion._ready (res://scripts/building/orison_v2_passage_region.gd:132)
   GDScript backtrace (most recent call first):
       [0] _ready (res://scripts/building/orison_v2_passage_region.gd:132)
       [1] _compose_exterior (res://scripts/building/orison_v2_runtime_root.gd:586)
       [2] _compose_authorities (res://scripts/building/orison_v2_runtime_root.gd:308)
       [3] _ready (res://scripts/building/orison_v2_runtime_root.gd:162)
       [4] _run (res://tests/orison_v2_photo_glazing_test.gd:6)
ERROR: Node not found: "PhotoGlazing" (relative to "/root/OrisonV2PhotoGlazingTest/OrisonV2Runtime/VantryArcade/ResidentGeometry/shop_photo_supplies").
   at: get_node (scene/main/node.cpp:1975)
   GDScript backtrace (most recent call first):
       [0] _run (res://tests/orison_v2_photo_glazing_test.gd:29)
SCRIPT ERROR: Cannot call method 'get_meta' on a null value.
   at: _run (res://tests/orison_v2_photo_glazing_test.gd:30)
   GDScript backtrace (most recent call first):
       [0] _run (res://tests/orison_v2_photo_glazing_test.gd:30)
