Godot Engine v4.7.1.stable.official.a13da4feb - https://godotengine.org
Vulkan 1.4.341 - Forward+ - Using Device #0: NVIDIA - NVIDIA GeForce RTX 4080

[ACOUSTIC] 550 nodes loaded
ORISON V2 BLOCKOUT: 200 spaces / 111 doors / 1104 anchors
[V2 FRONT COURT ROOF] three seated girders; retained roof slabs; mapped exterior concrete
[V2 BODEGA POWER] independent inlet; four existing fittings; 20 bearings
[SURFACE] 1274 surfaces layered (442 materials)
[PASSAGE HOURS] OPEN; 10 grilles folded
[PASSAGE HOURS] 11 shopfronts, 10 close after 02:00, HARDWARE PAINT keeps night service
[PASSAGE FINISH] 6 gated draws, 3 handcarts, hours active
[V2 PASSAGE] 13 resident cells; 11 doors; 1 shared-service counters
[SURFACE] 170 surfaces layered (81 materials)
[HARUKIYA] 9 interactables placed
[ARCADE] 2 cabinet(s) from a catalog of 12: SOMETHING IN THE HALL (mystery_serial), OPERATIONS (farm_and_market)
[ARCADE] all of them are running arcade_pit
[V2 BAR] retained cell; 29 registered markers; 3 doors
[V2 FRONT FACADE] native entrance, original landmark hardware, glazed marquee and fitted blade
[SCHEDULE] director live: 18 residents on the clock
[MOVES] personal library: res://assets/characters/mina_vale/mina_vale_moves.glb
SOURCE PARAPET MATERIAL ROOF_PARAPET_EAST brick 
SOURCE PARAPET MATERIAL ROOF_PARAPET_NORTH brick 
SOURCE PARAPET MATERIAL ROOF_PARAPET_SOUTH brick 
SOURCE PARAPET MATERIAL ROOF_PARAPET_WEST brick 
[ORISON V2 RUNTIME] ready startup_ms=29412.985
[LIGHTING] 207 sources active in system; 207 full personalities; profiles steady/breathe/mains/beat/dropout=[50, 45, 36, 42, 34]
CAP MAPPING: mesh=diner_counter_storm_shop_luncheonette_counter__chrome valid_basis=true max_uv_excess=0.00000003352761 widest=1.0000167638036 vertices=120 derivatives=true bad_derivatives=0 min_determinant=0.00011793521116 worst_dot=1.0
CAP MAPPING: mesh=diner_counter_storm_shop_luncheonette_counter__countertop valid_basis=true max_uv_excess=0.00000023841858 widest=1.00035459718884 vertices=536 derivatives=true bad_derivatives=0 min_determinant=0.000000074041 worst_dot=0.99999976158142
CAP MAPPING: mesh=diner_counter_storm_shop_luncheonette_counter__timber valid_basis=true max_uv_excess=0.00000012043165 widest=1.00026923777996 vertices=10448 derivatives=true bad_derivatives=0 min_determinant=0.00000011562012 worst_dot=0.99999988079071
CAP MAPPING: mesh=diner_counter_storm_shop_luncheonette_ledger__paper valid_basis=true max_uv_excess=0.00000004709 widest=1.00011868496762 vertices=492 derivatives=true bad_derivatives=0 min_determinant=0.00000007402591 worst_dot=0.99999988079071
CAP MAPPING: mesh=diner_counter_storm_shop_luncheonette_ledger__paper__cover valid_basis=true max_uv_excess=0.00000008172356 widest=1.00031485891898 vertices=1520 derivatives=true bad_derivatives=0 min_determinant=0.0000000289043 worst_dot=0.99999988079071
[HARUKIYA] OPEN, 18 fixtures
DINER COUNTER: checks=136 parts=5 triangles=4760 removed=48 supports=8 failures=0
CAP MAPPING: mesh=diner_till_storm_shop_luncheonette_cigar_case__brass_dull valid_basis=true max_uv_excess=0.00000007892959 widest=1.00024709439404 vertices=4128 derivatives=true bad_derivatives=0 min_determinant=0.00000005666249 worst_dot=0.99999988079071
CAP MAPPING: mesh=diner_till_storm_shop_luncheonette_cigar_case__glassish valid_basis=true max_uv_excess=0.00000011920929 widest=1.00000018062018 vertices=120 derivatives=true bad_derivatives=0 min_determinant=0.00124790921404 worst_dot=1.0
CAP MAPPING: mesh=diner_till_storm_shop_luncheonette_cigar_case__timber valid_basis=true max_uv_excess=0.00000010809163 widest=1.00025034375639 vertices=2612 derivatives=true bad_derivatives=0 min_determinant=0.00000007401081 worst_dot=0.99999988079071
CAP MAPPING: mesh=diner_till_storm_shop_luncheonette_register__bakelite_black valid_basis=true max_uv_excess=0.00000006594928 widest=1.00012719468364 vertices=10551 derivatives=true bad_derivatives=0 min_determinant=0.00000011567963 worst_dot=0.99999988079071
CAP MAPPING: mesh=diner_till_storm_shop_luncheonette_register__brass_dull valid_basis=true max_uv_excess=0.00000006577466 widest=1.00010065913024 vertices=10347 derivatives=true bad_derivatives=0 min_determinant=0.00000005477432 worst_dot=0.99999988079071
CAP MAPPING: mesh=diner_till_storm_shop_luncheonette_register__nickel_plated valid_basis=true max_uv_excess=0.00000008940697 widest=1.00025909221546 vertices=6850 derivatives=true bad_derivatives=0 min_determinant=0.00000005638189 worst_dot=0.99999988079071
CAP MAPPING: mesh=diner_till_storm_shop_luncheonette_register__timber valid_basis=true max_uv_excess=0.00000007660128 widest=1.00016468508072 vertices=486 derivatives=true bad_derivatives=0 min_determinant=0.00000011510466 worst_dot=0.99999988079071
DINER TILL: checks=130 parts=7 triangles=16992 removed=24 supports=8 failures=0
CAP MAPPING: mesh=hardware_tools_storm_shop_hardware_paint_glass_rack__brass_dull valid_basis=true max_uv_excess=0.00000004563481 widest=1.00001744249583 vertices=336 derivatives=true bad_derivatives=0 min_determinant=0.00000089251711 worst_dot=0.99999994039536
CAP MAPPING: mesh=hardware_tools_storm_shop_hardware_paint_glass_rack__glassish valid_basis=true max_uv_excess=0.0 widest=1.0 vertices=120 derivatives=true bad_derivatives=0 min_determinant=0.00551696751609 worst_dot=1.0
CAP MAPPING: mesh=hardware_tools_storm_shop_hardware_paint_glass_rack__metal valid_basis=true max_uv_excess=0.00000008119969 widest=1.00015708077927 vertices=683 derivatives=true bad_derivatives=0 min_determinant=0.00000011564841 worst_dot=0.99999994039536
CAP MAPPING: mesh=hardware_tools_storm_shop_hardware_paint_glass_rack__timber valid_basis=true max_uv_excess=0.00000012526289 widest=1.00022398176975 vertices=13478 derivatives=true bad_derivatives=0 min_determinant=0.00000011563898 worst_dot=0.99999988079071
CAP MAPPING: mesh=hardware_tools_storm_shop_hardware_paint_ladder_r0__timber valid_basis=true max_uv_excess=0.00000023841858 widest=1.00002056570807 vertices=1369 derivatives=true bad_derivatives=0 min_determinant=0.00000508332141 worst_dot=0.99999988079071
CAP MAPPING: mesh=hardware_tools_storm_shop_hardware_paint_tool_board__brass_dull valid_basis=true max_uv_excess=0.00000005238689 widest=1.00002117555538 vertices=355 derivatives=true bad_derivatives=0 min_determinant=0.00000112359658 worst_dot=1.0
CAP MAPPING: mesh=hardware_tools_storm_shop_hardware_paint_tool_board__metal valid_basis=true max_uv_excess=0.00000008183997 widest=1.00014611330206 vertices=4869 derivatives=true bad_derivatives=0 min_determinant=0.00000011566548 worst_dot=0.99999988079071
CAP MAPPING: mesh=hardware_tools_storm_shop_hardware_paint_tool_board__plywood valid_basis=true max_uv_excess=0.00000023841858 widest=1.00016898151788 vertices=526 derivatives=true bad_derivatives=0 min_determinant=0.00000011563606 worst_dot=0.99999988079071
CAP MAPPING: mesh=hardware_tools_storm_shop_hardware_paint_tool_board__soot valid_basis=true max_uv_excess=0.00000010430813 widest=1.00000136396852 vertices=450 derivatives=true bad_derivatives=0 min_determinant=0.00001230730413 worst_dot=1.0
CAP MAPPING: mesh=hardware_tools_storm_shop_hardware_paint_tool_board__soot__vacant valid_basis=true max_uv_excess=0.00000005587935 widest=1.00000106758724 vertices=76 derivatives=true bad_derivatives=0 min_determinant=0.00004219679795 worst_dot=1.0
CAP MAPPING: mesh=hardware_tools_storm_shop_hardware_paint_tool_board__timber valid_basis=true max_uv_excess=0.00000010302756 widest=1.00017909557906 vertices=5516 derivatives=true bad_derivatives=0 min_determinant=0.0000001156419 worst_dot=0.99999988079071
HARDWARE TOOLS: checks=267 parts=11 triangles=10976 removed=408 supports=12 failures=0
CAP MAPPING: mesh=photo_cameras_storm_shop_photo_supplies_camera_body0__bakelite_black valid_basis=true max_uv_excess=0.00000007683411 widest=1.00007746029749 vertices=2310 derivatives=true bad_derivatives=0 min_determinant=0.00000046262778 worst_dot=0.99999988079071
CAP MAPPING: mesh=photo_cameras_storm_shop_photo_supplies_camera_body0__brass_dull valid_basis=true max_uv_excess=0.00000007636845 widest=1.00016986487261 vertices=3388 derivatives=true bad_derivatives=0 min_determinant=0.00000011567019 worst_dot=0.99999988079071
CAP MAPPING: mesh=photo_cameras_storm_shop_photo_supplies_camera_body1__bakelite_black valid_basis=true max_uv_excess=0.00000006146729 widest=1.00004877724419 vertices=1908 derivatives=true bad_derivatives=0 min_determinant=0.00000046261834 worst_dot=0.99999988079071
CAP MAPPING: mesh=photo_cameras_storm_shop_photo_supplies_camera_body1__brass_dull valid_basis=true max_uv_excess=0.00000008288771 widest=1.00001406224776 vertices=1888 derivatives=true bad_derivatives=0 min_determinant=0.00000142495992 worst_dot=0.99999988079071
CAP MAPPING: mesh=photo_cameras_storm_shop_photo_supplies_camera_body2__bakelite_black valid_basis=true max_uv_excess=0.00000008579809 widest=1.00012135352606 vertices=2818 derivatives=true bad_derivatives=0 min_determinant=0.00000011566769 worst_dot=0.99999988079071
CAP MAPPING: mesh=photo_cameras_storm_shop_photo_supplies_camera_body2__brass_dull valid_basis=true max_uv_excess=0.00000007351628 widest=1.00017496098816 vertices=3900 derivatives=true bad_derivatives=0 min_determinant=0.00000011563898 worst_dot=0.99999988079071
CAP MAPPING: mesh=photo_cameras_storm_shop_photo_supplies_window_plinth__plywood valid_basis=true max_uv_excess=0.00000023841858 widest=1.00019232378821 vertices=526 derivatives=true bad_derivatives=0 min_determinant=0.00000011563134 worst_dot=0.99999982118607
CAP MAPPING: mesh=photo_cameras_storm_shop_photo_supplies_window_plinth__timber valid_basis=true max_uv_excess=0.00000011920929 widest=1.00017923279911 vertices=6184 derivatives=true bad_derivatives=0 min_determinant=0.00000011562012 worst_dot=0.99999982118607
PHOTO CAMERAS: checks=181 parts=8 triangles=10016 removed=96 supports=7 failures=0
CAP MAPPING: mesh=photo_counter_storm_shop_photo_supplies_counter__brass_dull valid_basis=true max_uv_excess=0.00000023841858 widest=1.00033740190182 vertices=540 derivatives=true bad_derivatives=0 min_determinant=0.00000001849399 worst_dot=0.99999976158142
CAP MAPPING: mesh=photo_counter_storm_shop_photo_supplies_counter__glassish valid_basis=true max_uv_excess=0.00000005960464 widest=1.00000009613639 vertices=96 derivatives=true bad_derivatives=0 min_determinant=0.00144720454409 worst_dot=1.0
CAP MAPPING: mesh=photo_counter_storm_shop_photo_supplies_counter__timber valid_basis=true max_uv_excess=0.00000023841858 widest=1.00032129896833 vertices=11508 derivatives=true bad_derivatives=0 min_determinant=0.00000011562955 worst_dot=0.99999964237213
CAP MAPPING: mesh=photo_counter_storm_shop_photo_supplies_ledger__paper valid_basis=true max_uv_excess=0.0000000714208 widest=1.00013817077435 vertices=512 derivatives=true bad_derivatives=0 min_determinant=0.00000011567019 worst_dot=0.99999994039536
CAP MAPPING: mesh=photo_counter_storm_shop_photo_supplies_ledger__paper__cover valid_basis=true max_uv_excess=0.00000007706694 widest=1.00031966132146 vertices=1528 derivatives=true bad_derivatives=0 min_determinant=0.00000002890607 worst_dot=0.99999988079071
PHOTO COUNTER: checks=137 parts=5 triangles=5124 removed=48 supports=5 failures=0
CAP MAPPING: mesh=photo_stock_storm_shop_photo_supplies_box0__paper__book_ochre valid_basis=true max_uv_excess=0.00000008041388 widest=1.00032691062136 vertices=3006 derivatives=true bad_derivatives=0 min_determinant=0.0000000289043 worst_dot=0.99999988079071
CAP MAPPING: mesh=photo_stock_storm_shop_photo_supplies_box1__paper__book_teal valid_basis=true max_uv_excess=0.00000008166535 widest=1.00031596202781 vertices=3034 derivatives=true bad_derivatives=0 min_determinant=0.00000002890577 worst_dot=0.99999988079071
CAP MAPPING: mesh=photo_stock_storm_shop_photo_supplies_box2__paper__lacquer_red valid_basis=true max_uv_excess=0.00000008166535 widest=1.00032691062136 vertices=3034 derivatives=true bad_derivatives=0 min_determinant=0.00000002890666 worst_dot=0.99999988079071
CAP MAPPING: mesh=photo_stock_storm_shop_photo_supplies_box3__paper__book_ochre valid_basis=true max_uv_excess=0.00000008166535 widest=1.00031596202781 vertices=3034 derivatives=true bad_derivatives=0 min_determinant=0.0000000289043 worst_dot=0.99999988079071
CAP MAPPING: mesh=photo_stock_storm_shop_photo_supplies_box4__paper__book_teal valid_basis=true max_uv_excess=0.00000008472125 widest=1.00035070191747 vertices=3040 derivatives=true bad_derivatives=0 min_determinant=0.0000000289043 worst_dot=0.99999988079071
CAP MAPPING: mesh=photo_stock_storm_shop_photo_supplies_box5__paper__lacquer_red valid_basis=true max_uv_excess=0.00000008349889 widest=1.00032691062136 vertices=3036 derivatives=true bad_derivatives=0 min_determinant=0.0000000289043 worst_dot=0.99999988079071
CAP MAPPING: mesh=photo_stock_storm_shop_photo_supplies_box6__paper__book_ochre valid_basis=true max_uv_excess=0.00000008504139 widest=1.00032743177654 vertices=3020 derivatives=true bad_derivatives=0 min_determinant=0.00000002890577 worst_dot=0.99999988079071
CAP MAPPING: mesh=photo_stock_storm_shop_photo_supplies_box7__paper__book_teal valid_basis=true max_uv_excess=0.00000008288771 widest=1.00032691062136 vertices=3042 derivatives=true bad_derivatives=0 min_determinant=0.0000000289043 worst_dot=0.99999988079071
CAP MAPPING: mesh=photo_stock_storm_shop_photo_supplies_box8__paper__lacquer_red valid_basis=true max_uv_excess=0.00000008166535 widest=1.00032743177654 vertices=3046 derivatives=true bad_derivatives=0 min_determinant=0.0000000289043 worst_dot=0.99999988079071
CAP MAPPING: mesh=photo_stock_storm_shop_photo_supplies_box9__paper__book_ochre valid_basis=true max_uv_excess=0.00000007968629 widest=1.00035070191747 vertices=3032 derivatives=true bad_derivatives=0 min_determinant=0.0000000289043 worst_dot=0.99999988079071
CAP MAPPING: mesh=photo_stock_storm_shop_photo_supplies_box10__paper__book_teal valid_basis=true max_uv_excess=0.00000008166535 widest=1.00032743177654 vertices=3042 derivatives=true bad_derivatives=0 min_determinant=0.0000000289043 worst_dot=0.99999988079071
CAP MAPPING: mesh=photo_stock_storm_shop_photo_supplies_box11__paper__lacquer_red valid_basis=true max_uv_excess=0.00000008603092 widest=1.00032691062136 vertices=3036 derivatives=true bad_derivatives=0 min_determinant=0.0000000289043 worst_dot=0.99999988079071
CAP MAPPING: mesh=photo_stock_storm_shop_photo_supplies_box12__paper__book_ochre valid_basis=true max_uv_excess=0.00000008076313 widest=1.00032567139064 vertices=3050 derivatives=true bad_derivatives=0 min_determinant=0.0000000289043 worst_dot=0.99999988079071
CAP MAPPING: mesh=photo_stock_storm_shop_photo_supplies_box13__paper__book_teal valid_basis=true max_uv_excess=0.00000007965718 widest=1.00035070191747 vertices=3040 derivatives=true bad_derivatives=0 min_determinant=0.00000002890585 worst_dot=0.99999988079071
CAP MAPPING: mesh=photo_stock_storm_shop_photo_supplies_box14__paper__lacquer_red valid_basis=true max_uv_excess=0.00000008119969 widest=1.00032743177654 vertices=3040 derivatives=true bad_derivatives=0 min_determinant=0.0000000289043 worst_dot=0.99999988079071
CAP MAPPING: mesh=photo_stock_storm_shop_photo_supplies_cab_sh0__timber valid_basis=true max_uv_excess=0.00000023841858 widest=1.00019424686942 vertices=5809 derivatives=true bad_derivatives=0 min_determinant=0.0000001156419 worst_dot=0.99999982118607
PHOTO STOCK: checks=300 parts=16 triangles=18988 removed=240 supports=19 failures=0
CAP MAPPING: mesh=photo_enlargers_storm_shop_photo_supplies_enl0__dark valid_basis=true max_uv_excess=0.00000004842877 widest=1.00001609797475 vertices=606 derivatives=true bad_derivatives=0 min_determinant=0.00000118070784 worst_dot=0.99999988079071
CAP MAPPING: mesh=photo_enlargers_storm_shop_photo_supplies_enl0__metal valid_basis=true max_uv_excess=0.00000008195639 widest=1.0000809818759 vertices=4604 derivatives=true bad_derivatives=0 min_determinant=0.00000031876607 worst_dot=0.99999988079071
CAP MAPPING: mesh=photo_enlargers_storm_shop_photo_supplies_enl0__trim valid_basis=true max_uv_excess=0.00000003259629 widest=1.00000336619865 vertices=579 derivatives=true bad_derivatives=0 min_determinant=0.0002157495716 worst_dot=0.99999994039536
CAP MAPPING: mesh=photo_enlargers_storm_shop_photo_supplies_enl1__dark valid_basis=true max_uv_excess=0.00000004842877 widest=1.00001609797475 vertices=594 derivatives=true bad_derivatives=0 min_determinant=0.00000118070784 worst_dot=0.99999994039536
CAP MAPPING: mesh=photo_enlargers_storm_shop_photo_supplies_enl1__metal valid_basis=true max_uv_excess=0.0000000782311 widest=1.00006959040977 vertices=4596 derivatives=true bad_derivatives=0 min_determinant=0.00000031876607 worst_dot=0.99999988079071
CAP MAPPING: mesh=photo_enlargers_storm_shop_photo_supplies_enl1__trim valid_basis=true max_uv_excess=0.00000003632158 widest=1.0000027768488 vertices=585 derivatives=true bad_derivatives=0 min_determinant=0.00021575046566 worst_dot=0.99999988079071
CAP MAPPING: mesh=photo_enlargers_storm_shop_photo_supplies_enl2__dark valid_basis=true max_uv_excess=0.00000004842877 widest=1.00001609797475 vertices=600 derivatives=true bad_derivatives=0 min_determinant=0.00000118070784 worst_dot=0.99999988079071
CAP MAPPING: mesh=photo_enlargers_storm_shop_photo_supplies_enl2__metal valid_basis=true max_uv_excess=0.00000008218922 widest=1.00008285977485 vertices=4616 derivatives=true bad_derivatives=0 min_determinant=0.00000031876607 worst_dot=0.99999988079071
CAP MAPPING: mesh=photo_enlargers_storm_shop_photo_supplies_enl2__trim valid_basis=true max_uv_excess=0.00000002421439 widest=1.00000323620616 vertices=579 derivatives=true bad_derivatives=0 min_determinant=0.00021575046566 worst_dot=0.99999988079071
CAP MAPPING: mesh=photo_enlargers_storm_shop_photo_supplies_enl_shelf__timber valid_basis=true max_uv_excess=0.0000001185108 widest=1.00011947579934 vertices=3602 derivatives=true bad_derivatives=0 min_determinant=0.00000046251819 worst_dot=0.99999988079071
PHOTO ENLARGERS: checks=160 parts=10 triangles=8732 removed=48 supports=9 failures=0
CAP MAPPING: mesh=photo_portraits_storm_shop_photo_supplies_portrait0__iron valid_basis=true max_uv_excess=0.00000006580376 widest=1.00054065446864 vertices=1022 derivatives=true bad_derivatives=0 min_determinant=0.00000001040371 worst_dot=0.99999976158142
CAP MAPPING: mesh=photo_portraits_storm_shop_photo_supplies_portrait0__paper valid_basis=true max_uv_excess=0.0 widest=1.0 vertices=20 derivatives=true bad_derivatives=0 min_determinant=0.0004800410461 worst_dot=1.0
CAP MAPPING: mesh=photo_portraits_storm_shop_photo_supplies_portrait1__iron valid_basis=true max_uv_excess=0.00000006634218 widest=1.00051661886919 vertices=1024 derivatives=true bad_derivatives=0 min_determinant=0.00000001040265 worst_dot=0.99999988079071
CAP MAPPING: mesh=photo_portraits_storm_shop_photo_supplies_portrait1__paper valid_basis=true max_uv_excess=0.0 widest=1.0 vertices=20 derivatives=true bad_derivatives=0 min_determinant=0.0004800410461 worst_dot=1.0
CAP MAPPING: mesh=photo_portraits_storm_shop_photo_supplies_portrait2__iron valid_basis=true max_uv_excess=0.00000006580376 widest=1.00051661886919 vertices=1028 derivatives=true bad_derivatives=0 min_determinant=0.00000001040336 worst_dot=0.99999970197678
CAP MAPPING: mesh=photo_portraits_storm_shop_photo_supplies_portrait2__paper valid_basis=true max_uv_excess=0.0 widest=1.0 vertices=20 derivatives=true bad_derivatives=0 min_determinant=0.0004800410461 worst_dot=1.0
CAP MAPPING: mesh=photo_portraits_storm_shop_photo_supplies_portrait3__iron valid_basis=true max_uv_excess=0.00000007393828 widest=1.00047477714861 vertices=1022 derivatives=true bad_derivatives=0 min_determinant=0.00000001040265 worst_dot=0.99999976158142
CAP MAPPING: mesh=photo_portraits_storm_shop_photo_supplies_portrait3__paper valid_basis=true max_uv_excess=0.0 widest=1.0 vertices=20 derivatives=true bad_derivatives=0 min_determinant=0.0004800410461 worst_dot=1.0
CAP MAPPING: mesh=photo_portraits_storm_shop_photo_supplies_portrait4__iron valid_basis=true max_uv_excess=0.00000006795744 widest=1.00061988441877 vertices=1036 derivatives=true bad_derivatives=0 min_determinant=0.00000001040124 worst_dot=0.99999982118607
CAP MAPPING: mesh=photo_portraits_storm_shop_photo_supplies_portrait4__paper valid_basis=true max_uv_excess=0.00000002980232 widest=1.0000001192093 vertices=20 derivatives=true bad_derivatives=0 min_determinant=0.00048005249118 worst_dot=1.0
CAP MAPPING: mesh=photo_portraits_storm_shop_photo_supplies_portrait5__iron valid_basis=true max_uv_excess=0.00000008304778 widest=1.00053539578761 vertices=1032 derivatives=true bad_derivatives=0 min_determinant=0.00000001040972 worst_dot=0.99999982118607
CAP MAPPING: mesh=photo_portraits_storm_shop_photo_supplies_portrait5__paper valid_basis=true max_uv_excess=0.00000002980232 widest=1.0000001192093 vertices=20 derivatives=true bad_derivatives=0 min_determinant=0.0004800410461 worst_dot=1.0
CAP MAPPING: mesh=photo_portraits_storm_shop_photo_supplies_portrait6__iron valid_basis=true max_uv_excess=0.00000006843766 widest=1.00047691457376 vertices=1046 derivatives=true bad_derivatives=0 min_determinant=0.00000001040901 worst_dot=0.99999988079071
CAP MAPPING: mesh=photo_portraits_storm_shop_photo_supplies_portrait6__paper valid_basis=true max_uv_excess=0.00000005960464 widest=1.00000020081323 vertices=20 derivatives=true bad_derivatives=0 min_determinant=0.0004800410461 worst_dot=1.0
CAP MAPPING: mesh=photo_portraits_storm_shop_photo_supplies_portrait_rail__iron valid_basis=true max_uv_excess=0.00000005465699 widest=1.00006991890078 vertices=432 derivatives=true bad_derivatives=0 min_determinant=0.00000023355824 worst_dot=1.0
CAP MAPPING: mesh=photo_portraits_storm_shop_photo_supplies_portrait_rail__wood valid_basis=true max_uv_excess=0.00000009988435 widest=1.00020968242231 vertices=2456 derivatives=true bad_derivatives=0 min_determinant=0.0000001156419 worst_dot=0.99999988079071
CAP MAPPING: mesh=radio_wire_storm_shop_radio_service_aerial_spools__cast_iron valid_basis=true max_uv_excess=0.00000005960464 widest=1.00001423890671 vertices=637 derivatives=true bad_derivatives=0 min_determinant=0.0000007225201 worst_dot=0.99999988079071
CAP MAPPING: mesh=radio_wire_storm_shop_radio_service_aerial_spools__copper_aged valid_basis=true max_uv_excess=0.00000008568168 widest=1.00004065172131 vertices=60054 derivatives=true bad_derivatives=0 min_determinant=0.00000259344017 worst_dot=0.99999988079071
CAP MAPPING: mesh=radio_wire_storm_shop_radio_service_aerial_spools__timber valid_basis=true max_uv_excess=0.00000008381903 widest=1.00010320903652 vertices=11544 derivatives=true bad_derivatives=0 min_determinant=0.00000046262126 worst_dot=0.99999982118607
CAP MAPPING: mesh=radio_wire_storm_shop_radio_service_solder_ring__cast_iron valid_basis=true max_uv_excess=0.00000008568168 widest=1.0000772257234 vertices=6574 derivatives=true bad_derivatives=0 min_determinant=0.00000046262778 worst_dot=0.99999988079071
RADIO WIRE: checks=115 parts=4 triangles=30108 removed=24 supports=8 failures=0
FABRICATION BATCH: worlds=1 modules=9 module_checks=1787 failures=0 elapsed_ms=95774
