Godot Engine v4.7.1.stable.official.a13da4feb - https://godotengine.org
Vulkan 1.4.341 - Forward+ - Using Device #0: NVIDIA - NVIDIA GeForce RTX 4080

[ACOUSTIC] 550 nodes loaded
ORISON V2 BLOCKOUT: 136 spaces / 65 doors / 687 anchors
[SURFACE] 323 surfaces layered (296 materials)
[PASSAGE HOURS] OPEN; 10 grilles folded
[PASSAGE HOURS] 11 shopfronts, 10 close after 02:00, HARDWARE PAINT keeps night service
[PASSAGE FINISH] 6 gated draws, 3 handcarts, hours active
[V2 PASSAGE] 13 resident cells; 11 doors; 1 shared-service counters
[SCHEDULE] director live: 18 residents on the clock
[MOVES] personal library: res://assets/characters/mina_vale/mina_vale_moves.glb
[ORISON V2 RUNTIME] ready startup_ms=8884.623
[LIGHTING] 133 sources active in system; 133 full personalities; profiles steady/breathe/mains/beat/dropout=[30, 25, 28, 28, 22]
[SWITCHES] F05_A_MAIN -> off (1 fixtures)
[SWITCHES] F05_A_MAIN -> on (1 fixtures)
[SWITCHES] F05_A_VESTIBULE -> off (1 fixtures)
[SWITCHES] F05_A_VESTIBULE -> on (1 fixtures)
[SWITCHES] F05_A_PRIVATE_HALL -> off (1 fixtures)
[SWITCHES] F05_A_PRIVATE_HALL -> on (1 fixtures)
[SWITCHES] F05_A_BATH -> off (1 fixtures)
[SWITCHES] F05_A_BATH -> on (1 fixtures)
[SWITCHES] F05_A_BED -> off (1 fixtures)
[SWITCHES] F05_A_BED -> on (1 fixtures)
[SWITCHES] F05_A_KITCHEN -> off (1 fixtures)
[SWITCHES] F05_A_KITCHEN -> on (1 fixtures)
[SWITCHES] F05_A_STUDY -> off (1 fixtures)
[SWITCHES] F05_A_STUDY -> on (1 fixtures)
[SWITCHES] F05_B_MAIN -> off (1 fixtures)
[SWITCHES] F05_B_MAIN -> on (1 fixtures)
[SWITCHES] F05_B_VESTIBULE -> off (1 fixtures)
[SWITCHES] F05_B_VESTIBULE -> on (1 fixtures)
[SWITCHES] F05_B_BATH -> off (1 fixtures)
[SWITCHES] F05_B_BATH -> on (1 fixtures)
[SWITCHES] F05_B_ALCOVE -> off (1 fixtures)
[SWITCHES] F05_B_ALCOVE -> on (1 fixtures)
[SWITCHES] F05_B_PRIVATE_HALL -> off (1 fixtures)
[SWITCHES] F05_B_PRIVATE_HALL -> on (1 fixtures)
[SWITCHES] F05_B_KITCHEN -> off (1 fixtures)
[SWITCHES] F05_B_KITCHEN -> on (1 fixtures)
[SWITCHES] F05_C_VESTIBULE -> off (1 fixtures)
[SWITCHES] F05_C_VESTIBULE -> on (1 fixtures)
[SWITCHES] F05_C_MAIN -> off (1 fixtures)
[SWITCHES] F05_C_MAIN -> on (1 fixtures)
[SWITCHES] F05_C_STUDIO -> off (1 fixtures)
[SWITCHES] F05_C_STUDIO -> on (1 fixtures)
[SWITCHES] F05_C_PRIVATE_HALL -> off (1 fixtures)
[SWITCHES] F05_C_PRIVATE_HALL -> on (1 fixtures)
[SWITCHES] F05_C_BATH -> off (1 fixtures)
[SWITCHES] F05_C_BATH -> on (1 fixtures)
[SWITCHES] F05_C_KITCHEN -> off (1 fixtures)
[SWITCHES] F05_C_KITCHEN -> on (1 fixtures)
[SWITCHES] F05_C_BED1 -> off (1 fixtures)
[SWITCHES] F05_C_BED1 -> on (1 fixtures)
[SWITCHES] F05_C_BED2 -> off (1 fixtures)
[SWITCHES] F05_C_BED2 -> on (1 fixtures)
[SWITCHES] F06_A_MAIN -> off (1 fixtures)
[SWITCHES] F06_A_MAIN -> on (1 fixtures)
[SWITCHES] F06_A_VESTIBULE -> off (1 fixtures)
[SWITCHES] F06_A_VESTIBULE -> on (1 fixtures)
[SWITCHES] F06_A_PRIVATE_HALL -> off (1 fixtures)
[SWITCHES] F06_A_PRIVATE_HALL -> on (1 fixtures)
[SWITCHES] F06_A_BATH -> off (1 fixtures)
[SWITCHES] F06_A_BATH -> on (1 fixtures)
[SWITCHES] F06_A_BED -> off (1 fixtures)
[SWITCHES] F06_A_BED -> on (1 fixtures)
[SWITCHES] F06_A_KITCHEN -> off (1 fixtures)
[SWITCHES] F06_A_KITCHEN -> on (1 fixtures)
[SWITCHES] F06_A_STUDY -> off (1 fixtures)
[SWITCHES] F06_A_STUDY -> on (1 fixtures)
[SWITCHES] F06_B_MAIN -> off (1 fixtures)
[SWITCHES] F06_B_MAIN -> on (1 fixtures)
[SWITCHES] F06_B_VESTIBULE -> off (1 fixtures)
[SWITCHES] F06_B_VESTIBULE -> on (1 fixtures)
[SWITCHES] F06_B_BATH -> off (1 fixtures)
[SWITCHES] F06_B_BATH -> on (1 fixtures)
[SWITCHES] F06_B_ALCOVE -> off (1 fixtures)
[SWITCHES] F06_B_ALCOVE -> on (1 fixtures)
[SWITCHES] F06_B_PRIVATE_HALL -> off (1 fixtures)
[SWITCHES] F06_B_PRIVATE_HALL -> on (1 fixtures)
[SWITCHES] F06_B_KITCHEN -> off (1 fixtures)
[SWITCHES] F06_B_KITCHEN -> on (1 fixtures)
[SWITCHES] F06_C_VESTIBULE -> off (1 fixtures)
[SWITCHES] F06_C_VESTIBULE -> on (1 fixtures)
[SWITCHES] F06_C_MAIN -> off (1 fixtures)
[SWITCHES] F06_C_MAIN -> on (1 fixtures)
[SWITCHES] F06_C_STUDIO -> off (1 fixtures)
[SWITCHES] F06_C_STUDIO -> on (1 fixtures)
[SWITCHES] F06_C_PRIVATE_HALL -> off (1 fixtures)
[SWITCHES] F06_C_PRIVATE_HALL -> on (1 fixtures)
[SWITCHES] F06_C_BATH -> off (1 fixtures)
[SWITCHES] F06_C_BATH -> on (1 fixtures)
[SWITCHES] F06_C_KITCHEN -> off (1 fixtures)
[SWITCHES] F06_C_KITCHEN -> on (1 fixtures)
[SWITCHES] F06_C_BED1 -> off (1 fixtures)
[SWITCHES] F06_C_BED1 -> on (1 fixtures)
[SWITCHES] F06_C_BED2 -> off (1 fixtures)
[SWITCHES] F06_C_BED2 -> on (1 fixtures)
ORISON V2 BLOCKOUT: 136 spaces / 65 doors / 687 anchors
[SURFACE] 323 surfaces layered (296 materials)
[PASSAGE HOURS] OPEN; 10 grilles folded
[PASSAGE HOURS] 11 shopfronts, 10 close after 02:00, HARDWARE PAINT keeps night service
[PASSAGE FINISH] 6 gated draws, 3 handcarts, hours active
[V2 PASSAGE] 13 resident cells; 11 doors; 1 shared-service counters
[SCHEDULE] director live: 18 residents on the clock
[MOVES] personal library: res://assets/characters/mina_vale/mina_vale_moves.glb
[ORISON V2 RUNTIME] ready startup_ms=6682.053
[LIGHTING] 133 sources active in system; 133 full personalities; profiles steady/breathe/mains/beat/dropout=[30, 25, 28, 28, 22]
[SWITCHES] F05_A_MAIN -> off (1 fixtures)
[SWITCHES] F05_A_MAIN -> on (1 fixtures)
[SWITCHES] F05_A_VESTIBULE -> off (1 fixtures)
[SWITCHES] F05_A_VESTIBULE -> on (1 fixtures)
[SWITCHES] F05_A_PRIVATE_HALL -> off (1 fixtures)
[SWITCHES] F05_A_PRIVATE_HALL -> on (1 fixtures)
[SWITCHES] F05_A_BATH -> off (1 fixtures)
[SWITCHES] F05_A_BATH -> on (1 fixtures)
[SWITCHES] F05_A_BED -> off (1 fixtures)
[SWITCHES] F05_A_BED -> on (1 fixtures)
[SWITCHES] F05_A_KITCHEN -> off (1 fixtures)
[SWITCHES] F05_A_KITCHEN -> on (1 fixtures)
[SWITCHES] F05_A_STUDY -> off (1 fixtures)
[SWITCHES] F05_A_STUDY -> on (1 fixtures)
[SWITCHES] F05_B_MAIN -> off (1 fixtures)
[SWITCHES] F05_B_MAIN -> on (1 fixtures)
[SWITCHES] F05_B_VESTIBULE -> off (1 fixtures)
[SWITCHES] F05_B_VESTIBULE -> on (1 fixtures)
[SWITCHES] F05_B_BATH -> off (1 fixtures)
[SWITCHES] F05_B_BATH -> on (1 fixtures)
[SWITCHES] F05_B_ALCOVE -> off (1 fixtures)
[SWITCHES] F05_B_ALCOVE -> on (1 fixtures)
[SWITCHES] F05_B_PRIVATE_HALL -> off (1 fixtures)
[SWITCHES] F05_B_PRIVATE_HALL -> on (1 fixtures)
[SWITCHES] F05_B_KITCHEN -> off (1 fixtures)
[SWITCHES] F05_B_KITCHEN -> on (1 fixtures)
[SWITCHES] F05_C_VESTIBULE -> off (1 fixtures)
[SWITCHES] F05_C_VESTIBULE -> on (1 fixtures)
[SWITCHES] F05_C_MAIN -> off (1 fixtures)
[SWITCHES] F05_C_MAIN -> on (1 fixtures)
[SWITCHES] F05_C_STUDIO -> off (1 fixtures)
[SWITCHES] F05_C_STUDIO -> on (1 fixtures)
[SWITCHES] F05_C_PRIVATE_HALL -> off (1 fixtures)
[SWITCHES] F05_C_PRIVATE_HALL -> on (1 fixtures)
[SWITCHES] F05_C_BATH -> off (1 fixtures)
[SWITCHES] F05_C_BATH -> on (1 fixtures)
[SWITCHES] F05_C_KITCHEN -> off (1 fixtures)
[SWITCHES] F05_C_KITCHEN -> on (1 fixtures)
[SWITCHES] F05_C_BED1 -> off (1 fixtures)
[SWITCHES] F05_C_BED1 -> on (1 fixtures)
[SWITCHES] F05_C_BED2 -> off (1 fixtures)
[SWITCHES] F05_C_BED2 -> on (1 fixtures)
[SWITCHES] F06_A_MAIN -> off (1 fixtures)
[SWITCHES] F06_A_MAIN -> on (1 fixtures)
[SWITCHES] F06_A_VESTIBULE -> off (1 fixtures)
[SWITCHES] F06_A_VESTIBULE -> on (1 fixtures)
[SWITCHES] F06_A_PRIVATE_HALL -> off (1 fixtures)
[SWITCHES] F06_A_PRIVATE_HALL -> on (1 fixtures)
[SWITCHES] F06_A_BATH -> off (1 fixtures)
[SWITCHES] F06_A_BATH -> on (1 fixtures)
[SWITCHES] F06_A_BED -> off (1 fixtures)
[SWITCHES] F06_A_BED -> on (1 fixtures)
[SWITCHES] F06_A_KITCHEN -> off (1 fixtures)
[SWITCHES] F06_A_KITCHEN -> on (1 fixtures)
[SWITCHES] F06_A_STUDY -> off (1 fixtures)
[SWITCHES] F06_A_STUDY -> on (1 fixtures)
[SWITCHES] F06_B_MAIN -> off (1 fixtures)
[SWITCHES] F06_B_MAIN -> on (1 fixtures)
[SWITCHES] F06_B_VESTIBULE -> off (1 fixtures)
[SWITCHES] F06_B_VESTIBULE -> on (1 fixtures)
[SWITCHES] F06_B_BATH -> off (1 fixtures)
[SWITCHES] F06_B_BATH -> on (1 fixtures)
[SWITCHES] F06_B_ALCOVE -> off (1 fixtures)
[SWITCHES] F06_B_ALCOVE -> on (1 fixtures)
[SWITCHES] F06_B_PRIVATE_HALL -> off (1 fixtures)
[SWITCHES] F06_B_PRIVATE_HALL -> on (1 fixtures)
[SWITCHES] F06_B_KITCHEN -> off (1 fixtures)
[SWITCHES] F06_B_KITCHEN -> on (1 fixtures)
[SWITCHES] F06_C_VESTIBULE -> off (1 fixtures)
[SWITCHES] F06_C_VESTIBULE -> on (1 fixtures)
[SWITCHES] F06_C_MAIN -> off (1 fixtures)
[SWITCHES] F06_C_MAIN -> on (1 fixtures)
[SWITCHES] F06_C_STUDIO -> off (1 fixtures)
[SWITCHES] F06_C_STUDIO -> on (1 fixtures)
[SWITCHES] F06_C_PRIVATE_HALL -> off (1 fixtures)
[SWITCHES] F06_C_PRIVATE_HALL -> on (1 fixtures)
[SWITCHES] F06_C_BATH -> off (1 fixtures)
[SWITCHES] F06_C_BATH -> on (1 fixtures)
[SWITCHES] F06_C_KITCHEN -> off (1 fixtures)
[SWITCHES] F06_C_KITCHEN -> on (1 fixtures)
[SWITCHES] F06_C_BED1 -> off (1 fixtures)
[SWITCHES] F06_C_BED1 -> on (1 fixtures)
[SWITCHES] F06_C_BED2 -> off (1 fixtures)
[SWITCHES] F06_C_BED2 -> on (1 fixtures)
UPPER LIGHTING: 8081 checks, 0 failures
