FABRICATION STAGE: art/blender/scripts/build_laundry_fittings.py
C:\PleaseRemainOnTheLine\art\blender\scripts\build_laundry_fittings.py:63: DeprecationWarning: 'Material.use_nodes' is expected to be removed in Blender 6.0
  mat=bpy.data.materials.new(key);mat.use_nodes=True;materials[key]=mat
Info: Saved as "laundry_fittings.blend"
INFO Draco is available, use library at C:\Program Files\Blender Foundation\Blender 5.2\5.2\scripts\addons_core\io_scene_gltf2\bf_intern_draco_bridge.dll
INFO MeshOptimizer is available, use library at C:\Program Files\Blender Foundation\Blender 5.2\5.2\scripts\addons_core\io_scene_gltf2\bf_intern_meshopt_bridge.dll
13:19:10 | INFO: Starting glTF 2.0 export
13:19:10 | INFO: Extracting primitive: storm_shop_model_laundry_iron_pad__linen
13:19:10 | INFO: Primitives created: 1
13:19:10 | INFO: Extracting primitive: storm_shop_model_laundry_iron_table__timber
13:19:10 | INFO: Primitives created: 1
13:19:10 | INFO: Extracting primitive: storm_shop_model_laundry_parcel0_0__linen
13:19:10 | INFO: Primitives created: 1
13:19:10 | INFO: Extracting primitive: storm_shop_model_laundry_parcel0_1__linen
13:19:10 | INFO: Primitives created: 1
13:19:10 | INFO: Extracting primitive: storm_shop_model_laundry_parcel0_1__paper
13:19:10 | INFO: Primitives created: 1
13:19:10 | INFO: Extracting primitive: storm_shop_model_laundry_parcel0_2__linen
13:19:10 | INFO: Primitives created: 1
13:19:10 | INFO: Extracting primitive: storm_shop_model_laundry_parcel0_2__paper
13:19:10 | INFO: Primitives created: 1
13:19:10 | INFO: Extracting primitive: storm_shop_model_laundry_parcel0_3__linen
13:19:10 | INFO: Primitives created: 1
13:19:10 | INFO: Extracting primitive: storm_shop_model_laundry_parcel0_4__linen
13:19:10 | INFO: Primitives created: 1
13:19:10 | INFO: Extracting primitive: storm_shop_model_laundry_parcel0_4__paper
13:19:10 | INFO: Primitives created: 1
13:19:10 | INFO: Extracting primitive: storm_shop_model_laundry_parcel0_5__linen
13:19:10 | INFO: Primitives created: 1
13:19:10 | INFO: Extracting primitive: storm_shop_model_laundry_parcel0_5__paper
13:19:10 | INFO: Primitives created: 1
13:19:10 | INFO: Extracting primitive: storm_shop_model_laundry_parcel0_6__linen
13:19:10 | INFO: Primitives created: 1
13:19:10 | INFO: Extracting primitive: storm_shop_model_laundry_parcel0_7__linen
13:19:10 | INFO: Primitives created: 1
13:19:10 | INFO: Extracting primitive: storm_shop_model_laundry_parcel0_7__paper
13:19:10 | INFO: Primitives created: 1
13:19:10 | INFO: Extracting primitive: storm_shop_model_laundry_parcel1_0__linen
13:19:10 | INFO: Primitives created: 1
13:19:10 | INFO: Extracting primitive: storm_shop_model_laundry_parcel1_0__paper
13:19:10 | INFO: Primitives created: 1
13:19:10 | INFO: Extracting primitive: storm_shop_model_laundry_parcel1_1__linen
13:19:10 | INFO: Primitives created: 1
13:19:10 | INFO: Extracting primitive: storm_shop_model_laundry_parcel1_1__paper
13:19:10 | INFO: Primitives created: 1
13:19:10 | INFO: Extracting primitive: storm_shop_model_laundry_parcel1_2__linen
13:19:10 | INFO: Primitives created: 1
13:19:10 | INFO: Extracting primitive: storm_shop_model_laundry_parcel1_3__linen
13:19:10 | INFO: Primitives created: 1
13:19:10 | INFO: Extracting primitive: storm_shop_model_laundry_parcel1_3__paper
13:19:10 | INFO: Primitives created: 1
13:19:10 | INFO: Extracting primitive: storm_shop_model_laundry_parcel1_4__linen
13:19:10 | INFO: Primitives created: 1
13:19:10 | INFO: Extracting primitive: storm_shop_model_laundry_parcel1_4__paper
13:19:10 | INFO: Primitives created: 1
13:19:10 | INFO: Extracting primitive: storm_shop_model_laundry_parcel1_5__linen
13:19:10 | INFO: Primitives created: 1
13:19:10 | INFO: Extracting primitive: storm_shop_model_laundry_parcel1_6__linen
13:19:10 | INFO: Primitives created: 1
13:19:10 | INFO: Extracting primitive: storm_shop_model_laundry_parcel1_6__paper
13:19:10 | INFO: Primitives created: 1
13:19:10 | INFO: Extracting primitive: storm_shop_model_laundry_parcel1_7__linen
13:19:10 | INFO: Primitives created: 1
13:19:10 | INFO: Extracting primitive: storm_shop_model_laundry_parcel1_7__paper
13:19:10 | INFO: Primitives created: 1
13:19:10 | INFO: Extracting primitive: storm_shop_model_laundry_parcel2_0__linen
13:19:10 | INFO: Primitives created: 1
13:19:10 | INFO: Extracting primitive: storm_shop_model_laundry_parcel2_0__paper
13:19:10 | INFO: Primitives created: 1
13:19:10 | INFO: Extracting primitive: storm_shop_model_laundry_parcel2_1__linen
13:19:10 | INFO: Primitives created: 1
13:19:10 | INFO: Extracting primitive: storm_shop_model_laundry_parcel2_2__linen
13:19:10 | INFO: Primitives created: 1
13:19:10 | INFO: Extracting primitive: storm_shop_model_laundry_parcel2_2__paper
13:19:10 | INFO: Primitives created: 1
13:19:10 | INFO: Extracting primitive: storm_shop_model_laundry_parcel2_3__linen
13:19:10 | INFO: Primitives created: 1
13:19:10 | INFO: Extracting primitive: storm_shop_model_laundry_parcel2_3__paper
13:19:10 | INFO: Primitives created: 1
13:19:10 | INFO: Extracting primitive: storm_shop_model_laundry_parcel2_4__linen
13:19:10 | INFO: Primitives created: 1
13:19:10 | INFO: Extracting primitive: storm_shop_model_laundry_parcel2_5__linen
13:19:10 | INFO: Primitives created: 1
13:19:10 | INFO: Extracting primitive: storm_shop_model_laundry_parcel2_5__paper
13:19:10 | INFO: Primitives created: 1
13:19:10 | INFO: Extracting primitive: storm_shop_model_laundry_parcel2_6__linen
13:19:10 | INFO: Primitives created: 1
13:19:10 | INFO: Extracting primitive: storm_shop_model_laundry_parcel2_6__paper
13:19:10 | INFO: Primitives created: 1
13:19:10 | INFO: Extracting primitive: storm_shop_model_laundry_parcel2_7__linen
13:19:10 | INFO: Primitives created: 1
13:19:10 | INFO: Extracting primitive: storm_shop_model_laundry_parcel3_0__linen
13:19:10 | INFO: Primitives created: 1
13:19:10 | INFO: Extracting primitive: storm_shop_model_laundry_parcel3_1__linen
13:19:10 | INFO: Primitives created: 1
13:19:10 | INFO: Extracting primitive: storm_shop_model_laundry_parcel3_1__paper
13:19:10 | INFO: Primitives created: 1
13:19:10 | INFO: Extracting primitive: storm_shop_model_laundry_parcel3_2__linen
13:19:10 | INFO: Primitives created: 1
13:19:10 | INFO: Extracting primitive: storm_shop_model_laundry_parcel3_2__paper
13:19:10 | INFO: Primitives created: 1
13:19:10 | INFO: Extracting primitive: storm_shop_model_laundry_parcel3_3__linen
13:19:10 | INFO: Primitives created: 1
13:19:10 | INFO: Extracting primitive: storm_shop_model_laundry_parcel3_4__linen
13:19:10 | INFO: Primitives created: 1
13:19:10 | INFO: Extracting primitive: storm_shop_model_laundry_parcel3_4__paper
13:19:10 | INFO: Primitives created: 1
13:19:10 | INFO: Extracting primitive: storm_shop_model_laundry_parcel3_5__linen
13:19:10 | INFO: Primitives created: 1
13:19:10 | INFO: Extracting primitive: storm_shop_model_laundry_parcel3_5__paper
13:19:10 | INFO: Primitives created: 1
13:19:10 | INFO: Extracting primitive: storm_shop_model_laundry_parcel3_6__linen
13:19:10 | INFO: Primitives created: 1
13:19:10 | INFO: Extracting primitive: storm_shop_model_laundry_parcel3_7__linen
13:19:10 | INFO: Primitives created: 1
13:19:10 | INFO: Extracting primitive: storm_shop_model_laundry_parcel3_7__paper
13:19:10 | INFO: Primitives created: 1
13:19:10 | INFO: Extracting primitive: storm_shop_model_laundry_parcel4_0__linen
13:19:10 | INFO: Primitives created: 1
13:19:10 | INFO: Extracting primitive: storm_shop_model_laundry_parcel4_0__paper
13:19:10 | INFO: Primitives created: 1
13:19:10 | INFO: Extracting primitive: storm_shop_model_laundry_parcel4_1__linen
13:19:10 | INFO: Primitives created: 1
13:19:10 | INFO: Extracting primitive: storm_shop_model_laundry_parcel4_1__paper
13:19:10 | INFO: Primitives created: 1
13:19:10 | INFO: Extracting primitive: storm_shop_model_laundry_parcel4_2__linen
13:19:10 | INFO: Primitives created: 1
13:19:10 | INFO: Extracting primitive: storm_shop_model_laundry_parcel4_3__linen
13:19:10 | INFO: Primitives created: 1
13:19:10 | INFO: Extracting primitive: storm_shop_model_laundry_parcel4_3__paper
13:19:10 | INFO: Primitives created: 1
13:19:10 | INFO: Extracting primitive: storm_shop_model_laundry_parcel4_4__linen
13:19:10 | INFO: Primitives created: 1
13:19:10 | INFO: Extracting primitive: storm_shop_model_laundry_parcel4_4__paper
13:19:10 | INFO: Primitives created: 1
13:19:10 | INFO: Extracting primitive: storm_shop_model_laundry_parcel4_5__linen
13:19:10 | INFO: Primitives created: 1
13:19:10 | INFO: Extracting primitive: storm_shop_model_laundry_parcel4_6__linen
13:19:10 | INFO: Primitives created: 1
13:19:10 | INFO: Extracting primitive: storm_shop_model_laundry_parcel4_6__paper
13:19:10 | INFO: Primitives created: 1
13:19:10 | INFO: Extracting primitive: storm_shop_model_laundry_parcel4_7__linen
13:19:10 | INFO: Primitives created: 1
13:19:10 | INFO: Extracting primitive: storm_shop_model_laundry_parcel4_7__paper
13:19:10 | INFO: Primitives created: 1
13:19:10 | INFO: Extracting primitive: storm_shop_model_laundry_rail__chrome
13:19:10 | INFO: Primitives created: 1
13:19:10 | INFO: Extracting primitive: storm_shop_model_laundry_shirt0__chrome
13:19:10 | INFO: Primitives created: 1
13:19:10 | INFO: Extracting primitive: storm_shop_model_laundry_shirt0__linen
13:19:10 | INFO: Primitives created: 1
13:19:10 | INFO: Extracting primitive: storm_shop_model_laundry_shirt0__timber
13:19:10 | INFO: Primitives created: 1
13:19:10 | INFO: Extracting primitive: storm_shop_model_laundry_shirt1__chrome
13:19:10 | INFO: Primitives created: 1
13:19:10 | INFO: Extracting primitive: storm_shop_model_laundry_shirt1__linen
13:19:10 | INFO: Primitives created: 1
13:19:10 | INFO: Extracting primitive: storm_shop_model_laundry_shirt1__timber
13:19:10 | INFO: Primitives created: 1
13:19:10 | INFO: Extracting primitive: storm_shop_model_laundry_shirt2__chrome
13:19:10 | INFO: Primitives created: 1
13:19:10 | INFO: Extracting primitive: storm_shop_model_laundry_shirt2__linen
13:19:10 | INFO: Primitives created: 1
13:19:10 | INFO: Extracting primitive: storm_shop_model_laundry_shirt2__timber
13:19:10 | INFO: Primitives created: 1
13:19:10 | INFO: Extracting primitive: storm_shop_model_laundry_shirt3__chrome
13:19:10 | INFO: Primitives created: 1
13:19:10 | INFO: Extracting primitive: storm_shop_model_laundry_shirt3__linen
13:19:10 | INFO: Primitives created: 1
13:19:10 | INFO: Extracting primitive: storm_shop_model_laundry_shirt3__timber
13:19:10 | INFO: Primitives created: 1
13:19:10 | INFO: Extracting primitive: storm_shop_model_laundry_shirt4__chrome
13:19:10 | INFO: Primitives created: 1
13:19:10 | INFO: Extracting primitive: storm_shop_model_laundry_shirt4__linen
13:19:10 | INFO: Primitives created: 1
13:19:10 | INFO: Extracting primitive: storm_shop_model_laundry_shirt4__timber
13:19:10 | INFO: Primitives created: 1
13:19:10 | INFO: Extracting primitive: storm_shop_model_laundry_shirt5__chrome
13:19:10 | INFO: Primitives created: 1
13:19:10 | INFO: Extracting primitive: storm_shop_model_laundry_shirt5__linen
13:19:10 | INFO: Primitives created: 1
13:19:10 | INFO: Extracting primitive: storm_shop_model_laundry_shirt5__timber
13:19:10 | INFO: Primitives created: 1
13:19:10 | INFO: Extracting primitive: storm_shop_model_laundry_shirt6__chrome
13:19:10 | INFO: Primitives created: 1
13:19:10 | INFO: Extracting primitive: storm_shop_model_laundry_shirt6__linen
13:19:10 | INFO: Primitives created: 1
13:19:10 | INFO: Extracting primitive: storm_shop_model_laundry_shirt6__timber
13:19:10 | INFO: Primitives created: 1
13:19:10 | INFO: Extracting primitive: storm_shop_model_laundry_shirt7__chrome
13:19:10 | INFO: Primitives created: 1
13:19:10 | INFO: Extracting primitive: storm_shop_model_laundry_shirt7__linen
13:19:10 | INFO: Primitives created: 1
13:19:10 | INFO: Extracting primitive: storm_shop_model_laundry_shirt7__timber
13:19:10 | INFO: Primitives created: 1
13:19:10 | INFO: Extracting primitive: storm_shop_model_laundry_shirt8__chrome
13:19:10 | INFO: Primitives created: 1
13:19:10 | INFO: Extracting primitive: storm_shop_model_laundry_shirt8__linen
13:19:10 | INFO: Primitives created: 1
13:19:10 | INFO: Extracting primitive: storm_shop_model_laundry_shirt8__timber
13:19:10 | INFO: Primitives created: 1
13:19:10 | INFO: Extracting primitive: storm_shop_model_laundry_sleeve_board__linen
13:19:10 | INFO: Primitives created: 1
13:19:10 | INFO: Extracting primitive: storm_shop_model_laundry_sleeve_board__timber
13:19:10 | INFO: Primitives created: 1
13:19:10 | INFO: Finished glTF 2.0 export in 0.27205634117126465 s

LAUNDRY FITTINGS 53 original records; 53 assemblies; 370 closed stocks; 99 parts; 83928 triangles; 57 foot contacts
FABRICATION STAGE: art/blender/scripts/build_news_fittings.py
C:\PleaseRemainOnTheLine\art\blender\scripts\build_news_fittings.py:45: DeprecationWarning: 'Material.use_nodes' is expected to be removed in Blender 6.0
  mat=bpy.data.materials.new(key);mat.use_nodes=True;materials[key]=mat
Info: Saved as "news_fittings.blend"
13:19:15 | INFO: Starting glTF 2.0 export
13:19:15 | INFO: Extracting primitive: storm_shop_news_cigars_candy_jar0__bakelite_black
13:19:15 | INFO: Primitives created: 1
13:19:15 | INFO: Extracting primitive: storm_shop_news_cigars_candy_jar0__candy
13:19:15 | INFO: Primitives created: 1
13:19:15 | INFO: Extracting primitive: storm_shop_news_cigars_candy_jar0__cast_iron
13:19:15 | INFO: Primitives created: 1
13:19:15 | INFO: Extracting primitive: storm_shop_news_cigars_candy_jar0__glassish
13:19:15 | INFO: Primitives created: 1
13:19:15 | INFO: Extracting primitive: storm_shop_news_cigars_candy_jar1__bakelite_black
13:19:15 | INFO: Primitives created: 1
13:19:15 | INFO: Extracting primitive: storm_shop_news_cigars_candy_jar1__candy
13:19:15 | INFO: Primitives created: 1
13:19:15 | INFO: Extracting primitive: storm_shop_news_cigars_candy_jar1__cast_iron
13:19:15 | INFO: Primitives created: 1
13:19:15 | INFO: Extracting primitive: storm_shop_news_cigars_candy_jar1__glassish
13:19:15 | INFO: Primitives created: 1
13:19:15 | INFO: Extracting primitive: storm_shop_news_cigars_candy_jar2__bakelite_black
13:19:15 | INFO: Primitives created: 1
13:19:15 | INFO: Extracting primitive: storm_shop_news_cigars_candy_jar2__candy
13:19:15 | INFO: Primitives created: 1
13:19:15 | INFO: Extracting primitive: storm_shop_news_cigars_candy_jar2__cast_iron
13:19:15 | INFO: Primitives created: 1
13:19:15 | INFO: Extracting primitive: storm_shop_news_cigars_candy_jar2__glassish
13:19:15 | INFO: Primitives created: 1
13:19:15 | INFO: Extracting primitive: storm_shop_news_cigars_candy_jar3__bakelite_black
13:19:15 | INFO: Primitives created: 1
13:19:15 | INFO: Extracting primitive: storm_shop_news_cigars_candy_jar3__candy
13:19:15 | INFO: Primitives created: 1
13:19:15 | INFO: Extracting primitive: storm_shop_news_cigars_candy_jar3__cast_iron
13:19:15 | INFO: Primitives created: 1
13:19:15 | INFO: Extracting primitive: storm_shop_news_cigars_candy_jar3__glassish
13:19:15 | INFO: Primitives created: 1
13:19:15 | INFO: Extracting primitive: storm_shop_news_cigars_chair_hollow__soot
13:19:15 | INFO: Primitives created: 1
13:19:15 | INFO: Extracting primitive: storm_shop_news_cigars_cigars__glassish
13:19:15 | INFO: Primitives created: 1
13:19:15 | INFO: Extracting primitive: storm_shop_news_cigars_cigars__paper
13:19:15 | INFO: Primitives created: 1
13:19:15 | INFO: Extracting primitive: storm_shop_news_cigars_cigars__timber
13:19:15 | INFO: Primitives created: 1
13:19:15 | INFO: Extracting primitive: storm_shop_news_cigars_cigars__tobacco
13:19:15 | INFO: Primitives created: 1
13:19:15 | INFO: Extracting primitive: storm_shop_news_cigars_cigars__wood_dark
13:19:15 | INFO: Primitives created: 1
13:19:15 | INFO: Extracting primitive: storm_shop_news_cigars_counter__cast_iron
13:19:15 | INFO: Primitives created: 1
13:19:15 | INFO: Extracting primitive: storm_shop_news_cigars_counter__countertop
13:19:15 | INFO: Primitives created: 1
13:19:15 | INFO: Extracting primitive: storm_shop_news_cigars_counter__paper
13:19:15 | INFO: Primitives created: 1
13:19:15 | INFO: Extracting primitive: storm_shop_news_cigars_counter__timber
13:19:15 | INFO: Primitives created: 1
13:19:15 | INFO: Extracting primitive: storm_shop_news_cigars_counter__wood_dark
13:19:15 | INFO: Primitives created: 1
13:19:15 | INFO: Extracting primitive: storm_shop_news_cigars_pipe_rack__bakelite_black
13:19:15 | INFO: Primitives created: 1
13:19:15 | INFO: Extracting primitive: storm_shop_news_cigars_pipe_rack__wood_dark
13:19:15 | INFO: Primitives created: 1
13:19:15 | INFO: Extracting primitive: storm_shop_news_cigars_punchboard__paper
13:19:15 | INFO: Primitives created: 1
13:19:15 | INFO: Extracting primitive: storm_shop_news_cigars_punchboard__wood_dark
13:19:15 | INFO: Primitives created: 1
13:19:15 | INFO: Extracting primitive: storm_shop_news_cigars_rack0__paper
13:19:15 | INFO: Primitives created: 1
13:19:15 | INFO: Extracting primitive: storm_shop_news_cigars_rack0__timber
13:19:15 | INFO: Primitives created: 1
13:19:15 | INFO: Extracting primitive: storm_shop_news_cigars_service_hatch__timber
13:19:15 | INFO: Primitives created: 1
13:19:15 | INFO: Extracting primitive: storm_shop_news_cigars_service_hatch__wood_dark
13:19:15 | INFO: Primitives created: 1
13:19:15 | INFO: Extracting primitive: storm_shop_news_cigars_shelf0__timber
13:19:15 | INFO: Primitives created: 1
13:19:15 | INFO: Extracting primitive: storm_shop_news_cigars_stool__wood_dark
13:19:15 | INFO: Primitives created: 1
13:19:15 | INFO: Finished glTF 2.0 export in 0.10582852363586426 s

NEWS FITTINGS 38 original records; 13 assemblies; 215 closed stocks; 37 parts; 41656 triangles; 25 foot contacts
FABRICATION STAGE: art/blender/scripts/build_hardware_stock.py
C:\PleaseRemainOnTheLine\art\blender\scripts\build_hardware_stock.py:45: DeprecationWarning: 'Material.use_nodes' is expected to be removed in Blender 6.0
  mat=bpy.data.materials.new(key);mat.use_nodes=True;materials[key]=mat
Info: Saved as "hardware_stock.blend"
13:19:34 | INFO: Starting glTF 2.0 export
13:19:34 | INFO: Extracting primitive: storm_shop_hardware_paint_bin_e0__metal
13:19:34 | INFO: Primitives created: 1
13:19:34 | INFO: Extracting primitive: storm_shop_hardware_paint_bin_e0__timber
13:19:34 | INFO: Primitives created: 1
13:19:34 | INFO: Extracting primitive: storm_shop_hardware_paint_bin_w0__metal
13:19:34 | INFO: Primitives created: 1
13:19:34 | INFO: Extracting primitive: storm_shop_hardware_paint_bin_w0__timber
13:19:34 | INFO: Primitives created: 1
13:19:34 | INFO: Extracting primitive: storm_shop_hardware_paint_counter__countertop
13:19:34 | INFO: Primitives created: 1
13:19:34 | INFO: Extracting primitive: storm_shop_hardware_paint_counter__paper
13:19:34 | INFO: Primitives created: 1
13:19:34 | INFO: Extracting primitive: storm_shop_hardware_paint_counter__wood_dark
13:19:34 | INFO: Primitives created: 1
13:19:34 | INFO: Extracting primitive: storm_shop_hardware_paint_stock_e0__metal
13:19:34 | INFO: Primitives created: 1
13:19:34 | INFO: Extracting primitive: storm_shop_hardware_paint_stock_e0__safety_orange
13:19:34 | INFO: Primitives created: 1
13:19:34 | INFO: Extracting primitive: storm_shop_hardware_paint_stock_e1__brass_dull
13:19:34 | INFO: Primitives created: 1
13:19:34 | INFO: Extracting primitive: storm_shop_hardware_paint_stock_e1__timber
13:19:34 | INFO: Primitives created: 1
13:19:34 | INFO: Extracting primitive: storm_shop_hardware_paint_stock_e2__metal
13:19:34 | INFO: Primitives created: 1
13:19:34 | INFO: Extracting primitive: storm_shop_hardware_paint_stock_e2__timber
13:19:34 | INFO: Primitives created: 1
13:19:34 | INFO: Extracting primitive: storm_shop_hardware_paint_stock_e3__metal
13:19:34 | INFO: Primitives created: 1
13:19:34 | INFO: Extracting primitive: storm_shop_hardware_paint_stock_e3__safety_orange
13:19:34 | INFO: Primitives created: 1
13:19:34 | INFO: Extracting primitive: storm_shop_hardware_paint_stock_e4__brass_dull
13:19:35 | INFO: Primitives created: 1
13:19:35 | INFO: Extracting primitive: storm_shop_hardware_paint_stock_e4__timber
13:19:35 | INFO: Primitives created: 1
13:19:35 | INFO: Extracting primitive: storm_shop_hardware_paint_stock_e5__metal
13:19:35 | INFO: Primitives created: 1
13:19:35 | INFO: Extracting primitive: storm_shop_hardware_paint_stock_e5__timber
13:19:35 | INFO: Primitives created: 1
13:19:35 | INFO: Extracting primitive: storm_shop_hardware_paint_stock_e6__metal
13:19:35 | INFO: Primitives created: 1
13:19:35 | INFO: Extracting primitive: storm_shop_hardware_paint_stock_e6__safety_orange
13:19:35 | INFO: Primitives created: 1
13:19:35 | INFO: Extracting primitive: storm_shop_hardware_paint_stock_e7__brass_dull
13:19:35 | INFO: Primitives created: 1
13:19:35 | INFO: Extracting primitive: storm_shop_hardware_paint_stock_e7__timber
13:19:35 | INFO: Primitives created: 1
13:19:35 | INFO: Extracting primitive: storm_shop_hardware_paint_stock_e8__metal
13:19:35 | INFO: Primitives created: 1
13:19:35 | INFO: Extracting primitive: storm_shop_hardware_paint_stock_e8__timber
13:19:35 | INFO: Primitives created: 1
13:19:35 | INFO: Extracting primitive: storm_shop_hardware_paint_stock_e9__metal
13:19:35 | INFO: Primitives created: 1
13:19:35 | INFO: Extracting primitive: storm_shop_hardware_paint_stock_e9__safety_orange
13:19:35 | INFO: Primitives created: 1
13:19:35 | INFO: Extracting primitive: storm_shop_hardware_paint_stock_e10__brass_dull
13:19:35 | INFO: Primitives created: 1
13:19:35 | INFO: Extracting primitive: storm_shop_hardware_paint_stock_e10__timber
13:19:35 | INFO: Primitives created: 1
13:19:35 | INFO: Extracting primitive: storm_shop_hardware_paint_stock_e11__metal
13:19:35 | INFO: Primitives created: 1
13:19:35 | INFO: Extracting primitive: storm_shop_hardware_paint_stock_e11__timber
13:19:35 | INFO: Primitives created: 1
13:19:35 | INFO: Extracting primitive: storm_shop_hardware_paint_stock_e12__metal
13:19:35 | INFO: Primitives created: 1
13:19:35 | INFO: Extracting primitive: storm_shop_hardware_paint_stock_e12__safety_orange
13:19:35 | INFO: Primitives created: 1
13:19:35 | INFO: Extracting primitive: storm_shop_hardware_paint_stock_e13__brass_dull
13:19:35 | INFO: Primitives created: 1
13:19:35 | INFO: Extracting primitive: storm_shop_hardware_paint_stock_e13__timber
13:19:35 | INFO: Primitives created: 1
13:19:35 | INFO: Extracting primitive: storm_shop_hardware_paint_stock_e14__metal
13:19:35 | INFO: Primitives created: 1
13:19:35 | INFO: Extracting primitive: storm_shop_hardware_paint_stock_e14__timber
13:19:35 | INFO: Primitives created: 1
13:19:35 | INFO: Extracting primitive: storm_shop_hardware_paint_stock_e15__metal
13:19:35 | INFO: Primitives created: 1
13:19:35 | INFO: Extracting primitive: storm_shop_hardware_paint_stock_e15__safety_orange
13:19:35 | INFO: Primitives created: 1
13:19:35 | INFO: Extracting primitive: storm_shop_hardware_paint_stock_e16__brass_dull
13:19:35 | INFO: Primitives created: 1
13:19:35 | INFO: Extracting primitive: storm_shop_hardware_paint_stock_e16__timber
13:19:35 | INFO: Primitives created: 1
13:19:35 | INFO: Extracting primitive: storm_shop_hardware_paint_stock_e17__metal
13:19:35 | INFO: Primitives created: 1
13:19:35 | INFO: Extracting primitive: storm_shop_hardware_paint_stock_e17__timber
13:19:35 | INFO: Primitives created: 1
13:19:35 | INFO: Extracting primitive: storm_shop_hardware_paint_stock_w0__metal
13:19:35 | INFO: Primitives created: 1
13:19:35 | INFO: Extracting primitive: storm_shop_hardware_paint_stock_w0__safety_orange
13:19:35 | INFO: Primitives created: 1
13:19:35 | INFO: Extracting primitive: storm_shop_hardware_paint_stock_w1__brass_dull
13:19:35 | INFO: Primitives created: 1
13:19:35 | INFO: Extracting primitive: storm_shop_hardware_paint_stock_w1__timber
13:19:35 | INFO: Primitives created: 1
13:19:35 | INFO: Extracting primitive: storm_shop_hardware_paint_stock_w2__metal
13:19:35 | INFO: Primitives created: 1
13:19:35 | INFO: Extracting primitive: storm_shop_hardware_paint_stock_w2__timber
13:19:35 | INFO: Primitives created: 1
13:19:35 | INFO: Extracting primitive: storm_shop_hardware_paint_stock_w3__metal
13:19:35 | INFO: Primitives created: 1
13:19:35 | INFO: Extracting primitive: storm_shop_hardware_paint_stock_w3__safety_orange
13:19:35 | INFO: Primitives created: 1
13:19:35 | INFO: Extracting primitive: storm_shop_hardware_paint_stock_w4__brass_dull
13:19:35 | INFO: Primitives created: 1
13:19:35 | INFO: Extracting primitive: storm_shop_hardware_paint_stock_w4__timber
13:19:35 | INFO: Primitives created: 1
13:19:35 | INFO: Extracting primitive: storm_shop_hardware_paint_stock_w5__metal
13:19:35 | INFO: Primitives created: 1
13:19:35 | INFO: Extracting primitive: storm_shop_hardware_paint_stock_w5__timber
13:19:35 | INFO: Primitives created: 1
13:19:35 | INFO: Extracting primitive: storm_shop_hardware_paint_stock_w6__metal
13:19:35 | INFO: Primitives created: 1
13:19:35 | INFO: Extracting primitive: storm_shop_hardware_paint_stock_w6__safety_orange
13:19:35 | INFO: Primitives created: 1
13:19:35 | INFO: Extracting primitive: storm_shop_hardware_paint_stock_w7__brass_dull
13:19:35 | INFO: Primitives created: 1
13:19:35 | INFO: Extracting primitive: storm_shop_hardware_paint_stock_w7__timber
13:19:35 | INFO: Primitives created: 1
13:19:35 | INFO: Extracting primitive: storm_shop_hardware_paint_stock_w8__metal
13:19:35 | INFO: Primitives created: 1
13:19:35 | INFO: Extracting primitive: storm_shop_hardware_paint_stock_w8__timber
13:19:35 | INFO: Primitives created: 1
13:19:35 | INFO: Extracting primitive: storm_shop_hardware_paint_stock_w9__metal
13:19:35 | INFO: Primitives created: 1
13:19:35 | INFO: Extracting primitive: storm_shop_hardware_paint_stock_w9__safety_orange
13:19:35 | INFO: Primitives created: 1
13:19:35 | INFO: Extracting primitive: storm_shop_hardware_paint_stock_w10__brass_dull
13:19:35 | INFO: Primitives created: 1
13:19:35 | INFO: Extracting primitive: storm_shop_hardware_paint_stock_w10__timber
13:19:35 | INFO: Primitives created: 1
13:19:35 | INFO: Extracting primitive: storm_shop_hardware_paint_stock_w11__metal
13:19:35 | INFO: Primitives created: 1
13:19:35 | INFO: Extracting primitive: storm_shop_hardware_paint_stock_w11__timber
13:19:35 | INFO: Primitives created: 1
13:19:35 | INFO: Extracting primitive: storm_shop_hardware_paint_stock_w12__metal
13:19:35 | INFO: Primitives created: 1
13:19:35 | INFO: Extracting primitive: storm_shop_hardware_paint_stock_w12__safety_orange
13:19:35 | INFO: Primitives created: 1
13:19:35 | INFO: Extracting primitive: storm_shop_hardware_paint_stock_w13__brass_dull
13:19:35 | INFO: Primitives created: 1
13:19:35 | INFO: Extracting primitive: storm_shop_hardware_paint_stock_w13__timber
13:19:35 | INFO: Primitives created: 1
13:19:35 | INFO: Extracting primitive: storm_shop_hardware_paint_stock_w14__metal
13:19:35 | INFO: Primitives created: 1
13:19:35 | INFO: Extracting primitive: storm_shop_hardware_paint_stock_w14__timber
13:19:35 | INFO: Primitives created: 1
13:19:35 | INFO: Extracting primitive: storm_shop_hardware_paint_stock_w15__metal
13:19:35 | INFO: Primitives created: 1
13:19:35 | INFO: Extracting primitive: storm_shop_hardware_paint_stock_w15__safety_orange
13:19:35 | INFO: Primitives created: 1
13:19:35 | INFO: Extracting primitive: storm_shop_hardware_paint_stock_w16__brass_dull
13:19:35 | INFO: Primitives created: 1
13:19:35 | INFO: Extracting primitive: storm_shop_hardware_paint_stock_w16__timber
13:19:35 | INFO: Primitives created: 1
13:19:35 | INFO: Extracting primitive: storm_shop_hardware_paint_stock_w17__metal
13:19:35 | INFO: Primitives created: 1
13:19:35 | INFO: Extracting primitive: storm_shop_hardware_paint_stock_w17__timber
13:19:35 | INFO: Primitives created: 1
13:19:35 | INFO: Extracting primitive: storm_shop_hardware_paint_window_plinth__plywood
13:19:35 | INFO: Primitives created: 1
13:19:35 | INFO: Extracting primitive: storm_shop_hardware_paint_window_plinth__wood_dark
13:19:35 | INFO: Primitives created: 1
13:19:35 | INFO: Finished glTF 2.0 export in 0.3731968402862549 s

HARDWARE STOCK 53 original records; 40 assemblies; 678 closed stocks; 81 parts; 170472 triangles; 56 foot contacts
FABRICATION STAGE: art/blender/scripts/build_locksmith_fittings.py
C:\PleaseRemainOnTheLine\art\blender\scripts\build_locksmith_fittings.py:40: DeprecationWarning: 'Material.use_nodes' is expected to be removed in Blender 6.0
  mat=bpy.data.materials.new(key);mat.use_nodes=True;materials[key]=mat
Info: Saved as "locksmith_fittings.blend"
13:19:46 | INFO: Starting glTF 2.0 export
13:19:46 | INFO: Extracting primitive: storm_shop_keys_cut_board__brass_dull
13:19:46 | INFO: Primitives created: 1
13:19:46 | INFO: Extracting primitive: storm_shop_keys_cut_board__chrome
13:19:46 | INFO: Primitives created: 1
13:19:46 | INFO: Extracting primitive: storm_shop_keys_cut_board__plywood
13:19:46 | INFO: Primitives created: 1
13:19:46 | INFO: Extracting primitive: storm_shop_keys_cut_counter__countertop
13:19:46 | INFO: Primitives created: 1
13:19:46 | INFO: Extracting primitive: storm_shop_keys_cut_counter__paper
13:19:46 | INFO: Primitives created: 1
13:19:46 | INFO: Extracting primitive: storm_shop_keys_cut_counter__vinyl_oxblood
13:19:46 | INFO: Primitives created: 1
13:19:46 | INFO: Extracting primitive: storm_shop_keys_cut_counter__wood_dark
13:19:46 | INFO: Primitives created: 1
13:19:46 | INFO: Extracting primitive: storm_shop_keys_cut_cutter__brass_dull
13:19:46 | INFO: Primitives created: 1
13:19:46 | INFO: Extracting primitive: storm_shop_keys_cut_cutter__cast_iron
13:19:46 | INFO: Primitives created: 1
13:19:46 | INFO: Extracting primitive: storm_shop_keys_cut_cutter__metal
13:19:46 | INFO: Primitives created: 1
13:19:46 | INFO: Extracting primitive: storm_shop_keys_cut_cutter__timber
13:19:46 | INFO: Primitives created: 1
13:19:46 | INFO: Extracting primitive: storm_shop_keys_cut_cutter_bench__cast_iron
13:19:46 | INFO: Primitives created: 1
13:19:46 | INFO: Extracting primitive: storm_shop_keys_cut_cutter_bench__metal
13:19:46 | INFO: Primitives created: 1
13:19:46 | INFO: Extracting primitive: storm_shop_keys_cut_cutter_bench__timber
13:19:46 | INFO: Primitives created: 1
13:19:46 | INFO: Extracting primitive: storm_shop_keys_cut_lock_cloth__brass_dull
13:19:46 | INFO: Primitives created: 1
13:19:46 | INFO: Extracting primitive: storm_shop_keys_cut_lock_cloth__chrome
13:19:46 | INFO: Primitives created: 1
13:19:46 | INFO: Extracting primitive: storm_shop_keys_cut_lock_cloth__linen
13:19:46 | INFO: Primitives created: 1
13:19:46 | INFO: Extracting primitive: storm_shop_keys_cut_lock_cloth__metal
13:19:47 | INFO: Primitives created: 1
13:19:47 | INFO: Extracting primitive: storm_shop_keys_cut_lock_cloth__timber
13:19:47 | INFO: Primitives created: 1
13:19:47 | INFO: Extracting primitive: storm_shop_keys_cut_lock_cloth__vinyl_oxblood
13:19:47 | INFO: Primitives created: 1
13:19:47 | INFO: Extracting primitive: storm_shop_keys_cut_padlock_rail__brass_dull
13:19:47 | INFO: Primitives created: 1
13:19:47 | INFO: Extracting primitive: storm_shop_keys_cut_padlock_rail__cast_iron
13:19:47 | INFO: Primitives created: 1
13:19:47 | INFO: Extracting primitive: storm_shop_keys_cut_padlock_rail__chrome
13:19:47 | INFO: Primitives created: 1
13:19:47 | INFO: Extracting primitive: storm_shop_keys_cut_safe__brass_bright
13:19:47 | INFO: Primitives created: 1
13:19:47 | INFO: Extracting primitive: storm_shop_keys_cut_safe__cast_iron
13:19:47 | INFO: Primitives created: 1
13:19:47 | INFO: Extracting primitive: storm_shop_keys_cut_safe__metal
13:19:47 | INFO: Primitives created: 1
13:19:47 | INFO: Extracting primitive: storm_shop_keys_cut_step_rail0__metal
13:19:47 | INFO: Primitives created: 1
13:19:47 | INFO: Extracting primitive: storm_shop_keys_cut_step_rail0__timber
13:19:47 | INFO: Primitives created: 1
13:19:47 | INFO: Extracting primitive: storm_shop_keys_cut_window_plinth__plywood
13:19:47 | INFO: Primitives created: 1
13:19:47 | INFO: Extracting primitive: storm_shop_keys_cut_window_plinth__wood_dark
13:19:47 | INFO: Primitives created: 1
13:19:47 | INFO: Finished glTF 2.0 export in 0.18142366409301758 s

LOCKSMITH FITTINGS 133 original records; 9 assemblies; 536 closed stocks; 30 parts; 93880 triangles; 34 foot contacts
FABRICATION STAGE: art/blender/scripts/build_druggist_cupboard.py
C:\PleaseRemainOnTheLine\art\blender\scripts\build_druggist_cupboard.py:48: DeprecationWarning: 'Material.use_nodes' is expected to be removed in Blender 6.0
  mat=bpy.data.materials.new(key);mat.use_nodes=True;materials[key]=mat
Info: Saved as "druggist_cupboard.blend"
13:19:50 | INFO: Starting glTF 2.0 export
13:19:50 | INFO: Extracting primitive: storm_shop_otis___son_poison0__glass_red
13:19:50 | INFO: Primitives created: 1
13:19:50 | INFO: Extracting primitive: storm_shop_otis___son_poison0__porcelain
13:19:50 | INFO: Primitives created: 1
13:19:50 | INFO: Extracting primitive: storm_shop_otis___son_poison0__ribs_red
13:19:50 | INFO: Primitives created: 1
13:19:50 | INFO: Extracting primitive: storm_shop_otis___son_poison0__wood_dark
13:19:50 | INFO: Primitives created: 1
13:19:50 | INFO: Extracting primitive: storm_shop_otis___son_poison1__glass_teal
13:19:50 | INFO: Primitives created: 1
13:19:50 | INFO: Extracting primitive: storm_shop_otis___son_poison1__porcelain
13:19:50 | INFO: Primitives created: 1
13:19:50 | INFO: Extracting primitive: storm_shop_otis___son_poison1__ribs_teal
13:19:50 | INFO: Primitives created: 1
13:19:50 | INFO: Extracting primitive: storm_shop_otis___son_poison1__wood_dark
13:19:50 | INFO: Primitives created: 1
13:19:50 | INFO: Extracting primitive: storm_shop_otis___son_poison2__glass_red
13:19:50 | INFO: Primitives created: 1
13:19:50 | INFO: Extracting primitive: storm_shop_otis___son_poison2__porcelain
13:19:50 | INFO: Primitives created: 1
13:19:50 | INFO: Extracting primitive: storm_shop_otis___son_poison2__ribs_red
13:19:50 | INFO: Primitives created: 1
13:19:50 | INFO: Extracting primitive: storm_shop_otis___son_poison2__wood_dark
13:19:50 | INFO: Primitives created: 1
13:19:50 | INFO: Extracting primitive: storm_shop_otis___son_poison3__glass_teal
13:19:50 | INFO: Primitives created: 1
13:19:50 | INFO: Extracting primitive: storm_shop_otis___son_poison3__porcelain
13:19:50 | INFO: Primitives created: 1
13:19:50 | INFO: Extracting primitive: storm_shop_otis___son_poison3__ribs_teal
13:19:50 | INFO: Primitives created: 1
13:19:50 | INFO: Extracting primitive: storm_shop_otis___son_poison3__wood_dark
13:19:50 | INFO: Primitives created: 1
13:19:50 | INFO: Extracting primitive: storm_shop_otis___son_poison4__glass_red
13:19:50 | INFO: Primitives created: 1
13:19:50 | INFO: Extracting primitive: storm_shop_otis___son_poison4__porcelain
13:19:50 | INFO: Primitives created: 1
13:19:50 | INFO: Extracting primitive: storm_shop_otis___son_poison4__ribs_red
13:19:50 | INFO: Primitives created: 1
13:19:50 | INFO: Extracting primitive: storm_shop_otis___son_poison4__wood_dark
13:19:50 | INFO: Primitives created: 1
13:19:50 | INFO: Extracting primitive: storm_shop_otis___son_poison5__glass_teal
13:19:50 | INFO: Primitives created: 1
13:19:50 | INFO: Extracting primitive: storm_shop_otis___son_poison5__porcelain
13:19:50 | INFO: Primitives created: 1
13:19:50 | INFO: Extracting primitive: storm_shop_otis___son_poison5__ribs_teal
13:19:50 | INFO: Primitives created: 1
13:19:50 | INFO: Extracting primitive: storm_shop_otis___son_poison5__wood_dark
13:19:50 | INFO: Primitives created: 1
13:19:50 | INFO: Extracting primitive: storm_shop_otis___son_poison_cupboard__brass_dull
13:19:50 | INFO: Primitives created: 1
13:19:50 | INFO: Extracting primitive: storm_shop_otis___son_poison_cupboard__glassish
13:19:50 | INFO: Primitives created: 1
13:19:50 | INFO: Extracting primitive: storm_shop_otis___son_poison_cupboard__wood_dark
13:19:50 | INFO: Primitives created: 1
13:19:50 | INFO: Finished glTF 2.0 export in 0.05982661247253418 s

DRUGGIST CUPBOARD 14 original records; 7 assemblies; 116 closed stocks; 27 parts; 21744 triangles; 10 foot contacts
FABRICATION STAGE: art/blender/scripts/build_cobbler_fittings.py
C:\PleaseRemainOnTheLine\art\blender\scripts\build_cobbler_fittings.py:40: DeprecationWarning: 'Material.use_nodes' is expected to be removed in Blender 6.0
  mat=bpy.data.materials.new(key);mat.use_nodes=True;materials[key]=mat
Info: Saved as "cobbler_fittings.blend"
13:20:05 | INFO: Starting glTF 2.0 export
13:20:05 | INFO: Extracting primitive: storm_shop_shoe_rebuilding_bench__timber
13:20:05 | INFO: Primitives created: 1
13:20:05 | INFO: Extracting primitive: storm_shop_shoe_rebuilding_bench__wood_dark
13:20:05 | INFO: Primitives created: 1
13:20:05 | INFO: Extracting primitive: storm_shop_shoe_rebuilding_counter__countertop
13:20:05 | INFO: Primitives created: 1
13:20:05 | INFO: Extracting primitive: storm_shop_shoe_rebuilding_counter__paper
13:20:05 | INFO: Primitives created: 1
13:20:05 | INFO: Extracting primitive: storm_shop_shoe_rebuilding_counter__wood_dark
13:20:05 | INFO: Primitives created: 1
13:20:05 | INFO: Extracting primitive: storm_shop_shoe_rebuilding_dust_felt__soot__north
13:20:05 | INFO: Primitives created: 1
13:20:05 | INFO: Extracting primitive: storm_shop_shoe_rebuilding_dust_felt__soot__south
13:20:05 | INFO: Primitives created: 1
13:20:05 | INFO: Extracting primitive: storm_shop_shoe_rebuilding_finisher__cast_iron
13:20:05 | INFO: Primitives created: 1
13:20:05 | INFO: Extracting primitive: storm_shop_shoe_rebuilding_finisher__metal
13:20:05 | INFO: Primitives created: 1
13:20:05 | INFO: Extracting primitive: storm_shop_shoe_rebuilding_finisher__rubber_aged
13:20:05 | INFO: Primitives created: 1
13:20:05 | INFO: Extracting primitive: storm_shop_shoe_rebuilding_last_rack__cast_iron
13:20:05 | INFO: Primitives created: 1
13:20:05 | INFO: Extracting primitive: storm_shop_shoe_rebuilding_last_rack__timber
13:20:05 | INFO: Primitives created: 1
13:20:05 | INFO: Extracting primitive: storm_shop_shoe_rebuilding_outsole_stand__cast_iron
13:20:05 | INFO: Primitives created: 1
13:20:05 | INFO: Extracting primitive: storm_shop_shoe_rebuilding_outsole_stand__metal
13:20:05 | INFO: Primitives created: 1
13:20:05 | INFO: Extracting primitive: storm_shop_shoe_rebuilding_patcher_treadle__cast_iron
13:20:05 | INFO: Primitives created: 1
13:20:05 | INFO: Extracting primitive: storm_shop_shoe_rebuilding_patcher_treadle__metal
13:20:05 | INFO: Primitives created: 1
13:20:05 | INFO: Extracting primitive: storm_shop_shoe_rebuilding_rack0__linen
13:20:05 | INFO: Primitives created: 1
13:20:05 | INFO: Extracting primitive: storm_shop_shoe_rebuilding_rack0__rubber_aged
13:20:05 | INFO: Primitives created: 1
13:20:05 | INFO: Extracting primitive: storm_shop_shoe_rebuilding_rack0__shoe_dark__1_1
13:20:05 | INFO: Primitives created: 1
13:20:05 | INFO: Extracting primitive: storm_shop_shoe_rebuilding_rack0__shoe_dark__1_-1
13:20:05 | INFO: Primitives created: 1
13:20:05 | INFO: Extracting primitive: storm_shop_shoe_rebuilding_rack0__shoe_dark__2_1
13:20:05 | INFO: Primitives created: 1
13:20:05 | INFO: Extracting primitive: storm_shop_shoe_rebuilding_rack0__shoe_dark__2_-1
13:20:05 | INFO: Primitives created: 1
13:20:05 | INFO: Extracting primitive: storm_shop_shoe_rebuilding_rack0__shoe_dark__4_1
13:20:05 | INFO: Primitives created: 1
13:20:05 | INFO: Extracting primitive: storm_shop_shoe_rebuilding_rack0__shoe_dark__4_-1
13:20:05 | INFO: Primitives created: 1
13:20:05 | INFO: Extracting primitive: storm_shop_shoe_rebuilding_rack0__shoe_dark__5_1
13:20:05 | INFO: Primitives created: 1
13:20:05 | INFO: Extracting primitive: storm_shop_shoe_rebuilding_rack0__shoe_dark__5_-1
13:20:05 | INFO: Primitives created: 1
13:20:05 | INFO: Extracting primitive: storm_shop_shoe_rebuilding_rack0__shoe_dark__7_1
13:20:05 | INFO: Primitives created: 1
13:20:05 | INFO: Extracting primitive: storm_shop_shoe_rebuilding_rack0__shoe_dark__7_-1
13:20:05 | INFO: Primitives created: 1
13:20:05 | INFO: Extracting primitive: storm_shop_shoe_rebuilding_rack0__shoe_dark__8_1
13:20:05 | INFO: Primitives created: 1
13:20:05 | INFO: Extracting primitive: storm_shop_shoe_rebuilding_rack0__shoe_dark__8_-1
13:20:05 | INFO: Primitives created: 1
13:20:05 | INFO: Extracting primitive: storm_shop_shoe_rebuilding_rack0__shoe_dark__10_1
13:20:05 | INFO: Primitives created: 1
13:20:05 | INFO: Extracting primitive: storm_shop_shoe_rebuilding_rack0__shoe_dark__10_-1
13:20:05 | INFO: Primitives created: 1
13:20:05 | INFO: Extracting primitive: storm_shop_shoe_rebuilding_rack0__timber
13:20:05 | INFO: Primitives created: 1
13:20:05 | INFO: Extracting primitive: storm_shop_shoe_rebuilding_rack0__vinyl_oxblood__0_1
13:20:05 | INFO: Primitives created: 1
13:20:05 | INFO: Extracting primitive: storm_shop_shoe_rebuilding_rack0__vinyl_oxblood__0_-1
13:20:05 | INFO: Primitives created: 1
13:20:05 | INFO: Extracting primitive: storm_shop_shoe_rebuilding_rack0__vinyl_oxblood__3_1
13:20:05 | INFO: Primitives created: 1
13:20:05 | INFO: Extracting primitive: storm_shop_shoe_rebuilding_rack0__vinyl_oxblood__3_-1
13:20:05 | INFO: Primitives created: 1
13:20:05 | INFO: Extracting primitive: storm_shop_shoe_rebuilding_rack0__vinyl_oxblood__6_1
13:20:05 | INFO: Primitives created: 1
13:20:05 | INFO: Extracting primitive: storm_shop_shoe_rebuilding_rack0__vinyl_oxblood__6_-1
13:20:05 | INFO: Primitives created: 1
13:20:05 | INFO: Extracting primitive: storm_shop_shoe_rebuilding_rack0__vinyl_oxblood__9_1
13:20:05 | INFO: Primitives created: 1
13:20:05 | INFO: Extracting primitive: storm_shop_shoe_rebuilding_rack0__vinyl_oxblood__9_-1
13:20:05 | INFO: Primitives created: 1
13:20:05 | INFO: Extracting primitive: storm_shop_shoe_rebuilding_sole_stack__timber
13:20:05 | INFO: Primitives created: 1
13:20:05 | INFO: Extracting primitive: storm_shop_shoe_rebuilding_sole_stack__vinyl_oxblood
13:20:05 | INFO: Primitives created: 1
13:20:05 | INFO: Extracting primitive: storm_shop_shoe_rebuilding_waiting_seat__wood_dark
13:20:05 | INFO: Primitives created: 1
13:20:05 | INFO: Extracting primitive: storm_shop_shoe_rebuilding_window_plinth__plywood
13:20:05 | INFO: Primitives created: 1
13:20:05 | INFO: Extracting primitive: storm_shop_shoe_rebuilding_window_plinth__wood_dark
13:20:05 | INFO: Primitives created: 1
13:20:05 | INFO: Finished glTF 2.0 export in 0.2563486099243164 s

COBBLER FITTINGS 49 original records; 11 assemblies; 408 closed stocks; 46 parts; 117708 triangles; 37 foot contacts
FABRICATION STAGE: art/blender/scripts/build_shop_joinery.py
C:\PleaseRemainOnTheLine\art\blender\scripts\build_shop_joinery.py:65: DeprecationWarning: 'Material.use_nodes' is expected to be removed in Blender 6.0
  mat=bpy.data.materials.new(key);mat.use_nodes=True;materials[key]=mat
Info: Saved as "shop_joinery.blend"
13:20:22 | INFO: Starting glTF 2.0 export
13:20:22 | INFO: Extracting primitive: storm_shop_funeral_parlour_boh_door__brass_dull
13:20:22 | INFO: Primitives created: 1
13:20:22 | INFO: Extracting primitive: storm_shop_funeral_parlour_boh_door__iron_blackened
13:20:22 | INFO: Primitives created: 1
13:20:22 | INFO: Extracting primitive: storm_shop_funeral_parlour_boh_door__wood_dark
13:20:22 | INFO: Primitives created: 1
13:20:22 | INFO: Extracting primitive: storm_shop_funeral_parlour_window_plinth__plywood
13:20:22 | INFO: Primitives created: 1
13:20:22 | INFO: Extracting primitive: storm_shop_funeral_parlour_window_plinth__wood_dark
13:20:22 | INFO: Primitives created: 1
13:20:22 | INFO: Extracting primitive: storm_shop_hardware_paint_boh_door__brass_dull
13:20:22 | INFO: Primitives created: 1
13:20:22 | INFO: Extracting primitive: storm_shop_hardware_paint_boh_door__iron_blackened
13:20:22 | INFO: Primitives created: 1
13:20:22 | INFO: Extracting primitive: storm_shop_hardware_paint_boh_door__wood_dark
13:20:22 | INFO: Primitives created: 1
13:20:22 | INFO: Extracting primitive: storm_shop_keys_cut_boh_door__brass_dull
13:20:22 | INFO: Primitives created: 1
13:20:22 | INFO: Extracting primitive: storm_shop_keys_cut_boh_door__iron_blackened
13:20:22 | INFO: Primitives created: 1
13:20:22 | INFO: Extracting primitive: storm_shop_keys_cut_boh_door__wood_dark
13:20:22 | INFO: Primitives created: 1
13:20:22 | INFO: Extracting primitive: storm_shop_luncheonette_boh_door__brass_dull
13:20:22 | INFO: Primitives created: 1
13:20:22 | INFO: Extracting primitive: storm_shop_luncheonette_boh_door__iron_blackened
13:20:22 | INFO: Primitives created: 1
13:20:22 | INFO: Extracting primitive: storm_shop_luncheonette_boh_door__wood_dark
13:20:22 | INFO: Primitives created: 1
13:20:22 | INFO: Extracting primitive: storm_shop_model_laundry_boh_door__brass_dull
13:20:22 | INFO: Primitives created: 1
13:20:22 | INFO: Extracting primitive: storm_shop_model_laundry_boh_door__iron_blackened
13:20:22 | INFO: Primitives created: 1
13:20:22 | INFO: Extracting primitive: storm_shop_model_laundry_boh_door__wood_dark
13:20:22 | INFO: Primitives created: 1
13:20:22 | INFO: Extracting primitive: storm_shop_news_cigars_boh_door__brass_dull
13:20:22 | INFO: Primitives created: 1
13:20:22 | INFO: Extracting primitive: storm_shop_news_cigars_boh_door__iron_blackened
13:20:22 | INFO: Primitives created: 1
13:20:22 | INFO: Extracting primitive: storm_shop_news_cigars_boh_door__wood_dark
13:20:22 | INFO: Primitives created: 1
13:20:22 | INFO: Extracting primitive: storm_shop_otis___son_boh_door__brass_dull
13:20:22 | INFO: Primitives created: 1
13:20:22 | INFO: Extracting primitive: storm_shop_otis___son_boh_door__iron_blackened
13:20:22 | INFO: Primitives created: 1
13:20:22 | INFO: Extracting primitive: storm_shop_otis___son_boh_door__wood_dark
13:20:22 | INFO: Primitives created: 1
13:20:22 | INFO: Extracting primitive: storm_shop_pawnbroker_boh_door__brass_dull
13:20:22 | INFO: Primitives created: 1
13:20:22 | INFO: Extracting primitive: storm_shop_pawnbroker_boh_door__iron_blackened
13:20:22 | INFO: Primitives created: 1
13:20:22 | INFO: Extracting primitive: storm_shop_pawnbroker_boh_door__wood_dark
13:20:22 | INFO: Primitives created: 1
13:20:22 | INFO: Extracting primitive: storm_shop_photo_supplies_boh_door__brass_dull
13:20:22 | INFO: Primitives created: 1
13:20:22 | INFO: Extracting primitive: storm_shop_photo_supplies_boh_door__iron_blackened
13:20:22 | INFO: Primitives created: 1
13:20:22 | INFO: Extracting primitive: storm_shop_photo_supplies_boh_door__wood_dark
13:20:22 | INFO: Primitives created: 1
13:20:22 | INFO: Extracting primitive: storm_shop_radio_service_boh_door__brass_dull
13:20:22 | INFO: Primitives created: 1
13:20:22 | INFO: Extracting primitive: storm_shop_radio_service_boh_door__iron_blackened
13:20:22 | INFO: Primitives created: 1
13:20:22 | INFO: Extracting primitive: storm_shop_radio_service_boh_door__wood_dark
13:20:22 | INFO: Primitives created: 1
13:20:22 | INFO: Extracting primitive: storm_shop_shoe_rebuilding_boh_door__brass_dull
13:20:22 | INFO: Primitives created: 1
13:20:22 | INFO: Extracting primitive: storm_shop_shoe_rebuilding_boh_door__iron_blackened
13:20:22 | INFO: Primitives created: 1
13:20:22 | INFO: Extracting primitive: storm_shop_shoe_rebuilding_boh_door__wood_dark
13:20:22 | INFO: Primitives created: 1
13:20:22 | INFO: Finished glTF 2.0 export in 0.26349329948425293 s

SHOP JOINERY 24 original records; 12 assemblies; 595 closed stocks; 35 parts; 120440 triangles; 50 foot contacts
{"completed_stages": 7, "elapsed_s": 83.12}
Blender 5.2.0 LTS (hash fbe6228777e7 built 2026-07-14 01:35:40)

Blender quit
