00:01.344  blend            | Read blend: "C:\PleaseRemainOnTheLine\art\blender\laundry_fittings.blend"
00:03.640  render           | Saved: 'C:\PleaseRemainOnTheLine\tmp\v2-finish-review\context-repair-final-native\laundry_fittings\storm_shop_model_laundry_parcel0_0_front.png'
00:05.609  render           | Saved: 'C:\PleaseRemainOnTheLine\tmp\v2-finish-review\context-repair-final-native\laundry_fittings\storm_shop_model_laundry_parcel0_0_rear.png'
00:07.484  render           | Saved: 'C:\PleaseRemainOnTheLine\tmp\v2-finish-review\context-repair-final-native\laundry_fittings\storm_shop_model_laundry_parcel4_7_front.png'
00:09.453  render           | Saved: 'C:\PleaseRemainOnTheLine\tmp\v2-finish-review\context-repair-final-native\laundry_fittings\storm_shop_model_laundry_parcel4_7_rear.png'
00:11.265  render           | Saved: 'C:\PleaseRemainOnTheLine\tmp\v2-finish-review\context-repair-final-native\laundry_fittings\storm_shop_model_laundry_iron_table_front.png'
00:12.969  render           | Saved: 'C:\PleaseRemainOnTheLine\tmp\v2-finish-review\context-repair-final-native\laundry_fittings\storm_shop_model_laundry_iron_table_rear.png'
FINAL NATIVE laundry_fittings PASS 12.186 6
00:13.531  blend            | Read blend: "C:\PleaseRemainOnTheLine\art\blender\hardware_stock.blend"
00:16.031  render           | Saved: 'C:\PleaseRemainOnTheLine\tmp\v2-finish-review\context-repair-final-native\hardware_stock\storm_shop_hardware_paint_bin_e0_front.png'
00:17.922  render           | Saved: 'C:\PleaseRemainOnTheLine\tmp\v2-finish-review\context-repair-final-native\hardware_stock\storm_shop_hardware_paint_bin_e0_rear.png'
FINAL NATIVE hardware_stock PASS 4.808 2
00:18.359  blend            | Read blend: "C:\PleaseRemainOnTheLine\art\blender\news_fittings.blend"
00:20.344  render           | Saved: 'C:\PleaseRemainOnTheLine\tmp\v2-finish-review\context-repair-final-native\news_fittings\storm_shop_news_cigars_counter_front.png'
00:22.062  render           | Saved: 'C:\PleaseRemainOnTheLine\tmp\v2-finish-review\context-repair-final-native\news_fittings\storm_shop_news_cigars_counter_rear.png'
00:23.906  render           | Saved: 'C:\PleaseRemainOnTheLine\tmp\v2-finish-review\context-repair-final-native\news_fittings\storm_shop_news_cigars_stool_front.png'
00:25.500  render           | Saved: 'C:\PleaseRemainOnTheLine\tmp\v2-finish-review\context-repair-final-native\news_fittings\storm_shop_news_cigars_stool_rear.png'
00:27.172  render           | Saved: 'C:\PleaseRemainOnTheLine\tmp\v2-finish-review\context-repair-final-native\news_fittings\storm_shop_news_cigars_chair_hollow_front.png'
00:28.906  render           | Saved: 'C:\PleaseRemainOnTheLine\tmp\v2-finish-review\context-repair-final-native\news_fittings\storm_shop_news_cigars_chair_hollow_rear.png'
FINAL NATIVE news_fittings PASS 10.619 6
00:28.984  blend            | Read blend: "C:\PleaseRemainOnTheLine\art\blender\locksmith_fittings.blend"
00:31.797  render           | Saved: 'C:\PleaseRemainOnTheLine\tmp\v2-finish-review\context-repair-final-native\locksmith_fittings\storm_shop_keys_cut_safe_front.png'
00:34.000  render           | Saved: 'C:\PleaseRemainOnTheLine\tmp\v2-finish-review\context-repair-final-native\locksmith_fittings\storm_shop_keys_cut_safe_rear.png'
FINAL NATIVE locksmith_fittings PASS 5.383 2
00:34.375  blend            | Read blend: "C:\PleaseRemainOnTheLine\art\blender\druggist_cupboard.blend"
00:36.437  render           | Saved: 'C:\PleaseRemainOnTheLine\tmp\v2-finish-review\context-repair-final-native\druggist_cupboard\storm_shop_otis___son_poison_cupboard_front.png'
00:37.984  render           | Saved: 'C:\PleaseRemainOnTheLine\tmp\v2-finish-review\context-repair-final-native\druggist_cupboard\storm_shop_otis___son_poison_cupboard_rear.png'
FINAL NATIVE druggist_cupboard PASS 3.692 2
00:38.062  blend            | Read blend: "C:\PleaseRemainOnTheLine\art\blender\cobbler_fittings.blend"
00:40.594  render           | Saved: 'C:\PleaseRemainOnTheLine\tmp\v2-finish-review\context-repair-final-native\cobbler_fittings\storm_shop_shoe_rebuilding_dust_felt_front.png'
00:42.203  render           | Saved: 'C:\PleaseRemainOnTheLine\tmp\v2-finish-review\context-repair-final-native\cobbler_fittings\storm_shop_shoe_rebuilding_dust_felt_rear.png'
FINAL NATIVE cobbler_fittings PASS 4.212 2
00:42.312  blend            | Read blend: "C:\PleaseRemainOnTheLine\art\blender\shop_joinery.blend"
00:52.750  render           | Saved: 'C:\PleaseRemainOnTheLine\tmp\v2-finish-review\context-repair-final-native\shop_joinery\shop_hardware_paint_door.png'
00:59.984  render           | Saved: 'C:\PleaseRemainOnTheLine\tmp\v2-finish-review\context-repair-final-native\shop_joinery\shop_hardware_paint_context.png'
01:02.922  render           | Saved: 'C:\PleaseRemainOnTheLine\tmp\v2-finish-review\context-repair-final-native\shop_joinery\shop_keys_cut_door.png'
01:10.047  render           | Saved: 'C:\PleaseRemainOnTheLine\tmp\v2-finish-review\context-repair-final-native\shop_joinery\shop_keys_cut_context.png'
01:17.469  render           | Saved: 'C:\PleaseRemainOnTheLine\tmp\v2-finish-review\context-repair-final-native\shop_joinery\shop_model_laundry_door.png'
01:25.594  render           | Saved: 'C:\PleaseRemainOnTheLine\tmp\v2-finish-review\context-repair-final-native\shop_joinery\shop_model_laundry_context.png'
01:28.937  render           | Saved: 'C:\PleaseRemainOnTheLine\tmp\v2-finish-review\context-repair-final-native\shop_joinery\shop_news_cigars_door.png'
01:33.453  render           | Saved: 'C:\PleaseRemainOnTheLine\tmp\v2-finish-review\context-repair-final-native\shop_joinery\shop_news_cigars_context.png'
01:44.047  render           | Saved: 'C:\PleaseRemainOnTheLine\tmp\v2-finish-review\context-repair-final-native\shop_joinery\shop_otis_son_door.png'
01:53.437  render           | Saved: 'C:\PleaseRemainOnTheLine\tmp\v2-finish-review\context-repair-final-native\shop_joinery\shop_otis_son_context.png'
02:05.187  render           | Saved: 'C:\PleaseRemainOnTheLine\tmp\v2-finish-review\context-repair-final-native\shop_joinery\shop_radio_service_door.png'
02:12.437  render           | Saved: 'C:\PleaseRemainOnTheLine\tmp\v2-finish-review\context-repair-final-native\shop_joinery\shop_radio_service_context.png'
02:16.094  render           | Saved: 'C:\PleaseRemainOnTheLine\tmp\v2-finish-review\context-repair-final-native\shop_joinery\shop_shoe_rebuilding_door.png'
02:23.469  render           | Saved: 'C:\PleaseRemainOnTheLine\tmp\v2-finish-review\context-repair-final-native\shop_joinery\shop_shoe_rebuilding_context.png'
FINAL NATIVE shop_joinery PASS 101.359 14
02:23.750  blend            | Read blend: "C:\PleaseRemainOnTheLine\art\blender\laundry_trade.blend"
02:34.500  render           | Saved: 'C:\PleaseRemainOnTheLine\tmp\v2-finish-review\context-repair-final-native\laundry_trade\parcel_wall.png'
FINAL NATIVE laundry_trade PASS 11.035 1
02:34.750  blend            | Read blend: "C:\PleaseRemainOnTheLine\art\blender\news_receiving.blend"
02:39.219  render           | Saved: 'C:\PleaseRemainOnTheLine\tmp\v2-finish-review\context-repair-final-native\news_receiving\chassis_front.png'
FINAL NATIVE news_receiving PASS 4.847 1
Blender 5.2.0 LTS (hash fbe6228777e7 built 2026-07-14 01:35:40)

Blender quit
