FABRICATION STAGE: art/blender/scripts/build_laundry_fittings.py
C:\PleaseRemainOnTheLine\art\blender\scripts\build_laundry_fittings.py:63: DeprecationWarning: 'Material.use_nodes' is expected to be removed in Blender 6.0
  mat=bpy.data.materials.new(key);mat.use_nodes=True;materials[key]=mat
Info: Saved as "laundry_fittings.blend"
INFO Draco is available, use library at C:\Program Files\Blender Foundation\Blender 5.2\5.2\scripts\addons_core\io_scene_gltf2\bf_intern_draco_bridge.dll
INFO MeshOptimizer is available, use library at C:\Program Files\Blender Foundation\Blender 5.2\5.2\scripts\addons_core\io_scene_gltf2\bf_intern_meshopt_bridge.dll
13:04:17 | INFO: Starting glTF 2.0 export
13:04:17 | INFO: Extracting primitive: storm_shop_model_laundry_iron_pad__linen
13:04:17 | INFO: Primitives created: 1
13:04:17 | INFO: Extracting primitive: storm_shop_model_laundry_iron_table__timber
13:04:17 | INFO: Primitives created: 1
13:04:17 | INFO: Extracting primitive: storm_shop_model_laundry_parcel0_0__linen
13:04:17 | INFO: Primitives created: 1
13:04:17 | INFO: Extracting primitive: storm_shop_model_laundry_parcel0_1__linen
13:04:17 | INFO: Primitives created: 1
13:04:17 | INFO: Extracting primitive: storm_shop_model_laundry_parcel0_1__paper
13:04:17 | INFO: Primitives created: 1
13:04:17 | INFO: Extracting primitive: storm_shop_model_laundry_parcel0_2__linen
13:04:17 | INFO: Primitives created: 1
13:04:17 | INFO: Extracting primitive: storm_shop_model_laundry_parcel0_2__paper
13:04:17 | INFO: Primitives created: 1
13:04:17 | INFO: Extracting primitive: storm_shop_model_laundry_parcel0_3__linen
13:04:17 | INFO: Primitives created: 1
13:04:17 | INFO: Extracting primitive: storm_shop_model_laundry_parcel0_4__linen
13:04:17 | INFO: Primitives created: 1
13:04:17 | INFO: Extracting primitive: storm_shop_model_laundry_parcel0_4__paper
13:04:17 | INFO: Primitives created: 1
13:04:17 | INFO: Extracting primitive: storm_shop_model_laundry_parcel0_5__linen
13:04:17 | INFO: Primitives created: 1
13:04:17 | INFO: Extracting primitive: storm_shop_model_laundry_parcel0_5__paper
13:04:17 | INFO: Primitives created: 1
13:04:17 | INFO: Extracting primitive: storm_shop_model_laundry_parcel0_6__linen
13:04:17 | INFO: Primitives created: 1
13:04:17 | INFO: Extracting primitive: storm_shop_model_laundry_parcel0_7__linen
13:04:17 | INFO: Primitives created: 1
13:04:17 | INFO: Extracting primitive: storm_shop_model_laundry_parcel0_7__paper
13:04:17 | INFO: Primitives created: 1
13:04:17 | INFO: Extracting primitive: storm_shop_model_laundry_parcel1_0__linen
13:04:17 | INFO: Primitives created: 1
13:04:17 | INFO: Extracting primitive: storm_shop_model_laundry_parcel1_0__paper
13:04:17 | INFO: Primitives created: 1
13:04:17 | INFO: Extracting primitive: storm_shop_model_laundry_parcel1_1__linen
13:04:17 | INFO: Primitives created: 1
13:04:17 | INFO: Extracting primitive: storm_shop_model_laundry_parcel1_1__paper
13:04:17 | INFO: Primitives created: 1
13:04:17 | INFO: Extracting primitive: storm_shop_model_laundry_parcel1_2__linen
13:04:17 | INFO: Primitives created: 1
13:04:17 | INFO: Extracting primitive: storm_shop_model_laundry_parcel1_3__linen
13:04:17 | INFO: Primitives created: 1
13:04:17 | INFO: Extracting primitive: storm_shop_model_laundry_parcel1_3__paper
13:04:17 | INFO: Primitives created: 1
13:04:17 | INFO: Extracting primitive: storm_shop_model_laundry_parcel1_4__linen
13:04:17 | INFO: Primitives created: 1
13:04:17 | INFO: Extracting primitive: storm_shop_model_laundry_parcel1_4__paper
13:04:17 | INFO: Primitives created: 1
13:04:17 | INFO: Extracting primitive: storm_shop_model_laundry_parcel1_5__linen
13:04:17 | INFO: Primitives created: 1
13:04:17 | INFO: Extracting primitive: storm_shop_model_laundry_parcel1_6__linen
13:04:17 | INFO: Primitives created: 1
13:04:17 | INFO: Extracting primitive: storm_shop_model_laundry_parcel1_6__paper
13:04:17 | INFO: Primitives created: 1
13:04:17 | INFO: Extracting primitive: storm_shop_model_laundry_parcel1_7__linen
13:04:17 | INFO: Primitives created: 1
13:04:17 | INFO: Extracting primitive: storm_shop_model_laundry_parcel1_7__paper
13:04:17 | INFO: Primitives created: 1
13:04:17 | INFO: Extracting primitive: storm_shop_model_laundry_parcel2_0__linen
13:04:17 | INFO: Primitives created: 1
13:04:17 | INFO: Extracting primitive: storm_shop_model_laundry_parcel2_0__paper
13:04:17 | INFO: Primitives created: 1
13:04:17 | INFO: Extracting primitive: storm_shop_model_laundry_parcel2_1__linen
13:04:17 | INFO: Primitives created: 1
13:04:17 | INFO: Extracting primitive: storm_shop_model_laundry_parcel2_2__linen
13:04:17 | INFO: Primitives created: 1
13:04:17 | INFO: Extracting primitive: storm_shop_model_laundry_parcel2_2__paper
13:04:17 | INFO: Primitives created: 1
13:04:17 | INFO: Extracting primitive: storm_shop_model_laundry_parcel2_3__linen
13:04:17 | INFO: Primitives created: 1
13:04:17 | INFO: Extracting primitive: storm_shop_model_laundry_parcel2_3__paper
13:04:17 | INFO: Primitives created: 1
13:04:17 | INFO: Extracting primitive: storm_shop_model_laundry_parcel2_4__linen
13:04:17 | INFO: Primitives created: 1
13:04:17 | INFO: Extracting primitive: storm_shop_model_laundry_parcel2_5__linen
13:04:17 | INFO: Primitives created: 1
13:04:17 | INFO: Extracting primitive: storm_shop_model_laundry_parcel2_5__paper
13:04:17 | INFO: Primitives created: 1
13:04:17 | INFO: Extracting primitive: storm_shop_model_laundry_parcel2_6__linen
13:04:17 | INFO: Primitives created: 1
13:04:17 | INFO: Extracting primitive: storm_shop_model_laundry_parcel2_6__paper
13:04:17 | INFO: Primitives created: 1
13:04:17 | INFO: Extracting primitive: storm_shop_model_laundry_parcel2_7__linen
13:04:17 | INFO: Primitives created: 1
13:04:17 | INFO: Extracting primitive: storm_shop_model_laundry_parcel3_0__linen
13:04:17 | INFO: Primitives created: 1
13:04:17 | INFO: Extracting primitive: storm_shop_model_laundry_parcel3_1__linen
13:04:17 | INFO: Primitives created: 1
13:04:17 | INFO: Extracting primitive: storm_shop_model_laundry_parcel3_1__paper
13:04:17 | INFO: Primitives created: 1
13:04:17 | INFO: Extracting primitive: storm_shop_model_laundry_parcel3_2__linen
13:04:17 | INFO: Primitives created: 1
13:04:17 | INFO: Extracting primitive: storm_shop_model_laundry_parcel3_2__paper
13:04:17 | INFO: Primitives created: 1
13:04:17 | INFO: Extracting primitive: storm_shop_model_laundry_parcel3_3__linen
13:04:17 | INFO: Primitives created: 1
13:04:17 | INFO: Extracting primitive: storm_shop_model_laundry_parcel3_4__linen
13:04:17 | INFO: Primitives created: 1
13:04:17 | INFO: Extracting primitive: storm_shop_model_laundry_parcel3_4__paper
13:04:17 | INFO: Primitives created: 1
13:04:17 | INFO: Extracting primitive: storm_shop_model_laundry_parcel3_5__linen
13:04:17 | INFO: Primitives created: 1
13:04:17 | INFO: Extracting primitive: storm_shop_model_laundry_parcel3_5__paper
13:04:17 | INFO: Primitives created: 1
13:04:17 | INFO: Extracting primitive: storm_shop_model_laundry_parcel3_6__linen
13:04:17 | INFO: Primitives created: 1
13:04:17 | INFO: Extracting primitive: storm_shop_model_laundry_parcel3_7__linen
13:04:17 | INFO: Primitives created: 1
13:04:17 | INFO: Extracting primitive: storm_shop_model_laundry_parcel3_7__paper
13:04:17 | INFO: Primitives created: 1
13:04:17 | INFO: Extracting primitive: storm_shop_model_laundry_parcel4_0__linen
13:04:17 | INFO: Primitives created: 1
13:04:17 | INFO: Extracting primitive: storm_shop_model_laundry_parcel4_0__paper
13:04:17 | INFO: Primitives created: 1
13:04:17 | INFO: Extracting primitive: storm_shop_model_laundry_parcel4_1__linen
13:04:17 | INFO: Primitives created: 1
13:04:17 | INFO: Extracting primitive: storm_shop_model_laundry_parcel4_1__paper
13:04:17 | INFO: Primitives created: 1
13:04:17 | INFO: Extracting primitive: storm_shop_model_laundry_parcel4_2__linen
13:04:17 | INFO: Primitives created: 1
13:04:17 | INFO: Extracting primitive: storm_shop_model_laundry_parcel4_3__linen
13:04:17 | INFO: Primitives created: 1
13:04:17 | INFO: Extracting primitive: storm_shop_model_laundry_parcel4_3__paper
13:04:17 | INFO: Primitives created: 1
13:04:17 | INFO: Extracting primitive: storm_shop_model_laundry_parcel4_4__linen
13:04:17 | INFO: Primitives created: 1
13:04:17 | INFO: Extracting primitive: storm_shop_model_laundry_parcel4_4__paper
13:04:17 | INFO: Primitives created: 1
13:04:17 | INFO: Extracting primitive: storm_shop_model_laundry_parcel4_5__linen
13:04:17 | INFO: Primitives created: 1
13:04:17 | INFO: Extracting primitive: storm_shop_model_laundry_parcel4_6__linen
13:04:17 | INFO: Primitives created: 1
13:04:17 | INFO: Extracting primitive: storm_shop_model_laundry_parcel4_6__paper
13:04:17 | INFO: Primitives created: 1
13:04:17 | INFO: Extracting primitive: storm_shop_model_laundry_parcel4_7__linen
13:04:17 | INFO: Primitives created: 1
13:04:17 | INFO: Extracting primitive: storm_shop_model_laundry_parcel4_7__paper
13:04:17 | INFO: Primitives created: 1
13:04:17 | INFO: Extracting primitive: storm_shop_model_laundry_rail__chrome
13:04:17 | INFO: Primitives created: 1
13:04:17 | INFO: Extracting primitive: storm_shop_model_laundry_shirt0__chrome
13:04:17 | INFO: Primitives created: 1
13:04:17 | INFO: Extracting primitive: storm_shop_model_laundry_shirt0__linen
13:04:17 | INFO: Primitives created: 1
13:04:17 | INFO: Extracting primitive: storm_shop_model_laundry_shirt0__timber
13:04:17 | INFO: Primitives created: 1
13:04:17 | INFO: Extracting primitive: storm_shop_model_laundry_shirt1__chrome
13:04:17 | INFO: Primitives created: 1
13:04:17 | INFO: Extracting primitive: storm_shop_model_laundry_shirt1__linen
13:04:17 | INFO: Primitives created: 1
13:04:17 | INFO: Extracting primitive: storm_shop_model_laundry_shirt1__timber
13:04:17 | INFO: Primitives created: 1
13:04:17 | INFO: Extracting primitive: storm_shop_model_laundry_shirt2__chrome
13:04:17 | INFO: Primitives created: 1
13:04:17 | INFO: Extracting primitive: storm_shop_model_laundry_shirt2__linen
13:04:17 | INFO: Primitives created: 1
13:04:17 | INFO: Extracting primitive: storm_shop_model_laundry_shirt2__timber
13:04:17 | INFO: Primitives created: 1
13:04:17 | INFO: Extracting primitive: storm_shop_model_laundry_shirt3__chrome
13:04:17 | INFO: Primitives created: 1
13:04:17 | INFO: Extracting primitive: storm_shop_model_laundry_shirt3__linen
13:04:17 | INFO: Primitives created: 1
13:04:17 | INFO: Extracting primitive: storm_shop_model_laundry_shirt3__timber
13:04:17 | INFO: Primitives created: 1
13:04:17 | INFO: Extracting primitive: storm_shop_model_laundry_shirt4__chrome
13:04:17 | INFO: Primitives created: 1
13:04:17 | INFO: Extracting primitive: storm_shop_model_laundry_shirt4__linen
13:04:17 | INFO: Primitives created: 1
13:04:17 | INFO: Extracting primitive: storm_shop_model_laundry_shirt4__timber
13:04:17 | INFO: Primitives created: 1
13:04:17 | INFO: Extracting primitive: storm_shop_model_laundry_shirt5__chrome
13:04:17 | INFO: Primitives created: 1
13:04:17 | INFO: Extracting primitive: storm_shop_model_laundry_shirt5__linen
13:04:17 | INFO: Primitives created: 1
13:04:17 | INFO: Extracting primitive: storm_shop_model_laundry_shirt5__timber
13:04:17 | INFO: Primitives created: 1
13:04:17 | INFO: Extracting primitive: storm_shop_model_laundry_shirt6__chrome
13:04:17 | INFO: Primitives created: 1
13:04:17 | INFO: Extracting primitive: storm_shop_model_laundry_shirt6__linen
13:04:17 | INFO: Primitives created: 1
13:04:17 | INFO: Extracting primitive: storm_shop_model_laundry_shirt6__timber
13:04:17 | INFO: Primitives created: 1
13:04:17 | INFO: Extracting primitive: storm_shop_model_laundry_shirt7__chrome
13:04:17 | INFO: Primitives created: 1
13:04:17 | INFO: Extracting primitive: storm_shop_model_laundry_shirt7__linen
13:04:17 | INFO: Primitives created: 1
13:04:17 | INFO: Extracting primitive: storm_shop_model_laundry_shirt7__timber
13:04:17 | INFO: Primitives created: 1
13:04:17 | INFO: Extracting primitive: storm_shop_model_laundry_shirt8__chrome
13:04:17 | INFO: Primitives created: 1
13:04:17 | INFO: Extracting primitive: storm_shop_model_laundry_shirt8__linen
13:04:17 | INFO: Primitives created: 1
13:04:17 | INFO: Extracting primitive: storm_shop_model_laundry_shirt8__timber
13:04:17 | INFO: Primitives created: 1
13:04:17 | INFO: Extracting primitive: storm_shop_model_laundry_sleeve_board__linen
13:04:17 | INFO: Primitives created: 1
13:04:17 | INFO: Extracting primitive: storm_shop_model_laundry_sleeve_board__timber
13:04:17 | INFO: Primitives created: 1
13:04:17 | INFO: Finished glTF 2.0 export in 0.2708919048309326 s

LAUNDRY FITTINGS 53 original records; 53 assemblies; 370 closed stocks; 99 parts; 83928 triangles; 57 foot contacts
FABRICATION STAGE: art/blender/scripts/build_news_fittings.py
C:\PleaseRemainOnTheLine\art\blender\scripts\build_news_fittings.py:45: DeprecationWarning: 'Material.use_nodes' is expected to be removed in Blender 6.0
  mat=bpy.data.materials.new(key);mat.use_nodes=True;materials[key]=mat
Info: Saved as "news_fittings.blend"
13:04:22 | INFO: Starting glTF 2.0 export
13:04:22 | INFO: Extracting primitive: storm_shop_news_cigars_candy_jar0__bakelite_black
13:04:22 | INFO: Primitives created: 1
13:04:22 | INFO: Extracting primitive: storm_shop_news_cigars_candy_jar0__candy
13:04:22 | INFO: Primitives created: 1
13:04:22 | INFO: Extracting primitive: storm_shop_news_cigars_candy_jar0__cast_iron
13:04:22 | INFO: Primitives created: 1
13:04:22 | INFO: Extracting primitive: storm_shop_news_cigars_candy_jar0__glassish
13:04:22 | INFO: Primitives created: 1
13:04:22 | INFO: Extracting primitive: storm_shop_news_cigars_candy_jar1__bakelite_black
13:04:22 | INFO: Primitives created: 1
13:04:22 | INFO: Extracting primitive: storm_shop_news_cigars_candy_jar1__candy
13:04:22 | INFO: Primitives created: 1
13:04:22 | INFO: Extracting primitive: storm_shop_news_cigars_candy_jar1__cast_iron
13:04:22 | INFO: Primitives created: 1
13:04:22 | INFO: Extracting primitive: storm_shop_news_cigars_candy_jar1__glassish
13:04:22 | INFO: Primitives created: 1
13:04:22 | INFO: Extracting primitive: storm_shop_news_cigars_candy_jar2__bakelite_black
13:04:22 | INFO: Primitives created: 1
13:04:22 | INFO: Extracting primitive: storm_shop_news_cigars_candy_jar2__candy
13:04:22 | INFO: Primitives created: 1
13:04:22 | INFO: Extracting primitive: storm_shop_news_cigars_candy_jar2__cast_iron
13:04:22 | INFO: Primitives created: 1
13:04:22 | INFO: Extracting primitive: storm_shop_news_cigars_candy_jar2__glassish
13:04:22 | INFO: Primitives created: 1
13:04:22 | INFO: Extracting primitive: storm_shop_news_cigars_candy_jar3__bakelite_black
13:04:22 | INFO: Primitives created: 1
13:04:22 | INFO: Extracting primitive: storm_shop_news_cigars_candy_jar3__candy
13:04:22 | INFO: Primitives created: 1
13:04:22 | INFO: Extracting primitive: storm_shop_news_cigars_candy_jar3__cast_iron
13:04:22 | INFO: Primitives created: 1
13:04:22 | INFO: Extracting primitive: storm_shop_news_cigars_candy_jar3__glassish
13:04:22 | INFO: Primitives created: 1
13:04:22 | INFO: Extracting primitive: storm_shop_news_cigars_chair_hollow__soot
13:04:22 | INFO: Primitives created: 1
13:04:22 | INFO: Extracting primitive: storm_shop_news_cigars_cigars__glassish
13:04:22 | INFO: Primitives created: 1
13:04:22 | INFO: Extracting primitive: storm_shop_news_cigars_cigars__paper
13:04:22 | INFO: Primitives created: 1
13:04:22 | INFO: Extracting primitive: storm_shop_news_cigars_cigars__timber
13:04:22 | INFO: Primitives created: 1
13:04:22 | INFO: Extracting primitive: storm_shop_news_cigars_cigars__tobacco
13:04:22 | INFO: Primitives created: 1
13:04:22 | INFO: Extracting primitive: storm_shop_news_cigars_cigars__wood_dark
13:04:22 | INFO: Primitives created: 1
13:04:22 | INFO: Extracting primitive: storm_shop_news_cigars_counter__cast_iron
13:04:22 | INFO: Primitives created: 1
13:04:22 | INFO: Extracting primitive: storm_shop_news_cigars_counter__countertop
13:04:22 | INFO: Primitives created: 1
13:04:22 | INFO: Extracting primitive: storm_shop_news_cigars_counter__paper
13:04:22 | INFO: Primitives created: 1
13:04:22 | INFO: Extracting primitive: storm_shop_news_cigars_counter__timber
13:04:22 | INFO: Primitives created: 1
13:04:22 | INFO: Extracting primitive: storm_shop_news_cigars_counter__wood_dark
13:04:22 | INFO: Primitives created: 1
13:04:22 | INFO: Extracting primitive: storm_shop_news_cigars_pipe_rack__bakelite_black
13:04:22 | INFO: Primitives created: 1
13:04:22 | INFO: Extracting primitive: storm_shop_news_cigars_pipe_rack__wood_dark
13:04:22 | INFO: Primitives created: 1
13:04:22 | INFO: Extracting primitive: storm_shop_news_cigars_punchboard__paper
13:04:22 | INFO: Primitives created: 1
13:04:22 | INFO: Extracting primitive: storm_shop_news_cigars_punchboard__wood_dark
13:04:22 | INFO: Primitives created: 1
13:04:22 | INFO: Extracting primitive: storm_shop_news_cigars_rack0__paper
13:04:22 | INFO: Primitives created: 1
13:04:22 | INFO: Extracting primitive: storm_shop_news_cigars_rack0__timber
13:04:22 | INFO: Primitives created: 1
13:04:22 | INFO: Extracting primitive: storm_shop_news_cigars_service_hatch__timber
13:04:22 | INFO: Primitives created: 1
13:04:22 | INFO: Extracting primitive: storm_shop_news_cigars_service_hatch__wood_dark
13:04:22 | INFO: Primitives created: 1
13:04:22 | INFO: Extracting primitive: storm_shop_news_cigars_shelf0__timber
13:04:22 | INFO: Primitives created: 1
13:04:22 | INFO: Extracting primitive: storm_shop_news_cigars_stool__wood_dark
13:04:22 | INFO: Primitives created: 1
13:04:22 | INFO: Finished glTF 2.0 export in 0.10495305061340332 s

NEWS FITTINGS 38 original records; 13 assemblies; 215 closed stocks; 37 parts; 41656 triangles; 25 foot contacts
FABRICATION STAGE: art/blender/scripts/build_hardware_stock.py
C:\PleaseRemainOnTheLine\art\blender\scripts\build_hardware_stock.py:45: DeprecationWarning: 'Material.use_nodes' is expected to be removed in Blender 6.0
  mat=bpy.data.materials.new(key);mat.use_nodes=True;materials[key]=mat
Info: Saved as "hardware_stock.blend"
13:04:42 | INFO: Starting glTF 2.0 export
13:04:42 | INFO: Extracting primitive: storm_shop_hardware_paint_bin_e0__metal
13:04:42 | INFO: Primitives created: 1
13:04:42 | INFO: Extracting primitive: storm_shop_hardware_paint_bin_e0__timber
13:04:42 | INFO: Primitives created: 1
13:04:42 | INFO: Extracting primitive: storm_shop_hardware_paint_bin_w0__metal
13:04:42 | INFO: Primitives created: 1
13:04:42 | INFO: Extracting primitive: storm_shop_hardware_paint_bin_w0__timber
13:04:42 | INFO: Primitives created: 1
13:04:42 | INFO: Extracting primitive: storm_shop_hardware_paint_counter__countertop
13:04:42 | INFO: Primitives created: 1
13:04:42 | INFO: Extracting primitive: storm_shop_hardware_paint_counter__paper
13:04:42 | INFO: Primitives created: 1
13:04:42 | INFO: Extracting primitive: storm_shop_hardware_paint_counter__wood_dark
13:04:42 | INFO: Primitives created: 1
13:04:42 | INFO: Extracting primitive: storm_shop_hardware_paint_stock_e0__metal
13:04:42 | INFO: Primitives created: 1
13:04:42 | INFO: Extracting primitive: storm_shop_hardware_paint_stock_e0__safety_orange
13:04:42 | INFO: Primitives created: 1
13:04:42 | INFO: Extracting primitive: storm_shop_hardware_paint_stock_e1__brass_dull
13:04:42 | INFO: Primitives created: 1
13:04:42 | INFO: Extracting primitive: storm_shop_hardware_paint_stock_e1__timber
13:04:42 | INFO: Primitives created: 1
13:04:42 | INFO: Extracting primitive: storm_shop_hardware_paint_stock_e2__metal
13:04:42 | INFO: Primitives created: 1
13:04:42 | INFO: Extracting primitive: storm_shop_hardware_paint_stock_e2__timber
13:04:42 | INFO: Primitives created: 1
13:04:42 | INFO: Extracting primitive: storm_shop_hardware_paint_stock_e3__metal
13:04:42 | INFO: Primitives created: 1
13:04:42 | INFO: Extracting primitive: storm_shop_hardware_paint_stock_e3__safety_orange
13:04:42 | INFO: Primitives created: 1
13:04:42 | INFO: Extracting primitive: storm_shop_hardware_paint_stock_e4__brass_dull
13:04:42 | INFO: Primitives created: 1
13:04:42 | INFO: Extracting primitive: storm_shop_hardware_paint_stock_e4__timber
13:04:42 | INFO: Primitives created: 1
13:04:42 | INFO: Extracting primitive: storm_shop_hardware_paint_stock_e5__metal
13:04:42 | INFO: Primitives created: 1
13:04:42 | INFO: Extracting primitive: storm_shop_hardware_paint_stock_e5__timber
13:04:42 | INFO: Primitives created: 1
13:04:42 | INFO: Extracting primitive: storm_shop_hardware_paint_stock_e6__metal
13:04:42 | INFO: Primitives created: 1
13:04:42 | INFO: Extracting primitive: storm_shop_hardware_paint_stock_e6__safety_orange
13:04:42 | INFO: Primitives created: 1
13:04:42 | INFO: Extracting primitive: storm_shop_hardware_paint_stock_e7__brass_dull
13:04:42 | INFO: Primitives created: 1
13:04:42 | INFO: Extracting primitive: storm_shop_hardware_paint_stock_e7__timber
13:04:42 | INFO: Primitives created: 1
13:04:42 | INFO: Extracting primitive: storm_shop_hardware_paint_stock_e8__metal
13:04:42 | INFO: Primitives created: 1
13:04:42 | INFO: Extracting primitive: storm_shop_hardware_paint_stock_e8__timber
13:04:42 | INFO: Primitives created: 1
13:04:42 | INFO: Extracting primitive: storm_shop_hardware_paint_stock_e9__metal
13:04:42 | INFO: Primitives created: 1
13:04:42 | INFO: Extracting primitive: storm_shop_hardware_paint_stock_e9__safety_orange
13:04:42 | INFO: Primitives created: 1
13:04:42 | INFO: Extracting primitive: storm_shop_hardware_paint_stock_e10__brass_dull
13:04:42 | INFO: Primitives created: 1
13:04:42 | INFO: Extracting primitive: storm_shop_hardware_paint_stock_e10__timber
13:04:42 | INFO: Primitives created: 1
13:04:42 | INFO: Extracting primitive: storm_shop_hardware_paint_stock_e11__metal
13:04:42 | INFO: Primitives created: 1
13:04:42 | INFO: Extracting primitive: storm_shop_hardware_paint_stock_e11__timber
13:04:42 | INFO: Primitives created: 1
13:04:42 | INFO: Extracting primitive: storm_shop_hardware_paint_stock_e12__metal
13:04:42 | INFO: Primitives created: 1
13:04:42 | INFO: Extracting primitive: storm_shop_hardware_paint_stock_e12__safety_orange
13:04:42 | INFO: Primitives created: 1
13:04:42 | INFO: Extracting primitive: storm_shop_hardware_paint_stock_e13__brass_dull
13:04:42 | INFO: Primitives created: 1
13:04:42 | INFO: Extracting primitive: storm_shop_hardware_paint_stock_e13__timber
13:04:42 | INFO: Primitives created: 1
13:04:42 | INFO: Extracting primitive: storm_shop_hardware_paint_stock_e14__metal
13:04:42 | INFO: Primitives created: 1
13:04:42 | INFO: Extracting primitive: storm_shop_hardware_paint_stock_e14__timber
13:04:42 | INFO: Primitives created: 1
13:04:42 | INFO: Extracting primitive: storm_shop_hardware_paint_stock_e15__metal
13:04:42 | INFO: Primitives created: 1
13:04:42 | INFO: Extracting primitive: storm_shop_hardware_paint_stock_e15__safety_orange
13:04:42 | INFO: Primitives created: 1
13:04:42 | INFO: Extracting primitive: storm_shop_hardware_paint_stock_e16__brass_dull
13:04:42 | INFO: Primitives created: 1
13:04:42 | INFO: Extracting primitive: storm_shop_hardware_paint_stock_e16__timber
13:04:42 | INFO: Primitives created: 1
13:04:42 | INFO: Extracting primitive: storm_shop_hardware_paint_stock_e17__metal
13:04:42 | INFO: Primitives created: 1
13:04:42 | INFO: Extracting primitive: storm_shop_hardware_paint_stock_e17__timber
13:04:42 | INFO: Primitives created: 1
13:04:42 | INFO: Extracting primitive: storm_shop_hardware_paint_stock_w0__metal
13:04:42 | INFO: Primitives created: 1
13:04:42 | INFO: Extracting primitive: storm_shop_hardware_paint_stock_w0__safety_orange
13:04:42 | INFO: Primitives created: 1
13:04:42 | INFO: Extracting primitive: storm_shop_hardware_paint_stock_w1__brass_dull
13:04:42 | INFO: Primitives created: 1
13:04:42 | INFO: Extracting primitive: storm_shop_hardware_paint_stock_w1__timber
13:04:42 | INFO: Primitives created: 1
13:04:42 | INFO: Extracting primitive: storm_shop_hardware_paint_stock_w2__metal
13:04:42 | INFO: Primitives created: 1
13:04:42 | INFO: Extracting primitive: storm_shop_hardware_paint_stock_w2__timber
13:04:42 | INFO: Primitives created: 1
13:04:42 | INFO: Extracting primitive: storm_shop_hardware_paint_stock_w3__metal
13:04:42 | INFO: Primitives created: 1
13:04:42 | INFO: Extracting primitive: storm_shop_hardware_paint_stock_w3__safety_orange
13:04:42 | INFO: Primitives created: 1
13:04:42 | INFO: Extracting primitive: storm_shop_hardware_paint_stock_w4__brass_dull
13:04:42 | INFO: Primitives created: 1
13:04:42 | INFO: Extracting primitive: storm_shop_hardware_paint_stock_w4__timber
13:04:42 | INFO: Primitives created: 1
13:04:42 | INFO: Extracting primitive: storm_shop_hardware_paint_stock_w5__metal
13:04:42 | INFO: Primitives created: 1
13:04:42 | INFO: Extracting primitive: storm_shop_hardware_paint_stock_w5__timber
13:04:42 | INFO: Primitives created: 1
13:04:42 | INFO: Extracting primitive: storm_shop_hardware_paint_stock_w6__metal
13:04:42 | INFO: Primitives created: 1
13:04:42 | INFO: Extracting primitive: storm_shop_hardware_paint_stock_w6__safety_orange
13:04:42 | INFO: Primitives created: 1
13:04:42 | INFO: Extracting primitive: storm_shop_hardware_paint_stock_w7__brass_dull
13:04:42 | INFO: Primitives created: 1
13:04:42 | INFO: Extracting primitive: storm_shop_hardware_paint_stock_w7__timber
13:04:42 | INFO: Primitives created: 1
13:04:42 | INFO: Extracting primitive: storm_shop_hardware_paint_stock_w8__metal
13:04:42 | INFO: Primitives created: 1
13:04:42 | INFO: Extracting primitive: storm_shop_hardware_paint_stock_w8__timber
13:04:42 | INFO: Primitives created: 1
13:04:42 | INFO: Extracting primitive: storm_shop_hardware_paint_stock_w9__metal
13:04:42 | INFO: Primitives created: 1
13:04:42 | INFO: Extracting primitive: storm_shop_hardware_paint_stock_w9__safety_orange
13:04:42 | INFO: Primitives created: 1
13:04:42 | INFO: Extracting primitive: storm_shop_hardware_paint_stock_w10__brass_dull
13:04:42 | INFO: Primitives created: 1
13:04:42 | INFO: Extracting primitive: storm_shop_hardware_paint_stock_w10__timber
13:04:42 | INFO: Primitives created: 1
13:04:42 | INFO: Extracting primitive: storm_shop_hardware_paint_stock_w11__metal
13:04:42 | INFO: Primitives created: 1
13:04:42 | INFO: Extracting primitive: storm_shop_hardware_paint_stock_w11__timber
13:04:42 | INFO: Primitives created: 1
13:04:42 | INFO: Extracting primitive: storm_shop_hardware_paint_stock_w12__metal
13:04:42 | INFO: Primitives created: 1
13:04:42 | INFO: Extracting primitive: storm_shop_hardware_paint_stock_w12__safety_orange
13:04:42 | INFO: Primitives created: 1
13:04:42 | INFO: Extracting primitive: storm_shop_hardware_paint_stock_w13__brass_dull
13:04:42 | INFO: Primitives created: 1
13:04:42 | INFO: Extracting primitive: storm_shop_hardware_paint_stock_w13__timber
13:04:42 | INFO: Primitives created: 1
13:04:42 | INFO: Extracting primitive: storm_shop_hardware_paint_stock_w14__metal
13:04:42 | INFO: Primitives created: 1
13:04:42 | INFO: Extracting primitive: storm_shop_hardware_paint_stock_w14__timber
13:04:42 | INFO: Primitives created: 1
13:04:42 | INFO: Extracting primitive: storm_shop_hardware_paint_stock_w15__metal
13:04:42 | INFO: Primitives created: 1
13:04:42 | INFO: Extracting primitive: storm_shop_hardware_paint_stock_w15__safety_orange
13:04:42 | INFO: Primitives created: 1
13:04:42 | INFO: Extracting primitive: storm_shop_hardware_paint_stock_w16__brass_dull
13:04:42 | INFO: Primitives created: 1
13:04:42 | INFO: Extracting primitive: storm_shop_hardware_paint_stock_w16__timber
13:04:42 | INFO: Primitives created: 1
13:04:42 | INFO: Extracting primitive: storm_shop_hardware_paint_stock_w17__metal
13:04:42 | INFO: Primitives created: 1
13:04:42 | INFO: Extracting primitive: storm_shop_hardware_paint_stock_w17__timber
13:04:42 | INFO: Primitives created: 1
13:04:42 | INFO: Extracting primitive: storm_shop_hardware_paint_window_plinth__plywood
13:04:42 | INFO: Primitives created: 1
13:04:42 | INFO: Extracting primitive: storm_shop_hardware_paint_window_plinth__wood_dark
13:04:42 | INFO: Primitives created: 1
13:04:42 | INFO: Finished glTF 2.0 export in 0.37635374069213867 s

HARDWARE STOCK 53 original records; 40 assemblies; 678 closed stocks; 81 parts; 170472 triangles; 56 foot contacts
{"completed_stages": 3, "elapsed_s": 34.129}
Blender 5.2.0 LTS (hash fbe6228777e7 built 2026-07-14 01:35:40)

Blender quit
