00:00.047  reports          | WARNING Unable to open 'C:\Users\nate_\AppData\Roaming\Blender Foundation\Blender\5.2\config\userpref.blend': Permission denied
Blender 5.2.0 LTS (hash fbe6228777e7 built 2026-07-14 01:35:40)
00:01.547  blend            | Read blend: "C:\PleaseRemainOnTheLine\art\blender\pawn_receiving.blend"
C:\PleaseRemainOnTheLine\art\blender\scripts\inspect_pawn_receiving.py:53: DeprecationWarning: 'World.use_nodes' is expected to be removed in Blender 6.0
  scene.world=bpy.data.worlds.new('Inspection');scene.world.use_nodes=True;scene.world.node_tree.nodes['Background'].inputs[0].default_value=(.5,.55,.6,1);scene.world.node_tree.nodes['Background'].inputs[1].default_value=.7
19:06:28 | INFO: Data are loaded, start creating Blender stuff
19:06:28 | INFO: Blender create Mesh node F01_OWN_SHOP_PAWNBROKER_retail_shop_pawnbroker_bakelite
19:06:28 | INFO: Blender create Mesh node F01_OWN_SHOP_PAWNBROKER_retail_shop_pawnbroker_bakelite_black
19:06:28 | INFO: Blender create Mesh node F01_OWN_SHOP_PAWNBROKER_retail_shop_pawnbroker_bakelite_black-col
19:06:28 | INFO: Blender create Mesh node F01_OWN_SHOP_PAWNBROKER_retail_shop_pawnbroker_brass
19:06:28 | INFO: Blender create Mesh node F01_OWN_SHOP_PAWNBROKER_retail_shop_pawnbroker_brass_bright-col
19:06:28 | INFO: Blender create Mesh node F01_OWN_SHOP_PAWNBROKER_retail_shop_pawnbroker_brass_dull-col
19:06:29 | INFO: Blender create Mesh node F01_OWN_SHOP_PAWNBROKER_retail_shop_pawnbroker_brass_mesh-col
19:06:29 | INFO: Blender create Mesh node F01_OWN_SHOP_PAWNBROKER_retail_shop_pawnbroker_bronze-col
19:06:29 | INFO: Blender create Mesh node F01_OWN_SHOP_PAWNBROKER_retail_shop_pawnbroker_cast_iron-col
19:06:29 | INFO: Blender create Mesh node F01_OWN_SHOP_PAWNBROKER_retail_shop_pawnbroker_common_brick-col
19:06:29 | INFO: Blender create Mesh node F01_OWN_SHOP_PAWNBROKER_retail_shop_pawnbroker_concrete-col
19:06:29 | INFO: Blender create Mesh node F01_OWN_SHOP_PAWNBROKER_retail_shop_pawnbroker_countertop-col
19:06:29 | INFO: Blender create Mesh node F01_OWN_SHOP_PAWNBROKER_retail_shop_pawnbroker_enamel
19:06:29 | INFO: Blender create Mesh node F01_OWN_SHOP_PAWNBROKER_retail_shop_pawnbroker_enamel-col
19:06:29 | INFO: Blender create Mesh node F01_OWN_SHOP_PAWNBROKER_retail_shop_pawnbroker_fabric_cool
19:06:29 | INFO: Blender create Mesh node F01_OWN_SHOP_PAWNBROKER_retail_shop_pawnbroker_fabric_warm-col
19:06:29 | INFO: Blender create Mesh node F01_OWN_SHOP_PAWNBROKER_retail_shop_pawnbroker_floor_oak-col
19:06:29 | INFO: Blender create Mesh node F01_OWN_SHOP_PAWNBROKER_retail_shop_pawnbroker_fx_shadow
19:06:29 | INFO: Blender create Mesh node F01_OWN_SHOP_PAWNBROKER_retail_shop_pawnbroker_glassish-col
19:06:29 | INFO: Blender create Mesh node F01_OWN_SHOP_PAWNBROKER_retail_shop_pawnbroker_hull-colonly
19:06:29 | INFO: Blender create Mesh node F01_OWN_SHOP_PAWNBROKER_retail_shop_pawnbroker_linen-col
19:06:29 | INFO: Blender create Mesh node F01_OWN_SHOP_PAWNBROKER_retail_shop_pawnbroker_metal-col
19:06:29 | INFO: Blender create Mesh node F01_OWN_SHOP_PAWNBROKER_retail_shop_pawnbroker_milk_glass
19:06:29 | INFO: Blender create Mesh node F01_OWN_SHOP_PAWNBROKER_retail_shop_pawnbroker_paper-col
19:06:29 | INFO: Blender create Mesh node F01_OWN_SHOP_PAWNBROKER_retail_shop_pawnbroker_plaster-col
19:06:29 | INFO: Blender create Mesh node F01_OWN_SHOP_PAWNBROKER_retail_shop_pawnbroker_plaster_stained-col
19:06:29 | INFO: Blender create Mesh node F01_OWN_SHOP_PAWNBROKER_retail_shop_pawnbroker_plywood-col
19:06:29 | INFO: Blender create Mesh node F01_OWN_SHOP_PAWNBROKER_retail_shop_pawnbroker_screen
19:06:29 | INFO: Blender create Mesh node F01_OWN_SHOP_PAWNBROKER_retail_shop_pawnbroker_terracotta
19:06:29 | INFO: Blender create Mesh node F01_OWN_SHOP_PAWNBROKER_retail_shop_pawnbroker_timber-col
19:06:29 | INFO: Blender create Mesh node F01_OWN_SHOP_PAWNBROKER_retail_shop_pawnbroker_tin_ceiling-col
19:06:29 | INFO: Blender create Mesh node F01_OWN_SHOP_PAWNBROKER_retail_shop_pawnbroker_trim-col
19:06:29 | INFO: Blender create Mesh node F01_OWN_SHOP_PAWNBROKER_retail_shop_pawnbroker_wainscot-col
19:06:29 | INFO: Blender create Mesh node F01_OWN_SHOP_PAWNBROKER_retail_shop_pawnbroker_wood_dark-col
19:06:29 | INFO: Blender create Mesh node F01_OWN_SHOP_PAWNBROKER_wear_fx_scuff
19:06:29 | INFO: glTF import finished in 0.13s
Traceback (most recent call last):
  File "C:\PleaseRemainOnTheLine\art\blender\scripts\inspect_pawn_receiving.py", line 133, in <module>
    assert accepted
           ^^^^^^^^
AssertionError

Blender quit
