Godot Engine v4.7.1.stable.official.a13da4feb - https://godotengine.org
Vulkan 1.4.341 - Forward+ - Using Device #0: NVIDIA - NVIDIA GeForce RTX 4080

[ACOUSTIC] 550 nodes loaded
ORISON V2 BLOCKOUT: 200 spaces / 111 doors / 1104 anchors
[V2 FRONT COURT ROOF] three seated girders; retained roof slabs; mapped exterior concrete
[V2 BODEGA POWER] independent inlet; four existing fittings; 20 bearings
[SURFACE] 1154 surfaces layered (405 materials)
[PASSAGE HOURS] OPEN; 10 grilles folded
[PASSAGE HOURS] 11 shopfronts, 10 close after 02:00, HARDWARE PAINT keeps night service
[PASSAGE FINISH] 6 gated draws, 3 handcarts, hours active
[V2 PASSAGE] 13 resident cells; 11 doors; 1 shared-service counters
[SURFACE] 170 surfaces layered (81 materials)
[HARUKIYA] 9 interactables placed
[ARCADE] 2 cabinet(s) from a catalog of 12: SOMETHING IN THE HALL (mystery_serial), OPERATIONS (farm_and_market)
[ARCADE] all of them are running arcade_pit
[V2 BAR] retained cell; 29 registered markers; 3 doors
[V2 FRONT FACADE] native entrance, original landmark hardware, glazed marquee and fitted blade
[SCHEDULE] director live: 18 residents on the clock
[MOVES] personal library: res://assets/characters/mina_vale/mina_vale_moves.glb
SOURCE PARAPET MATERIAL ROOF_PARAPET_EAST brick 
SOURCE PARAPET MATERIAL ROOF_PARAPET_NORTH brick 
SOURCE PARAPET MATERIAL ROOF_PARAPET_SOUTH brick 
SOURCE PARAPET MATERIAL ROOF_PARAPET_WEST brick 
[ORISON V2 RUNTIME] ready startup_ms=27480.191
[LIGHTING] 207 sources active in system; 207 full personalities; profiles steady/breathe/mains/beat/dropout=[50, 45, 36, 42, 34]
CAP MAPPING: mesh=radio_battery_storm_shop_radio_service_battery_rack__bakelite_black valid_basis=true max_uv_excess=0.00000006053597 widest=1.00001615279929 vertices=5860 derivatives=true bad_derivatives=0 min_determinant=0.00001673090932 worst_dot=0.99999988079071
CAP MAPPING: mesh=radio_battery_storm_shop_radio_service_battery_rack__electrode_metal valid_basis=true max_uv_excess=0.00000008940697 widest=1.00015067250273 vertices=5012 derivatives=true bad_derivatives=0 min_determinant=0.00000011566076 worst_dot=0.99999988079071
CAP MAPPING: mesh=radio_battery_storm_shop_radio_service_battery_rack__glass_shell valid_basis=true max_uv_excess=0.00000013411045 widest=1.00002681150734 vertices=14148 derivatives=true bad_derivatives=0 min_determinant=0.00002143596311 worst_dot=0.99999988079071
CAP MAPPING: mesh=radio_battery_storm_shop_radio_service_battery_rack__series_wire valid_basis=true max_uv_excess=0.00000008079223 widest=1.00007094206773 vertices=3696 derivatives=true bad_derivatives=0 min_determinant=0.00000064774925 worst_dot=0.99999988079071
CAP MAPPING: mesh=radio_battery_storm_shop_radio_service_battery_rack__terminal_metal valid_basis=true max_uv_excess=0.00000002654269 widest=1.00002902750229 vertices=3530 derivatives=true bad_derivatives=0 min_determinant=0.00000010806252 worst_dot=0.99999988079071
CAP MAPPING: mesh=radio_battery_storm_shop_radio_service_battery_rack__timber valid_basis=true max_uv_excess=0.00000008073403 widest=1.0001597322226 vertices=10006 derivatives=true bad_derivatives=0 min_determinant=0.0000001156419 worst_dot=0.99999982118607
CAP MAPPING: mesh=radio_battery_storm_shop_radio_service_battery_rack__wet_fill valid_basis=true max_uv_excess=0.00000007450581 widest=1.00001643418404 vertices=3856 derivatives=true bad_derivatives=0 min_determinant=0.00005324566529 worst_dot=0.99999988079071
CAP MAPPING: mesh=pawn_receiving_storm_shopcab_pawnbroker0__bakelite valid_basis=true max_uv_excess=0.00000011920929 widest=1.00021736746101 vertices=14912 derivatives=true bad_derivatives=0 min_determinant=0.0000001156172 worst_dot=0.99999988079071
CAP MAPPING: mesh=pawn_receiving_storm_shopcab_pawnbroker0__bakelite__service_panel valid_basis=true max_uv_excess=0.00000008573988 widest=1.0001172988021 vertices=502 derivatives=true bad_derivatives=0 min_determinant=0.00000046266663 worst_dot=0.99999988079071
CAP MAPPING: mesh=pawn_receiving_storm_shopcab_pawnbroker0__bakelite_black valid_basis=true max_uv_excess=0.00000011920929 widest=1.00006665343685 vertices=6816 derivatives=true bad_derivatives=0 min_determinant=0.00000046263721 worst_dot=0.99999988079071
CAP MAPPING: mesh=pawn_receiving_storm_shopcab_pawnbroker0__bakelite_black__schematic_traces valid_basis=true max_uv_excess=0.00000007590279 widest=1.00020218229732 vertices=15971 derivatives=true bad_derivatives=0 min_determinant=0.00000004820666 worst_dot=0.99999982118607
CAP MAPPING: mesh=pawn_receiving_storm_shopcab_pawnbroker0__brass_dull valid_basis=true max_uv_excess=0.00000011920929 widest=1.00016631573708 vertices=8502 derivatives=true bad_derivatives=0 min_determinant=0.00000011562663 worst_dot=0.99999988079071
CAP MAPPING: mesh=pawn_receiving_storm_shopcab_pawnbroker0__brass_dull__service_latch valid_basis=true max_uv_excess=0.00000005192123 widest=1.0000240779105 vertices=216 derivatives=true bad_derivatives=0 min_determinant=0.00000090709057 worst_dot=1.0
CAP MAPPING: mesh=pawn_receiving_storm_shopcab_pawnbroker0__copper_aged valid_basis=true max_uv_excess=0.00000007171184 widest=1.00003433787983 vertices=638 derivatives=true bad_derivatives=0 min_determinant=0.00000112868201 worst_dot=0.99999988079071
CAP MAPPING: mesh=pawn_receiving_storm_shopcab_pawnbroker0__enamel_appliance valid_basis=true max_uv_excess=0.00000008079223 widest=1.00009913971414 vertices=2145 derivatives=true bad_derivatives=0 min_determinant=0.00000046268077 worst_dot=0.99999988079071
CAP MAPPING: mesh=pawn_receiving_storm_shopcab_pawnbroker0__fabric_warm valid_basis=true max_uv_excess=0.00000011920929 widest=1.00014518157379 vertices=23543 derivatives=true bad_derivatives=0 min_determinant=0.00000011563898 worst_dot=0.99999988079071
CAP MAPPING: mesh=pawn_receiving_storm_shopcab_pawnbroker0__milk_glass valid_basis=true max_uv_excess=0.00000008475035 widest=1.00031399603991 vertices=30322 derivatives=true bad_derivatives=0 min_determinant=0.00000000250863 worst_dot=0.99997514486313
CAP MAPPING: mesh=pawn_receiving_storm_shopcab_pawnbroker0__paper valid_basis=true max_uv_excess=0.00000007363269 widest=1.00018556767572 vertices=522 derivatives=true bad_derivatives=0 min_determinant=0.00000007400848 worst_dot=0.99999988079071
[HARUKIYA] OPEN, 18 fixtures
CAP MAPPING: mesh=radio_receiving_storm_shopcab_radio_service0__bakelite valid_basis=true max_uv_excess=0.00000011920929 widest=1.00008532465267 vertices=11787 derivatives=true bad_derivatives=0 min_determinant=0.00000046262778 worst_dot=0.99999988079071
CAP MAPPING: mesh=radio_receiving_storm_shopcab_radio_service0__bakelite__service_panel valid_basis=true max_uv_excess=0.00000004807953 widest=1.00006577841387 vertices=494 derivatives=true bad_derivatives=0 min_determinant=0.00000046266191 worst_dot=0.99999988079071
CAP MAPPING: mesh=radio_receiving_storm_shopcab_radio_service0__bakelite_black valid_basis=true max_uv_excess=0.00000007776543 widest=1.00006587417222 vertices=6759 derivatives=true bad_derivatives=0 min_determinant=0.00000046263721 worst_dot=0.99999988079071
CAP MAPPING: mesh=radio_receiving_storm_shopcab_radio_service0__bakelite_black__schematic_traces valid_basis=true max_uv_excess=0.00000008038478 widest=1.0002588223079 vertices=15737 derivatives=true bad_derivatives=0 min_determinant=0.00000004821556 worst_dot=0.99999982118607
CAP MAPPING: mesh=radio_receiving_storm_shopcab_radio_service0__brass_dull valid_basis=true max_uv_excess=0.00000008277129 widest=1.00019697681608 vertices=6936 derivatives=true bad_derivatives=0 min_determinant=0.0000001156172 worst_dot=0.99999988079071
CAP MAPPING: mesh=radio_receiving_storm_shopcab_radio_service0__brass_dull__service_latch valid_basis=true max_uv_excess=0.00000003073364 widest=1.00000691028666 vertices=212 derivatives=true bad_derivatives=0 min_determinant=0.00000090709057 worst_dot=0.99999988079071
CAP MAPPING: mesh=radio_receiving_storm_shopcab_radio_service0__copper_aged valid_basis=true max_uv_excess=0.00000005261973 widest=1.00002519594586 vertices=644 derivatives=true bad_derivatives=0 min_determinant=0.00000112869376 worst_dot=0.99999988079071
CAP MAPPING: mesh=radio_receiving_storm_shopcab_radio_service0__enamel_appliance valid_basis=true max_uv_excess=0.0000000782311 widest=1.00009913971414 vertices=2196 derivatives=true bad_derivatives=0 min_determinant=0.00000046268077 worst_dot=0.99999988079071
CAP MAPPING: mesh=radio_receiving_storm_shopcab_radio_service0__fabric_warm valid_basis=true max_uv_excess=0.00000011920929 widest=1.00014330371997 vertices=23370 derivatives=true bad_derivatives=0 min_determinant=0.00000011563898 worst_dot=0.99999982118607
CAP MAPPING: mesh=radio_receiving_storm_shopcab_radio_service0__milk_glass valid_basis=true max_uv_excess=0.00000008381903 widest=1.00025351406069 vertices=30140 derivatives=true bad_derivatives=0 min_determinant=0.00000000250863 worst_dot=0.99998968839645
CAP MAPPING: mesh=radio_receiving_storm_shopcab_radio_service0__paper valid_basis=true max_uv_excess=0.0000000729051 widest=1.00018373580888 vertices=526 derivatives=true bad_derivatives=0 min_determinant=0.00000007401225 worst_dot=0.99999994039536
RADIO BATTERY: checks=787 parts=7 triangles=20912 removed=132 supports=4 failures=0
PASSAGE RECEIVING CONTRACT: PASS checks=792 retained_nodes=0 retained_resources=0 retained_playbacks=0
