WorkerThreadPool: 24 threads, 7 max low-priority.
Godot Engine v4.7.1.stable.official.a13da4feb - https://godotengine.org
TextServer: Added interface "Dummy"
TextServer: Added interface "ICU / HarfBuzz / Graphite (Built-in)"
Using "default" pen tablet driver...

TextServer: Primary interface set to: "ICU / HarfBuzz / Graphite (Built-in)".
CORE API HASH: 3769296884
EDITOR API HASH: 3146738256
SceneTreeFTI: traversal method DEFAULT
Loading resource: res://scripts/game_boot.gd remapped: res://scripts/game_boot.gd
Completed load for: 'res://scripts/game_boot.gd' remapped 'res://scripts/game_boot.gd' at thread -1
Loading resource: res://scripts/audio/conductor_clock.gd remapped: res://scripts/audio/conductor_clock.gd
Completed load for: 'res://scripts/audio/conductor_clock.gd' remapped 'res://scripts/audio/conductor_clock.gd' at thread -1
Loading resource: res://scripts/audio/audio_policy.gd remapped: res://scripts/audio/audio_policy.gd
Completed load for: 'res://scripts/audio/audio_policy.gd' remapped 'res://scripts/audio/audio_policy.gd' at thread -1
Loading resource: res://scripts/game/campaign_clock_driver.gd remapped: res://scripts/game/campaign_clock_driver.gd
Completed load for: 'res://scripts/game/campaign_clock_driver.gd' remapped 'res://scripts/game/campaign_clock_driver.gd' at thread -1
Loading resource: res://scripts/ui/save_status_notice.gd remapped: res://scripts/ui/save_status_notice.gd
Completed load for: 'res://scripts/ui/save_status_notice.gd' remapped 'res://scripts/ui/save_status_notice.gd' at thread -1
Loading resource: res://scripts/game/reality_case_manager.gd remapped: res://scripts/game/reality_case_manager.gd
Completed load for: 'res://scripts/game/reality_case_manager.gd' remapped 'res://scripts/game/reality_case_manager.gd' at thread -1
Loading resource: res://scripts/game/reality_rule_director.gd remapped: res://scripts/game/reality_rule_director.gd
Completed load for: 'res://scripts/game/reality_rule_director.gd' remapped 'res://scripts/game/reality_rule_director.gd' at thread -1
Loaded system CA certificates
Loading resource: res://tests/OrisonV2M11AFirstExteriorCellTest.tscn remapped: res://tests/OrisonV2M11AFirstExteriorCellTest.tscn
Loading resource: res://tests/orison_v2_m11a_first_exterior_cell_test.gd remapped: res://tests/orison_v2_m11a_first_exterior_cell_test.gd
Loading resource: res://assets/ui/telegram/telegram_paper_stock_v1.png remapped: res://assets/ui/telegram/telegram_paper_stock_v1.png
Loading resource: res://.godot/imported/telegram_paper_stock_v1.png-6da8e34d237a3bb83d7695aa967c7cff.ctex remapped: res://.godot/imported/telegram_paper_stock_v1.png-6da8e34d237a3bb83d7695aa967c7cff.ctex
Completed load for: 'res://assets/ui/telegram/telegram_paper_stock_v1.png' remapped 'res://assets/ui/telegram/telegram_paper_stock_v1.png' at thread -1
Loading resource: res://assets/fonts/courier_prime/CourierPrime-Regular.ttf remapped: res://assets/fonts/courier_prime/CourierPrime-Regular.ttf
Loading resource: res://.godot/imported/CourierPrime-Regular.ttf-b33a163554302b210ef6aef62fa4168a.fontdata remapped: res://.godot/imported/CourierPrime-Regular.ttf-b33a163554302b210ef6aef62fa4168a.fontdata
Completed load for: 'res://assets/fonts/courier_prime/CourierPrime-Regular.ttf' remapped 'res://assets/fonts/courier_prime/CourierPrime-Regular.ttf' at thread -1
Loading resource: res://assets/fonts/courier_prime/CourierPrime-Bold.ttf remapped: res://assets/fonts/courier_prime/CourierPrime-Bold.ttf
Loading resource: res://.godot/imported/CourierPrime-Bold.ttf-bf7a7031d9489227399d79b38e4a3e43.fontdata remapped: res://.godot/imported/CourierPrime-Bold.ttf-bf7a7031d9489227399d79b38e4a3e43.fontdata
Completed load for: 'res://assets/fonts/courier_prime/CourierPrime-Bold.ttf' remapped 'res://assets/fonts/courier_prime/CourierPrime-Bold.ttf' at thread -1
Completed load for: 'res://tests/orison_v2_m11a_first_exterior_cell_test.gd' remapped 'res://tests/orison_v2_m11a_first_exterior_cell_test.gd' at thread -1
Completed load for: 'res://tests/OrisonV2M11AFirstExteriorCellTest.tscn' remapped 'res://tests/OrisonV2M11AFirstExteriorCellTest.tscn' at thread -1
[ACOUSTIC] 550 nodes loaded
Loading resource: res://scenes/building/orison_v2_exterior_cell.tscn remapped: res://scenes/building/orison_v2_exterior_cell.tscn
Loading resource: res://scripts/building/orison_v2_exterior_cell.gd remapped: res://scripts/building/orison_v2_exterior_cell.gd
Completed load for: 'res://scripts/building/orison_v2_exterior_cell.gd' remapped 'res://scripts/building/orison_v2_exterior_cell.gd' at thread -1
Completed load for: 'res://scenes/building/orison_v2_exterior_cell.tscn' remapped 'res://scenes/building/orison_v2_exterior_cell.tscn' at thread -1
  PASS  production exterior module scene loads
Loading resource: res://assets/building/textures/T_ai_materials_oak_quartered_albedo.png remapped: res://assets/building/textures/T_ai_materials_oak_quartered_albedo.png
Loading resource: res://.godot/imported/T_ai_materials_oak_quartered_albedo.png-297f64cf3d25514e7608b662f7373c0f.ctex remapped: res://.godot/imported/T_ai_materials_oak_quartered_albedo.png-297f64cf3d25514e7608b662f7373c0f.ctex
Completed load for: 'res://assets/building/textures/T_ai_materials_oak_quartered_albedo.png' remapped 'res://assets/building/textures/T_ai_materials_oak_quartered_albedo.png' at thread -1
Loading resource: res://assets/building/textures/T_ai_materials_oak_quartered_rough.png remapped: res://assets/building/textures/T_ai_materials_oak_quartered_rough.png
Loading resource: res://.godot/imported/T_ai_materials_oak_quartered_rough.png-03449fb60a448bed3ca97f0d4cb8fa03.ctex remapped: res://.godot/imported/T_ai_materials_oak_quartered_rough.png-03449fb60a448bed3ca97f0d4cb8fa03.ctex
Completed load for: 'res://assets/building/textures/T_ai_materials_oak_quartered_rough.png' remapped 'res://assets/building/textures/T_ai_materials_oak_quartered_rough.png' at thread -1
Loading resource: res://assets/building/textures/T_ai_materials_oak_quartered_normal.png remapped: res://assets/building/textures/T_ai_materials_oak_quartered_normal.png
Loading resource: res://.godot/imported/T_ai_materials_oak_quartered_normal.png-d8815249fe9a46b0a952acc2fb08483d.ctex remapped: res://.godot/imported/T_ai_materials_oak_quartered_normal.png-d8815249fe9a46b0a952acc2fb08483d.ctex
Completed load for: 'res://assets/building/textures/T_ai_materials_oak_quartered_normal.png' remapped 'res://assets/building/textures/T_ai_materials_oak_quartered_normal.png' at thread -1
Loading resource: res://assets/building/textures/T_ai_materials_brass_dull_albedo.png remapped: res://assets/building/textures/T_ai_materials_brass_dull_albedo.png
Loading resource: res://.godot/imported/T_ai_materials_brass_dull_albedo.png-e8b0b415c8630a055006aeb0757adc6f.ctex remapped: res://.godot/imported/T_ai_materials_brass_dull_albedo.png-e8b0b415c8630a055006aeb0757adc6f.ctex
Completed load for: 'res://assets/building/textures/T_ai_materials_brass_dull_albedo.png' remapped 'res://assets/building/textures/T_ai_materials_brass_dull_albedo.png' at thread -1
Loading resource: res://assets/building/textures/T_ai_materials_brass_dull_rough.png remapped: res://assets/building/textures/T_ai_materials_brass_dull_rough.png
Loading resource: res://.godot/imported/T_ai_materials_brass_dull_rough.png-1660078479110e73cfb16b45fb078227.ctex remapped: res://.godot/imported/T_ai_materials_brass_dull_rough.png-1660078479110e73cfb16b45fb078227.ctex
Completed load for: 'res://assets/building/textures/T_ai_materials_brass_dull_rough.png' remapped 'res://assets/building/textures/T_ai_materials_brass_dull_rough.png' at thread -1
Loading resource: res://assets/building/textures/T_ai_materials_brass_dull_normal.png remapped: res://assets/building/textures/T_ai_materials_brass_dull_normal.png
Loading resource: res://.godot/imported/T_ai_materials_brass_dull_normal.png-3cb54c21bda657c056106237601c5117.ctex remapped: res://.godot/imported/T_ai_materials_brass_dull_normal.png-3cb54c21bda657c056106237601c5117.ctex
Completed load for: 'res://assets/building/textures/T_ai_materials_brass_dull_normal.png' remapped 'res://assets/building/textures/T_ai_materials_brass_dull_normal.png' at thread -1
Loading resource: res://assets/ui/phone/mask_clean.png remapped: res://assets/ui/phone/mask_clean.png
Loading resource: res://.godot/imported/mask_clean.png-9754816ed019fdae3e3e5bb028d18c89.ctex remapped: res://.godot/imported/mask_clean.png-9754816ed019fdae3e3e5bb028d18c89.ctex
Completed load for: 'res://assets/ui/phone/mask_clean.png' remapped 'res://assets/ui/phone/mask_clean.png' at thread -1
Loading resource: res://assets/ui/phone/mask_cracked.png remapped: res://assets/ui/phone/mask_cracked.png
Loading resource: res://.godot/imported/mask_cracked.png-183f1d84ab4944c64107e0f51581b7c2.ctex remapped: res://.godot/imported/mask_cracked.png-183f1d84ab4944c64107e0f51581b7c2.ctex
Completed load for: 'res://assets/ui/phone/mask_cracked.png' remapped 'res://assets/ui/phone/mask_cracked.png' at thread -1
Loading resource: res://assets/ui/phone/mask_haze.png remapped: res://assets/ui/phone/mask_haze.png
Loading resource: res://.godot/imported/mask_haze.png-5f23b5b3aad4fa9fe7f497b52174a3ed.ctex remapped: res://.godot/imported/mask_haze.png-5f23b5b3aad4fa9fe7f497b52174a3ed.ctex
Completed load for: 'res://assets/ui/phone/mask_haze.png' remapped 'res://assets/ui/phone/mask_haze.png' at thread -1
  PASS  authoritative source reader returns canonical SHOP_BODEGA
  PASS  every durable bodega source field is consumed
  PASS  two shop identities use one registry and durable bucket path
[SCHEDULE] director live: 18 residents on the clock
  PASS  resident timetable facts drive pure two-bucket catch-up
  PASS  same-target shop advancement is idempotent
  PASS  backward, duplicate, missing-lineage, and malformed records refuse atomically
  PASS  authored hardware-paint provenance refuses a bodega grant while MaintenanceInventory and WorkOrders remain authoritative
Loading resource: res://assets/ui/phone/mask_clean.png remapped: res://assets/ui/phone/mask_clean.png
Loading resource: res://.godot/imported/mask_clean.png-9754816ed019fdae3e3e5bb028d18c89.ctex remapped: res://.godot/imported/mask_clean.png-9754816ed019fdae3e3e5bb028d18c89.ctex
Completed load for: 'res://assets/ui/phone/mask_clean.png' remapped 'res://assets/ui/phone/mask_clean.png' at thread -1
Loading resource: res://assets/ui/phone/mask_cracked.png remapped: res://assets/ui/phone/mask_cracked.png
Loading resource: res://.godot/imported/mask_cracked.png-183f1d84ab4944c64107e0f51581b7c2.ctex remapped: res://.godot/imported/mask_cracked.png-183f1d84ab4944c64107e0f51581b7c2.ctex
Completed load for: 'res://assets/ui/phone/mask_cracked.png' remapped 'res://assets/ui/phone/mask_cracked.png' at thread -1
Loading resource: res://assets/ui/phone/mask_haze.png remapped: res://assets/ui/phone/mask_haze.png
Loading resource: res://.godot/imported/mask_haze.png-5f23b5b3aad4fa9fe7f497b52174a3ed.ctex remapped: res://.godot/imported/mask_haze.png-5f23b5b3aad4fa9fe7f497b52174a3ed.ctex
Completed load for: 'res://assets/ui/phone/mask_haze.png' remapped 'res://assets/ui/phone/mask_haze.png' at thread -1
  PASS  bounded production exterior cell starts from authoritative sources
  PASS  one production player, work-order, inventory, and shop authority is composed
  PASS  public surfaces, threshold, and both semantic routes resolve
  PASS  generic builder consumes every declared primary geometry record
  PASS  explicit source-authored route-guide visuals can be enabled
  PASS  stocked fixture presentation reads the existing durable bodega bucket
  PASS  hidden guides preserve collision, threshold identity, routes, and semantic reconstruction
  PASS  accepted route has five named nodes in each direction
  PASS  public semantic initial-placement contract places the player at ORISON_EXIT
Loading resource: res://assets/audio/freesound/processed/events/door_squeak.wav remapped: res://assets/audio/freesound/processed/events/door_squeak.wav
Loading resource: res://.godot/imported/door_squeak.wav-82eacdb04955339fbedc0c64bfa38d25.sample remapped: res://.godot/imported/door_squeak.wav-82eacdb04955339fbedc0c64bfa38d25.sample
Completed load for: 'res://assets/audio/freesound/processed/events/door_squeak.wav' remapped 'res://assets/audio/freesound/processed/events/door_squeak.wav' at thread -1
  PASS  PlayerController ray opens the real storefront leaf
  PASS  production PlayerController traverses collision-bearing street and threshold
Loading resource: res://assets/audio/freesound/processed/mechanical/pipe_knock.ogg remapped: res://assets/audio/freesound/processed/mechanical/pipe_knock.ogg
Loading resource: res://.godot/imported/pipe_knock.ogg-896a926570ba74a7f6738c1157bd70e5.oggvorbisstr remapped: res://.godot/imported/pipe_knock.ogg-896a926570ba74a7f6738c1157bd70e5.oggvorbisstr
Completed load for: 'res://assets/audio/freesound/processed/mechanical/pipe_knock.ogg' remapped 'res://assets/audio/freesound/processed/mechanical/pipe_knock.ogg' at thread -1
  PASS  public bodega counter transaction refuses an unrelated maintenance part without mutating authorities
  PASS  same collision-bearing controller follows the semantic return to Orison
[SCHEDULE] director live: 18 residents on the clock
  PASS  public timetable advancement hides only depleted stock-role visuals
  PASS  save contains semantic exterior identities and no raw world coordinates
  PASS  primary module and PlayerController release after public teardown
  PASS  public teardown is deterministic, idempotent, and clears strong references
Loading resource: res://assets/ui/phone/mask_clean.png remapped: res://assets/ui/phone/mask_clean.png
Loading resource: res://.godot/imported/mask_clean.png-9754816ed019fdae3e3e5bb028d18c89.ctex remapped: res://.godot/imported/mask_clean.png-9754816ed019fdae3e3e5bb028d18c89.ctex
Completed load for: 'res://assets/ui/phone/mask_clean.png' remapped 'res://assets/ui/phone/mask_clean.png' at thread -1
Loading resource: res://assets/ui/phone/mask_cracked.png remapped: res://assets/ui/phone/mask_cracked.png
Loading resource: res://.godot/imported/mask_cracked.png-183f1d84ab4944c64107e0f51581b7c2.ctex remapped: res://.godot/imported/mask_cracked.png-183f1d84ab4944c64107e0f51581b7c2.ctex
Completed load for: 'res://assets/ui/phone/mask_cracked.png' remapped 'res://assets/ui/phone/mask_cracked.png' at thread -1
Loading resource: res://assets/ui/phone/mask_haze.png remapped: res://assets/ui/phone/mask_haze.png
Loading resource: res://.godot/imported/mask_haze.png-5f23b5b3aad4fa9fe7f497b52174a3ed.ctex remapped: res://.godot/imported/mask_haze.png-5f23b5b3aad4fa9fe7f497b52174a3ed.ctex
Completed load for: 'res://assets/ui/phone/mask_haze.png' remapped 'res://assets/ui/phone/mask_haze.png' at thread -1
  PASS  reconstruction composes an externally parented production PlayerController
  PASS  reconstruction restores the bucket-driven depleted fixture state
  PASS  save, destruction, reload, and source reconstruction preserve exact semantic facts
  PASS  reconstructed module and injected controller release through public teardown
Loading resource: res://assets/ui/phone/mask_clean.png remapped: res://assets/ui/phone/mask_clean.png
Loading resource: res://.godot/imported/mask_clean.png-9754816ed019fdae3e3e5bb028d18c89.ctex remapped: res://.godot/imported/mask_clean.png-9754816ed019fdae3e3e5bb028d18c89.ctex
Completed load for: 'res://assets/ui/phone/mask_clean.png' remapped 'res://assets/ui/phone/mask_clean.png' at thread -1
Loading resource: res://assets/ui/phone/mask_cracked.png remapped: res://assets/ui/phone/mask_cracked.png
Loading resource: res://.godot/imported/mask_cracked.png-183f1d84ab4944c64107e0f51581b7c2.ctex remapped: res://.godot/imported/mask_cracked.png-183f1d84ab4944c64107e0f51581b7c2.ctex
Completed load for: 'res://assets/ui/phone/mask_cracked.png' remapped 'res://assets/ui/phone/mask_cracked.png' at thread -1
Loading resource: res://assets/ui/phone/mask_haze.png remapped: res://assets/ui/phone/mask_haze.png
Loading resource: res://.godot/imported/mask_haze.png-5f23b5b3aad4fa9fe7f497b52174a3ed.ctex remapped: res://.godot/imported/mask_haze.png-5f23b5b3aad4fa9fe7f497b52174a3ed.ctex
Completed load for: 'res://assets/ui/phone/mask_haze.png' remapped 'res://assets/ui/phone/mask_haze.png' at thread -1
  PASS  disposable second street and shop construct through the same production paths
  PASS  nonzero-yaw shop remains attached to its named owning surface and routes
  PASS  rotated second instance has identical node, mesh, and collision cost
  PASS  both shops expose one public counter and one durable simulation bucket
  PASS  piece-two fixture remains absent from production and human evidence source
  PASS  rotated expansion module releases without retained scene owners
  PASS  both layouts, selector, and every floor GLTF/BIN hash are unchanged
  PASS  committed and absent-session production selector remain v1
  PASS  teardown retains zero orphan nodes
  PASS  teardown retains zero ObjectDB instances
  PASS  teardown retains zero resources
[M11A RECEIPT] C:\PleaseRemainOnTheLine-astra\design\astra\evidence\world_time_coherence\runtime\m11a\objective_receipt.json
ORISON V2 M11A FIRST EXTERIOR CELL: PASS checks=40
XR: Clearing primary interface
XR: Removed interface "Native mobile"
XR: Removed interface "OpenXR"
