00:00.047  reports          | WARNING Unable to open 'C:\Users\nate_\AppData\Roaming\Blender Foundation\Blender\5.2\config\userpref.blend': Permission denied
Blender 5.2.0 LTS (hash fbe6228777e7 built 2026-07-14 01:35:40)
C:\PleaseRemainOnTheLine\art\blender\scripts\build_radio_receiving.py:61: DeprecationWarning: 'Material.use_nodes' is expected to be removed in Blender 6.0
  mat=bpy.data.materials.new(key);mat.use_nodes=True;materials[key]=mat
Extensions: writing cache failed ([WinError 183] Cannot create a file when that file already exists: 'C:\\Users\\nate_\\AppData\\Roaming\\Blender Foundation\\Blender\\5.2\\extensions\\.cache').
Info: Saved as "radio_receiving.blend"
INFO Draco is available, use library at C:\Program Files\Blender Foundation\Blender 5.2\5.2\scripts\addons_core\io_scene_gltf2\bf_intern_draco_bridge.dll
INFO MeshOptimizer is available, use library at C:\Program Files\Blender Foundation\Blender 5.2\5.2\scripts\addons_core\io_scene_gltf2\bf_intern_meshopt_bridge.dll
16:03:31 | INFO: Starting glTF 2.0 export
16:03:31 | INFO: Extracting primitive: storm_shopcab_radio_service0__bakelite
16:03:31 | INFO: Primitives created: 1
16:03:31 | INFO: Extracting primitive: storm_shopcab_radio_service0__bakelite__service_panel
16:03:31 | INFO: Primitives created: 1
16:03:31 | INFO: Extracting primitive: storm_shopcab_radio_service0__bakelite_black
16:03:31 | INFO: Primitives created: 1
16:03:31 | INFO: Extracting primitive: storm_shopcab_radio_service0__bakelite_black__schematic_traces
16:03:31 | INFO: Primitives created: 1
16:03:31 | INFO: Extracting primitive: storm_shopcab_radio_service0__brass_dull
16:03:31 | INFO: Primitives created: 1
16:03:31 | INFO: Extracting primitive: storm_shopcab_radio_service0__brass_dull__service_latch
16:03:31 | INFO: Primitives created: 1
16:03:31 | INFO: Extracting primitive: storm_shopcab_radio_service0__copper_aged
16:03:31 | INFO: Primitives created: 1
16:03:31 | INFO: Extracting primitive: storm_shopcab_radio_service0__enamel_appliance
16:03:31 | INFO: Primitives created: 1
16:03:31 | INFO: Extracting primitive: storm_shopcab_radio_service0__fabric_warm
16:03:31 | INFO: Primitives created: 1
16:03:31 | INFO: Extracting primitive: storm_shopcab_radio_service0__milk_glass
16:03:31 | INFO: Primitives created: 1
16:03:31 | INFO: Extracting primitive: storm_shopcab_radio_service0__paper
16:03:31 | INFO: Primitives created: 1
16:03:31 | INFO: Finished glTF 2.0 export in 0.09746456146240234 s

RADIO RECEIVING 1 original assembly; 417 closed stocks; 11 parts; 38040 triangles; 4 floor contacts

Blender quit
