ERROR: planar mapping retains one texture metre per model metre
   at: push_error (core/variant/variant_utility.cpp:1023)
   GDScript backtrace (most recent call first):
       [0] check (res://tests/orison_v2_floor_surface_test.gd:5)
       [1] check (res://tests/orison_v2_ventilation_throat_test.gd:9)
       [2] check (res://tests/orison_v2_passage_receivers_test.gd:13)
       [3] _check_cap_mapping (res://tests/orison_v2_roof_bulkhead_caps_test.gd:157)
       [4] _check_native_chassis (res://tests/orison_v2_radio_receiving_test.gd:52)
       [5] _retail_detail_views (res://tests/orison_v2_radio_receiving_test.gd:5)
       [6] _run (res://tests/orison_v2_radio_battery_test.gd:85)
ERROR: tangent direction and handedness match actual imported UV derivatives
   at: push_error (core/variant/variant_utility.cpp:1023)
   GDScript backtrace (most recent call first):
       [0] check (res://tests/orison_v2_floor_surface_test.gd:5)
       [1] check (res://tests/orison_v2_ventilation_throat_test.gd:9)
       [2] check (res://tests/orison_v2_passage_receivers_test.gd:13)
       [3] _check_cap_mapping (res://tests/orison_v2_roof_bulkhead_caps_test.gd:158)
       [4] _check_native_chassis (res://tests/orison_v2_radio_receiving_test.gd:52)
       [5] _retail_detail_views (res://tests/orison_v2_radio_receiving_test.gd:5)
       [6] _run (res://tests/orison_v2_radio_battery_test.gd:85)
ERROR: planar mapping retains one texture metre per model metre
   at: push_error (core/variant/variant_utility.cpp:1023)
   GDScript backtrace (most recent call first):
       [0] check (res://tests/orison_v2_floor_surface_test.gd:5)
       [1] check (res://tests/orison_v2_ventilation_throat_test.gd:9)
       [2] check (res://tests/orison_v2_passage_receivers_test.gd:13)
       [3] _check_cap_mapping (res://tests/orison_v2_roof_bulkhead_caps_test.gd:157)
       [4] _check_native_chassis (res://tests/orison_v2_radio_receiving_test.gd:52)
       [5] _retail_detail_views (res://tests/orison_v2_radio_receiving_test.gd:5)
       [6] _run (res://tests/orison_v2_radio_battery_test.gd:85)
ERROR: planar mapping retains one texture metre per model metre
   at: push_error (core/variant/variant_utility.cpp:1023)
   GDScript backtrace (most recent call first):
       [0] check (res://tests/orison_v2_floor_surface_test.gd:5)
       [1] check (res://tests/orison_v2_ventilation_throat_test.gd:9)
       [2] check (res://tests/orison_v2_passage_receivers_test.gd:13)
       [3] _check_cap_mapping (res://tests/orison_v2_roof_bulkhead_caps_test.gd:157)
       [4] _check_native_chassis (res://tests/orison_v2_radio_receiving_test.gd:52)
       [5] _retail_detail_views (res://tests/orison_v2_radio_receiving_test.gd:5)
       [6] _run (res://tests/orison_v2_radio_battery_test.gd:85)
ERROR: tangent direction and handedness match actual imported UV derivatives
   at: push_error (core/variant/variant_utility.cpp:1023)
   GDScript backtrace (most recent call first):
       [0] check (res://tests/orison_v2_floor_surface_test.gd:5)
       [1] check (res://tests/orison_v2_ventilation_throat_test.gd:9)
       [2] check (res://tests/orison_v2_passage_receivers_test.gd:13)
       [3] _check_cap_mapping (res://tests/orison_v2_roof_bulkhead_caps_test.gd:158)
       [4] _check_native_chassis (res://tests/orison_v2_radio_receiving_test.gd:52)
       [5] _retail_detail_views (res://tests/orison_v2_radio_receiving_test.gd:5)
       [6] _run (res://tests/orison_v2_radio_battery_test.gd:85)
ERROR: planar mapping retains one texture metre per model metre
   at: push_error (core/variant/variant_utility.cpp:1023)
   GDScript backtrace (most recent call first):
       [0] check (res://tests/orison_v2_floor_surface_test.gd:5)
       [1] check (res://tests/orison_v2_ventilation_throat_test.gd:9)
       [2] check (res://tests/orison_v2_passage_receivers_test.gd:13)
       [3] _check_cap_mapping (res://tests/orison_v2_roof_bulkhead_caps_test.gd:157)
       [4] _check_native_chassis (res://tests/orison_v2_radio_receiving_test.gd:52)
       [5] _retail_detail_views (res://tests/orison_v2_radio_receiving_test.gd:5)
       [6] _run (res://tests/orison_v2_radio_battery_test.gd:85)
ERROR: tangent direction and handedness match actual imported UV derivatives
   at: push_error (core/variant/variant_utility.cpp:1023)
   GDScript backtrace (most recent call first):
       [0] check (res://tests/orison_v2_floor_surface_test.gd:5)
       [1] check (res://tests/orison_v2_ventilation_throat_test.gd:9)
       [2] check (res://tests/orison_v2_passage_receivers_test.gd:13)
       [3] _check_cap_mapping (res://tests/orison_v2_roof_bulkhead_caps_test.gd:158)
       [4] _check_native_chassis (res://tests/orison_v2_radio_receiving_test.gd:52)
       [5] _retail_detail_views (res://tests/orison_v2_radio_receiving_test.gd:5)
       [6] _run (res://tests/orison_v2_radio_battery_test.gd:85)
ERROR: planar mapping retains one texture metre per model metre
   at: push_error (core/variant/variant_utility.cpp:1023)
   GDScript backtrace (most recent call first):
       [0] check (res://tests/orison_v2_floor_surface_test.gd:5)
       [1] check (res://tests/orison_v2_ventilation_throat_test.gd:9)
       [2] check (res://tests/orison_v2_passage_receivers_test.gd:13)
       [3] _check_cap_mapping (res://tests/orison_v2_roof_bulkhead_caps_test.gd:157)
       [4] _check_native_chassis (res://tests/orison_v2_radio_receiving_test.gd:52)
       [5] _retail_detail_views (res://tests/orison_v2_radio_receiving_test.gd:5)
       [6] _run (res://tests/orison_v2_radio_battery_test.gd:85)
ERROR: tangent direction and handedness match actual imported UV derivatives
   at: push_error (core/variant/variant_utility.cpp:1023)
   GDScript backtrace (most recent call first):
       [0] check (res://tests/orison_v2_floor_surface_test.gd:5)
       [1] check (res://tests/orison_v2_ventilation_throat_test.gd:9)
       [2] check (res://tests/orison_v2_passage_receivers_test.gd:13)
       [3] _check_cap_mapping (res://tests/orison_v2_roof_bulkhead_caps_test.gd:158)
       [4] _check_native_chassis (res://tests/orison_v2_radio_receiving_test.gd:52)
       [5] _retail_detail_views (res://tests/orison_v2_radio_receiving_test.gd:5)
       [6] _run (res://tests/orison_v2_radio_battery_test.gd:85)
ERROR: planar mapping retains one texture metre per model metre
   at: push_error (core/variant/variant_utility.cpp:1023)
   GDScript backtrace (most recent call first):
       [0] check (res://tests/orison_v2_floor_surface_test.gd:5)
       [1] check (res://tests/orison_v2_ventilation_throat_test.gd:9)
       [2] check (res://tests/orison_v2_passage_receivers_test.gd:13)
       [3] _check_cap_mapping (res://tests/orison_v2_roof_bulkhead_caps_test.gd:157)
       [4] _check_native_chassis (res://tests/orison_v2_radio_receiving_test.gd:52)
       [5] _retail_detail_views (res://tests/orison_v2_radio_receiving_test.gd:5)
       [6] _run (res://tests/orison_v2_radio_battery_test.gd:85)
ERROR: planar mapping retains one texture metre per model metre
   at: push_error (core/variant/variant_utility.cpp:1023)
   GDScript backtrace (most recent call first):
       [0] check (res://tests/orison_v2_floor_surface_test.gd:5)
       [1] check (res://tests/orison_v2_ventilation_throat_test.gd:9)
       [2] check (res://tests/orison_v2_passage_receivers_test.gd:13)
       [3] _check_cap_mapping (res://tests/orison_v2_roof_bulkhead_caps_test.gd:157)
       [4] _check_native_chassis (res://tests/orison_v2_radio_receiving_test.gd:52)
       [5] _retail_detail_views (res://tests/orison_v2_radio_receiving_test.gd:5)
       [6] _run (res://tests/orison_v2_radio_battery_test.gd:85)
ERROR: tangent direction and handedness match actual imported UV derivatives
   at: push_error (core/variant/variant_utility.cpp:1023)
   GDScript backtrace (most recent call first):
       [0] check (res://tests/orison_v2_floor_surface_test.gd:5)
       [1] check (res://tests/orison_v2_ventilation_throat_test.gd:9)
       [2] check (res://tests/orison_v2_passage_receivers_test.gd:13)
       [3] _check_cap_mapping (res://tests/orison_v2_roof_bulkhead_caps_test.gd:158)
       [4] _check_native_chassis (res://tests/orison_v2_radio_receiving_test.gd:52)
       [5] _retail_detail_views (res://tests/orison_v2_radio_receiving_test.gd:5)
       [6] _run (res://tests/orison_v2_radio_battery_test.gd:85)
ERROR: planar mapping retains one texture metre per model metre
   at: push_error (core/variant/variant_utility.cpp:1023)
   GDScript backtrace (most recent call first):
       [0] check (res://tests/orison_v2_floor_surface_test.gd:5)
       [1] check (res://tests/orison_v2_ventilation_throat_test.gd:9)
       [2] check (res://tests/orison_v2_passage_receivers_test.gd:13)
       [3] _check_cap_mapping (res://tests/orison_v2_roof_bulkhead_caps_test.gd:157)
       [4] _check_native_chassis (res://tests/orison_v2_radio_receiving_test.gd:52)
       [5] _retail_detail_views (res://tests/orison_v2_radio_receiving_test.gd:5)
       [6] _run (res://tests/orison_v2_radio_battery_test.gd:85)
ERROR: tangent direction and handedness match actual imported UV derivatives
   at: push_error (core/variant/variant_utility.cpp:1023)
   GDScript backtrace (most recent call first):
       [0] check (res://tests/orison_v2_floor_surface_test.gd:5)
       [1] check (res://tests/orison_v2_ventilation_throat_test.gd:9)
       [2] check (res://tests/orison_v2_passage_receivers_test.gd:13)
       [3] _check_cap_mapping (res://tests/orison_v2_roof_bulkhead_caps_test.gd:158)
       [4] _check_native_chassis (res://tests/orison_v2_radio_receiving_test.gd:52)
       [5] _retail_detail_views (res://tests/orison_v2_radio_receiving_test.gd:5)
       [6] _run (res://tests/orison_v2_radio_battery_test.gd:85)
ERROR: planar mapping retains one texture metre per model metre
   at: push_error (core/variant/variant_utility.cpp:1023)
   GDScript backtrace (most recent call first):
       [0] check (res://tests/orison_v2_floor_surface_test.gd:5)
       [1] check (res://tests/orison_v2_ventilation_throat_test.gd:9)
       [2] check (res://tests/orison_v2_passage_receivers_test.gd:13)
       [3] _check_cap_mapping (res://tests/orison_v2_roof_bulkhead_caps_test.gd:157)
       [4] _check_native_chassis (res://tests/orison_v2_radio_receiving_test.gd:52)
       [5] _retail_detail_views (res://tests/orison_v2_radio_receiving_test.gd:5)
       [6] _run (res://tests/orison_v2_radio_battery_test.gd:85)
ERROR: tangent direction and handedness match actual imported UV derivatives
   at: push_error (core/variant/variant_utility.cpp:1023)
   GDScript backtrace (most recent call first):
       [0] check (res://tests/orison_v2_floor_surface_test.gd:5)
       [1] check (res://tests/orison_v2_ventilation_throat_test.gd:9)
       [2] check (res://tests/orison_v2_passage_receivers_test.gd:13)
       [3] _check_cap_mapping (res://tests/orison_v2_roof_bulkhead_caps_test.gd:158)
       [4] _check_native_chassis (res://tests/orison_v2_radio_receiving_test.gd:52)
       [5] _retail_detail_views (res://tests/orison_v2_radio_receiving_test.gd:5)
       [6] _run (res://tests/orison_v2_radio_battery_test.gd:85)
ERROR: planar mapping retains one texture metre per model metre
   at: push_error (core/variant/variant_utility.cpp:1023)
   GDScript backtrace (most recent call first):
       [0] check (res://tests/orison_v2_floor_surface_test.gd:5)
       [1] check (res://tests/orison_v2_ventilation_throat_test.gd:9)
       [2] check (res://tests/orison_v2_passage_receivers_test.gd:13)
       [3] _check_cap_mapping (res://tests/orison_v2_roof_bulkhead_caps_test.gd:157)
       [4] _check_native_chassis (res://tests/orison_v2_radio_receiving_test.gd:52)
       [5] _retail_detail_views (res://tests/orison_v2_radio_receiving_test.gd:5)
       [6] _run (res://tests/orison_v2_radio_battery_test.gd:85)
