Godot Engine v4.7.1.stable.official.a13da4feb - https://godotengine.org
Vulkan 1.4.341 - Forward+ - Using Device #0: NVIDIA - NVIDIA GeForce RTX 4080

[ACOUSTIC] 550 nodes loaded
[MW PASS] provider unit and weather-family normalization
[MW PASS] malformed provider cannot partially update presentation
[MW PASS] typed field validation
[MW PASS] five-minute interpolation uses shortest wind-bearing arc
[MW PASS] transition reaches exact endpoints
[MW PASS] verified NYC monthly temperature baseline
[MW PASS] deterministic shape seed
[MW PASS] rare shape draw stays approximately one percent per campaign day
[MW PASS] shared wall and both cut-wall segments receive separate molded cap
[MW PASS] cap has its own length-oriented wood material
[MW PASS] baseboard follows actual cut/shared stock without spanning doorway void
[MW PASS] source-backed wall trim mounts passage
[MW PASS] shop source produces actual millwork passage
[MW PASS] source-backed wall trim mounts shop_model_laundry
[MW PASS] shop source produces actual millwork shop_model_laundry
[MW PASS] source-backed wall trim mounts shop_shoe_rebuilding
[MW PASS] shop source produces actual millwork shop_shoe_rebuilding
[MW PASS] source-backed wall trim mounts shop_keys_cut
[MW PASS] shop source produces actual millwork shop_keys_cut
[MW PASS] source-backed wall trim mounts shop_hardware_paint
[MW PASS] shop source produces actual millwork shop_hardware_paint
[MW PASS] source-backed wall trim mounts shop_funeral_parlour
[MW PASS] shop source produces actual millwork shop_funeral_parlour
[MW PASS] source-backed wall trim mounts shop_photo_supplies
[MW PASS] shop source produces actual millwork shop_photo_supplies
[MW PASS] source-backed wall trim mounts shop_radio_service
[MW PASS] shop source produces actual millwork shop_radio_service
[MW PASS] source-backed wall trim mounts shop_pawnbroker
[MW PASS] shop source produces actual millwork shop_pawnbroker
[MW PASS] source-backed wall trim mounts shop_news_cigars
[MW PASS] shop source produces actual millwork shop_news_cigars
[MW PASS] source-backed wall trim mounts shop_otis_son
[MW PASS] shop source produces actual millwork shop_otis_son
[MW PASS] source-backed wall trim mounts shop_luncheonette
[MW PASS] shop source produces actual millwork shop_luncheonette
[MW PASS] loaded Perlin-Worley contains full 3D mip pyramid
[MW PASS] loaded cirrus optical mask has real mipmaps
V2 MILLWORK WEATHER RESULT: 0 failures
