# Candidate verification - 63b3382091ea

- candidate `63b3382091eaa038cf6200c63a19f419af7c4b3c`
- base `6988aa2685171604a774a8af40174208bfdff272`
- merge-base `6988aa2685171604a774a8af40174208bfdff272`
- verified 2026-10-06T15:24:06Z from verifier `63b3382091ea`

| check | result |
|---|---|
| checkout mode | in-place |
| checkout clean | yes |
| gate board vs merge-base | 0 regressions, 0 improvements |
| ledger before | {'FIRST_SLICE_TECHNICAL': 7, 'GOLDEN_SHIFT_V2': 8, 'FULL_BUILDING_STRUCTURAL': 127, 'FULL_BUILDING_RUNTIME': 42, 'PRODUCTION_CUTOVER': 151, 'V1_RETIREMENT': 153} |
| ledger after | {'FIRST_SLICE_TECHNICAL': 7, 'GOLDEN_SHIFT_V2': 8, 'FULL_BUILDING_STRUCTURAL': 127, 'FULL_BUILDING_RUNTIME': 42, 'PRODUCTION_CUTOVER': 151, 'V1_RETIREMENT': 153} |
| requirements_changed | [] |
| protected | 17/17 unchanged vs merge-base; 0 authorized selector change(s) |
| selector | v2 |
| design doc lint errors | 0 |
| gates changed by candidate | 0 |
| godot (import) | exit 0 |
| godot (import) | exit 0 |
| godot res://tests/OrisonV2PassageResidencyTest.tscn | exit 0, receipt binds |
| godot res://tests/OrisonV2RadioAccessTest.tscn | exit 0, receipt binds |
| godot res://tests/OrisonV2RadioBatteryTest.tscn | exit 0, receipt binds |
| godot res://tests/OrisonV2RadioStockTest.tscn | exit 0, receipt binds |
| godot res://tests/OrisonV2RadioApparatusTest.tscn | exit 0, receipt binds |
| godot res://tests/OrisonV2RadioBenchTest.tscn | exit 0, receipt binds |
| godot res://tests/OrisonV2ShopSeatingTest.tscn | exit 0, receipt binds |
| godot res://tests/OrisonV2PassageLoadTeardownTest.tscn | exit 0, receipt binds |
| godot res://tests/OrisonV2PublicDoorsTest.tscn | exit 0, receipt binds |
| godot res://tests/OrisonV2ShopSimulationTest.tscn | exit 0, receipt binds |
| godot res://tests/OrisonV2LaundryApparatusTest.tscn | exit 0, receipt binds |
| godot res://tests/OrisonV2HardwareToolsTest.tscn | exit 0, receipt binds |
| godot res://tests/OrisonV2PhotoGlazingTest.tscn | exit 0, receipt binds |
| godot res://tests/OrisonV2FuneralFittingsTest.tscn | exit 0, receipt binds |
| godot res://tests/OrisonV2FuneralDrapesTest.tscn | exit 0, receipt binds |
| godot res://tests/OrisonV2FuneralFoliageTest.tscn | exit 0, receipt binds |
| godot res://tests/OrisonV2ResidentKeyRouteTest.tscn | exit 0, receipt binds |

## Blocking reasons (0)

- none

## Needs human review (not blocking) (1)

- Verified the clean canonical checkout; fresh-checkout import and autocrlf behavior are outside this in-place verification

## Regressions (0)

- none

## Accepted regressions (0)

- none

## Improvements (0)

- none

## Report claims contradicted (0)

- none

## Design doc lint (0)

- none

## Gates changed by the candidate (0)

- none

MERGE-CANDIDATE 63b3382091eaa038cf6200c63a19f419af7c4b3c

written to C:\PleaseRemainOnTheLine\tmp\v2-finish-review\radio-battery-reload-final-verified
