00:00.046  reports          | WARNING Unable to open 'C:\Users\nate_\AppData\Roaming\Blender Foundation\Blender\5.2\config\userpref.blend': Permission denied
Blender 5.2.0 LTS (hash fbe6228777e7 built 2026-07-14 01:35:40)
00:01.640  blend            | Read blend: "C:\PleaseRemainOnTheLine\tmp\v2-finish-review\radio-battery-stage\art\blender\radio_battery.blend"
C:\PleaseRemainOnTheLine\tmp\v2-finish-review\radio-battery-stage\art\blender\scripts\inspect_radio_battery.py:53: DeprecationWarning: 'World.use_nodes' is expected to be removed in Blender 6.0
  scene.world=bpy.data.worlds.new('Inspection');scene.world.use_nodes=True;scene.world.node_tree.nodes['Background'].inputs[0].default_value=(.5,.55,.6,1);scene.world.node_tree.nodes['Background'].inputs[1].default_value=.7
09:27:20 | INFO: Data are loaded, start creating Blender stuff
09:27:20 | INFO: Blender create Mesh node F01_OWN_SHOP_RADIO_SERVICE_retail_shop_radio_service_appliance-col
09:27:20 | INFO: Blender create Mesh node F01_OWN_SHOP_RADIO_SERVICE_retail_shop_radio_service_awning_vinyl-col
09:27:20 | INFO: Blender create Mesh node F01_OWN_SHOP_RADIO_SERVICE_retail_shop_radio_service_bakelite
09:27:20 | INFO: Blender create Mesh node F01_OWN_SHOP_RADIO_SERVICE_retail_shop_radio_service_bakelite_black
09:27:20 | INFO: Blender create Mesh node F01_OWN_SHOP_RADIO_SERVICE_retail_shop_radio_service_bakelite_black-col
09:27:20 | INFO: Blender create Mesh node F01_OWN_SHOP_RADIO_SERVICE_retail_shop_radio_service_brass
09:27:20 | INFO: Blender create Mesh node F01_OWN_SHOP_RADIO_SERVICE_retail_shop_radio_service_brass_bright-col
09:27:20 | INFO: Blender create Mesh node F01_OWN_SHOP_RADIO_SERVICE_retail_shop_radio_service_brass_dull-col
09:27:20 | INFO: Blender create Mesh node F01_OWN_SHOP_RADIO_SERVICE_retail_shop_radio_service_cast_iron-col
09:27:20 | INFO: Blender create Mesh node F01_OWN_SHOP_RADIO_SERVICE_retail_shop_radio_service_chrome
09:27:20 | INFO: Blender create Mesh node F01_OWN_SHOP_RADIO_SERVICE_retail_shop_radio_service_concrete-col
09:27:20 | INFO: Blender create Mesh node F01_OWN_SHOP_RADIO_SERVICE_retail_shop_radio_service_copper_aged-col
09:27:20 | INFO: Blender create Mesh node F01_OWN_SHOP_RADIO_SERVICE_retail_shop_radio_service_countertop-col
09:27:20 | INFO: Blender create Mesh node F01_OWN_SHOP_RADIO_SERVICE_retail_shop_radio_service_enamel
09:27:20 | INFO: Blender create Mesh node F01_OWN_SHOP_RADIO_SERVICE_retail_shop_radio_service_fabric_warm-col
09:27:20 | INFO: Blender create Mesh node F01_OWN_SHOP_RADIO_SERVICE_retail_shop_radio_service_fx_shadow
09:27:20 | INFO: Blender create Mesh node F01_OWN_SHOP_RADIO_SERVICE_retail_shop_radio_service_glassish-col
09:27:20 | INFO: Blender create Mesh node F01_OWN_SHOP_RADIO_SERVICE_retail_shop_radio_service_hull-colonly
09:27:20 | INFO: Blender create Mesh node F01_OWN_SHOP_RADIO_SERVICE_retail_shop_radio_service_linoleum-col
09:27:20 | INFO: Blender create Mesh node F01_OWN_SHOP_RADIO_SERVICE_retail_shop_radio_service_metal-col
09:27:20 | INFO: Blender create Mesh node F01_OWN_SHOP_RADIO_SERVICE_retail_shop_radio_service_milk_glass
09:27:20 | INFO: Blender create Mesh node F01_OWN_SHOP_RADIO_SERVICE_retail_shop_radio_service_milk_glass-col
09:27:20 | INFO: Blender create Mesh node F01_OWN_SHOP_RADIO_SERVICE_retail_shop_radio_service_nickel_plated-col
09:27:20 | INFO: Blender create Mesh node F01_OWN_SHOP_RADIO_SERVICE_retail_shop_radio_service_paper-col
09:27:20 | INFO: Blender create Mesh node F01_OWN_SHOP_RADIO_SERVICE_retail_shop_radio_service_plaster-col
09:27:20 | INFO: Blender create Mesh node F01_OWN_SHOP_RADIO_SERVICE_retail_shop_radio_service_plaster_stained-col
09:27:20 | INFO: Blender create Mesh node F01_OWN_SHOP_RADIO_SERVICE_retail_shop_radio_service_plywood-col
09:27:20 | INFO: Blender create Mesh node F01_OWN_SHOP_RADIO_SERVICE_retail_shop_radio_service_screen
09:27:20 | INFO: Blender create Mesh node F01_OWN_SHOP_RADIO_SERVICE_retail_shop_radio_service_screen-col
09:27:20 | INFO: Blender create Mesh node F01_OWN_SHOP_RADIO_SERVICE_retail_shop_radio_service_stairwell_teal-col
09:27:20 | INFO: Blender create Mesh node F01_OWN_SHOP_RADIO_SERVICE_retail_shop_radio_service_terracotta
09:27:20 | INFO: Blender create Mesh node F01_OWN_SHOP_RADIO_SERVICE_retail_shop_radio_service_timber-col
09:27:20 | INFO: Blender create Mesh node F01_OWN_SHOP_RADIO_SERVICE_retail_shop_radio_service_trim-col
09:27:20 | INFO: Blender create Mesh node F01_OWN_SHOP_RADIO_SERVICE_retail_shop_radio_service_wainscot-col
09:27:20 | INFO: Blender create Mesh node F01_OWN_SHOP_RADIO_SERVICE_retail_shop_radio_service_wood_dark-col
09:27:20 | INFO: Blender create Mesh node F01_OWN_SHOP_RADIO_SERVICE_wear_fx_scuff
09:27:20 | INFO: glTF import finished in 0.12s
Traceback (most recent call last):
  File "C:\PleaseRemainOnTheLine\tmp\v2-finish-review\radio-battery-stage\art\blender\scripts\inspect_radio_battery.py", line 148, in <module>
    assert not intersections,intersections[:20]
           ^^^^^^^^^^^^^^^^^
AssertionError: [{'native': 'storm_shop_radio_service_battery_rack__bakelite_black', 'context': 'F01_OWN_SHOP_RADIO_SERVICE_retail_shop_radio_service_hull-colonly', 'native_face': 260, 'context_face': 7}, {'native': 'storm_shop_radio_service_battery_rack__bakelite_black', 'context': 'F01_OWN_SHOP_RADIO_SERVICE_retail_shop_radio_service_hull-colonly', 'native_face': 388, 'context_face': 7}, {'native': 'storm_shop_radio_service_battery_rack__bakelite_black', 'context': 'F01_OWN_SHOP_RADIO_SERVICE_retail_shop_radio_service_hull-colonly', 'native_face': 261, 'context_face': 7}, {'native': 'storm_shop_radio_service_battery_rack__bakelite_black', 'context': 'F01_OWN_SHOP_RADIO_SERVICE_retail_shop_radio_service_hull-colonly', 'native_face': 389, 'context_face': 7}, {'native': 'storm_shop_radio_service_battery_rack__bakelite_black', 'context': 'F01_OWN_SHOP_RADIO_SERVICE_retail_shop_radio_service_hull-colonly', 'native_face': 262, 'context_face': 7}, {'native': 'storm_shop_radio_service_battery_rack__bakelite_black', 'context': 'F01_OWN_SHOP_RADIO_SERVICE_retail_shop_radio_service_hull-colonly', 'native_face': 390, 'context_face': 7}, {'native': 'storm_shop_radio_service_battery_rack__bakelite_black', 'context': 'F01_OWN_SHOP_RADIO_SERVICE_retail_shop_radio_service_hull-colonly', 'native_face': 391, 'context_face': 7}, {'native': 'storm_shop_radio_service_battery_rack__bakelite_black', 'context': 'F01_OWN_SHOP_RADIO_SERVICE_retail_shop_radio_service_hull-colonly', 'native_face': 263, 'context_face': 7}, {'native': 'storm_shop_radio_service_battery_rack__bakelite_black', 'context': 'F01_OWN_SHOP_RADIO_SERVICE_retail_shop_radio_service_hull-colonly', 'native_face': 264, 'context_face': 7}, {'native': 'storm_shop_radio_service_battery_rack__bakelite_black', 'context': 'F01_OWN_SHOP_RADIO_SERVICE_retail_shop_radio_service_hull-colonly', 'native_face': 392, 'context_face': 7}, {'native': 'storm_shop_radio_service_battery_rack__bakelite_black', 'context': 'F01_OWN_SHOP_RADIO_SERVICE_retail_shop_radio_service_hull-colonly', 'native_face': 393, 'context_face': 7}, {'native': 'storm_shop_radio_service_battery_rack__bakelite_black', 'context': 'F01_OWN_SHOP_RADIO_SERVICE_retail_shop_radio_service_hull-colonly', 'native_face': 265, 'context_face': 7}, {'native': 'storm_shop_radio_service_battery_rack__bakelite_black', 'context': 'F01_OWN_SHOP_RADIO_SERVICE_retail_shop_radio_service_hull-colonly', 'native_face': 394, 'context_face': 7}, {'native': 'storm_shop_radio_service_battery_rack__bakelite_black', 'context': 'F01_OWN_SHOP_RADIO_SERVICE_retail_shop_radio_service_hull-colonly', 'native_face': 266, 'context_face': 7}, {'native': 'storm_shop_radio_service_battery_rack__bakelite_black', 'context': 'F01_OWN_SHOP_RADIO_SERVICE_retail_shop_radio_service_hull-colonly', 'native_face': 396, 'context_face': 7}, {'native': 'storm_shop_radio_service_battery_rack__bakelite_black', 'context': 'F01_OWN_SHOP_RADIO_SERVICE_retail_shop_radio_service_hull-colonly', 'native_face': 395, 'context_face': 7}, {'native': 'storm_shop_radio_service_battery_rack__bakelite_black', 'context': 'F01_OWN_SHOP_RADIO_SERVICE_retail_shop_radio_service_hull-colonly', 'native_face': 398, 'context_face': 7}, {'native': 'storm_shop_radio_service_battery_rack__bakelite_black', 'context': 'F01_OWN_SHOP_RADIO_SERVICE_retail_shop_radio_service_hull-colonly', 'native_face': 399, 'context_face': 7}, {'native': 'storm_shop_radio_service_battery_rack__bakelite_black', 'context': 'F01_OWN_SHOP_RADIO_SERVICE_retail_shop_radio_service_hull-colonly', 'native_face': 397, 'context_face': 7}, {'native': 'storm_shop_radio_service_battery_rack__bakelite_black', 'context': 'F01_OWN_SHOP_RADIO_SERVICE_retail_shop_radio_service_hull-colonly', 'native_face': 267, 'context_face': 7}]

Error: script failed, file: 'C:/PleaseRemainOnTheLine/tmp/v2-finish-review/radio-battery-stage/art/blender/scripts/inspect_radio_battery.py', exiting.

Blender quit
