ERROR: each copper link endpoint seats inside an actual passive terminal: 0/0
   at: push_error (core/variant/variant_utility.cpp:1023)
   GDScript backtrace (most recent call first):
       [0] check (res://tests/orison_v2_floor_surface_test.gd:5)
       [1] check (res://tests/orison_v2_ventilation_throat_test.gd:9)
       [2] _check_battery_details (res://tests/orison_v2_radio_battery_test.gd:144)
       [3] _check_battery_details (C:/PleaseRemainOnTheLine/tmp/v2-finish-review/radio-battery-ray-diagnostic.gd:3)
       [4] _run (res://tests/orison_v2_radio_battery_test.gd:84)
ERROR: each copper link endpoint seats inside an actual passive terminal: 0/1
   at: push_error (core/variant/variant_utility.cpp:1023)
   GDScript backtrace (most recent call first):
       [0] check (res://tests/orison_v2_floor_surface_test.gd:5)
       [1] check (res://tests/orison_v2_ventilation_throat_test.gd:9)
       [2] _check_battery_details (res://tests/orison_v2_radio_battery_test.gd:144)
       [3] _check_battery_details (C:/PleaseRemainOnTheLine/tmp/v2-finish-review/radio-battery-ray-diagnostic.gd:3)
       [4] _run (res://tests/orison_v2_radio_battery_test.gd:84)
ERROR: each copper link endpoint seats inside an actual passive terminal: 1/0
   at: push_error (core/variant/variant_utility.cpp:1023)
   GDScript backtrace (most recent call first):
       [0] check (res://tests/orison_v2_floor_surface_test.gd:5)
       [1] check (res://tests/orison_v2_ventilation_throat_test.gd:9)
       [2] _check_battery_details (res://tests/orison_v2_radio_battery_test.gd:144)
       [3] _check_battery_details (C:/PleaseRemainOnTheLine/tmp/v2-finish-review/radio-battery-ray-diagnostic.gd:3)
       [4] _run (res://tests/orison_v2_radio_battery_test.gd:84)
ERROR: each copper link endpoint seats inside an actual passive terminal: 1/1
   at: push_error (core/variant/variant_utility.cpp:1023)
   GDScript backtrace (most recent call first):
       [0] check (res://tests/orison_v2_floor_surface_test.gd:5)
       [1] check (res://tests/orison_v2_ventilation_throat_test.gd:9)
       [2] _check_battery_details (res://tests/orison_v2_radio_battery_test.gd:144)
       [3] _check_battery_details (C:/PleaseRemainOnTheLine/tmp/v2-finish-review/radio-battery-ray-diagnostic.gd:3)
       [4] _run (res://tests/orison_v2_radio_battery_test.gd:84)
ERROR: each copper link endpoint seats inside an actual passive terminal: 2/0
   at: push_error (core/variant/variant_utility.cpp:1023)
   GDScript backtrace (most recent call first):
       [0] check (res://tests/orison_v2_floor_surface_test.gd:5)
       [1] check (res://tests/orison_v2_ventilation_throat_test.gd:9)
       [2] _check_battery_details (res://tests/orison_v2_radio_battery_test.gd:144)
       [3] _check_battery_details (C:/PleaseRemainOnTheLine/tmp/v2-finish-review/radio-battery-ray-diagnostic.gd:3)
       [4] _run (res://tests/orison_v2_radio_battery_test.gd:84)
ERROR: each copper link endpoint seats inside an actual passive terminal: 2/1
   at: push_error (core/variant/variant_utility.cpp:1023)
   GDScript backtrace (most recent call first):
       [0] check (res://tests/orison_v2_floor_surface_test.gd:5)
       [1] check (res://tests/orison_v2_ventilation_throat_test.gd:9)
       [2] _check_battery_details (res://tests/orison_v2_radio_battery_test.gd:144)
       [3] _check_battery_details (C:/PleaseRemainOnTheLine/tmp/v2-finish-review/radio-battery-ray-diagnostic.gd:3)
       [4] _run (res://tests/orison_v2_radio_battery_test.gd:84)
ERROR: each copper link endpoint seats inside an actual passive terminal: 3/0
   at: push_error (core/variant/variant_utility.cpp:1023)
   GDScript backtrace (most recent call first):
       [0] check (res://tests/orison_v2_floor_surface_test.gd:5)
       [1] check (res://tests/orison_v2_ventilation_throat_test.gd:9)
       [2] _check_battery_details (res://tests/orison_v2_radio_battery_test.gd:144)
       [3] _check_battery_details (C:/PleaseRemainOnTheLine/tmp/v2-finish-review/radio-battery-ray-diagnostic.gd:3)
       [4] _run (res://tests/orison_v2_radio_battery_test.gd:84)
ERROR: each copper link endpoint seats inside an actual passive terminal: 3/1
   at: push_error (core/variant/variant_utility.cpp:1023)
   GDScript backtrace (most recent call first):
       [0] check (res://tests/orison_v2_floor_surface_test.gd:5)
       [1] check (res://tests/orison_v2_ventilation_throat_test.gd:9)
       [2] _check_battery_details (res://tests/orison_v2_radio_battery_test.gd:144)
       [3] _check_battery_details (C:/PleaseRemainOnTheLine/tmp/v2-finish-review/radio-battery-ray-diagnostic.gd:3)
       [4] _run (res://tests/orison_v2_radio_battery_test.gd:84)
