Godot Engine v4.7.1.stable.official.a13da4feb - https://godotengine.org
Vulkan 1.4.341 - Forward+ - Using Device #0: NVIDIA - NVIDIA GeForce RTX 4080

[ACOUSTIC] 550 nodes loaded
ORISON V2 BLOCKOUT: 200 spaces / 111 doors / 1104 anchors
[V2 FRONT COURT ROOF] three seated girders; retained roof slabs; mapped exterior concrete
[V2 BODEGA POWER] independent inlet; four existing fittings; 20 bearings
[SURFACE] 1148 surfaces layered (401 materials)
[PASSAGE HOURS] OPEN; 10 grilles folded
[PASSAGE HOURS] 11 shopfronts, 10 close after 02:00, HARDWARE PAINT keeps night service
[PASSAGE FINISH] 6 gated draws, 3 handcarts, hours active
[V2 PASSAGE] 13 resident cells; 11 doors; 1 shared-service counters
[SURFACE] 170 surfaces layered (81 materials)
[HARUKIYA] 9 interactables placed
[ARCADE] 2 cabinet(s) from a catalog of 12: SOMETHING IN THE HALL (mystery_serial), OPERATIONS (farm_and_market)
[ARCADE] all of them are running arcade_pit
[V2 BAR] retained cell; 29 registered markers; 3 doors
[V2 FRONT FACADE] native entrance, original landmark hardware, glazed marquee and fitted blade
[SCHEDULE] director live: 18 residents on the clock
[MOVES] personal library: res://assets/characters/mina_vale/mina_vale_moves.glb
SOURCE PARAPET MATERIAL ROOF_PARAPET_EAST brick 
SOURCE PARAPET MATERIAL ROOF_PARAPET_NORTH brick 
SOURCE PARAPET MATERIAL ROOF_PARAPET_SOUTH brick 
SOURCE PARAPET MATERIAL ROOF_PARAPET_WEST brick 
[ORISON V2 RUNTIME] ready startup_ms=30473.978
[LIGHTING] 207 sources active in system; 207 full personalities; profiles steady/breathe/mains/beat/dropout=[50, 45, 36, 42, 34]
[HARUKIYA] OPEN, 18 fixtures
CONNECTED EXTERIOR CHECK: complete retained arcade roster = true
[SURFACE] 33 surfaces layered (20 materials)
[SURFACE] 173 surfaces layered (52 materials)
[SURFACE] 231 surfaces layered (76 materials)
[SURFACE] 273 surfaces layered (100 materials)
[SURFACE] 467 surfaces layered (136 materials)
[SURFACE] 507 surfaces layered (159 materials)
[SURFACE] 621 surfaces layered (214 materials)
[SURFACE] 651 surfaces layered (242 materials)
[SURFACE] 681 surfaces layered (270 materials)
[SURFACE] 731 surfaces layered (296 materials)
[SURFACE] 1027 surfaces layered (344 materials)
[SURFACE] 1072 surfaces layered (373 materials)
CONNECTED EXTERIOR CHECK: source shop distribution east = true
CONNECTED EXTERIOR CHECK: actual player ray/prompt reaches parked_close_SITE_SHOP_DOOR_LUNCHEONETTE = true
CONNECTED EXTERIOR CHECK: actual player ray/prompt reaches entry_SITE_SHOP_DOOR_LUNCHEONETTE = true
CONNECTED EXTERIOR CHECK: usable source entry SITE_SHOP_DOOR_LUNCHEONETTE = true
CONNECTED EXTERIOR CHECK: actual player ray/prompt reaches inside_close_SITE_SHOP_DOOR_LUNCHEONETTE = true
CONNECTED EXTERIOR CHECK: inside closure SITE_SHOP_DOOR_LUNCHEONETTE = true
CONNECTED EXTERIOR CHECK: ordinary key input locks SITE_SHOP_DOOR_LUNCHEONETTE = true
CONNECTED EXTERIOR CHECK: ordinary key input unlocks SITE_SHOP_DOOR_LUNCHEONETTE = true
CONNECTED EXTERIOR CHECK: actual player ray/prompt reaches inside_reopen_SITE_SHOP_DOOR_LUNCHEONETTE = true
CONNECTED EXTERIOR CHECK: actual player ray/prompt reaches entry_SITE_SHOP_DOOR_OTIS___SON = true
CONNECTED EXTERIOR CHECK: usable source entry SITE_SHOP_DOOR_OTIS___SON = true
CONNECTED EXTERIOR CHECK: actual player ray/prompt reaches inside_close_SITE_SHOP_DOOR_OTIS___SON = true
CONNECTED EXTERIOR CHECK: inside closure SITE_SHOP_DOOR_OTIS___SON = true
CONNECTED EXTERIOR CHECK: ordinary key input locks SITE_SHOP_DOOR_OTIS___SON = true
CONNECTED EXTERIOR CHECK: ordinary key input unlocks SITE_SHOP_DOOR_OTIS___SON = true
CONNECTED EXTERIOR CHECK: actual player ray/prompt reaches inside_reopen_SITE_SHOP_DOOR_OTIS___SON = true
CONNECTED EXTERIOR CHECK: actual player ray/prompt reaches entry_SITE_SHOP_DOOR_NEWS_CIGARS = true
CONNECTED EXTERIOR CHECK: usable source entry SITE_SHOP_DOOR_NEWS_CIGARS = true
CONNECTED EXTERIOR CHECK: actual player ray/prompt reaches inside_close_SITE_SHOP_DOOR_NEWS_CIGARS = true
CONNECTED EXTERIOR CHECK: inside closure SITE_SHOP_DOOR_NEWS_CIGARS = true
CONNECTED EXTERIOR CHECK: ordinary key input locks SITE_SHOP_DOOR_NEWS_CIGARS = true
CONNECTED EXTERIOR CHECK: ordinary key input unlocks SITE_SHOP_DOOR_NEWS_CIGARS = true
CONNECTED EXTERIOR CHECK: actual player ray/prompt reaches inside_reopen_SITE_SHOP_DOOR_NEWS_CIGARS = true
CONNECTED EXTERIOR CHECK: actual player ray/prompt reaches entry_SITE_SHOP_DOOR_PAWNBROKER = true
CONNECTED EXTERIOR CHECK: usable source entry SITE_SHOP_DOOR_PAWNBROKER = true
CONNECTED EXTERIOR CHECK: actual player ray/prompt reaches inside_close_SITE_SHOP_DOOR_PAWNBROKER = true
CONNECTED EXTERIOR CHECK: inside closure SITE_SHOP_DOOR_PAWNBROKER = true
CONNECTED EXTERIOR CHECK: ordinary key input locks SITE_SHOP_DOOR_PAWNBROKER = true
CONNECTED EXTERIOR CHECK: ordinary key input unlocks SITE_SHOP_DOOR_PAWNBROKER = true
CONNECTED EXTERIOR CHECK: actual player ray/prompt reaches inside_reopen_SITE_SHOP_DOOR_PAWNBROKER = true
CONNECTED EXTERIOR CHECK: actual player ray/prompt reaches entry_SITE_SHOP_DOOR_RADIO_SERVICE = true
CONNECTED EXTERIOR CHECK: usable source entry SITE_SHOP_DOOR_RADIO_SERVICE = true
CONNECTED EXTERIOR CHECK: actual player ray/prompt reaches inside_close_SITE_SHOP_DOOR_RADIO_SERVICE = true
CONNECTED EXTERIOR CHECK: inside closure SITE_SHOP_DOOR_RADIO_SERVICE = true
CONNECTED EXTERIOR CHECK: ordinary key input locks SITE_SHOP_DOOR_RADIO_SERVICE = true
CONNECTED EXTERIOR CHECK: ordinary key input unlocks SITE_SHOP_DOOR_RADIO_SERVICE = true
CONNECTED EXTERIOR CHECK: actual player ray/prompt reaches inside_reopen_SITE_SHOP_DOOR_RADIO_SERVICE = true
CONNECTED EXTERIOR CHECK: all native Radio Service fittings survive the actual exterior round = false
V2 RADIO ACCESS: 49 waypoints; 1 failures
