# Candidate verification - b844f9b24306

- candidate `b844f9b2430606d2588aa6bca283d8989602a7b0`
- base `dd516d7875645ad11d7561b50814221e85ba8c77`
- merge-base `dd516d7875645ad11d7561b50814221e85ba8c77`
- verified 2026-10-06T13:57:45Z from verifier `b844f9b24306`

| check | result |
|---|---|
| checkout mode | in-place |
| checkout clean | yes |
| gate board vs merge-base | 0 regressions, 0 improvements |
| ledger before | {'FIRST_SLICE_TECHNICAL': 7, 'GOLDEN_SHIFT_V2': 8, 'FULL_BUILDING_STRUCTURAL': 127, 'FULL_BUILDING_RUNTIME': 42, 'PRODUCTION_CUTOVER': 151, 'V1_RETIREMENT': 153} |
| ledger after | {'FIRST_SLICE_TECHNICAL': 7, 'GOLDEN_SHIFT_V2': 8, 'FULL_BUILDING_STRUCTURAL': 127, 'FULL_BUILDING_RUNTIME': 42, 'PRODUCTION_CUTOVER': 151, 'V1_RETIREMENT': 153} |
| requirements_changed | [] |
| protected | 17/17 unchanged vs merge-base; 0 authorized selector change(s) |
| selector | v2 |
| design doc lint errors | 0 |
| gates changed by candidate | 1 |
| godot (import) | exit 0 |
| godot (import) | exit 0 |
| godot res://tests/OrisonV2RadioBatteryTest.tscn | exit 0, receipt binds |
| godot res://tests/OrisonV2RadioStockTest.tscn | exit 0, receipt binds |
| godot res://tests/OrisonV2RadioApparatusTest.tscn | exit 0, receipt binds |
| godot res://tests/OrisonV2RadioBenchTest.tscn | exit 0, receipt binds |
| godot res://tests/OrisonV2ShopSeatingTest.tscn | exit 0, receipt binds |
| godot res://tests/OrisonV2PassageLoadTeardownTest.tscn | exit 0, receipt binds |
| godot res://tests/OrisonV2PublicDoorsTest.tscn | exit 0, receipt binds |
| godot res://tests/OrisonV2ShopSimulationTest.tscn | exit 0, receipt binds |
| godot res://tests/OrisonV2ResidentKeyRouteTest.tscn | exit 0, receipt binds |
| godot res://tests/OrisonV2PassageResidencyTest.tscn | exit 0, receipt binds |

## Blocking reasons (0)

- none

## Needs human review (not blocking) (2)

- candidate changes 1 gate file(s); read those diffs before trusting the board
- Verified the clean canonical checkout; fresh-checkout import and autocrlf behavior are outside this in-place verification

## Regressions (0)

- none

## Accepted regressions (0)

- none

## Improvements (0)

- none

## Report claims contradicted (0)

- none

## Design doc lint (0)

- none

## Gates changed by the candidate (1)

- M tools/orison_spatial_dependency_manifest.json

MERGE-CANDIDATE b844f9b2430606d2588aa6bca283d8989602a7b0

written to C:\PleaseRemainOnTheLine\tmp\v2-finish-review\radio-battery-windowed-final-verified
