Godot Engine v4.7.1.stable.official.a13da4feb - https://godotengine.org
Vulkan 1.4.341 - Forward+ - Using Device #0: NVIDIA - NVIDIA GeForce RTX 4080

[ACOUSTIC] 550 nodes loaded
ORISON V2 BLOCKOUT: 200 spaces / 111 doors / 1104 anchors
[V2 FRONT COURT ROOF] three seated girders; retained roof slabs; mapped exterior concrete
[V2 BODEGA POWER] independent inlet; four existing fittings; 20 bearings
[SURFACE] 1148 surfaces layered (401 materials)
[PASSAGE HOURS] OPEN; 10 grilles folded
[PASSAGE HOURS] 11 shopfronts, 10 close after 02:00, HARDWARE PAINT keeps night service
[PASSAGE FINISH] 6 gated draws, 3 handcarts, hours active
[V2 PASSAGE] 13 resident cells; 11 doors; 1 shared-service counters
[SURFACE] 170 surfaces layered (81 materials)
[HARUKIYA] 9 interactables placed
[ARCADE] 2 cabinet(s) from a catalog of 12: SOMETHING IN THE HALL (mystery_serial), OPERATIONS (farm_and_market)
[ARCADE] all of them are running arcade_pit
[V2 BAR] retained cell; 29 registered markers; 3 doors
[V2 FRONT FACADE] native entrance, original landmark hardware, glazed marquee and fitted blade
[SCHEDULE] director live: 18 residents on the clock
[MOVES] personal library: res://assets/characters/mina_vale/mina_vale_moves.glb
SOURCE PARAPET MATERIAL ROOF_PARAPET_EAST brick 
SOURCE PARAPET MATERIAL ROOF_PARAPET_NORTH brick 
SOURCE PARAPET MATERIAL ROOF_PARAPET_SOUTH brick 
SOURCE PARAPET MATERIAL ROOF_PARAPET_WEST brick 
[ORISON V2 RUNTIME] ready startup_ms=29913.855
[LIGHTING] 207 sources active in system; 207 full personalities; profiles steady/breathe/mains/beat/dropout=[50, 45, 36, 42, 34]
CAP MAPPING: mesh=radio_battery_storm_shop_radio_service_battery_rack__bakelite_black valid_basis=true max_uv_excess=0.00000006007031 widest=1.00001615279929 vertices=5862 derivatives=true bad_derivatives=0 min_determinant=0.00001673090932 worst_dot=0.99999988079071
CAP MAPPING: mesh=radio_battery_storm_shop_radio_service_battery_rack__electrode_metal valid_basis=true max_uv_excess=0.00000008940697 widest=1.00013755196929 vertices=5046 derivatives=true bad_derivatives=0 min_determinant=0.00000011566548 worst_dot=0.99999988079071
CAP MAPPING: mesh=radio_battery_storm_shop_radio_service_battery_rack__glass_shell valid_basis=true max_uv_excess=0.00000012107193 widest=1.0000336159499 vertices=14144 derivatives=true bad_derivatives=0 min_determinant=0.00002143596311 worst_dot=0.99999982118607
CAP MAPPING: mesh=radio_battery_storm_shop_radio_service_battery_rack__series_wire valid_basis=true max_uv_excess=0.000000086613 widest=1.00007604988709 vertices=3696 derivatives=true bad_derivatives=0 min_determinant=0.00000064775364 worst_dot=0.99999988079071
CAP MAPPING: mesh=radio_battery_storm_shop_radio_service_battery_rack__terminal_metal valid_basis=true max_uv_excess=0.00000002654269 widest=1.00002902750229 vertices=3470 derivatives=true bad_derivatives=0 min_determinant=0.00000010806252 worst_dot=0.99999988079071
CAP MAPPING: mesh=radio_battery_storm_shop_radio_service_battery_rack__timber valid_basis=true max_uv_excess=0.00000008381903 widest=1.00014400319976 vertices=10000 derivatives=true bad_derivatives=0 min_determinant=0.00000011566076 worst_dot=0.99999982118607
CAP MAPPING: mesh=radio_battery_storm_shop_radio_service_battery_rack__wet_fill valid_basis=true max_uv_excess=0.00000007916242 widest=1.00001159667471 vertices=3856 derivatives=true bad_derivatives=0 min_determinant=0.00005324566529 worst_dot=0.99999988079071
[HARUKIYA] OPEN, 18 fixtures
RADIO BATTERY: checks=296 parts=7 triangles=20912 removed=132 supports=4 failures=8
