Godot Engine v4.7.1.stable.official.a13da4feb - https://godotengine.org
Vulkan 1.4.341 - Forward+ - Using Device #0: NVIDIA - NVIDIA GeForce RTX 4080

[ACOUSTIC] 550 nodes loaded
ORISON V2 BLOCKOUT: 200 spaces / 111 doors / 1104 anchors
[V2 FRONT COURT ROOF] three seated girders; retained roof slabs; mapped exterior concrete
[V2 BODEGA POWER] independent inlet; four existing fittings; 20 bearings
[SURFACE] 386 surfaces layered (258 materials)
[PASSAGE HOURS] OPEN; 10 grilles folded
[PASSAGE HOURS] 11 shopfronts, 10 close after 02:00, HARDWARE PAINT keeps night service
[PASSAGE FINISH] 6 gated draws, 3 handcarts, hours active
[V2 PASSAGE] 13 resident cells; 11 doors; 1 shared-service counters
[SURFACE] 215 surfaces layered (108 materials)
[HARUKIYA] 9 interactables placed
[ARCADE] 2 cabinet(s) from a catalog of 12: SOMETHING IN THE HALL (mystery_serial), OPERATIONS (farm_and_market)
[ARCADE] all of them are running arcade_pit
[V2 BAR] retained cell; 29 registered markers; 3 doors
[V2 FRONT FACADE] native entrance, original landmark hardware, glazed marquee and fitted blade
[SCHEDULE] director live: 18 residents on the clock
[MOVES] personal library: res://assets/characters/mina_vale/mina_vale_moves.glb
SOURCE PARAPET MATERIAL ROOF_PARAPET_EAST brick 
SOURCE PARAPET MATERIAL ROOF_PARAPET_NORTH brick 
SOURCE PARAPET MATERIAL ROOF_PARAPET_SOUTH brick 
SOURCE PARAPET MATERIAL ROOF_PARAPET_WEST brick 
[ORISON V2 RUNTIME] ready startup_ms=34535.379
[LIGHTING] 211 sources active in system; 211 full personalities; profiles steady/breathe/mains/beat/dropout=[50, 49, 36, 42, 34]
LIFT JOINERY: wall_probes=15 control_bores=2 failures=0
[HARUKIYA] OPEN, 18 fixtures
ROOF VENTILATORS: machines=4 actuations=4 failures=0
CAP MAPPING: mesh=household_fridges_FridgeMonitor__Body_ON_brass valid_basis=true max_uv_excess=0.0000000752043 widest=1.00010312592889 vertices=1013 derivatives=true bad_derivatives=0 min_determinant=0.00000009599681 worst_dot=0.99999988079071
CAP MAPPING: mesh=household_fridges_FridgeMonitor__Body_ON_copper valid_basis=true max_uv_excess=0.00000007962808 widest=1.0000505263391 vertices=16494 derivatives=true bad_derivatives=0 min_determinant=0.00000018045126 worst_dot=0.99999982118607
CAP MAPPING: mesh=household_fridges_FridgeMonitor__Body_ON_dark valid_basis=true max_uv_excess=0.00000234413892 widest=1.00018104740079 vertices=5647 derivatives=true bad_derivatives=0 min_determinant=0.00004628466913 worst_dot=0.99999982118607
CAP MAPPING: mesh=household_fridges_FridgeMonitor__Body_ON_enamel valid_basis=true max_uv_excess=0.00000319257379 widest=1.00018069498623 vertices=8385 derivatives=true bad_derivatives=0 min_determinant=0.00000011566076 worst_dot=0.99999982118607
CAP MAPPING: mesh=household_fridges_FridgeMonitor__Body_ON_nickel valid_basis=true max_uv_excess=0.00000170734711 widest=1.00072690204757 vertices=57624 derivatives=true bad_derivatives=0 min_determinant=0.00000002007202 worst_dot=0.99999934434891
CAP MAPPING: mesh=household_fridges_FridgeMonitor__Door_ON_enamel valid_basis=true max_uv_excess=0.00000011920929 widest=1.00005356978932 vertices=1462 derivatives=true bad_derivatives=0 min_determinant=0.0000009068355 worst_dot=0.99999982118607
CAP MAPPING: mesh=household_fridges_FridgeMonitor__Door_ON_nickel valid_basis=true max_uv_excess=0.0000018030405 widest=1.00076689687418 vertices=15696 derivatives=true bad_derivatives=0 min_determinant=0.00000002889105 worst_dot=0.99999976158142
CAP MAPPING: mesh=household_fridges_FridgeItem_06__Body_ON_paper valid_basis=true max_uv_excess=0.00000006851042 widest=1.00013253985092 vertices=992 derivatives=true bad_derivatives=0 min_determinant=0.00000011566842 worst_dot=0.99999982118607
CAP MAPPING: mesh=household_fridges_FridgeItem_01__Body_ON_bottle valid_basis=true max_uv_excess=0.00000420864671 widest=1.00072165533847 vertices=4495 derivatives=true bad_derivatives=0 min_determinant=0.00000597177738 worst_dot=0.99999982118607
CAP MAPPING: mesh=household_fridges_FridgeItem_01__Body_ON_nickel valid_basis=true max_uv_excess=0.00000208453275 widest=1.00072198591043 vertices=875 derivatives=true bad_derivatives=0 min_determinant=0.00000459510638 worst_dot=0.99999988079071
CAP MAPPING: mesh=household_fridges_FridgeItem_01__Body_ON_paper valid_basis=true max_uv_excess=0.00000424869359 widest=1.00071835762104 vertices=1762 derivatives=true bad_derivatives=0 min_determinant=0.00000104076469 worst_dot=0.99999964237213
CAP MAPPING: mesh=household_fridges_FridgeItem_07__Body_ON_bottle valid_basis=true max_uv_excess=0.00000220024958 widest=1.00073619057953 vertices=4556 derivatives=true bad_derivatives=0 min_determinant=0.00000306849765 worst_dot=0.99999982118607
CAP MAPPING: mesh=household_fridges_FridgeItem_07__Body_ON_nickel valid_basis=true max_uv_excess=0.00000200257637 widest=1.00071532465601 vertices=895 derivatives=true bad_derivatives=0 min_determinant=0.0000029827957 worst_dot=0.99999988079071
CAP MAPPING: mesh=household_fridges_FridgeItem_08__Body_ON_bottle valid_basis=true max_uv_excess=0.00000220374204 widest=1.00073619057953 vertices=4544 derivatives=true bad_derivatives=0 min_determinant=0.00000283248703 worst_dot=0.99999982118607
CAP MAPPING: mesh=household_fridges_FridgeItem_08__Body_ON_nickel valid_basis=true max_uv_excess=0.00000200257637 widest=1.00071532465601 vertices=879 derivatives=true bad_derivatives=0 min_determinant=0.00000287086959 worst_dot=0.99999988079071
CAP MAPPING: mesh=household_fridges_FridgeIcebox__Body_ON_brass valid_basis=true max_uv_excess=0.00000008451752 widest=1.00032700191269 vertices=2520 derivatives=true bad_derivatives=0 min_determinant=0.00000002007202 worst_dot=0.99999934434891
CAP MAPPING: mesh=household_fridges_FridgeIcebox__Body_ON_liner valid_basis=true max_uv_excess=0.00000008405186 widest=1.00016079726618 vertices=4374 derivatives=true bad_derivatives=0 min_determinant=0.00000008028806 worst_dot=0.99999928474426
CAP MAPPING: mesh=household_fridges_FridgeIcebox__Body_ON_nickel valid_basis=true max_uv_excess=0.00000008696225 widest=1.00023161896996 vertices=51317 derivatives=true bad_derivatives=0 min_determinant=0.00000004459136 worst_dot=0.9999988079071
CAP MAPPING: mesh=household_fridges_FridgeIcebox__Body_ON_oak valid_basis=true max_uv_excess=0.00000011920929 widest=1.00015336431998 vertices=5567 derivatives=true bad_derivatives=0 min_determinant=0.00000011566076 worst_dot=0.99999982118607
CAP MAPPING: mesh=household_fridges_FridgeIcebox__Door_ON_brass valid_basis=true max_uv_excess=0.00000185519457 widest=1.00076689687418 vertices=15483 derivatives=true bad_derivatives=0 min_determinant=0.00000002889958 worst_dot=0.99999976158142
CAP MAPPING: mesh=household_fridges_FridgeIcebox__Door_ON_liner valid_basis=true max_uv_excess=0.00000006798655 widest=1.00005654076544 vertices=479 derivatives=true bad_derivatives=0 min_determinant=0.00000090683055 worst_dot=0.99999988079071
CAP MAPPING: mesh=household_fridges_FridgeIcebox__Door_ON_oak valid_basis=true max_uv_excess=0.00000007310882 widest=1.00002275310371 vertices=989 derivatives=true bad_derivatives=0 min_determinant=0.00000416401377 worst_dot=0.99999982118607
CAP MAPPING: mesh=household_fridges_FridgeIcebox__DripTray_ON_brass valid_basis=true max_uv_excess=0.00000148639083 widest=1.00073273206838 vertices=1674 derivatives=true bad_derivatives=0 min_determinant=0.00000022245 worst_dot=0.99999988079071
CAP MAPPING: mesh=household_fridges_FridgeIcebox__DripTray_ON_liner valid_basis=true max_uv_excess=0.00000008288771 widest=1.00015680108584 vertices=2490 derivatives=true bad_derivatives=0 min_determinant=0.00000011567019 worst_dot=0.99999982118607
CAP MAPPING: mesh=household_fridges_FridgeIcebox__DripTray_ON_oak valid_basis=true max_uv_excess=0.00000005640322 widest=1.00010002045004 vertices=511 derivatives=true bad_derivatives=0 min_determinant=0.00000026021819 worst_dot=0.99999988079071
CAP MAPPING: mesh=household_fridges_FridgeIcebox__IceDoor_ON_brass valid_basis=true max_uv_excess=0.00000197254121 widest=1.00076689687418 vertices=10195 derivatives=true bad_derivatives=0 min_determinant=0.0000000288887 worst_dot=0.99999982118607
CAP MAPPING: mesh=household_fridges_FridgeIcebox__IceDoor_ON_liner valid_basis=true max_uv_excess=0.00000005960464 widest=1.00003965280869 vertices=498 derivatives=true bad_derivatives=0 min_determinant=0.00000090676955 worst_dot=0.99999982118607
CAP MAPPING: mesh=household_fridges_FridgeIcebox__IceDoor_ON_oak valid_basis=true max_uv_excess=0.0000000607688 widest=1.00002357215144 vertices=1038 derivatives=true bad_derivatives=0 min_determinant=0.00000416412519 worst_dot=0.99999988079071
CAP MAPPING: mesh=household_fridges_FridgeItem_15__Body_ON_bottle valid_basis=true max_uv_excess=0.00000237720087 widest=1.00073524467414 vertices=4531 derivatives=true bad_derivatives=0 min_determinant=0.00000272828335 worst_dot=0.99999982118607
CAP MAPPING: mesh=household_fridges_FridgeItem_15__Body_ON_nickel valid_basis=true max_uv_excess=0.00000117125455 widest=1.00073020327898 vertices=918 derivatives=true bad_derivatives=0 min_determinant=0.00000198081873 worst_dot=0.99999982118607
CAP MAPPING: mesh=household_fridges_FridgeItem_15__Body_ON_paper valid_basis=true max_uv_excess=0.00000238791108 widest=1.00071871380502 vertices=1757 derivatives=true bad_derivatives=0 min_determinant=0.00000057510599 worst_dot=0.99999970197678
CAP MAPPING: mesh=household_fridges_FridgeItem_16__Body_ON_paper valid_basis=true max_uv_excess=0.0000000782311 widest=1.00029173787088 vertices=1089 derivatives=true bad_derivatives=0 min_determinant=0.00000001850742 worst_dot=0.99999982118607
CAP MAPPING: mesh=household_fridges_FridgeItem_12__Body_ON_bottle valid_basis=true max_uv_excess=0.00000280514359 widest=1.00072266596101 vertices=4520 derivatives=true bad_derivatives=0 min_determinant=0.00000313092557 worst_dot=0.99999982118607
CAP MAPPING: mesh=household_fridges_FridgeItem_12__Body_ON_nickel valid_basis=true max_uv_excess=0.00000139989424 widest=1.0007272882105 vertices=888 derivatives=true bad_derivatives=0 min_determinant=0.00000233924357 worst_dot=0.99999988079071
CAP MAPPING: mesh=household_fridges_FridgeItem_12__Body_ON_paper valid_basis=true max_uv_excess=0.00000284565613 widest=1.00072001713562 vertices=1748 derivatives=true bad_derivatives=0 min_determinant=0.00000069147608 worst_dot=0.99999964237213
CAP MAPPING: mesh=household_fridges_FridgeItem_04__Body_ON_paper valid_basis=true max_uv_excess=0.00000007361814 widest=1.00037109120988 vertices=1093 derivatives=true bad_derivatives=0 min_determinant=0.00000001850648 worst_dot=0.99999988079071
CAP MAPPING: mesh=household_fridges_FridgeItem_09__Body_ON_bottle valid_basis=true max_uv_excess=0.00000291736796 widest=1.00072599210139 vertices=4549 derivatives=true bad_derivatives=0 min_determinant=0.00000534811537 worst_dot=0.99999976158142
CAP MAPPING: mesh=household_fridges_FridgeItem_09__Body_ON_nickel valid_basis=true max_uv_excess=0.00000268011354 widest=1.00071800682652 vertices=905 derivatives=true bad_derivatives=0 min_determinant=0.00000525227073 worst_dot=0.99999988079071
CAP MAPPING: mesh=household_fridges_FridgeItem_09__Body_ON_paper valid_basis=true max_uv_excess=0.00000292574987 widest=1.0007214406777 vertices=1749 derivatives=true bad_derivatives=0 min_determinant=0.00000071015188 worst_dot=0.99999970197678
CAP MAPPING: mesh=household_fridges_FridgeItem_10__Body_ON_bottle valid_basis=true max_uv_excess=0.00000220141374 widest=1.00073619057953 vertices=4544 derivatives=true bad_derivatives=0 min_determinant=0.00000236316158 worst_dot=0.99999982118607
CAP MAPPING: mesh=household_fridges_FridgeItem_10__Body_ON_nickel valid_basis=true max_uv_excess=0.00000200257637 widest=1.00071532465601 vertices=891 derivatives=true bad_derivatives=0 min_determinant=0.00000266239929 worst_dot=0.99999982118607
CAP MAPPING: mesh=household_fridges_FridgeItem_10__Body_ON_paper valid_basis=true max_uv_excess=0.00000221887603 widest=1.00072183287683 vertices=1767 derivatives=true bad_derivatives=0 min_determinant=0.00000053087193 worst_dot=0.99999964237213
CAP MAPPING: mesh=household_fridges_FridgeItem_11__Body_ON_paper valid_basis=true max_uv_excess=0.00000004841422 widest=1.00024404227308 vertices=1089 derivatives=true bad_derivatives=0 min_determinant=0.00000001850648 worst_dot=0.99999988079071
CAP MAPPING: mesh=household_fridges_FridgeItem_14__Body_ON_paper valid_basis=true max_uv_excess=0.00000005518086 widest=1.0000975193817 vertices=980 derivatives=true bad_derivatives=0 min_determinant=0.00000011566931 worst_dot=0.99999982118607
CAP MAPPING: mesh=household_fridges_FridgeItem_17__Body_ON_food valid_basis=true max_uv_excess=0.00000005727634 widest=1.00003615456251 vertices=495 derivatives=true bad_derivatives=0 min_determinant=0.00000185070305 worst_dot=0.99999988079071
CAP MAPPING: mesh=household_fridges_FridgeItem_17__Body_ON_paper valid_basis=true max_uv_excess=0.00000007361814 widest=1.00037109120988 vertices=579 derivatives=true bad_derivatives=0 min_determinant=0.00000001850648 worst_dot=0.99999988079071
CAP MAPPING: mesh=household_fridges_FridgeItem_18__Body_ON_food valid_basis=true max_uv_excess=0.00000005727634 widest=1.00003655274633 vertices=507 derivatives=true bad_derivatives=0 min_determinant=0.00000185070777 worst_dot=0.99999988079071
CAP MAPPING: mesh=household_fridges_FridgeItem_18__Body_ON_paper valid_basis=true max_uv_excess=0.00000005334732 widest=1.00025618579607 vertices=568 derivatives=true bad_derivatives=0 min_determinant=0.00000001850695 worst_dot=0.99999982118607
CAP MAPPING: mesh=household_fridges_FridgeItem_13__Body_ON_paper valid_basis=true max_uv_excess=0.0000000607688 widest=1.0001055157607 vertices=1038 derivatives=true bad_derivatives=0 min_determinant=0.00000011566784 worst_dot=0.99999982118607
CAP MAPPING: mesh=household_fridges_FridgeItem_21__Body_ON_paper valid_basis=true max_uv_excess=0.00000005518086 widest=1.00025400340403 vertices=1083 derivatives=true bad_derivatives=0 min_determinant=0.00000001850648 worst_dot=0.99999988079071
CAP MAPPING: mesh=household_fridges_FridgeItem_03__Body_ON_food valid_basis=true max_uv_excess=0.00000193971209 widest=1.00073393696881 vertices=57929 derivatives=true bad_derivatives=0 min_determinant=0.00000033308957 worst_dot=0.99999976158142
CAP MAPPING: mesh=household_fridges_FridgeItem_03__Body_ON_paper valid_basis=true max_uv_excess=0.00000007473864 widest=1.00005023190396 vertices=520 derivatives=true bad_derivatives=0 min_determinant=0.00000104100344 worst_dot=0.99999982118607
CAP MAPPING: mesh=household_fridges_FridgeItem_02__Body_ON_bottle valid_basis=true max_uv_excess=0.00000254320912 widest=1.00072620574747 vertices=4582 derivatives=true bad_derivatives=0 min_determinant=0.00000303176964 worst_dot=0.99999982118607
CAP MAPPING: mesh=household_fridges_FridgeItem_02__Body_ON_nickel valid_basis=true max_uv_excess=0.00000235671178 widest=1.00072156233858 vertices=907 derivatives=true bad_derivatives=0 min_determinant=0.00000354868299 worst_dot=0.99999982118607
CAP MAPPING: mesh=household_fridges_FridgeItem_02__Body_ON_paper valid_basis=true max_uv_excess=0.00000257254578 widest=1.00071908018652 vertices=1760 derivatives=true bad_derivatives=0 min_determinant=0.00000062047856 worst_dot=0.99999976158142
CAP MAPPING: mesh=household_fridges_FridgeItem_22__Body_ON_food valid_basis=true max_uv_excess=0.00000005343463 widest=1.00003655274633 vertices=510 derivatives=true bad_derivatives=0 min_determinant=0.00000185070482 worst_dot=0.99999988079071
CAP MAPPING: mesh=household_fridges_FridgeItem_22__Body_ON_paper valid_basis=true max_uv_excess=0.00000005227048 widest=1.00024543630411 vertices=584 derivatives=true bad_derivatives=0 min_determinant=0.00000001850695 worst_dot=0.99999982118607
CAP MAPPING: mesh=household_fridges_FridgeItem_19__Body_ON_paper valid_basis=true max_uv_excess=0.00000005867332 widest=1.00016054623947 vertices=991 derivatives=true bad_derivatives=0 min_determinant=0.00000011566857 worst_dot=0.99999982118607
CAP MAPPING: mesh=household_fridges_FridgeItem_20__Body_ON_paper valid_basis=true max_uv_excess=0.00000006949995 widest=1.00013445419031 vertices=996 derivatives=true bad_derivatives=0 min_determinant=0.00000011566754 worst_dot=0.99999982118607
CAP MAPPING: mesh=household_fridges_FridgeItem_05__Body_ON_food valid_basis=true max_uv_excess=0.00000194087625 widest=1.00073445671613 vertices=9647 derivatives=true bad_derivatives=0 min_determinant=0.00000081259299 worst_dot=0.99999976158142
CAP MAPPING: mesh=fixed_lighting_flush_dome_rise150__Body_ON_brass valid_basis=true max_uv_excess=0.00000176858157 widest=1.00018508260331 vertices=8829 derivatives=true bad_derivatives=0 min_determinant=0.00000002000626 worst_dot=0.99999868869781
CAP MAPPING: mesh=fixed_lighting_flush_dome_rise150__Bulb_ON_bulb valid_basis=true max_uv_excess=0.00000218115747 widest=1.00019718349396 vertices=55307 derivatives=true bad_derivatives=0 min_determinant=0.0000032627654 worst_dot=0.99999982118607
CAP MAPPING: mesh=fixed_lighting_flush_dome_rise150__Mount_ON_brass valid_basis=true max_uv_excess=0.00000420864671 widest=1.00071499261512 vertices=1250 derivatives=true bad_derivatives=0 min_determinant=0.00000022321561 worst_dot=0.99999982118607
CAP MAPPING: mesh=fixed_lighting_pendant_shade_rise360__Body_ON_brass valid_basis=true max_uv_excess=0.00000222702511 widest=1.00071535182409 vertices=10671 derivatives=true bad_derivatives=0 min_determinant=0.00000000874689 worst_dot=0.99999463558197
CAP MAPPING: mesh=fixed_lighting_pendant_shade_rise360__Body_ON_enamel valid_basis=true max_uv_excess=0.00000220607035 widest=1.00073326849615 vertices=873 derivatives=true bad_derivatives=0 min_determinant=0.0000122861322 worst_dot=0.99999988079071
CAP MAPPING: mesh=fixed_lighting_pendant_shade_rise360__Body_ON_linen valid_basis=true max_uv_excess=0.0000027474016 widest=1.00018232134953 vertices=8783 derivatives=true bad_derivatives=0 min_determinant=0.00001211036555 worst_dot=0.99999982118607
CAP MAPPING: mesh=fixed_lighting_pendant_shade_rise360__Body_ON_rubber valid_basis=true max_uv_excess=0.00000007357448 widest=1.00006088965948 vertices=357 derivatives=true bad_derivatives=0 min_determinant=0.00000008034271 worst_dot=0.99999982118607
CAP MAPPING: mesh=fixed_lighting_pendant_shade_rise360__Bulb_ON_bulb valid_basis=true max_uv_excess=0.00000376300886 widest=1.00073344203372 vertices=29478 derivatives=true bad_derivatives=0 min_determinant=0.00000072198646 worst_dot=0.99999982118607
CAP MAPPING: mesh=fixed_lighting_pendant_shade_rise360__Mount_ON_brass valid_basis=true max_uv_excess=0.00000561028719 widest=1.00077299988628 vertices=3475 derivatives=true bad_derivatives=0 min_determinant=0.00000058501542 worst_dot=0.99999982118607
CAP MAPPING: mesh=fixed_lighting_pendant_shade_rise100__Body_ON_brass valid_basis=true max_uv_excess=0.00000222702511 widest=1.00071535182409 vertices=10671 derivatives=true bad_derivatives=0 min_determinant=0.00000000874689 worst_dot=0.99999463558197
CAP MAPPING: mesh=fixed_lighting_pendant_shade_rise100__Body_ON_enamel valid_basis=true max_uv_excess=0.00000220607035 widest=1.00073326849615 vertices=873 derivatives=true bad_derivatives=0 min_determinant=0.0000122861322 worst_dot=0.99999988079071
CAP MAPPING: mesh=fixed_lighting_pendant_shade_rise100__Body_ON_linen valid_basis=true max_uv_excess=0.0000027474016 widest=1.00018232134953 vertices=8783 derivatives=true bad_derivatives=0 min_determinant=0.00001211036555 worst_dot=0.99999982118607
CAP MAPPING: mesh=fixed_lighting_pendant_shade_rise100__Body_ON_rubber valid_basis=true max_uv_excess=0.00000007357448 widest=1.00006088965948 vertices=363 derivatives=true bad_derivatives=0 min_determinant=0.00000008034271 worst_dot=0.99999976158142
CAP MAPPING: mesh=fixed_lighting_pendant_shade_rise100__Bulb_ON_bulb valid_basis=true max_uv_excess=0.00000376300886 widest=1.00073344203372 vertices=29478 derivatives=true bad_derivatives=0 min_determinant=0.00000072198646 worst_dot=0.99999982118607
CAP MAPPING: mesh=fixed_lighting_pendant_shade_rise100__Mount_ON_brass valid_basis=true max_uv_excess=0.00000561028719 widest=1.00077299988628 vertices=3397 derivatives=true bad_derivatives=0 min_determinant=0.00000058499423 worst_dot=0.99999982118607
CAP MAPPING: mesh=fixed_lighting_kitchen_linear_rise100__Body_ON_brass valid_basis=true max_uv_excess=0.0000000516884 widest=1.00010404230321 vertices=795 derivatives=true bad_derivatives=0 min_determinant=0.00000002002169 worst_dot=0.99999910593033
CAP MAPPING: mesh=fixed_lighting_kitchen_linear_rise100__Body_ON_enamel valid_basis=true max_uv_excess=0.00000011920929 widest=1.00023916423925 vertices=3568 derivatives=true bad_derivatives=0 min_determinant=0.00000002891519 worst_dot=0.99999976158142
CAP MAPPING: mesh=fixed_lighting_kitchen_linear_rise100__Bulb_ON_bulb valid_basis=true max_uv_excess=0.00000190059654 widest=1.00072630571091 vertices=956 derivatives=true bad_derivatives=0 min_determinant=0.00000665328705 worst_dot=0.99999988079071
CAP MAPPING: mesh=fixed_lighting_kitchen_linear_rise100__Mount_ON_brass valid_basis=true max_uv_excess=0.00000420864671 widest=1.00071499261512 vertices=1237 derivatives=true bad_derivatives=0 min_determinant=0.00000022321561 worst_dot=0.99999982118607
CAP MAPPING: mesh=fixed_lighting_flush_dome_rise100__Body_ON_brass valid_basis=true max_uv_excess=0.00000176858157 widest=1.00018508260331 vertices=8829 derivatives=true bad_derivatives=0 min_determinant=0.00000002000626 worst_dot=0.99999868869781
CAP MAPPING: mesh=fixed_lighting_flush_dome_rise100__Bulb_ON_bulb valid_basis=true max_uv_excess=0.00000218115747 widest=1.00019718349396 vertices=55307 derivatives=true bad_derivatives=0 min_determinant=0.0000032627654 worst_dot=0.99999982118607
CAP MAPPING: mesh=fixed_lighting_flush_dome_rise100__Mount_ON_brass valid_basis=true max_uv_excess=0.00000420864671 widest=1.00071499261512 vertices=1237 derivatives=true bad_derivatives=0 min_determinant=0.00000022321561 worst_dot=0.99999982118607
CAP MAPPING: mesh=fixed_lighting_sconce_globe_back050__Body_ON_brass valid_basis=true max_uv_excess=0.00000229291618 widest=1.0007709499817 vertices=11639 derivatives=true bad_derivatives=0 min_determinant=0.00000005666249 worst_dot=0.99999976158142
CAP MAPPING: mesh=fixed_lighting_sconce_globe_back050__Body_ON_enamel valid_basis=true max_uv_excess=0.00000172224827 widest=1.0007314681308 vertices=905 derivatives=true bad_derivatives=0 min_determinant=0.00000936085915 worst_dot=0.99999982118607
CAP MAPPING: mesh=fixed_lighting_sconce_globe_back050__Bulb_ON_bulb valid_basis=true max_uv_excess=0.00000162003562 widest=1.00031747355831 vertices=55871 derivatives=true bad_derivatives=0 min_determinant=0.00000159960502 worst_dot=0.99999976158142
CAP MAPPING: mesh=fixed_lighting_pendant_shade__Body_ON_brass valid_basis=true max_uv_excess=0.00000222702511 widest=1.00071535182409 vertices=10671 derivatives=true bad_derivatives=0 min_determinant=0.00000000874689 worst_dot=0.99999463558197
CAP MAPPING: mesh=fixed_lighting_pendant_shade__Body_ON_enamel valid_basis=true max_uv_excess=0.00000220607035 widest=1.00073326849615 vertices=873 derivatives=true bad_derivatives=0 min_determinant=0.0000122861322 worst_dot=0.99999988079071
CAP MAPPING: mesh=fixed_lighting_pendant_shade__Body_ON_linen valid_basis=true max_uv_excess=0.0000027474016 widest=1.00018232134953 vertices=8783 derivatives=true bad_derivatives=0 min_determinant=0.00001211036555 worst_dot=0.99999982118607
CAP MAPPING: mesh=fixed_lighting_pendant_shade__Body_ON_rubber valid_basis=true max_uv_excess=0.00000007357448 widest=1.00006088965948 vertices=352 derivatives=true bad_derivatives=0 min_determinant=0.00000008034271 worst_dot=0.99999982118607
CAP MAPPING: mesh=fixed_lighting_pendant_shade__Bulb_ON_bulb valid_basis=true max_uv_excess=0.00000376300886 widest=1.00073344203372 vertices=29478 derivatives=true bad_derivatives=0 min_determinant=0.00000072198646 worst_dot=0.99999982118607
CAP MAPPING: mesh=fixed_lighting_pendant_shade__Mount_ON_brass valid_basis=true max_uv_excess=0.00000561028719 widest=1.00077299988628 vertices=3400 derivatives=true bad_derivatives=0 min_determinant=0.00000058499423 worst_dot=0.99999982118607
CAP MAPPING: mesh=fixed_lighting_flush_dome__Body_ON_brass valid_basis=true max_uv_excess=0.00000176858157 widest=1.00018508260331 vertices=8829 derivatives=true bad_derivatives=0 min_determinant=0.00000002000626 worst_dot=0.99999868869781
CAP MAPPING: mesh=fixed_lighting_flush_dome__Bulb_ON_bulb valid_basis=true max_uv_excess=0.00000218115747 widest=1.00019718349396 vertices=55307 derivatives=true bad_derivatives=0 min_determinant=0.0000032627654 worst_dot=0.99999982118607
CAP MAPPING: mesh=fixed_lighting_kitchen_linear__Body_ON_brass valid_basis=true max_uv_excess=0.0000000516884 widest=1.00010404230321 vertices=795 derivatives=true bad_derivatives=0 min_determinant=0.00000002002169 worst_dot=0.99999910593033
CAP MAPPING: mesh=fixed_lighting_kitchen_linear__Body_ON_enamel valid_basis=true max_uv_excess=0.00000011920929 widest=1.00023916423925 vertices=3568 derivatives=true bad_derivatives=0 min_determinant=0.00000002891519 worst_dot=0.99999976158142
CAP MAPPING: mesh=fixed_lighting_kitchen_linear__Bulb_ON_bulb valid_basis=true max_uv_excess=0.00000190059654 widest=1.00072630571091 vertices=956 derivatives=true bad_derivatives=0 min_determinant=0.00000665328705 worst_dot=0.99999988079071
CAP MAPPING: mesh=fixed_lighting_cage_bulb_rise960__Body_ON_brass valid_basis=true max_uv_excess=0.00000245776027 widest=1.00072847826941 vertices=7363 derivatives=true bad_derivatives=0 min_determinant=0.00000105940483 worst_dot=0.99999976158142
CAP MAPPING: mesh=fixed_lighting_cage_bulb_rise960__Body_ON_enamel valid_basis=true max_uv_excess=0.00000237720087 widest=1.00072693801604 vertices=911 derivatives=true bad_derivatives=0 min_determinant=0.00001345621418 worst_dot=0.99999988079071
CAP MAPPING: mesh=fixed_lighting_cage_bulb_rise960__Body_ON_iron valid_basis=true max_uv_excess=0.00000738725066 widest=1.00071509504366 vertices=4991 derivatives=true bad_derivatives=0 min_determinant=0.0000021434838 worst_dot=0.99999982118607
CAP MAPPING: mesh=fixed_lighting_cage_bulb_rise960__Body_ON_rubber valid_basis=true max_uv_excess=0.00000005238689 widest=1.00006087482463 vertices=335 derivatives=true bad_derivatives=0 min_determinant=0.00000005579091 worst_dot=0.99999970197678
CAP MAPPING: mesh=fixed_lighting_cage_bulb_rise960__Bulb_ON_bulb valid_basis=true max_uv_excess=0.00000422261655 widest=1.00073029381385 vertices=27571 derivatives=true bad_derivatives=0 min_determinant=0.00000092266237 worst_dot=0.99999982118607
CAP MAPPING: mesh=fixed_lighting_cage_bulb_rise960__Mount_ON_brass valid_basis=true max_uv_excess=0.00000420864671 widest=1.00077299988628 vertices=4665 derivatives=true bad_derivatives=0 min_determinant=0.00000022321561 worst_dot=0.99999982118607
CAP MAPPING: mesh=fixed_lighting_cage_bulb_wall0x-255__Body_ON_brass valid_basis=true max_uv_excess=0.00000245776027 widest=1.00072847826941 vertices=7363 derivatives=true bad_derivatives=0 min_determinant=0.00000105940483 worst_dot=0.99999976158142
CAP MAPPING: mesh=fixed_lighting_cage_bulb_wall0x-255__Body_ON_enamel valid_basis=true max_uv_excess=0.00000237720087 widest=1.00072693801604 vertices=911 derivatives=true bad_derivatives=0 min_determinant=0.00001345621418 worst_dot=0.99999988079071
CAP MAPPING: mesh=fixed_lighting_cage_bulb_wall0x-255__Body_ON_iron valid_basis=true max_uv_excess=0.00000738725066 widest=1.00071509504366 vertices=4991 derivatives=true bad_derivatives=0 min_determinant=0.0000021434838 worst_dot=0.99999982118607
CAP MAPPING: mesh=fixed_lighting_cage_bulb_wall0x-255__Body_ON_rubber valid_basis=true max_uv_excess=0.00000005238689 widest=1.00006087482463 vertices=335 derivatives=true bad_derivatives=0 min_determinant=0.00000005579091 worst_dot=0.99999970197678
CAP MAPPING: mesh=fixed_lighting_cage_bulb_wall0x-255__Bulb_ON_bulb valid_basis=true max_uv_excess=0.00000422261655 widest=1.00073029381385 vertices=27571 derivatives=true bad_derivatives=0 min_determinant=0.00000092266237 worst_dot=0.99999982118607
CAP MAPPING: mesh=fixed_lighting_cage_bulb_wall0x-255__Mount_ON_brass valid_basis=true max_uv_excess=0.00000518234447 widest=1.00077299988628 vertices=4574 derivatives=true bad_derivatives=0 min_determinant=0.00000058501687 worst_dot=0.99999982118607
CAP MAPPING: mesh=fixed_lighting_cage_bulb_rise160__Body_ON_brass valid_basis=true max_uv_excess=0.00000245776027 widest=1.00072847826941 vertices=7363 derivatives=true bad_derivatives=0 min_determinant=0.00000105940483 worst_dot=0.99999976158142
CAP MAPPING: mesh=fixed_lighting_cage_bulb_rise160__Body_ON_enamel valid_basis=true max_uv_excess=0.00000237720087 widest=1.00072693801604 vertices=911 derivatives=true bad_derivatives=0 min_determinant=0.00001345621418 worst_dot=0.99999988079071
CAP MAPPING: mesh=fixed_lighting_cage_bulb_rise160__Body_ON_iron valid_basis=true max_uv_excess=0.00000738725066 widest=1.00071509504366 vertices=4991 derivatives=true bad_derivatives=0 min_determinant=0.0000021434838 worst_dot=0.99999982118607
CAP MAPPING: mesh=fixed_lighting_cage_bulb_rise160__Body_ON_rubber valid_basis=true max_uv_excess=0.00000005238689 widest=1.00006087482463 vertices=335 derivatives=true bad_derivatives=0 min_determinant=0.00000005579091 worst_dot=0.99999970197678
CAP MAPPING: mesh=fixed_lighting_cage_bulb_rise160__Bulb_ON_bulb valid_basis=true max_uv_excess=0.00000422261655 widest=1.00073029381385 vertices=27571 derivatives=true bad_derivatives=0 min_determinant=0.00000092266237 worst_dot=0.99999982118607
CAP MAPPING: mesh=fixed_lighting_cage_bulb_rise160__Mount_ON_brass valid_basis=true max_uv_excess=0.00000420864671 widest=1.00077299988628 vertices=4647 derivatives=true bad_derivatives=0 min_determinant=0.00000022321561 worst_dot=0.99999982118607
CAP MAPPING: mesh=fixed_lighting_cage_bulb_rise140__Body_ON_brass valid_basis=true max_uv_excess=0.00000245776027 widest=1.00072847826941 vertices=7363 derivatives=true bad_derivatives=0 min_determinant=0.00000105940483 worst_dot=0.99999976158142
CAP MAPPING: mesh=fixed_lighting_cage_bulb_rise140__Body_ON_enamel valid_basis=true max_uv_excess=0.00000237720087 widest=1.00072693801604 vertices=911 derivatives=true bad_derivatives=0 min_determinant=0.00001345621418 worst_dot=0.99999988079071
CAP MAPPING: mesh=fixed_lighting_cage_bulb_rise140__Body_ON_iron valid_basis=true max_uv_excess=0.00000738725066 widest=1.00071509504366 vertices=4991 derivatives=true bad_derivatives=0 min_determinant=0.0000021434838 worst_dot=0.99999982118607
CAP MAPPING: mesh=fixed_lighting_cage_bulb_rise140__Body_ON_rubber valid_basis=true max_uv_excess=0.00000005238689 widest=1.00006087482463 vertices=335 derivatives=true bad_derivatives=0 min_determinant=0.00000005579091 worst_dot=0.99999970197678
CAP MAPPING: mesh=fixed_lighting_cage_bulb_rise140__Bulb_ON_bulb valid_basis=true max_uv_excess=0.00000422261655 widest=1.00073029381385 vertices=27571 derivatives=true bad_derivatives=0 min_determinant=0.00000092266237 worst_dot=0.99999982118607
CAP MAPPING: mesh=fixed_lighting_cage_bulb_rise140__Mount_ON_brass valid_basis=true max_uv_excess=0.00000420864671 widest=1.00077299988628 vertices=4654 derivatives=true bad_derivatives=0 min_determinant=0.00000022321561 worst_dot=0.99999982118607
CAP MAPPING: mesh=fixed_lighting_cage_bulb_rise250__Body_ON_brass valid_basis=true max_uv_excess=0.00000245776027 widest=1.00072847826941 vertices=7363 derivatives=true bad_derivatives=0 min_determinant=0.00000105940483 worst_dot=0.99999976158142
CAP MAPPING: mesh=fixed_lighting_cage_bulb_rise250__Body_ON_enamel valid_basis=true max_uv_excess=0.00000237720087 widest=1.00072693801604 vertices=911 derivatives=true bad_derivatives=0 min_determinant=0.00001345621418 worst_dot=0.99999988079071
CAP MAPPING: mesh=fixed_lighting_cage_bulb_rise250__Body_ON_iron valid_basis=true max_uv_excess=0.00000738725066 widest=1.00071509504366 vertices=4991 derivatives=true bad_derivatives=0 min_determinant=0.0000021434838 worst_dot=0.99999982118607
CAP MAPPING: mesh=fixed_lighting_cage_bulb_rise250__Body_ON_rubber valid_basis=true max_uv_excess=0.00000005238689 widest=1.00006087482463 vertices=335 derivatives=true bad_derivatives=0 min_determinant=0.00000005579091 worst_dot=0.99999970197678
CAP MAPPING: mesh=fixed_lighting_cage_bulb_rise250__Bulb_ON_bulb valid_basis=true max_uv_excess=0.00000422261655 widest=1.00073029381385 vertices=27571 derivatives=true bad_derivatives=0 min_determinant=0.00000092266237 worst_dot=0.99999982118607
CAP MAPPING: mesh=fixed_lighting_cage_bulb_rise250__Mount_ON_brass valid_basis=true max_uv_excess=0.00000420864671 widest=1.00077299988628 vertices=4660 derivatives=true bad_derivatives=0 min_determinant=0.00000022321561 worst_dot=0.99999982118607
CAP MAPPING: mesh=fixed_lighting_cage_bulb_rise60__Body_ON_brass valid_basis=true max_uv_excess=0.00000245776027 widest=1.00072847826941 vertices=7363 derivatives=true bad_derivatives=0 min_determinant=0.00000105940483 worst_dot=0.99999976158142
CAP MAPPING: mesh=fixed_lighting_cage_bulb_rise60__Body_ON_enamel valid_basis=true max_uv_excess=0.00000237720087 widest=1.00072693801604 vertices=911 derivatives=true bad_derivatives=0 min_determinant=0.00001345621418 worst_dot=0.99999988079071
CAP MAPPING: mesh=fixed_lighting_cage_bulb_rise60__Body_ON_iron valid_basis=true max_uv_excess=0.00000738725066 widest=1.00071509504366 vertices=4991 derivatives=true bad_derivatives=0 min_determinant=0.0000021434838 worst_dot=0.99999982118607
CAP MAPPING: mesh=fixed_lighting_cage_bulb_rise60__Body_ON_rubber valid_basis=true max_uv_excess=0.00000005238689 widest=1.00006087482463 vertices=335 derivatives=true bad_derivatives=0 min_determinant=0.00000005579091 worst_dot=0.99999970197678
CAP MAPPING: mesh=fixed_lighting_cage_bulb_rise60__Bulb_ON_bulb valid_basis=true max_uv_excess=0.00000422261655 widest=1.00073029381385 vertices=27571 derivatives=true bad_derivatives=0 min_determinant=0.00000092266237 worst_dot=0.99999982118607
CAP MAPPING: mesh=fixed_lighting_cage_bulb_rise60__Mount_ON_brass valid_basis=true max_uv_excess=0.00000420864671 widest=1.00077299988628 vertices=4643 derivatives=true bad_derivatives=0 min_determinant=0.00000022321561 worst_dot=0.99999982118607
CAP MAPPING: mesh=fixed_lighting_cage_bulb_rise2000__Body_ON_brass valid_basis=true max_uv_excess=0.00000245776027 widest=1.00072847826941 vertices=7363 derivatives=true bad_derivatives=0 min_determinant=0.00000105940483 worst_dot=0.99999976158142
CAP MAPPING: mesh=fixed_lighting_cage_bulb_rise2000__Body_ON_enamel valid_basis=true max_uv_excess=0.00000237720087 widest=1.00072693801604 vertices=911 derivatives=true bad_derivatives=0 min_determinant=0.00001345621418 worst_dot=0.99999988079071
CAP MAPPING: mesh=fixed_lighting_cage_bulb_rise2000__Body_ON_iron valid_basis=true max_uv_excess=0.00000738725066 widest=1.00071509504366 vertices=4991 derivatives=true bad_derivatives=0 min_determinant=0.0000021434838 worst_dot=0.99999982118607
CAP MAPPING: mesh=fixed_lighting_cage_bulb_rise2000__Body_ON_rubber valid_basis=true max_uv_excess=0.00000005238689 widest=1.00006087482463 vertices=335 derivatives=true bad_derivatives=0 min_determinant=0.00000005579091 worst_dot=0.99999970197678
CAP MAPPING: mesh=fixed_lighting_cage_bulb_rise2000__Bulb_ON_bulb valid_basis=true max_uv_excess=0.00000422261655 widest=1.00073029381385 vertices=27571 derivatives=true bad_derivatives=0 min_determinant=0.00000092266237 worst_dot=0.99999982118607
CAP MAPPING: mesh=fixed_lighting_cage_bulb_rise2000__Mount_ON_brass valid_basis=true max_uv_excess=0.00000420864671 widest=1.00077299988628 vertices=4690 derivatives=true bad_derivatives=0 min_determinant=0.00000022321561 worst_dot=0.99999982118607
CAP MAPPING: mesh=fixed_lighting_kitchen_linear_rise80__Body_ON_brass valid_basis=true max_uv_excess=0.0000000516884 widest=1.00010404230321 vertices=795 derivatives=true bad_derivatives=0 min_determinant=0.00000002002169 worst_dot=0.99999910593033
CAP MAPPING: mesh=fixed_lighting_kitchen_linear_rise80__Body_ON_enamel valid_basis=true max_uv_excess=0.00000011920929 widest=1.00023916423925 vertices=3568 derivatives=true bad_derivatives=0 min_determinant=0.00000002891519 worst_dot=0.99999976158142
CAP MAPPING: mesh=fixed_lighting_kitchen_linear_rise80__Bulb_ON_bulb valid_basis=true max_uv_excess=0.00000190059654 widest=1.00072630571091 vertices=956 derivatives=true bad_derivatives=0 min_determinant=0.00000665328705 worst_dot=0.99999988079071
CAP MAPPING: mesh=fixed_lighting_kitchen_linear_rise80__Mount_ON_brass valid_basis=true max_uv_excess=0.00000420864671 widest=1.00071499261512 vertices=1225 derivatives=true bad_derivatives=0 min_determinant=0.00000022321561 worst_dot=0.99999982118607
CAP MAPPING: mesh=fixed_lighting_pendant_shade_rise450__Body_ON_brass valid_basis=true max_uv_excess=0.00000222702511 widest=1.00071535182409 vertices=10671 derivatives=true bad_derivatives=0 min_determinant=0.00000000874689 worst_dot=0.99999463558197
CAP MAPPING: mesh=fixed_lighting_pendant_shade_rise450__Body_ON_enamel valid_basis=true max_uv_excess=0.00000220607035 widest=1.00073326849615 vertices=873 derivatives=true bad_derivatives=0 min_determinant=0.0000122861322 worst_dot=0.99999988079071
CAP MAPPING: mesh=fixed_lighting_pendant_shade_rise450__Body_ON_linen valid_basis=true max_uv_excess=0.0000027474016 widest=1.00018232134953 vertices=8783 derivatives=true bad_derivatives=0 min_determinant=0.00001211036555 worst_dot=0.99999982118607
CAP MAPPING: mesh=fixed_lighting_pendant_shade_rise450__Body_ON_rubber valid_basis=true max_uv_excess=0.00000007357448 widest=1.00006088965948 vertices=377 derivatives=true bad_derivatives=0 min_determinant=0.00000008034271 worst_dot=0.99999982118607
CAP MAPPING: mesh=fixed_lighting_pendant_shade_rise450__Bulb_ON_bulb valid_basis=true max_uv_excess=0.00000376300886 widest=1.00073344203372 vertices=29478 derivatives=true bad_derivatives=0 min_determinant=0.00000072198646 worst_dot=0.99999982118607
CAP MAPPING: mesh=fixed_lighting_pendant_shade_rise450__Mount_ON_brass valid_basis=true max_uv_excess=0.00000561028719 widest=1.00077299988628 vertices=3504 derivatives=true bad_derivatives=0 min_determinant=0.00000058501542 worst_dot=0.99999982118607
CAP MAPPING: mesh=fixed_lighting_pendant_shade_rise470__Body_ON_brass valid_basis=true max_uv_excess=0.00000222702511 widest=1.00071535182409 vertices=10671 derivatives=true bad_derivatives=0 min_determinant=0.00000000874689 worst_dot=0.99999463558197
CAP MAPPING: mesh=fixed_lighting_pendant_shade_rise470__Body_ON_enamel valid_basis=true max_uv_excess=0.00000220607035 widest=1.00073326849615 vertices=873 derivatives=true bad_derivatives=0 min_determinant=0.0000122861322 worst_dot=0.99999988079071
CAP MAPPING: mesh=fixed_lighting_pendant_shade_rise470__Body_ON_linen valid_basis=true max_uv_excess=0.0000027474016 widest=1.00018232134953 vertices=8783 derivatives=true bad_derivatives=0 min_determinant=0.00001211036555 worst_dot=0.99999982118607
CAP MAPPING: mesh=fixed_lighting_pendant_shade_rise470__Body_ON_rubber valid_basis=true max_uv_excess=0.00000004778849 widest=1.00006088965948 vertices=373 derivatives=true bad_derivatives=0 min_determinant=0.00000008034271 worst_dot=0.99999976158142
CAP MAPPING: mesh=fixed_lighting_pendant_shade_rise470__Bulb_ON_bulb valid_basis=true max_uv_excess=0.00000376300886 widest=1.00073344203372 vertices=29478 derivatives=true bad_derivatives=0 min_determinant=0.00000072198646 worst_dot=0.99999982118607
CAP MAPPING: mesh=fixed_lighting_pendant_shade_rise470__Mount_ON_brass valid_basis=true max_uv_excess=0.00000561028719 widest=1.00077299988628 vertices=3476 derivatives=true bad_derivatives=0 min_determinant=0.00000058501542 worst_dot=0.99999982118607
CAP MAPPING: mesh=fixed_lighting_pendant_shade_retained_rod__Body_ON_brass valid_basis=true max_uv_excess=0.00000222702511 widest=1.00071535182409 vertices=10671 derivatives=true bad_derivatives=0 min_determinant=0.00000000874689 worst_dot=0.99999463558197
CAP MAPPING: mesh=fixed_lighting_pendant_shade_retained_rod__Body_ON_enamel valid_basis=true max_uv_excess=0.00000220607035 widest=1.00073326849615 vertices=873 derivatives=true bad_derivatives=0 min_determinant=0.0000122861322 worst_dot=0.99999988079071
CAP MAPPING: mesh=fixed_lighting_pendant_shade_retained_rod__Body_ON_linen valid_basis=true max_uv_excess=0.0000027474016 widest=1.00018232134953 vertices=8783 derivatives=true bad_derivatives=0 min_determinant=0.00001211036555 worst_dot=0.99999982118607
CAP MAPPING: mesh=fixed_lighting_pendant_shade_retained_rod__Body_ON_rubber valid_basis=true max_uv_excess=0.00000007357448 widest=1.00006088965948 vertices=352 derivatives=true bad_derivatives=0 min_determinant=0.00000008034271 worst_dot=0.99999982118607
CAP MAPPING: mesh=fixed_lighting_pendant_shade_retained_rod__Bulb_ON_bulb valid_basis=true max_uv_excess=0.00000376300886 widest=1.00073344203372 vertices=29478 derivatives=true bad_derivatives=0 min_determinant=0.00000072198646 worst_dot=0.99999982118607
CAP MAPPING: mesh=fixed_lighting_pendant_shade_retained_rod__Mount_ON_brass valid_basis=true max_uv_excess=0.00000197556801 widest=1.0007191909733 vertices=880 derivatives=true bad_derivatives=0 min_determinant=0.00000369695909 worst_dot=0.99999982118607
CAP MAPPING: mesh=fixed_lighting_cage_bulb_rise800__Body_ON_brass valid_basis=true max_uv_excess=0.00000245776027 widest=1.00072847826941 vertices=7363 derivatives=true bad_derivatives=0 min_determinant=0.00000105940483 worst_dot=0.99999976158142
CAP MAPPING: mesh=fixed_lighting_cage_bulb_rise800__Body_ON_enamel valid_basis=true max_uv_excess=0.00000237720087 widest=1.00072693801604 vertices=911 derivatives=true bad_derivatives=0 min_determinant=0.00001345621418 worst_dot=0.99999988079071
CAP MAPPING: mesh=fixed_lighting_cage_bulb_rise800__Body_ON_iron valid_basis=true max_uv_excess=0.00000738725066 widest=1.00071509504366 vertices=4991 derivatives=true bad_derivatives=0 min_determinant=0.0000021434838 worst_dot=0.99999982118607
CAP MAPPING: mesh=fixed_lighting_cage_bulb_rise800__Body_ON_rubber valid_basis=true max_uv_excess=0.00000005238689 widest=1.00006087482463 vertices=335 derivatives=true bad_derivatives=0 min_determinant=0.00000005579091 worst_dot=0.99999970197678
CAP MAPPING: mesh=fixed_lighting_cage_bulb_rise800__Bulb_ON_bulb valid_basis=true max_uv_excess=0.00000422261655 widest=1.00073029381385 vertices=27571 derivatives=true bad_derivatives=0 min_determinant=0.00000092266237 worst_dot=0.99999982118607
CAP MAPPING: mesh=fixed_lighting_cage_bulb_rise800__Mount_ON_brass valid_basis=true max_uv_excess=0.00000420864671 widest=1.00077299988628 vertices=4659 derivatives=true bad_derivatives=0 min_determinant=0.00000022321561 worst_dot=0.99999982118607
CAP MAPPING: mesh=fixed_lighting_sconce_globe_back80__Body_ON_brass valid_basis=true max_uv_excess=0.00000229291618 widest=1.0007709499817 vertices=11640 derivatives=true bad_derivatives=0 min_determinant=0.00000005667773 worst_dot=0.99999976158142
CAP MAPPING: mesh=fixed_lighting_sconce_globe_back80__Body_ON_enamel valid_basis=true max_uv_excess=0.00000172224827 widest=1.0007314681308 vertices=905 derivatives=true bad_derivatives=0 min_determinant=0.00000936085915 worst_dot=0.99999982118607
CAP MAPPING: mesh=fixed_lighting_sconce_globe_back80__Bulb_ON_bulb valid_basis=true max_uv_excess=0.00000162003562 widest=1.00031747355831 vertices=55871 derivatives=true bad_derivatives=0 min_determinant=0.00000159960502 worst_dot=0.99999976158142
CAP MAPPING: mesh=fixed_lighting_sconce_globe_back160__Body_ON_brass valid_basis=true max_uv_excess=0.00000229291618 widest=1.0007709499817 vertices=11659 derivatives=true bad_derivatives=0 min_determinant=0.00000005666249 worst_dot=0.99999976158142
CAP MAPPING: mesh=fixed_lighting_sconce_globe_back160__Body_ON_enamel valid_basis=true max_uv_excess=0.00000172224827 widest=1.0007314681308 vertices=905 derivatives=true bad_derivatives=0 min_determinant=0.00000936085915 worst_dot=0.99999982118607
CAP MAPPING: mesh=fixed_lighting_sconce_globe_back160__Bulb_ON_bulb valid_basis=true max_uv_excess=0.00000162003562 widest=1.00031747355831 vertices=55871 derivatives=true bad_derivatives=0 min_determinant=0.00000159960502 worst_dot=0.99999976158142
CAP MAPPING: mesh=fixed_lighting_sconce_globe_back100__Body_ON_brass valid_basis=true max_uv_excess=0.00000229291618 widest=1.0007709499817 vertices=11654 derivatives=true bad_derivatives=0 min_determinant=0.00000005666249 worst_dot=0.99999976158142
CAP MAPPING: mesh=fixed_lighting_sconce_globe_back100__Body_ON_enamel valid_basis=true max_uv_excess=0.00000172224827 widest=1.0007314681308 vertices=905 derivatives=true bad_derivatives=0 min_determinant=0.00000936085915 worst_dot=0.99999982118607
CAP MAPPING: mesh=fixed_lighting_sconce_globe_back100__Bulb_ON_bulb valid_basis=true max_uv_excess=0.00000162003562 widest=1.00031747355831 vertices=55871 derivatives=true bad_derivatives=0 min_determinant=0.00000159960502 worst_dot=0.99999976158142
CAP MAPPING: mesh=fixed_lighting_cage_bulb_rise300__Body_ON_brass valid_basis=true max_uv_excess=0.00000245776027 widest=1.00072847826941 vertices=7363 derivatives=true bad_derivatives=0 min_determinant=0.00000105940483 worst_dot=0.99999976158142
CAP MAPPING: mesh=fixed_lighting_cage_bulb_rise300__Body_ON_enamel valid_basis=true max_uv_excess=0.00000237720087 widest=1.00072693801604 vertices=911 derivatives=true bad_derivatives=0 min_determinant=0.00001345621418 worst_dot=0.99999988079071
CAP MAPPING: mesh=fixed_lighting_cage_bulb_rise300__Body_ON_iron valid_basis=true max_uv_excess=0.00000738725066 widest=1.00071509504366 vertices=4991 derivatives=true bad_derivatives=0 min_determinant=0.0000021434838 worst_dot=0.99999982118607
CAP MAPPING: mesh=fixed_lighting_cage_bulb_rise300__Body_ON_rubber valid_basis=true max_uv_excess=0.00000005238689 widest=1.00006087482463 vertices=335 derivatives=true bad_derivatives=0 min_determinant=0.00000005579091 worst_dot=0.99999970197678
CAP MAPPING: mesh=fixed_lighting_cage_bulb_rise300__Bulb_ON_bulb valid_basis=true max_uv_excess=0.00000422261655 widest=1.00073029381385 vertices=27571 derivatives=true bad_derivatives=0 min_determinant=0.00000092266237 worst_dot=0.99999982118607
CAP MAPPING: mesh=fixed_lighting_cage_bulb_rise300__Mount_ON_brass valid_basis=true max_uv_excess=0.00000420864671 widest=1.00077299988628 vertices=4664 derivatives=true bad_derivatives=0 min_determinant=0.00000022321561 worst_dot=0.99999982118607
CAP MAPPING: mesh=fixed_lighting_cage_bulb_wall0x200__Body_ON_brass valid_basis=true max_uv_excess=0.00000245776027 widest=1.00072847826941 vertices=7363 derivatives=true bad_derivatives=0 min_determinant=0.00000105940483 worst_dot=0.99999976158142
CAP MAPPING: mesh=fixed_lighting_cage_bulb_wall0x200__Body_ON_enamel valid_basis=true max_uv_excess=0.00000237720087 widest=1.00072693801604 vertices=911 derivatives=true bad_derivatives=0 min_determinant=0.00001345621418 worst_dot=0.99999988079071
CAP MAPPING: mesh=fixed_lighting_cage_bulb_wall0x200__Body_ON_iron valid_basis=true max_uv_excess=0.00000738725066 widest=1.00071509504366 vertices=4991 derivatives=true bad_derivatives=0 min_determinant=0.0000021434838 worst_dot=0.99999982118607
CAP MAPPING: mesh=fixed_lighting_cage_bulb_wall0x200__Body_ON_rubber valid_basis=true max_uv_excess=0.00000005238689 widest=1.00006087482463 vertices=335 derivatives=true bad_derivatives=0 min_determinant=0.00000005579091 worst_dot=0.99999970197678
CAP MAPPING: mesh=fixed_lighting_cage_bulb_wall0x200__Bulb_ON_bulb valid_basis=true max_uv_excess=0.00000422261655 widest=1.00073029381385 vertices=27571 derivatives=true bad_derivatives=0 min_determinant=0.00000092266237 worst_dot=0.99999982118607
CAP MAPPING: mesh=fixed_lighting_cage_bulb_wall0x200__Mount_ON_brass valid_basis=true max_uv_excess=0.00000518234447 widest=1.00077299988628 vertices=4472 derivatives=true bad_derivatives=0 min_determinant=0.00000058501687 worst_dot=0.99999982118607
CAP MAPPING: mesh=fixed_lighting_cage_bulb_rise380__Body_ON_brass valid_basis=true max_uv_excess=0.00000245776027 widest=1.00072847826941 vertices=7363 derivatives=true bad_derivatives=0 min_determinant=0.00000105940483 worst_dot=0.99999976158142
CAP MAPPING: mesh=fixed_lighting_cage_bulb_rise380__Body_ON_enamel valid_basis=true max_uv_excess=0.00000237720087 widest=1.00072693801604 vertices=911 derivatives=true bad_derivatives=0 min_determinant=0.00001345621418 worst_dot=0.99999988079071
CAP MAPPING: mesh=fixed_lighting_cage_bulb_rise380__Body_ON_iron valid_basis=true max_uv_excess=0.00000738725066 widest=1.00071509504366 vertices=4991 derivatives=true bad_derivatives=0 min_determinant=0.0000021434838 worst_dot=0.99999982118607
CAP MAPPING: mesh=fixed_lighting_cage_bulb_rise380__Body_ON_rubber valid_basis=true max_uv_excess=0.00000005238689 widest=1.00006087482463 vertices=335 derivatives=true bad_derivatives=0 min_determinant=0.00000005579091 worst_dot=0.99999970197678
CAP MAPPING: mesh=fixed_lighting_cage_bulb_rise380__Bulb_ON_bulb valid_basis=true max_uv_excess=0.00000422261655 widest=1.00073029381385 vertices=27571 derivatives=true bad_derivatives=0 min_determinant=0.00000092266237 worst_dot=0.99999982118607
CAP MAPPING: mesh=fixed_lighting_cage_bulb_rise380__Mount_ON_brass valid_basis=true max_uv_excess=0.00000420864671 widest=1.00077299988628 vertices=4653 derivatives=true bad_derivatives=0 min_determinant=0.00000022321561 worst_dot=0.99999982118607
[SWITCHES] F02_C_VESTIBULE -> off (1 fixtures)
[SWITCHES] F02_C_MAIN -> off (1 fixtures)
[SWITCHES] F02_C_STUDIO -> off (1 fixtures)
[SWITCHES] F02_C_PRIVATE_HALL -> off (1 fixtures)
[SWITCHES] F02_C_BATH -> off (1 fixtures)
[SWITCHES] F02_C_KITCHEN -> off (1 fixtures)
[SWITCHES] F02_C_BED1 -> off (1 fixtures)
[SWITCHES] F02_C_BED2 -> off (1 fixtures)
[SWITCHES] F04_C_VESTIBULE -> off (1 fixtures)
[SWITCHES] F04_C_MAIN -> off (1 fixtures)
[SWITCHES] F04_C_STUDIO -> off (1 fixtures)
[SWITCHES] F04_C_PRIVATE_HALL -> off (1 fixtures)
[SWITCHES] F04_C_BATH -> off (1 fixtures)
[SWITCHES] F04_C_KITCHEN -> off (1 fixtures)
[SWITCHES] F04_C_BED1 -> off (1 fixtures)
[SWITCHES] F04_C_BED2 -> off (1 fixtures)
[SWITCHES] F01_D_VESTIBULE -> off (1 fixtures)
[SWITCHES] F01_D_MAIN -> off (1 fixtures)
[SWITCHES] F01_D_KITCHEN -> off (1 fixtures)
[SWITCHES] F01_D_BED -> off (1 fixtures)
[SWITCHES] F01_D_PRIVATE_HALL -> off (1 fixtures)
[SWITCHES] F01_D_BATH -> off (1 fixtures)
[SWITCHES] F01_A_VESTIBULE -> off (1 fixtures)
[SWITCHES] F01_A_MAIN -> off (1 fixtures)
[SWITCHES] F01_A_PRIVATE_HALL -> off (1 fixtures)
[SWITCHES] F01_A_BATH -> off (1 fixtures)
[SWITCHES] F01_A_KITCHEN -> off (1 fixtures)
[SWITCHES] F01_A_BED -> off (1 fixtures)
[SWITCHES] F01_A_STUDY -> off (1 fixtures)
[SWITCHES] F03_D_VESTIBULE -> off (1 fixtures)
[SWITCHES] F03_D_MAIN -> off (1 fixtures)
[SWITCHES] F03_D_PRIVATE_HALL -> off (1 fixtures)
[SWITCHES] F03_D_BATH -> off (1 fixtures)
[SWITCHES] F03_D_KITCHEN -> off (1 fixtures)
[SWITCHES] F03_D_BED -> off (1 fixtures)
[SWITCHES] F03_D_STUDY -> off (1 fixtures)
[SWITCHES] F04_D_VESTIBULE -> off (1 fixtures)
[SWITCHES] F04_D_MAIN -> off (1 fixtures)
[SWITCHES] F04_D_PRIVATE_HALL -> off (1 fixtures)
[SWITCHES] F04_D_BATH -> off (1 fixtures)
[SWITCHES] F04_D_KITCHEN -> off (1 fixtures)
[SWITCHES] F04_D_BED -> off (1 fixtures)
[SWITCHES] F04_D_STUDY -> off (1 fixtures)
[SWITCHES] F02_SOUTHWEST_HALL -> off (1 fixtures)
[SWITCHES] F03_SOUTHWEST_HALL -> off (1 fixtures)
[SWITCHES] F04_SOUTHWEST_HALL -> off (1 fixtures)
[SWITCHES] F01_STAFF_RESTROOM -> off (1 fixtures)
[SWITCHES] B1_ELECTRICAL -> off (1 fixtures)
[SWITCHES] B1_MAINTENANCE_SHOP -> off (1 fixtures)
[SWITCHES] B1_COAL_ROOM -> off (1 fixtures)
[SWITCHES] B1_RESIDENT_STORAGE -> off (1 fixtures)
[SWITCHES] B1_SERVICE_CORE -> off (1 fixtures)
[SWITCHES] B1_LAUNDRY -> off (1 fixtures)
[SWITCHES] F02_A_MAIN -> off (1 fixtures)
[SWITCHES] F03_B_MAIN -> off (1 fixtures)
[SWITCHES] F03_B_KITCHEN -> off (1 fixtures)
[SWITCHES] F03_B_ALCOVE -> off (1 fixtures)
[SWITCHES] F03_B_BATH -> off (1 fixtures)
[SWITCHES] F04_B_ALCOVE -> off (1 fixtures)
[SWITCHES] F04_B_MAIN -> off (1 fixtures)
[SWITCHES] F04_B_BATH -> off (1 fixtures)
[SWITCHES] F04_B_KITCHEN -> off (1 fixtures)
[SWITCHES] F04_B_PRIVATE_HALL -> off (1 fixtures)
[SWITCHES] F04_B_CLOSET -> off (1 fixtures)
[SWITCHES] F02_A_VESTIBULE -> off (1 fixtures)
[SWITCHES] F02_A_KITCHEN -> off (1 fixtures)
[SWITCHES] F02_A_PRIVATE_HALL -> off (1 fixtures)
[SWITCHES] F02_A_BATH -> off (1 fixtures)
[SWITCHES] F02_A_BED -> off (1 fixtures)
[SWITCHES] F02_B_VESTIBULE -> off (1 fixtures)
[SWITCHES] F02_B_MAIN -> off (1 fixtures)
[SWITCHES] F02_B_KITCHEN -> off (1 fixtures)
[SWITCHES] F02_B_BED -> off (1 fixtures)
[SWITCHES] F02_B_PRIVATE_HALL -> off (1 fixtures)
[SWITCHES] F02_B_BATH -> off (1 fixtures)
[SWITCHES] F03_B_VESTIBULE -> off (1 fixtures)
[SWITCHES] F03_B_PRIVATE_HALL -> off (1 fixtures)
[SWITCHES] F04_B_VESTIBULE -> off (1 fixtures)
[SWITCHES] F04_B_ALCOVE_APPROACH -> off (1 fixtures)
[SWITCHES] F03_A_MAIN -> off (1 fixtures)
[SWITCHES] F03_A_VESTIBULE -> off (1 fixtures)
[SWITCHES] F03_A_KITCHEN -> off (1 fixtures)
[SWITCHES] F03_A_PRIVATE_HALL -> off (1 fixtures)
[SWITCHES] F03_A_BATH -> off (1 fixtures)
[SWITCHES] F03_A_BED -> off (1 fixtures)
[SWITCHES] F04_A_VESTIBULE -> off (1 fixtures)
[SWITCHES] F04_A_MAIN -> off (1 fixtures)
[SWITCHES] F04_A_KITCHEN -> off (1 fixtures)
[SWITCHES] F04_A_BED -> off (1 fixtures)
[SWITCHES] F04_A_PRIVATE_HALL -> off (1 fixtures)
[SWITCHES] F04_A_BATH -> off (1 fixtures)
[SWITCHES] F05_A_MAIN -> off (1 fixtures)
[SWITCHES] F05_A_VESTIBULE -> off (1 fixtures)
[SWITCHES] F05_A_PRIVATE_HALL -> off (1 fixtures)
[SWITCHES] F05_A_BATH -> off (1 fixtures)
[SWITCHES] F05_A_BED -> off (1 fixtures)
[SWITCHES] F05_A_KITCHEN -> off (1 fixtures)
[SWITCHES] F05_A_STUDY -> off (1 fixtures)
[SWITCHES] F05_B_MAIN -> off (1 fixtures)
[SWITCHES] F05_B_VESTIBULE -> off (1 fixtures)
[SWITCHES] F05_B_BATH -> off (1 fixtures)
[SWITCHES] F05_B_ALCOVE -> off (1 fixtures)
[SWITCHES] F05_B_PRIVATE_HALL -> off (1 fixtures)
[SWITCHES] F05_B_KITCHEN -> off (1 fixtures)
[SWITCHES] F05_C_VESTIBULE -> off (1 fixtures)
[SWITCHES] F05_C_MAIN -> off (1 fixtures)
[SWITCHES] F05_C_STUDIO -> off (1 fixtures)
[SWITCHES] F05_C_PRIVATE_HALL -> off (1 fixtures)
[SWITCHES] F05_C_BATH -> off (1 fixtures)
[SWITCHES] F05_C_KITCHEN -> off (1 fixtures)
[SWITCHES] F05_C_BED1 -> off (1 fixtures)
[SWITCHES] F05_C_BED2 -> off (1 fixtures)
[SWITCHES] F06_A_MAIN -> off (1 fixtures)
[SWITCHES] F06_A_VESTIBULE -> off (1 fixtures)
[SWITCHES] F06_A_PRIVATE_HALL -> off (1 fixtures)
[SWITCHES] F06_A_BATH -> off (1 fixtures)
[SWITCHES] F06_A_BED -> off (1 fixtures)
[SWITCHES] F06_A_KITCHEN -> off (1 fixtures)
[SWITCHES] F06_A_STUDY -> off (1 fixtures)
[SWITCHES] F06_B_MAIN -> off (1 fixtures)
[SWITCHES] F06_B_VESTIBULE -> off (1 fixtures)
[SWITCHES] F06_B_BATH -> off (1 fixtures)
[SWITCHES] F06_B_ALCOVE -> off (1 fixtures)
[SWITCHES] F06_B_PRIVATE_HALL -> off (1 fixtures)
[SWITCHES] F06_B_KITCHEN -> off (1 fixtures)
[SWITCHES] F06_C_VESTIBULE -> off (1 fixtures)
[SWITCHES] F06_C_MAIN -> off (1 fixtures)
[SWITCHES] F06_C_STUDIO -> off (1 fixtures)
[SWITCHES] F06_C_PRIVATE_HALL -> off (1 fixtures)
[SWITCHES] F06_C_BATH -> off (1 fixtures)
[SWITCHES] F06_C_KITCHEN -> off (1 fixtures)
[SWITCHES] F06_C_BED1 -> off (1 fixtures)
[SWITCHES] F06_C_BED2 -> off (1 fixtures)
FABRICATION BATCH: worlds=1 modules=3 module_checks=12455 failures=0 elapsed_ms=41347
