Godot Engine v4.7.1.stable.official.a13da4feb - https://godotengine.org

[ACOUSTIC] 550 nodes loaded
[HEIGHTMAP] 1 materials given parallax, 499 left flat
[SURFACE] 525 surfaces layered (491 materials)
[STATION] 37 clips, 1 machines (0 projectors, 1 sets), all dark
[ARCADE] 9 cabinet(s) from a catalog of 12: SOMETHING IN THE HALL (mystery_serial), OPERATIONS (farm_and_market), STEP SEQUENCE (variety_hour), NIGHT MAIL (aviation_hour), COUNTY LEAGUE (sporting_wire), THE THOUSAND (motor_racing), TOWER OF ASH (adventure_serial), OUTER RIM (night_sky), DO NOT ANSWER (mystery_serial)
[ARCADE] all of them are running arcade_pit
[FURNITURE INTERACTION] 12 baked mechanisms restored
[BUILDING] found art: 2 walls, 2 print props, 1 billboards
[WITNESS] 18 clocks and 19 other domestic anomalies placed and rigged
[ENCROACH] 0 finish surfaces across 0 case flats, 0 beachheads
[BUILDING] 7 resident stories rehung off a bathroom wall
[DOMESTIC RADIO] 18 receivers across 18 occupied units; 0 unresolved
[VANTRY] 15 points, 1 floor batches, 3 static draws/floor
[BUILDING] exterior finish: 381 batched details, 11 decals, 8 puddles
[HEIGHTMAP] 1 materials given parallax, 499 left flat
[SURFACE] 525 surfaces layered (491 materials)
[STATION] 37 clips, 1 machines (0 projectors, 1 sets), all dark
[ARCADE] 9 cabinet(s) from a catalog of 12: SOMETHING IN THE HALL (mystery_serial), OPERATIONS (farm_and_market), STEP SEQUENCE (variety_hour), NIGHT MAIL (aviation_hour), COUNTY LEAGUE (sporting_wire), THE THOUSAND (motor_racing), TOWER OF ASH (adventure_serial), OUTER RIM (night_sky), DO NOT ANSWER (mystery_serial)
[ARCADE] all of them are running arcade_pit
[FURNITURE INTERACTION] 12 baked mechanisms restored
[BUILDING] found art: 2 walls, 2 print props, 1 billboards
[WITNESS] 18 clocks and 19 other domestic anomalies placed and rigged
[ENCROACH] 0 finish surfaces across 0 case flats, 0 beachheads
[NAV] 4 schedule anchors installed in PASSAGE
[NAV] 56 nodes across 1 floors; 0 stair links; elevator linked; 7 wall-crossing edges rejected; 51 safe links restored
[NAV] collision audit: 69 edges cut by real geometry, 13 island nodes relinked, 0 stair legs obstructed
[NAV] 4 schedule anchors installed in PASSAGE
[NAV] 56 nodes across 1 floors; 0 stair links; elevator linked; 7 wall-crossing edges rejected; 51 safe links restored
[NAV] collision audit: 50 edges cut by real geometry, 13 island nodes relinked, 0 stair legs obstructed
[NAV] 4 schedule anchors installed in PASSAGE
[NAV] 56 nodes across 1 floors; 0 stair links; elevator linked; 7 wall-crossing edges rejected; 51 safe links restored
[NAV] collision audit: 0 edges cut by real geometry, 0 island nodes relinked, 0 stair legs obstructed
[NAV] 4 schedule anchors installed in PASSAGE
[NAV] 56 nodes across 1 floors; 0 stair links; elevator linked; 7 wall-crossing edges rejected; 51 safe links restored
[NAV] collision audit: 17 edges cut by real geometry, 0 island nodes relinked, 0 stair legs obstructed
[NAV] 4 schedule anchors installed in PASSAGE
[NAV] 56 nodes across 1 floors; 0 stair links; elevator linked; 7 wall-crossing edges rejected; 51 safe links restored
[NAV] collision audit: 0 edges cut by real geometry, 0 island nodes relinked, 0 stair legs obstructed
[NAV] 4 schedule anchors installed in PASSAGE
[NAV] 56 nodes across 1 floors; 0 stair links; elevator linked; 7 wall-crossing edges rejected; 51 safe links restored
[NAV] collision audit: 50 edges cut by real geometry, 13 island nodes relinked, 0 stair legs obstructed
[BUILDING] 7 resident stories rehung off a bathroom wall
[DOMESTIC RADIO] 18 receivers across 18 occupied units; 0 unresolved
[VANTRY] 15 points, 1 floor batches, 3 static draws/floor
[BUILDING] exterior finish: 381 batched details, 11 decals, 8 puddles
[HEIGHTMAP] 1 materials given parallax, 499 left flat
[SURFACE] 525 surfaces layered (491 materials)
[STATION] 37 clips, 1 machines (0 projectors, 1 sets), all dark
[ARCADE] 9 cabinet(s) from a catalog of 12: SOMETHING IN THE HALL (mystery_serial), OPERATIONS (farm_and_market), STEP SEQUENCE (variety_hour), NIGHT MAIL (aviation_hour), COUNTY LEAGUE (sporting_wire), THE THOUSAND (motor_racing), TOWER OF ASH (adventure_serial), OUTER RIM (night_sky), DO NOT ANSWER (mystery_serial)
[ARCADE] all of them are running arcade_pit
[FURNITURE INTERACTION] 12 baked mechanisms restored
[BUILDING] found art: 2 walls, 2 print props, 1 billboards
[WITNESS] 18 clocks and 19 other domestic anomalies placed and rigged
[ENCROACH] 0 finish surfaces across 0 case flats, 0 beachheads
[NAV] 4 schedule anchors installed in PASSAGE
[NAV] 56 nodes across 1 floors; 0 stair links; elevator linked; 7 wall-crossing edges rejected; 51 safe links restored
[NAV] collision audit: 69 edges cut by real geometry, 13 island nodes relinked, 0 stair legs obstructed
[NAV] 4 schedule anchors installed in PASSAGE
[NAV] 56 nodes across 1 floors; 0 stair links; elevator linked; 7 wall-crossing edges rejected; 51 safe links restored
[NAV] collision audit: 50 edges cut by real geometry, 13 island nodes relinked, 0 stair legs obstructed
[NAV] 4 schedule anchors installed in PASSAGE
[NAV] 56 nodes across 1 floors; 0 stair links; elevator linked; 7 wall-crossing edges rejected; 51 safe links restored
[NAV] collision audit: 0 edges cut by real geometry, 0 island nodes relinked, 0 stair legs obstructed
[NAV] 4 schedule anchors installed in PASSAGE
[NAV] 56 nodes across 1 floors; 0 stair links; elevator linked; 7 wall-crossing edges rejected; 51 safe links restored
[NAV] collision audit: 17 edges cut by real geometry, 0 island nodes relinked, 0 stair legs obstructed
[NAV] 4 schedule anchors installed in PASSAGE
[NAV] 56 nodes across 1 floors; 0 stair links; elevator linked; 7 wall-crossing edges rejected; 51 safe links restored
[NAV] collision audit: 0 edges cut by real geometry, 0 island nodes relinked, 0 stair legs obstructed
[NAV] 4 schedule anchors installed in PASSAGE
[NAV] 56 nodes across 1 floors; 0 stair links; elevator linked; 7 wall-crossing edges rejected; 51 safe links restored
[NAV] collision audit: 50 edges cut by real geometry, 13 island nodes relinked, 0 stair legs obstructed
[BUILDING] 7 resident stories rehung off a bathroom wall
[DOMESTIC RADIO] 18 receivers across 18 occupied units; 0 unresolved
[VANTRY] 15 points, 1 floor batches, 3 static draws/floor
[BUILDING] exterior finish: 381 batched details, 11 decals, 8 puddles
[HEIGHTMAP] 1 materials given parallax, 499 left flat
[SURFACE] 525 surfaces layered (491 materials)
[STATION] 37 clips, 1 machines (0 projectors, 1 sets), all dark
[ARCADE] 9 cabinet(s) from a catalog of 12: SOMETHING IN THE HALL (mystery_serial), OPERATIONS (farm_and_market), STEP SEQUENCE (variety_hour), NIGHT MAIL (aviation_hour), COUNTY LEAGUE (sporting_wire), THE THOUSAND (motor_racing), TOWER OF ASH (adventure_serial), OUTER RIM (night_sky), DO NOT ANSWER (mystery_serial)
[ARCADE] all of them are running arcade_pit
[FURNITURE INTERACTION] 12 baked mechanisms restored
[BUILDING] found art: 2 walls, 2 print props, 1 billboards
[WITNESS] 18 clocks and 19 other domestic anomalies placed and rigged
[ENCROACH] 0 finish surfaces across 0 case flats, 0 beachheads
[NAV] 4 schedule anchors installed in PASSAGE
[NAV] 56 nodes across 1 floors; 0 stair links; elevator linked; 7 wall-crossing edges rejected; 51 safe links restored
[NAV] collision audit: 69 edges cut by real geometry, 13 island nodes relinked, 0 stair legs obstructed
[NAV] 4 schedule anchors installed in PASSAGE
[NAV] 56 nodes across 1 floors; 0 stair links; elevator linked; 7 wall-crossing edges rejected; 51 safe links restored
[NAV] collision audit: 50 edges cut by real geometry, 13 island nodes relinked, 0 stair legs obstructed
[NAV] 4 schedule anchors installed in PASSAGE
[NAV] 56 nodes across 1 floors; 0 stair links; elevator linked; 7 wall-crossing edges rejected; 51 safe links restored
[NAV] collision audit: 0 edges cut by real geometry, 0 island nodes relinked, 0 stair legs obstructed
[NAV] 4 schedule anchors installed in PASSAGE
[NAV] 56 nodes across 1 floors; 0 stair links; elevator linked; 7 wall-crossing edges rejected; 51 safe links restored
[NAV] collision audit: 17 edges cut by real geometry, 0 island nodes relinked, 0 stair legs obstructed
[NAV] 4 schedule anchors installed in PASSAGE
[NAV] 56 nodes across 1 floors; 0 stair links; elevator linked; 7 wall-crossing edges rejected; 51 safe links restored
[NAV] collision audit: 0 edges cut by real geometry, 0 island nodes relinked, 0 stair legs obstructed
[NAV] 4 schedule anchors installed in PASSAGE
[NAV] 56 nodes across 1 floors; 0 stair links; elevator linked; 7 wall-crossing edges rejected; 51 safe links restored
[NAV] collision audit: 50 edges cut by real geometry, 13 island nodes relinked, 0 stair legs obstructed
M11C1 OWNER-FIRST RUNTIME: PASS
