Godot Engine v4.7.1.stable.official.a13da4feb - https://godotengine.org
Vulkan 1.4.341 - Forward+ - Using Device #0: NVIDIA - NVIDIA GeForce RTX 4080

[ACOUSTIC] 550 nodes loaded
ORISON V2 BLOCKOUT: 200 spaces / 111 doors / 1104 anchors
[V2 FRONT COURT ROOF] three seated girders; retained roof slabs; mapped exterior concrete
[V2 BODEGA POWER] independent inlet; four existing fittings; 20 bearings
[SURFACE] 386 surfaces layered (258 materials)
[PASSAGE HOURS] OPEN; 10 grilles folded
[PASSAGE HOURS] 11 shopfronts, 10 close after 02:00, HARDWARE PAINT keeps night service
[PASSAGE FINISH] 6 gated draws, 3 handcarts, hours active
[V2 PASSAGE] 13 resident cells; 11 doors; 1 shared-service counters
[SURFACE] 215 surfaces layered (108 materials)
[HARUKIYA] 9 interactables placed
[ARCADE] 2 cabinet(s) from a catalog of 12: SOMETHING IN THE HALL (mystery_serial), OPERATIONS (farm_and_market)
[ARCADE] all of them are running arcade_pit
[V2 BAR] retained cell; 29 registered markers; 3 doors
[V2 FRONT FACADE] native entrance, original landmark hardware, glazed marquee and fitted blade
[SCHEDULE] director live: 18 residents on the clock
[MOVES] personal library: res://assets/characters/mina_vale/mina_vale_moves.glb
SOURCE PARAPET MATERIAL ROOF_PARAPET_EAST brick 
SOURCE PARAPET MATERIAL ROOF_PARAPET_NORTH brick 
SOURCE PARAPET MATERIAL ROOF_PARAPET_SOUTH brick 
SOURCE PARAPET MATERIAL ROOF_PARAPET_WEST brick 
[ORISON V2 RUNTIME] ready startup_ms=36340.510
[LIGHTING] 211 sources active in system; 211 full personalities; profiles steady/breathe/mains/beat/dropout=[50, 49, 36, 42, 34]
[HARUKIYA] OPEN, 18 fixtures
CEILING MAPPING: mesh=alley_groundworks_Groundworks_cast_iron_1_-3 valid_basis=true max_uv_excess=0.00000028614886 widest=1.00000065000995 vertices=1290 derivatives=true
CEILING MAPPING: mesh=alley_groundworks_Groundworks_cast_iron_2_-3 valid_basis=true max_uv_excess=0.0 widest=1.0 vertices=6 derivatives=true
CEILING MAPPING: mesh=alley_groundworks_Groundworks_cast_iron_3_-1 valid_basis=true max_uv_excess=0.00000008940697 widest=1.00000255448504 vertices=1206 derivatives=true
CEILING MAPPING: mesh=alley_groundworks_Groundworks_cast_iron_4_0 valid_basis=true max_uv_excess=0.00000047683716 widest=1.00002020045046 vertices=2304 derivatives=true
CEILING MAPPING: mesh=alley_groundworks_Groundworks_cast_iron_4_1 valid_basis=true max_uv_excess=0.00000047683716 widest=1.00001912053201 vertices=2688 derivatives=true
CEILING MAPPING: mesh=alley_groundworks_Groundworks_cast_iron_4_2 valid_basis=true max_uv_excess=0.00000047683716 widest=1.00002020047637 vertices=9480 derivatives=true
CEILING MAPPING: mesh=alley_groundworks_Groundworks_cast_iron_4_3 valid_basis=true max_uv_excess=0.00000051874667 widest=1.00003435410036 vertices=2304 derivatives=true
CEILING MAPPING: mesh=alley_groundworks_Groundworks_cast_iron_4_4 valid_basis=true max_uv_excess=0.00000035017729 widest=1.00002522590384 vertices=3948 derivatives=true
CEILING MAPPING: mesh=alley_groundworks_Groundworks_cast_iron_4_-1 valid_basis=true max_uv_excess=0.00000047683716 widest=1.00002020047637 vertices=13734 derivatives=true
CEILING MAPPING: mesh=alley_groundworks_Groundworks_cast_iron_4_-2 valid_basis=true max_uv_excess=0.00000047683716 widest=1.0000203070555 vertices=2688 derivatives=true
CEILING MAPPING: mesh=alley_groundworks_Groundworks_cast_iron_4_-3 valid_basis=true max_uv_excess=0.00000047683716 widest=1.00002020047637 vertices=2304 derivatives=true
CEILING MAPPING: mesh=alley_groundworks_Groundworks_cast_iron_4_-4 valid_basis=true max_uv_excess=0.00000041164458 widest=1.00001887316824 vertices=8976 derivatives=true
CEILING MAPPING: mesh=alley_groundworks_Groundworks_concrete_1_-3 valid_basis=true max_uv_excess=0.00000035762787 widest=1.00000294101904 vertices=636 derivatives=true
CEILING MAPPING: mesh=alley_groundworks_Groundworks_concrete_1_-4 valid_basis=true max_uv_excess=0.00000035762787 widest=1.00000313708759 vertices=603 derivatives=true
CEILING MAPPING: mesh=alley_groundworks_Groundworks_concrete_2_-3 valid_basis=true max_uv_excess=0.00000024534529 widest=1.00000484287659 vertices=2514 derivatives=true
CEILING MAPPING: mesh=alley_groundworks_Groundworks_concrete_2_-4 valid_basis=true max_uv_excess=0.00000047683716 widest=1.00000578291845 vertices=2994 derivatives=true
CEILING MAPPING: mesh=alley_groundworks_Groundworks_concrete_3_0 valid_basis=true max_uv_excess=0.00000044703484 widest=1.00000313708759 vertices=828 derivatives=true
CEILING MAPPING: mesh=alley_groundworks_Groundworks_concrete_3_1 valid_basis=true max_uv_excess=0.0000004315516 widest=1.00000313708759 vertices=891 derivatives=true
CEILING MAPPING: mesh=alley_groundworks_Groundworks_concrete_3_2 valid_basis=true max_uv_excess=0.00000044703484 widest=1.00000313708759 vertices=822 derivatives=true
CEILING MAPPING: mesh=alley_groundworks_Groundworks_concrete_3_-1 valid_basis=true max_uv_excess=0.00000047683716 widest=1.00000521540751 vertices=3747 derivatives=true
CEILING MAPPING: mesh=alley_groundworks_Groundworks_concrete_3_-2 valid_basis=true max_uv_excess=0.00000044703484 widest=1.00000558723671 vertices=3276 derivatives=true
CEILING MAPPING: mesh=alley_groundworks_Groundworks_concrete_3_-3 valid_basis=true max_uv_excess=0.00000044703484 widest=1.0000040189589 vertices=4662 derivatives=true
CEILING MAPPING: mesh=alley_groundworks_Groundworks_concrete_3_-4 valid_basis=true max_uv_excess=0.00000047683716 widest=1.00000313708759 vertices=3900 derivatives=true
CEILING MAPPING: mesh=alley_groundworks_Groundworks_concrete_4_0 valid_basis=true max_uv_excess=0.00000047683716 widest=1.00001178548983 vertices=3063 derivatives=true
CEILING MAPPING: mesh=alley_groundworks_Groundworks_concrete_4_1 valid_basis=true max_uv_excess=0.00000036880374 widest=1.00001808947052 vertices=3279 derivatives=true
CEILING MAPPING: mesh=alley_groundworks_Groundworks_concrete_4_2 valid_basis=true max_uv_excess=0.00000043213367 widest=1.00001808947052 vertices=4416 derivatives=true
CEILING MAPPING: mesh=alley_groundworks_Groundworks_concrete_4_3 valid_basis=true max_uv_excess=0.00000051222742 widest=1.00002512372751 vertices=801 derivatives=true
CEILING MAPPING: mesh=alley_groundworks_Groundworks_concrete_4_4 valid_basis=true max_uv_excess=0.00000045308843 widest=1.00001178548983 vertices=288 derivatives=true
CEILING MAPPING: mesh=alley_groundworks_Groundworks_concrete_4_-1 valid_basis=true max_uv_excess=0.00000037439167 widest=1.00001836423794 vertices=4473 derivatives=true
CEILING MAPPING: mesh=alley_groundworks_Groundworks_concrete_4_-2 valid_basis=true max_uv_excess=0.0000003700261 widest=1.00001808947052 vertices=3450 derivatives=true
CEILING MAPPING: mesh=alley_groundworks_Groundworks_concrete_4_-3 valid_basis=true max_uv_excess=0.00000045553315 widest=1.00001863742856 vertices=3558 derivatives=true
CEILING MAPPING: mesh=alley_groundworks_Groundworks_concrete_4_-4 valid_basis=true max_uv_excess=0.00000041723251 widest=1.00001337197497 vertices=3633 derivatives=true
ALLEY FINISH: 274 checks; 1 failures
V2 ALLEY FINISH: 25 waypoints; 1 failures
