Godot Engine v4.7.1.stable.official.a13da4feb - https://godotengine.org
Vulkan 1.4.341 - Forward+ - Using Device #0: NVIDIA - NVIDIA GeForce RTX 4080

[ACOUSTIC] 550 nodes loaded
ORISON V2 BLOCKOUT: 200 spaces / 111 doors / 1104 anchors
[V2 FRONT COURT ROOF] three seated girders; retained roof slabs; mapped exterior concrete
[V2 BODEGA POWER] independent inlet; four existing fittings; 20 bearings
[SURFACE] 1150 surfaces layered (402 materials)
[PASSAGE HOURS] OPEN; 10 grilles folded
[PASSAGE HOURS] 11 shopfronts, 10 close after 02:00, HARDWARE PAINT keeps night service
[PASSAGE FINISH] 6 gated draws, 3 handcarts, hours active
[V2 PASSAGE] 13 resident cells; 11 doors; 1 shared-service counters
[SURFACE] 170 surfaces layered (81 materials)
[HARUKIYA] 9 interactables placed
[ARCADE] 2 cabinet(s) from a catalog of 12: SOMETHING IN THE HALL (mystery_serial), OPERATIONS (farm_and_market)
[ARCADE] all of them are running arcade_pit
[V2 BAR] retained cell; 29 registered markers; 3 doors
[V2 FRONT FACADE] native entrance, original landmark hardware, glazed marquee and fitted blade
[SCHEDULE] director live: 18 residents on the clock
[MOVES] personal library: res://assets/characters/mina_vale/mina_vale_moves.glb
SOURCE PARAPET MATERIAL ROOF_PARAPET_EAST brick 
SOURCE PARAPET MATERIAL ROOF_PARAPET_NORTH brick 
SOURCE PARAPET MATERIAL ROOF_PARAPET_SOUTH brick 
SOURCE PARAPET MATERIAL ROOF_PARAPET_WEST brick 
[ORISON V2 RUNTIME] ready startup_ms=27304.907
[LIGHTING] 207 sources active in system; 207 full personalities; profiles steady/breathe/mains/beat/dropout=[50, 45, 36, 42, 34]
CAP MAPPING: mesh=radio_wire_storm_shop_radio_service_aerial_spools__cast_iron valid_basis=true max_uv_excess=0.00000005960464 widest=1.00001423890671 vertices=637 derivatives=true bad_derivatives=0 min_determinant=0.0000007225201 worst_dot=0.99999988079071
CAP MAPPING: mesh=radio_wire_storm_shop_radio_service_aerial_spools__copper_aged valid_basis=true max_uv_excess=0.00000008568168 widest=1.00004065172131 vertices=60054 derivatives=true bad_derivatives=0 min_determinant=0.00000259344017 worst_dot=0.99999988079071
CAP MAPPING: mesh=radio_wire_storm_shop_radio_service_aerial_spools__timber valid_basis=true max_uv_excess=0.00000008381903 widest=1.00008450273777 vertices=11484 derivatives=true bad_derivatives=0 min_determinant=0.00000046262126 worst_dot=0.99999982118607
CAP MAPPING: mesh=radio_wire_storm_shop_radio_service_solder_ring__cast_iron valid_basis=true max_uv_excess=0.00000008568168 widest=1.0000772257234 vertices=6574 derivatives=true bad_derivatives=0 min_determinant=0.00000046262778 worst_dot=0.99999988079071
[HARUKIYA] OPEN, 18 fixtures
RADIO WIRE: checks=115 parts=4 triangles=30108 removed=24 supports=8 failures=0
