Godot Engine v4.7.1.stable.official.a13da4feb - https://godotengine.org
Vulkan 1.4.341 - Forward+ - Using Device #0: NVIDIA - NVIDIA GeForce RTX 4080

[ACOUSTIC] 550 nodes loaded
[RENDER] forward_plus
[PASSAGE] 315 interior, 31 shell and 239 foreign owner-cell draws indexed
[VANTRY] 119 points, 7 floor batches, 3 static draws/floor
[HEIGHTMAP] 39 materials given parallax, 923 left flat
[SURFACE] 1054 surfaces layered (999 materials)
[BUILDING] 7 resident stories rehung off a bathroom wall
[DOMESTIC RADIO] 18 receivers across 18 occupied units; 0 unresolved
[DOOR GLOW] 107 closed doors, 9 leaking light (skipped: { "no_circulation": 86, "asleep": 12 })
[STATION] 37 clips, 6 machines (5 projectors, 1 sets), all dark
[ARCADE] 10 cabinet(s) from a catalog of 12: SOMETHING IN THE HALL (mystery_serial), OPERATIONS (farm_and_market), STEP SEQUENCE (variety_hour), NIGHT MAIL (aviation_hour), COUNTY LEAGUE (sporting_wire), THE THOUSAND (motor_racing), TOWER OF ASH (adventure_serial), OUTER RIM (night_sky), DO NOT ANSWER (mystery_serial), OVERTIME (sporting_wire)
[ARCADE] all of them are running arcade_pit
[BUILDING] 488 functional props spawned
[FURNITURE INTERACTION] 72 baked mechanisms restored
[BUILDING] exterior finish: 381 batched details, 11 decals, 8 puddles
[PASSAGE HOURS] OPEN; 10 grilles folded
[PASSAGE HOURS] 11 shopfronts, 10 close after 02:00, HARDWARE PAINT keeps night service
[PASSAGE FINISH] 6 gated draws, 3 handcarts, hours active
[MOVES] personal library: res://assets/characters/teresa_vale/teresa_vale_moves.glb
[MOVES] personal library: res://assets/characters/mina_vale/mina_vale_moves.glb
[MOVES] personal library: res://assets/characters/lena_ortiz/lena_ortiz_moves.glb
[MOVES] personal library: res://assets/characters/juno_kells/juno_kells_moves.glb
[MOVES] personal library: res://assets/characters/malcolm_reed/malcolm_reed_moves.glb
[MOVES] personal library: res://assets/characters/omar_bell/omar_bell_moves.glb
[MOVES] personal library: res://assets/characters/rhea_sato/rhea_sato_moves.glb
[MOVES] personal library: res://assets/characters/peter_wren/peter_wren_moves.glb
[MOVES] personal library: res://assets/characters/cam_ortiz/cam_ortiz_moves.glb
[MOVES] personal library: res://assets/characters/noel_price/noel_price_moves.glb
[MOVES] personal library: res://assets/characters/transient_guests/transient_guests_moves.glb
[MOVES] personal library: res://assets/characters/nadia_quell/nadia_quell_moves.glb
[MOVES] personal library: res://assets/characters/cal_dwyer/cal_dwyer_moves.glb
[MOVES] personal library: res://assets/characters/iris_bell/iris_bell_moves.glb
[MOVES] personal library: res://assets/characters/sacha_reed/sacha_reed_moves.glb
[MOVES] personal library: res://assets/characters/jonah_price/jonah_price_moves.glb
[MOVES] personal library: res://assets/characters/mae_kessler/mae_kessler_moves.glb
[BUILDING] 18 residents spawned (18 rigged, 0 sprite fallbacks)
[NAV] 4 schedule anchors installed in PASSAGE
[NAV] 336 nodes across 8 floors; 7 stair links; elevator linked; 57 wall-crossing edges rejected; 323 safe links restored
[ROUTINES] evelyn_marsh: 48 clips
[ROUTINES] evelyn_marsh upgraded to a mesh
[MOVES] personal library: res://assets/characters/teresa_vale/teresa_vale_moves.glb
[ROUTINES] teresa_vale: 49 clips
[ROUTINES] teresa_vale upgraded to a mesh
[MOVES] personal library: res://assets/characters/mina_vale/mina_vale_moves.glb
[ROUTINES] mina_vale: 49 clips
[ROUTINES] mina_vale upgraded to a mesh
[MOVES] personal library: res://assets/characters/lena_ortiz/lena_ortiz_moves.glb
[ROUTINES] lena_ortiz: 49 clips
[ROUTINES] lena_ortiz upgraded to a mesh
[MOVES] personal library: res://assets/characters/juno_kells/juno_kells_moves.glb
[ROUTINES] juno_kells: 49 clips
[ROUTINES] juno_kells upgraded to a mesh
[MOVES] personal library: res://assets/characters/malcolm_reed/malcolm_reed_moves.glb
[ROUTINES] malcolm_reed: 49 clips
[ROUTINES] malcolm_reed upgraded to a mesh
[MOVES] personal library: res://assets/characters/omar_bell/omar_bell_moves.glb
[ROUTINES] omar_bell: 49 clips
[ROUTINES] omar_bell upgraded to a mesh
[MOVES] personal library: res://assets/characters/rhea_sato/rhea_sato_moves.glb
[ROUTINES] rhea_sato: 49 clips
[ROUTINES] rhea_sato upgraded to a mesh
[MOVES] personal library: res://assets/characters/peter_wren/peter_wren_moves.glb
[ROUTINES] peter_wren: 49 clips
[ROUTINES] peter_wren upgraded to a mesh
[MOVES] personal library: res://assets/characters/cam_ortiz/cam_ortiz_moves.glb
[ROUTINES] cam_ortiz: 49 clips
[ROUTINES] cam_ortiz upgraded to a mesh
[MOVES] personal library: res://assets/characters/noel_price/noel_price_moves.glb
[ROUTINES] noel_price: 49 clips
[ROUTINES] noel_price upgraded to a mesh
[MOVES] personal library: res://assets/characters/transient_guests/transient_guests_moves.glb
[ROUTINES] transient_guests: 49 clips
[ROUTINES] transient_guests upgraded to a mesh
[MOVES] personal library: res://assets/characters/nadia_quell/nadia_quell_moves.glb
[ROUTINES] nadia_quell: 49 clips
[ROUTINES] nadia_quell upgraded to a mesh
[MOVES] personal library: res://assets/characters/cal_dwyer/cal_dwyer_moves.glb
[ROUTINES] cal_dwyer: 49 clips
[ROUTINES] cal_dwyer upgraded to a mesh
[MOVES] personal library: res://assets/characters/iris_bell/iris_bell_moves.glb
[ROUTINES] iris_bell: 49 clips
[ROUTINES] iris_bell upgraded to a mesh
[MOVES] personal library: res://assets/characters/sacha_reed/sacha_reed_moves.glb
[ROUTINES] sacha_reed: 49 clips
[ROUTINES] sacha_reed upgraded to a mesh
[MOVES] personal library: res://assets/characters/jonah_price/jonah_price_moves.glb
[ROUTINES] jonah_price: 49 clips
[ROUTINES] jonah_price upgraded to a mesh
[MOVES] personal library: res://assets/characters/mae_kessler/mae_kessler_moves.glb
[ROUTINES] mae_kessler: 49 clips
[ROUTINES] mae_kessler upgraded to a mesh
[ROUTINES] 18 residents with somewhere to be
[SWITCHES] 157 fixtures wired across 119 rooms, 87 exterior
[SWITCHES] 215 live plates
[MOON] 70 windowed rooms
[BUILDING] 18 apartment reality controllers ready
[WAYFINDING] 17 brass unit numbers, 7 directories, 8 fire signs, 1 spine plates, 6 stair pairs, 6 landing plates
[BUILDING] 62 reality-affected props placed
[WITNESS] 18 clocks and 20 other domestic anomalies placed and rigged
[ENCROACH] living field on F02 binds 78 materials
[ENCROACH] living field on F04 binds 83 materials
[ENCROACH] living field on F06 binds 81 materials
[ENCROACH] living field on F05 binds 86 materials
[ENCROACH] living field on F03 binds 89 materials
[ENCROACH] 22 finish surfaces across 6 case flats, 6 beachheads
[INCIDENTS] 15 flats on 5 living storeys can report
[BUILDING] 20 character memory artworks placed
[BUILDING] 20 character-specific wall artworks placed
[BUILDING] 8 hallway artworks placed
[BUILDING] 7 stair-landing pieces hung
[BUILDING] found art: 17 walls, 7 print props, 1 billboards
[BUILDING] front-door exterior light and signage placed
[BUILDING] maintenance headquarters ready: 18 trophy slots, 6 gear tiers
[LIGHT RIG] budgets resolved: 64 active / 5 shadow
[SCHEDULE] director live: 18 residents on the clock
[HARUKIYA] 9 interactables placed
[BUILDING] Orison assembled: 8 floors, 565 windows lit, 292 railing details, player in lobby
[BUILDING] 197 low-overhead environment details and 26 story decals
[BUILDING] 64 atmospheric evidence decals
[PASSAGE] late sweep: 117 interior, 756 foreign, 4 shared late-built F01 draws registered
[PASSAGE] root sweep: 17 interior, 971 foreign draws, 37 foreign lights registered
[STREET] 1663 enclosed F01 draws indexed
[LIGHTING] 254 sources active in system; 254 full personalities; profiles steady/breathe/mains/beat/dropout=[55, 54, 49, 45, 51]
[STREET] 172 enclosed F01 draws indexed
[SURFACE] 3946 prop draws layered in triplanar mode (1258 materials)
[ENCROACH] 938 prop draws reached across 6 case flats
[ENCROACH] living field on F02 binds 568 materials
[ENCROACH] living field on F04 binds 413 materials
[ENCROACH] living field on F06 binds 378 materials
[ENCROACH] living field on F05 binds 391 materials
[ENCROACH] living field on F03 binds 407 materials
[NAV] collision audit: 368 edges cut by real geometry, 71 island nodes relinked, 0 stair legs obstructed
[HARUKIYA] CLOSED, 18 fixtures
[SURFACE] 3946 prop draws layered in triplanar mode (1258 materials)
[ENCROACH] 938 prop draws reached across 6 case flats
[ENCROACH] living field on F02 binds 686 materials
[ENCROACH] living field on F04 binds 539 materials
[ENCROACH] living field on F06 binds 493 materials
[ENCROACH] living field on F05 binds 518 materials
[ENCROACH] living field on F03 binds 528 materials
[SANITY] mae_contradictory_antiques rung 1 (pressure 0.15, 1 acts)
[STREET] shoved by a coal_lorry
[ELEVATOR] F01 -> F04 (8.0s)
[SANITY] unwitnessed (1 in a row)
[SANITY] malcolm_memory_plants rung 2 (pressure 0.29, 1 acts)
[PASSAGE] root sweep: 0 interior, 1 foreign draws, 15 foreign lights registered
[SURFACE] 3946 prop draws layered in triplanar mode (1258 materials)
[ENCROACH] 938 prop draws reached across 6 case flats
[ENCROACH] living field on F02 binds 804 materials
[ENCROACH] living field on F04 binds 665 materials
[ENCROACH] living field on F06 binds 608 materials
[ENCROACH] living field on F05 binds 645 materials
[ENCROACH] living field on F03 binds 649 materials
[ELEVATOR] F04 -> F01 (8.0s)
[ELEVATOR] F01 -> F04 (8.0s)
[SANITY] teresa_call_bells rung 2 (pressure 0.29, 2 acts)
[ELEVATOR] F04 -> F01 (8.0s)
[ELEVATOR] F01 -> F04 (8.0s)
[SANITY] iris_runaway_paint rung 2 (pressure 0.29, 2 acts)
[ELEVATOR] F04 -> F01 (8.0s)
[PASSAGE] late sweep: 0 interior, 1448 foreign, 3 shared late-built F01 draws registered
[SURFACE] 3946 prop draws layered in triplanar mode (1258 materials)
[ENCROACH] 938 prop draws reached across 6 case flats
[ENCROACH] living field on F02 binds 922 materials
[ENCROACH] living field on F04 binds 791 materials
[ENCROACH] living field on F06 binds 723 materials
[ENCROACH] living field on F05 binds 772 materials
[ENCROACH] living field on F03 binds 770 materials
[SURFACE] governor: gpu 16.2 ms vs 14.0 target -> parallax budget 0.75
[SURFACE] governor: gpu 10.6 ms vs 14.0 target -> parallax budget 1.00
[STREET] shoved by a hansom
[SANITY] unwitnessed (2 in a row)
[ELEVATOR] F01 -> F06 (13.3s)
[SANITY] evelyn_paper_jam rung 3 (pressure 0.43, 2 acts)
[SANITY] unwitnessed (3 in a row)
[ELEVATOR] F06 -> F01 (13.3s)
ORISON V2 M11C2 PRODUCTION CAPTURE: PASS failures=0
