WARNING: no legal wall for found piece cam_noel_witches
   at: push_warning (core/variant/variant_utility.cpp:1033)
   GDScript backtrace (most recent call first):
       [0] _place_wall_piece (res://scripts/building/found_art_pass.gd:54)
       [1] build (res://scripts/building/found_art_pass.gd:21)
       [2] _ready (res://scripts/building/building_root.gd:533)
       [3] _run_direct_cycle (res://tests/orison_v2_m11c2_production_matrix.gd:314)
       [4] _run (res://tests/orison_v2_m11c2_production_matrix.gd:124)
WARNING: no legal wall for found piece cam_noel_witches
   at: push_warning (core/variant/variant_utility.cpp:1033)
   GDScript backtrace (most recent call first):
       [0] _place_wall_piece (res://scripts/building/found_art_pass.gd:54)
       [1] build (res://scripts/building/found_art_pass.gd:21)
       [2] _ready (res://scripts/building/building_root.gd:533)
       [3] _run_direct_cycle (res://tests/orison_v2_m11c2_production_matrix.gd:314)
       [4] _run (res://tests/orison_v2_m11c2_production_matrix.gd:124)
       [5] _run_direct_cycle (res://tests/orison_v2_m11c2_production_matrix.gd:404)
       [6] _settle_teardown (res://tests/orison_v2_m11c2_production_matrix.gd:2479)
WARNING: no legal wall for found piece cam_noel_witches
   at: push_warning (core/variant/variant_utility.cpp:1033)
   GDScript backtrace (most recent call first):
       [0] _place_wall_piece (res://scripts/building/found_art_pass.gd:54)
       [1] build (res://scripts/building/found_art_pass.gd:21)
       [2] _ready (res://scripts/building/building_root.gd:533)
       [3] _run_direct_cycle (res://tests/orison_v2_m11c2_production_matrix.gd:314)
       [4] _run (res://tests/orison_v2_m11c2_production_matrix.gd:161)
       [5] _exercise_m11a_lifecycle (res://tests/orison_v2_m11c2_production_matrix.gd:1142)
       [6] _settle (res://tests/orison_v2_m11c2_production_matrix.gd:2473)
WARNING: no legal wall for found piece cam_noel_witches
   at: push_warning (core/variant/variant_utility.cpp:1033)
   GDScript backtrace (most recent call first):
       [0] _place_wall_piece (res://scripts/building/found_art_pass.gd:54)
       [1] build (res://scripts/building/found_art_pass.gd:21)
       [2] _ready (res://scripts/building/building_root.gd:533)
       [3] _run_direct_cycle (res://tests/orison_v2_m11c2_production_matrix.gd:314)
       [4] _run (res://tests/orison_v2_m11c2_production_matrix.gd:161)
       [5] _run_direct_cycle (res://tests/orison_v2_m11c2_production_matrix.gd:404)
       [6] _settle_teardown (res://tests/orison_v2_m11c2_production_matrix.gd:2479)
WARNING: no legal wall for found piece cam_noel_witches
   at: push_warning (core/variant/variant_utility.cpp:1033)
   GDScript backtrace (most recent call first):
       [0] _place_wall_piece (res://scripts/building/found_art_pass.gd:54)
       [1] build (res://scripts/building/found_art_pass.gd:21)
       [2] _ready (res://scripts/building/building_root.gd:533)
       [3] _run_direct_cycle (res://tests/orison_v2_m11c2_production_matrix.gd:314)
       [4] _run (res://tests/orison_v2_m11c2_production_matrix.gd:161)
       [5] _run_direct_cycle (res://tests/orison_v2_m11c2_production_matrix.gd:404)
       [6] _settle_teardown (res://tests/orison_v2_m11c2_production_matrix.gd:2479)
WARNING: no legal wall for found piece cam_noel_witches
   at: push_warning (core/variant/variant_utility.cpp:1033)
   GDScript backtrace (most recent call first):
       [0] _place_wall_piece (res://scripts/building/found_art_pass.gd:54)
       [1] build (res://scripts/building/found_art_pass.gd:21)
       [2] _ready (res://scripts/building/building_root.gd:533)
       [3] _run_direct_cycle (res://tests/orison_v2_m11c2_production_matrix.gd:314)
       [4] _run (res://tests/orison_v2_m11c2_production_matrix.gd:161)
       [5] _run_direct_cycle (res://tests/orison_v2_m11c2_production_matrix.gd:404)
       [6] _settle_teardown (res://tests/orison_v2_m11c2_production_matrix.gd:2479)
WARNING: no legal wall for found piece cam_noel_witches
   at: push_warning (core/variant/variant_utility.cpp:1033)
   GDScript backtrace (most recent call first):
       [0] _place_wall_piece (res://scripts/building/found_art_pass.gd:54)
       [1] build (res://scripts/building/found_art_pass.gd:21)
       [2] _ready (res://scripts/building/building_root.gd:533)
       [3] _replace_world (res://scripts/dream/campaign_shell.gd:134)
       [4] _restore_world (res://scripts/dream/campaign_shell.gd:95)
       [5] _ready (res://scripts/dream/campaign_shell.gd:50)
       [6] _campaign_reconstruction (res://tests/orison_v2_m11c2_production_matrix.gd:1525)
       [7] _run (res://tests/orison_v2_m11c2_production_matrix.gd:223)
       [8] _exercise_m11a_lifecycle (res://tests/orison_v2_m11c2_production_matrix.gd:1142)
       [9] _settle (res://tests/orison_v2_m11c2_production_matrix.gd:2473)
WARNING: no legal wall for found piece cam_noel_witches
   at: push_warning (core/variant/variant_utility.cpp:1033)
   GDScript backtrace (most recent call first):
       [0] _place_wall_piece (res://scripts/building/found_art_pass.gd:54)
       [1] build (res://scripts/building/found_art_pass.gd:21)
       [2] _ready (res://scripts/building/building_root.gd:533)
       [3] _replace_world (res://scripts/dream/campaign_shell.gd:134)
       [4] _restore_world (res://scripts/dream/campaign_shell.gd:95)
       [5] _ready (res://scripts/dream/campaign_shell.gd:50)
       [6] _campaign_reconstruction (res://tests/orison_v2_m11c2_production_matrix.gd:1576)
       [7] _settle_teardown (res://tests/orison_v2_m11c2_production_matrix.gd:2479)
WARNING: no legal wall for found piece cam_noel_witches
   at: push_warning (core/variant/variant_utility.cpp:1033)
   GDScript backtrace (most recent call first):
       [0] _place_wall_piece (res://scripts/building/found_art_pass.gd:54)
       [1] build (res://scripts/building/found_art_pass.gd:21)
       [2] _ready (res://scripts/building/building_root.gd:533)
       [3] _replace_world (res://scripts/dream/campaign_shell.gd:134)
       [4] _restore_world (res://scripts/dream/campaign_shell.gd:95)
       [5] _ready (res://scripts/dream/campaign_shell.gd:50)
       [6] _campaign_reconstruction (res://tests/orison_v2_m11c2_production_matrix.gd:1525)
       [7] _run (res://tests/orison_v2_m11c2_production_matrix.gd:223)
       [8] _campaign_reconstruction (res://tests/orison_v2_m11c2_production_matrix.gd:1638)
       [9] _settle_teardown (res://tests/orison_v2_m11c2_production_matrix.gd:2479)
WARNING: no legal wall for found piece cam_noel_witches
   at: push_warning (core/variant/variant_utility.cpp:1033)
   GDScript backtrace (most recent call first):
       [0] _place_wall_piece (res://scripts/building/found_art_pass.gd:54)
       [1] build (res://scripts/building/found_art_pass.gd:21)
       [2] _ready (res://scripts/building/building_root.gd:533)
       [3] _replace_world (res://scripts/dream/campaign_shell.gd:134)
       [4] _restore_world (res://scripts/dream/campaign_shell.gd:95)
       [5] _ready (res://scripts/dream/campaign_shell.gd:50)
       [6] _campaign_reconstruction (res://tests/orison_v2_m11c2_production_matrix.gd:1576)
       [7] _settle_teardown (res://tests/orison_v2_m11c2_production_matrix.gd:2479)
WARNING: no legal wall for found piece cam_noel_witches
   at: push_warning (core/variant/variant_utility.cpp:1033)
   GDScript backtrace (most recent call first):
       [0] _place_wall_piece (res://scripts/building/found_art_pass.gd:54)
       [1] build (res://scripts/building/found_art_pass.gd:21)
       [2] _ready (res://scripts/building/building_root.gd:533)
       [3] _replace_world (res://scripts/dream/campaign_shell.gd:134)
       [4] _restore_world (res://scripts/dream/campaign_shell.gd:95)
       [5] _ready (res://scripts/dream/campaign_shell.gd:50)
       [6] _campaign_reconstruction (res://tests/orison_v2_m11c2_production_matrix.gd:1525)
       [7] _run (res://tests/orison_v2_m11c2_production_matrix.gd:223)
       [8] _campaign_reconstruction (res://tests/orison_v2_m11c2_production_matrix.gd:1638)
       [9] _settle_teardown (res://tests/orison_v2_m11c2_production_matrix.gd:2479)
WARNING: no legal wall for found piece cam_noel_witches
   at: push_warning (core/variant/variant_utility.cpp:1033)
   GDScript backtrace (most recent call first):
       [0] _place_wall_piece (res://scripts/building/found_art_pass.gd:54)
       [1] build (res://scripts/building/found_art_pass.gd:21)
       [2] _ready (res://scripts/building/building_root.gd:533)
       [3] _replace_world (res://scripts/dream/campaign_shell.gd:134)
       [4] _restore_world (res://scripts/dream/campaign_shell.gd:95)
       [5] _ready (res://scripts/dream/campaign_shell.gd:50)
       [6] _campaign_reconstruction (res://tests/orison_v2_m11c2_production_matrix.gd:1576)
       [7] _settle_teardown (res://tests/orison_v2_m11c2_production_matrix.gd:2479)
WARNING: no legal wall for found piece cam_noel_witches
   at: push_warning (core/variant/variant_utility.cpp:1033)
   GDScript backtrace (most recent call first):
       [0] _place_wall_piece (res://scripts/building/found_art_pass.gd:54)
       [1] build (res://scripts/building/found_art_pass.gd:21)
       [2] _ready (res://scripts/building/building_root.gd:533)
       [3] _replace_world (res://scripts/dream/campaign_shell.gd:134)
       [4] _restore_world (res://scripts/dream/campaign_shell.gd:95)
       [5] _ready (res://scripts/dream/campaign_shell.gd:50)
       [6] _campaign_reconstruction (res://tests/orison_v2_m11c2_production_matrix.gd:1525)
       [7] _run (res://tests/orison_v2_m11c2_production_matrix.gd:223)
       [8] _campaign_reconstruction (res://tests/orison_v2_m11c2_production_matrix.gd:1638)
       [9] _settle_teardown (res://tests/orison_v2_m11c2_production_matrix.gd:2479)
WARNING: no legal wall for found piece cam_noel_witches
   at: push_warning (core/variant/variant_utility.cpp:1033)
   GDScript backtrace (most recent call first):
       [0] _place_wall_piece (res://scripts/building/found_art_pass.gd:54)
       [1] build (res://scripts/building/found_art_pass.gd:21)
       [2] _ready (res://scripts/building/building_root.gd:533)
       [3] _replace_world (res://scripts/dream/campaign_shell.gd:134)
       [4] _restore_world (res://scripts/dream/campaign_shell.gd:95)
       [5] _ready (res://scripts/dream/campaign_shell.gd:50)
       [6] _campaign_reconstruction (res://tests/orison_v2_m11c2_production_matrix.gd:1576)
       [7] _settle_teardown (res://tests/orison_v2_m11c2_production_matrix.gd:2479)
