Godot Engine v4.7.1.stable.official.a13da4feb - https://godotengine.org

[ACOUSTIC] 550 nodes loaded
  PASS  M11C1 seam/traversal config matches its immutable normalized hash
  PASS  M11C1 seam/traversal config parses
  PASS  production layout parses read-only
  PASS  M11C1 contract supplies exactly five dangerous seams
  PASS  M11C1 contract supplies exactly five matched cameras
  PASS  M11C1 contract supplies the reviewed seventeen-cell set
  PASS  production Floor01GeometryConfiguration loads
  PASS  BuildingRootSelector default remains v1
  PASS  explicit v1 selector resolves the production BuildingRoot
[RENDER] forward_plus
[PASSAGE] 304 interior, 20 shell and 186 foreign F01 draws indexed
[VANTRY] 119 points, 7 floor batches, 3 static draws/floor
[HEIGHTMAP] 39 materials given parallax, 527 left flat
[SURFACE] 1003 surfaces layered (677 materials)
[BUILDING] 7 resident stories rehung off a bathroom wall
[DOMESTIC RADIO] 18 receivers across 18 occupied units; 0 unresolved
[DOOR GLOW] 107 closed doors, 9 leaking light (skipped: { "no_circulation": 86, "asleep": 12 })
[STATION] 37 clips, 6 machines (5 projectors, 1 sets), all dark
[ARCADE] 10 cabinet(s) from a catalog of 12: SOMETHING IN THE HALL (mystery_serial), OPERATIONS (farm_and_market), STEP SEQUENCE (variety_hour), NIGHT MAIL (aviation_hour), COUNTY LEAGUE (sporting_wire), THE THOUSAND (motor_racing), TOWER OF ASH (adventure_serial), OUTER RIM (night_sky), DO NOT ANSWER (mystery_serial), OVERTIME (sporting_wire)
[ARCADE] all of them are running arcade_pit
[BUILDING] 488 functional props spawned
[FURNITURE INTERACTION] 72 baked mechanisms restored
[BUILDING] exterior finish: 381 batched details, 11 decals, 8 puddles
[PASSAGE HOURS] OPEN; 10 grilles folded
[PASSAGE HOURS] 11 shopfronts, 10 close after 02:00, HARDWARE PAINT keeps night service
[PASSAGE FINISH] 6 gated draws, 3 handcarts, hours active
[MOVES] personal library: res://assets/characters/teresa_vale/teresa_vale_moves.glb
[MOVES] personal library: res://assets/characters/mina_vale/mina_vale_moves.glb
[MOVES] personal library: res://assets/characters/lena_ortiz/lena_ortiz_moves.glb
[MOVES] personal library: res://assets/characters/juno_kells/juno_kells_moves.glb
[MOVES] personal library: res://assets/characters/malcolm_reed/malcolm_reed_moves.glb
[MOVES] personal library: res://assets/characters/omar_bell/omar_bell_moves.glb
[MOVES] personal library: res://assets/characters/rhea_sato/rhea_sato_moves.glb
[MOVES] personal library: res://assets/characters/peter_wren/peter_wren_moves.glb
[MOVES] personal library: res://assets/characters/cam_ortiz/cam_ortiz_moves.glb
[MOVES] personal library: res://assets/characters/noel_price/noel_price_moves.glb
[MOVES] personal library: res://assets/characters/transient_guests/transient_guests_moves.glb
[MOVES] personal library: res://assets/characters/nadia_quell/nadia_quell_moves.glb
[MOVES] personal library: res://assets/characters/cal_dwyer/cal_dwyer_moves.glb
[MOVES] personal library: res://assets/characters/iris_bell/iris_bell_moves.glb
[MOVES] personal library: res://assets/characters/sacha_reed/sacha_reed_moves.glb
[MOVES] personal library: res://assets/characters/jonah_price/jonah_price_moves.glb
[MOVES] personal library: res://assets/characters/mae_kessler/mae_kessler_moves.glb
[BUILDING] 18 residents spawned (18 rigged, 0 sprite fallbacks)
[NAV] 4 schedule anchors installed in PASSAGE
[NAV] 336 nodes across 8 floors; 7 stair links; elevator linked; 57 wall-crossing edges rejected; 323 safe links restored
[ROUTINES] evelyn_marsh: 48 clips
[ROUTINES] evelyn_marsh upgraded to a mesh
[MOVES] personal library: res://assets/characters/teresa_vale/teresa_vale_moves.glb
[ROUTINES] teresa_vale: 49 clips
[ROUTINES] teresa_vale upgraded to a mesh
[MOVES] personal library: res://assets/characters/mina_vale/mina_vale_moves.glb
[ROUTINES] mina_vale: 49 clips
[ROUTINES] mina_vale upgraded to a mesh
[MOVES] personal library: res://assets/characters/lena_ortiz/lena_ortiz_moves.glb
[ROUTINES] lena_ortiz: 49 clips
[ROUTINES] lena_ortiz upgraded to a mesh
[MOVES] personal library: res://assets/characters/juno_kells/juno_kells_moves.glb
[ROUTINES] juno_kells: 49 clips
[ROUTINES] juno_kells upgraded to a mesh
[MOVES] personal library: res://assets/characters/malcolm_reed/malcolm_reed_moves.glb
[ROUTINES] malcolm_reed: 49 clips
[ROUTINES] malcolm_reed upgraded to a mesh
[MOVES] personal library: res://assets/characters/omar_bell/omar_bell_moves.glb
[ROUTINES] omar_bell: 49 clips
[ROUTINES] omar_bell upgraded to a mesh
[MOVES] personal library: res://assets/characters/rhea_sato/rhea_sato_moves.glb
[ROUTINES] rhea_sato: 49 clips
[ROUTINES] rhea_sato upgraded to a mesh
[MOVES] personal library: res://assets/characters/peter_wren/peter_wren_moves.glb
[ROUTINES] peter_wren: 49 clips
[ROUTINES] peter_wren upgraded to a mesh
[MOVES] personal library: res://assets/characters/cam_ortiz/cam_ortiz_moves.glb
[ROUTINES] cam_ortiz: 49 clips
[ROUTINES] cam_ortiz upgraded to a mesh
[MOVES] personal library: res://assets/characters/noel_price/noel_price_moves.glb
[ROUTINES] noel_price: 49 clips
[ROUTINES] noel_price upgraded to a mesh
[MOVES] personal library: res://assets/characters/transient_guests/transient_guests_moves.glb
[ROUTINES] transient_guests: 49 clips
[ROUTINES] transient_guests upgraded to a mesh
[MOVES] personal library: res://assets/characters/nadia_quell/nadia_quell_moves.glb
[ROUTINES] nadia_quell: 49 clips
[ROUTINES] nadia_quell upgraded to a mesh
[MOVES] personal library: res://assets/characters/cal_dwyer/cal_dwyer_moves.glb
[ROUTINES] cal_dwyer: 49 clips
[ROUTINES] cal_dwyer upgraded to a mesh
[MOVES] personal library: res://assets/characters/iris_bell/iris_bell_moves.glb
[ROUTINES] iris_bell: 49 clips
[ROUTINES] iris_bell upgraded to a mesh
[MOVES] personal library: res://assets/characters/sacha_reed/sacha_reed_moves.glb
[ROUTINES] sacha_reed: 49 clips
[ROUTINES] sacha_reed upgraded to a mesh
[MOVES] personal library: res://assets/characters/jonah_price/jonah_price_moves.glb
[ROUTINES] jonah_price: 49 clips
[ROUTINES] jonah_price upgraded to a mesh
[MOVES] personal library: res://assets/characters/mae_kessler/mae_kessler_moves.glb
[ROUTINES] mae_kessler: 49 clips
[ROUTINES] mae_kessler upgraded to a mesh
[ROUTINES] 18 residents with somewhere to be
[SWITCHES] 157 fixtures wired across 119 rooms, 87 exterior
[SWITCHES] 215 live plates
[MOON] 70 windowed rooms
[BUILDING] 18 apartment reality controllers ready
[WAYFINDING] 17 brass unit numbers, 7 directories, 8 fire signs, 1 spine plates, 6 stair pairs, 6 landing plates
[BUILDING] 62 reality-affected props placed
[WITNESS] 18 clocks and 20 other domestic anomalies placed and rigged
[ENCROACH] living field on F02 binds 78 materials
[ENCROACH] living field on F04 binds 83 materials
[ENCROACH] living field on F06 binds 81 materials
[ENCROACH] living field on F05 binds 86 materials
[ENCROACH] living field on F03 binds 89 materials
[ENCROACH] 22 finish surfaces across 6 case flats, 6 beachheads
[INCIDENTS] 15 flats on 5 living storeys can report
[BUILDING] 20 character memory artworks placed
[BUILDING] 20 character-specific wall artworks placed
[BUILDING] 8 hallway artworks placed
[BUILDING] 7 stair-landing pieces hung
WARNING: no legal wall for found piece cam_noel_witches
   at: push_warning (core/variant/variant_utility.cpp:1033)
   GDScript backtrace (most recent call first):
       [0] _place_wall_piece (res://scripts/building/found_art_pass.gd:54)
       [1] build (res://scripts/building/found_art_pass.gd:21)
       [2] _ready (res://scripts/building/building_root.gd:533)
       [3] _run_direct_cycle (res://tests/orison_v2_m11c2_production_matrix.gd:285)
       [4] _run (res://tests/orison_v2_m11c2_production_matrix.gd:111)
[BUILDING] found art: 17 walls, 7 print props, 1 billboards
[BUILDING] front-door exterior light and signage placed
[BUILDING] maintenance headquarters ready: 18 trophy slots, 6 gear tiers
[LIGHT RIG] budgets resolved: 64 active / 5 shadow
[SCHEDULE] director live: 18 residents on the clock
[HARUKIYA] 9 interactables placed
[BUILDING] Orison assembled: 8 floors, 565 windows lit, 292 railing details, player in lobby
[BUILDING] 197 low-overhead environment details and 26 story decals
[BUILDING] 64 atmospheric evidence decals
[PASSAGE] late sweep: 117 interior, 758 foreign, 2 shared late-built F01 draws registered
[PASSAGE] root sweep: 17 interior, 973 foreign draws, 37 foreign lights registered
[STREET] 1609 enclosed F01 draws indexed
[LIGHTING] 254 sources active in system; 254 full personalities; profiles steady/breathe/mains/beat/dropout=[55, 54, 49, 45, 51]
[STREET] 109 enclosed F01 draws indexed
[SURFACE] 3946 prop draws layered in triplanar mode (936 materials)
[ENCROACH] 938 prop draws reached across 6 case flats
[ENCROACH] living field on F02 binds 568 materials
[ENCROACH] living field on F04 binds 413 materials
[ENCROACH] living field on F06 binds 378 materials
[ENCROACH] living field on F05 binds 391 materials
[ENCROACH] living field on F03 binds 407 materials
[NAV] collision audit: 368 edges cut by real geometry, 71 island nodes relinked, 0 stair legs obstructed
[HARUKIYA] OPEN, 18 fixtures
[M11C2-WARMUP] legacy_monolith components={"authorities_survive_geometry_teardown":true,"contract":true,"lifecycle_delta_clean":true,"public_interaction_prompt":true,"public_teardown_receipt_zero":true,"route":true,"tracked_weakrefs_released":true} contract_failures=[]
[M11C2-SERVICE] legacy_monolith {"after":{"clock_order_id":"WO-CLOCK-001","clock_order_status":"active","first_shift_phase":"complete","has_open_work":true,"maintenance_jobs":{"job_ids":["vantry_chirp_2a"],"jobs":{"vantry_chirp_2a":{"evidence":[],"origin":"reported","repair_note":"M11C2 parity boundary","repair_quality":"good","stage":"closed"}}},"open_work":{"aggregate_has_open_work":true,"durable_owner":"RealityState via WorkOrders public status/serialization","open_maintenance_job_ids":[],"open_simple_order_ids":["WO-CLOCK-001"]},"previous_job_stage":"closed","service_job_stage":"missing","service_round_incoming_call":true},"before":{"clock_order_id":"WO-CLOCK-001","clock_order_status":"active","first_shift_phase":"complete","has_open_work":true,"maintenance_jobs":{"job_ids":[],"jobs":{}},"open_work":{"aggregate_has_open_work":true,"durable_owner":"RealityState via WorkOrders public status/serialization","open_maintenance_job_ids":[],"open_simple_order_ids":["WO-CLOCK-001"]},"previous_job_stage":"missing","service_job_stage":"missing","service_round_incoming_call":false},"exact_expected_open_work":true,"first_shift_phase":"complete","has_open_work":true,"ok":true,"open_work":{"aggregate_has_open_work":true,"durable_owner":"RealityState via WorkOrders public status/serialization","open_maintenance_job_ids":[],"open_simple_order_ids":["WO-CLOCK-001"]},"previous_job":{"evidence":[],"origin":"reported","repair_note":"M11C2 parity boundary","repair_quality":"good","stage":"closed"},"production_clock_order":{"id":"WO-CLOCK-001","status":"active"},"public_core_loop_offer_surface":true,"public_service_round_surface":true,"public_work_orders_surface":true,"service_job":{"evidence":[],"origin":"","repair_note":"","repair_quality":"","stage":"missing"},"service_round_incoming_call":true,"transitions_applied_this_root":[{"accepted":true,"action":"CoreLoopDirector.offer_opening_report","from":"missing","to":"issued"},{"accepted":true,"action":"WorkOrders.acknowledge_job","from":"issued","to":"acknowledged"},{"accepted":true,"action":"WorkOrders.diagnose_job","from":"acknowledged","to":"diagnosed"},{"accepted":true,"action":"WorkOrders.mark_job_awaiting_part","from":"diagnosed","to":"awaiting_part"},{"accepted":true,"action":"WorkOrders.mark_job_repairable","from":"awaiting_part","to":"repairable"},{"accepted":true,"action":"WorkOrders.record_job_repair","from":"repairable","to":"repaired"},{"accepted":true,"action":"WorkOrders.close_job","from":"repaired","to":"closed"}]}
[M11C2-CONSUMERS] legacy_monolith {"accessibility":true,"acoustic":true,"details":true,"first_shift":true,"resident_nav":true,"service_round":true,"vantry":true}
  PASS  legacy_monolith production warmup
[RENDER] forward_plus
[PASSAGE] 315 interior, 31 shell and 239 foreign owner-cell draws indexed
[VANTRY] 119 points, 7 floor batches, 3 static draws/floor
[HEIGHTMAP] 39 materials given parallax, 923 left flat
[SURFACE] 1054 surfaces layered (999 materials)
[BUILDING] 7 resident stories rehung off a bathroom wall
[DOMESTIC RADIO] 18 receivers across 18 occupied units; 0 unresolved
[DOOR GLOW] 107 closed doors, 9 leaking light (skipped: { "no_circulation": 86, "asleep": 12 })
[STATION] 37 clips, 6 machines (5 projectors, 1 sets), all dark
[ARCADE] 10 cabinet(s) from a catalog of 12: SOMETHING IN THE HALL (mystery_serial), OPERATIONS (farm_and_market), STEP SEQUENCE (variety_hour), NIGHT MAIL (aviation_hour), COUNTY LEAGUE (sporting_wire), THE THOUSAND (motor_racing), TOWER OF ASH (adventure_serial), OUTER RIM (night_sky), DO NOT ANSWER (mystery_serial), OVERTIME (sporting_wire)
[ARCADE] all of them are running arcade_pit
[BUILDING] 488 functional props spawned
[FURNITURE INTERACTION] 72 baked mechanisms restored
[BUILDING] exterior finish: 381 batched details, 11 decals, 8 puddles
[PASSAGE HOURS] OPEN; 10 grilles folded
[PASSAGE HOURS] 11 shopfronts, 10 close after 02:00, HARDWARE PAINT keeps night service
[PASSAGE FINISH] 6 gated draws, 3 handcarts, hours active
[MOVES] personal library: res://assets/characters/teresa_vale/teresa_vale_moves.glb
[MOVES] personal library: res://assets/characters/mina_vale/mina_vale_moves.glb
[MOVES] personal library: res://assets/characters/lena_ortiz/lena_ortiz_moves.glb
[MOVES] personal library: res://assets/characters/juno_kells/juno_kells_moves.glb
[MOVES] personal library: res://assets/characters/malcolm_reed/malcolm_reed_moves.glb
[MOVES] personal library: res://assets/characters/omar_bell/omar_bell_moves.glb
[MOVES] personal library: res://assets/characters/rhea_sato/rhea_sato_moves.glb
[MOVES] personal library: res://assets/characters/peter_wren/peter_wren_moves.glb
[MOVES] personal library: res://assets/characters/cam_ortiz/cam_ortiz_moves.glb
[MOVES] personal library: res://assets/characters/noel_price/noel_price_moves.glb
[MOVES] personal library: res://assets/characters/transient_guests/transient_guests_moves.glb
[MOVES] personal library: res://assets/characters/nadia_quell/nadia_quell_moves.glb
[MOVES] personal library: res://assets/characters/cal_dwyer/cal_dwyer_moves.glb
[MOVES] personal library: res://assets/characters/iris_bell/iris_bell_moves.glb
[MOVES] personal library: res://assets/characters/sacha_reed/sacha_reed_moves.glb
[MOVES] personal library: res://assets/characters/jonah_price/jonah_price_moves.glb
[MOVES] personal library: res://assets/characters/mae_kessler/mae_kessler_moves.glb
[BUILDING] 18 residents spawned (18 rigged, 0 sprite fallbacks)
[NAV] 4 schedule anchors installed in PASSAGE
[NAV] 336 nodes across 8 floors; 7 stair links; elevator linked; 57 wall-crossing edges rejected; 323 safe links restored
[ROUTINES] evelyn_marsh: 48 clips
[ROUTINES] evelyn_marsh upgraded to a mesh
[MOVES] personal library: res://assets/characters/teresa_vale/teresa_vale_moves.glb
[ROUTINES] teresa_vale: 49 clips
[ROUTINES] teresa_vale upgraded to a mesh
[MOVES] personal library: res://assets/characters/mina_vale/mina_vale_moves.glb
[ROUTINES] mina_vale: 49 clips
[ROUTINES] mina_vale upgraded to a mesh
[MOVES] personal library: res://assets/characters/lena_ortiz/lena_ortiz_moves.glb
[ROUTINES] lena_ortiz: 49 clips
[ROUTINES] lena_ortiz upgraded to a mesh
[MOVES] personal library: res://assets/characters/juno_kells/juno_kells_moves.glb
[ROUTINES] juno_kells: 49 clips
[ROUTINES] juno_kells upgraded to a mesh
[MOVES] personal library: res://assets/characters/malcolm_reed/malcolm_reed_moves.glb
[ROUTINES] malcolm_reed: 49 clips
[ROUTINES] malcolm_reed upgraded to a mesh
[MOVES] personal library: res://assets/characters/omar_bell/omar_bell_moves.glb
[ROUTINES] omar_bell: 49 clips
[ROUTINES] omar_bell upgraded to a mesh
[MOVES] personal library: res://assets/characters/rhea_sato/rhea_sato_moves.glb
[ROUTINES] rhea_sato: 49 clips
[ROUTINES] rhea_sato upgraded to a mesh
[MOVES] personal library: res://assets/characters/peter_wren/peter_wren_moves.glb
[ROUTINES] peter_wren: 49 clips
[ROUTINES] peter_wren upgraded to a mesh
[MOVES] personal library: res://assets/characters/cam_ortiz/cam_ortiz_moves.glb
[ROUTINES] cam_ortiz: 49 clips
[ROUTINES] cam_ortiz upgraded to a mesh
[MOVES] personal library: res://assets/characters/noel_price/noel_price_moves.glb
[ROUTINES] noel_price: 49 clips
[ROUTINES] noel_price upgraded to a mesh
[MOVES] personal library: res://assets/characters/transient_guests/transient_guests_moves.glb
[ROUTINES] transient_guests: 49 clips
[ROUTINES] transient_guests upgraded to a mesh
[MOVES] personal library: res://assets/characters/nadia_quell/nadia_quell_moves.glb
[ROUTINES] nadia_quell: 49 clips
[ROUTINES] nadia_quell upgraded to a mesh
[MOVES] personal library: res://assets/characters/cal_dwyer/cal_dwyer_moves.glb
[ROUTINES] cal_dwyer: 49 clips
[ROUTINES] cal_dwyer upgraded to a mesh
[MOVES] personal library: res://assets/characters/iris_bell/iris_bell_moves.glb
[ROUTINES] iris_bell: 49 clips
[ROUTINES] iris_bell upgraded to a mesh
[MOVES] personal library: res://assets/characters/sacha_reed/sacha_reed_moves.glb
[ROUTINES] sacha_reed: 49 clips
[ROUTINES] sacha_reed upgraded to a mesh
[MOVES] personal library: res://assets/characters/jonah_price/jonah_price_moves.glb
[ROUTINES] jonah_price: 49 clips
[ROUTINES] jonah_price upgraded to a mesh
[MOVES] personal library: res://assets/characters/mae_kessler/mae_kessler_moves.glb
[ROUTINES] mae_kessler: 49 clips
[ROUTINES] mae_kessler upgraded to a mesh
[ROUTINES] 18 residents with somewhere to be
[SWITCHES] 157 fixtures wired across 119 rooms, 87 exterior
[SWITCHES] 215 live plates
[MOON] 70 windowed rooms
[BUILDING] 18 apartment reality controllers ready
[WAYFINDING] 17 brass unit numbers, 7 directories, 8 fire signs, 1 spine plates, 6 stair pairs, 6 landing plates
[BUILDING] 62 reality-affected props placed
[WITNESS] 18 clocks and 20 other domestic anomalies placed and rigged
[ENCROACH] living field on F02 binds 78 materials
[ENCROACH] living field on F04 binds 83 materials
[ENCROACH] living field on F06 binds 81 materials
[ENCROACH] living field on F05 binds 86 materials
[ENCROACH] living field on F03 binds 89 materials
[ENCROACH] 22 finish surfaces across 6 case flats, 6 beachheads
[INCIDENTS] 15 flats on 5 living storeys can report
[BUILDING] 20 character memory artworks placed
[BUILDING] 20 character-specific wall artworks placed
[BUILDING] 8 hallway artworks placed
[BUILDING] 7 stair-landing pieces hung
WARNING: no legal wall for found piece cam_noel_witches
   at: push_warning (core/variant/variant_utility.cpp:1033)
   GDScript backtrace (most recent call first):
       [0] _place_wall_piece (res://scripts/building/found_art_pass.gd:54)
       [1] build (res://scripts/building/found_art_pass.gd:21)
       [2] _ready (res://scripts/building/building_root.gd:533)
       [3] _run_direct_cycle (res://tests/orison_v2_m11c2_production_matrix.gd:285)
       [4] _run (res://tests/orison_v2_m11c2_production_matrix.gd:111)
       [5] _run_direct_cycle (res://tests/orison_v2_m11c2_production_matrix.gd:362)
       [6] _settle_teardown (res://tests/orison_v2_m11c2_production_matrix.gd:2112)
[BUILDING] found art: 17 walls, 7 print props, 1 billboards
[BUILDING] front-door exterior light and signage placed
[BUILDING] maintenance headquarters ready: 18 trophy slots, 6 gear tiers
[LIGHT RIG] budgets resolved: 64 active / 5 shadow
[SCHEDULE] director live: 18 residents on the clock
[HARUKIYA] 9 interactables placed
[BUILDING] Orison assembled: 8 floors, 565 windows lit, 292 railing details, player in lobby
[BUILDING] 197 low-overhead environment details and 26 story decals
[BUILDING] 64 atmospheric evidence decals
[PASSAGE] late sweep: 117 interior, 758 foreign, 2 shared late-built F01 draws registered
[PASSAGE] root sweep: 17 interior, 973 foreign draws, 37 foreign lights registered
[STREET] 1662 enclosed F01 draws indexed
[LIGHTING] 254 sources active in system; 254 full personalities; profiles steady/breathe/mains/beat/dropout=[55, 54, 49, 45, 51]
[HARUKIYA] OPEN, 18 fixtures
[STREET] 105 enclosed F01 draws indexed
[SURFACE] 3946 prop draws layered in triplanar mode (1258 materials)
[ENCROACH] 938 prop draws reached across 6 case flats
[ENCROACH] living field on F02 binds 568 materials
[ENCROACH] living field on F04 binds 413 materials
[ENCROACH] living field on F06 binds 378 materials
[ENCROACH] living field on F05 binds 391 materials
[ENCROACH] living field on F03 binds 407 materials
[NAV] collision audit: 368 edges cut by real geometry, 71 island nodes relinked, 0 stair legs obstructed
[M11C2-WARMUP] owner_first_cells components={"authorities_survive_geometry_teardown":true,"contract":true,"lifecycle_delta_clean":true,"public_interaction_prompt":true,"public_teardown_receipt_zero":true,"route":true,"tracked_weakrefs_released":true} contract_failures=[]
[M11C2-SERVICE] owner_first_cells {"after":{"clock_order_id":"WO-CLOCK-001","clock_order_status":"active","first_shift_phase":"complete","has_open_work":true,"maintenance_jobs":{"job_ids":["vantry_chirp_2a"],"jobs":{"vantry_chirp_2a":{"evidence":[],"origin":"reported","repair_note":"M11C2 parity boundary","repair_quality":"good","stage":"closed"}}},"open_work":{"aggregate_has_open_work":true,"durable_owner":"RealityState via WorkOrders public status/serialization","open_maintenance_job_ids":[],"open_simple_order_ids":["WO-CLOCK-001"]},"previous_job_stage":"closed","service_job_stage":"missing","service_round_incoming_call":true},"before":{"clock_order_id":"WO-CLOCK-001","clock_order_status":"active","first_shift_phase":"complete","has_open_work":true,"maintenance_jobs":{"job_ids":[],"jobs":{}},"open_work":{"aggregate_has_open_work":true,"durable_owner":"RealityState via WorkOrders public status/serialization","open_maintenance_job_ids":[],"open_simple_order_ids":["WO-CLOCK-001"]},"previous_job_stage":"missing","service_job_stage":"missing","service_round_incoming_call":false},"exact_expected_open_work":true,"first_shift_phase":"complete","has_open_work":true,"ok":true,"open_work":{"aggregate_has_open_work":true,"durable_owner":"RealityState via WorkOrders public status/serialization","open_maintenance_job_ids":[],"open_simple_order_ids":["WO-CLOCK-001"]},"previous_job":{"evidence":[],"origin":"reported","repair_note":"M11C2 parity boundary","repair_quality":"good","stage":"closed"},"production_clock_order":{"id":"WO-CLOCK-001","status":"active"},"public_core_loop_offer_surface":true,"public_service_round_surface":true,"public_work_orders_surface":true,"service_job":{"evidence":[],"origin":"","repair_note":"","repair_quality":"","stage":"missing"},"service_round_incoming_call":true,"transitions_applied_this_root":[{"accepted":true,"action":"CoreLoopDirector.offer_opening_report","from":"missing","to":"issued"},{"accepted":true,"action":"WorkOrders.acknowledge_job","from":"issued","to":"acknowledged"},{"accepted":true,"action":"WorkOrders.diagnose_job","from":"acknowledged","to":"diagnosed"},{"accepted":true,"action":"WorkOrders.mark_job_awaiting_part","from":"diagnosed","to":"awaiting_part"},{"accepted":true,"action":"WorkOrders.mark_job_repairable","from":"awaiting_part","to":"repairable"},{"accepted":true,"action":"WorkOrders.record_job_repair","from":"repairable","to":"repaired"},{"accepted":true,"action":"WorkOrders.close_job","from":"repaired","to":"closed"}]}
[M11C2-CONSUMERS] owner_first_cells {"accessibility":true,"acoustic":true,"details":true,"first_shift":true,"resident_nav":true,"service_round":true,"vantry":true}
  PASS  owner_first_cells production warmup
  PASS  independent M11A production scene warmup
[RENDER] forward_plus
[PASSAGE] 304 interior, 20 shell and 186 foreign F01 draws indexed
[VANTRY] 119 points, 7 floor batches, 3 static draws/floor
[HEIGHTMAP] 39 materials given parallax, 527 left flat
[SURFACE] 1003 surfaces layered (677 materials)
[BUILDING] 7 resident stories rehung off a bathroom wall
[DOMESTIC RADIO] 18 receivers across 18 occupied units; 0 unresolved
[DOOR GLOW] 107 closed doors, 9 leaking light (skipped: { "no_circulation": 86, "asleep": 12 })
[STATION] 37 clips, 6 machines (5 projectors, 1 sets), all dark
[ARCADE] 10 cabinet(s) from a catalog of 12: SOMETHING IN THE HALL (mystery_serial), OPERATIONS (farm_and_market), STEP SEQUENCE (variety_hour), NIGHT MAIL (aviation_hour), COUNTY LEAGUE (sporting_wire), THE THOUSAND (motor_racing), TOWER OF ASH (adventure_serial), OUTER RIM (night_sky), DO NOT ANSWER (mystery_serial), OVERTIME (sporting_wire)
[ARCADE] all of them are running arcade_pit
[BUILDING] 488 functional props spawned
[FURNITURE INTERACTION] 72 baked mechanisms restored
[BUILDING] exterior finish: 381 batched details, 11 decals, 8 puddles
[PASSAGE HOURS] OPEN; 10 grilles folded
[PASSAGE HOURS] 11 shopfronts, 10 close after 02:00, HARDWARE PAINT keeps night service
[PASSAGE FINISH] 6 gated draws, 3 handcarts, hours active
[MOVES] personal library: res://assets/characters/teresa_vale/teresa_vale_moves.glb
[MOVES] personal library: res://assets/characters/mina_vale/mina_vale_moves.glb
[MOVES] personal library: res://assets/characters/lena_ortiz/lena_ortiz_moves.glb
[MOVES] personal library: res://assets/characters/juno_kells/juno_kells_moves.glb
[MOVES] personal library: res://assets/characters/malcolm_reed/malcolm_reed_moves.glb
[MOVES] personal library: res://assets/characters/omar_bell/omar_bell_moves.glb
[MOVES] personal library: res://assets/characters/rhea_sato/rhea_sato_moves.glb
[MOVES] personal library: res://assets/characters/peter_wren/peter_wren_moves.glb
[MOVES] personal library: res://assets/characters/cam_ortiz/cam_ortiz_moves.glb
[MOVES] personal library: res://assets/characters/noel_price/noel_price_moves.glb
[MOVES] personal library: res://assets/characters/transient_guests/transient_guests_moves.glb
[MOVES] personal library: res://assets/characters/nadia_quell/nadia_quell_moves.glb
[MOVES] personal library: res://assets/characters/cal_dwyer/cal_dwyer_moves.glb
[MOVES] personal library: res://assets/characters/iris_bell/iris_bell_moves.glb
[MOVES] personal library: res://assets/characters/sacha_reed/sacha_reed_moves.glb
[MOVES] personal library: res://assets/characters/jonah_price/jonah_price_moves.glb
[MOVES] personal library: res://assets/characters/mae_kessler/mae_kessler_moves.glb
[BUILDING] 18 residents spawned (18 rigged, 0 sprite fallbacks)
[NAV] 4 schedule anchors installed in PASSAGE
[NAV] 336 nodes across 8 floors; 7 stair links; elevator linked; 57 wall-crossing edges rejected; 323 safe links restored
[ROUTINES] evelyn_marsh: 48 clips
[ROUTINES] evelyn_marsh upgraded to a mesh
[MOVES] personal library: res://assets/characters/teresa_vale/teresa_vale_moves.glb
[ROUTINES] teresa_vale: 49 clips
[ROUTINES] teresa_vale upgraded to a mesh
[MOVES] personal library: res://assets/characters/mina_vale/mina_vale_moves.glb
[ROUTINES] mina_vale: 49 clips
[ROUTINES] mina_vale upgraded to a mesh
[MOVES] personal library: res://assets/characters/lena_ortiz/lena_ortiz_moves.glb
[ROUTINES] lena_ortiz: 49 clips
[ROUTINES] lena_ortiz upgraded to a mesh
[MOVES] personal library: res://assets/characters/juno_kells/juno_kells_moves.glb
[ROUTINES] juno_kells: 49 clips
[ROUTINES] juno_kells upgraded to a mesh
[MOVES] personal library: res://assets/characters/malcolm_reed/malcolm_reed_moves.glb
[ROUTINES] malcolm_reed: 49 clips
[ROUTINES] malcolm_reed upgraded to a mesh
[MOVES] personal library: res://assets/characters/omar_bell/omar_bell_moves.glb
[ROUTINES] omar_bell: 49 clips
[ROUTINES] omar_bell upgraded to a mesh
[MOVES] personal library: res://assets/characters/rhea_sato/rhea_sato_moves.glb
[ROUTINES] rhea_sato: 49 clips
[ROUTINES] rhea_sato upgraded to a mesh
[MOVES] personal library: res://assets/characters/peter_wren/peter_wren_moves.glb
[ROUTINES] peter_wren: 49 clips
[ROUTINES] peter_wren upgraded to a mesh
[MOVES] personal library: res://assets/characters/cam_ortiz/cam_ortiz_moves.glb
[ROUTINES] cam_ortiz: 49 clips
[ROUTINES] cam_ortiz upgraded to a mesh
[MOVES] personal library: res://assets/characters/noel_price/noel_price_moves.glb
[ROUTINES] noel_price: 49 clips
[ROUTINES] noel_price upgraded to a mesh
[MOVES] personal library: res://assets/characters/transient_guests/transient_guests_moves.glb
[ROUTINES] transient_guests: 49 clips
[ROUTINES] transient_guests upgraded to a mesh
[MOVES] personal library: res://assets/characters/nadia_quell/nadia_quell_moves.glb
[ROUTINES] nadia_quell: 49 clips
[ROUTINES] nadia_quell upgraded to a mesh
[MOVES] personal library: res://assets/characters/cal_dwyer/cal_dwyer_moves.glb
[ROUTINES] cal_dwyer: 49 clips
[ROUTINES] cal_dwyer upgraded to a mesh
[MOVES] personal library: res://assets/characters/iris_bell/iris_bell_moves.glb
[ROUTINES] iris_bell: 49 clips
[ROUTINES] iris_bell upgraded to a mesh
[MOVES] personal library: res://assets/characters/sacha_reed/sacha_reed_moves.glb
[ROUTINES] sacha_reed: 49 clips
[ROUTINES] sacha_reed upgraded to a mesh
[MOVES] personal library: res://assets/characters/jonah_price/jonah_price_moves.glb
[ROUTINES] jonah_price: 49 clips
[ROUTINES] jonah_price upgraded to a mesh
[MOVES] personal library: res://assets/characters/mae_kessler/mae_kessler_moves.glb
[ROUTINES] mae_kessler: 49 clips
[ROUTINES] mae_kessler upgraded to a mesh
[ROUTINES] 18 residents with somewhere to be
[SWITCHES] 157 fixtures wired across 119 rooms, 87 exterior
[SWITCHES] 215 live plates
[MOON] 70 windowed rooms
[BUILDING] 18 apartment reality controllers ready
[WAYFINDING] 17 brass unit numbers, 7 directories, 8 fire signs, 1 spine plates, 6 stair pairs, 6 landing plates
[BUILDING] 62 reality-affected props placed
[WITNESS] 18 clocks and 20 other domestic anomalies placed and rigged
[ENCROACH] living field on F02 binds 78 materials
[ENCROACH] living field on F04 binds 83 materials
[ENCROACH] living field on F06 binds 81 materials
[ENCROACH] living field on F05 binds 86 materials
[ENCROACH] living field on F03 binds 89 materials
[ENCROACH] 22 finish surfaces across 6 case flats, 6 beachheads
[INCIDENTS] 15 flats on 5 living storeys can report
[BUILDING] 20 character memory artworks placed
[BUILDING] 20 character-specific wall artworks placed
[BUILDING] 8 hallway artworks placed
[BUILDING] 7 stair-landing pieces hung
WARNING: no legal wall for found piece cam_noel_witches
   at: push_warning (core/variant/variant_utility.cpp:1033)
   GDScript backtrace (most recent call first):
       [0] _place_wall_piece (res://scripts/building/found_art_pass.gd:54)
       [1] build (res://scripts/building/found_art_pass.gd:21)
       [2] _ready (res://scripts/building/building_root.gd:533)
       [3] _run_direct_cycle (res://tests/orison_v2_m11c2_production_matrix.gd:285)
       [4] _run (res://tests/orison_v2_m11c2_production_matrix.gd:148)
       [5] _exercise_m11a_lifecycle (res://tests/orison_v2_m11c2_production_matrix.gd:1087)
       [6] _settle (res://tests/orison_v2_m11c2_production_matrix.gd:2106)
[BUILDING] found art: 17 walls, 7 print props, 1 billboards
[BUILDING] front-door exterior light and signage placed
[BUILDING] maintenance headquarters ready: 18 trophy slots, 6 gear tiers
[LIGHT RIG] budgets resolved: 64 active / 5 shadow
[SCHEDULE] director live: 18 residents on the clock
[HARUKIYA] 9 interactables placed
[BUILDING] Orison assembled: 8 floors, 565 windows lit, 292 railing details, player in lobby
[BUILDING] 197 low-overhead environment details and 26 story decals
[BUILDING] 64 atmospheric evidence decals
[PASSAGE] late sweep: 117 interior, 758 foreign, 2 shared late-built F01 draws registered
[PASSAGE] root sweep: 17 interior, 973 foreign draws, 37 foreign lights registered
[STREET] 1609 enclosed F01 draws indexed
[LIGHTING] 254 sources active in system; 254 full personalities; profiles steady/breathe/mains/beat/dropout=[55, 54, 49, 45, 51]
[HARUKIYA] OPEN, 18 fixtures
[STREET] 105 enclosed F01 draws indexed
[SURFACE] 3946 prop draws layered in triplanar mode (936 materials)
[ENCROACH] 938 prop draws reached across 6 case flats
[ENCROACH] living field on F02 binds 568 materials
[ENCROACH] living field on F04 binds 413 materials
[ENCROACH] living field on F06 binds 378 materials
[ENCROACH] living field on F05 binds 391 materials
[ENCROACH] living field on F03 binds 407 materials
[NAV] collision audit: 368 edges cut by real geometry, 71 island nodes relinked, 0 stair legs obstructed
[STREET] 4 enclosed F01 draws indexed
[SANITY] teresa_call_bells rung 1 (pressure 0.15, 1 acts)
[SURFACE] 3947 prop draws layered in triplanar mode (937 materials)
[ENCROACH] 939 prop draws reached across 6 case flats
[ENCROACH] living field on F02 binds 689 materials
[ENCROACH] living field on F04 binds 539 materials
[ENCROACH] living field on F06 binds 493 materials
[ENCROACH] living field on F05 binds 518 materials
[ENCROACH] living field on F03 binds 528 materials
[M11C2-ROUTE] orison_to_street reached=true samples=44 grounded=1.0000 finish=[0.0, 0.03826105594635, 11.1508264541626]
ERROR: No wall-safe resident route on F01: (9.7428, 0.03, 3.205) -> (-1.9, 0.06, 8.75)
   at: push_error (core/variant/variant_utility.cpp:1023)
   GDScript backtrace (most recent call first):
       [0] route (res://scripts/characters/resident_nav.gd:381)
       [1] _set_route (res://scripts/characters/resident_routines.gd:1019)
       [2] _begin_trip (res://scripts/characters/resident_routines.gd:936)
       [3] _scheduled_decision (res://scripts/characters/resident_routines.gd:501)
       [4] _step (res://scripts/characters/resident_routines.gd:696)
       [5] _process (res://scripts/characters/resident_routines.gd:645)
[M11C2-ROUTE] street_to_bodega_start reached=true samples=374 grounded=1.0000 finish=[18.5384960174561, 0.01082243956625, 13.0746812820435]
[M11C2-ROUTE] bodega_enter reached=true samples=46 grounded=1.0000 finish=[18.6390590667725, 0.04967268556356, 10.7771711349487]
[M11C2-ROUTE] bodega_return reached=true samples=44 grounded=1.0000 finish=[18.6494216918945, 0.01100081112236, 12.9773187637329]
[SANITY] nadia_code_pinball rung 1 (pressure 0.15, 1 acts)
[M11C2-ROUTE] bodega_to_passage_start_01 reached=true samples=373 grounded=1.0000 finish=[0.11799304187298, 0.03875450417399, 11.2604484558105]
[M11C2-ROUTE] bodega_to_passage_start_02 reached=true samples=433 grounded=0.9353 finish=[13.9281558990479, 0.01071903668344, 27.094165802002]
[PASSAGE] root sweep: 0 interior, 0 foreign draws, 15 foreign lights registered
[SURFACE] 3947 prop draws layered in triplanar mode (937 materials)
[ENCROACH] 939 prop draws reached across 6 case flats
[ENCROACH] living field on F02 binds 808 materials
[ENCROACH] living field on F04 binds 665 materials
[ENCROACH] living field on F06 binds 608 materials
[ENCROACH] living field on F05 binds 645 materials
[ENCROACH] living field on F03 binds 649 materials
[M11C2-ROUTE] passage_enter reached=true samples=58 grounded=1.0000 finish=[13.9974517822266, 0.01071903668344, 29.9933471679688]
[INCIDENTS] Lena Ortiz reports Mina Vale's organism in 2B (225 voxels): ORG-2B-001
[SANITY] teresa_call_bells rung 1 (pressure 0.15, 1 acts)
[M11C2-ROUTE] PASSAGE_MODEL_LAUNDRY_BIDIRECTIONAL_connector reached=true samples=277 grounded=1.0000 finish=[12.2516689300537, 0.01071903668344, 43.7331657409668]
[M11C2-ROUTE] PASSAGE_MODEL_LAUNDRY_BIDIRECTIONAL_enter reached=true samples=38 grounded=1.0000 finish=[10.3536548614502, 0.01071903668344, 43.8198127746582]
[M11C2-ROUTE] PASSAGE_MODEL_LAUNDRY_BIDIRECTIONAL_return reached=true samples=36 grounded=1.0000 finish=[12.1536617279053, 0.01071903668344, 43.8247604370117]
[M11C2-ROUTE] PASSAGE_SHOE_REBUILDING_BIDIRECTIONAL_connector reached=true samples=110 grounded=1.0000 finish=[12.2369594573975, 0.01074407156557, 49.3224906921387]
[M11C2-ROUTE] PASSAGE_SHOE_REBUILDING_BIDIRECTIONAL_enter reached=true samples=51 grounded=1.0000 finish=[10.3534421920776, 0.01074464898556, 49.4155883789063]
[M11C2-ROUTE] PASSAGE_SHOE_REBUILDING_BIDIRECTIONAL_return reached=true samples=36 grounded=1.0000 finish=[12.1534147262573, 0.01074464898556, 49.4245681762695]
[M11C2-ROUTE] PASSAGE_KEYS_CUT_BIDIRECTIONAL_connector reached=true samples=70 grounded=1.0000 finish=[12.2375574111938, 0.01074464898556, 52.9234466552734]
[M11C2-ROUTE] PASSAGE_KEYS_CUT_BIDIRECTIONAL_enter reached=true samples=51 grounded=1.0000 finish=[10.3403463363647, 0.01074472628534, 53.0163917541504]
[SANITY] malcolm_memory_plants rung 1 (pressure 0.15, 1 acts)
[M11C2-ROUTE] PASSAGE_KEYS_CUT_BIDIRECTIONAL_return reached=true samples=36 grounded=1.0000 finish=[12.1403188705444, 0.01074472628534, 53.0245475769043]
[M11C2-ROUTE] PASSAGE_HARDWARE_PAINT_BIDIRECTIONAL_connector reached=true samples=106 grounded=1.0000 finish=[12.2381296157837, 0.01074472628534, 58.323657989502]
[M11C2-ROUTE] PASSAGE_HARDWARE_PAINT_BIDIRECTIONAL_enter reached=true samples=51 grounded=1.0000 finish=[10.3365802764893, 0.01078269630671, 58.4167404174805]
[M11C2-ROUTE] PASSAGE_HARDWARE_PAINT_BIDIRECTIONAL_return reached=true samples=36 grounded=1.0000 finish=[12.1365528106689, 0.01078269630671, 58.4245529174805]
[M11C2-ROUTE] PASSAGE_FUNERAL_PARLOUR_BIDIRECTIONAL_connector reached=true samples=90 grounded=1.0000 finish=[12.2377166748047, 0.01078269630671, 62.923454284668]
[M11C2-ROUTE] PASSAGE_FUNERAL_PARLOUR_BIDIRECTIONAL_enter reached=true samples=51 grounded=1.0000 finish=[10.3685111999512, 0.01094304677099, 63.0141944885254]
[M11C2-ROUTE] PASSAGE_FUNERAL_PARLOUR_BIDIRECTIONAL_return reached=true samples=35 grounded=1.0000 finish=[12.1184844970703, 0.01094304677099, 63.0243034362793]
[M11C2-ROUTE] PASSAGE_PHOTO_SUPPLIES_BIDIRECTIONAL_connector reached=true samples=71 grounded=1.0000 finish=[15.6681594848633, 0.01094304677099, 62.9762420654297]
[M11C2-ROUTE] PASSAGE_PHOTO_SUPPLIES_BIDIRECTIONAL_enter reached=true samples=49 grounded=1.0000 finish=[17.6643028259277, 0.01094070915133, 62.9831733703613]
[M11C2-ROUTE] PASSAGE_PHOTO_SUPPLIES_BIDIRECTIONAL_return reached=true samples=36 grounded=1.0000 finish=[15.864330291748, 0.01094070915133, 62.9754486083984]
[M11C2-ROUTE] PASSAGE_RADIO_SERVICE_BIDIRECTIONAL_connector reached=true samples=126 grounded=1.0000 finish=[15.7616548538208, 0.01094070915133, 56.6765060424805]
[SANITY] omar_unrepairable rung 1 (pressure 0.15, 1 acts)
[M11C2-ROUTE] PASSAGE_RADIO_SERVICE_BIDIRECTIONAL_enter reached=true samples=51 grounded=1.0000 finish=[17.6493701934814, 0.01094005256891, 56.5842437744141]
[M11C2-ROUTE] PASSAGE_RADIO_SERVICE_BIDIRECTIONAL_return reached=true samples=36 grounded=1.0000 finish=[15.8493976593018, 0.01094005256891, 56.575439453125]
[M11C2-ROUTE] PASSAGE_PAWNBROKER_BIDIRECTIONAL_connector reached=true samples=90 grounded=1.0000 finish=[15.7619667053223, 0.01094005256891, 52.0761947631836]
[M11C2-ROUTE] PASSAGE_PAWNBROKER_BIDIRECTIONAL_enter reached=true samples=51 grounded=1.0000 finish=[17.6633987426758, 0.01094006188214, 51.9832572937012]
[M11C2-ROUTE] PASSAGE_PAWNBROKER_BIDIRECTIONAL_return reached=true samples=36 grounded=1.0000 finish=[15.8634262084961, 0.01094006188214, 51.9754447937012]
[M11C2-ROUTE] PASSAGE_NEWS_CIGARS_LOCKED_SERVICE_FRONTAGE_connector reached=true samples=38 grounded=1.0000 finish=[15.765323638916, 0.01094006188214, 50.077938079834]
[M11C2-ROUTE] PASSAGE_NEWS_CIGARS_LOCKED_SERVICE_FRONTAGE_enter reached=false samples=180 grounded=1.0000 finish=[16.3076725006104, 0.00996349938214, 50.0499458312988]
[M11C2-ROUTE-COLLISIONS] PASSAGE_NEWS_CIGARS_LOCKED_SERVICE_FRONTAGE_enter [{"collider_class":"StaticBody3D","collider_name":"StaticBody3D","collider_path":"/root/OrisonV2M11C2ProductionMatrix/OrisonRoot/F01/Floor01GeometryProvider/LegacyMonolith/F01_retail_passage_shell_terrazzo-col/StaticBody3D","first_normal":[0.0,1.0,0.0],"first_position":[15.8152570724487,0.00999999977648258,50.0753593444824],"last_normal":[0.0,1.0,0.0],"last_position":[16.2646636962891,0.00999999977648258,50.0521659851074],"sample_count":10},{"collider_class":"AnimatableBody3D","collider_name":"HingedLeaf","collider_path":"/root/OrisonV2M11C2ProductionMatrix/OrisonRoot/SITE_SHOP_DOOR_NEWS_CIGARS/HingedLeaf","first_normal":[-1.0,0.0,0.0],"first_position":[16.6380004882813,1.2049400806427,50.0499305725098],"last_normal":[-1.0,0.0,0.0],"last_position":[16.6380004882813,1.20482218265533,50.0498962402344],"sample_count":170}]
[M11C2-ROUTE] PASSAGE_NEWS_CIGARS_LOCKED_SERVICE_FRONTAGE_locked_return reached=true samples=9 grounded=1.0000 finish=[15.8618307113647, 0.01082214154303, 49.9889335632324]
[M11C2-ROUTE] PASSAGE_OTIS___SON_BIDIRECTIONAL_connector reached=true samples=90 grounded=1.0000 finish=[15.7625379562378, 0.01082214154303, 45.4900321960449]
[M11C2-ROUTE] PASSAGE_OTIS___SON_BIDIRECTIONAL_enter reached=true samples=53 grounded=1.0000 finish=[17.6343994140625, 0.01094004884362, 45.3855361938477]
[M11C2-ROUTE] PASSAGE_OTIS___SON_BIDIRECTIONAL_return reached=true samples=35 grounded=1.0000 finish=[15.8844261169434, 0.01094004884362, 45.3756980895996]
[M11C2-ROUTE] PASSAGE_LUNCHEONETTE_BIDIRECTIONAL_connector reached=true samples=38 grounded=1.0000 finish=[15.766489982605, 0.01094004884362, 43.4793510437012]
[SANITY] unwitnessed (1 in a row)
[M11C2-ROUTE] PASSAGE_LUNCHEONETTE_BIDIRECTIONAL_enter reached=true samples=38 grounded=1.0000 finish=[17.6639194488525, 0.01094004884362, 43.3800315856934]
[M11C2-ROUTE] PASSAGE_LUNCHEONETTE_BIDIRECTIONAL_return reached=true samples=36 grounded=1.0000 finish=[15.8639440536499, 0.01094004884362, 43.3752746582031]
[M11C2-ROUTE] passage_to_portal reached=true samples=266 grounded=1.0000 finish=[14.0146503448486, 0.01094004884362, 30.204345703125]
[PASSAGE] late sweep: 0 interior, 1448 foreign, 0 shared late-built F01 draws registered
[SURFACE] 3947 prop draws layered in triplanar mode (937 materials)
[ENCROACH] 939 prop draws reached across 6 case flats
[ENCROACH] living field on F02 binds 927 materials
[ENCROACH] living field on F04 binds 791 materials
[ENCROACH] living field on F06 binds 723 materials
[ENCROACH] living field on F05 binds 772 materials
[ENCROACH] living field on F03 binds 770 materials
[M11C2-ROUTE] passage_to_street reached=true samples=58 grounded=1.0000 finish=[14.0005083084106, 0.01094004884362, 27.3043899536133]
[SANITY] teresa_call_bells rung 2 (pressure 0.29, 2 acts)
[M11C2-ROUTE] street_to_orison_01 reached=true samples=424 grounded=0.9552 finish=[0.06095467880368, 0.03881013393402, 11.3198547363281]
[M11C2-ROUTE] street_to_interior reached=true samples=45 grounded=1.0000 finish=[0.00309291156009, 0.02240392565727, 9.07025241851807]
[M11C2-ROUTE] lobby_to_public_core reached=false samples=562 grounded=1.0000 finish=[-1.72277426719666, 0.00094182405155, 3.67094135284424]
[M11C2-ROUTE-COLLISIONS] lobby_to_public_core [{"collider_class":"StaticBody3D","collider_name":"StaticBody3D","collider_path":"/root/OrisonV2M11C2ProductionMatrix/OrisonRoot/F01/Floor01GeometryProvider/LegacyMonolith/F01_furniture_rug_warm/StaticBody3D","first_normal":[0.0,1.0,0.0],"first_position":[-0.0114475023001432,0.0219999998807907,9.02241325378418],"last_normal":[0.0,1.0,0.0],"last_position":[-0.433119654655457,0.0219999998807907,7.63507747650146],"sample_count":30},{"collider_class":"StaticBody3D","collider_name":"StaticBody3D","collider_path":"/root/OrisonV2M11C2ProductionMatrix/OrisonRoot/F01/Floor01GeometryProvider/LegacyMonolith/F01_slabs/StaticBody3D","first_normal":[0.0,1.0,0.0],"first_position":[-0.50585550069809,0.0,7.39577054977417],"last_normal":[0.0,1.0,0.0],"last_position":[-1.65450990200043,0.0,3.67094135284424],"sample_count":80},{"collider_class":"StaticBody3D","collider_name":"StaticBody3D","collider_path":"/root/OrisonV2M11C2ProductionMatrix/OrisonRoot/F01/Floor01GeometryProvider/LegacyMonolith/F01_walls/StaticBody3D","first_normal":[0.0,0.0,1.0],"first_position":[-1.63833367824554,1.19484484195709,3.33999991416931],"last_normal":[0.0,0.0,1.0],"last_position":[-1.72304999828339,1.19494187831879,3.33999991416931],"sample_count":455}]
[M11C2-ROUTE] f01_to_f02_public_stair reached=false samples=420 grounded=1.0000 finish=[-1.72277426719666, 0.00094182405155, 3.67094135284424]
[M11C2-ROUTE-COLLISIONS] f01_to_f02_public_stair [{"collider_class":"StaticBody3D","collider_name":"StaticBody3D","collider_path":"/root/OrisonV2M11C2ProductionMatrix/OrisonRoot/F01/Floor01GeometryProvider/LegacyMonolith/F01_walls/StaticBody3D","first_normal":[0.0,0.0,1.0],"first_position":[-1.72301661968231,1.19494187831879,3.33999991416931],"last_normal":[0.0,0.0,1.0],"last_position":[-1.72301661968231,1.19494187831879,3.33999991416931],"sample_count":420}]
[SANITY] rhea_bad_karaoke rung 2 (pressure 0.29, 2 acts)
[M11C2-ROUTE] f02_to_f01_public_stair reached=false samples=420 grounded=1.0000 finish=[-0.00694819539785, 0.00093807996018, 2.31643676757813]
[M11C2-ROUTE-COLLISIONS] f02_to_f01_public_stair [{"collider_class":"StaticBody3D","collider_name":"StaticBody3D","collider_path":"/root/OrisonV2M11C2ProductionMatrix/OrisonRoot/F01/Floor01GeometryProvider/LegacyMonolith/F01_slabs/StaticBody3D","first_normal":[0.0,1.0,0.0],"first_position":[-1.60613417625427,0.0,3.67094135284424],"last_normal":[0.0,1.0,0.0],"last_position":[-0.923926711082459,0.0,3.16593718528748],"sample_count":19},{"collider_class":"StaticBody3D","collider_name":"F01_stairs_ramp","collider_path":"/root/OrisonV2M11C2ProductionMatrix/OrisonRoot/F01/Floor01GeometryProvider/LegacyMonolith/F01_stairs_ramp","first_normal":[0.0,1.0,0.0],"first_position":[-0.887247562408447,0.0,3.13195729255676],"last_normal":[0.0,1.0,0.0],"last_position":[-0.00694819539785385,0.0,2.31643676757813],"sample_count":399},{"collider_class":"StaticBody3D","collider_name":"StaticBody3D","collider_path":"/root/OrisonV2M11C2ProductionMatrix/OrisonRoot/F01/Floor01GeometryProvider/LegacyMonolith/F01_walls/StaticBody3D","first_normal":[0.0,0.0,1.0],"first_position":[-1.72158646583557,1.19494187831879,3.33999991416931],"last_normal":[0.641614377498627,0.0,0.767027378082275],"last_position":[-1.60000002384186,1.19493806362152,3.33999991416931],"sample_count":11}]
SCRIPT ERROR: Trying to cast a freed object.
   at: _clear_floor01_geometry_references (res://scripts/building/building_root.gd:931)
   GDScript backtrace (most recent call first):
       [0] _clear_floor01_geometry_references (res://scripts/building/building_root.gd:931)
       [1] teardown_floor01_geometry (res://scripts/building/building_root.gd:904)
       [2] _run_direct_cycle (res://tests/orison_v2_m11c2_production_matrix.gd:316)
       [3] _continuous_route (res://tests/orison_v2_m11c2_production_matrix.gd:1297)
       [4] _vertical_core_round_trip (res://tests/orison_v2_m11c2_production_matrix.gd:1367)
       [5] _walk_waypoints (res://tests/orison_v2_m11c2_production_matrix.gd:1813)
[M11C2-CYCLE] legacy_monolith/cycle_1 components={"authorities_survive_geometry_teardown":true,"contract":true,"lifecycle_delta_clean":false,"public_interaction_prompt":true,"public_teardown_receipt_zero":true,"route":false,"tracked_weakrefs_released":true} route=FAIL
ERROR:   FAIL  legacy_monolith cycle_1 complete production cycle
   at: push_error (core/variant/variant_utility.cpp:1023)
   GDScript backtrace (most recent call first):
       [0] _fail (res://tests/orison_v2_m11c2_production_matrix.gd:2130)
       [1] _check (res://tests/orison_v2_m11c2_production_matrix.gd:2124)
       [2] _run (res://tests/orison_v2_m11c2_production_matrix.gd:156)
       [3] _run_direct_cycle (res://tests/orison_v2_m11c2_production_matrix.gd:362)
       [4] _settle_teardown (res://tests/orison_v2_m11c2_production_matrix.gd:2112)
[RENDER] forward_plus
[PASSAGE] 315 interior, 31 shell and 239 foreign owner-cell draws indexed
[VANTRY] 119 points, 7 floor batches, 3 static draws/floor
[HEIGHTMAP] 39 materials given parallax, 923 left flat
[SURFACE] 1054 surfaces layered (999 materials)
[BUILDING] 7 resident stories rehung off a bathroom wall
[DOMESTIC RADIO] 18 receivers across 18 occupied units; 0 unresolved
[DOOR GLOW] 107 closed doors, 9 leaking light (skipped: { "no_circulation": 86, "asleep": 12 })
[STATION] 37 clips, 6 machines (5 projectors, 1 sets), all dark
[ARCADE] 10 cabinet(s) from a catalog of 12: SOMETHING IN THE HALL (mystery_serial), OPERATIONS (farm_and_market), STEP SEQUENCE (variety_hour), NIGHT MAIL (aviation_hour), COUNTY LEAGUE (sporting_wire), THE THOUSAND (motor_racing), TOWER OF ASH (adventure_serial), OUTER RIM (night_sky), DO NOT ANSWER (mystery_serial), OVERTIME (sporting_wire)
[ARCADE] all of them are running arcade_pit
[BUILDING] 488 functional props spawned
[FURNITURE INTERACTION] 72 baked mechanisms restored
[BUILDING] exterior finish: 381 batched details, 11 decals, 8 puddles
[PASSAGE HOURS] OPEN; 10 grilles folded
[PASSAGE HOURS] 11 shopfronts, 10 close after 02:00, HARDWARE PAINT keeps night service
[PASSAGE FINISH] 6 gated draws, 3 handcarts, hours active
[MOVES] personal library: res://assets/characters/teresa_vale/teresa_vale_moves.glb
[MOVES] personal library: res://assets/characters/mina_vale/mina_vale_moves.glb
[MOVES] personal library: res://assets/characters/lena_ortiz/lena_ortiz_moves.glb
[MOVES] personal library: res://assets/characters/juno_kells/juno_kells_moves.glb
[MOVES] personal library: res://assets/characters/malcolm_reed/malcolm_reed_moves.glb
[MOVES] personal library: res://assets/characters/omar_bell/omar_bell_moves.glb
[MOVES] personal library: res://assets/characters/rhea_sato/rhea_sato_moves.glb
[MOVES] personal library: res://assets/characters/peter_wren/peter_wren_moves.glb
[MOVES] personal library: res://assets/characters/cam_ortiz/cam_ortiz_moves.glb
[MOVES] personal library: res://assets/characters/noel_price/noel_price_moves.glb
[MOVES] personal library: res://assets/characters/transient_guests/transient_guests_moves.glb
[MOVES] personal library: res://assets/characters/nadia_quell/nadia_quell_moves.glb
[MOVES] personal library: res://assets/characters/cal_dwyer/cal_dwyer_moves.glb
[MOVES] personal library: res://assets/characters/iris_bell/iris_bell_moves.glb
[MOVES] personal library: res://assets/characters/sacha_reed/sacha_reed_moves.glb
[MOVES] personal library: res://assets/characters/jonah_price/jonah_price_moves.glb
[MOVES] personal library: res://assets/characters/mae_kessler/mae_kessler_moves.glb
[BUILDING] 18 residents spawned (18 rigged, 0 sprite fallbacks)
[NAV] 4 schedule anchors installed in PASSAGE
[NAV] 336 nodes across 8 floors; 7 stair links; elevator linked; 57 wall-crossing edges rejected; 323 safe links restored
[ROUTINES] evelyn_marsh: 48 clips
[ROUTINES] evelyn_marsh upgraded to a mesh
[MOVES] personal library: res://assets/characters/teresa_vale/teresa_vale_moves.glb
[ROUTINES] teresa_vale: 49 clips
[ROUTINES] teresa_vale upgraded to a mesh
[MOVES] personal library: res://assets/characters/mina_vale/mina_vale_moves.glb
[ROUTINES] mina_vale: 49 clips
[ROUTINES] mina_vale upgraded to a mesh
[MOVES] personal library: res://assets/characters/lena_ortiz/lena_ortiz_moves.glb
[ROUTINES] lena_ortiz: 49 clips
[ROUTINES] lena_ortiz upgraded to a mesh
[MOVES] personal library: res://assets/characters/juno_kells/juno_kells_moves.glb
[ROUTINES] juno_kells: 49 clips
[ROUTINES] juno_kells upgraded to a mesh
[MOVES] personal library: res://assets/characters/malcolm_reed/malcolm_reed_moves.glb
[ROUTINES] malcolm_reed: 49 clips
[ROUTINES] malcolm_reed upgraded to a mesh
[MOVES] personal library: res://assets/characters/omar_bell/omar_bell_moves.glb
[ROUTINES] omar_bell: 49 clips
[ROUTINES] omar_bell upgraded to a mesh
[MOVES] personal library: res://assets/characters/rhea_sato/rhea_sato_moves.glb
[ROUTINES] rhea_sato: 49 clips
[ROUTINES] rhea_sato upgraded to a mesh
[MOVES] personal library: res://assets/characters/peter_wren/peter_wren_moves.glb
[ROUTINES] peter_wren: 49 clips
[ROUTINES] peter_wren upgraded to a mesh
[MOVES] personal library: res://assets/characters/cam_ortiz/cam_ortiz_moves.glb
[ROUTINES] cam_ortiz: 49 clips
[ROUTINES] cam_ortiz upgraded to a mesh
[MOVES] personal library: res://assets/characters/noel_price/noel_price_moves.glb
[ROUTINES] noel_price: 49 clips
[ROUTINES] noel_price upgraded to a mesh
[MOVES] personal library: res://assets/characters/transient_guests/transient_guests_moves.glb
[ROUTINES] transient_guests: 49 clips
[ROUTINES] transient_guests upgraded to a mesh
[MOVES] personal library: res://assets/characters/nadia_quell/nadia_quell_moves.glb
[ROUTINES] nadia_quell: 49 clips
[ROUTINES] nadia_quell upgraded to a mesh
[MOVES] personal library: res://assets/characters/cal_dwyer/cal_dwyer_moves.glb
[ROUTINES] cal_dwyer: 49 clips
[ROUTINES] cal_dwyer upgraded to a mesh
[MOVES] personal library: res://assets/characters/iris_bell/iris_bell_moves.glb
[ROUTINES] iris_bell: 49 clips
[ROUTINES] iris_bell upgraded to a mesh
[MOVES] personal library: res://assets/characters/sacha_reed/sacha_reed_moves.glb
[ROUTINES] sacha_reed: 49 clips
[ROUTINES] sacha_reed upgraded to a mesh
[MOVES] personal library: res://assets/characters/jonah_price/jonah_price_moves.glb
[ROUTINES] jonah_price: 49 clips
[ROUTINES] jonah_price upgraded to a mesh
[MOVES] personal library: res://assets/characters/mae_kessler/mae_kessler_moves.glb
[ROUTINES] mae_kessler: 49 clips
[ROUTINES] mae_kessler upgraded to a mesh
[ROUTINES] 18 residents with somewhere to be
[SWITCHES] 157 fixtures wired across 119 rooms, 87 exterior
[SWITCHES] 215 live plates
[MOON] 70 windowed rooms
[BUILDING] 18 apartment reality controllers ready
[WAYFINDING] 17 brass unit numbers, 7 directories, 8 fire signs, 1 spine plates, 6 stair pairs, 6 landing plates
[BUILDING] 62 reality-affected props placed
[WITNESS] 18 clocks and 20 other domestic anomalies placed and rigged
[ENCROACH] living field on F02 binds 78 materials
[ENCROACH] living field on F04 binds 83 materials
[ENCROACH] living field on F06 binds 81 materials
[ENCROACH] living field on F05 binds 86 materials
[ENCROACH] living field on F03 binds 89 materials
[ENCROACH] 22 finish surfaces across 6 case flats, 6 beachheads
[INCIDENTS] 15 flats on 5 living storeys can report
[BUILDING] 20 character memory artworks placed
[BUILDING] 20 character-specific wall artworks placed
[BUILDING] 8 hallway artworks placed
[BUILDING] 7 stair-landing pieces hung
WARNING: no legal wall for found piece cam_noel_witches
   at: push_warning (core/variant/variant_utility.cpp:1033)
   GDScript backtrace (most recent call first):
       [0] _place_wall_piece (res://scripts/building/found_art_pass.gd:54)
       [1] build (res://scripts/building/found_art_pass.gd:21)
       [2] _ready (res://scripts/building/building_root.gd:533)
       [3] _run_direct_cycle (res://tests/orison_v2_m11c2_production_matrix.gd:285)
       [4] _run (res://tests/orison_v2_m11c2_production_matrix.gd:148)
       [5] _run_direct_cycle (res://tests/orison_v2_m11c2_production_matrix.gd:362)
       [6] _settle_teardown (res://tests/orison_v2_m11c2_production_matrix.gd:2112)
[BUILDING] found art: 17 walls, 7 print props, 1 billboards
[BUILDING] front-door exterior light and signage placed
[BUILDING] maintenance headquarters ready: 18 trophy slots, 6 gear tiers
[LIGHT RIG] budgets resolved: 64 active / 5 shadow
[SCHEDULE] director live: 18 residents on the clock
[HARUKIYA] 9 interactables placed
[BUILDING] Orison assembled: 8 floors, 565 windows lit, 292 railing details, player in lobby
[BUILDING] 197 low-overhead environment details and 26 story decals
[BUILDING] 64 atmospheric evidence decals
[PASSAGE] late sweep: 117 interior, 758 foreign, 2 shared late-built F01 draws registered
[PASSAGE] root sweep: 17 interior, 973 foreign draws, 37 foreign lights registered
[STREET] 1662 enclosed F01 draws indexed
[LIGHTING] 254 sources active in system; 254 full personalities; profiles steady/breathe/mains/beat/dropout=[55, 54, 49, 45, 51]
[HARUKIYA] OPEN, 18 fixtures
[STREET] 105 enclosed F01 draws indexed
[SURFACE] 3946 prop draws layered in triplanar mode (1258 materials)
[ENCROACH] 938 prop draws reached across 6 case flats
[ENCROACH] living field on F02 binds 568 materials
[ENCROACH] living field on F04 binds 413 materials
[ENCROACH] living field on F06 binds 378 materials
[ENCROACH] living field on F05 binds 391 materials
[ENCROACH] living field on F03 binds 407 materials
[NAV] collision audit: 368 edges cut by real geometry, 71 island nodes relinked, 0 stair legs obstructed
[STREET] 4 enclosed F01 draws indexed
[SURFACE] 3947 prop draws layered in triplanar mode (1259 materials)
[ENCROACH] 939 prop draws reached across 6 case flats
[ENCROACH] living field on F02 binds 689 materials
[ENCROACH] living field on F04 binds 539 materials
[ENCROACH] living field on F06 binds 493 materials
[ENCROACH] living field on F05 binds 518 materials
[ENCROACH] living field on F03 binds 528 materials
[M11C2-ROUTE] orison_to_street reached=true samples=44 grounded=1.0000 finish=[0.0, 0.03826105594635, 11.1508264541626]
ERROR: No wall-safe resident route on F01: (9.7428, 0.03, 3.205) -> (-1.9, 0.06, 8.75)
   at: push_error (core/variant/variant_utility.cpp:1023)
   GDScript backtrace (most recent call first):
       [0] route (res://scripts/characters/resident_nav.gd:381)
       [1] _set_route (res://scripts/characters/resident_routines.gd:1019)
       [2] _begin_trip (res://scripts/characters/resident_routines.gd:936)
       [3] _scheduled_decision (res://scripts/characters/resident_routines.gd:501)
       [4] _step (res://scripts/characters/resident_routines.gd:696)
       [5] _process (res://scripts/characters/resident_routines.gd:645)
[SANITY] evelyn_paper_jam rung 1 (pressure 0.15, 1 acts)
[M11C2-ROUTE] street_to_bodega_start reached=true samples=374 grounded=1.0000 finish=[18.5384960174561, 0.01082243490964, 13.0746812820435]
[M11C2-ROUTE] bodega_enter reached=true samples=46 grounded=1.0000 finish=[18.6390590667725, 0.04967268556356, 10.7771711349487]
[M11C2-ROUTE] bodega_return reached=true samples=44 grounded=1.0000 finish=[18.6494216918945, 0.01100081112236, 12.9773187637329]
[M11C2-ROUTE] bodega_to_passage_start_01 reached=true samples=373 grounded=1.0000 finish=[0.11799304187298, 0.03875450417399, 11.2604484558105]
[SANITY] unwitnessed (1 in a row)
[M11C2-ROUTE] bodega_to_passage_start_02 reached=true samples=433 grounded=0.9353 finish=[13.9277963638306, 0.01071538962424, 27.0936317443848]
[PASSAGE] root sweep: 0 interior, 0 foreign draws, 15 foreign lights registered
[SURFACE] 3947 prop draws layered in triplanar mode (1259 materials)
[ENCROACH] 939 prop draws reached across 6 case flats
[ENCROACH] living field on F02 binds 808 materials
[ENCROACH] living field on F04 binds 665 materials
[ENCROACH] living field on F06 binds 608 materials
[ENCROACH] living field on F05 binds 645 materials
[ENCROACH] living field on F03 binds 649 materials
[M11C2-ROUTE] passage_enter reached=true samples=58 grounded=1.0000 finish=[13.99742603302, 0.01071538962424, 29.9928131103516]
[INCIDENTS] Lena Ortiz reports Mina Vale's organism in 2B (225 voxels): ORG-2B-001
[INCIDENTS] condition in 2B: fridge (/root/OrisonV2M11C2ProductionMatrix/OrisonRoot/F02_2B_FRIDGE_01) held
[M11C2-ROUTE] PASSAGE_MODEL_LAUNDRY_BIDIRECTIONAL_connector reached=true samples=277 grounded=1.0000 finish=[12.2517366409302, 0.01071538962424, 43.7326316833496]
[M11C2-ROUTE] PASSAGE_MODEL_LAUNDRY_BIDIRECTIONAL_enter reached=true samples=38 grounded=1.0000 finish=[10.353723526001, 0.01071538962424, 43.8197746276855]
[SANITY] malcolm_memory_plants rung 2 (pressure 0.29, 2 acts)
[M11C2-ROUTE] PASSAGE_MODEL_LAUNDRY_BIDIRECTIONAL_return reached=true samples=36 grounded=1.0000 finish=[12.1537303924561, 0.01071538962424, 43.8247604370117]
[M11C2-ROUTE] PASSAGE_SHOE_REBUILDING_BIDIRECTIONAL_connector reached=true samples=110 grounded=1.0000 finish=[12.2369594573975, 0.01074404548854, 49.3224868774414]
[M11C2-ROUTE] PASSAGE_SHOE_REBUILDING_BIDIRECTIONAL_enter reached=true samples=51 grounded=1.0000 finish=[10.3521671295166, 0.01067032571882, 49.415714263916]
[M11C2-ROUTE] PASSAGE_SHOE_REBUILDING_BIDIRECTIONAL_return reached=true samples=36 grounded=1.0000 finish=[12.1521396636963, 0.01067032571882, 49.4245681762695]
[M11C2-ROUTE] PASSAGE_KEYS_CUT_BIDIRECTIONAL_connector reached=true samples=70 grounded=1.0000 finish=[12.2375221252441, 0.01067032571882, 52.9234466552734]
[M11C2-ROUTE] PASSAGE_KEYS_CUT_BIDIRECTIONAL_enter reached=true samples=51 grounded=1.0000 finish=[10.3403673171997, 0.01074404455721, 53.0163879394531]
[M11C2-ROUTE] PASSAGE_KEYS_CUT_BIDIRECTIONAL_return reached=true samples=36 grounded=1.0000 finish=[12.1403398513794, 0.01074404455721, 53.0245475769043]
[M11C2-ROUTE] PASSAGE_HARDWARE_PAINT_BIDIRECTIONAL_connector reached=true samples=106 grounded=1.0000 finish=[12.2381296157837, 0.01074404455721, 58.323657989502]
[M11C2-ROUTE] PASSAGE_HARDWARE_PAINT_BIDIRECTIONAL_enter reached=true samples=51 grounded=1.0000 finish=[10.3503704071045, 0.01078264601529, 58.4157676696777]
[M11C2-ROUTE] PASSAGE_HARDWARE_PAINT_BIDIRECTIONAL_return reached=true samples=36 grounded=1.0000 finish=[12.1503429412842, 0.01078264601529, 58.4245567321777]
[M11C2-ROUTE] PASSAGE_FUNERAL_PARLOUR_BIDIRECTIONAL_connector reached=true samples=90 grounded=1.0000 finish=[12.2376937866211, 0.01094275712967, 62.9234580993652]
[SANITY] unwitnessed (2 in a row)
[M11C2-ROUTE] PASSAGE_FUNERAL_PARLOUR_BIDIRECTIONAL_enter reached=true samples=51 grounded=1.0000 finish=[10.3424530029297, 0.01094303932041, 63.0163040161133]
[M11C2-ROUTE] PASSAGE_FUNERAL_PARLOUR_BIDIRECTIONAL_return reached=true samples=36 grounded=1.0000 finish=[12.1424255371094, 0.01094303932041, 63.0245513916016]
[M11C2-ROUTE] PASSAGE_PHOTO_SUPPLIES_BIDIRECTIONAL_connector reached=true samples=70 grounded=1.0000 finish=[15.6421051025391, 0.01094303932041, 62.9766120910645]
[M11C2-ROUTE] PASSAGE_PHOTO_SUPPLIES_BIDIRECTIONAL_enter reached=true samples=47 grounded=1.0000 finish=[17.6397914886475, 0.01094080414623, 62.985034942627]
[M11C2-ROUTE] PASSAGE_PHOTO_SUPPLIES_BIDIRECTIONAL_return reached=true samples=35 grounded=1.0000 finish=[15.8898181915283, 0.01094080414623, 62.9756889343262]
[SANITY] evelyn_paper_jam rung 3 (pressure 0.43, 2 acts)
[M11C2-ROUTE] PASSAGE_RADIO_SERVICE_BIDIRECTIONAL_connector reached=true samples=126 grounded=1.0000 finish=[15.7620649337769, 0.01094080414623, 56.6767463684082]
[M11C2-ROUTE] PASSAGE_RADIO_SERVICE_BIDIRECTIONAL_enter reached=true samples=51 grounded=1.0000 finish=[17.645622253418, 0.01094301231205, 56.5844955444336]
[M11C2-ROUTE] PASSAGE_RADIO_SERVICE_BIDIRECTIONAL_return reached=true samples=36 grounded=1.0000 finish=[15.8456497192383, 0.01094301231205, 56.5754318237305]
[M11C2-ROUTE] PASSAGE_PAWNBROKER_BIDIRECTIONAL_connector reached=true samples=90 grounded=1.0000 finish=[15.7618837356567, 0.01094301231205, 52.0761871337891]
[M11C2-ROUTE] PASSAGE_PAWNBROKER_BIDIRECTIONAL_enter reached=true samples=51 grounded=1.0000 finish=[17.6640148162842, 0.0109430141747, 51.9831962585449]
[M11C2-ROUTE] PASSAGE_PAWNBROKER_BIDIRECTIONAL_return reached=true samples=36 grounded=1.0000 finish=[15.8640422821045, 0.0109430141747, 51.9754486083984]
[M11C2-ROUTE] PASSAGE_NEWS_CIGARS_LOCKED_SERVICE_FRONTAGE_connector reached=true samples=38 grounded=1.0000 finish=[15.7653551101685, 0.0109430141747, 50.0779418945313]
[M11C2-ROUTE] PASSAGE_NEWS_CIGARS_LOCKED_SERVICE_FRONTAGE_enter reached=false samples=180 grounded=1.0000 finish=[16.3077030181885, 0.0099664516747, 50.0499420166016]
[M11C2-ROUTE-COLLISIONS] PASSAGE_NEWS_CIGARS_LOCKED_SERVICE_FRONTAGE_enter [{"collider_class":"StaticBody3D","collider_name":"StaticBody3D","collider_path":"/root/OrisonV2M11C2ProductionMatrix/OrisonRoot/F01/Floor01GeometryProvider/CELL_PASSAGE/passage/F01_OWN_PASSAGE_retail_passage_shell_terrazzo-col/StaticBody3D","first_normal":[0.0,1.0,0.0],"first_position":[15.8152885437012,0.00999999977648258,50.0753631591797],"last_normal":[0.0,1.0,0.0],"last_position":[16.2646942138672,0.00999999977648258,50.0521621704102],"sample_count":10},{"collider_class":"AnimatableBody3D","collider_name":"HingedLeaf","collider_path":"/root/OrisonV2M11C2ProductionMatrix/OrisonRoot/SITE_SHOP_DOOR_NEWS_CIGARS/HingedLeaf","first_normal":[-1.0,0.0,0.0],"first_position":[16.6380004882813,1.20494306087494,50.0499267578125],"last_normal":[-1.0,0.0,0.0],"last_position":[16.6380004882813,1.2048225402832,50.0498924255371],"sample_count":170}]
[M11C2-ROUTE] PASSAGE_NEWS_CIGARS_LOCKED_SERVICE_FRONTAGE_locked_return reached=true samples=9 grounded=1.0000 finish=[15.8618612289429, 0.01082254294306, 49.9889373779297]
[M11C2-ROUTE] PASSAGE_OTIS___SON_BIDIRECTIONAL_connector reached=true samples=90 grounded=1.0000 finish=[15.7625408172607, 0.01082254294306, 45.4900360107422]
[M11C2-ROUTE] PASSAGE_OTIS___SON_BIDIRECTIONAL_enter reached=true samples=54 grounded=1.0000 finish=[17.6672172546387, 0.01094004325569, 45.3829040527344]
[SANITY] unwitnessed (3 in a row)
[M11C2-ROUTE] PASSAGE_OTIS___SON_BIDIRECTIONAL_return reached=true samples=36 grounded=1.0000 finish=[15.867244720459, 0.01094004325569, 45.3754463195801]
[M11C2-ROUTE] PASSAGE_LUNCHEONETTE_BIDIRECTIONAL_connector reached=true samples=38 grounded=1.0000 finish=[15.7655344009399, 0.01094004325569, 43.4782295227051]
[M11C2-ROUTE] PASSAGE_LUNCHEONETTE_BIDIRECTIONAL_enter reached=true samples=38 grounded=1.0000 finish=[17.6629734039307, 0.01094004325569, 43.3800201416016]
[M11C2-ROUTE] PASSAGE_LUNCHEONETTE_BIDIRECTIONAL_return reached=true samples=36 grounded=1.0000 finish=[15.862998008728, 0.01094004325569, 43.3752708435059]
[M11C2-ROUTE] passage_to_portal reached=true samples=266 grounded=1.0000 finish=[14.0146436691284, 0.01094004325569, 30.2043418884277]
[PASSAGE] late sweep: 0 interior, 1448 foreign, 0 shared late-built F01 draws registered
[SURFACE] 3947 prop draws layered in triplanar mode (1259 materials)
[ENCROACH] 939 prop draws reached across 6 case flats
[ENCROACH] living field on F02 binds 927 materials
[ENCROACH] living field on F04 binds 791 materials
[ENCROACH] living field on F06 binds 723 materials
[ENCROACH] living field on F05 binds 772 materials
[ENCROACH] living field on F03 binds 770 materials
[M11C2-ROUTE] passage_to_street reached=true samples=58 grounded=1.0000 finish=[14.0005083084106, 0.01094004325569, 27.304386138916]
[M11C2-ROUTE] street_to_orison_01 reached=true samples=424 grounded=0.9552 finish=[0.06288193911314, 0.03842112421989, 11.3220920562744]
[M11C2-ROUTE] street_to_interior reached=true samples=45 grounded=1.0000 finish=[0.00324916653335, 0.02260082960129, 9.07257080078125]
[FOURTH WALL] alarm
[SANITY] teresa_call_bells rung 4 (pressure 0.24, 1 acts)
[M11C2-ROUTE] lobby_to_public_core reached=false samples=562 grounded=1.0000 finish=[-1.72237026691437, 0.00094379705843, 3.6709418296814]
[M11C2-ROUTE-COLLISIONS] lobby_to_public_core [{"collider_class":"StaticBody3D","collider_name":"StaticBody3D","collider_path":"/root/OrisonV2M11C2ProductionMatrix/OrisonRoot/F01/Floor01GeometryProvider/CELL_ORISON_F01_INTERIOR/orison_f01_interior/F01_OWN_INTERIOR_furniture_rug_warm/StaticBody3D","first_normal":[0.0,1.0,0.0],"first_position":[-0.0112880934029818,0.0219999998807907,9.02473068237305],"last_normal":[0.0,1.0,0.0],"last_position":[-0.432868778705597,0.0219999998807907,7.63736724853516],"sample_count":30},{"collider_class":"StaticBody3D","collider_name":"StaticBody3D","collider_path":"/root/OrisonV2M11C2ProductionMatrix/OrisonRoot/F01/Floor01GeometryProvider/CELL_ORISON_F01_INTERIOR/orison_f01_interior/F01_OWN_INTERIOR_slabs/StaticBody3D","first_normal":[0.0,1.0,0.0],"first_position":[-0.505645275115967,0.0,7.39786958694458],"last_normal":[0.0,1.0,0.0],"last_position":[-1.65406286716461,0.0,3.6709418296814],"sample_count":80},{"collider_class":"StaticBody3D","collider_name":"StaticBody3D","collider_path":"/root/OrisonV2M11C2ProductionMatrix/OrisonRoot/F01/Floor01GeometryProvider/CELL_ORISON_F01_INTERIOR/orison_f01_interior/F01_OWN_INTERIOR_walls/StaticBody3D","first_normal":[0.0,0.0,1.0],"first_position":[-1.6384744644165,1.19487035274506,3.33999991416931],"last_normal":[0.0,0.0,1.0],"last_position":[-1.72264623641968,1.19494378566742,3.33999991416931],"sample_count":455}]
[M11C2-ROUTE] f01_to_f02_public_stair reached=false samples=420 grounded=1.0000 finish=[-1.72237026691437, 0.00094379705843, 3.6709418296814]
[M11C2-ROUTE-COLLISIONS] f01_to_f02_public_stair [{"collider_class":"StaticBody3D","collider_name":"StaticBody3D","collider_path":"/root/OrisonV2M11C2ProductionMatrix/OrisonRoot/F01/Floor01GeometryProvider/CELL_ORISON_F01_INTERIOR/orison_f01_interior/F01_OWN_INTERIOR_walls/StaticBody3D","first_normal":[0.0,0.0,1.0],"first_position":[-1.7226128578186,1.19494378566742,3.33999991416931],"last_normal":[0.0,0.0,1.0],"last_position":[-1.7226128578186,1.19494378566742,3.33999991416931],"sample_count":420}]
[M11C2-ROUTE] f02_to_f01_public_stair reached=false samples=420 grounded=1.0000 finish=[-0.00662698596716, 0.00094379705843, 2.3161449432373]
[M11C2-ROUTE-COLLISIONS] f02_to_f01_public_stair [{"collider_class":"StaticBody3D","collider_name":"StaticBody3D","collider_path":"/root/OrisonV2M11C2ProductionMatrix/OrisonRoot/F01/Floor01GeometryProvider/CELL_ORISON_F01_INTERIOR/orison_f01_interior/F01_OWN_INTERIOR_slabs/StaticBody3D","first_normal":[0.0,1.0,0.0],"first_position":[-1.56759810447693,0.0,3.6709418296814],"last_normal":[0.0,1.0,0.0],"last_position":[-0.923217833042145,0.0,3.16606473922729],"sample_count":18},{"collider_class":"StaticBody3D","collider_name":"F01_OWN_INTERIOR_stairs_ramp","collider_path":"/root/OrisonV2M11C2ProductionMatrix/OrisonRoot/F01/Floor01GeometryProvider/CELL_ORISON_F01_INTERIOR/orison_f01_interior/F01_OWN_INTERIOR_stairs_ramp","first_normal":[0.0,1.0,0.0],"first_position":[-0.88655424118042,0.0,3.13206791877747],"last_normal":[0.0,1.0,0.0],"last_position":[-0.00662698596715927,0.0,2.3161449432373],"sample_count":399},{"collider_class":"StaticBody3D","collider_name":"StaticBody3D","collider_path":"/root/OrisonV2M11C2ProductionMatrix/OrisonRoot/F01/Floor01GeometryProvider/CELL_ORISON_F01_INTERIOR/orison_f01_interior/F01_OWN_INTERIOR_walls/StaticBody3D","first_normal":[0.0,0.0,1.0],"first_position":[-1.72118258476257,1.19494378566742,3.33999991416931],"last_normal":[0.629609942436218,0.0,0.776911377906799],"last_position":[-1.60000002384186,1.19494378566742,3.33999991416931],"sample_count":12}]
SCRIPT ERROR: Trying to cast a freed object.
   at: _clear_floor01_geometry_references (res://scripts/building/building_root.gd:931)
   GDScript backtrace (most recent call first):
       [0] _clear_floor01_geometry_references (res://scripts/building/building_root.gd:931)
       [1] teardown_floor01_geometry (res://scripts/building/building_root.gd:904)
       [2] _run_direct_cycle (res://tests/orison_v2_m11c2_production_matrix.gd:316)
       [3] _continuous_route (res://tests/orison_v2_m11c2_production_matrix.gd:1297)
       [4] _vertical_core_round_trip (res://tests/orison_v2_m11c2_production_matrix.gd:1367)
       [5] _walk_waypoints (res://tests/orison_v2_m11c2_production_matrix.gd:1813)
[M11C2-CYCLE] owner_first_cells/cycle_1 components={"authorities_survive_geometry_teardown":true,"contract":true,"lifecycle_delta_clean":false,"public_interaction_prompt":true,"public_teardown_receipt_zero":true,"route":false,"tracked_weakrefs_released":true} route=FAIL
ERROR:   FAIL  owner_first_cells cycle_1 complete production cycle
   at: push_error (core/variant/variant_utility.cpp:1023)
   GDScript backtrace (most recent call first):
       [0] _fail (res://tests/orison_v2_m11c2_production_matrix.gd:2130)
       [1] _check (res://tests/orison_v2_m11c2_production_matrix.gd:2124)
       [2] _run (res://tests/orison_v2_m11c2_production_matrix.gd:156)
       [3] _run_direct_cycle (res://tests/orison_v2_m11c2_production_matrix.gd:362)
       [4] _settle_teardown (res://tests/orison_v2_m11c2_production_matrix.gd:2112)
[RENDER] forward_plus
[PASSAGE] 315 interior, 31 shell and 239 foreign owner-cell draws indexed
[VANTRY] 119 points, 7 floor batches, 3 static draws/floor
[HEIGHTMAP] 39 materials given parallax, 923 left flat
[SURFACE] 1054 surfaces layered (999 materials)
[BUILDING] 7 resident stories rehung off a bathroom wall
[DOMESTIC RADIO] 18 receivers across 18 occupied units; 0 unresolved
[DOOR GLOW] 107 closed doors, 9 leaking light (skipped: { "no_circulation": 86, "asleep": 12 })
[STATION] 37 clips, 6 machines (5 projectors, 1 sets), all dark
[ARCADE] 10 cabinet(s) from a catalog of 12: SOMETHING IN THE HALL (mystery_serial), OPERATIONS (farm_and_market), STEP SEQUENCE (variety_hour), NIGHT MAIL (aviation_hour), COUNTY LEAGUE (sporting_wire), THE THOUSAND (motor_racing), TOWER OF ASH (adventure_serial), OUTER RIM (night_sky), DO NOT ANSWER (mystery_serial), OVERTIME (sporting_wire)
[ARCADE] all of them are running arcade_pit
[BUILDING] 488 functional props spawned
[FURNITURE INTERACTION] 72 baked mechanisms restored
[BUILDING] exterior finish: 381 batched details, 11 decals, 8 puddles
[PASSAGE HOURS] OPEN; 10 grilles folded
[PASSAGE HOURS] 11 shopfronts, 10 close after 02:00, HARDWARE PAINT keeps night service
[PASSAGE FINISH] 6 gated draws, 3 handcarts, hours active
