00:01.453  blend            | Read blend: "C:\PleaseRemainOnTheLine\art\blender\diner_overhead.blend"
C:\PleaseRemainOnTheLine\tmp\v2-finish-review\inspect_diner_overhead_cabinet_free.py:64: DeprecationWarning: 'World.use_nodes' is expected to be removed in Blender 6.0
  scene.world=bpy.data.worlds.new('Inspection');scene.world.use_nodes=True;scene.world.node_tree.nodes['Background'].inputs[0].default_value=(.5,.55,.6,1);scene.world.node_tree.nodes['Background'].inputs[1].default_value=.7
05:24:37 | INFO: Data are loaded, start creating Blender stuff
05:24:37 | INFO: Blender create Mesh node F01_OWN_SHOP_LUNCHEONETTE_retail_shop_luncheonette_awning_vinyl-col
05:24:37 | INFO: Blender create Mesh node F01_OWN_SHOP_LUNCHEONETTE_retail_shop_luncheonette_bakelite
05:24:37 | INFO: Blender create Mesh node F01_OWN_SHOP_LUNCHEONETTE_retail_shop_luncheonette_bakelite_black
05:24:37 | INFO: Blender create Mesh node F01_OWN_SHOP_LUNCHEONETTE_retail_shop_luncheonette_bakelite_black-col
05:24:37 | INFO: Blender create Mesh node F01_OWN_SHOP_LUNCHEONETTE_retail_shop_luncheonette_brass
05:24:37 | INFO: Blender create Mesh node F01_OWN_SHOP_LUNCHEONETTE_retail_shop_luncheonette_brass_bright-col
05:24:37 | INFO: Blender create Mesh node F01_OWN_SHOP_LUNCHEONETTE_retail_shop_luncheonette_brass_dull-col
05:24:37 | INFO: Blender create Mesh node F01_OWN_SHOP_LUNCHEONETTE_retail_shop_luncheonette_cast_iron-col
05:24:37 | INFO: Blender create Mesh node F01_OWN_SHOP_LUNCHEONETTE_retail_shop_luncheonette_chrome-col
05:24:37 | INFO: Blender create Mesh node F01_OWN_SHOP_LUNCHEONETTE_retail_shop_luncheonette_concrete-col
05:24:37 | INFO: Blender create Mesh node F01_OWN_SHOP_LUNCHEONETTE_retail_shop_luncheonette_countertop-col
05:24:37 | INFO: Blender create Mesh node F01_OWN_SHOP_LUNCHEONETTE_retail_shop_luncheonette_enamel
05:24:37 | INFO: Blender create Mesh node F01_OWN_SHOP_LUNCHEONETTE_retail_shop_luncheonette_enamel-col
05:24:37 | INFO: Blender create Mesh node F01_OWN_SHOP_LUNCHEONETTE_retail_shop_luncheonette_fabric_cool
05:24:37 | INFO: Blender create Mesh node F01_OWN_SHOP_LUNCHEONETTE_retail_shop_luncheonette_fx_shadow
05:24:37 | INFO: Blender create Mesh node F01_OWN_SHOP_LUNCHEONETTE_retail_shop_luncheonette_glassish-col
05:24:37 | INFO: Blender create Mesh node F01_OWN_SHOP_LUNCHEONETTE_retail_shop_luncheonette_hull-colonly
05:24:37 | INFO: Blender create Mesh node F01_OWN_SHOP_LUNCHEONETTE_retail_shop_luncheonette_lacquer_red-col
05:24:37 | INFO: Blender create Mesh node F01_OWN_SHOP_LUNCHEONETTE_retail_shop_luncheonette_marble_lobby-col
05:24:37 | INFO: Blender create Mesh node F01_OWN_SHOP_LUNCHEONETTE_retail_shop_luncheonette_metal-col
05:24:37 | INFO: Blender create Mesh node F01_OWN_SHOP_LUNCHEONETTE_retail_shop_luncheonette_milk_glass
05:24:37 | INFO: Blender create Mesh node F01_OWN_SHOP_LUNCHEONETTE_retail_shop_luncheonette_nickel_plated-col
05:24:37 | INFO: Blender create Mesh node F01_OWN_SHOP_LUNCHEONETTE_retail_shop_luncheonette_paper-col
05:24:37 | INFO: Blender create Mesh node F01_OWN_SHOP_LUNCHEONETTE_retail_shop_luncheonette_plaster-col
05:24:37 | INFO: Blender create Mesh node F01_OWN_SHOP_LUNCHEONETTE_retail_shop_luncheonette_plaster_stained-col
05:24:37 | INFO: Blender create Mesh node F01_OWN_SHOP_LUNCHEONETTE_retail_shop_luncheonette_screen
05:24:37 | INFO: Blender create Mesh node F01_OWN_SHOP_LUNCHEONETTE_retail_shop_luncheonette_terracotta
05:24:37 | INFO: Blender create Mesh node F01_OWN_SHOP_LUNCHEONETTE_retail_shop_luncheonette_terrazzo-col
05:24:37 | INFO: Blender create Mesh node F01_OWN_SHOP_LUNCHEONETTE_retail_shop_luncheonette_timber-col
05:24:37 | INFO: Blender create Mesh node F01_OWN_SHOP_LUNCHEONETTE_retail_shop_luncheonette_tin_ceiling-col
05:24:37 | INFO: Blender create Mesh node F01_OWN_SHOP_LUNCHEONETTE_retail_shop_luncheonette_trim-col
05:24:37 | INFO: Blender create Mesh node F01_OWN_SHOP_LUNCHEONETTE_retail_shop_luncheonette_vinyl_oxblood-col
05:24:37 | INFO: Blender create Mesh node F01_OWN_SHOP_LUNCHEONETTE_retail_shop_luncheonette_wainscot-col
05:24:37 | INFO: Blender create Mesh node F01_OWN_SHOP_LUNCHEONETTE_retail_shop_luncheonette_wood_dark-col
05:24:37 | INFO: Blender create Mesh node F01_OWN_SHOP_LUNCHEONETTE_wear_fx_scuff
05:24:37 | INFO: glTF import finished in 0.11s
00:03.906  render           | Saved: 'C:\PleaseRemainOnTheLine\tmp\v2-finish-review\diner-overhead-native-cabinet-free\overhead_context.png'
00:05.468  render           | Saved: 'C:\PleaseRemainOnTheLine\tmp\v2-finish-review\diner-overhead-native-cabinet-free\menu_blank_face.png'
00:07.797  render           | Saved: 'C:\PleaseRemainOnTheLine\tmp\v2-finish-review\diner-overhead-native-cabinet-free\menu_recess.png'
00:10.187  render           | Saved: 'C:\PleaseRemainOnTheLine\tmp\v2-finish-review\diner-overhead-native-cabinet-free\menu_rear_mount.png'
00:11.515  render           | Saved: 'C:\PleaseRemainOnTheLine\tmp\v2-finish-review\diner-overhead-native-cabinet-free\fan_from_below.png'
00:13.187  render           | Saved: 'C:\PleaseRemainOnTheLine\tmp\v2-finish-review\diner-overhead-native-cabinet-free\fan_thin_blade.png'
00:15.375  render           | Saved: 'C:\PleaseRemainOnTheLine\tmp\v2-finish-review\diner-overhead-native-cabinet-free\fan_motor_shell.png'
00:16.937  render           | Saved: 'C:\PleaseRemainOnTheLine\tmp\v2-finish-review\diner-overhead-native-cabinet-free\fan_canopy_ring.png'
00:19.500  render           | Saved: 'C:\PleaseRemainOnTheLine\tmp\v2-finish-review\diner-overhead-native-cabinet-free\cleared_room_menu.png'
00:21.187  render           | Saved: 'C:\PleaseRemainOnTheLine\tmp\v2-finish-review\diner-overhead-native-cabinet-free\cleared_room_fan.png'
DINER OVERHEAD NATIVE QA 30 closed connected stocks; 2 joined assemblies; 8 actual contacts; 10 views
Blender 5.2.0 LTS (hash fbe6228777e7 built 2026-07-14 01:35:40)

Blender quit
