Godot Engine v4.7.1.stable.official.a13da4feb - https://godotengine.org
Vulkan 1.4.341 - Forward+ - Using Device #0: NVIDIA - NVIDIA GeForce RTX 4080

[ACOUSTIC] 550 nodes loaded
ORISON V2 BLOCKOUT: 200 spaces / 111 doors / 1104 anchors
[V2 FRONT COURT ROOF] three seated girders; retained roof slabs; mapped exterior concrete
[V2 BODEGA POWER] independent inlet; four existing fittings; 20 bearings
[SURFACE] 1311 surfaces layered (478 materials)
[PASSAGE HOURS] OPEN; 10 grilles folded
[PASSAGE HOURS] 11 shopfronts, 10 close after 02:00, HARDWARE PAINT keeps night service
[PASSAGE FINISH] 6 gated draws, 3 handcarts, hours active
[V2 PASSAGE] 13 resident cells; 11 doors; 1 shared-service counters
[SURFACE] 170 surfaces layered (81 materials)
[HARUKIYA] 9 interactables placed
[ARCADE] 2 cabinet(s) from a catalog of 12: SOMETHING IN THE HALL (mystery_serial), OPERATIONS (farm_and_market)
[ARCADE] all of them are running arcade_pit
[V2 BAR] retained cell; 29 registered markers; 3 doors
[V2 FRONT FACADE] native entrance, original landmark hardware, glazed marquee and fitted blade
[SCHEDULE] director live: 18 residents on the clock
[MOVES] personal library: res://assets/characters/mina_vale/mina_vale_moves.glb
SOURCE PARAPET MATERIAL ROOF_PARAPET_EAST brick 
SOURCE PARAPET MATERIAL ROOF_PARAPET_NORTH brick 
SOURCE PARAPET MATERIAL ROOF_PARAPET_SOUTH brick 
SOURCE PARAPET MATERIAL ROOF_PARAPET_WEST brick 
[ORISON V2 RUNTIME] ready startup_ms=29563.224
[LIGHTING] 211 sources active in system; 211 full personalities; profiles steady/breathe/mains/beat/dropout=[50, 49, 36, 42, 34]
CAP MAPPING: mesh=household_wardrobes_Wardrobe00__Body_ON_brass valid_basis=true max_uv_excess=0.00000008294592 widest=1.00099888619065 vertices=3446 derivatives=true bad_derivatives=0 min_determinant=0.00000000462756 worst_dot=0.99999892711639
CAP MAPPING: mesh=household_wardrobes_Wardrobe00__Body_ON_fabric_cool valid_basis=true max_uv_excess=0.00000008195639 widest=1.0001348457911 vertices=13045 derivatives=true bad_derivatives=0 min_determinant=0.00000069091442 worst_dot=0.99999982118607
CAP MAPPING: mesh=household_wardrobes_Wardrobe00__Body_ON_fabric_green valid_basis=true max_uv_excess=0.00000008381903 widest=1.00013548451226 vertices=13055 derivatives=true bad_derivatives=0 min_determinant=0.0000006908429 worst_dot=0.99999982118607
CAP MAPPING: mesh=household_wardrobes_Wardrobe00__Body_ON_fabric_warm valid_basis=true max_uv_excess=0.00000008195639 widest=1.00012749563196 vertices=13005 derivatives=true bad_derivatives=0 min_determinant=0.00000069091218 worst_dot=0.99999982118607
CAP MAPPING: mesh=household_wardrobes_Wardrobe00__Body_ON_linen valid_basis=true max_uv_excess=0.00000008632196 widest=1.00014563167814 vertices=13005 derivatives=true bad_derivatives=0 min_determinant=0.0000006908429 worst_dot=0.99999982118607
CAP MAPPING: mesh=household_wardrobes_Wardrobe00__Body_ON_metal valid_basis=true max_uv_excess=0.00000008766074 widest=1.00010819873476 vertices=12094 derivatives=true bad_derivatives=0 min_determinant=0.00000030130301 worst_dot=0.99999976158142
CAP MAPPING: mesh=household_wardrobes_Wardrobe00__Body_ON_oak_quartered valid_basis=true max_uv_excess=0.00000011920929 widest=1.00042779961388 vertices=7711 derivatives=true bad_derivatives=0 min_determinant=0.0000000288887 worst_dot=0.99999976158142
CAP MAPPING: mesh=household_wardrobes_Wardrobe00__LeftLeaf_ON_brass valid_basis=true max_uv_excess=0.00000153202564 widest=1.00076471531876 vertices=6662 derivatives=true bad_derivatives=0 min_determinant=0.00000001039982 worst_dot=0.99999976158142
CAP MAPPING: mesh=household_wardrobes_Wardrobe00__LeftLeaf_ON_oak_quartered valid_basis=true max_uv_excess=0.00000011920929 widest=1.00030697773124 vertices=3125 derivatives=true bad_derivatives=0 min_determinant=0.00000004161626 worst_dot=0.99999690055847
CAP MAPPING: mesh=household_wardrobes_Wardrobe00__RightLeaf_ON_brass valid_basis=true max_uv_excess=0.00000153062865 widest=1.00076475887845 vertices=6627 derivatives=true bad_derivatives=0 min_determinant=0.00000001039841 worst_dot=0.99999976158142
CAP MAPPING: mesh=household_wardrobes_Wardrobe00__RightLeaf_ON_oak_quartered valid_basis=true max_uv_excess=0.00000011920929 widest=1.00032137768102 vertices=3134 derivatives=true bad_derivatives=0 min_determinant=0.00000004161626 worst_dot=0.99999666213989
CAP MAPPING: mesh=household_wardrobes_Wardrobe01__Body_ON_brass valid_basis=true max_uv_excess=0.00000008294592 widest=1.00099888619065 vertices=3446 derivatives=true bad_derivatives=0 min_determinant=0.00000000462756 worst_dot=0.99999892711639
CAP MAPPING: mesh=household_wardrobes_Wardrobe01__Body_ON_fabric_cool valid_basis=true max_uv_excess=0.00000008940697 widest=1.0001361305969 vertices=13050 derivatives=true bad_derivatives=0 min_determinant=0.00000069127204 worst_dot=0.99999982118607
CAP MAPPING: mesh=household_wardrobes_Wardrobe01__Body_ON_fabric_green valid_basis=true max_uv_excess=0.00000008940697 widest=1.00013485161618 vertices=13019 derivatives=true bad_derivatives=0 min_determinant=0.00000069127204 worst_dot=0.99999976158142
CAP MAPPING: mesh=household_wardrobes_Wardrobe01__Body_ON_fabric_warm valid_basis=true max_uv_excess=0.00000008568168 widest=1.00011087808365 vertices=13018 derivatives=true bad_derivatives=0 min_determinant=0.00000069134356 worst_dot=0.99999982118607
CAP MAPPING: mesh=household_wardrobes_Wardrobe01__Body_ON_linen valid_basis=true max_uv_excess=0.00000008940697 widest=1.00014527864051 vertices=12986 derivatives=true bad_derivatives=0 min_determinant=0.00000069127204 worst_dot=0.99999982118607
CAP MAPPING: mesh=household_wardrobes_Wardrobe01__Body_ON_metal valid_basis=true max_uv_excess=0.00000008766074 widest=1.00010819873476 vertices=12092 derivatives=true bad_derivatives=0 min_determinant=0.00000030130301 worst_dot=0.99999976158142
CAP MAPPING: mesh=household_wardrobes_Wardrobe01__Body_ON_wood_dark valid_basis=true max_uv_excess=0.00000011920929 widest=1.00042779961388 vertices=7711 derivatives=true bad_derivatives=0 min_determinant=0.0000000288887 worst_dot=0.99999976158142
CAP MAPPING: mesh=household_wardrobes_Wardrobe01__LeftLeaf_ON_brass valid_basis=true max_uv_excess=0.00000153202564 widest=1.00076471531876 vertices=6662 derivatives=true bad_derivatives=0 min_determinant=0.00000001039982 worst_dot=0.99999976158142
CAP MAPPING: mesh=household_wardrobes_Wardrobe01__LeftLeaf_ON_wood_dark valid_basis=true max_uv_excess=0.00000011920929 widest=1.00030697773124 vertices=3125 derivatives=true bad_derivatives=0 min_determinant=0.00000004161626 worst_dot=0.99999690055847
CAP MAPPING: mesh=household_wardrobes_Wardrobe01__RightLeaf_ON_brass valid_basis=true max_uv_excess=0.00000153062865 widest=1.00076475887845 vertices=6627 derivatives=true bad_derivatives=0 min_determinant=0.00000001039841 worst_dot=0.99999976158142
CAP MAPPING: mesh=household_wardrobes_Wardrobe01__RightLeaf_ON_wood_dark valid_basis=true max_uv_excess=0.00000011920929 widest=1.00032137768102 vertices=3134 derivatives=true bad_derivatives=0 min_determinant=0.00000004161626 worst_dot=0.99999666213989
CAP MAPPING: mesh=household_wardrobes_Wardrobe02__Body_ON_brass valid_basis=true max_uv_excess=0.00000008294592 widest=1.00099888619065 vertices=3446 derivatives=true bad_derivatives=0 min_determinant=0.00000000462756 worst_dot=0.99999892711639
CAP MAPPING: mesh=household_wardrobes_Wardrobe02__Body_ON_fabric_cool valid_basis=true max_uv_excess=0.00000008568168 widest=1.0001396820196 vertices=13037 derivatives=true bad_derivatives=0 min_determinant=0.00000069134356 worst_dot=0.99999982118607
CAP MAPPING: mesh=household_wardrobes_Wardrobe02__Body_ON_fabric_green valid_basis=true max_uv_excess=0.00000008568168 widest=1.00012604285809 vertices=13045 derivatives=true bad_derivatives=0 min_determinant=0.00000069133462 worst_dot=0.99999976158142
CAP MAPPING: mesh=household_wardrobes_Wardrobe02__Body_ON_fabric_warm valid_basis=true max_uv_excess=0.00000008940697 widest=1.00013995024385 vertices=13006 derivatives=true bad_derivatives=0 min_determinant=0.00000069134356 worst_dot=0.99999982118607
CAP MAPPING: mesh=household_wardrobes_Wardrobe02__Body_ON_linen valid_basis=true max_uv_excess=0.00000008603092 widest=1.00014030870497 vertices=12989 derivatives=true bad_derivatives=0 min_determinant=0.00000069134356 worst_dot=0.99999982118607
CAP MAPPING: mesh=household_wardrobes_Wardrobe02__Body_ON_metal valid_basis=true max_uv_excess=0.00000008766074 widest=1.00010819873476 vertices=12092 derivatives=true bad_derivatives=0 min_determinant=0.00000030130301 worst_dot=0.99999976158142
CAP MAPPING: mesh=household_wardrobes_Wardrobe02__Body_ON_wood_dark valid_basis=true max_uv_excess=0.00000011920929 widest=1.00042779961388 vertices=7711 derivatives=true bad_derivatives=0 min_determinant=0.0000000288887 worst_dot=0.99999976158142
CAP MAPPING: mesh=household_wardrobes_Wardrobe02__LeftLeaf_ON_brass valid_basis=true max_uv_excess=0.00000153202564 widest=1.00076471531876 vertices=6662 derivatives=true bad_derivatives=0 min_determinant=0.00000001039982 worst_dot=0.99999976158142
CAP MAPPING: mesh=household_wardrobes_Wardrobe02__LeftLeaf_ON_wood_dark valid_basis=true max_uv_excess=0.00000011920929 widest=1.00030697773124 vertices=3125 derivatives=true bad_derivatives=0 min_determinant=0.00000004161626 worst_dot=0.99999690055847
CAP MAPPING: mesh=household_wardrobes_Wardrobe02__RightLeaf_ON_brass valid_basis=true max_uv_excess=0.00000153062865 widest=1.00076475887845 vertices=6627 derivatives=true bad_derivatives=0 min_determinant=0.00000001039841 worst_dot=0.99999976158142
CAP MAPPING: mesh=household_wardrobes_Wardrobe02__RightLeaf_ON_wood_dark valid_basis=true max_uv_excess=0.00000011920929 widest=1.00032137768102 vertices=3134 derivatives=true bad_derivatives=0 min_determinant=0.00000004161626 worst_dot=0.99999666213989
CAP MAPPING: mesh=household_wardrobes_Wardrobe03__Body_ON_brass valid_basis=true max_uv_excess=0.00000008294592 widest=1.00099888619065 vertices=3446 derivatives=true bad_derivatives=0 min_determinant=0.00000000462756 worst_dot=0.99999892711639
CAP MAPPING: mesh=household_wardrobes_Wardrobe03__Body_ON_fabric_cool valid_basis=true max_uv_excess=0.00000008940697 widest=1.00012431603873 vertices=13023 derivatives=true bad_derivatives=0 min_determinant=0.0000006908429 worst_dot=0.99999982118607
CAP MAPPING: mesh=household_wardrobes_Wardrobe03__Body_ON_fabric_green valid_basis=true max_uv_excess=0.00000008568168 widest=1.00014272123206 vertices=13016 derivatives=true bad_derivatives=0 min_determinant=0.0000006908429 worst_dot=0.99999982118607
CAP MAPPING: mesh=household_wardrobes_Wardrobe03__Body_ON_fabric_warm valid_basis=true max_uv_excess=0.00000008579809 widest=1.00013342530719 vertices=13013 derivatives=true bad_derivatives=0 min_determinant=0.0000006908429 worst_dot=0.99999982118607
CAP MAPPING: mesh=household_wardrobes_Wardrobe03__Body_ON_linen valid_basis=true max_uv_excess=0.00000008568168 widest=1.00012765333014 vertices=13001 derivatives=true bad_derivatives=0 min_determinant=0.0000006908429 worst_dot=0.99999982118607
CAP MAPPING: mesh=household_wardrobes_Wardrobe03__Body_ON_metal valid_basis=true max_uv_excess=0.00000008766074 widest=1.00010819873476 vertices=12095 derivatives=true bad_derivatives=0 min_determinant=0.00000030130301 worst_dot=0.99999976158142
CAP MAPPING: mesh=household_wardrobes_Wardrobe03__Body_ON_oak_quartered valid_basis=true max_uv_excess=0.00000011920929 widest=1.00042779961388 vertices=7711 derivatives=true bad_derivatives=0 min_determinant=0.0000000288887 worst_dot=0.99999976158142
CAP MAPPING: mesh=household_wardrobes_Wardrobe03__LeftLeaf_ON_brass valid_basis=true max_uv_excess=0.00000153202564 widest=1.00076471531876 vertices=6662 derivatives=true bad_derivatives=0 min_determinant=0.00000001039982 worst_dot=0.99999976158142
CAP MAPPING: mesh=household_wardrobes_Wardrobe03__LeftLeaf_ON_oak_quartered valid_basis=true max_uv_excess=0.00000011920929 widest=1.00030697773124 vertices=3125 derivatives=true bad_derivatives=0 min_determinant=0.00000004161626 worst_dot=0.99999690055847
CAP MAPPING: mesh=household_wardrobes_Wardrobe03__RightLeaf_ON_brass valid_basis=true max_uv_excess=0.00000153062865 widest=1.00076475887845 vertices=6627 derivatives=true bad_derivatives=0 min_determinant=0.00000001039841 worst_dot=0.99999976158142
CAP MAPPING: mesh=household_wardrobes_Wardrobe03__RightLeaf_ON_oak_quartered valid_basis=true max_uv_excess=0.00000011920929 widest=1.00032137768102 vertices=3134 derivatives=true bad_derivatives=0 min_determinant=0.00000004161626 worst_dot=0.99999666213989
CAP MAPPING: mesh=household_wardrobes_Wardrobe04__Body_ON_brass valid_basis=true max_uv_excess=0.00000008294592 widest=1.00099888619065 vertices=3446 derivatives=true bad_derivatives=0 min_determinant=0.00000000462756 worst_dot=0.99999892711639
CAP MAPPING: mesh=household_wardrobes_Wardrobe04__Body_ON_fabric_cool valid_basis=true max_uv_excess=0.00000008568168 widest=1.0001250512191 vertices=13025 derivatives=true bad_derivatives=0 min_determinant=0.00000069105747 worst_dot=0.99999982118607
CAP MAPPING: mesh=household_wardrobes_Wardrobe04__Body_ON_fabric_green valid_basis=true max_uv_excess=0.00000008568168 widest=1.00012088691088 vertices=13052 derivatives=true bad_derivatives=0 min_determinant=0.00000069111558 worst_dot=0.99999982118607
CAP MAPPING: mesh=household_wardrobes_Wardrobe04__Body_ON_fabric_warm valid_basis=true max_uv_excess=0.00000008195639 widest=1.00013201452494 vertices=13046 derivatives=true bad_derivatives=0 min_determinant=0.00000069112899 worst_dot=0.99999982118607
CAP MAPPING: mesh=household_wardrobes_Wardrobe04__Body_ON_linen valid_basis=true max_uv_excess=0.00000008568168 widest=1.00013313190805 vertices=12996 derivatives=true bad_derivatives=0 min_determinant=0.00000069112899 worst_dot=0.99999982118607
CAP MAPPING: mesh=household_wardrobes_Wardrobe04__Body_ON_metal valid_basis=true max_uv_excess=0.00000008766074 widest=1.00010819873476 vertices=12091 derivatives=true bad_derivatives=0 min_determinant=0.00000030130301 worst_dot=0.99999976158142
CAP MAPPING: mesh=household_wardrobes_Wardrobe04__Body_ON_wood_dark valid_basis=true max_uv_excess=0.00000011920929 widest=1.00042779961388 vertices=7711 derivatives=true bad_derivatives=0 min_determinant=0.0000000288887 worst_dot=0.99999976158142
CAP MAPPING: mesh=household_wardrobes_Wardrobe04__LeftLeaf_ON_brass valid_basis=true max_uv_excess=0.00000153202564 widest=1.00076471531876 vertices=6662 derivatives=true bad_derivatives=0 min_determinant=0.00000001039982 worst_dot=0.99999976158142
CAP MAPPING: mesh=household_wardrobes_Wardrobe04__LeftLeaf_ON_wood_dark valid_basis=true max_uv_excess=0.00000011920929 widest=1.00030697773124 vertices=3125 derivatives=true bad_derivatives=0 min_determinant=0.00000004161626 worst_dot=0.99999690055847
CAP MAPPING: mesh=household_wardrobes_Wardrobe04__RightLeaf_ON_brass valid_basis=true max_uv_excess=0.00000153062865 widest=1.00076475887845 vertices=6627 derivatives=true bad_derivatives=0 min_determinant=0.00000001039841 worst_dot=0.99999976158142
CAP MAPPING: mesh=household_wardrobes_Wardrobe04__RightLeaf_ON_wood_dark valid_basis=true max_uv_excess=0.00000011920929 widest=1.00032137768102 vertices=3134 derivatives=true bad_derivatives=0 min_determinant=0.00000004161626 worst_dot=0.99999666213989
CAP MAPPING: mesh=household_wardrobes_Wardrobe05__Body_ON_brass valid_basis=true max_uv_excess=0.00000008294592 widest=1.00099888619065 vertices=3446 derivatives=true bad_derivatives=0 min_determinant=0.00000000462756 worst_dot=0.99999892711639
CAP MAPPING: mesh=household_wardrobes_Wardrobe05__Body_ON_fabric_cool valid_basis=true max_uv_excess=0.00000008940697 widest=1.00014424097005 vertices=13029 derivatives=true bad_derivatives=0 min_determinant=0.00000069141285 worst_dot=0.99999982118607
CAP MAPPING: mesh=household_wardrobes_Wardrobe05__Body_ON_fabric_green valid_basis=true max_uv_excess=0.00000008568168 widest=1.00013105254092 vertices=13049 derivatives=true bad_derivatives=0 min_determinant=0.00000069141508 worst_dot=0.99999982118607
CAP MAPPING: mesh=household_wardrobes_Wardrobe05__Body_ON_fabric_warm valid_basis=true max_uv_excess=0.00000008568168 widest=1.00014164774233 vertices=13034 derivatives=true bad_derivatives=0 min_determinant=0.00000069147766 worst_dot=0.99999982118607
CAP MAPPING: mesh=household_wardrobes_Wardrobe05__Body_ON_linen valid_basis=true max_uv_excess=0.00000008568168 widest=1.00012827240845 vertices=13012 derivatives=true bad_derivatives=0 min_determinant=0.00000069141508 worst_dot=0.99999982118607
CAP MAPPING: mesh=household_wardrobes_Wardrobe05__Body_ON_metal valid_basis=true max_uv_excess=0.00000008766074 widest=1.00010819873476 vertices=12095 derivatives=true bad_derivatives=0 min_determinant=0.00000030130301 worst_dot=0.99999976158142
CAP MAPPING: mesh=household_wardrobes_Wardrobe05__Body_ON_oak_quartered valid_basis=true max_uv_excess=0.00000011920929 widest=1.00042779961388 vertices=7711 derivatives=true bad_derivatives=0 min_determinant=0.0000000288887 worst_dot=0.99999976158142
CAP MAPPING: mesh=household_wardrobes_Wardrobe05__LeftLeaf_ON_brass valid_basis=true max_uv_excess=0.00000153202564 widest=1.00076471531876 vertices=6662 derivatives=true bad_derivatives=0 min_determinant=0.00000001039982 worst_dot=0.99999976158142
CAP MAPPING: mesh=household_wardrobes_Wardrobe05__LeftLeaf_ON_oak_quartered valid_basis=true max_uv_excess=0.00000011920929 widest=1.00030697773124 vertices=3125 derivatives=true bad_derivatives=0 min_determinant=0.00000004161626 worst_dot=0.99999690055847
CAP MAPPING: mesh=household_wardrobes_Wardrobe05__RightLeaf_ON_brass valid_basis=true max_uv_excess=0.00000153062865 widest=1.00076475887845 vertices=6627 derivatives=true bad_derivatives=0 min_determinant=0.00000001039841 worst_dot=0.99999976158142
CAP MAPPING: mesh=household_wardrobes_Wardrobe05__RightLeaf_ON_oak_quartered valid_basis=true max_uv_excess=0.00000011920929 widest=1.00032137768102 vertices=3134 derivatives=true bad_derivatives=0 min_determinant=0.00000004161626 worst_dot=0.99999666213989
CAP MAPPING: mesh=household_wardrobes_Wardrobe06__Body_ON_brass valid_basis=true max_uv_excess=0.00000008294592 widest=1.00099888619065 vertices=3446 derivatives=true bad_derivatives=0 min_determinant=0.00000000462756 worst_dot=0.99999892711639
CAP MAPPING: mesh=household_wardrobes_Wardrobe06__Body_ON_fabric_cool valid_basis=true max_uv_excess=0.00000008795178 widest=1.00014817304886 vertices=13010 derivatives=true bad_derivatives=0 min_determinant=0.00000069141508 worst_dot=0.99999976158142
CAP MAPPING: mesh=household_wardrobes_Wardrobe06__Body_ON_fabric_green valid_basis=true max_uv_excess=0.00000008940697 widest=1.00009469506296 vertices=13041 derivatives=true bad_derivatives=0 min_determinant=0.00000069141508 worst_dot=0.99999982118607
CAP MAPPING: mesh=household_wardrobes_Wardrobe06__Body_ON_fabric_warm valid_basis=true max_uv_excess=0.00000008300412 widest=1.00013684693709 vertices=13030 derivatives=true bad_derivatives=0 min_determinant=0.00000069134356 worst_dot=0.99999982118607
CAP MAPPING: mesh=household_wardrobes_Wardrobe06__Body_ON_linen valid_basis=true max_uv_excess=0.00000008684583 widest=1.00012471690454 vertices=13025 derivatives=true bad_derivatives=0 min_determinant=0.00000069134356 worst_dot=0.99999982118607
CAP MAPPING: mesh=household_wardrobes_Wardrobe06__Body_ON_metal valid_basis=true max_uv_excess=0.00000008766074 widest=1.00010819873476 vertices=12097 derivatives=true bad_derivatives=0 min_determinant=0.00000030130301 worst_dot=0.99999976158142
CAP MAPPING: mesh=household_wardrobes_Wardrobe06__Body_ON_oak_quartered valid_basis=true max_uv_excess=0.00000011920929 widest=1.00042779961388 vertices=7711 derivatives=true bad_derivatives=0 min_determinant=0.0000000288887 worst_dot=0.99999976158142
CAP MAPPING: mesh=household_wardrobes_Wardrobe06__LeftLeaf_ON_brass valid_basis=true max_uv_excess=0.00000153202564 widest=1.00076471531876 vertices=6662 derivatives=true bad_derivatives=0 min_determinant=0.00000001039982 worst_dot=0.99999976158142
CAP MAPPING: mesh=household_wardrobes_Wardrobe06__LeftLeaf_ON_oak_quartered valid_basis=true max_uv_excess=0.00000011920929 widest=1.00030697773124 vertices=3125 derivatives=true bad_derivatives=0 min_determinant=0.00000004161626 worst_dot=0.99999690055847
CAP MAPPING: mesh=household_wardrobes_Wardrobe06__RightLeaf_ON_brass valid_basis=true max_uv_excess=0.00000153062865 widest=1.00076475887845 vertices=6627 derivatives=true bad_derivatives=0 min_determinant=0.00000001039841 worst_dot=0.99999976158142
CAP MAPPING: mesh=household_wardrobes_Wardrobe06__RightLeaf_ON_oak_quartered valid_basis=true max_uv_excess=0.00000011920929 widest=1.00032137768102 vertices=3134 derivatives=true bad_derivatives=0 min_determinant=0.00000004161626 worst_dot=0.99999666213989
CAP MAPPING: mesh=household_wardrobes_Wardrobe07__Body_ON_brass valid_basis=true max_uv_excess=0.00000008294592 widest=1.00099888619065 vertices=3446 derivatives=true bad_derivatives=0 min_determinant=0.00000000462756 worst_dot=0.99999892711639
CAP MAPPING: mesh=household_wardrobes_Wardrobe07__Body_ON_fabric_cool valid_basis=true max_uv_excess=0.00000008940697 widest=1.00011632744089 vertices=13023 derivatives=true bad_derivatives=0 min_determinant=0.00000069127204 worst_dot=0.99999982118607
CAP MAPPING: mesh=household_wardrobes_Wardrobe07__Body_ON_fabric_green valid_basis=true max_uv_excess=0.00000009313226 widest=1.00010639823471 vertices=13036 derivatives=true bad_derivatives=0 min_determinant=0.00000069134132 worst_dot=0.99999982118607
CAP MAPPING: mesh=household_wardrobes_Wardrobe07__Body_ON_fabric_warm valid_basis=true max_uv_excess=0.00000008940697 widest=1.00012163832626 vertices=13041 derivatives=true bad_derivatives=0 min_determinant=0.00000069134356 worst_dot=0.99999982118607
CAP MAPPING: mesh=household_wardrobes_Wardrobe07__Body_ON_linen valid_basis=true max_uv_excess=0.00000008195639 widest=1.00013471642193 vertices=13027 derivatives=true bad_derivatives=0 min_determinant=0.00000069134356 worst_dot=0.99999982118607
CAP MAPPING: mesh=household_wardrobes_Wardrobe07__Body_ON_metal valid_basis=true max_uv_excess=0.00000008766074 widest=1.00010819873476 vertices=12088 derivatives=true bad_derivatives=0 min_determinant=0.00000030130301 worst_dot=0.99999976158142
CAP MAPPING: mesh=household_wardrobes_Wardrobe07__Body_ON_oak_quartered valid_basis=true max_uv_excess=0.00000011920929 widest=1.00042779961388 vertices=7711 derivatives=true bad_derivatives=0 min_determinant=0.0000000288887 worst_dot=0.99999976158142
CAP MAPPING: mesh=household_wardrobes_Wardrobe07__LeftLeaf_ON_brass valid_basis=true max_uv_excess=0.00000153202564 widest=1.00076471531876 vertices=6662 derivatives=true bad_derivatives=0 min_determinant=0.00000001039982 worst_dot=0.99999976158142
CAP MAPPING: mesh=household_wardrobes_Wardrobe07__LeftLeaf_ON_oak_quartered valid_basis=true max_uv_excess=0.00000011920929 widest=1.00030697773124 vertices=3125 derivatives=true bad_derivatives=0 min_determinant=0.00000004161626 worst_dot=0.99999690055847
CAP MAPPING: mesh=household_wardrobes_Wardrobe07__RightLeaf_ON_brass valid_basis=true max_uv_excess=0.00000153062865 widest=1.00076475887845 vertices=6627 derivatives=true bad_derivatives=0 min_determinant=0.00000001039841 worst_dot=0.99999976158142
CAP MAPPING: mesh=household_wardrobes_Wardrobe07__RightLeaf_ON_oak_quartered valid_basis=true max_uv_excess=0.00000011920929 widest=1.00032137768102 vertices=3134 derivatives=true bad_derivatives=0 min_determinant=0.00000004161626 worst_dot=0.99999666213989
CAP MAPPING: mesh=household_wardrobes_Wardrobe08__Body_ON_brass valid_basis=true max_uv_excess=0.00000008294592 widest=1.00099888619065 vertices=3446 derivatives=true bad_derivatives=0 min_determinant=0.00000000462756 worst_dot=0.99999892711639
CAP MAPPING: mesh=household_wardrobes_Wardrobe08__Body_ON_fabric_cool valid_basis=true max_uv_excess=0.00000008940697 widest=1.00013218088289 vertices=13017 derivatives=true bad_derivatives=0 min_determinant=0.00000069127204 worst_dot=0.99999982118607
CAP MAPPING: mesh=household_wardrobes_Wardrobe08__Body_ON_fabric_green valid_basis=true max_uv_excess=0.00000008940697 widest=1.00013306114979 vertices=13021 derivatives=true bad_derivatives=0 min_determinant=0.00000069120051 worst_dot=0.99999982118607
CAP MAPPING: mesh=household_wardrobes_Wardrobe08__Body_ON_fabric_warm valid_basis=true max_uv_excess=0.00000009685755 widest=1.00014083464563 vertices=12995 derivatives=true bad_derivatives=0 min_determinant=0.00000069120051 worst_dot=0.99999976158142
CAP MAPPING: mesh=household_wardrobes_Wardrobe08__Body_ON_linen valid_basis=true max_uv_excess=0.00000008568168 widest=1.00010503571067 vertices=12999 derivatives=true bad_derivatives=0 min_determinant=0.00000069120051 worst_dot=0.99999982118607
CAP MAPPING: mesh=household_wardrobes_Wardrobe08__Body_ON_metal valid_basis=true max_uv_excess=0.00000008766074 widest=1.00010819873476 vertices=12091 derivatives=true bad_derivatives=0 min_determinant=0.00000030130301 worst_dot=0.99999976158142
CAP MAPPING: mesh=household_wardrobes_Wardrobe08__Body_ON_oak_quartered valid_basis=true max_uv_excess=0.00000011920929 widest=1.00042779961388 vertices=7711 derivatives=true bad_derivatives=0 min_determinant=0.0000000288887 worst_dot=0.99999976158142
CAP MAPPING: mesh=household_wardrobes_Wardrobe08__LeftLeaf_ON_brass valid_basis=true max_uv_excess=0.00000153202564 widest=1.00076471531876 vertices=6662 derivatives=true bad_derivatives=0 min_determinant=0.00000001039982 worst_dot=0.99999976158142
CAP MAPPING: mesh=household_wardrobes_Wardrobe08__LeftLeaf_ON_oak_quartered valid_basis=true max_uv_excess=0.00000011920929 widest=1.00030697773124 vertices=3125 derivatives=true bad_derivatives=0 min_determinant=0.00000004161626 worst_dot=0.99999690055847
CAP MAPPING: mesh=household_wardrobes_Wardrobe08__RightLeaf_ON_brass valid_basis=true max_uv_excess=0.00000153062865 widest=1.00076475887845 vertices=6627 derivatives=true bad_derivatives=0 min_determinant=0.00000001039841 worst_dot=0.99999976158142
CAP MAPPING: mesh=household_wardrobes_Wardrobe08__RightLeaf_ON_oak_quartered valid_basis=true max_uv_excess=0.00000011920929 widest=1.00032137768102 vertices=3134 derivatives=true bad_derivatives=0 min_determinant=0.00000004161626 worst_dot=0.99999666213989
CAP MAPPING: mesh=household_wardrobes_Wardrobe09__Body_ON_brass valid_basis=true max_uv_excess=0.00000008294592 widest=1.00099888619065 vertices=3446 derivatives=true bad_derivatives=0 min_determinant=0.00000000462756 worst_dot=0.99999892711639
CAP MAPPING: mesh=household_wardrobes_Wardrobe09__Body_ON_fabric_cool valid_basis=true max_uv_excess=0.00000008568168 widest=1.00013980617109 vertices=13025 derivatives=true bad_derivatives=0 min_determinant=0.00000069091442 worst_dot=0.99999982118607
CAP MAPPING: mesh=household_wardrobes_Wardrobe09__Body_ON_fabric_green valid_basis=true max_uv_excess=0.00000008940697 widest=1.00012821117078 vertices=13065 derivatives=true bad_derivatives=0 min_determinant=0.00000069091442 worst_dot=0.99999982118607
CAP MAPPING: mesh=household_wardrobes_Wardrobe09__Body_ON_fabric_warm valid_basis=true max_uv_excess=0.00000008312054 widest=1.00014076781945 vertices=13036 derivatives=true bad_derivatives=0 min_determinant=0.00000069097924 worst_dot=0.99999982118607
CAP MAPPING: mesh=household_wardrobes_Wardrobe09__Body_ON_linen valid_basis=true max_uv_excess=0.00000008568168 widest=1.00012520587964 vertices=12999 derivatives=true bad_derivatives=0 min_determinant=0.00000069091442 worst_dot=0.99999982118607
CAP MAPPING: mesh=household_wardrobes_Wardrobe09__Body_ON_metal valid_basis=true max_uv_excess=0.00000008911593 widest=1.00011477106621 vertices=12087 derivatives=true bad_derivatives=0 min_determinant=0.00000030130301 worst_dot=0.99999976158142
CAP MAPPING: mesh=household_wardrobes_Wardrobe09__Body_ON_wood_dark valid_basis=true max_uv_excess=0.00000011920929 widest=1.00042779961388 vertices=7711 derivatives=true bad_derivatives=0 min_determinant=0.0000000288887 worst_dot=0.99999976158142
CAP MAPPING: mesh=household_wardrobes_Wardrobe09__LeftLeaf_ON_brass valid_basis=true max_uv_excess=0.00000153202564 widest=1.00076471531876 vertices=6662 derivatives=true bad_derivatives=0 min_determinant=0.00000001039982 worst_dot=0.99999976158142
CAP MAPPING: mesh=household_wardrobes_Wardrobe09__LeftLeaf_ON_wood_dark valid_basis=true max_uv_excess=0.00000011920929 widest=1.00030697773124 vertices=3125 derivatives=true bad_derivatives=0 min_determinant=0.00000004161626 worst_dot=0.99999690055847
CAP MAPPING: mesh=household_wardrobes_Wardrobe09__RightLeaf_ON_brass valid_basis=true max_uv_excess=0.00000153062865 widest=1.00076475887845 vertices=6627 derivatives=true bad_derivatives=0 min_determinant=0.00000001039841 worst_dot=0.99999976158142
CAP MAPPING: mesh=household_wardrobes_Wardrobe09__RightLeaf_ON_wood_dark valid_basis=true max_uv_excess=0.00000011920929 widest=1.00032137768102 vertices=3134 derivatives=true bad_derivatives=0 min_determinant=0.00000004161626 worst_dot=0.99999666213989
CAP MAPPING: mesh=household_wardrobes_Wardrobe10__Body_ON_brass valid_basis=true max_uv_excess=0.00000008294592 widest=1.00099888619065 vertices=3446 derivatives=true bad_derivatives=0 min_determinant=0.00000000462756 worst_dot=0.99999892711639
CAP MAPPING: mesh=household_wardrobes_Wardrobe10__Body_ON_fabric_cool valid_basis=true max_uv_excess=0.00000008405186 widest=1.00012953669828 vertices=13011 derivatives=true bad_derivatives=0 min_determinant=0.00000069091442 worst_dot=0.99999982118607
CAP MAPPING: mesh=household_wardrobes_Wardrobe10__Body_ON_fabric_green valid_basis=true max_uv_excess=0.00000008632196 widest=1.00014513543789 vertices=13049 derivatives=true bad_derivatives=0 min_determinant=0.00000069091442 worst_dot=0.99999982118607
CAP MAPPING: mesh=household_wardrobes_Wardrobe10__Body_ON_fabric_warm valid_basis=true max_uv_excess=0.00000008568168 widest=1.00013680883285 vertices=13014 derivatives=true bad_derivatives=0 min_determinant=0.00000069091442 worst_dot=0.99999982118607
CAP MAPPING: mesh=household_wardrobes_Wardrobe10__Body_ON_linen valid_basis=true max_uv_excess=0.00000008940697 widest=1.00012672132276 vertices=13003 derivatives=true bad_derivatives=0 min_determinant=0.00000069091218 worst_dot=0.99999982118607
CAP MAPPING: mesh=household_wardrobes_Wardrobe10__Body_ON_metal valid_basis=true max_uv_excess=0.00000008766074 widest=1.00010819873476 vertices=12093 derivatives=true bad_derivatives=0 min_determinant=0.00000030130301 worst_dot=0.99999976158142
CAP MAPPING: mesh=household_wardrobes_Wardrobe10__Body_ON_wood_dark valid_basis=true max_uv_excess=0.00000011920929 widest=1.00042779961388 vertices=7711 derivatives=true bad_derivatives=0 min_determinant=0.0000000288887 worst_dot=0.99999976158142
CAP MAPPING: mesh=household_wardrobes_Wardrobe10__LeftLeaf_ON_brass valid_basis=true max_uv_excess=0.00000153202564 widest=1.00076471531876 vertices=6662 derivatives=true bad_derivatives=0 min_determinant=0.00000001039982 worst_dot=0.99999976158142
CAP MAPPING: mesh=household_wardrobes_Wardrobe10__LeftLeaf_ON_wood_dark valid_basis=true max_uv_excess=0.00000011920929 widest=1.00030697773124 vertices=3125 derivatives=true bad_derivatives=0 min_determinant=0.00000004161626 worst_dot=0.99999690055847
CAP MAPPING: mesh=household_wardrobes_Wardrobe10__RightLeaf_ON_brass valid_basis=true max_uv_excess=0.00000153062865 widest=1.00076475887845 vertices=6627 derivatives=true bad_derivatives=0 min_determinant=0.00000001039841 worst_dot=0.99999976158142
CAP MAPPING: mesh=household_wardrobes_Wardrobe10__RightLeaf_ON_wood_dark valid_basis=true max_uv_excess=0.00000011920929 widest=1.00032137768102 vertices=3134 derivatives=true bad_derivatives=0 min_determinant=0.00000004161626 worst_dot=0.99999666213989
CAP MAPPING: mesh=household_wardrobes_Wardrobe11__Body_ON_brass valid_basis=true max_uv_excess=0.00000008294592 widest=1.00099888619065 vertices=3446 derivatives=true bad_derivatives=0 min_determinant=0.00000000462756 worst_dot=0.99999892711639
CAP MAPPING: mesh=household_wardrobes_Wardrobe11__Body_ON_fabric_cool valid_basis=true max_uv_excess=0.0000000835862 widest=1.00014121438074 vertices=13035 derivatives=true bad_derivatives=0 min_determinant=0.0000006908429 worst_dot=0.99999976158142
CAP MAPPING: mesh=household_wardrobes_Wardrobe11__Body_ON_fabric_green valid_basis=true max_uv_excess=0.00000008195639 widest=1.00012802929591 vertices=13020 derivatives=true bad_derivatives=0 min_determinant=0.0000006908429 worst_dot=0.99999982118607
CAP MAPPING: mesh=household_wardrobes_Wardrobe11__Body_ON_fabric_warm valid_basis=true max_uv_excess=0.00000008277129 widest=1.00012705026626 vertices=12985 derivatives=true bad_derivatives=0 min_determinant=0.00000069091442 worst_dot=0.99999982118607
CAP MAPPING: mesh=household_wardrobes_Wardrobe11__Body_ON_linen valid_basis=true max_uv_excess=0.00000008940697 widest=1.00012887406761 vertices=13010 derivatives=true bad_derivatives=0 min_determinant=0.00000069090324 worst_dot=0.99999982118607
CAP MAPPING: mesh=household_wardrobes_Wardrobe11__Body_ON_metal valid_basis=true max_uv_excess=0.00000008766074 widest=1.00010819873476 vertices=12094 derivatives=true bad_derivatives=0 min_determinant=0.00000030130301 worst_dot=0.99999976158142
CAP MAPPING: mesh=household_wardrobes_Wardrobe11__Body_ON_wood_dark valid_basis=true max_uv_excess=0.00000011920929 widest=1.00042779961388 vertices=7711 derivatives=true bad_derivatives=0 min_determinant=0.0000000288887 worst_dot=0.99999976158142
CAP MAPPING: mesh=household_wardrobes_Wardrobe11__LeftLeaf_ON_brass valid_basis=true max_uv_excess=0.00000153202564 widest=1.00076471531876 vertices=6662 derivatives=true bad_derivatives=0 min_determinant=0.00000001039982 worst_dot=0.99999976158142
CAP MAPPING: mesh=household_wardrobes_Wardrobe11__LeftLeaf_ON_wood_dark valid_basis=true max_uv_excess=0.00000011920929 widest=1.00030697773124 vertices=3125 derivatives=true bad_derivatives=0 min_determinant=0.00000004161626 worst_dot=0.99999690055847
CAP MAPPING: mesh=household_wardrobes_Wardrobe11__RightLeaf_ON_brass valid_basis=true max_uv_excess=0.00000153062865 widest=1.00076475887845 vertices=6627 derivatives=true bad_derivatives=0 min_determinant=0.00000001039841 worst_dot=0.99999976158142
CAP MAPPING: mesh=household_wardrobes_Wardrobe11__RightLeaf_ON_wood_dark valid_basis=true max_uv_excess=0.00000011920929 widest=1.00032137768102 vertices=3134 derivatives=true bad_derivatives=0 min_determinant=0.00000004161626 worst_dot=0.99999666213989
CAP MAPPING: mesh=household_wardrobes_Wardrobe12__Body_ON_brass valid_basis=true max_uv_excess=0.00000008294592 widest=1.00099888619065 vertices=3446 derivatives=true bad_derivatives=0 min_determinant=0.00000000462756 worst_dot=0.99999892711639
CAP MAPPING: mesh=household_wardrobes_Wardrobe12__Body_ON_fabric_cool valid_basis=true max_uv_excess=0.00000008195639 widest=1.00013460842205 vertices=13047 derivatives=true bad_derivatives=0 min_determinant=0.0000006908429 worst_dot=0.99999976158142
CAP MAPPING: mesh=household_wardrobes_Wardrobe12__Body_ON_fabric_green valid_basis=true max_uv_excess=0.00000008568168 widest=1.00011799901301 vertices=13055 derivatives=true bad_derivatives=0 min_determinant=0.00000069155813 worst_dot=0.99999982118607
CAP MAPPING: mesh=household_wardrobes_Wardrobe12__Body_ON_fabric_warm valid_basis=true max_uv_excess=0.00000008195639 widest=1.00011909767097 vertices=12998 derivatives=true bad_derivatives=0 min_determinant=0.00000069083172 worst_dot=0.99999982118607
CAP MAPPING: mesh=household_wardrobes_Wardrobe12__Body_ON_linen valid_basis=true max_uv_excess=0.0000000782311 widest=1.0001100111532 vertices=13013 derivatives=true bad_derivatives=0 min_determinant=0.00000069077137 worst_dot=0.99999982118607
CAP MAPPING: mesh=household_wardrobes_Wardrobe12__Body_ON_metal valid_basis=true max_uv_excess=0.00000008766074 widest=1.00010819873476 vertices=12096 derivatives=true bad_derivatives=0 min_determinant=0.00000030130301 worst_dot=0.99999976158142
CAP MAPPING: mesh=household_wardrobes_Wardrobe12__Body_ON_wood_dark valid_basis=true max_uv_excess=0.00000011920929 widest=1.00042779961388 vertices=7711 derivatives=true bad_derivatives=0 min_determinant=0.0000000288887 worst_dot=0.99999976158142
CAP MAPPING: mesh=household_wardrobes_Wardrobe12__LeftLeaf_ON_brass valid_basis=true max_uv_excess=0.00000153202564 widest=1.00076471531876 vertices=6662 derivatives=true bad_derivatives=0 min_determinant=0.00000001039982 worst_dot=0.99999976158142
CAP MAPPING: mesh=household_wardrobes_Wardrobe12__LeftLeaf_ON_wood_dark valid_basis=true max_uv_excess=0.00000011920929 widest=1.00030697773124 vertices=3125 derivatives=true bad_derivatives=0 min_determinant=0.00000004161626 worst_dot=0.99999690055847
CAP MAPPING: mesh=household_wardrobes_Wardrobe12__RightLeaf_ON_brass valid_basis=true max_uv_excess=0.00000153062865 widest=1.00076475887845 vertices=6627 derivatives=true bad_derivatives=0 min_determinant=0.00000001039841 worst_dot=0.99999976158142
CAP MAPPING: mesh=household_wardrobes_Wardrobe12__RightLeaf_ON_wood_dark valid_basis=true max_uv_excess=0.00000011920929 widest=1.00032137768102 vertices=3134 derivatives=true bad_derivatives=0 min_determinant=0.00000004161626 worst_dot=0.99999666213989
[HARUKIYA] OPEN, 18 fixtures
FABRICATION BATCH: worlds=1 modules=1 module_checks=2077 failures=0 elapsed_ms=39522
