FABRICATION STAGE: art/blender/scripts/build_household_wardrobes.py
C:\PleaseRemainOnTheLine\art\blender\scripts\build_household_wardrobes.py:76: DeprecationWarning: 'Material.use_nodes' is expected to be removed in Blender 6.0
  mat=bpy.data.materials.new(key);mat.use_nodes=True;materials[key]=mat
Info: Saved as "household_wardrobes.blend"
INFO Draco is available, use library at C:\Program Files\Blender Foundation\Blender 5.2\5.2\scripts\addons_core\io_scene_gltf2\bf_intern_draco_bridge.dll
INFO MeshOptimizer is available, use library at C:\Program Files\Blender Foundation\Blender 5.2\5.2\scripts\addons_core\io_scene_gltf2\bf_intern_meshopt_bridge.dll
20:27:37 | INFO: Starting glTF 2.0 export
20:27:37 | INFO: Extracting primitive: Wardrobe00__Body_ON_brass
20:27:37 | INFO: Primitives created: 1
20:27:37 | INFO: Extracting primitive: Wardrobe00__Body_ON_fabric_cool
20:27:37 | INFO: Primitives created: 1
20:27:37 | INFO: Extracting primitive: Wardrobe00__Body_ON_fabric_green
20:27:38 | INFO: Primitives created: 1
20:27:38 | INFO: Extracting primitive: Wardrobe00__Body_ON_fabric_warm
20:27:38 | INFO: Primitives created: 1
20:27:38 | INFO: Extracting primitive: Wardrobe00__Body_ON_linen
20:27:38 | INFO: Primitives created: 1
20:27:38 | INFO: Extracting primitive: Wardrobe00__Body_ON_metal
20:27:38 | INFO: Primitives created: 1
20:27:38 | INFO: Extracting primitive: Wardrobe00__Body_ON_oak_quartered
20:27:38 | INFO: Primitives created: 1
20:27:38 | INFO: Extracting primitive: Wardrobe00__LeftLeaf_ON_brass
20:27:38 | INFO: Primitives created: 1
20:27:38 | INFO: Extracting primitive: Wardrobe00__LeftLeaf_ON_oak_quartered
20:27:38 | INFO: Primitives created: 1
20:27:38 | INFO: Extracting primitive: Wardrobe00__RightLeaf_ON_brass
20:27:38 | INFO: Primitives created: 1
20:27:38 | INFO: Extracting primitive: Wardrobe00__RightLeaf_ON_oak_quartered
20:27:38 | INFO: Primitives created: 1
20:27:38 | INFO: Extracting primitive: Wardrobe01__Body_ON_brass
20:27:38 | INFO: Primitives created: 1
20:27:38 | INFO: Extracting primitive: Wardrobe01__Body_ON_fabric_cool
20:27:38 | INFO: Primitives created: 1
20:27:38 | INFO: Extracting primitive: Wardrobe01__Body_ON_fabric_green
20:27:38 | INFO: Primitives created: 1
20:27:38 | INFO: Extracting primitive: Wardrobe01__Body_ON_fabric_warm
20:27:38 | INFO: Primitives created: 1
20:27:38 | INFO: Extracting primitive: Wardrobe01__Body_ON_linen
20:27:38 | INFO: Primitives created: 1
20:27:38 | INFO: Extracting primitive: Wardrobe01__Body_ON_metal
20:27:38 | INFO: Primitives created: 1
20:27:38 | INFO: Extracting primitive: Wardrobe01__Body_ON_wood_dark
20:27:38 | INFO: Primitives created: 1
20:27:38 | INFO: Extracting primitive: Wardrobe01__LeftLeaf_ON_brass
20:27:38 | INFO: Primitives created: 1
20:27:38 | INFO: Extracting primitive: Wardrobe01__LeftLeaf_ON_wood_dark
20:27:38 | INFO: Primitives created: 1
20:27:38 | INFO: Extracting primitive: Wardrobe01__RightLeaf_ON_brass
20:27:38 | INFO: Primitives created: 1
20:27:38 | INFO: Extracting primitive: Wardrobe01__RightLeaf_ON_wood_dark
20:27:38 | INFO: Primitives created: 1
20:27:38 | INFO: Extracting primitive: Wardrobe02__Body_ON_brass
20:27:38 | INFO: Primitives created: 1
20:27:38 | INFO: Extracting primitive: Wardrobe02__Body_ON_fabric_cool
20:27:38 | INFO: Primitives created: 1
20:27:38 | INFO: Extracting primitive: Wardrobe02__Body_ON_fabric_green
20:27:38 | INFO: Primitives created: 1
20:27:38 | INFO: Extracting primitive: Wardrobe02__Body_ON_fabric_warm
20:27:38 | INFO: Primitives created: 1
20:27:38 | INFO: Extracting primitive: Wardrobe02__Body_ON_linen
20:27:38 | INFO: Primitives created: 1
20:27:38 | INFO: Extracting primitive: Wardrobe02__Body_ON_metal
20:27:38 | INFO: Primitives created: 1
20:27:38 | INFO: Extracting primitive: Wardrobe02__Body_ON_wood_dark
20:27:38 | INFO: Primitives created: 1
20:27:38 | INFO: Extracting primitive: Wardrobe02__LeftLeaf_ON_brass
20:27:38 | INFO: Primitives created: 1
20:27:38 | INFO: Extracting primitive: Wardrobe02__LeftLeaf_ON_wood_dark
20:27:38 | INFO: Primitives created: 1
20:27:38 | INFO: Extracting primitive: Wardrobe02__RightLeaf_ON_brass
20:27:38 | INFO: Primitives created: 1
20:27:38 | INFO: Extracting primitive: Wardrobe02__RightLeaf_ON_wood_dark
20:27:38 | INFO: Primitives created: 1
20:27:38 | INFO: Extracting primitive: Wardrobe03__Body_ON_brass
20:27:38 | INFO: Primitives created: 1
20:27:38 | INFO: Extracting primitive: Wardrobe03__Body_ON_fabric_cool
20:27:38 | INFO: Primitives created: 1
20:27:38 | INFO: Extracting primitive: Wardrobe03__Body_ON_fabric_green
20:27:38 | INFO: Primitives created: 1
20:27:38 | INFO: Extracting primitive: Wardrobe03__Body_ON_fabric_warm
20:27:38 | INFO: Primitives created: 1
20:27:38 | INFO: Extracting primitive: Wardrobe03__Body_ON_linen
20:27:38 | INFO: Primitives created: 1
20:27:38 | INFO: Extracting primitive: Wardrobe03__Body_ON_metal
20:27:38 | INFO: Primitives created: 1
20:27:38 | INFO: Extracting primitive: Wardrobe03__Body_ON_oak_quartered
20:27:38 | INFO: Primitives created: 1
20:27:38 | INFO: Extracting primitive: Wardrobe03__LeftLeaf_ON_brass
20:27:38 | INFO: Primitives created: 1
20:27:38 | INFO: Extracting primitive: Wardrobe03__LeftLeaf_ON_oak_quartered
20:27:38 | INFO: Primitives created: 1
20:27:38 | INFO: Extracting primitive: Wardrobe03__RightLeaf_ON_brass
20:27:38 | INFO: Primitives created: 1
20:27:38 | INFO: Extracting primitive: Wardrobe03__RightLeaf_ON_oak_quartered
20:27:38 | INFO: Primitives created: 1
20:27:38 | INFO: Extracting primitive: Wardrobe04__Body_ON_brass
20:27:38 | INFO: Primitives created: 1
20:27:38 | INFO: Extracting primitive: Wardrobe04__Body_ON_fabric_cool
20:27:38 | INFO: Primitives created: 1
20:27:38 | INFO: Extracting primitive: Wardrobe04__Body_ON_fabric_green
20:27:38 | INFO: Primitives created: 1
20:27:38 | INFO: Extracting primitive: Wardrobe04__Body_ON_fabric_warm
20:27:38 | INFO: Primitives created: 1
20:27:38 | INFO: Extracting primitive: Wardrobe04__Body_ON_linen
20:27:38 | INFO: Primitives created: 1
20:27:38 | INFO: Extracting primitive: Wardrobe04__Body_ON_metal
20:27:38 | INFO: Primitives created: 1
20:27:38 | INFO: Extracting primitive: Wardrobe04__Body_ON_wood_dark
20:27:38 | INFO: Primitives created: 1
20:27:38 | INFO: Extracting primitive: Wardrobe04__LeftLeaf_ON_brass
20:27:38 | INFO: Primitives created: 1
20:27:38 | INFO: Extracting primitive: Wardrobe04__LeftLeaf_ON_wood_dark
20:27:38 | INFO: Primitives created: 1
20:27:38 | INFO: Extracting primitive: Wardrobe04__RightLeaf_ON_brass
20:27:38 | INFO: Primitives created: 1
20:27:38 | INFO: Extracting primitive: Wardrobe04__RightLeaf_ON_wood_dark
20:27:38 | INFO: Primitives created: 1
20:27:38 | INFO: Extracting primitive: Wardrobe05__Body_ON_brass
20:27:38 | INFO: Primitives created: 1
20:27:38 | INFO: Extracting primitive: Wardrobe05__Body_ON_fabric_cool
20:27:38 | INFO: Primitives created: 1
20:27:38 | INFO: Extracting primitive: Wardrobe05__Body_ON_fabric_green
20:27:38 | INFO: Primitives created: 1
20:27:38 | INFO: Extracting primitive: Wardrobe05__Body_ON_fabric_warm
20:27:38 | INFO: Primitives created: 1
20:27:38 | INFO: Extracting primitive: Wardrobe05__Body_ON_linen
20:27:38 | INFO: Primitives created: 1
20:27:38 | INFO: Extracting primitive: Wardrobe05__Body_ON_metal
20:27:38 | INFO: Primitives created: 1
20:27:38 | INFO: Extracting primitive: Wardrobe05__Body_ON_oak_quartered
20:27:38 | INFO: Primitives created: 1
20:27:38 | INFO: Extracting primitive: Wardrobe05__LeftLeaf_ON_brass
20:27:38 | INFO: Primitives created: 1
20:27:38 | INFO: Extracting primitive: Wardrobe05__LeftLeaf_ON_oak_quartered
20:27:38 | INFO: Primitives created: 1
20:27:38 | INFO: Extracting primitive: Wardrobe05__RightLeaf_ON_brass
20:27:38 | INFO: Primitives created: 1
20:27:38 | INFO: Extracting primitive: Wardrobe05__RightLeaf_ON_oak_quartered
20:27:38 | INFO: Primitives created: 1
20:27:38 | INFO: Extracting primitive: Wardrobe06__Body_ON_brass
20:27:38 | INFO: Primitives created: 1
20:27:38 | INFO: Extracting primitive: Wardrobe06__Body_ON_fabric_cool
20:27:38 | INFO: Primitives created: 1
20:27:38 | INFO: Extracting primitive: Wardrobe06__Body_ON_fabric_green
20:27:38 | INFO: Primitives created: 1
20:27:38 | INFO: Extracting primitive: Wardrobe06__Body_ON_fabric_warm
20:27:38 | INFO: Primitives created: 1
20:27:38 | INFO: Extracting primitive: Wardrobe06__Body_ON_linen
20:27:38 | INFO: Primitives created: 1
20:27:38 | INFO: Extracting primitive: Wardrobe06__Body_ON_metal
20:27:38 | INFO: Primitives created: 1
20:27:38 | INFO: Extracting primitive: Wardrobe06__Body_ON_oak_quartered
20:27:38 | INFO: Primitives created: 1
20:27:38 | INFO: Extracting primitive: Wardrobe06__LeftLeaf_ON_brass
20:27:38 | INFO: Primitives created: 1
20:27:38 | INFO: Extracting primitive: Wardrobe06__LeftLeaf_ON_oak_quartered
20:27:38 | INFO: Primitives created: 1
20:27:38 | INFO: Extracting primitive: Wardrobe06__RightLeaf_ON_brass
20:27:38 | INFO: Primitives created: 1
20:27:38 | INFO: Extracting primitive: Wardrobe06__RightLeaf_ON_oak_quartered
20:27:38 | INFO: Primitives created: 1
20:27:38 | INFO: Extracting primitive: Wardrobe07__Body_ON_brass
20:27:38 | INFO: Primitives created: 1
20:27:38 | INFO: Extracting primitive: Wardrobe07__Body_ON_fabric_cool
20:27:38 | INFO: Primitives created: 1
20:27:38 | INFO: Extracting primitive: Wardrobe07__Body_ON_fabric_green
20:27:38 | INFO: Primitives created: 1
20:27:38 | INFO: Extracting primitive: Wardrobe07__Body_ON_fabric_warm
20:27:38 | INFO: Primitives created: 1
20:27:38 | INFO: Extracting primitive: Wardrobe07__Body_ON_linen
20:27:38 | INFO: Primitives created: 1
20:27:38 | INFO: Extracting primitive: Wardrobe07__Body_ON_metal
20:27:38 | INFO: Primitives created: 1
20:27:38 | INFO: Extracting primitive: Wardrobe07__Body_ON_oak_quartered
20:27:38 | INFO: Primitives created: 1
20:27:38 | INFO: Extracting primitive: Wardrobe07__LeftLeaf_ON_brass
20:27:38 | INFO: Primitives created: 1
20:27:38 | INFO: Extracting primitive: Wardrobe07__LeftLeaf_ON_oak_quartered
20:27:38 | INFO: Primitives created: 1
20:27:38 | INFO: Extracting primitive: Wardrobe07__RightLeaf_ON_brass
20:27:38 | INFO: Primitives created: 1
20:27:38 | INFO: Extracting primitive: Wardrobe07__RightLeaf_ON_oak_quartered
20:27:38 | INFO: Primitives created: 1
20:27:38 | INFO: Extracting primitive: Wardrobe08__Body_ON_brass
20:27:38 | INFO: Primitives created: 1
20:27:38 | INFO: Extracting primitive: Wardrobe08__Body_ON_fabric_cool
20:27:38 | INFO: Primitives created: 1
20:27:38 | INFO: Extracting primitive: Wardrobe08__Body_ON_fabric_green
20:27:38 | INFO: Primitives created: 1
20:27:38 | INFO: Extracting primitive: Wardrobe08__Body_ON_fabric_warm
20:27:38 | INFO: Primitives created: 1
20:27:38 | INFO: Extracting primitive: Wardrobe08__Body_ON_linen
20:27:38 | INFO: Primitives created: 1
20:27:38 | INFO: Extracting primitive: Wardrobe08__Body_ON_metal
20:27:38 | INFO: Primitives created: 1
20:27:38 | INFO: Extracting primitive: Wardrobe08__Body_ON_oak_quartered
20:27:38 | INFO: Primitives created: 1
20:27:38 | INFO: Extracting primitive: Wardrobe08__LeftLeaf_ON_brass
20:27:38 | INFO: Primitives created: 1
20:27:38 | INFO: Extracting primitive: Wardrobe08__LeftLeaf_ON_oak_quartered
20:27:38 | INFO: Primitives created: 1
20:27:38 | INFO: Extracting primitive: Wardrobe08__RightLeaf_ON_brass
20:27:38 | INFO: Primitives created: 1
20:27:38 | INFO: Extracting primitive: Wardrobe08__RightLeaf_ON_oak_quartered
20:27:38 | INFO: Primitives created: 1
20:27:38 | INFO: Extracting primitive: Wardrobe09__Body_ON_brass
20:27:38 | INFO: Primitives created: 1
20:27:38 | INFO: Extracting primitive: Wardrobe09__Body_ON_fabric_cool
20:27:38 | INFO: Primitives created: 1
20:27:38 | INFO: Extracting primitive: Wardrobe09__Body_ON_fabric_green
20:27:38 | INFO: Primitives created: 1
20:27:38 | INFO: Extracting primitive: Wardrobe09__Body_ON_fabric_warm
20:27:38 | INFO: Primitives created: 1
20:27:38 | INFO: Extracting primitive: Wardrobe09__Body_ON_linen
20:27:38 | INFO: Primitives created: 1
20:27:38 | INFO: Extracting primitive: Wardrobe09__Body_ON_metal
20:27:38 | INFO: Primitives created: 1
20:27:38 | INFO: Extracting primitive: Wardrobe09__Body_ON_wood_dark
20:27:38 | INFO: Primitives created: 1
20:27:38 | INFO: Extracting primitive: Wardrobe09__LeftLeaf_ON_brass
20:27:38 | INFO: Primitives created: 1
20:27:38 | INFO: Extracting primitive: Wardrobe09__LeftLeaf_ON_wood_dark
20:27:38 | INFO: Primitives created: 1
20:27:38 | INFO: Extracting primitive: Wardrobe09__RightLeaf_ON_brass
20:27:38 | INFO: Primitives created: 1
20:27:38 | INFO: Extracting primitive: Wardrobe09__RightLeaf_ON_wood_dark
20:27:38 | INFO: Primitives created: 1
20:27:38 | INFO: Extracting primitive: Wardrobe10__Body_ON_brass
20:27:38 | INFO: Primitives created: 1
20:27:38 | INFO: Extracting primitive: Wardrobe10__Body_ON_fabric_cool
20:27:38 | INFO: Primitives created: 1
20:27:38 | INFO: Extracting primitive: Wardrobe10__Body_ON_fabric_green
20:27:38 | INFO: Primitives created: 1
20:27:38 | INFO: Extracting primitive: Wardrobe10__Body_ON_fabric_warm
20:27:38 | INFO: Primitives created: 1
20:27:38 | INFO: Extracting primitive: Wardrobe10__Body_ON_linen
20:27:38 | INFO: Primitives created: 1
20:27:38 | INFO: Extracting primitive: Wardrobe10__Body_ON_metal
20:27:38 | INFO: Primitives created: 1
20:27:38 | INFO: Extracting primitive: Wardrobe10__Body_ON_wood_dark
20:27:38 | INFO: Primitives created: 1
20:27:38 | INFO: Extracting primitive: Wardrobe10__LeftLeaf_ON_brass
20:27:38 | INFO: Primitives created: 1
20:27:38 | INFO: Extracting primitive: Wardrobe10__LeftLeaf_ON_wood_dark
20:27:38 | INFO: Primitives created: 1
20:27:38 | INFO: Extracting primitive: Wardrobe10__RightLeaf_ON_brass
20:27:38 | INFO: Primitives created: 1
20:27:38 | INFO: Extracting primitive: Wardrobe10__RightLeaf_ON_wood_dark
20:27:38 | INFO: Primitives created: 1
20:27:38 | INFO: Extracting primitive: Wardrobe11__Body_ON_brass
20:27:38 | INFO: Primitives created: 1
20:27:38 | INFO: Extracting primitive: Wardrobe11__Body_ON_fabric_cool
20:27:38 | INFO: Primitives created: 1
20:27:38 | INFO: Extracting primitive: Wardrobe11__Body_ON_fabric_green
20:27:38 | INFO: Primitives created: 1
20:27:38 | INFO: Extracting primitive: Wardrobe11__Body_ON_fabric_warm
20:27:38 | INFO: Primitives created: 1
20:27:38 | INFO: Extracting primitive: Wardrobe11__Body_ON_linen
20:27:38 | INFO: Primitives created: 1
20:27:38 | INFO: Extracting primitive: Wardrobe11__Body_ON_metal
20:27:38 | INFO: Primitives created: 1
20:27:38 | INFO: Extracting primitive: Wardrobe11__Body_ON_wood_dark
20:27:38 | INFO: Primitives created: 1
20:27:38 | INFO: Extracting primitive: Wardrobe11__LeftLeaf_ON_brass
20:27:38 | INFO: Primitives created: 1
20:27:38 | INFO: Extracting primitive: Wardrobe11__LeftLeaf_ON_wood_dark
20:27:38 | INFO: Primitives created: 1
20:27:38 | INFO: Extracting primitive: Wardrobe11__RightLeaf_ON_brass
20:27:38 | INFO: Primitives created: 1
20:27:38 | INFO: Extracting primitive: Wardrobe11__RightLeaf_ON_wood_dark
20:27:38 | INFO: Primitives created: 1
20:27:38 | INFO: Extracting primitive: Wardrobe12__Body_ON_brass
20:27:38 | INFO: Primitives created: 1
20:27:38 | INFO: Extracting primitive: Wardrobe12__Body_ON_fabric_cool
20:27:38 | INFO: Primitives created: 1
20:27:38 | INFO: Extracting primitive: Wardrobe12__Body_ON_fabric_green
20:27:38 | INFO: Primitives created: 1
20:27:38 | INFO: Extracting primitive: Wardrobe12__Body_ON_fabric_warm
20:27:38 | INFO: Primitives created: 1
20:27:38 | INFO: Extracting primitive: Wardrobe12__Body_ON_linen
20:27:38 | INFO: Primitives created: 1
20:27:38 | INFO: Extracting primitive: Wardrobe12__Body_ON_metal
20:27:38 | INFO: Primitives created: 1
20:27:38 | INFO: Extracting primitive: Wardrobe12__Body_ON_wood_dark
20:27:38 | INFO: Primitives created: 1
20:27:38 | INFO: Extracting primitive: Wardrobe12__LeftLeaf_ON_brass
20:27:38 | INFO: Primitives created: 1
20:27:38 | INFO: Extracting primitive: Wardrobe12__LeftLeaf_ON_wood_dark
20:27:38 | INFO: Primitives created: 1
20:27:38 | INFO: Extracting primitive: Wardrobe12__RightLeaf_ON_brass
20:27:38 | INFO: Primitives created: 1
20:27:38 | INFO: Extracting primitive: Wardrobe12__RightLeaf_ON_wood_dark
20:27:38 | INFO: Primitives created: 1
20:27:38 | INFO: Finished glTF 2.0 export in 0.9755940437316895 s

HOUSEHOLD WARDROBES 13 original records; 13 assemblies; 884 closed stocks; 143 parts; 447616 triangles; 52 foot contacts
FABRICATION STAGE: art/blender/scripts/inspect_household_wardrobes.py
00:18.750  blend            | Read blend: "C:\PleaseRemainOnTheLine\art\blender\household_wardrobes.blend"
HOUSEHOLD WARDROBES LOCAL: 884 closed stocks; 13 physical groups; 52 local bearings; 143 mapped parts
FABRICATION STAGE: art/blender/scripts/inspect_household_wardrobes_context.py
STORAGE CONTEXT: 22 installations; 88 floor bearings; 0 nearby pairs clear
{"completed_stages": 3, "elapsed_s": 27.198}
Blender 5.2.0 LTS (hash fbe6228777e7 built 2026-07-14 01:35:40)

Blender quit
