00:00.047  reports          | WARNING Unable to open 'C:\Users\nate_\AppData\Roaming\Blender Foundation\Blender\5.2\config\userpref.blend': Permission denied
Blender 5.2.0 LTS (hash fbe6228777e7 built 2026-07-14 01:35:40)
C:\PleaseRemainOnTheLine\art\blender\scripts\build_funeral_fittings.py:48: DeprecationWarning: 'Material.use_nodes' is expected to be removed in Blender 6.0
  mat=bpy.data.materials.new(key);mat.use_nodes=True;materials[key]=mat
Extensions: writing cache failed ([WinError 183] Cannot create a file when that file already exists: 'C:\\Users\\nate_\\AppData\\Roaming\\Blender Foundation\\Blender\\5.2\\extensions\\.cache').
Info: Saved as "funeral_fittings.blend"
INFO Draco is available, use library at C:\Program Files\Blender Foundation\Blender 5.2\5.2\scripts\addons_core\io_scene_gltf2\bf_intern_draco_bridge.dll
INFO MeshOptimizer is available, use library at C:\Program Files\Blender Foundation\Blender 5.2\5.2\scripts\addons_core\io_scene_gltf2\bf_intern_meshopt_bridge.dll
05:24:54 | INFO: Starting glTF 2.0 export
05:24:54 | INFO: Extracting primitive: storm_shop_funeral_parlour_bier__bier_deck
05:24:54 | INFO: Primitives created: 1
05:24:54 | INFO: Extracting primitive: storm_shop_funeral_parlour_bier__bier_frame
05:24:54 | INFO: Primitives created: 1
05:24:54 | INFO: Extracting primitive: storm_shop_funeral_parlour_lectern__book_cover
05:24:54 | INFO: Primitives created: 1
05:24:54 | INFO: Extracting primitive: storm_shop_funeral_parlour_lectern__book_pages
05:24:54 | INFO: Primitives created: 1
05:24:54 | INFO: Extracting primitive: storm_shop_funeral_parlour_lectern__lectern_body
05:24:54 | INFO: Primitives created: 1
05:24:54 | INFO: Extracting primitive: storm_shop_funeral_parlour_lectern__lectern_top
05:24:54 | INFO: Primitives created: 1
05:24:54 | INFO: Finished glTF 2.0 export in 0.019208192825317383 s

FUNERAL FITTINGS 6 original records; 2 assemblies; 29 closed stocks; 6 parts; 5452 triangles; 12 foot contacts

Blender quit
