ERROR:   FAIL  WORK survives v1 -> v1 reconstruction
   at: push_error (core/variant/variant_utility.cpp:1023)
   GDScript backtrace (most recent call first):
       [0] _check (res://tests/open_shift_save_matrix_test.gd:142)
       [1] _exercise (res://tests/open_shift_save_matrix_test.gd:120)
ERROR:   FAIL  WORK survives v2 -> v2 reconstruction
   at: push_error (core/variant/variant_utility.cpp:1023)
   GDScript backtrace (most recent call first):
       [0] _check (res://tests/open_shift_save_matrix_test.gd:142)
       [1] _exercise (res://tests/open_shift_save_matrix_test.gd:120)
ERROR:   FAIL  WORK survives v1 -> v2 reconstruction
   at: push_error (core/variant/variant_utility.cpp:1023)
   GDScript backtrace (most recent call first):
       [0] _check (res://tests/open_shift_save_matrix_test.gd:142)
       [1] _exercise (res://tests/open_shift_save_matrix_test.gd:120)
ERROR:   FAIL  WORK survives v2 -> v1 reconstruction
   at: push_error (core/variant/variant_utility.cpp:1023)
   GDScript backtrace (most recent call first):
       [0] _check (res://tests/open_shift_save_matrix_test.gd:142)
       [1] _exercise (res://tests/open_shift_save_matrix_test.gd:120)
ERROR:   FAIL  IGNORE survives v1 -> v1 reconstruction
   at: push_error (core/variant/variant_utility.cpp:1023)
   GDScript backtrace (most recent call first):
       [0] _check (res://tests/open_shift_save_matrix_test.gd:142)
       [1] _exercise (res://tests/open_shift_save_matrix_test.gd:120)
ERROR:   FAIL  IGNORE survives v2 -> v2 reconstruction
   at: push_error (core/variant/variant_utility.cpp:1023)
   GDScript backtrace (most recent call first):
       [0] _check (res://tests/open_shift_save_matrix_test.gd:142)
       [1] _exercise (res://tests/open_shift_save_matrix_test.gd:120)
ERROR:   FAIL  IGNORE survives v1 -> v2 reconstruction
   at: push_error (core/variant/variant_utility.cpp:1023)
   GDScript backtrace (most recent call first):
       [0] _check (res://tests/open_shift_save_matrix_test.gd:142)
       [1] _exercise (res://tests/open_shift_save_matrix_test.gd:120)
ERROR:   FAIL  IGNORE survives v2 -> v1 reconstruction
   at: push_error (core/variant/variant_utility.cpp:1023)
   GDScript backtrace (most recent call first):
       [0] _check (res://tests/open_shift_save_matrix_test.gd:142)
       [1] _exercise (res://tests/open_shift_save_matrix_test.gd:120)
ERROR:   FAIL  ABANDON survives v1 -> v1 reconstruction
   at: push_error (core/variant/variant_utility.cpp:1023)
   GDScript backtrace (most recent call first):
       [0] _check (res://tests/open_shift_save_matrix_test.gd:142)
       [1] _exercise (res://tests/open_shift_save_matrix_test.gd:120)
ERROR:   FAIL  ABANDON survives v2 -> v2 reconstruction
   at: push_error (core/variant/variant_utility.cpp:1023)
   GDScript backtrace (most recent call first):
       [0] _check (res://tests/open_shift_save_matrix_test.gd:142)
       [1] _exercise (res://tests/open_shift_save_matrix_test.gd:120)
ERROR:   FAIL  ABANDON survives v1 -> v2 reconstruction
   at: push_error (core/variant/variant_utility.cpp:1023)
   GDScript backtrace (most recent call first):
       [0] _check (res://tests/open_shift_save_matrix_test.gd:142)
       [1] _exercise (res://tests/open_shift_save_matrix_test.gd:120)
ERROR:   FAIL  ABANDON survives v2 -> v1 reconstruction
   at: push_error (core/variant/variant_utility.cpp:1023)
   GDScript backtrace (most recent call first):
       [0] _check (res://tests/open_shift_save_matrix_test.gd:142)
       [1] _exercise (res://tests/open_shift_save_matrix_test.gd:120)
ERROR:   FAIL  MEDDLE survives v1 -> v1 reconstruction
   at: push_error (core/variant/variant_utility.cpp:1023)
   GDScript backtrace (most recent call first):
       [0] _check (res://tests/open_shift_save_matrix_test.gd:142)
       [1] _exercise (res://tests/open_shift_save_matrix_test.gd:120)
ERROR:   FAIL  MEDDLE survives v2 -> v2 reconstruction
   at: push_error (core/variant/variant_utility.cpp:1023)
   GDScript backtrace (most recent call first):
       [0] _check (res://tests/open_shift_save_matrix_test.gd:142)
       [1] _exercise (res://tests/open_shift_save_matrix_test.gd:120)
ERROR:   FAIL  MEDDLE survives v1 -> v2 reconstruction
   at: push_error (core/variant/variant_utility.cpp:1023)
   GDScript backtrace (most recent call first):
       [0] _check (res://tests/open_shift_save_matrix_test.gd:142)
       [1] _exercise (res://tests/open_shift_save_matrix_test.gd:120)
ERROR:   FAIL  MEDDLE survives v2 -> v1 reconstruction
   at: push_error (core/variant/variant_utility.cpp:1023)
   GDScript backtrace (most recent call first):
       [0] _check (res://tests/open_shift_save_matrix_test.gd:142)
       [1] _exercise (res://tests/open_shift_save_matrix_test.gd:120)
