Godot Engine v4.7.1.stable.official.a13da4feb - https://godotengine.org
Vulkan 1.4.341 - Forward+ - Using Device #0: NVIDIA - NVIDIA GeForce RTX 4080

[ACOUSTIC] 550 nodes loaded
ORISON V2 BLOCKOUT: 61 spaces / 26 doors / 87 anchors
[SURFACE] 320 surfaces layered (293 materials)
[PASSAGE HOURS] OPEN; 10 grilles folded
[PASSAGE HOURS] 11 shopfronts, 10 close after 02:00, HARDWARE PAINT keeps night service
[PASSAGE FINISH] 6 gated draws, 3 handcarts, hours active
[V2 PASSAGE] 13 resident cells; 11 doors; 1 shared-service counters
[SCHEDULE] director live: 18 residents on the clock
[ORISON V2 RUNTIME] ready startup_ms=4122.780
[LIGHTING] 57 sources active in system; 57 full personalities; profiles steady/breathe/mains/beat/dropout=[11, 10, 12, 17, 7]
SWITCH TARGET F03_B_MAIN_SWITCH feet=(-12.34, 6.42, -9.950001) hit=F03_B_MAIN_SWITCH:<StaticBody3D#286202537235> at=(-11.665, 7.533192, -9.950001)
[SWITCHES] F03_B_MAIN -> off (1 fixtures)
[SWITCHES] F03_B_MAIN -> on (1 fixtures)
SWITCH TARGET F03_B_KITCHEN_SWITCH feet=(-10.34, 6.42, -4.1) hit=F03_B_KITCHEN_SWITCH:<StaticBody3D#286387086637> at=(-9.665, 7.533192, -4.1)
[SWITCHES] F03_B_KITCHEN -> off (1 fixtures)
[SWITCHES] F03_B_KITCHEN -> on (1 fixtures)
SWITCH TARGET F03_B_ALCOVE_SWITCH feet=(-12.16, 6.42, -1.85) hit=F03_B_ALCOVE_SWITCH:<StaticBody3D#286504527156> at=(-12.835, 7.533192, -1.85)
[SWITCHES] F03_B_ALCOVE -> off (1 fixtures)
[SWITCHES] F03_B_ALCOVE -> on (1 fixtures)
SWITCH TARGET F03_B_BATH_SWITCH feet=(-14.8, 6.42, -1.01) hit=F03_B_BATH_SWITCH:<StaticBody3D#286621967675> at=(-14.8, 7.533192, -1.685)
[SWITCHES] F03_B_BATH -> off (1 fixtures)
[SWITCHES] F03_B_BATH -> on (1 fixtures)
ORISON V2 BLOCKOUT: 61 spaces / 26 doors / 87 anchors
[SURFACE] 320 surfaces layered (293 materials)
[PASSAGE HOURS] OPEN; 10 grilles folded
[PASSAGE HOURS] 11 shopfronts, 10 close after 02:00, HARDWARE PAINT keeps night service
[PASSAGE FINISH] 6 gated draws, 3 handcarts, hours active
[V2 PASSAGE] 13 resident cells; 11 doors; 1 shared-service counters
[SCHEDULE] director live: 18 residents on the clock
[ORISON V2 RUNTIME] ready startup_ms=2836.084
[LIGHTING] 57 sources active in system; 57 full personalities; profiles steady/breathe/mains/beat/dropout=[11, 10, 12, 17, 7]
SWITCH TARGET F03_B_MAIN_SWITCH feet=(-12.34, 6.42, -9.950001) hit=F03_B_MAIN_SWITCH:<StaticBody3D#1641432493873> at=(-11.665, 7.533192, -9.950001)
[SWITCHES] F03_B_MAIN -> off (1 fixtures)
[SWITCHES] F03_B_MAIN -> on (1 fixtures)
SWITCH TARGET F03_B_KITCHEN_SWITCH feet=(-10.34, 6.42, -4.1) hit=F03_B_KITCHEN_SWITCH:<StaticBody3D#1641549934432> at=(-9.665, 7.533192, -4.1)
[SWITCHES] F03_B_KITCHEN -> off (1 fixtures)
[SWITCHES] F03_B_KITCHEN -> on (1 fixtures)
SWITCH TARGET F03_B_ALCOVE_SWITCH feet=(-12.16, 6.42, -1.85) hit=F03_B_ALCOVE_SWITCH:<StaticBody3D#1641667375073> at=(-12.835, 7.533192, -1.85)
[SWITCHES] F03_B_ALCOVE -> off (1 fixtures)
[SWITCHES] F03_B_ALCOVE -> on (1 fixtures)
SWITCH TARGET F03_B_BATH_SWITCH feet=(-14.8, 6.42, -1.01) hit=F03_B_BATH_SWITCH:<StaticBody3D#1641784815586> at=(-14.8, 7.533192, -1.685)
[SWITCHES] F03_B_BATH -> off (1 fixtures)
[SWITCHES] F03_B_BATH -> on (1 fixtures)
CONNECTED WORLD: 369 checks; 0 failures
