Godot Engine v4.7.1.stable.official.a13da4feb - https://godotengine.org
Vulkan 1.4.341 - Forward+ - Using Device #0: NVIDIA - NVIDIA GeForce RTX 4080

[ACOUSTIC] 550 nodes loaded
ORISON V2 BLOCKOUT: 61 spaces / 26 doors / 87 anchors
[SURFACE] 320 surfaces layered (293 materials)
[PASSAGE HOURS] OPEN; 10 grilles folded
[PASSAGE HOURS] 11 shopfronts, 10 close after 02:00, HARDWARE PAINT keeps night service
[PASSAGE FINISH] 6 gated draws, 3 handcarts, hours active
[V2 PASSAGE] 13 resident cells; 11 doors; 1 shared-service counters
[SCHEDULE] director live: 18 residents on the clock
[ORISON V2 RUNTIME] ready startup_ms=4112.640
[LIGHTING] 56 sources active in system; 56 full personalities; profiles steady/breathe/mains/beat/dropout=[10, 10, 12, 17, 7]
CONNECTED EXTERIOR CHECK: incomplete placement refused without partial mutation = true
CONNECTED EXTERIOR CHECK: complaint dialogue releases movement = true
CONNECTED EXTERIOR CHECK: evidence rests at V2 desk height = true
CONNECTED EXTERIOR CHECK: case evidence has physical support = true
CONNECTED EXTERIOR CHECK: actual player ray/prompt reaches case_evidence_0 = true
CONNECTED EXTERIOR CHECK: evidence rests at V2 desk height = true
CONNECTED EXTERIOR CHECK: case evidence has physical support = true
CONNECTED EXTERIOR CHECK: actual player ray/prompt reaches case_evidence_1 = true
CONNECTED EXTERIOR CHECK: evidence rests at V2 desk height = true
CONNECTED EXTERIOR CHECK: case evidence has physical support = true
CONNECTED EXTERIOR CHECK: actual player ray/prompt reaches case_evidence_2 = true
CONNECTED EXTERIOR CHECK: actual player ray/prompt reaches case_calibrator = true
CONNECTED EXTERIOR CHECK: recurrence letter sits inside the V2 home threshold = true
V2 CASE ONE PLACEMENT: 21 waypoints; 0 failures
