orison spatial dependency audit (check)
records: 6990  tiers: data=3889, production=955, scene=5, test=2141
authority: DATA_FOREIGN_KEY=3889, DEBUG_ONLY=12, GENERATED_IDENTITY=362, RUNTIME_LOOKUP=810, SAVE_CONTRACT=16, SCENE_NODE_PATH=266, TEST_CONTRACT=2141
spatial: ASSET_PATH=347, CAMERA_STATION=260, CONTAINMENT_ASSUMPTION=10, DERIVED_LAYOUT_LOOKUP=30, DISTANCE_THRESHOLD=10, FLOOR_MEMBERSHIP=371, RAW_GODOT_COORDINATE=233, RAW_PLAN_COORDINATE=76, ROOM_MEMBERSHIP=681, SEMANTIC_ANCHOR=4263, UNKNOWN_DYNAMIC=108
disposition: MUST_PRESERVE_ID=107, OWNER_DECISION=1, PRESERVE_OR_ALIAS=4552, REGENERATE_CONSUMER=130, REPLACE_WITH_NAMED_ANCHOR=52, SAFE_TO_CHANGE=5, UNRESOLVED=107, UPDATE_TEST_FIXTURE=2036
vector3 literals: 4965 total, 3883 stats-only (local/presentation)
NEW unclassified (FAIL): 0
classification changes (FAIL): 0
targets vanished (FAIL): 0
save-contract unresolved (FAIL): 0
stale preserved records (STALE): 0
new incidental (report only): 0
cleanup opportunities: 6
  - asset_path:game/tests/debug_in_pause_test.gd:res://scenes/building/orison_root.tscn [test]
  - asset_path:game/tests/dream_ecology_entry_test.gd:res://scenes/building/orison_root.tscn [test]
  - vector3_coordinate:game/tests/orison_v2_vertical_route_test.gd:_run [test]
  - asset_path:game/tests/zoo_teleport_test.gd:res://scenes/building/orison_root.tscn [test]
  - vector3_coordinate:game/tests/orison_v2_basement_route_test.gd:_prepare_player_start [test]
  - generated_name:game/scripts/building/orison_v2_shop_seating.gd:mount_cell [production]
result: clean
