FABRICATION STAGE: art/blender/scripts/build_domestic_seating.py
C:\PleaseRemainOnTheLine\art\blender\scripts\build_domestic_seating.py:70: DeprecationWarning: 'Material.use_nodes' is expected to be removed in Blender 6.0
  mat=bpy.data.materials.new(key);mat.use_nodes=True;materials[key]=mat
Traceback (most recent call last):
  File "C:\PleaseRemainOnTheLine\art\blender\scripts\run_fabrication_batch.py", line 79, in <module>
    if __name__ == '__main__': main()
                               ~~~~^^
  File "C:\PleaseRemainOnTheLine\art\blender\scripts\run_fabrication_batch.py", line 72, in main
    results = execute(stages)
  File "C:\PleaseRemainOnTheLine\art\blender\scripts\run_fabrication_batch.py", line 47, in execute
    runpy.run_path(sys.argv[0], run_name='__main__')
    ~~~~~~~~~~~~~~^^^^^^^^^^^^^^^^^^^^^^^^^^^^^^^^^^
  File "<frozen runpy>", line 287, in run_path
  File "<frozen runpy>", line 98, in _run_module_code
  File "<frozen runpy>", line 88, in _run_code
  File "C:\PleaseRemainOnTheLine\art\blender\scripts\build_domestic_seating.py", line 252, in <module>
    ns,us,values,local=triangle_charts(points,origin,sets[key]['meters_per_tile'],rotations,long_grain);fallbacks+=local
                       ~~~~~~~~~~~~~~~^^^^^^^^^^^^^^^^^^^^^^^^^^^^^^^^^^^^^^^^^^^^^^^^^^^^^^^^^^^^^^^^^
  File "C:\PleaseRemainOnTheLine\art\blender\scripts\fabrication_chart_batch.py", line 13, in triangle_charts
    assert np.all(length>0) and np.isfinite(points).all()
           ^^^^^^^^^^^^^^^^^^^^^^^^^^^^^^^^^^^^^^^^^^^^^^
AssertionError

Error: script failed, file: 'art/blender/scripts/run_fabrication_batch.py', exiting.
Blender 5.2.0 LTS (hash fbe6228777e7 built 2026-07-14 01:35:40)

Blender quit
