Godot Engine v4.7.1.stable.official.a13da4feb - https://godotengine.org
Vulkan 1.4.341 - Forward+ - Using Device #0: NVIDIA - NVIDIA GeForce RTX 4080

[ACOUSTIC] 550 nodes loaded
[V2 UPPER LIGHTING TIMING] stage=setup elapsed=0.001 remaining=53.999
[V2 UPPER LIGHTING BUDGET] stage=setup outstanding=15 reserve=7.250 slack=46.747
ORISON V2 BLOCKOUT: 136 spaces / 65 doors / 687 anchors
[SURFACE] 323 surfaces layered (296 materials)
[PASSAGE HOURS] OPEN; 10 grilles folded
[PASSAGE HOURS] 11 shopfronts, 10 close after 02:00, HARDWARE PAINT keeps night service
[PASSAGE FINISH] 6 gated draws, 3 handcarts, hours active
[V2 PASSAGE] 13 resident cells; 11 doors; 1 shared-service counters
[SCHEDULE] director live: 18 residents on the clock
[MOVES] personal library: res://assets/characters/mina_vale/mina_vale_moves.glb
[ORISON V2 RUNTIME] ready startup_ms=8799.513
[SWITCHES] F05_A_MAIN -> off (1 fixtures)
[LIGHTING] 133 sources active in system; 133 full personalities; profiles steady/breathe/mains/beat/dropout=[30, 25, 28, 28, 22]
[V2 UPPER LIGHTING TIMING] stage=5a_drafting_off elapsed=9.324 remaining=44.676
[V2 UPPER LIGHTING BUDGET] stage=5a_drafting_off outstanding=15 reserve=7.250 slack=37.425
[V2 UPPER LIGHTING CAPTURE] 1/15 label=5a_drafting_off elapsed=9.595 path=C:\PleaseRemainOnTheLine-astra\design\astra\evidence\v2_upper_lighting_01\rooms_02/5a_drafting_off.png
[SWITCHES] F05_A_MAIN -> on (1 fixtures)
[V2 UPPER LIGHTING TIMING] stage=5a_drafting_on elapsed=10.358 remaining=43.642
[V2 UPPER LIGHTING BUDGET] stage=5a_drafting_on outstanding=14 reserve=6.900 slack=36.741
[V2 UPPER LIGHTING CAPTURE] 2/15 label=5a_drafting_on elapsed=10.689 path=C:\PleaseRemainOnTheLine-astra\design\astra\evidence\v2_upper_lighting_01\rooms_02/5a_drafting_on.png
[V2 UPPER LIGHTING TIMING] stage=5a_drafting_lamp elapsed=11.401 remaining=42.599
[V2 UPPER LIGHTING BUDGET] stage=5a_drafting_lamp outstanding=13 reserve=6.550 slack=36.048
[V2 UPPER LIGHTING CAPTURE] 3/15 label=5a_drafting_lamp elapsed=11.735 path=C:\PleaseRemainOnTheLine-astra\design\astra\evidence\v2_upper_lighting_01\rooms_02/5a_drafting_lamp.png
[SWITCHES] F05_B_KITCHEN -> off (1 fixtures)
[V2 UPPER LIGHTING TIMING] stage=5b_kitchen_off elapsed=14.441 remaining=39.559
[V2 UPPER LIGHTING BUDGET] stage=5b_kitchen_off outstanding=12 reserve=6.200 slack=33.354
[V2 UPPER LIGHTING CAPTURE] 4/15 label=5b_kitchen_off elapsed=14.733 path=C:\PleaseRemainOnTheLine-astra\design\astra\evidence\v2_upper_lighting_01\rooms_02/5b_kitchen_off.png
[SWITCHES] F05_B_KITCHEN -> on (1 fixtures)
[V2 UPPER LIGHTING TIMING] stage=5b_kitchen_on elapsed=15.503 remaining=38.497
[V2 UPPER LIGHTING BUDGET] stage=5b_kitchen_on outstanding=11 reserve=5.850 slack=32.642
[V2 UPPER LIGHTING CAPTURE] 5/15 label=5b_kitchen_on elapsed=15.816 path=C:\PleaseRemainOnTheLine-astra\design\astra\evidence\v2_upper_lighting_01\rooms_02/5b_kitchen_on.png
[V2 UPPER LIGHTING TIMING] stage=5b_kitchen_lamp elapsed=16.564 remaining=37.436
[V2 UPPER LIGHTING BUDGET] stage=5b_kitchen_lamp outstanding=10 reserve=5.500 slack=31.932
[V2 UPPER LIGHTING CAPTURE] 6/15 label=5b_kitchen_lamp elapsed=16.875 path=C:\PleaseRemainOnTheLine-astra\design\astra\evidence\v2_upper_lighting_01\rooms_02/5b_kitchen_lamp.png
[SWITCHES] F05_C_BED1 -> off (1 fixtures)
[V2 UPPER LIGHTING TIMING] stage=5c_bedroom_off elapsed=19.606 remaining=34.394
[V2 UPPER LIGHTING BUDGET] stage=5c_bedroom_off outstanding=9 reserve=5.150 slack=29.239
[V2 UPPER LIGHTING CAPTURE] 7/15 label=5c_bedroom_off elapsed=19.904 path=C:\PleaseRemainOnTheLine-astra\design\astra\evidence\v2_upper_lighting_01\rooms_02/5c_bedroom_off.png
[SWITCHES] F05_C_BED1 -> on (1 fixtures)
[V2 UPPER LIGHTING TIMING] stage=5c_bedroom_on elapsed=20.663 remaining=33.337
[V2 UPPER LIGHTING BUDGET] stage=5c_bedroom_on outstanding=8 reserve=4.800 slack=28.532
[V2 UPPER LIGHTING CAPTURE] 8/15 label=5c_bedroom_on elapsed=20.992 path=C:\PleaseRemainOnTheLine-astra\design\astra\evidence\v2_upper_lighting_01\rooms_02/5c_bedroom_on.png
[V2 UPPER LIGHTING TIMING] stage=5c_bedroom_lamp elapsed=21.724 remaining=32.276
[V2 UPPER LIGHTING BUDGET] stage=5c_bedroom_lamp outstanding=7 reserve=4.450 slack=27.824
[V2 UPPER LIGHTING CAPTURE] 9/15 label=5c_bedroom_lamp elapsed=22.053 path=C:\PleaseRemainOnTheLine-astra\design\astra\evidence\v2_upper_lighting_01\rooms_02/5c_bedroom_lamp.png
[SWITCHES] F06_A_STUDY -> off (1 fixtures)
[V2 UPPER LIGHTING TIMING] stage=6a_workdesk_off elapsed=24.768 remaining=29.232
[V2 UPPER LIGHTING BUDGET] stage=6a_workdesk_off outstanding=6 reserve=4.100 slack=25.131
[V2 UPPER LIGHTING CAPTURE] 10/15 label=6a_workdesk_off elapsed=25.050 path=C:\PleaseRemainOnTheLine-astra\design\astra\evidence\v2_upper_lighting_01\rooms_02/6a_workdesk_off.png
[SWITCHES] F06_A_STUDY -> on (1 fixtures)
[V2 UPPER LIGHTING TIMING] stage=6a_workdesk_on elapsed=25.765 remaining=28.235
[V2 UPPER LIGHTING BUDGET] stage=6a_workdesk_on outstanding=5 reserve=3.750 slack=24.483
[V2 UPPER LIGHTING CAPTURE] 11/15 label=6a_workdesk_on elapsed=26.051 path=C:\PleaseRemainOnTheLine-astra\design\astra\evidence\v2_upper_lighting_01\rooms_02/6a_workdesk_on.png
[V2 UPPER LIGHTING TIMING] stage=6a_workdesk_lamp elapsed=26.826 remaining=27.174
[V2 UPPER LIGHTING BUDGET] stage=6a_workdesk_lamp outstanding=4 reserve=3.400 slack=23.773
[V2 UPPER LIGHTING CAPTURE] 12/15 label=6a_workdesk_lamp elapsed=27.119 path=C:\PleaseRemainOnTheLine-astra\design\astra\evidence\v2_upper_lighting_01\rooms_02/6a_workdesk_lamp.png
[SWITCHES] F06_C_MAIN -> off (1 fixtures)
[V2 UPPER LIGHTING TIMING] stage=6c_sitting_off elapsed=29.866 remaining=24.134
[V2 UPPER LIGHTING BUDGET] stage=6c_sitting_off outstanding=3 reserve=3.050 slack=21.083
[V2 UPPER LIGHTING CAPTURE] 13/15 label=6c_sitting_off elapsed=30.147 path=C:\PleaseRemainOnTheLine-astra\design\astra\evidence\v2_upper_lighting_01\rooms_02/6c_sitting_off.png
[SWITCHES] F06_C_MAIN -> on (1 fixtures)
[V2 UPPER LIGHTING TIMING] stage=6c_sitting_on elapsed=30.907 remaining=23.093
[V2 UPPER LIGHTING BUDGET] stage=6c_sitting_on outstanding=2 reserve=2.700 slack=20.389
[V2 UPPER LIGHTING CAPTURE] 14/15 label=6c_sitting_on elapsed=31.213 path=C:\PleaseRemainOnTheLine-astra\design\astra\evidence\v2_upper_lighting_01\rooms_02/6c_sitting_on.png
[V2 UPPER LIGHTING TIMING] stage=6c_sitting_lamp elapsed=31.988 remaining=22.012
[V2 UPPER LIGHTING BUDGET] stage=6c_sitting_lamp outstanding=1 reserve=2.350 slack=19.653
[V2 UPPER LIGHTING CAPTURE] 15/15 label=6c_sitting_lamp elapsed=32.293 path=C:\PleaseRemainOnTheLine-astra\design\astra\evidence\v2_upper_lighting_01\rooms_02/6c_sitting_lamp.png
[V2 UPPER LIGHTING TIMING] stage=finish elapsed=32.294 remaining=21.706
[V2 UPPER LIGHTING BUDGET] stage=finish outstanding=0 reserve=2.000 slack=19.705
[V2 UPPER LIGHTING] RESULT: PASS captures=15 expected=15 elapsed=32.296
