warning: in the working copy of 'design/astra/DECISION_LOG.md', LF will be replaced by CRLF the next time Git touches it
warning: in the working copy of 'design/astra/INTEGRATION_REGISTER.md', LF will be replaced by CRLF the next time Git touches it
warning: in the working copy of 'design/astra/LIVE_STATE.json', LF will be replaced by CRLF the next time Git touches it
warning: in the working copy of 'design/astra/MASTER_COMPLETION_LEDGER.json', LF will be replaced by CRLF the next time Git touches it
warning: in the working copy of 'design/astra/MASTER_COMPLETION_LEDGER.md', LF will be replaced by CRLF the next time Git touches it
warning: in the working copy of 'design/astra/PLAYTEST_FINDINGS.md', LF will be replaced by CRLF the next time Git touches it
warning: in the working copy of 'design/astra/RELEASE_EVIDENCE_MATRIX.md', LF will be replaced by CRLF the next time Git touches it
warning: in the working copy of 'design/astra/RISK_REGISTER.md', LF will be replaced by CRLF the next time Git touches it
warning: in the working copy of 'design/astra/reviews/production_obligations.json', LF will be replaced by CRLF the next time Git touches it
warning: in the working copy of 'game/scripts/reality/apartment_encroachment.gd', LF will be replaced by CRLF the next time Git touches it
warning: in the working copy of 'game/tests/passage_visibility_test.gd', LF will be replaced by CRLF the next time Git touches it
warning: in the working copy of 'game/tests/street_core_visibility_test.gd', LF will be replaced by CRLF the next time Git touches it
warning: in the working copy of 'design/astra/reviews/apartment_material_binding_review.md', LF will be replaced by CRLF the next time Git touches it
warning: in the working copy of 'design/astra/reviews/carry_reparent_policy_review.json', LF will be replaced by CRLF the next time Git touches it
warning: in the working copy of 'design/astra/reviews/carry_reparent_policy_review.md', LF will be replaced by CRLF the next time Git touches it
warning: in the working copy of 'design/astra/reviews/final_v1_material_execution_review.md', LF will be replaced by CRLF the next time Git touches it
warning: in the working copy of 'design/astra/reviews/material_floor_admission_composed_review.md', LF will be replaced by CRLF the next time Git touches it
warning: in the working copy of 'design/astra/reviews/material_one_census_visual_review.md', LF will be replaced by CRLF the next time Git touches it
warning: in the working copy of 'design/astra/reviews/one_census_matched_execution_review.md', LF will be replaced by CRLF the next time Git touches it
warning: in the working copy of 'design/astra/reviews/viewport_guard_final_01_review.md', LF will be replaced by CRLF the next time Git touches it
warning: in the working copy of 'design/astra/reviews/vulkan_pair_bookkeeping_attribution.md', LF will be replaced by CRLF the next time Git touches it
warning: in the working copy of 'game/tests/ApartmentMaterialBindingTest.tscn', LF will be replaced by CRLF the next time Git touches it
warning: in the working copy of 'game/tests/EncroachmentSweepEquivalenceTest.tscn', LF will be replaced by CRLF the next time Git touches it
warning: in the working copy of 'game/tests/VulkanComposedRootTest.tscn', LF will be replaced by CRLF the next time Git touches it
warning: in the working copy of 'game/tests/WardrobeFloorAdmissionTest.tscn', LF will be replaced by CRLF the next time Git touches it
warning: in the working copy of 'game/tests/apartment_material_binding_test.gd', LF will be replaced by CRLF the next time Git touches it
warning: in the working copy of 'game/tests/encroachment_sweep_equivalence_test.gd', LF will be replaced by CRLF the next time Git touches it
warning: in the working copy of 'game/tests/fixtures/encroachment_sweep/baseline.gd', LF will be replaced by CRLF the next time Git touches it
warning: in the working copy of 'game/tests/fixtures/encroachment_sweep/candidate.gd', LF will be replaced by CRLF the next time Git touches it
warning: in the working copy of 'game/tests/fixtures/encroachment_sweep/drop_late.gd', LF will be replaced by CRLF the next time Git touches it
warning: in the working copy of 'game/tests/fixtures/encroachment_sweep/priority.gd', LF will be replaced by CRLF the next time Git touches it
warning: in the working copy of 'game/tests/vulkan_composed_root_test.gd', LF will be replaced by CRLF the next time Git touches it
warning: in the working copy of 'game/tests/wardrobe_floor_admission_test.gd', LF will be replaced by CRLF the next time Git touches it
