Godot Engine v4.7.1.stable.official.a13da4feb - https://godotengine.org
Vulkan 1.4.341 - Forward+ - Using Device #0: NVIDIA - NVIDIA GeForce RTX 4080

[ACOUSTIC] 550 nodes loaded
ORISON V2 BLOCKOUT: 62 spaces / 27 doors / 94 anchors
[SURFACE] 320 surfaces layered (293 materials)
[PASSAGE HOURS] OPEN; 10 grilles folded
[PASSAGE HOURS] 11 shopfronts, 10 close after 02:00, HARDWARE PAINT keeps night service
[PASSAGE FINISH] 6 gated draws, 3 handcarts, hours active
[V2 PASSAGE] 13 resident cells; 11 doors; 1 shared-service counters
[SCHEDULE] director live: 18 residents on the clock
[MOVES] personal library: res://assets/characters/mina_vale/mina_vale_moves.glb
[ORISON V2 RUNTIME] ready startup_ms=4335.879
[LIGHTING] 58 sources active in system; 58 full personalities; profiles steady/breathe/mains/beat/dropout=[12, 10, 12, 17, 7]
SWITCH TARGET B1_LAUNDRY_SWITCH feet=(3.000001, -3.18, -9.249999) hit=B1_LAUNDRY_SWITCH:<StaticBody3D#304254822258> at=(2.325001, -2.066808, -9.249999)
[SWITCHES] B1_LAUNDRY -> off (1 fixtures)
[SWITCHES] B1_LAUNDRY -> on (1 fixtures)
SWITCH TARGET F02_A_MAIN_SWITCH feet=(8.35, 3.22, -9.649999) hit=F02_A_MAIN_SWITCH:<StaticBody3D#304439371660> at=(7.675001, 4.333191, -9.649999)
[SWITCHES] F02_A_MAIN -> off (1 fixtures)
[SWITCHES] F02_A_MAIN -> on (1 fixtures)
SWITCH TARGET F03_B_MAIN_SWITCH feet=(-12.34, 6.42, -9.950001) hit=F03_B_MAIN_SWITCH:<StaticBody3D#304556812179> at=(-11.665, 7.533192, -9.950001)
[SWITCHES] F03_B_MAIN -> off (1 fixtures)
[SWITCHES] F03_B_MAIN -> on (1 fixtures)
SWITCH TARGET F03_B_KITCHEN_SWITCH feet=(-10.34, 6.42, -4.1) hit=F03_B_KITCHEN_SWITCH:<StaticBody3D#304674252698> at=(-9.665, 7.533192, -4.1)
[SWITCHES] F03_B_KITCHEN -> off (1 fixtures)
[SWITCHES] F03_B_KITCHEN -> on (1 fixtures)
SWITCH TARGET F03_B_ALCOVE_SWITCH feet=(-12.16, 6.42, -1.85) hit=F03_B_ALCOVE_SWITCH:<StaticBody3D#304791693217> at=(-12.835, 7.533192, -1.85)
[SWITCHES] F03_B_ALCOVE -> off (1 fixtures)
[SWITCHES] F03_B_ALCOVE -> on (1 fixtures)
SWITCH TARGET F03_B_BATH_SWITCH feet=(-14.8, 6.42, -1.01) hit=F03_B_BATH_SWITCH:<StaticBody3D#304909133736> at=(-14.8, 7.533192, -1.685)
[SWITCHES] F03_B_BATH -> off (1 fixtures)
[SWITCHES] F03_B_BATH -> on (1 fixtures)
ORISON V2 BLOCKOUT: 62 spaces / 27 doors / 94 anchors
[SURFACE] 320 surfaces layered (293 materials)
[PASSAGE HOURS] OPEN; 10 grilles folded
[PASSAGE HOURS] 11 shopfronts, 10 close after 02:00, HARDWARE PAINT keeps night service
[PASSAGE FINISH] 6 gated draws, 3 handcarts, hours active
[V2 PASSAGE] 13 resident cells; 11 doors; 1 shared-service counters
[SCHEDULE] director live: 18 residents on the clock
[MOVES] personal library: res://assets/characters/mina_vale/mina_vale_moves.glb
[ORISON V2 RUNTIME] ready startup_ms=2936.396
[LIGHTING] 58 sources active in system; 58 full personalities; profiles steady/breathe/mains/beat/dropout=[12, 10, 12, 17, 7]
SWITCH TARGET B1_LAUNDRY_SWITCH feet=(3.000001, -3.18, -9.249999) hit=B1_LAUNDRY_SWITCH:<StaticBody3D#1739881198714> at=(2.325001, -2.066808, -9.249999)
[SWITCHES] B1_LAUNDRY -> off (1 fixtures)
[SWITCHES] B1_LAUNDRY -> on (1 fixtures)
SWITCH TARGET F02_A_MAIN_SWITCH feet=(8.35, 3.22, -9.649999) hit=F02_A_MAIN_SWITCH:<StaticBody3D#1739998639756> at=(7.675001, 4.333191, -9.649999)
[SWITCHES] F02_A_MAIN -> off (1 fixtures)
[SWITCHES] F02_A_MAIN -> on (1 fixtures)
SWITCH TARGET F03_B_MAIN_SWITCH feet=(-12.34, 6.42, -9.950001) hit=F03_B_MAIN_SWITCH:<StaticBody3D#1740116079754> at=(-11.665, 7.533192, -9.950001)
[SWITCHES] F03_B_MAIN -> off (1 fixtures)
[SWITCHES] F03_B_MAIN -> on (1 fixtures)
SWITCH TARGET F03_B_KITCHEN_SWITCH feet=(-10.34, 6.42, -4.1) hit=F03_B_KITCHEN_SWITCH:<StaticBody3D#1740233520269> at=(-9.665, 7.533192, -4.1)
[SWITCHES] F03_B_KITCHEN -> off (1 fixtures)
[SWITCHES] F03_B_KITCHEN -> on (1 fixtures)
SWITCH TARGET F03_B_ALCOVE_SWITCH feet=(-12.16, 6.42, -1.85) hit=F03_B_ALCOVE_SWITCH:<StaticBody3D#1740350960613> at=(-12.835, 7.533192, -1.85)
[SWITCHES] F03_B_ALCOVE -> off (1 fixtures)
[SWITCHES] F03_B_ALCOVE -> on (1 fixtures)
SWITCH TARGET F03_B_BATH_SWITCH feet=(-14.8, 6.42, -1.01) hit=F03_B_BATH_SWITCH:<StaticBody3D#1740468401123> at=(-14.8, 7.533192, -1.685)
[SWITCHES] F03_B_BATH -> off (1 fixtures)
[SWITCHES] F03_B_BATH -> on (1 fixtures)
CONNECTED WORLD: 521 checks; 0 failures
