Godot Engine v4.7.1.stable.official.a13da4feb - https://godotengine.org
Vulkan 1.4.341 - Forward+ - Using Device #0: NVIDIA - NVIDIA GeForce RTX 4080

[ACOUSTIC] 550 nodes loaded
ORISON V2 BLOCKOUT: 62 spaces / 27 doors / 94 anchors
[SURFACE] 320 surfaces layered (293 materials)
[PASSAGE HOURS] OPEN; 10 grilles folded
[PASSAGE HOURS] 11 shopfronts, 10 close after 02:00, HARDWARE PAINT keeps night service
[PASSAGE FINISH] 6 gated draws, 3 handcarts, hours active
[V2 PASSAGE] 13 resident cells; 11 doors; 1 shared-service counters
[SCHEDULE] director live: 18 residents on the clock
[MOVES] personal library: res://assets/characters/mina_vale/mina_vale_moves.glb
[ORISON V2 RUNTIME] ready startup_ms=6903.716
[LIGHTING] 58 sources active in system; 58 full personalities; profiles steady/breathe/mains/beat/dropout=[12, 10, 12, 17, 7]
CONNECTED EXTERIOR CHECK: actual player ray/prompt reaches laundry_door = true
CONNECTED EXTERIOR CHECK: actual player ray/prompt reaches laundry_switch_false = true
[SWITCHES] B1_LAUNDRY -> off (1 fixtures)
CONNECTED EXTERIOR CHECK: laundry switch controls its actual fixture = true
CONNECTED EXTERIOR CHECK: actual player ray/prompt reaches laundry_switch_true = true
[SWITCHES] B1_LAUNDRY -> on (1 fixtures)
CONNECTED EXTERIOR CHECK: laundry switch controls its actual fixture = true
CONNECTED EXTERIOR CHECK: actual player ray/prompt reaches washer_lid = true
CONNECTED EXTERIOR CHECK: physical washer lid opens = true
CONNECTED EXTERIOR CHECK: actual player ray/prompt reaches airer_rope = true
CONNECTED EXTERIOR CHECK: physical pulley control lowers the airer = true
V2 LAUNDRY INPUT: 17 waypoints; 0 failures
