Godot Engine v4.7.1.stable.official.a13da4feb - https://godotengine.org
Vulkan 1.4.341 - Forward+ - Using Device #0: NVIDIA - NVIDIA GeForce RTX 4080

[ACOUSTIC] 550 nodes loaded
ORISON V2 BLOCKOUT: 62 spaces / 27 doors / 94 anchors
[SURFACE] 320 surfaces layered (293 materials)
[PASSAGE HOURS] OPEN; 10 grilles folded
[PASSAGE HOURS] 11 shopfronts, 10 close after 02:00, HARDWARE PAINT keeps night service
[PASSAGE FINISH] 6 gated draws, 3 handcarts, hours active
[V2 PASSAGE] 13 resident cells; 11 doors; 1 shared-service counters
[SCHEDULE] director live: 18 residents on the clock
[MOVES] personal library: res://assets/characters/mina_vale/mina_vale_moves.glb
[ORISON V2 RUNTIME] ready startup_ms=4195.783
[LIGHTING] 58 sources active in system; 58 full personalities; profiles steady/breathe/mains/beat/dropout=[12, 10, 12, 17, 7]
CONNECTED EXTERIOR CHECK: actual player ray/prompt reaches laundry_door = true
CONNECTED EXTERIOR CHECK: actual player ray/prompt reaches laundry_switch_false = true
[SWITCHES] B1_LAUNDRY -> off (1 fixtures)
CONNECTED EXTERIOR CHECK: laundry switch controls its actual fixture = true
CONNECTED EXTERIOR CHECK: actual player ray/prompt reaches laundry_switch_true = true
[SWITCHES] B1_LAUNDRY -> on (1 fixtures)
CONNECTED EXTERIOR CHECK: laundry switch controls its actual fixture = true
INTERACTION_DIAGNOSTIC {"camera":"(7.946159, -1.789193, -10.77148)","distance":1.05378210544586,"forward":"(0.876691, -0.475248, -0.074513)","hit":"FeedReach:<Area3D#285816661136>","label":"washer_lid","player":"(7.946159, -3.199193, -10.77148)","prompt":"[E]  Start wringer rolls","target":"(8.870001, -2.29, -10.85)"}
CONNECTED EXTERIOR CHECK: actual player ray/prompt reaches washer_lid = false
V2 LAUNDRY INPUT: 12 waypoints; 1 failures
