Godot Engine v4.7.1.stable.official.a13da4feb - https://godotengine.org
Vulkan 1.4.341 - Forward+ - Using Device #0: NVIDIA - NVIDIA GeForce RTX 4080

[ACOUSTIC] 550 nodes loaded
ORISON V2 BLOCKOUT: 62 spaces / 27 doors / 94 anchors
[SURFACE] 320 surfaces layered (293 materials)
[PASSAGE HOURS] OPEN; 10 grilles folded
[PASSAGE HOURS] 11 shopfronts, 10 close after 02:00, HARDWARE PAINT keeps night service
[PASSAGE FINISH] 6 gated draws, 3 handcarts, hours active
[V2 PASSAGE] 13 resident cells; 11 doors; 1 shared-service counters
[SCHEDULE] director live: 18 residents on the clock
[MOVES] personal library: res://assets/characters/mina_vale/mina_vale_moves.glb
[ORISON V2 RUNTIME] ready startup_ms=4197.812
  PASS  production-composed v2 root starts
  PASS  one production gameplay authority: F01_WATCHMAN_DETECTOR
  PASS  one preserved spatial owner: F01_WATCHMAN_DETECTOR
  PASS  one production gameplay authority: F01_NIGHT_REGISTER
  PASS  one preserved spatial owner: F01_NIGHT_REGISTER
  PASS  one production gameplay authority: F01_SIGNAL_REGISTER
  PASS  one preserved spatial owner: F01_SIGNAL_REGISTER
  PASS  one production gameplay authority: F01_TOUR_KEY_GUARD
  PASS  one preserved spatial owner: F01_TOUR_KEY_GUARD
  PASS  one production gameplay authority: F02_B_RADIATOR_01
  PASS  one preserved spatial owner: F02_B_RADIATOR_01
  PASS  one production gameplay authority: B1_BOILER_01
  PASS  one preserved spatial owner: B1_BOILER_01
  PASS  one lifecycle and save authority per contract
  PASS  review-only cues are absent from production runtime
  PASS  central formatter produces carrier-neutral prompts
  PASS  ritual denial states refuse invented acts
  PASS  service-set call issues exactly one authored radiator obligation
  PASS  premature mechanisms cannot counterfeit progress
  PASS  resident threshold acknowledges the production work order
  PASS  radiator, porter board, and boiler evidence earns repairability
  PASS  duplicate interaction cannot double-advance
  PASS  real 2B radiator authority records the repair
  PASS  resident return closes the authored service round
  PASS  production event trace preserves the complete round
ORISON V2 BLOCKOUT: 62 spaces / 27 doors / 94 anchors
[SURFACE] 320 surfaces layered (293 materials)
[PASSAGE HOURS] OPEN; 10 grilles folded
[PASSAGE HOURS] 11 shopfronts, 10 close after 02:00, HARDWARE PAINT keeps night service
[PASSAGE FINISH] 6 gated draws, 3 handcarts, hours active
[V2 PASSAGE] 13 resident cells; 11 doors; 1 shared-service counters
[SCHEDULE] director live: 18 residents on the clock
[MOVES] personal library: res://assets/characters/mina_vale/mina_vale_moves.glb
[ORISON V2 RUNTIME] ready startup_ms=3326.295
[LIGHTING] 58 sources active in system; 58 full personalities; profiles steady/breathe/mains/beat/dropout=[12, 10, 12, 17, 7]
  PASS  save, destroy, CampaignShell reconstruct, and load preserve round facts
  PASS  v2 wake uses explicit bedside-return contract
[M08F PERF] cold_ms=4203.176 compose_ms=3326.295 save_ms=14.202 reconstruct_ms=3616.403 nodes=6106 collisions=1056 cpu_ms=67.934 physics_ms=133.630
[M08F SAVE EVIDENCE] C:/Users/nate_/AppData/Roaming/PleaseRemainOnTheLine/tests/m08f_runtime_5a684c0cffe81d8a.json
  PASS  production layout remains byte-stable
  PASS  committed selector remains v1
ORISON V2 M08F RUNTIME: PASS checks=29
