Godot Engine v4.7.1.stable.official.a13da4feb - https://godotengine.org
Vulkan 1.4.341 - Forward+ - Using Device #0: NVIDIA - NVIDIA GeForce RTX 4080

[ACOUSTIC] 550 nodes loaded
ORISON V2 BLOCKOUT: 200 spaces / 111 doors / 1104 anchors
[V2 FRONT COURT ROOF] three seated girders; retained roof slabs; mapped exterior concrete
[V2 BODEGA POWER] independent inlet; four existing fittings; 20 bearings
[SURFACE] 1311 surfaces layered (478 materials)
[PASSAGE HOURS] OPEN; 10 grilles folded
[PASSAGE HOURS] 11 shopfronts, 10 close after 02:00, HARDWARE PAINT keeps night service
[PASSAGE FINISH] 6 gated draws, 3 handcarts, hours active
[V2 PASSAGE] 13 resident cells; 11 doors; 1 shared-service counters
[SURFACE] 215 surfaces layered (108 materials)
[HARUKIYA] 9 interactables placed
[ARCADE] 2 cabinet(s) from a catalog of 12: SOMETHING IN THE HALL (mystery_serial), OPERATIONS (farm_and_market)
[ARCADE] all of them are running arcade_pit
[V2 BAR] retained cell; 29 registered markers; 3 doors
[V2 FRONT FACADE] native entrance, original landmark hardware, glazed marquee and fitted blade
[SCHEDULE] director live: 18 residents on the clock
[MOVES] personal library: res://assets/characters/mina_vale/mina_vale_moves.glb
SOURCE PARAPET MATERIAL ROOF_PARAPET_EAST brick 
SOURCE PARAPET MATERIAL ROOF_PARAPET_NORTH brick 
SOURCE PARAPET MATERIAL ROOF_PARAPET_SOUTH brick 
SOURCE PARAPET MATERIAL ROOF_PARAPET_WEST brick 
[ORISON V2 RUNTIME] ready startup_ms=34206.043
[LIGHTING] 211 sources active in system; 211 full personalities; profiles steady/breathe/mains/beat/dropout=[50, 49, 36, 42, 34]
[HARUKIYA] OPEN, 18 fixtures
BEDDING: beds=22 contacts=88 shared_meshes=12 failures=0
CAP MAPPING: mesh=domestic_seating_Sofa195__fabric_cool valid_basis=true max_uv_excess=0.00000011920929 widest=1.00002596223605 vertices=21971 derivatives=true bad_derivatives=0 min_determinant=0.00000397149161 worst_dot=0.99999982118607
CAP MAPPING: mesh=domestic_seating_Sofa195__linen valid_basis=true max_uv_excess=0.00000017881393 widest=1.00010795254946 vertices=13820 derivatives=true bad_derivatives=0 min_determinant=0.00000233823005 worst_dot=0.99999982118607
CAP MAPPING: mesh=domestic_seating_Sofa195__wood_dark valid_basis=true max_uv_excess=0.00000008579809 widest=1.00004695407872 vertices=4682 derivatives=true bad_derivatives=0 min_determinant=0.00000270630148 worst_dot=0.99999982118607
CAP MAPPING: mesh=domestic_seating_Sofa210__fabric_cool valid_basis=true max_uv_excess=0.00000023841858 widest=1.00002603586852 vertices=22050 derivatives=true bad_derivatives=0 min_determinant=0.00000397144196 worst_dot=0.99999976158142
CAP MAPPING: mesh=domestic_seating_Sofa210__linen valid_basis=true max_uv_excess=0.00000011920929 widest=1.00010847509061 vertices=13818 derivatives=true bad_derivatives=0 min_determinant=0.00000233813751 worst_dot=0.99999982118607
CAP MAPPING: mesh=domestic_seating_Sofa210__wood_dark valid_basis=true max_uv_excess=0.00000008707866 widest=1.00003975441962 vertices=4785 derivatives=true bad_derivatives=0 min_determinant=0.00000270630148 worst_dot=0.99999982118607
CAP MAPPING: mesh=domestic_seating_ChairDark__wood_dark valid_basis=true max_uv_excess=0.0000201202929 widest=1.00071543028542 vertices=13755 derivatives=true bad_derivatives=0 min_determinant=0.00000168662395 worst_dot=0.99999982118607
CAP MAPPING: mesh=domestic_seating_ChairOak__oak_quartered valid_basis=true max_uv_excess=0.0000201202929 widest=1.00071543028542 vertices=13755 derivatives=true bad_derivatives=0 min_determinant=0.00000168662395 worst_dot=0.99999982118607
CAP MAPPING: mesh=domestic_tables_Nightstand01__brass valid_basis=true max_uv_excess=0.00000114552677 widest=1.00075806419434 vertices=1243 derivatives=true bad_derivatives=0 min_determinant=0.0000046971024 worst_dot=0.99999982118607
CAP MAPPING: mesh=domestic_tables_Nightstand01__glassish valid_basis=true max_uv_excess=0.00000332994387 widest=1.00073892341694 vertices=1825 derivatives=true bad_derivatives=0 min_determinant=0.00000788401332 worst_dot=0.99999988079071
CAP MAPPING: mesh=domestic_tables_Nightstand01__oak_quartered valid_basis=true max_uv_excess=0.00000190804712 widest=1.00073900400187 vertices=10310 derivatives=true bad_derivatives=0 min_determinant=0.00000005667773 worst_dot=0.99999982118607
CAP MAPPING: mesh=domestic_tables_Nightstand01__paper valid_basis=true max_uv_excess=0.00000007397466 widest=1.00074164673312 vertices=2055 derivatives=true bad_derivatives=0 min_determinant=0.0000000046232 worst_dot=0.99999976158142
CAP MAPPING: mesh=domestic_tables_Nightstand02__brass valid_basis=true max_uv_excess=0.00000114552677 widest=1.00075806419434 vertices=1243 derivatives=true bad_derivatives=0 min_determinant=0.0000046971024 worst_dot=0.99999982118607
CAP MAPPING: mesh=domestic_tables_Nightstand02__glassish valid_basis=true max_uv_excess=0.00000332994387 widest=1.00073892341694 vertices=1825 derivatives=true bad_derivatives=0 min_determinant=0.00000788401332 worst_dot=0.99999988079071
CAP MAPPING: mesh=domestic_tables_Nightstand02__paper valid_basis=true max_uv_excess=0.00000007397466 widest=1.00074164673312 vertices=2055 derivatives=true bad_derivatives=0 min_determinant=0.0000000046232 worst_dot=0.99999976158142
CAP MAPPING: mesh=domestic_tables_Nightstand02__wood_dark valid_basis=true max_uv_excess=0.00000190804712 widest=1.00073900400187 vertices=10310 derivatives=true bad_derivatives=0 min_determinant=0.00000005667773 worst_dot=0.99999982118607
CAP MAPPING: mesh=domestic_tables_TableRound03__trim valid_basis=true max_uv_excess=0.0000126734376 widest=1.00073292207649 vertices=1825 derivatives=true bad_derivatives=0 min_determinant=0.0000990789358 worst_dot=0.99999982118607
CAP MAPPING: mesh=domestic_tables_TableRound03__wood_dark valid_basis=true max_uv_excess=0.00000647455454 widest=1.00017989383159 vertices=1817 derivatives=true bad_derivatives=0 min_determinant=0.00089993605604 worst_dot=0.99999982118607
CAP MAPPING: mesh=domestic_tables_TableRect04__floor_oak valid_basis=true max_uv_excess=0.00000006682239 widest=1.00005149037731 vertices=507 derivatives=true bad_derivatives=0 min_determinant=0.00000072287836 worst_dot=0.99999988079071
CAP MAPPING: mesh=domestic_tables_TableRect04__wood_dark valid_basis=true max_uv_excess=0.00000377791002 widest=1.00072867761367 vertices=9835 derivatives=true bad_derivatives=0 min_determinant=0.00000026020404 worst_dot=0.99999982118607
CAP MAPPING: mesh=domestic_tables_TableRect05__floor_oak valid_basis=true max_uv_excess=0.00000011920929 widest=1.00003975441962 vertices=488 derivatives=true bad_derivatives=0 min_determinant=0.00000072284888 worst_dot=0.99999988079071
CAP MAPPING: mesh=domestic_tables_TableRect05__wood_dark valid_basis=true max_uv_excess=0.00000378582627 widest=1.00072933466493 vertices=9943 derivatives=true bad_derivatives=0 min_determinant=0.00000026021819 worst_dot=0.99999982118607
CAP MAPPING: mesh=domestic_tables_Coffee06__glassish valid_basis=true max_uv_excess=0.00000011920929 widest=1.00006246867209 vertices=1762 derivatives=true bad_derivatives=0 min_determinant=0.00003150484147 worst_dot=0.99999982118607
CAP MAPPING: mesh=domestic_tables_Coffee06__wood_dark valid_basis=true max_uv_excess=0.00000011920929 widest=1.00020067589796 vertices=1128 derivatives=true bad_derivatives=0 min_determinant=0.00000005854244 worst_dot=0.99999988079071
CAP MAPPING: mesh=domestic_tables_TableRect07__wood_dark valid_basis=true max_uv_excess=0.0000037853606 widest=1.00073045601845 vertices=10484 derivatives=true bad_derivatives=0 min_determinant=0.00000026020758 worst_dot=0.99999982118607
CAP MAPPING: mesh=domestic_tables_TableRect08__wood_dark valid_basis=true max_uv_excess=0.00000378023833 widest=1.00073000891393 vertices=10493 derivatives=true bad_derivatives=0 min_determinant=0.00000026025086 worst_dot=0.99999982118607
CAP MAPPING: mesh=domestic_tables_TableRect09__wood_dark valid_basis=true max_uv_excess=0.00000377791002 widest=1.00072867761367 vertices=10342 derivatives=true bad_derivatives=0 min_determinant=0.00000026020404 worst_dot=0.99999982118607
CAP MAPPING: mesh=domestic_tables_TableRound10__floor_oak valid_basis=true max_uv_excess=0.00000647455454 widest=1.00017989383159 vertices=1817 derivatives=true bad_derivatives=0 min_determinant=0.00089993605604 worst_dot=0.99999982118607
CAP MAPPING: mesh=domestic_tables_TableRound10__trim valid_basis=true max_uv_excess=0.0000126734376 widest=1.00073292207649 vertices=1825 derivatives=true bad_derivatives=0 min_determinant=0.0000990789358 worst_dot=0.99999982118607
CAP MAPPING: mesh=domestic_tables_TableRect11__wood_dark valid_basis=true max_uv_excess=0.0000037853606 widest=1.00073149200265 vertices=10518 derivatives=true bad_derivatives=0 min_determinant=0.00000026022256 worst_dot=0.99999976158142
CAP MAPPING: mesh=domestic_tables_TableRect12__wood_dark valid_basis=true max_uv_excess=0.00000377791002 widest=1.0007284507946 vertices=10327 derivatives=true bad_derivatives=0 min_determinant=0.00000026021111 worst_dot=0.99999982118607
CAP MAPPING: mesh=domestic_tables_TableRect13__wood_dark valid_basis=true max_uv_excess=0.00000378955156 widest=1.00073000891393 vertices=10407 derivatives=true bad_derivatives=0 min_determinant=0.00000026018989 worst_dot=0.99999982118607
CAP MAPPING: mesh=domestic_objects_DomesticObject00__Body_ON_brass valid_basis=true max_uv_excess=0.00000189413549 widest=1.00297930152463 vertices=5239 derivatives=true bad_derivatives=0 min_determinant=0.00000025864131 worst_dot=0.99999982118607
CAP MAPPING: mesh=domestic_objects_DomesticObject00__Body_ON_paper valid_basis=true max_uv_excess=0.00000008801362 widest=1.00114287281831 vertices=7717 derivatives=true bad_derivatives=0 min_determinant=0.00000000073811 worst_dot=0.99999642372131
CAP MAPPING: mesh=domestic_objects_DomesticObject00__Body_ON_timber valid_basis=true max_uv_excess=0.00000006299524 widest=1.00028727766093 vertices=506 derivatives=true bad_derivatives=0 min_determinant=0.00000004163674 worst_dot=0.99999982118607
CAP MAPPING: mesh=domestic_objects_DomesticObject00__Body_ON_wood_dark valid_basis=true max_uv_excess=0.00000007223571 widest=1.00027425700011 vertices=3599 derivatives=true bad_derivatives=0 min_determinant=0.00000002889958 worst_dot=0.99999976158142
CAP MAPPING: mesh=domestic_objects_DomesticObject01__Body_ON_timber valid_basis=true max_uv_excess=0.00000006885966 widest=1.00018729705411 vertices=530 derivatives=true bad_derivatives=0 min_determinant=0.00000004162933 worst_dot=0.99999988079071
CAP MAPPING: mesh=domestic_objects_DomesticObject01__Body_ON_wood_dark valid_basis=true max_uv_excess=0.00000007689232 widest=1.00026956964619 vertices=3603 derivatives=true bad_derivatives=0 min_determinant=0.00000002889958 worst_dot=0.99999982118607
CAP MAPPING: mesh=domestic_objects_DomesticObject02__Body_ON_brass valid_basis=true max_uv_excess=0.00000049686059 widest=1.00081544590526 vertices=4381 derivatives=true bad_derivatives=0 min_determinant=0.0000008146988 worst_dot=0.99999988079071
CAP MAPPING: mesh=domestic_objects_DomesticObject02__Body_ON_metal valid_basis=true max_uv_excess=0.00000097311568 widest=1.00080879726905 vertices=8859 derivatives=true bad_derivatives=0 min_determinant=0.00000120567276 worst_dot=0.99999988079071
CAP MAPPING: mesh=domestic_objects_DomesticObject02__Body_ON_plywood valid_basis=true max_uv_excess=0.00000011920929 widest=1.0002118172876 vertices=506 derivatives=true bad_derivatives=0 min_determinant=0.00000011563898 worst_dot=0.99999982118607
CAP MAPPING: mesh=domestic_objects_DomesticObject02__Body_ON_rubber_aged valid_basis=true max_uv_excess=0.00000007078052 widest=1.00001359357296 vertices=4606 derivatives=true bad_derivatives=0 min_determinant=0.00002102858646 worst_dot=0.99999982118607
CAP MAPPING: mesh=domestic_objects_DomesticObject02__Body_ON_timber valid_basis=true max_uv_excess=0.00000005355105 widest=1.00002477360305 vertices=534 derivatives=true bad_derivatives=0 min_determinant=0.00000185072309 worst_dot=0.99999988079071
CAP MAPPING: mesh=domestic_objects_DomesticObject02__Body_ON_wood_dark valid_basis=true max_uv_excess=0.00000007118797 widest=1.00032691062136 vertices=1028 derivatives=true bad_derivatives=0 min_determinant=0.0000000289043 worst_dot=0.99999982118607
CAP MAPPING: mesh=domestic_objects_DomesticObject03__Body_ON_metal valid_basis=true max_uv_excess=0.00000005960464 widest=1.00070710916987 vertices=2994 derivatives=true bad_derivatives=0 min_determinant=0.00000000462179 worst_dot=0.99999964237213
CAP MAPPING: mesh=domestic_objects_DomesticObject03__Body_ON_timber valid_basis=true max_uv_excess=0.00000006263144 widest=1.0001569603556 vertices=3555 derivatives=true bad_derivatives=0 min_determinant=0.00000011566076 worst_dot=0.99999982118607
CAP MAPPING: mesh=domestic_objects_DomesticObject04__Body_ON_bakelite valid_basis=true max_uv_excess=0.00000094890129 widest=1.00072542725316 vertices=2318 derivatives=true bad_derivatives=0 min_determinant=0.00000011567019 worst_dot=0.99999988079071
CAP MAPPING: mesh=domestic_objects_DomesticObject04__Body_ON_enamel valid_basis=true max_uv_excess=0.00000281073153 widest=1.00071625927542 vertices=1815 derivatives=true bad_derivatives=0 min_determinant=0.00000817670497 worst_dot=0.99999982118607
CAP MAPPING: mesh=domestic_objects_DomesticObject04__Body_ON_metal valid_basis=true max_uv_excess=0.00000057736179 widest=1.00073564918575 vertices=10584 derivatives=true bad_derivatives=0 min_determinant=0.00000002891519 worst_dot=0.99999982118607
CAP MAPPING: mesh=domestic_objects_DomesticObject04__Body_ON_paper valid_basis=true max_uv_excess=0.00000008483767 widest=1.00082062571655 vertices=998 derivatives=true bad_derivatives=0 min_determinant=0.00000000462568 worst_dot=0.99999964237213
CAP MAPPING: mesh=domestic_objects_DomesticObject04__Body_ON_rubber_aged valid_basis=true max_uv_excess=0.00000113528222 widest=1.00018813035343 vertices=7249 derivatives=true bad_derivatives=0 min_determinant=0.0000011999393 worst_dot=0.99999976158142
CAP MAPPING: mesh=domestic_objects_DomesticObject04__Body_ON_soot valid_basis=true max_uv_excess=0.00000384496525 widest=1.00072245950876 vertices=23629 derivatives=true bad_derivatives=0 min_determinant=0.00000000028856 worst_dot=0.9999960064888
CAP MAPPING: mesh=domestic_objects_DomesticObject05__Body_ON_cane valid_basis=true max_uv_excess=0.00000008568168 widest=1.00006915071398 vertices=4752 derivatives=true bad_derivatives=0 min_determinant=0.00000008538683 worst_dot=0.99999982118607
CAP MAPPING: mesh=domestic_objects_DomesticObject05__Body_ON_leaf_rib valid_basis=true max_uv_excess=0.00000048964284 widest=1.00120822440756 vertices=61990 derivatives=true bad_derivatives=0 min_determinant=0.00000000252952 worst_dot=0.99999392032623
CAP MAPPING: mesh=domestic_objects_DomesticObject05__Body_ON_plant valid_basis=true max_uv_excess=0.00000008940697 widest=1.00007062213875 vertices=13316 derivatives=true bad_derivatives=0 min_determinant=0.00000253745105 worst_dot=0.99999982118607
CAP MAPPING: mesh=domestic_objects_DomesticObject05__Body_ON_soil valid_basis=true max_uv_excess=0.00000242795795 widest=1.00017599185016 vertices=3238 derivatives=true bad_derivatives=0 min_determinant=0.00024232362139 worst_dot=0.99999982118607
CAP MAPPING: mesh=domestic_objects_DomesticObject05__Body_ON_terracotta valid_basis=true max_uv_excess=0.00000314041972 widest=1.00017953849024 vertices=8640 derivatives=true bad_derivatives=0 min_determinant=0.00017641100062 worst_dot=0.99999982118607
CAP MAPPING: mesh=domestic_objects_DomesticObject06__Body_ON_brass valid_basis=true max_uv_excess=0.00000189611455 widest=1.0030945941556 vertices=6283 derivatives=true bad_derivatives=0 min_determinant=0.00000025796558 worst_dot=0.99999982118607
CAP MAPPING: mesh=domestic_objects_DomesticObject06__Body_ON_paper valid_basis=true max_uv_excess=0.00000007437484 widest=1.00114287281831 vertices=9289 derivatives=true bad_derivatives=0 min_determinant=0.00000000073811 worst_dot=0.99999636411667
CAP MAPPING: mesh=domestic_objects_DomesticObject06__Body_ON_timber valid_basis=true max_uv_excess=0.00000011920929 widest=1.000190222068 vertices=525 derivatives=true bad_derivatives=0 min_determinant=0.00000004161802 worst_dot=0.99999982118607
CAP MAPPING: mesh=domestic_objects_DomesticObject06__Body_ON_wood_dark valid_basis=true max_uv_excess=0.00000007869676 widest=1.00025832529717 vertices=3527 derivatives=true bad_derivatives=0 min_determinant=0.00000002889958 worst_dot=0.99999982118607
CAP MAPPING: mesh=domestic_objects_DomesticObject07__Body_ON_brass valid_basis=true max_uv_excess=0.00000189803541 widest=1.00308126882815 vertices=4918 derivatives=true bad_derivatives=0 min_determinant=0.00000025796558 worst_dot=0.99999982118607
CAP MAPPING: mesh=domestic_objects_DomesticObject07__Body_ON_paper valid_basis=true max_uv_excess=0.00000008412826 widest=1.00132967161072 vertices=7196 derivatives=true bad_derivatives=0 min_determinant=0.00000000073811 worst_dot=0.999995470047
CAP MAPPING: mesh=domestic_objects_DomesticObject07__Body_ON_timber valid_basis=true max_uv_excess=0.00000006299524 widest=1.00028727766093 vertices=529 derivatives=true bad_derivatives=0 min_determinant=0.00000004163674 worst_dot=0.99999988079071
CAP MAPPING: mesh=domestic_objects_DomesticObject07__Body_ON_wood_dark valid_basis=true max_uv_excess=0.00000011920929 widest=1.00032691062136 vertices=3617 derivatives=true bad_derivatives=0 min_determinant=0.00000002891047 worst_dot=0.99999976158142
CAP MAPPING: mesh=domestic_objects_DomesticObject08__Body_ON_book_brown valid_basis=true max_uv_excess=0.00000003839523 widest=1.00035018766595 vertices=1515 derivatives=true bad_derivatives=0 min_determinant=0.0000000104106 worst_dot=0.99999976158142
CAP MAPPING: mesh=domestic_objects_DomesticObject08__Body_ON_book_burgundy valid_basis=true max_uv_excess=0.00000005407492 widest=1.00036343584976 vertices=1517 derivatives=true bad_derivatives=0 min_determinant=0.0000000104106 worst_dot=0.99999976158142
CAP MAPPING: mesh=domestic_objects_DomesticObject08__Body_ON_book_green valid_basis=true max_uv_excess=0.00000004470348 widest=1.00034534163073 vertices=1528 derivatives=true bad_derivatives=0 min_determinant=0.0000000104106 worst_dot=0.99999982118607
CAP MAPPING: mesh=domestic_objects_DomesticObject08__Body_ON_book_navy valid_basis=true max_uv_excess=0.00000004470348 widest=1.00032137768102 vertices=1533 derivatives=true bad_derivatives=0 min_determinant=0.0000000104106 worst_dot=0.99999982118607
CAP MAPPING: mesh=domestic_objects_DomesticObject08__Body_ON_book_ochre valid_basis=true max_uv_excess=0.00000003523746 widest=1.00032137768102 vertices=1542 derivatives=true bad_derivatives=0 min_determinant=0.0000000104106 worst_dot=0.99999982118607
CAP MAPPING: mesh=domestic_objects_DomesticObject08__Body_ON_book_teal valid_basis=true max_uv_excess=0.00000003365858 widest=1.00030697773124 vertices=1520 derivatives=true bad_derivatives=0 min_determinant=0.0000000104106 worst_dot=0.99999976158142
CAP MAPPING: mesh=domestic_objects_DomesticObject08__Body_ON_paper valid_basis=true max_uv_excess=0.00000006169284 widest=1.00084403020591 vertices=3010 derivatives=true bad_derivatives=0 min_determinant=0.00000000462238 worst_dot=0.99999964237213
CAP MAPPING: mesh=domestic_objects_DomesticObject09__Body_ON_brass valid_basis=true max_uv_excess=0.00000189611455 widest=1.00298594281688 vertices=7646 derivatives=true bad_derivatives=0 min_determinant=0.00000025864131 worst_dot=0.99999982118607
CAP MAPPING: mesh=domestic_objects_DomesticObject09__Body_ON_paper valid_basis=true max_uv_excess=0.00000008030838 widest=1.00114287281831 vertices=11278 derivatives=true bad_derivatives=0 min_determinant=0.00000000073792 worst_dot=0.99999535083771
CAP MAPPING: mesh=domestic_objects_DomesticObject09__Body_ON_timber valid_basis=true max_uv_excess=0.00000005438051 widest=1.00024803205448 vertices=514 derivatives=true bad_derivatives=0 min_determinant=0.00000004162933 worst_dot=0.99999988079071
CAP MAPPING: mesh=domestic_objects_DomesticObject09__Body_ON_wood_dark valid_basis=true max_uv_excess=0.00000007648487 widest=1.00029466970755 vertices=3669 derivatives=true bad_derivatives=0 min_determinant=0.0000000289043 worst_dot=0.99999982118607
CAP MAPPING: mesh=domestic_objects_DomesticObject10__Body_ON_metal valid_basis=true max_uv_excess=0.00000883731991 widest=1.0007338972434 vertices=8356 derivatives=true bad_derivatives=0 min_determinant=0.00000001849776 worst_dot=0.99999982118607
CAP MAPPING: mesh=domestic_objects_DomesticObject10__Body_ON_milk_glass valid_basis=true max_uv_excess=0.00000161980279 widest=1.00049476436847 vertices=1529 derivatives=true bad_derivatives=0 min_determinant=0.00000002889341 worst_dot=0.99999982118607
CAP MAPPING: mesh=domestic_objects_DomesticObject10__Body_ON_rubber_aged valid_basis=true max_uv_excess=0.00000139325857 widest=1.00071008593772 vertices=2030 derivatives=true bad_derivatives=0 min_determinant=0.00000612993519 worst_dot=0.99999982118607
CAP MAPPING: mesh=domestic_objects_DomesticObject10__Body_ON_soot valid_basis=true max_uv_excess=0.00000206148252 widest=1.00071635544499 vertices=4313 derivatives=true bad_derivatives=0 min_determinant=0.00000005524898 worst_dot=0.99999982118607
CAP MAPPING: mesh=domestic_objects_DomesticObject11__Body_ON_linen valid_basis=true max_uv_excess=0.00000004237518 widest=1.00003026903182 vertices=24 derivatives=true bad_derivatives=0 min_determinant=0.00010359708261 worst_dot=1.0
CAP MAPPING: mesh=domestic_objects_DomesticObject11__Body_ON_metal valid_basis=true max_uv_excess=0.0000014025718 widest=1.00072993426142 vertices=3348 derivatives=true bad_derivatives=0 min_determinant=0.0000001089123 worst_dot=0.99999976158142
CAP MAPPING: mesh=domestic_objects_DomesticObject11__Body_ON_rubber_aged valid_basis=true max_uv_excess=0.00000139139593 widest=1.00071129982958 vertices=2032 derivatives=true bad_derivatives=0 min_determinant=0.00000612991823 worst_dot=0.99999988079071
CAP MAPPING: mesh=domestic_objects_DomesticObject11__Body_ON_soot valid_basis=true max_uv_excess=0.00000160373747 widest=1.00072757898142 vertices=2151 derivatives=true bad_derivatives=0 min_determinant=0.00000005524898 worst_dot=0.99999898672104
CAP MAPPING: mesh=domestic_objects_DomesticObject12__Body_ON_metal valid_basis=true max_uv_excess=0.00000007522613 widest=1.00075753646235 vertices=1481 derivatives=true bad_derivatives=0 min_determinant=0.00000000462568 worst_dot=0.99999958276749
CAP MAPPING: mesh=domestic_objects_DomesticObject12__Body_ON_soot valid_basis=true max_uv_excess=0.00000005960464 widest=1.00006577841387 vertices=1481 derivatives=true bad_derivatives=0 min_determinant=0.00000046266191 worst_dot=0.99999988079071
CAP MAPPING: mesh=domestic_objects_DomesticObject12__Body_ON_timber valid_basis=true max_uv_excess=0.0000000888831 widest=1.00014955322765 vertices=3547 derivatives=true bad_derivatives=0 min_determinant=0.00000011566076 worst_dot=0.99999982118607
CAP MAPPING: mesh=domestic_objects_DomesticObject13__Body_ON_rubber_aged valid_basis=true max_uv_excess=0.00000007916242 widest=1.00004254947378 vertices=17556 derivatives=true bad_derivatives=0 min_determinant=0.00000143322106 worst_dot=0.99999976158142
CAP MAPPING: mesh=domestic_objects_DomesticObject14__Body_ON_rubber_aged valid_basis=true max_uv_excess=0.00000008288771 widest=1.0001588438935 vertices=17556 derivatives=true bad_derivatives=0 min_determinant=0.00000074475025 worst_dot=0.99999982118607
CAP MAPPING: mesh=domestic_objects_DomesticObject15__Body_ON_brass valid_basis=true max_uv_excess=0.00000049686059 widest=1.00081544590526 vertices=4381 derivatives=true bad_derivatives=0 min_determinant=0.0000008146988 worst_dot=0.99999988079071
CAP MAPPING: mesh=domestic_objects_DomesticObject15__Body_ON_metal valid_basis=true max_uv_excess=0.00000097311568 widest=1.00080879726905 vertices=11191 derivatives=true bad_derivatives=0 min_determinant=0.00000001850589 worst_dot=0.99999988079071
CAP MAPPING: mesh=domestic_objects_DomesticObject15__Body_ON_plywood valid_basis=true max_uv_excess=0.00000011920929 widest=1.0002118172876 vertices=506 derivatives=true bad_derivatives=0 min_determinant=0.00000011563898 worst_dot=0.99999982118607
CAP MAPPING: mesh=domestic_objects_DomesticObject15__Body_ON_rubber_aged valid_basis=true max_uv_excess=0.00000007078052 widest=1.00001359357296 vertices=4606 derivatives=true bad_derivatives=0 min_determinant=0.00002102858646 worst_dot=0.99999982118607
CAP MAPPING: mesh=domestic_objects_DomesticObject15__Body_ON_timber valid_basis=true max_uv_excess=0.00000005355105 widest=1.00002477360305 vertices=534 derivatives=true bad_derivatives=0 min_determinant=0.00000185072309 worst_dot=0.99999988079071
CAP MAPPING: mesh=domestic_storage_Shelf01__floor_oak valid_basis=true max_uv_excess=0.0000000797445 widest=1.00015680108584 vertices=2580 derivatives=true bad_derivatives=0 min_determinant=0.00000011566076 worst_dot=0.99999982118607
CAP MAPPING: mesh=domestic_storage_Shelf01__metal valid_basis=true max_uv_excess=0.00000007508788 widest=1.00068495873754 vertices=10865 derivatives=true bad_derivatives=0 min_determinant=0.00000001040124 worst_dot=0.99999964237213
CAP MAPPING: mesh=domestic_storage_Shelf01__trim valid_basis=true max_uv_excess=0.00000009329233 widest=1.00071572571946 vertices=6132 derivatives=true bad_derivatives=0 min_determinant=0.00000001039558 worst_dot=0.99999958276749
CAP MAPPING: mesh=domestic_storage_Shelf02__book_brown valid_basis=true max_uv_excess=0.00000005960464 widest=1.00059307754446 vertices=12554 derivatives=true bad_derivatives=0 min_determinant=0.00000000374707 worst_dot=0.99999952316284
CAP MAPPING: mesh=domestic_storage_Shelf02__book_burgundy valid_basis=true max_uv_excess=0.00000005516631 widest=1.00059307754446 vertices=14028 derivatives=true bad_derivatives=0 min_determinant=0.00000000374315 worst_dot=0.99999952316284
CAP MAPPING: mesh=domestic_storage_Shelf02__book_green valid_basis=true max_uv_excess=0.00000004470348 widest=1.00044179220266 vertices=7830 derivatives=true bad_derivatives=0 min_determinant=0.00000000374707 worst_dot=0.99999952316284
CAP MAPPING: mesh=domestic_storage_Shelf02__book_navy valid_basis=true max_uv_excess=0.00000004495087 widest=1.0004812316914 vertices=12540 derivatives=true bad_derivatives=0 min_determinant=0.00000000374707 worst_dot=0.99999964237213
CAP MAPPING: mesh=domestic_storage_Shelf02__book_ochre valid_basis=true max_uv_excess=0.00000005960464 widest=1.0006238445675 vertices=7841 derivatives=true bad_derivatives=0 min_determinant=0.00000000374707 worst_dot=0.99999952316284
CAP MAPPING: mesh=domestic_storage_Shelf02__book_teal valid_basis=true max_uv_excess=0.00000004698086 widest=1.00054154319902 vertices=12468 derivatives=true bad_derivatives=0 min_determinant=0.00000000374707 worst_dot=0.99999952316284
CAP MAPPING: mesh=domestic_storage_Shelf02__floor_oak valid_basis=true max_uv_excess=0.00000008477946 widest=1.00023198979149 vertices=2600 derivatives=true bad_derivatives=0 min_determinant=0.00000011563898 worst_dot=0.99999982118607
CAP MAPPING: mesh=domestic_storage_Shelf02__metal valid_basis=true max_uv_excess=0.00000008504139 widest=1.00010836212173 vertices=4805 derivatives=true bad_derivatives=0 min_determinant=0.00000008022882 worst_dot=0.99999964237213
CAP MAPPING: mesh=domestic_storage_Shelf02__paper valid_basis=true max_uv_excess=0.00000008477946 widest=1.00104517805785 vertices=22182 derivatives=true bad_derivatives=0 min_determinant=0.00000000462132 worst_dot=0.99999952316284
CAP MAPPING: mesh=domestic_storage_Counter03__countertop valid_basis=true max_uv_excess=0.00000011920929 widest=1.00069427763932 vertices=1113 derivatives=true bad_derivatives=0 min_determinant=0.00000002052913 worst_dot=0.99999976158142
CAP MAPPING: mesh=domestic_storage_Counter03__wood_dark valid_basis=true max_uv_excess=0.00000008865027 widest=1.00013569653413 vertices=4135 derivatives=true bad_derivatives=0 min_determinant=0.00000026018989 worst_dot=0.99999982118607
CAP MAPPING: mesh=domestic_storage_Shelf04__floor_oak valid_basis=true max_uv_excess=0.00000011920929 widest=1.0001569603556 vertices=2583 derivatives=true bad_derivatives=0 min_determinant=0.00000011563898 worst_dot=0.99999982118607
CAP MAPPING: mesh=domestic_storage_Shelf04__metal valid_basis=true max_uv_excess=0.00000007844937 widest=1.00071572571946 vertices=10785 derivatives=true bad_derivatives=0 min_determinant=0.00000001040124 worst_dot=0.99999964237213
CAP MAPPING: mesh=domestic_storage_Shelf04__trim valid_basis=true max_uv_excess=0.00000008793722 widest=1.00071316894603 vertices=6126 derivatives=true bad_derivatives=0 min_determinant=0.00000001039558 worst_dot=0.99999970197678
CAP MAPPING: mesh=domestic_storage_Counter05__metal valid_basis=true max_uv_excess=0.00000008940697 widest=1.0005804952019 vertices=18476 derivatives=true bad_derivatives=0 min_determinant=0.00000001040124 worst_dot=0.99999970197678
CAP MAPPING: mesh=domestic_storage_Cupboard06__soot valid_basis=true max_uv_excess=0.00000006044866 widest=1.0002983965805 vertices=1053 derivatives=true bad_derivatives=0 min_determinant=0.00000001850648 worst_dot=0.99999988079071
CAP MAPPING: mesh=domestic_storage_Cupboard06__trim valid_basis=true max_uv_excess=0.0000001246226 widest=1.00044118894964 vertices=13727 derivatives=true bad_derivatives=0 min_determinant=0.00000002889958 worst_dot=0.99999982118607
CAP MAPPING: mesh=domestic_storage_Cupboard08__soot valid_basis=true max_uv_excess=0.00000006044866 widest=1.0002983965805 vertices=1053 derivatives=true bad_derivatives=0 min_determinant=0.00000001850648 worst_dot=0.99999988079071
CAP MAPPING: mesh=domestic_storage_Cupboard08__trim valid_basis=true max_uv_excess=0.0000001246226 widest=1.00044118894964 vertices=12745 derivatives=true bad_derivatives=0 min_determinant=0.00000002889958 worst_dot=0.99999982118607
CAP MAPPING: mesh=domestic_storage_Shelf07__floor_oak valid_basis=true max_uv_excess=0.00000008579809 widest=1.00021462838588 vertices=2517 derivatives=true bad_derivatives=0 min_determinant=0.00000011563898 worst_dot=0.99999982118607
CAP MAPPING: mesh=domestic_storage_Shelf07__metal valid_basis=true max_uv_excess=0.00000007393828 widest=1.0006578410202 vertices=10875 derivatives=true bad_derivatives=0 min_determinant=0.00000001040124 worst_dot=0.99999964237213
CAP MAPPING: mesh=domestic_storage_Shelf07__trim valid_basis=true max_uv_excess=0.00000007545168 widest=1.0006578410202 vertices=6128 derivatives=true bad_derivatives=0 min_determinant=0.00000001040124 worst_dot=0.99999964237213
CAP MAPPING: mesh=household_wardrobes_Wardrobe00__Body_ON_brass valid_basis=true max_uv_excess=0.00000008294592 widest=1.00099888619065 vertices=3446 derivatives=true bad_derivatives=0 min_determinant=0.00000000462756 worst_dot=0.99999892711639
CAP MAPPING: mesh=household_wardrobes_Wardrobe00__Body_ON_fabric_cool valid_basis=true max_uv_excess=0.00000008195639 widest=1.0001348457911 vertices=13045 derivatives=true bad_derivatives=0 min_determinant=0.00000069091442 worst_dot=0.99999982118607
CAP MAPPING: mesh=household_wardrobes_Wardrobe00__Body_ON_fabric_green valid_basis=true max_uv_excess=0.00000008381903 widest=1.00013548451226 vertices=13055 derivatives=true bad_derivatives=0 min_determinant=0.0000006908429 worst_dot=0.99999982118607
CAP MAPPING: mesh=household_wardrobes_Wardrobe00__Body_ON_fabric_warm valid_basis=true max_uv_excess=0.00000008195639 widest=1.00012749563196 vertices=13005 derivatives=true bad_derivatives=0 min_determinant=0.00000069091218 worst_dot=0.99999982118607
CAP MAPPING: mesh=household_wardrobes_Wardrobe00__Body_ON_linen valid_basis=true max_uv_excess=0.00000008632196 widest=1.00014563167814 vertices=13005 derivatives=true bad_derivatives=0 min_determinant=0.0000006908429 worst_dot=0.99999982118607
CAP MAPPING: mesh=household_wardrobes_Wardrobe00__Body_ON_metal valid_basis=true max_uv_excess=0.00000008766074 widest=1.00010819873476 vertices=12094 derivatives=true bad_derivatives=0 min_determinant=0.00000030130301 worst_dot=0.99999976158142
CAP MAPPING: mesh=household_wardrobes_Wardrobe00__Body_ON_oak_quartered valid_basis=true max_uv_excess=0.00000011920929 widest=1.00042779961388 vertices=7711 derivatives=true bad_derivatives=0 min_determinant=0.0000000288887 worst_dot=0.99999976158142
CAP MAPPING: mesh=household_wardrobes_Wardrobe00__LeftLeaf_ON_brass valid_basis=true max_uv_excess=0.00000153202564 widest=1.00076471531876 vertices=6662 derivatives=true bad_derivatives=0 min_determinant=0.00000001039982 worst_dot=0.99999976158142
CAP MAPPING: mesh=household_wardrobes_Wardrobe00__LeftLeaf_ON_oak_quartered valid_basis=true max_uv_excess=0.00000011920929 widest=1.00030697773124 vertices=3125 derivatives=true bad_derivatives=0 min_determinant=0.00000004161626 worst_dot=0.99999690055847
CAP MAPPING: mesh=household_wardrobes_Wardrobe00__RightLeaf_ON_brass valid_basis=true max_uv_excess=0.00000153062865 widest=1.00076475887845 vertices=6627 derivatives=true bad_derivatives=0 min_determinant=0.00000001039841 worst_dot=0.99999976158142
CAP MAPPING: mesh=household_wardrobes_Wardrobe00__RightLeaf_ON_oak_quartered valid_basis=true max_uv_excess=0.00000011920929 widest=1.00032137768102 vertices=3134 derivatives=true bad_derivatives=0 min_determinant=0.00000004161626 worst_dot=0.99999666213989
CAP MAPPING: mesh=household_wardrobes_Wardrobe01__Body_ON_brass valid_basis=true max_uv_excess=0.00000008294592 widest=1.00099888619065 vertices=3446 derivatives=true bad_derivatives=0 min_determinant=0.00000000462756 worst_dot=0.99999892711639
CAP MAPPING: mesh=household_wardrobes_Wardrobe01__Body_ON_fabric_cool valid_basis=true max_uv_excess=0.00000008940697 widest=1.0001361305969 vertices=13050 derivatives=true bad_derivatives=0 min_determinant=0.00000069127204 worst_dot=0.99999982118607
CAP MAPPING: mesh=household_wardrobes_Wardrobe01__Body_ON_fabric_green valid_basis=true max_uv_excess=0.00000008940697 widest=1.00013485161618 vertices=13019 derivatives=true bad_derivatives=0 min_determinant=0.00000069127204 worst_dot=0.99999976158142
CAP MAPPING: mesh=household_wardrobes_Wardrobe01__Body_ON_fabric_warm valid_basis=true max_uv_excess=0.00000008568168 widest=1.00011087808365 vertices=13018 derivatives=true bad_derivatives=0 min_determinant=0.00000069134356 worst_dot=0.99999982118607
CAP MAPPING: mesh=household_wardrobes_Wardrobe01__Body_ON_linen valid_basis=true max_uv_excess=0.00000008940697 widest=1.00014527864051 vertices=12986 derivatives=true bad_derivatives=0 min_determinant=0.00000069127204 worst_dot=0.99999982118607
CAP MAPPING: mesh=household_wardrobes_Wardrobe01__Body_ON_metal valid_basis=true max_uv_excess=0.00000008766074 widest=1.00010819873476 vertices=12092 derivatives=true bad_derivatives=0 min_determinant=0.00000030130301 worst_dot=0.99999976158142
CAP MAPPING: mesh=household_wardrobes_Wardrobe01__Body_ON_wood_dark valid_basis=true max_uv_excess=0.00000011920929 widest=1.00042779961388 vertices=7711 derivatives=true bad_derivatives=0 min_determinant=0.0000000288887 worst_dot=0.99999976158142
CAP MAPPING: mesh=household_wardrobes_Wardrobe01__LeftLeaf_ON_brass valid_basis=true max_uv_excess=0.00000153202564 widest=1.00076471531876 vertices=6662 derivatives=true bad_derivatives=0 min_determinant=0.00000001039982 worst_dot=0.99999976158142
CAP MAPPING: mesh=household_wardrobes_Wardrobe01__LeftLeaf_ON_wood_dark valid_basis=true max_uv_excess=0.00000011920929 widest=1.00030697773124 vertices=3125 derivatives=true bad_derivatives=0 min_determinant=0.00000004161626 worst_dot=0.99999690055847
CAP MAPPING: mesh=household_wardrobes_Wardrobe01__RightLeaf_ON_brass valid_basis=true max_uv_excess=0.00000153062865 widest=1.00076475887845 vertices=6627 derivatives=true bad_derivatives=0 min_determinant=0.00000001039841 worst_dot=0.99999976158142
CAP MAPPING: mesh=household_wardrobes_Wardrobe01__RightLeaf_ON_wood_dark valid_basis=true max_uv_excess=0.00000011920929 widest=1.00032137768102 vertices=3134 derivatives=true bad_derivatives=0 min_determinant=0.00000004161626 worst_dot=0.99999666213989
CAP MAPPING: mesh=household_wardrobes_Wardrobe02__Body_ON_brass valid_basis=true max_uv_excess=0.00000008294592 widest=1.00099888619065 vertices=3446 derivatives=true bad_derivatives=0 min_determinant=0.00000000462756 worst_dot=0.99999892711639
CAP MAPPING: mesh=household_wardrobes_Wardrobe02__Body_ON_fabric_cool valid_basis=true max_uv_excess=0.00000008568168 widest=1.0001396820196 vertices=13037 derivatives=true bad_derivatives=0 min_determinant=0.00000069134356 worst_dot=0.99999982118607
CAP MAPPING: mesh=household_wardrobes_Wardrobe02__Body_ON_fabric_green valid_basis=true max_uv_excess=0.00000008568168 widest=1.00012604285809 vertices=13045 derivatives=true bad_derivatives=0 min_determinant=0.00000069133462 worst_dot=0.99999976158142
CAP MAPPING: mesh=household_wardrobes_Wardrobe02__Body_ON_fabric_warm valid_basis=true max_uv_excess=0.00000008940697 widest=1.00013995024385 vertices=13006 derivatives=true bad_derivatives=0 min_determinant=0.00000069134356 worst_dot=0.99999982118607
CAP MAPPING: mesh=household_wardrobes_Wardrobe02__Body_ON_linen valid_basis=true max_uv_excess=0.00000008603092 widest=1.00014030870497 vertices=12989 derivatives=true bad_derivatives=0 min_determinant=0.00000069134356 worst_dot=0.99999982118607
CAP MAPPING: mesh=household_wardrobes_Wardrobe02__Body_ON_metal valid_basis=true max_uv_excess=0.00000008766074 widest=1.00010819873476 vertices=12092 derivatives=true bad_derivatives=0 min_determinant=0.00000030130301 worst_dot=0.99999976158142
CAP MAPPING: mesh=household_wardrobes_Wardrobe02__Body_ON_wood_dark valid_basis=true max_uv_excess=0.00000011920929 widest=1.00042779961388 vertices=7711 derivatives=true bad_derivatives=0 min_determinant=0.0000000288887 worst_dot=0.99999976158142
CAP MAPPING: mesh=household_wardrobes_Wardrobe02__LeftLeaf_ON_brass valid_basis=true max_uv_excess=0.00000153202564 widest=1.00076471531876 vertices=6662 derivatives=true bad_derivatives=0 min_determinant=0.00000001039982 worst_dot=0.99999976158142
CAP MAPPING: mesh=household_wardrobes_Wardrobe02__LeftLeaf_ON_wood_dark valid_basis=true max_uv_excess=0.00000011920929 widest=1.00030697773124 vertices=3125 derivatives=true bad_derivatives=0 min_determinant=0.00000004161626 worst_dot=0.99999690055847
CAP MAPPING: mesh=household_wardrobes_Wardrobe02__RightLeaf_ON_brass valid_basis=true max_uv_excess=0.00000153062865 widest=1.00076475887845 vertices=6627 derivatives=true bad_derivatives=0 min_determinant=0.00000001039841 worst_dot=0.99999976158142
CAP MAPPING: mesh=household_wardrobes_Wardrobe02__RightLeaf_ON_wood_dark valid_basis=true max_uv_excess=0.00000011920929 widest=1.00032137768102 vertices=3134 derivatives=true bad_derivatives=0 min_determinant=0.00000004161626 worst_dot=0.99999666213989
CAP MAPPING: mesh=household_wardrobes_Wardrobe03__Body_ON_brass valid_basis=true max_uv_excess=0.00000008294592 widest=1.00099888619065 vertices=3446 derivatives=true bad_derivatives=0 min_determinant=0.00000000462756 worst_dot=0.99999892711639
CAP MAPPING: mesh=household_wardrobes_Wardrobe03__Body_ON_fabric_cool valid_basis=true max_uv_excess=0.00000008940697 widest=1.00012431603873 vertices=13023 derivatives=true bad_derivatives=0 min_determinant=0.0000006908429 worst_dot=0.99999982118607
CAP MAPPING: mesh=household_wardrobes_Wardrobe03__Body_ON_fabric_green valid_basis=true max_uv_excess=0.00000008568168 widest=1.00014272123206 vertices=13016 derivatives=true bad_derivatives=0 min_determinant=0.0000006908429 worst_dot=0.99999982118607
CAP MAPPING: mesh=household_wardrobes_Wardrobe03__Body_ON_fabric_warm valid_basis=true max_uv_excess=0.00000008579809 widest=1.00013342530719 vertices=13013 derivatives=true bad_derivatives=0 min_determinant=0.0000006908429 worst_dot=0.99999982118607
CAP MAPPING: mesh=household_wardrobes_Wardrobe03__Body_ON_linen valid_basis=true max_uv_excess=0.00000008568168 widest=1.00012765333014 vertices=13001 derivatives=true bad_derivatives=0 min_determinant=0.0000006908429 worst_dot=0.99999982118607
CAP MAPPING: mesh=household_wardrobes_Wardrobe03__Body_ON_metal valid_basis=true max_uv_excess=0.00000008766074 widest=1.00010819873476 vertices=12095 derivatives=true bad_derivatives=0 min_determinant=0.00000030130301 worst_dot=0.99999976158142
CAP MAPPING: mesh=household_wardrobes_Wardrobe03__Body_ON_oak_quartered valid_basis=true max_uv_excess=0.00000011920929 widest=1.00042779961388 vertices=7711 derivatives=true bad_derivatives=0 min_determinant=0.0000000288887 worst_dot=0.99999976158142
CAP MAPPING: mesh=household_wardrobes_Wardrobe03__LeftLeaf_ON_brass valid_basis=true max_uv_excess=0.00000153202564 widest=1.00076471531876 vertices=6662 derivatives=true bad_derivatives=0 min_determinant=0.00000001039982 worst_dot=0.99999976158142
CAP MAPPING: mesh=household_wardrobes_Wardrobe03__LeftLeaf_ON_oak_quartered valid_basis=true max_uv_excess=0.00000011920929 widest=1.00030697773124 vertices=3125 derivatives=true bad_derivatives=0 min_determinant=0.00000004161626 worst_dot=0.99999690055847
CAP MAPPING: mesh=household_wardrobes_Wardrobe03__RightLeaf_ON_brass valid_basis=true max_uv_excess=0.00000153062865 widest=1.00076475887845 vertices=6627 derivatives=true bad_derivatives=0 min_determinant=0.00000001039841 worst_dot=0.99999976158142
CAP MAPPING: mesh=household_wardrobes_Wardrobe03__RightLeaf_ON_oak_quartered valid_basis=true max_uv_excess=0.00000011920929 widest=1.00032137768102 vertices=3134 derivatives=true bad_derivatives=0 min_determinant=0.00000004161626 worst_dot=0.99999666213989
CAP MAPPING: mesh=household_wardrobes_Wardrobe04__Body_ON_brass valid_basis=true max_uv_excess=0.00000008294592 widest=1.00099888619065 vertices=3446 derivatives=true bad_derivatives=0 min_determinant=0.00000000462756 worst_dot=0.99999892711639
CAP MAPPING: mesh=household_wardrobes_Wardrobe04__Body_ON_fabric_cool valid_basis=true max_uv_excess=0.00000008568168 widest=1.0001250512191 vertices=13025 derivatives=true bad_derivatives=0 min_determinant=0.00000069105747 worst_dot=0.99999982118607
CAP MAPPING: mesh=household_wardrobes_Wardrobe04__Body_ON_fabric_green valid_basis=true max_uv_excess=0.00000008568168 widest=1.00012088691088 vertices=13052 derivatives=true bad_derivatives=0 min_determinant=0.00000069111558 worst_dot=0.99999982118607
CAP MAPPING: mesh=household_wardrobes_Wardrobe04__Body_ON_fabric_warm valid_basis=true max_uv_excess=0.00000008195639 widest=1.00013201452494 vertices=13046 derivatives=true bad_derivatives=0 min_determinant=0.00000069112899 worst_dot=0.99999982118607
CAP MAPPING: mesh=household_wardrobes_Wardrobe04__Body_ON_linen valid_basis=true max_uv_excess=0.00000008568168 widest=1.00013313190805 vertices=12996 derivatives=true bad_derivatives=0 min_determinant=0.00000069112899 worst_dot=0.99999982118607
CAP MAPPING: mesh=household_wardrobes_Wardrobe04__Body_ON_metal valid_basis=true max_uv_excess=0.00000008766074 widest=1.00010819873476 vertices=12091 derivatives=true bad_derivatives=0 min_determinant=0.00000030130301 worst_dot=0.99999976158142
CAP MAPPING: mesh=household_wardrobes_Wardrobe04__Body_ON_wood_dark valid_basis=true max_uv_excess=0.00000011920929 widest=1.00042779961388 vertices=7711 derivatives=true bad_derivatives=0 min_determinant=0.0000000288887 worst_dot=0.99999976158142
CAP MAPPING: mesh=household_wardrobes_Wardrobe04__LeftLeaf_ON_brass valid_basis=true max_uv_excess=0.00000153202564 widest=1.00076471531876 vertices=6662 derivatives=true bad_derivatives=0 min_determinant=0.00000001039982 worst_dot=0.99999976158142
CAP MAPPING: mesh=household_wardrobes_Wardrobe04__LeftLeaf_ON_wood_dark valid_basis=true max_uv_excess=0.00000011920929 widest=1.00030697773124 vertices=3125 derivatives=true bad_derivatives=0 min_determinant=0.00000004161626 worst_dot=0.99999690055847
CAP MAPPING: mesh=household_wardrobes_Wardrobe04__RightLeaf_ON_brass valid_basis=true max_uv_excess=0.00000153062865 widest=1.00076475887845 vertices=6627 derivatives=true bad_derivatives=0 min_determinant=0.00000001039841 worst_dot=0.99999976158142
CAP MAPPING: mesh=household_wardrobes_Wardrobe04__RightLeaf_ON_wood_dark valid_basis=true max_uv_excess=0.00000011920929 widest=1.00032137768102 vertices=3134 derivatives=true bad_derivatives=0 min_determinant=0.00000004161626 worst_dot=0.99999666213989
CAP MAPPING: mesh=household_wardrobes_Wardrobe05__Body_ON_brass valid_basis=true max_uv_excess=0.00000008294592 widest=1.00099888619065 vertices=3446 derivatives=true bad_derivatives=0 min_determinant=0.00000000462756 worst_dot=0.99999892711639
CAP MAPPING: mesh=household_wardrobes_Wardrobe05__Body_ON_fabric_cool valid_basis=true max_uv_excess=0.00000008940697 widest=1.00014424097005 vertices=13029 derivatives=true bad_derivatives=0 min_determinant=0.00000069141285 worst_dot=0.99999982118607
CAP MAPPING: mesh=household_wardrobes_Wardrobe05__Body_ON_fabric_green valid_basis=true max_uv_excess=0.00000008568168 widest=1.00013105254092 vertices=13049 derivatives=true bad_derivatives=0 min_determinant=0.00000069141508 worst_dot=0.99999982118607
CAP MAPPING: mesh=household_wardrobes_Wardrobe05__Body_ON_fabric_warm valid_basis=true max_uv_excess=0.00000008568168 widest=1.00014164774233 vertices=13034 derivatives=true bad_derivatives=0 min_determinant=0.00000069147766 worst_dot=0.99999982118607
CAP MAPPING: mesh=household_wardrobes_Wardrobe05__Body_ON_linen valid_basis=true max_uv_excess=0.00000008568168 widest=1.00012827240845 vertices=13012 derivatives=true bad_derivatives=0 min_determinant=0.00000069141508 worst_dot=0.99999982118607
CAP MAPPING: mesh=household_wardrobes_Wardrobe05__Body_ON_metal valid_basis=true max_uv_excess=0.00000008766074 widest=1.00010819873476 vertices=12095 derivatives=true bad_derivatives=0 min_determinant=0.00000030130301 worst_dot=0.99999976158142
CAP MAPPING: mesh=household_wardrobes_Wardrobe05__Body_ON_oak_quartered valid_basis=true max_uv_excess=0.00000011920929 widest=1.00042779961388 vertices=7711 derivatives=true bad_derivatives=0 min_determinant=0.0000000288887 worst_dot=0.99999976158142
CAP MAPPING: mesh=household_wardrobes_Wardrobe05__LeftLeaf_ON_brass valid_basis=true max_uv_excess=0.00000153202564 widest=1.00076471531876 vertices=6662 derivatives=true bad_derivatives=0 min_determinant=0.00000001039982 worst_dot=0.99999976158142
CAP MAPPING: mesh=household_wardrobes_Wardrobe05__LeftLeaf_ON_oak_quartered valid_basis=true max_uv_excess=0.00000011920929 widest=1.00030697773124 vertices=3125 derivatives=true bad_derivatives=0 min_determinant=0.00000004161626 worst_dot=0.99999690055847
CAP MAPPING: mesh=household_wardrobes_Wardrobe05__RightLeaf_ON_brass valid_basis=true max_uv_excess=0.00000153062865 widest=1.00076475887845 vertices=6627 derivatives=true bad_derivatives=0 min_determinant=0.00000001039841 worst_dot=0.99999976158142
CAP MAPPING: mesh=household_wardrobes_Wardrobe05__RightLeaf_ON_oak_quartered valid_basis=true max_uv_excess=0.00000011920929 widest=1.00032137768102 vertices=3134 derivatives=true bad_derivatives=0 min_determinant=0.00000004161626 worst_dot=0.99999666213989
CAP MAPPING: mesh=household_wardrobes_Wardrobe06__Body_ON_brass valid_basis=true max_uv_excess=0.00000008294592 widest=1.00099888619065 vertices=3446 derivatives=true bad_derivatives=0 min_determinant=0.00000000462756 worst_dot=0.99999892711639
CAP MAPPING: mesh=household_wardrobes_Wardrobe06__Body_ON_fabric_cool valid_basis=true max_uv_excess=0.00000008795178 widest=1.00014817304886 vertices=13010 derivatives=true bad_derivatives=0 min_determinant=0.00000069141508 worst_dot=0.99999976158142
CAP MAPPING: mesh=household_wardrobes_Wardrobe06__Body_ON_fabric_green valid_basis=true max_uv_excess=0.00000008940697 widest=1.00009469506296 vertices=13041 derivatives=true bad_derivatives=0 min_determinant=0.00000069141508 worst_dot=0.99999982118607
CAP MAPPING: mesh=household_wardrobes_Wardrobe06__Body_ON_fabric_warm valid_basis=true max_uv_excess=0.00000008300412 widest=1.00013684693709 vertices=13030 derivatives=true bad_derivatives=0 min_determinant=0.00000069134356 worst_dot=0.99999982118607
CAP MAPPING: mesh=household_wardrobes_Wardrobe06__Body_ON_linen valid_basis=true max_uv_excess=0.00000008684583 widest=1.00012471690454 vertices=13025 derivatives=true bad_derivatives=0 min_determinant=0.00000069134356 worst_dot=0.99999982118607
CAP MAPPING: mesh=household_wardrobes_Wardrobe06__Body_ON_metal valid_basis=true max_uv_excess=0.00000008766074 widest=1.00010819873476 vertices=12097 derivatives=true bad_derivatives=0 min_determinant=0.00000030130301 worst_dot=0.99999976158142
CAP MAPPING: mesh=household_wardrobes_Wardrobe06__Body_ON_oak_quartered valid_basis=true max_uv_excess=0.00000011920929 widest=1.00042779961388 vertices=7711 derivatives=true bad_derivatives=0 min_determinant=0.0000000288887 worst_dot=0.99999976158142
CAP MAPPING: mesh=household_wardrobes_Wardrobe06__LeftLeaf_ON_brass valid_basis=true max_uv_excess=0.00000153202564 widest=1.00076471531876 vertices=6662 derivatives=true bad_derivatives=0 min_determinant=0.00000001039982 worst_dot=0.99999976158142
CAP MAPPING: mesh=household_wardrobes_Wardrobe06__LeftLeaf_ON_oak_quartered valid_basis=true max_uv_excess=0.00000011920929 widest=1.00030697773124 vertices=3125 derivatives=true bad_derivatives=0 min_determinant=0.00000004161626 worst_dot=0.99999690055847
CAP MAPPING: mesh=household_wardrobes_Wardrobe06__RightLeaf_ON_brass valid_basis=true max_uv_excess=0.00000153062865 widest=1.00076475887845 vertices=6627 derivatives=true bad_derivatives=0 min_determinant=0.00000001039841 worst_dot=0.99999976158142
CAP MAPPING: mesh=household_wardrobes_Wardrobe06__RightLeaf_ON_oak_quartered valid_basis=true max_uv_excess=0.00000011920929 widest=1.00032137768102 vertices=3134 derivatives=true bad_derivatives=0 min_determinant=0.00000004161626 worst_dot=0.99999666213989
CAP MAPPING: mesh=household_wardrobes_Wardrobe07__Body_ON_brass valid_basis=true max_uv_excess=0.00000008294592 widest=1.00099888619065 vertices=3446 derivatives=true bad_derivatives=0 min_determinant=0.00000000462756 worst_dot=0.99999892711639
CAP MAPPING: mesh=household_wardrobes_Wardrobe07__Body_ON_fabric_cool valid_basis=true max_uv_excess=0.00000008940697 widest=1.00011632744089 vertices=13023 derivatives=true bad_derivatives=0 min_determinant=0.00000069127204 worst_dot=0.99999982118607
CAP MAPPING: mesh=household_wardrobes_Wardrobe07__Body_ON_fabric_green valid_basis=true max_uv_excess=0.00000009313226 widest=1.00010639823471 vertices=13036 derivatives=true bad_derivatives=0 min_determinant=0.00000069134132 worst_dot=0.99999982118607
CAP MAPPING: mesh=household_wardrobes_Wardrobe07__Body_ON_fabric_warm valid_basis=true max_uv_excess=0.00000008940697 widest=1.00012163832626 vertices=13041 derivatives=true bad_derivatives=0 min_determinant=0.00000069134356 worst_dot=0.99999982118607
CAP MAPPING: mesh=household_wardrobes_Wardrobe07__Body_ON_linen valid_basis=true max_uv_excess=0.00000008195639 widest=1.00013471642193 vertices=13027 derivatives=true bad_derivatives=0 min_determinant=0.00000069134356 worst_dot=0.99999982118607
CAP MAPPING: mesh=household_wardrobes_Wardrobe07__Body_ON_metal valid_basis=true max_uv_excess=0.00000008766074 widest=1.00010819873476 vertices=12088 derivatives=true bad_derivatives=0 min_determinant=0.00000030130301 worst_dot=0.99999976158142
CAP MAPPING: mesh=household_wardrobes_Wardrobe07__Body_ON_oak_quartered valid_basis=true max_uv_excess=0.00000011920929 widest=1.00042779961388 vertices=7711 derivatives=true bad_derivatives=0 min_determinant=0.0000000288887 worst_dot=0.99999976158142
CAP MAPPING: mesh=household_wardrobes_Wardrobe07__LeftLeaf_ON_brass valid_basis=true max_uv_excess=0.00000153202564 widest=1.00076471531876 vertices=6662 derivatives=true bad_derivatives=0 min_determinant=0.00000001039982 worst_dot=0.99999976158142
CAP MAPPING: mesh=household_wardrobes_Wardrobe07__LeftLeaf_ON_oak_quartered valid_basis=true max_uv_excess=0.00000011920929 widest=1.00030697773124 vertices=3125 derivatives=true bad_derivatives=0 min_determinant=0.00000004161626 worst_dot=0.99999690055847
CAP MAPPING: mesh=household_wardrobes_Wardrobe07__RightLeaf_ON_brass valid_basis=true max_uv_excess=0.00000153062865 widest=1.00076475887845 vertices=6627 derivatives=true bad_derivatives=0 min_determinant=0.00000001039841 worst_dot=0.99999976158142
CAP MAPPING: mesh=household_wardrobes_Wardrobe07__RightLeaf_ON_oak_quartered valid_basis=true max_uv_excess=0.00000011920929 widest=1.00032137768102 vertices=3134 derivatives=true bad_derivatives=0 min_determinant=0.00000004161626 worst_dot=0.99999666213989
CAP MAPPING: mesh=household_wardrobes_Wardrobe08__Body_ON_brass valid_basis=true max_uv_excess=0.00000008294592 widest=1.00099888619065 vertices=3446 derivatives=true bad_derivatives=0 min_determinant=0.00000000462756 worst_dot=0.99999892711639
CAP MAPPING: mesh=household_wardrobes_Wardrobe08__Body_ON_fabric_cool valid_basis=true max_uv_excess=0.00000008940697 widest=1.00013218088289 vertices=13017 derivatives=true bad_derivatives=0 min_determinant=0.00000069127204 worst_dot=0.99999982118607
CAP MAPPING: mesh=household_wardrobes_Wardrobe08__Body_ON_fabric_green valid_basis=true max_uv_excess=0.00000008940697 widest=1.00013306114979 vertices=13021 derivatives=true bad_derivatives=0 min_determinant=0.00000069120051 worst_dot=0.99999982118607
CAP MAPPING: mesh=household_wardrobes_Wardrobe08__Body_ON_fabric_warm valid_basis=true max_uv_excess=0.00000009685755 widest=1.00014083464563 vertices=12995 derivatives=true bad_derivatives=0 min_determinant=0.00000069120051 worst_dot=0.99999976158142
CAP MAPPING: mesh=household_wardrobes_Wardrobe08__Body_ON_linen valid_basis=true max_uv_excess=0.00000008568168 widest=1.00010503571067 vertices=12999 derivatives=true bad_derivatives=0 min_determinant=0.00000069120051 worst_dot=0.99999982118607
CAP MAPPING: mesh=household_wardrobes_Wardrobe08__Body_ON_metal valid_basis=true max_uv_excess=0.00000008766074 widest=1.00010819873476 vertices=12091 derivatives=true bad_derivatives=0 min_determinant=0.00000030130301 worst_dot=0.99999976158142
CAP MAPPING: mesh=household_wardrobes_Wardrobe08__Body_ON_oak_quartered valid_basis=true max_uv_excess=0.00000011920929 widest=1.00042779961388 vertices=7711 derivatives=true bad_derivatives=0 min_determinant=0.0000000288887 worst_dot=0.99999976158142
CAP MAPPING: mesh=household_wardrobes_Wardrobe08__LeftLeaf_ON_brass valid_basis=true max_uv_excess=0.00000153202564 widest=1.00076471531876 vertices=6662 derivatives=true bad_derivatives=0 min_determinant=0.00000001039982 worst_dot=0.99999976158142
CAP MAPPING: mesh=household_wardrobes_Wardrobe08__LeftLeaf_ON_oak_quartered valid_basis=true max_uv_excess=0.00000011920929 widest=1.00030697773124 vertices=3125 derivatives=true bad_derivatives=0 min_determinant=0.00000004161626 worst_dot=0.99999690055847
CAP MAPPING: mesh=household_wardrobes_Wardrobe08__RightLeaf_ON_brass valid_basis=true max_uv_excess=0.00000153062865 widest=1.00076475887845 vertices=6627 derivatives=true bad_derivatives=0 min_determinant=0.00000001039841 worst_dot=0.99999976158142
CAP MAPPING: mesh=household_wardrobes_Wardrobe08__RightLeaf_ON_oak_quartered valid_basis=true max_uv_excess=0.00000011920929 widest=1.00032137768102 vertices=3134 derivatives=true bad_derivatives=0 min_determinant=0.00000004161626 worst_dot=0.99999666213989
CAP MAPPING: mesh=household_wardrobes_Wardrobe09__Body_ON_brass valid_basis=true max_uv_excess=0.00000008294592 widest=1.00099888619065 vertices=3446 derivatives=true bad_derivatives=0 min_determinant=0.00000000462756 worst_dot=0.99999892711639
CAP MAPPING: mesh=household_wardrobes_Wardrobe09__Body_ON_fabric_cool valid_basis=true max_uv_excess=0.00000008568168 widest=1.00013980617109 vertices=13025 derivatives=true bad_derivatives=0 min_determinant=0.00000069091442 worst_dot=0.99999982118607
CAP MAPPING: mesh=household_wardrobes_Wardrobe09__Body_ON_fabric_green valid_basis=true max_uv_excess=0.00000008940697 widest=1.00012821117078 vertices=13065 derivatives=true bad_derivatives=0 min_determinant=0.00000069091442 worst_dot=0.99999982118607
CAP MAPPING: mesh=household_wardrobes_Wardrobe09__Body_ON_fabric_warm valid_basis=true max_uv_excess=0.00000008312054 widest=1.00014076781945 vertices=13036 derivatives=true bad_derivatives=0 min_determinant=0.00000069097924 worst_dot=0.99999982118607
CAP MAPPING: mesh=household_wardrobes_Wardrobe09__Body_ON_linen valid_basis=true max_uv_excess=0.00000008568168 widest=1.00012520587964 vertices=12999 derivatives=true bad_derivatives=0 min_determinant=0.00000069091442 worst_dot=0.99999982118607
CAP MAPPING: mesh=household_wardrobes_Wardrobe09__Body_ON_metal valid_basis=true max_uv_excess=0.00000008911593 widest=1.00011477106621 vertices=12087 derivatives=true bad_derivatives=0 min_determinant=0.00000030130301 worst_dot=0.99999976158142
CAP MAPPING: mesh=household_wardrobes_Wardrobe09__Body_ON_wood_dark valid_basis=true max_uv_excess=0.00000011920929 widest=1.00042779961388 vertices=7711 derivatives=true bad_derivatives=0 min_determinant=0.0000000288887 worst_dot=0.99999976158142
CAP MAPPING: mesh=household_wardrobes_Wardrobe09__LeftLeaf_ON_brass valid_basis=true max_uv_excess=0.00000153202564 widest=1.00076471531876 vertices=6662 derivatives=true bad_derivatives=0 min_determinant=0.00000001039982 worst_dot=0.99999976158142
CAP MAPPING: mesh=household_wardrobes_Wardrobe09__LeftLeaf_ON_wood_dark valid_basis=true max_uv_excess=0.00000011920929 widest=1.00030697773124 vertices=3125 derivatives=true bad_derivatives=0 min_determinant=0.00000004161626 worst_dot=0.99999690055847
CAP MAPPING: mesh=household_wardrobes_Wardrobe09__RightLeaf_ON_brass valid_basis=true max_uv_excess=0.00000153062865 widest=1.00076475887845 vertices=6627 derivatives=true bad_derivatives=0 min_determinant=0.00000001039841 worst_dot=0.99999976158142
CAP MAPPING: mesh=household_wardrobes_Wardrobe09__RightLeaf_ON_wood_dark valid_basis=true max_uv_excess=0.00000011920929 widest=1.00032137768102 vertices=3134 derivatives=true bad_derivatives=0 min_determinant=0.00000004161626 worst_dot=0.99999666213989
CAP MAPPING: mesh=household_wardrobes_Wardrobe10__Body_ON_brass valid_basis=true max_uv_excess=0.00000008294592 widest=1.00099888619065 vertices=3446 derivatives=true bad_derivatives=0 min_determinant=0.00000000462756 worst_dot=0.99999892711639
CAP MAPPING: mesh=household_wardrobes_Wardrobe10__Body_ON_fabric_cool valid_basis=true max_uv_excess=0.00000008405186 widest=1.00012953669828 vertices=13011 derivatives=true bad_derivatives=0 min_determinant=0.00000069091442 worst_dot=0.99999982118607
CAP MAPPING: mesh=household_wardrobes_Wardrobe10__Body_ON_fabric_green valid_basis=true max_uv_excess=0.00000008632196 widest=1.00014513543789 vertices=13049 derivatives=true bad_derivatives=0 min_determinant=0.00000069091442 worst_dot=0.99999982118607
CAP MAPPING: mesh=household_wardrobes_Wardrobe10__Body_ON_fabric_warm valid_basis=true max_uv_excess=0.00000008568168 widest=1.00013680883285 vertices=13014 derivatives=true bad_derivatives=0 min_determinant=0.00000069091442 worst_dot=0.99999982118607
CAP MAPPING: mesh=household_wardrobes_Wardrobe10__Body_ON_linen valid_basis=true max_uv_excess=0.00000008940697 widest=1.00012672132276 vertices=13003 derivatives=true bad_derivatives=0 min_determinant=0.00000069091218 worst_dot=0.99999982118607
CAP MAPPING: mesh=household_wardrobes_Wardrobe10__Body_ON_metal valid_basis=true max_uv_excess=0.00000008766074 widest=1.00010819873476 vertices=12093 derivatives=true bad_derivatives=0 min_determinant=0.00000030130301 worst_dot=0.99999976158142
CAP MAPPING: mesh=household_wardrobes_Wardrobe10__Body_ON_wood_dark valid_basis=true max_uv_excess=0.00000011920929 widest=1.00042779961388 vertices=7711 derivatives=true bad_derivatives=0 min_determinant=0.0000000288887 worst_dot=0.99999976158142
CAP MAPPING: mesh=household_wardrobes_Wardrobe10__LeftLeaf_ON_brass valid_basis=true max_uv_excess=0.00000153202564 widest=1.00076471531876 vertices=6662 derivatives=true bad_derivatives=0 min_determinant=0.00000001039982 worst_dot=0.99999976158142
CAP MAPPING: mesh=household_wardrobes_Wardrobe10__LeftLeaf_ON_wood_dark valid_basis=true max_uv_excess=0.00000011920929 widest=1.00030697773124 vertices=3125 derivatives=true bad_derivatives=0 min_determinant=0.00000004161626 worst_dot=0.99999690055847
CAP MAPPING: mesh=household_wardrobes_Wardrobe10__RightLeaf_ON_brass valid_basis=true max_uv_excess=0.00000153062865 widest=1.00076475887845 vertices=6627 derivatives=true bad_derivatives=0 min_determinant=0.00000001039841 worst_dot=0.99999976158142
CAP MAPPING: mesh=household_wardrobes_Wardrobe10__RightLeaf_ON_wood_dark valid_basis=true max_uv_excess=0.00000011920929 widest=1.00032137768102 vertices=3134 derivatives=true bad_derivatives=0 min_determinant=0.00000004161626 worst_dot=0.99999666213989
CAP MAPPING: mesh=household_wardrobes_Wardrobe11__Body_ON_brass valid_basis=true max_uv_excess=0.00000008294592 widest=1.00099888619065 vertices=3446 derivatives=true bad_derivatives=0 min_determinant=0.00000000462756 worst_dot=0.99999892711639
CAP MAPPING: mesh=household_wardrobes_Wardrobe11__Body_ON_fabric_cool valid_basis=true max_uv_excess=0.0000000835862 widest=1.00014121438074 vertices=13035 derivatives=true bad_derivatives=0 min_determinant=0.0000006908429 worst_dot=0.99999976158142
CAP MAPPING: mesh=household_wardrobes_Wardrobe11__Body_ON_fabric_green valid_basis=true max_uv_excess=0.00000008195639 widest=1.00012802929591 vertices=13020 derivatives=true bad_derivatives=0 min_determinant=0.0000006908429 worst_dot=0.99999982118607
CAP MAPPING: mesh=household_wardrobes_Wardrobe11__Body_ON_fabric_warm valid_basis=true max_uv_excess=0.00000008277129 widest=1.00012705026626 vertices=12985 derivatives=true bad_derivatives=0 min_determinant=0.00000069091442 worst_dot=0.99999982118607
CAP MAPPING: mesh=household_wardrobes_Wardrobe11__Body_ON_linen valid_basis=true max_uv_excess=0.00000008940697 widest=1.00012887406761 vertices=13010 derivatives=true bad_derivatives=0 min_determinant=0.00000069090324 worst_dot=0.99999982118607
CAP MAPPING: mesh=household_wardrobes_Wardrobe11__Body_ON_metal valid_basis=true max_uv_excess=0.00000008766074 widest=1.00010819873476 vertices=12094 derivatives=true bad_derivatives=0 min_determinant=0.00000030130301 worst_dot=0.99999976158142
CAP MAPPING: mesh=household_wardrobes_Wardrobe11__Body_ON_wood_dark valid_basis=true max_uv_excess=0.00000011920929 widest=1.00042779961388 vertices=7711 derivatives=true bad_derivatives=0 min_determinant=0.0000000288887 worst_dot=0.99999976158142
CAP MAPPING: mesh=household_wardrobes_Wardrobe11__LeftLeaf_ON_brass valid_basis=true max_uv_excess=0.00000153202564 widest=1.00076471531876 vertices=6662 derivatives=true bad_derivatives=0 min_determinant=0.00000001039982 worst_dot=0.99999976158142
CAP MAPPING: mesh=household_wardrobes_Wardrobe11__LeftLeaf_ON_wood_dark valid_basis=true max_uv_excess=0.00000011920929 widest=1.00030697773124 vertices=3125 derivatives=true bad_derivatives=0 min_determinant=0.00000004161626 worst_dot=0.99999690055847
CAP MAPPING: mesh=household_wardrobes_Wardrobe11__RightLeaf_ON_brass valid_basis=true max_uv_excess=0.00000153062865 widest=1.00076475887845 vertices=6627 derivatives=true bad_derivatives=0 min_determinant=0.00000001039841 worst_dot=0.99999976158142
CAP MAPPING: mesh=household_wardrobes_Wardrobe11__RightLeaf_ON_wood_dark valid_basis=true max_uv_excess=0.00000011920929 widest=1.00032137768102 vertices=3134 derivatives=true bad_derivatives=0 min_determinant=0.00000004161626 worst_dot=0.99999666213989
CAP MAPPING: mesh=household_wardrobes_Wardrobe12__Body_ON_brass valid_basis=true max_uv_excess=0.00000008294592 widest=1.00099888619065 vertices=3446 derivatives=true bad_derivatives=0 min_determinant=0.00000000462756 worst_dot=0.99999892711639
CAP MAPPING: mesh=household_wardrobes_Wardrobe12__Body_ON_fabric_cool valid_basis=true max_uv_excess=0.00000008195639 widest=1.00013460842205 vertices=13047 derivatives=true bad_derivatives=0 min_determinant=0.0000006908429 worst_dot=0.99999976158142
CAP MAPPING: mesh=household_wardrobes_Wardrobe12__Body_ON_fabric_green valid_basis=true max_uv_excess=0.00000008568168 widest=1.00011799901301 vertices=13055 derivatives=true bad_derivatives=0 min_determinant=0.00000069155813 worst_dot=0.99999982118607
CAP MAPPING: mesh=household_wardrobes_Wardrobe12__Body_ON_fabric_warm valid_basis=true max_uv_excess=0.00000008195639 widest=1.00011909767097 vertices=12998 derivatives=true bad_derivatives=0 min_determinant=0.00000069083172 worst_dot=0.99999982118607
CAP MAPPING: mesh=household_wardrobes_Wardrobe12__Body_ON_linen valid_basis=true max_uv_excess=0.0000000782311 widest=1.0001100111532 vertices=13013 derivatives=true bad_derivatives=0 min_determinant=0.00000069077137 worst_dot=0.99999982118607
CAP MAPPING: mesh=household_wardrobes_Wardrobe12__Body_ON_metal valid_basis=true max_uv_excess=0.00000008766074 widest=1.00010819873476 vertices=12096 derivatives=true bad_derivatives=0 min_determinant=0.00000030130301 worst_dot=0.99999976158142
CAP MAPPING: mesh=household_wardrobes_Wardrobe12__Body_ON_wood_dark valid_basis=true max_uv_excess=0.00000011920929 widest=1.00042779961388 vertices=7711 derivatives=true bad_derivatives=0 min_determinant=0.0000000288887 worst_dot=0.99999976158142
CAP MAPPING: mesh=household_wardrobes_Wardrobe12__LeftLeaf_ON_brass valid_basis=true max_uv_excess=0.00000153202564 widest=1.00076471531876 vertices=6662 derivatives=true bad_derivatives=0 min_determinant=0.00000001039982 worst_dot=0.99999976158142
CAP MAPPING: mesh=household_wardrobes_Wardrobe12__LeftLeaf_ON_wood_dark valid_basis=true max_uv_excess=0.00000011920929 widest=1.00030697773124 vertices=3125 derivatives=true bad_derivatives=0 min_determinant=0.00000004161626 worst_dot=0.99999690055847
CAP MAPPING: mesh=household_wardrobes_Wardrobe12__RightLeaf_ON_brass valid_basis=true max_uv_excess=0.00000153062865 widest=1.00076475887845 vertices=6627 derivatives=true bad_derivatives=0 min_determinant=0.00000001039841 worst_dot=0.99999976158142
CAP MAPPING: mesh=household_wardrobes_Wardrobe12__RightLeaf_ON_wood_dark valid_basis=true max_uv_excess=0.00000011920929 widest=1.00032137768102 vertices=3134 derivatives=true bad_derivatives=0 min_determinant=0.00000004161626 worst_dot=0.99999666213989
CAP MAPPING: mesh=medicine_cabinets_MedicineRight__Body_ON_enamel valid_basis=true max_uv_excess=0.00000008805364 widest=1.00063379567405 vertices=7813 derivatives=true bad_derivatives=0 min_determinant=0.00000000722607 worst_dot=0.99999970197678
CAP MAPPING: mesh=medicine_cabinets_MedicineRight__Body_ON_glassish valid_basis=true max_uv_excess=0.00000011030352 widest=1.00055481719793 vertices=1023 derivatives=true bad_derivatives=0 min_determinant=0.00000002888487 worst_dot=0.99999982118607
CAP MAPPING: mesh=medicine_cabinets_MedicineRight__Body_ON_nickel valid_basis=true max_uv_excess=0.00000237929635 widest=1.00112271645746 vertices=16628 derivatives=true bad_derivatives=0 min_determinant=0.00000000722607 worst_dot=0.99999976158142
CAP MAPPING: mesh=medicine_cabinets_MedicineRight__CabinetDoor_ON_bakelite valid_basis=true max_uv_excess=0.00000008314964 widest=1.00027329278307 vertices=2040 derivatives=true bad_derivatives=0 min_determinant=0.00000004161343 worst_dot=0.99999988079071
CAP MAPPING: mesh=medicine_cabinets_MedicineRight__CabinetDoor_ON_enamel valid_basis=true max_uv_excess=0.00000007631024 widest=1.00036909105907 vertices=530 derivatives=true bad_derivatives=0 min_determinant=0.00000001850648 worst_dot=0.99999982118607
CAP MAPPING: mesh=medicine_cabinets_MedicineRight__CabinetDoor_ON_nickel valid_basis=true max_uv_excess=0.00000222725794 widest=1.00077730365296 vertices=13912 derivatives=true bad_derivatives=0 min_determinant=0.00000001849776 worst_dot=0.99999976158142
CAP MAPPING: mesh=medicine_cabinets_MedicineRight__Mirror_ON_mirror valid_basis=true max_uv_excess=0.00000006916525 widest=1.00042893216252 vertices=500 derivatives=true bad_derivatives=0 min_determinant=0.00000001417325 worst_dot=0.99999982118607
CAP MAPPING: mesh=medicine_cabinets_MedicineItem_aspirin__Body_ON_bakelite valid_basis=true max_uv_excess=0.00000083644409 widest=1.00073122097824 vertices=879 derivatives=true bad_derivatives=0 min_determinant=0.00000113558622 worst_dot=0.99999988079071
CAP MAPPING: mesh=medicine_cabinets_MedicineItem_aspirin__Body_ON_bottle valid_basis=true max_uv_excess=0.0000014025718 widest=1.000745860838 vertices=2584 derivatives=true bad_derivatives=0 min_determinant=0.00000126273133 worst_dot=0.99999982118607
CAP MAPPING: mesh=medicine_cabinets_MedicineItem_cold_cream__Body_ON_porcelain valid_basis=true max_uv_excess=0.00000006286427 widest=1.00013071629351 vertices=2198 derivatives=true bad_derivatives=0 min_determinant=0.00000098150713 worst_dot=0.99999976158142
CAP MAPPING: mesh=medicine_cabinets_MedicineItem_thimble_tin__Body_ON_nickel valid_basis=true max_uv_excess=0.00000008699135 widest=1.00030162007012 vertices=2174 derivatives=true bad_derivatives=0 min_determinant=0.00000075143686 worst_dot=0.99999982118607
CAP MAPPING: mesh=medicine_cabinets_MedicineItem_iodine__Body_ON_bakelite valid_basis=true max_uv_excess=0.00000077264849 widest=1.00072369717335 vertices=913 derivatives=true bad_derivatives=0 min_determinant=0.00000124751925 worst_dot=0.99999988079071
CAP MAPPING: mesh=medicine_cabinets_MedicineItem_iodine__Body_ON_bottle valid_basis=true max_uv_excess=0.00000131723937 widest=1.00074475924913 vertices=2608 derivatives=true bad_derivatives=0 min_determinant=0.00000115902526 worst_dot=0.99999988079071
CAP MAPPING: mesh=medicine_cabinets_MedicineItem_razor__Body_ON_bakelite valid_basis=true max_uv_excess=0.00000004435424 widest=1.0000603107298 vertices=521 derivatives=true bad_derivatives=0 min_determinant=0.00000026022305 worst_dot=0.99999982118607
CAP MAPPING: mesh=medicine_cabinets_MedicineItem_razor__Body_ON_nickel valid_basis=true max_uv_excess=0.00000008515781 widest=1.0008237249682 vertices=8264 derivatives=true bad_derivatives=0 min_determinant=0.00000000462568 worst_dot=0.99999624490738
CAP MAPPING: mesh=medicine_cabinets_MedicineItem_shaving_stick__Body_ON_bakelite valid_basis=true max_uv_excess=0.00000093411654 widest=1.00072053510687 vertices=886 derivatives=true bad_derivatives=0 min_determinant=0.00000176790324 worst_dot=0.99999982118607
CAP MAPPING: mesh=medicine_cabinets_MedicineItem_shaving_stick__Body_ON_bottle valid_basis=true max_uv_excess=0.00000160373747 widest=1.00073193932312 vertices=2598 derivatives=true bad_derivatives=0 min_determinant=0.00000147028639 worst_dot=0.99999982118607
CAP MAPPING: mesh=medicine_cabinets_MedicineItem_shaving_stick__Body_ON_paper valid_basis=true max_uv_excess=0.00000161491334 widest=1.00072550054936 vertices=723 derivatives=true bad_derivatives=0 min_determinant=0.00000007528995 worst_dot=0.99999928474426
CAP MAPPING: mesh=medicine_cabinets_MedicineItem_plasters__Body_ON_paper valid_basis=true max_uv_excess=0.00000004695539 widest=1.0009084059752 vertices=999 derivatives=true bad_derivatives=0 min_determinant=0.00000000115642 worst_dot=0.99999952316284
CAP MAPPING: mesh=medicine_cabinets_MedicineItem_brown_bottle__Body_ON_bakelite valid_basis=true max_uv_excess=0.00000093411654 widest=1.00072053510687 vertices=913 derivatives=true bad_derivatives=0 min_determinant=0.00000191248112 worst_dot=0.99999982118607
CAP MAPPING: mesh=medicine_cabinets_MedicineItem_brown_bottle__Body_ON_bottle valid_basis=true max_uv_excess=0.00000160373747 widest=1.00073193932312 vertices=2620 derivatives=true bad_derivatives=0 min_determinant=0.00000147028639 worst_dot=0.99999982118607
CAP MAPPING: mesh=medicine_cabinets_MedicineLeft__Body_ON_enamel valid_basis=true max_uv_excess=0.00000008805364 widest=1.00063379567405 vertices=7813 derivatives=true bad_derivatives=0 min_determinant=0.00000000722607 worst_dot=0.99999970197678
CAP MAPPING: mesh=medicine_cabinets_MedicineLeft__Body_ON_glassish valid_basis=true max_uv_excess=0.00000011030352 widest=1.00055481719793 vertices=1023 derivatives=true bad_derivatives=0 min_determinant=0.00000002888487 worst_dot=0.99999982118607
CAP MAPPING: mesh=medicine_cabinets_MedicineLeft__Body_ON_nickel valid_basis=true max_uv_excess=0.00000237929635 widest=1.00112271645746 vertices=16635 derivatives=true bad_derivatives=0 min_determinant=0.00000000722607 worst_dot=0.99999976158142
CAP MAPPING: mesh=medicine_cabinets_MedicineLeft__CabinetDoor_ON_bakelite valid_basis=true max_uv_excess=0.00000008314964 widest=1.00027329278307 vertices=2040 derivatives=true bad_derivatives=0 min_determinant=0.00000004161343 worst_dot=0.99999988079071
CAP MAPPING: mesh=medicine_cabinets_MedicineLeft__CabinetDoor_ON_enamel valid_basis=true max_uv_excess=0.00000007631024 widest=1.00036909105907 vertices=530 derivatives=true bad_derivatives=0 min_determinant=0.00000001850648 worst_dot=0.99999982118607
CAP MAPPING: mesh=medicine_cabinets_MedicineLeft__CabinetDoor_ON_nickel valid_basis=true max_uv_excess=0.00000222725794 widest=1.00074514946414 vertices=13902 derivatives=true bad_derivatives=0 min_determinant=0.00000001849776 worst_dot=0.99999976158142
CAP MAPPING: mesh=medicine_cabinets_MedicineLeft__Mirror_ON_mirror valid_basis=true max_uv_excess=0.00000006916525 widest=1.00042893216252 vertices=500 derivatives=true bad_derivatives=0 min_determinant=0.00000001417325 worst_dot=0.99999982118607
CAP MAPPING: mesh=medicine_cabinets_MedicineItem_turpentine__Body_ON_bakelite valid_basis=true max_uv_excess=0.00000099756289 widest=1.00072672600394 vertices=902 derivatives=true bad_derivatives=0 min_determinant=0.00000221793194 worst_dot=0.99999982118607
CAP MAPPING: mesh=medicine_cabinets_MedicineItem_turpentine__Body_ON_bottle valid_basis=true max_uv_excess=0.00000168895349 widest=1.00073325628856 vertices=2627 derivatives=true bad_derivatives=0 min_determinant=0.00000157406717 worst_dot=0.99999982118607
CAP MAPPING: mesh=medicine_cabinets_MedicineItem_QUELL_TONIC__Body_ON_bakelite valid_basis=true max_uv_excess=0.00000099756289 widest=1.00072672600394 vertices=919 derivatives=true bad_derivatives=0 min_determinant=0.00000237827769 worst_dot=0.99999982118607
CAP MAPPING: mesh=medicine_cabinets_MedicineItem_QUELL_TONIC__Body_ON_bottle valid_basis=true max_uv_excess=0.00000168895349 widest=1.00073325628856 vertices=2615 derivatives=true bad_derivatives=0 min_determinant=0.00000157406717 worst_dot=0.99999982118607
CAP MAPPING: mesh=medicine_cabinets_MedicineItem_QUELL_TONIC__Body_ON_paper valid_basis=true max_uv_excess=0.00000168918632 widest=1.00071814326854 vertices=742 derivatives=true bad_derivatives=0 min_determinant=0.00000008437294 worst_dot=0.99999910593033
CAP MAPPING: mesh=household_toasters_ToasterFront__Body_ON_bakelite valid_basis=true max_uv_excess=0.00000129535329 widest=1.00070734566426 vertices=5336 derivatives=true bad_derivatives=0 min_determinant=0.00000002891519 worst_dot=0.99999982118607
CAP MAPPING: mesh=household_toasters_ToasterFront__Body_ON_braid valid_basis=true max_uv_excess=0.0000000721775 widest=1.00013263008735 vertices=3516 derivatives=true bad_derivatives=0 min_determinant=0.00000045248174 worst_dot=0.99999982118607
CAP MAPPING: mesh=household_toasters_ToasterFront__Body_ON_mica valid_basis=true max_uv_excess=0.00000004900357 widest=1.00063498864058 vertices=1024 derivatives=true bad_derivatives=0 min_determinant=0.00000000462662 worst_dot=0.99999964237213
CAP MAPPING: mesh=household_toasters_ToasterFront__Body_ON_nickel valid_basis=true max_uv_excess=0.00000065731001 widest=1.00167673387535 vertices=24759 derivatives=true bad_derivatives=0 min_determinant=0.00000000028856 worst_dot=0.9999977350235
CAP MAPPING: mesh=household_toasters_ToasterFront__BreadCarrier_ON_nickel valid_basis=true max_uv_excess=0.00000006332994 widest=1.0012052739936 vertices=6247 derivatives=true bad_derivatives=0 min_determinant=0.00000000115642 worst_dot=0.9999920129776
CAP MAPPING: mesh=household_toasters_ToasterFront__CarriageLever_ON_bakelite valid_basis=true max_uv_excess=0.0000000691507 widest=1.00006971388319 vertices=503 derivatives=true bad_derivatives=0 min_determinant=0.00000046262778 worst_dot=0.99999988079071
CAP MAPPING: mesh=household_toasters_ToasterFront__CarriageLever_ON_nickel valid_basis=true max_uv_excess=0.00000058423029 widest=1.00074454861267 vertices=876 derivatives=true bad_derivatives=0 min_determinant=0.00000000462662 worst_dot=0.99999964237213
CAP MAPPING: mesh=household_toasters_ToasterFront__OrisonRetrofitCrumbTray_ON_bakelite valid_basis=true max_uv_excess=0.00000005535549 widest=1.00007573331711 vertices=498 derivatives=true bad_derivatives=0 min_determinant=0.00000046266191 worst_dot=0.99999988079071
CAP MAPPING: mesh=household_toasters_ToasterFront__OrisonRetrofitCrumbTray_ON_grease valid_basis=true max_uv_excess=0.00000005709535 widest=1.00025399190612 vertices=523 derivatives=true bad_derivatives=0 min_determinant=0.00000000004618 worst_dot=0.99997407197952
CAP MAPPING: mesh=household_toasters_ToasterFront__OrisonRetrofitCrumbTray_ON_nickel valid_basis=true max_uv_excess=0.00000007450581 widest=1.00063498864058 vertices=3070 derivatives=true bad_derivatives=0 min_determinant=0.00000000462662 worst_dot=0.99999964237213
CAP MAPPING: mesh=household_toasters_ToasterFront__ResistanceWire_ON_coil valid_basis=true max_uv_excess=0.00000006557093 widest=1.00033428475156 vertices=4888 derivatives=true bad_derivatives=0 min_determinant=0.00000000495992 worst_dot=0.99999570846558
CAP MAPPING: mesh=household_toasters_ToasterEnd__Body_ON_bakelite valid_basis=true max_uv_excess=0.00000129535329 widest=1.00070734566426 vertices=5336 derivatives=true bad_derivatives=0 min_determinant=0.00000002891519 worst_dot=0.99999982118607
CAP MAPPING: mesh=household_toasters_ToasterEnd__Body_ON_braid valid_basis=true max_uv_excess=0.0000000721775 widest=1.00013263008735 vertices=3516 derivatives=true bad_derivatives=0 min_determinant=0.00000045248174 worst_dot=0.99999982118607
CAP MAPPING: mesh=household_toasters_ToasterEnd__Body_ON_mica valid_basis=true max_uv_excess=0.00000004900357 widest=1.00063498864058 vertices=1024 derivatives=true bad_derivatives=0 min_determinant=0.00000000462662 worst_dot=0.99999964237213
CAP MAPPING: mesh=household_toasters_ToasterEnd__Body_ON_nickel valid_basis=true max_uv_excess=0.00000065731001 widest=1.00167673387535 vertices=24042 derivatives=true bad_derivatives=0 min_determinant=0.00000000028856 worst_dot=0.99999749660492
CAP MAPPING: mesh=household_toasters_ToasterEnd__BreadCarrier_ON_nickel valid_basis=true max_uv_excess=0.00000006332994 widest=1.0012052739936 vertices=6247 derivatives=true bad_derivatives=0 min_determinant=0.00000000115642 worst_dot=0.9999920129776
CAP MAPPING: mesh=household_toasters_ToasterEnd__CarriageLever_ON_bakelite valid_basis=true max_uv_excess=0.0000000691507 widest=1.00006971388319 vertices=503 derivatives=true bad_derivatives=0 min_determinant=0.00000046262778 worst_dot=0.99999988079071
CAP MAPPING: mesh=household_toasters_ToasterEnd__CarriageLever_ON_nickel valid_basis=true max_uv_excess=0.00000058423029 widest=1.00074454861267 vertices=876 derivatives=true bad_derivatives=0 min_determinant=0.00000000462662 worst_dot=0.99999964237213
CAP MAPPING: mesh=household_toasters_ToasterEnd__OrisonRetrofitCrumbTray_ON_bakelite valid_basis=true max_uv_excess=0.00000004924368 widest=1.00004440414183 vertices=499 derivatives=true bad_derivatives=0 min_determinant=0.00000046266191 worst_dot=0.99999988079071
CAP MAPPING: mesh=household_toasters_ToasterEnd__OrisonRetrofitCrumbTray_ON_grease valid_basis=true max_uv_excess=0.00000005709535 widest=1.00025399190612 vertices=523 derivatives=true bad_derivatives=0 min_determinant=0.00000000004618 worst_dot=0.99997407197952
CAP MAPPING: mesh=household_toasters_ToasterEnd__OrisonRetrofitCrumbTray_ON_nickel valid_basis=true max_uv_excess=0.00000007450581 widest=1.00063498864058 vertices=3065 derivatives=true bad_derivatives=0 min_determinant=0.00000000462662 worst_dot=0.99999964237213
CAP MAPPING: mesh=household_toasters_ToasterEnd__ResistanceWire_ON_coil valid_basis=true max_uv_excess=0.00000006557093 widest=1.00033428475156 vertices=4888 derivatives=true bad_derivatives=0 min_determinant=0.00000000495992 worst_dot=0.99999570846558
CAP MAPPING: mesh=household_toasters_ToasterCrumb__Body_ON_crumb valid_basis=true max_uv_excess=0.00000005867332 widest=1.00013379083132 vertices=936 derivatives=true bad_derivatives=0 min_determinant=0.00000003725865 worst_dot=0.99999982118607
[TOASTER] F02_2A_TOASTER_01 cycle start
[TOASTER] F02_2B_TOASTER_01 cycle start
[TOASTER] F03_3A_TOASTER_01 cycle start
[TOASTER] F03_3B_TOASTER_01 cycle start
[TOASTER] F04_4A_TOASTER_01 cycle start
[TOASTER] F04_B_TOASTER_01 cycle start
[TOASTER] F05_5A_TOASTER_01 cycle start
[TOASTER] F06_6A_TOASTER_01 cycle start
[TOASTER] F06_6B_TOASTER_01 cycle start
[TOASTER] F06_6C_TOASTER_01 cycle start
[TOASTER] F02_2A_TOASTER_01 pop (1 cycles)
[TOASTER] F02_2B_TOASTER_01 pop (1 cycles)
[TOASTER] F03_3A_TOASTER_01 pop (1 cycles)
[TOASTER] F03_3B_TOASTER_01 pop (1 cycles)
[TOASTER] F04_4A_TOASTER_01 pop (1 cycles)
[TOASTER] F04_B_TOASTER_01 pop (1 cycles)
[TOASTER] F05_5A_TOASTER_01 pop (1 cycles)
[TOASTER] F06_6A_TOASTER_01 pop (1 cycles)
[TOASTER] F06_6B_TOASTER_01 pop (1 cycles)
[TOASTER] F06_6C_TOASTER_01 pop (1 cycles)
FABRICATION BATCH: worlds=1 modules=9 module_checks=11829 failures=0 elapsed_ms=66242
