SCRIPT ERROR: Invalid call. Nonexistent function 'get_rid' in base 'Node3D (TapProp)'.
   at: _framed_at (res://tests/orison_v2_domestic_native_test.gd:165)
   GDScript backtrace (most recent call first):
       [0] _framed_at (res://tests/orison_v2_domestic_native_test.gd:165)
       [1] validate_in_world (res://tests/orison_v2_domestic_native_test.gd:147)
       [2] _run (res://tests/orison_v2_fabrication_batch.gd:115)
       [3] validate_in_world (res://tests/orison_v2_owner_service_finish_test.gd:112)
       [4] _city_capture (res://tests/orison_v2_city_sweep.gd:124)
       [5] shot (res://tests/orison_v2_floor_surface_test.gd:199)
SCRIPT ERROR: Invalid call. Nonexistent function 'get_rid' in base 'Node3D (TapProp)'.
   at: _framed_at (res://tests/orison_v2_domestic_native_test.gd:165)
   GDScript backtrace (most recent call first):
       [0] _framed_at (res://tests/orison_v2_domestic_native_test.gd:165)
       [1] validate_in_world (res://tests/orison_v2_domestic_native_test.gd:147)
       [2] _run (res://tests/orison_v2_fabrication_batch.gd:115)
       [3] validate_in_world (res://tests/orison_v2_owner_service_finish_test.gd:112)
       [4] _city_capture (res://tests/orison_v2_city_sweep.gd:124)
       [5] shot (res://tests/orison_v2_floor_surface_test.gd:199)
SCRIPT ERROR: Invalid call. Nonexistent function 'get_rid' in base 'Node3D (TapProp)'.
   at: _framed_at (res://tests/orison_v2_domestic_native_test.gd:165)
   GDScript backtrace (most recent call first):
       [0] _framed_at (res://tests/orison_v2_domestic_native_test.gd:165)
       [1] validate_in_world (res://tests/orison_v2_domestic_native_test.gd:147)
       [2] _run (res://tests/orison_v2_fabrication_batch.gd:115)
       [3] validate_in_world (res://tests/orison_v2_owner_service_finish_test.gd:112)
       [4] _city_capture (res://tests/orison_v2_city_sweep.gd:124)
       [5] shot (res://tests/orison_v2_floor_surface_test.gd:199)
SCRIPT ERROR: Invalid call. Nonexistent function 'get_rid' in base 'Node3D (TapProp)'.
   at: _framed_at (res://tests/orison_v2_domestic_native_test.gd:165)
   GDScript backtrace (most recent call first):
       [0] _framed_at (res://tests/orison_v2_domestic_native_test.gd:165)
       [1] validate_in_world (res://tests/orison_v2_domestic_native_test.gd:147)
       [2] _run (res://tests/orison_v2_fabrication_batch.gd:115)
       [3] validate_in_world (res://tests/orison_v2_owner_service_finish_test.gd:112)
       [4] _city_capture (res://tests/orison_v2_city_sweep.gd:124)
       [5] shot (res://tests/orison_v2_floor_surface_test.gd:199)
SCRIPT ERROR: Invalid call. Nonexistent function 'get_rid' in base 'Node3D (TapProp)'.
   at: _framed_at (res://tests/orison_v2_domestic_native_test.gd:165)
   GDScript backtrace (most recent call first):
       [0] _framed_at (res://tests/orison_v2_domestic_native_test.gd:165)
       [1] validate_in_world (res://tests/orison_v2_domestic_native_test.gd:147)
       [2] _run (res://tests/orison_v2_fabrication_batch.gd:115)
       [3] validate_in_world (res://tests/orison_v2_owner_service_finish_test.gd:112)
       [4] _city_capture (res://tests/orison_v2_city_sweep.gd:124)
       [5] shot (res://tests/orison_v2_floor_surface_test.gd:199)
SCRIPT ERROR: Invalid call. Nonexistent function 'get_rid' in base 'Node3D (TapProp)'.
   at: _framed_at (res://tests/orison_v2_domestic_native_test.gd:165)
   GDScript backtrace (most recent call first):
       [0] _framed_at (res://tests/orison_v2_domestic_native_test.gd:165)
       [1] validate_in_world (res://tests/orison_v2_domestic_native_test.gd:147)
       [2] _run (res://tests/orison_v2_fabrication_batch.gd:115)
       [3] validate_in_world (res://tests/orison_v2_owner_service_finish_test.gd:112)
       [4] _city_capture (res://tests/orison_v2_city_sweep.gd:124)
       [5] shot (res://tests/orison_v2_floor_surface_test.gd:199)
SCRIPT ERROR: Invalid call. Nonexistent function 'get_rid' in base 'Node3D (TapProp)'.
   at: _framed_at (res://tests/orison_v2_domestic_native_test.gd:165)
   GDScript backtrace (most recent call first):
       [0] _framed_at (res://tests/orison_v2_domestic_native_test.gd:165)
       [1] validate_in_world (res://tests/orison_v2_domestic_native_test.gd:147)
       [2] _run (res://tests/orison_v2_fabrication_batch.gd:115)
       [3] validate_in_world (res://tests/orison_v2_owner_service_finish_test.gd:112)
       [4] _city_capture (res://tests/orison_v2_city_sweep.gd:124)
       [5] shot (res://tests/orison_v2_floor_surface_test.gd:199)
SCRIPT ERROR: Invalid call. Nonexistent function 'get_rid' in base 'Node3D (TapProp)'.
   at: _framed_at (res://tests/orison_v2_domestic_native_test.gd:165)
   GDScript backtrace (most recent call first):
       [0] _framed_at (res://tests/orison_v2_domestic_native_test.gd:165)
       [1] validate_in_world (res://tests/orison_v2_domestic_native_test.gd:147)
       [2] _run (res://tests/orison_v2_fabrication_batch.gd:115)
       [3] validate_in_world (res://tests/orison_v2_owner_service_finish_test.gd:112)
       [4] _city_capture (res://tests/orison_v2_city_sweep.gd:124)
       [5] shot (res://tests/orison_v2_floor_surface_test.gd:199)
SCRIPT ERROR: Invalid call. Nonexistent function 'get_rid' in base 'Node3D (TapProp)'.
   at: _framed_at (res://tests/orison_v2_domestic_native_test.gd:165)
   GDScript backtrace (most recent call first):
       [0] _framed_at (res://tests/orison_v2_domestic_native_test.gd:165)
       [1] validate_in_world (res://tests/orison_v2_domestic_native_test.gd:147)
       [2] _run (res://tests/orison_v2_fabrication_batch.gd:115)
       [3] validate_in_world (res://tests/orison_v2_owner_service_finish_test.gd:112)
       [4] _city_capture (res://tests/orison_v2_city_sweep.gd:124)
       [5] shot (res://tests/orison_v2_floor_surface_test.gd:199)
SCRIPT ERROR: Invalid call. Nonexistent function 'get_rid' in base 'Node3D (TapProp)'.
   at: _framed_at (res://tests/orison_v2_domestic_native_test.gd:165)
   GDScript backtrace (most recent call first):
       [0] _framed_at (res://tests/orison_v2_domestic_native_test.gd:165)
       [1] validate_in_world (res://tests/orison_v2_domestic_native_test.gd:147)
       [2] _run (res://tests/orison_v2_fabrication_batch.gd:115)
       [3] validate_in_world (res://tests/orison_v2_owner_service_finish_test.gd:112)
       [4] _city_capture (res://tests/orison_v2_city_sweep.gd:124)
       [5] shot (res://tests/orison_v2_floor_surface_test.gd:199)
SCRIPT ERROR: Invalid call. Nonexistent function 'get_rid' in base 'Node3D (TapProp)'.
   at: _framed_at (res://tests/orison_v2_domestic_native_test.gd:165)
   GDScript backtrace (most recent call first):
       [0] _framed_at (res://tests/orison_v2_domestic_native_test.gd:165)
       [1] validate_in_world (res://tests/orison_v2_domestic_native_test.gd:147)
       [2] _run (res://tests/orison_v2_fabrication_batch.gd:115)
       [3] validate_in_world (res://tests/orison_v2_owner_service_finish_test.gd:112)
       [4] _city_capture (res://tests/orison_v2_city_sweep.gd:124)
       [5] shot (res://tests/orison_v2_floor_surface_test.gd:199)
SCRIPT ERROR: Invalid call. Nonexistent function 'get_rid' in base 'Node3D (TapProp)'.
   at: _framed_at (res://tests/orison_v2_domestic_native_test.gd:165)
   GDScript backtrace (most recent call first):
       [0] _framed_at (res://tests/orison_v2_domestic_native_test.gd:165)
       [1] validate_in_world (res://tests/orison_v2_domestic_native_test.gd:147)
       [2] _run (res://tests/orison_v2_fabrication_batch.gd:115)
       [3] validate_in_world (res://tests/orison_v2_owner_service_finish_test.gd:112)
       [4] _city_capture (res://tests/orison_v2_city_sweep.gd:124)
       [5] shot (res://tests/orison_v2_floor_surface_test.gd:199)
SCRIPT ERROR: Invalid call. Nonexistent function 'get_rid' in base 'Node3D (TapProp)'.
   at: _framed_at (res://tests/orison_v2_domestic_native_test.gd:165)
   GDScript backtrace (most recent call first):
       [0] _framed_at (res://tests/orison_v2_domestic_native_test.gd:165)
       [1] validate_in_world (res://tests/orison_v2_domestic_native_test.gd:147)
       [2] _run (res://tests/orison_v2_fabrication_batch.gd:115)
       [3] validate_in_world (res://tests/orison_v2_owner_service_finish_test.gd:112)
       [4] _city_capture (res://tests/orison_v2_city_sweep.gd:124)
       [5] shot (res://tests/orison_v2_floor_surface_test.gd:199)
SCRIPT ERROR: Invalid call. Nonexistent function 'get_rid' in base 'Node3D (TapProp)'.
   at: _framed_at (res://tests/orison_v2_domestic_native_test.gd:165)
   GDScript backtrace (most recent call first):
       [0] _framed_at (res://tests/orison_v2_domestic_native_test.gd:165)
       [1] validate_in_world (res://tests/orison_v2_domestic_native_test.gd:147)
       [2] _run (res://tests/orison_v2_fabrication_batch.gd:115)
       [3] validate_in_world (res://tests/orison_v2_owner_service_finish_test.gd:112)
       [4] _city_capture (res://tests/orison_v2_city_sweep.gd:124)
       [5] shot (res://tests/orison_v2_floor_surface_test.gd:199)
SCRIPT ERROR: Invalid call. Nonexistent function 'get_rid' in base 'Node3D (TapProp)'.
   at: _framed_at (res://tests/orison_v2_domestic_native_test.gd:165)
   GDScript backtrace (most recent call first):
       [0] _framed_at (res://tests/orison_v2_domestic_native_test.gd:165)
       [1] validate_in_world (res://tests/orison_v2_domestic_native_test.gd:147)
       [2] _run (res://tests/orison_v2_fabrication_batch.gd:115)
       [3] validate_in_world (res://tests/orison_v2_owner_service_finish_test.gd:112)
       [4] _city_capture (res://tests/orison_v2_city_sweep.gd:124)
       [5] shot (res://tests/orison_v2_floor_surface_test.gd:199)
SCRIPT ERROR: Invalid call. Nonexistent function 'get_rid' in base 'Node3D (TapProp)'.
   at: _framed_at (res://tests/orison_v2_domestic_native_test.gd:165)
   GDScript backtrace (most recent call first):
       [0] _framed_at (res://tests/orison_v2_domestic_native_test.gd:165)
       [1] validate_in_world (res://tests/orison_v2_domestic_native_test.gd:147)
       [2] _run (res://tests/orison_v2_fabrication_batch.gd:115)
       [3] validate_in_world (res://tests/orison_v2_owner_service_finish_test.gd:112)
       [4] _city_capture (res://tests/orison_v2_city_sweep.gd:124)
       [5] shot (res://tests/orison_v2_floor_surface_test.gd:199)
SCRIPT ERROR: Invalid call. Nonexistent function 'get_rid' in base 'Node3D (TapProp)'.
   at: _framed_at (res://tests/orison_v2_domestic_native_test.gd:165)
   GDScript backtrace (most recent call first):
       [0] _framed_at (res://tests/orison_v2_domestic_native_test.gd:165)
       [1] validate_in_world (res://tests/orison_v2_domestic_native_test.gd:147)
       [2] _run (res://tests/orison_v2_fabrication_batch.gd:115)
       [3] validate_in_world (res://tests/orison_v2_owner_service_finish_test.gd:112)
       [4] _city_capture (res://tests/orison_v2_city_sweep.gd:124)
       [5] shot (res://tests/orison_v2_floor_surface_test.gd:199)
SCRIPT ERROR: Invalid call. Nonexistent function 'get_rid' in base 'Node3D (TapProp)'.
   at: _framed_at (res://tests/orison_v2_domestic_native_test.gd:165)
   GDScript backtrace (most recent call first):
       [0] _framed_at (res://tests/orison_v2_domestic_native_test.gd:165)
       [1] validate_in_world (res://tests/orison_v2_domestic_native_test.gd:147)
       [2] _run (res://tests/orison_v2_fabrication_batch.gd:115)
       [3] validate_in_world (res://tests/orison_v2_owner_service_finish_test.gd:112)
       [4] _city_capture (res://tests/orison_v2_city_sweep.gd:124)
       [5] shot (res://tests/orison_v2_floor_surface_test.gd:199)
SCRIPT ERROR: Invalid call. Nonexistent function 'get_rid' in base 'Node3D (TapProp)'.
   at: _framed_at (res://tests/orison_v2_domestic_native_test.gd:165)
   GDScript backtrace (most recent call first):
       [0] _framed_at (res://tests/orison_v2_domestic_native_test.gd:165)
       [1] validate_in_world (res://tests/orison_v2_domestic_native_test.gd:147)
       [2] _run (res://tests/orison_v2_fabrication_batch.gd:115)
       [3] validate_in_world (res://tests/orison_v2_owner_service_finish_test.gd:112)
       [4] _city_capture (res://tests/orison_v2_city_sweep.gd:124)
       [5] shot (res://tests/orison_v2_floor_surface_test.gd:199)
SCRIPT ERROR: Invalid call. Nonexistent function 'get_rid' in base 'Node3D (TapProp)'.
   at: _framed_at (res://tests/orison_v2_domestic_native_test.gd:165)
   GDScript backtrace (most recent call first):
       [0] _framed_at (res://tests/orison_v2_domestic_native_test.gd:165)
       [1] validate_in_world (res://tests/orison_v2_domestic_native_test.gd:147)
       [2] _run (res://tests/orison_v2_fabrication_batch.gd:115)
       [3] validate_in_world (res://tests/orison_v2_owner_service_finish_test.gd:112)
       [4] _city_capture (res://tests/orison_v2_city_sweep.gd:124)
       [5] shot (res://tests/orison_v2_floor_surface_test.gd:199)
SCRIPT ERROR: Invalid call. Nonexistent function 'get_rid' in base 'Node3D (TapProp)'.
   at: _framed_at (res://tests/orison_v2_domestic_native_test.gd:165)
   GDScript backtrace (most recent call first):
       [0] _framed_at (res://tests/orison_v2_domestic_native_test.gd:165)
       [1] validate_in_world (res://tests/orison_v2_domestic_native_test.gd:147)
       [2] _run (res://tests/orison_v2_fabrication_batch.gd:115)
       [3] validate_in_world (res://tests/orison_v2_owner_service_finish_test.gd:112)
       [4] _city_capture (res://tests/orison_v2_city_sweep.gd:124)
       [5] shot (res://tests/orison_v2_floor_surface_test.gd:199)
SCRIPT ERROR: Invalid call. Nonexistent function 'get_rid' in base 'Node3D (TapProp)'.
   at: _framed_at (res://tests/orison_v2_domestic_native_test.gd:165)
   GDScript backtrace (most recent call first):
       [0] _framed_at (res://tests/orison_v2_domestic_native_test.gd:165)
       [1] validate_in_world (res://tests/orison_v2_domestic_native_test.gd:147)
       [2] _run (res://tests/orison_v2_fabrication_batch.gd:115)
       [3] validate_in_world (res://tests/orison_v2_owner_service_finish_test.gd:112)
       [4] _city_capture (res://tests/orison_v2_city_sweep.gd:124)
       [5] shot (res://tests/orison_v2_floor_surface_test.gd:199)
SCRIPT ERROR: Invalid call. Nonexistent function 'get_rid' in base 'Node3D (TapProp)'.
   at: _framed_at (res://tests/orison_v2_domestic_native_test.gd:165)
   GDScript backtrace (most recent call first):
       [0] _framed_at (res://tests/orison_v2_domestic_native_test.gd:165)
       [1] validate_in_world (res://tests/orison_v2_domestic_native_test.gd:147)
       [2] _run (res://tests/orison_v2_fabrication_batch.gd:115)
       [3] validate_in_world (res://tests/orison_v2_owner_service_finish_test.gd:112)
       [4] _city_capture (res://tests/orison_v2_city_sweep.gd:124)
       [5] shot (res://tests/orison_v2_floor_surface_test.gd:199)
SCRIPT ERROR: Invalid call. Nonexistent function 'get_rid' in base 'Node3D (TapProp)'.
   at: _framed_at (res://tests/orison_v2_domestic_native_test.gd:165)
   GDScript backtrace (most recent call first):
       [0] _framed_at (res://tests/orison_v2_domestic_native_test.gd:165)
       [1] validate_in_world (res://tests/orison_v2_domestic_native_test.gd:147)
       [2] _run (res://tests/orison_v2_fabrication_batch.gd:115)
       [3] validate_in_world (res://tests/orison_v2_owner_service_finish_test.gd:112)
       [4] _city_capture (res://tests/orison_v2_city_sweep.gd:124)
       [5] shot (res://tests/orison_v2_floor_surface_test.gd:199)
SCRIPT ERROR: Invalid call. Nonexistent function 'get_rid' in base 'Node3D (TapProp)'.
   at: _framed_at (res://tests/orison_v2_domestic_native_test.gd:165)
   GDScript backtrace (most recent call first):
       [0] _framed_at (res://tests/orison_v2_domestic_native_test.gd:165)
       [1] validate_in_world (res://tests/orison_v2_domestic_native_test.gd:147)
       [2] _run (res://tests/orison_v2_fabrication_batch.gd:115)
       [3] validate_in_world (res://tests/orison_v2_owner_service_finish_test.gd:112)
       [4] _city_capture (res://tests/orison_v2_city_sweep.gd:124)
       [5] shot (res://tests/orison_v2_floor_surface_test.gd:199)
SCRIPT ERROR: Invalid call. Nonexistent function 'get_rid' in base 'Node3D (TapProp)'.
   at: _framed_at (res://tests/orison_v2_domestic_native_test.gd:165)
   GDScript backtrace (most recent call first):
       [0] _framed_at (res://tests/orison_v2_domestic_native_test.gd:165)
       [1] validate_in_world (res://tests/orison_v2_domestic_native_test.gd:147)
       [2] _run (res://tests/orison_v2_fabrication_batch.gd:115)
       [3] validate_in_world (res://tests/orison_v2_owner_service_finish_test.gd:112)
       [4] _city_capture (res://tests/orison_v2_city_sweep.gd:124)
       [5] shot (res://tests/orison_v2_floor_surface_test.gd:199)
SCRIPT ERROR: Invalid call. Nonexistent function 'get_rid' in base 'Node3D (TapProp)'.
   at: _framed_at (res://tests/orison_v2_domestic_native_test.gd:165)
   GDScript backtrace (most recent call first):
       [0] _framed_at (res://tests/orison_v2_domestic_native_test.gd:165)
       [1] validate_in_world (res://tests/orison_v2_domestic_native_test.gd:147)
       [2] _run (res://tests/orison_v2_fabrication_batch.gd:115)
       [3] validate_in_world (res://tests/orison_v2_owner_service_finish_test.gd:112)
       [4] _city_capture (res://tests/orison_v2_city_sweep.gd:124)
       [5] shot (res://tests/orison_v2_floor_surface_test.gd:199)
SCRIPT ERROR: Invalid call. Nonexistent function 'get_rid' in base 'Node3D (TapProp)'.
   at: _framed_at (res://tests/orison_v2_domestic_native_test.gd:165)
   GDScript backtrace (most recent call first):
       [0] _framed_at (res://tests/orison_v2_domestic_native_test.gd:165)
       [1] validate_in_world (res://tests/orison_v2_domestic_native_test.gd:147)
       [2] _run (res://tests/orison_v2_fabrication_batch.gd:115)
       [3] validate_in_world (res://tests/orison_v2_owner_service_finish_test.gd:112)
       [4] _city_capture (res://tests/orison_v2_city_sweep.gd:124)
       [5] shot (res://tests/orison_v2_floor_surface_test.gd:199)
SCRIPT ERROR: Invalid call. Nonexistent function 'get_rid' in base 'Node3D (TapProp)'.
   at: _framed_at (res://tests/orison_v2_domestic_native_test.gd:165)
   GDScript backtrace (most recent call first):
       [0] _framed_at (res://tests/orison_v2_domestic_native_test.gd:165)
       [1] validate_in_world (res://tests/orison_v2_domestic_native_test.gd:147)
       [2] _run (res://tests/orison_v2_fabrication_batch.gd:115)
       [3] validate_in_world (res://tests/orison_v2_owner_service_finish_test.gd:112)
       [4] _city_capture (res://tests/orison_v2_city_sweep.gd:124)
       [5] shot (res://tests/orison_v2_floor_surface_test.gd:199)
SCRIPT ERROR: Invalid call. Nonexistent function 'get_rid' in base 'Node3D (TapProp)'.
   at: _framed_at (res://tests/orison_v2_domestic_native_test.gd:165)
   GDScript backtrace (most recent call first):
       [0] _framed_at (res://tests/orison_v2_domestic_native_test.gd:165)
       [1] validate_in_world (res://tests/orison_v2_domestic_native_test.gd:147)
       [2] _run (res://tests/orison_v2_fabrication_batch.gd:115)
       [3] validate_in_world (res://tests/orison_v2_owner_service_finish_test.gd:112)
       [4] _city_capture (res://tests/orison_v2_city_sweep.gd:124)
       [5] shot (res://tests/orison_v2_floor_surface_test.gd:199)
SCRIPT ERROR: Invalid call. Nonexistent function 'get_rid' in base 'Node3D (TapProp)'.
   at: _framed_at (res://tests/orison_v2_domestic_native_test.gd:165)
   GDScript backtrace (most recent call first):
       [0] _framed_at (res://tests/orison_v2_domestic_native_test.gd:165)
       [1] validate_in_world (res://tests/orison_v2_domestic_native_test.gd:147)
       [2] _run (res://tests/orison_v2_fabrication_batch.gd:115)
       [3] validate_in_world (res://tests/orison_v2_owner_service_finish_test.gd:112)
       [4] _city_capture (res://tests/orison_v2_city_sweep.gd:124)
       [5] shot (res://tests/orison_v2_floor_surface_test.gd:199)
SCRIPT ERROR: Invalid call. Nonexistent function 'get_rid' in base 'Node3D (TapProp)'.
   at: _framed_at (res://tests/orison_v2_domestic_native_test.gd:165)
   GDScript backtrace (most recent call first):
       [0] _framed_at (res://tests/orison_v2_domestic_native_test.gd:165)
       [1] validate_in_world (res://tests/orison_v2_domestic_native_test.gd:147)
       [2] _run (res://tests/orison_v2_fabrication_batch.gd:115)
       [3] validate_in_world (res://tests/orison_v2_owner_service_finish_test.gd:112)
       [4] _city_capture (res://tests/orison_v2_city_sweep.gd:124)
       [5] shot (res://tests/orison_v2_floor_surface_test.gd:199)
SCRIPT ERROR: Invalid call. Nonexistent function 'get_rid' in base 'Node3D (TapProp)'.
   at: _framed_at (res://tests/orison_v2_domestic_native_test.gd:165)
   GDScript backtrace (most recent call first):
       [0] _framed_at (res://tests/orison_v2_domestic_native_test.gd:165)
       [1] validate_in_world (res://tests/orison_v2_domestic_native_test.gd:147)
       [2] _run (res://tests/orison_v2_fabrication_batch.gd:115)
       [3] validate_in_world (res://tests/orison_v2_owner_service_finish_test.gd:112)
       [4] _city_capture (res://tests/orison_v2_city_sweep.gd:124)
       [5] shot (res://tests/orison_v2_floor_surface_test.gd:199)
SCRIPT ERROR: Invalid call. Nonexistent function 'get_rid' in base 'Node3D (TapProp)'.
   at: _framed_at (res://tests/orison_v2_domestic_native_test.gd:165)
   GDScript backtrace (most recent call first):
       [0] _framed_at (res://tests/orison_v2_domestic_native_test.gd:165)
       [1] validate_in_world (res://tests/orison_v2_domestic_native_test.gd:147)
       [2] _run (res://tests/orison_v2_fabrication_batch.gd:115)
       [3] validate_in_world (res://tests/orison_v2_owner_service_finish_test.gd:112)
       [4] _city_capture (res://tests/orison_v2_city_sweep.gd:124)
       [5] shot (res://tests/orison_v2_floor_surface_test.gd:199)
SCRIPT ERROR: Invalid call. Nonexistent function 'get_rid' in base 'Node3D (TapProp)'.
   at: _framed_at (res://tests/orison_v2_domestic_native_test.gd:165)
   GDScript backtrace (most recent call first):
       [0] _framed_at (res://tests/orison_v2_domestic_native_test.gd:165)
       [1] validate_in_world (res://tests/orison_v2_domestic_native_test.gd:147)
       [2] _run (res://tests/orison_v2_fabrication_batch.gd:115)
       [3] validate_in_world (res://tests/orison_v2_owner_service_finish_test.gd:112)
       [4] _city_capture (res://tests/orison_v2_city_sweep.gd:124)
       [5] shot (res://tests/orison_v2_floor_surface_test.gd:199)
SCRIPT ERROR: Invalid call. Nonexistent function 'get_rid' in base 'Node3D (TapProp)'.
   at: _framed_at (res://tests/orison_v2_domestic_native_test.gd:165)
   GDScript backtrace (most recent call first):
       [0] _framed_at (res://tests/orison_v2_domestic_native_test.gd:165)
       [1] validate_in_world (res://tests/orison_v2_domestic_native_test.gd:147)
       [2] _run (res://tests/orison_v2_fabrication_batch.gd:115)
       [3] validate_in_world (res://tests/orison_v2_owner_service_finish_test.gd:112)
       [4] _city_capture (res://tests/orison_v2_city_sweep.gd:124)
       [5] shot (res://tests/orison_v2_floor_surface_test.gd:199)
SCRIPT ERROR: Invalid call. Nonexistent function 'get_rid' in base 'Node3D (TapProp)'.
   at: _framed_at (res://tests/orison_v2_domestic_native_test.gd:165)
   GDScript backtrace (most recent call first):
       [0] _framed_at (res://tests/orison_v2_domestic_native_test.gd:165)
       [1] validate_in_world (res://tests/orison_v2_domestic_native_test.gd:147)
       [2] _run (res://tests/orison_v2_fabrication_batch.gd:115)
       [3] validate_in_world (res://tests/orison_v2_owner_service_finish_test.gd:112)
       [4] _city_capture (res://tests/orison_v2_city_sweep.gd:124)
       [5] shot (res://tests/orison_v2_floor_surface_test.gd:199)
SCRIPT ERROR: Invalid call. Nonexistent function 'get_rid' in base 'Node3D (TapProp)'.
   at: _framed_at (res://tests/orison_v2_domestic_native_test.gd:165)
   GDScript backtrace (most recent call first):
       [0] _framed_at (res://tests/orison_v2_domestic_native_test.gd:165)
       [1] validate_in_world (res://tests/orison_v2_domestic_native_test.gd:147)
       [2] _run (res://tests/orison_v2_fabrication_batch.gd:115)
       [3] validate_in_world (res://tests/orison_v2_owner_service_finish_test.gd:112)
       [4] _city_capture (res://tests/orison_v2_city_sweep.gd:124)
       [5] shot (res://tests/orison_v2_floor_surface_test.gd:199)
SCRIPT ERROR: Invalid call. Nonexistent function 'get_rid' in base 'Node3D (TapProp)'.
   at: _framed_at (res://tests/orison_v2_domestic_native_test.gd:165)
   GDScript backtrace (most recent call first):
       [0] _framed_at (res://tests/orison_v2_domestic_native_test.gd:165)
       [1] validate_in_world (res://tests/orison_v2_domestic_native_test.gd:147)
       [2] _run (res://tests/orison_v2_fabrication_batch.gd:115)
       [3] validate_in_world (res://tests/orison_v2_owner_service_finish_test.gd:112)
       [4] _city_capture (res://tests/orison_v2_city_sweep.gd:124)
       [5] shot (res://tests/orison_v2_floor_surface_test.gd:199)
SCRIPT ERROR: Invalid call. Nonexistent function 'get_rid' in base 'Node3D (TapProp)'.
   at: _framed_at (res://tests/orison_v2_domestic_native_test.gd:165)
   GDScript backtrace (most recent call first):
       [0] _framed_at (res://tests/orison_v2_domestic_native_test.gd:165)
       [1] validate_in_world (res://tests/orison_v2_domestic_native_test.gd:147)
       [2] _run (res://tests/orison_v2_fabrication_batch.gd:115)
       [3] validate_in_world (res://tests/orison_v2_owner_service_finish_test.gd:112)
       [4] _city_capture (res://tests/orison_v2_city_sweep.gd:124)
       [5] shot (res://tests/orison_v2_floor_surface_test.gd:199)
SCRIPT ERROR: Invalid call. Nonexistent function 'get_rid' in base 'Node3D (TapProp)'.
   at: _framed_at (res://tests/orison_v2_domestic_native_test.gd:165)
   GDScript backtrace (most recent call first):
       [0] _framed_at (res://tests/orison_v2_domestic_native_test.gd:165)
       [1] validate_in_world (res://tests/orison_v2_domestic_native_test.gd:147)
       [2] _run (res://tests/orison_v2_fabrication_batch.gd:115)
       [3] validate_in_world (res://tests/orison_v2_owner_service_finish_test.gd:112)
       [4] _city_capture (res://tests/orison_v2_city_sweep.gd:124)
       [5] shot (res://tests/orison_v2_floor_surface_test.gd:199)
SCRIPT ERROR: Invalid call. Nonexistent function 'get_rid' in base 'Node3D (TapProp)'.
   at: _framed_at (res://tests/orison_v2_domestic_native_test.gd:165)
   GDScript backtrace (most recent call first):
       [0] _framed_at (res://tests/orison_v2_domestic_native_test.gd:165)
       [1] validate_in_world (res://tests/orison_v2_domestic_native_test.gd:147)
       [2] _run (res://tests/orison_v2_fabrication_batch.gd:115)
       [3] validate_in_world (res://tests/orison_v2_owner_service_finish_test.gd:112)
       [4] _city_capture (res://tests/orison_v2_city_sweep.gd:124)
       [5] shot (res://tests/orison_v2_floor_surface_test.gd:199)
SCRIPT ERROR: Invalid call. Nonexistent function 'get_rid' in base 'Node3D (TapProp)'.
   at: _framed_at (res://tests/orison_v2_domestic_native_test.gd:165)
   GDScript backtrace (most recent call first):
       [0] _framed_at (res://tests/orison_v2_domestic_native_test.gd:165)
       [1] validate_in_world (res://tests/orison_v2_domestic_native_test.gd:147)
       [2] _run (res://tests/orison_v2_fabrication_batch.gd:115)
       [3] validate_in_world (res://tests/orison_v2_owner_service_finish_test.gd:112)
       [4] _city_capture (res://tests/orison_v2_city_sweep.gd:124)
       [5] shot (res://tests/orison_v2_floor_surface_test.gd:199)
SCRIPT ERROR: Invalid call. Nonexistent function 'get_rid' in base 'Node3D (TapProp)'.
   at: _framed_at (res://tests/orison_v2_domestic_native_test.gd:165)
   GDScript backtrace (most recent call first):
       [0] _framed_at (res://tests/orison_v2_domestic_native_test.gd:165)
       [1] validate_in_world (res://tests/orison_v2_domestic_native_test.gd:147)
       [2] _run (res://tests/orison_v2_fabrication_batch.gd:115)
       [3] validate_in_world (res://tests/orison_v2_owner_service_finish_test.gd:112)
       [4] _city_capture (res://tests/orison_v2_city_sweep.gd:124)
       [5] shot (res://tests/orison_v2_floor_surface_test.gd:199)
ERROR: clear standing camera station: 2A_sink_support
   at: push_error (core/variant/variant_utility.cpp:1023)
   GDScript backtrace (most recent call first):
       [0] check (res://tests/orison_v2_floor_surface_test.gd:5)
       [1] check (res://tests/orison_v2_ventilation_throat_test.gd:9)
       [2] validate_in_world (res://tests/orison_v2_domestic_native_test.gd:149)
       [3] _run (res://tests/orison_v2_fabrication_batch.gd:115)
       [4] validate_in_world (res://tests/orison_v2_owner_service_finish_test.gd:112)
       [5] _city_capture (res://tests/orison_v2_city_sweep.gd:124)
       [6] shot (res://tests/orison_v2_floor_surface_test.gd:199)
WARNING: 7 RIDs of type "Texture" were leaked.
   at: finalize (servers/rendering/rendering_device.cpp:8900)
