Godot Engine v4.7.1.stable.official.a13da4feb - https://godotengine.org
Vulkan 1.4.341 - Forward+ - Using Device #0: NVIDIA - NVIDIA GeForce RTX 4080

[ACOUSTIC] 550 nodes loaded
ORISON V2 BLOCKOUT: 200 spaces / 111 doors / 1104 anchors
[V2 FRONT COURT ROOF] three seated girders; retained roof slabs; mapped exterior concrete
[V2 BODEGA POWER] independent inlet; four existing fittings; 20 bearings
[SURFACE] 386 surfaces layered (258 materials)
[PASSAGE HOURS] OPEN; 10 grilles folded
[PASSAGE HOURS] 11 shopfronts, 10 close after 02:00, HARDWARE PAINT keeps night service
[PASSAGE FINISH] 6 gated draws, 3 handcarts, hours active
[V2 PASSAGE] 13 resident cells; 11 doors; 1 shared-service counters
[SURFACE] 215 surfaces layered (108 materials)
[HARUKIYA] 9 interactables placed
[ARCADE] 2 cabinet(s) from a catalog of 12: SOMETHING IN THE HALL (mystery_serial), OPERATIONS (farm_and_market)
[ARCADE] all of them are running arcade_pit
[V2 BAR] retained cell; 29 registered markers; 3 doors
[V2 FRONT FACADE] native entrance, original landmark hardware, glazed marquee and fitted blade
[SCHEDULE] director live: 18 residents on the clock
[MOVES] personal library: res://assets/characters/mina_vale/mina_vale_moves.glb
SOURCE PARAPET MATERIAL ROOF_PARAPET_EAST brick 
SOURCE PARAPET MATERIAL ROOF_PARAPET_NORTH brick 
SOURCE PARAPET MATERIAL ROOF_PARAPET_SOUTH brick 
SOURCE PARAPET MATERIAL ROOF_PARAPET_WEST brick 
[ORISON V2 RUNTIME] ready startup_ms=34400.012
[LIGHTING] 211 sources active in system; 211 full personalities; profiles steady/breathe/mains/beat/dropout=[50, 49, 36, 42, 34]
CEILING MAPPING: mesh=front_facade_FixedFacade__brass__0_-1_0 valid_basis=true max_uv_excess=0.0000000782311 widest=1.00000364772223 vertices=2766 derivatives=true
CEILING MAPPING: mesh=front_facade_FixedFacade__brass__-1_-1_0 valid_basis=true max_uv_excess=0.00000007078052 widest=1.00000364772223 vertices=2778 derivatives=true
CEILING MAPPING: mesh=front_facade_FixedFacade__cast_iron__0_-1_0 valid_basis=true max_uv_excess=0.00000005960464 widest=1.00000042574805 vertices=504 derivatives=true
CEILING MAPPING: mesh=front_facade_FixedFacade__cast_iron__-1_-1_0 valid_basis=true max_uv_excess=0.00000005960464 widest=1.00000042574805 vertices=504 derivatives=true
CEILING MAPPING: mesh=front_facade_FixedFacade__glass__0_-1_0 valid_basis=true max_uv_excess=0.0 widest=1.0 vertices=180 derivatives=true
CEILING MAPPING: mesh=front_facade_FixedFacade__glass__-1_-1_0 valid_basis=true max_uv_excess=0.0 widest=1.0 vertices=180 derivatives=true
CEILING MAPPING: mesh=front_facade_FixedFacade__limestone_b__0_0_0 valid_basis=true max_uv_excess=0.00000011920929 widest=1.00000044703446 vertices=234 derivatives=true
CEILING MAPPING: mesh=front_facade_FixedFacade__limestone_b__0_-1_0 valid_basis=true max_uv_excess=0.00000002980232 widest=1.00000044703446 vertices=150 derivatives=true
CEILING MAPPING: mesh=front_facade_FixedFacade__limestone_b__1_0_0 valid_basis=true max_uv_excess=0.00000001490116 widest=1.00000021287321 vertices=162 derivatives=true
CEILING MAPPING: mesh=front_facade_FixedFacade__limestone_b__1_-1_0 valid_basis=true max_uv_excess=0.00000005960464 widest=1.00000017029903 vertices=264 derivatives=true
CEILING MAPPING: mesh=front_facade_FixedFacade__limestone_b__1_-1_1 valid_basis=true max_uv_excess=0.00000005960464 widest=1.00000017029903 vertices=150 derivatives=true
CEILING MAPPING: mesh=front_facade_FixedFacade__limestone_b__1_-1_2 valid_basis=true max_uv_excess=0.00000005960464 widest=1.00000020178475 vertices=150 derivatives=true
CEILING MAPPING: mesh=front_facade_FixedFacade__limestone_b__1_-1_3 valid_basis=true max_uv_excess=0.00000005960464 widest=1.00000017029903 vertices=294 derivatives=true
CEILING MAPPING: mesh=front_facade_FixedFacade__limestone_b__1_-1_4 valid_basis=true max_uv_excess=0.00000005960464 widest=1.00000017029903 vertices=294 derivatives=true
CEILING MAPPING: mesh=front_facade_FixedFacade__limestone_b__2_-1_0 valid_basis=true max_uv_excess=0.00000011920929 widest=1.00000006811959 vertices=420 derivatives=true
CEILING MAPPING: mesh=front_facade_FixedFacade__limestone_b__2_-1_1 valid_basis=true max_uv_excess=0.00000000186265 widest=1.00000009645776 vertices=312 derivatives=true
CEILING MAPPING: mesh=front_facade_FixedFacade__limestone_b__2_-1_2 valid_basis=true max_uv_excess=0.00000023841858 widest=1.00000020178475 vertices=468 derivatives=true
CEILING MAPPING: mesh=front_facade_FixedFacade__limestone_b__2_-1_3 valid_basis=true max_uv_excess=0.00000017881393 widest=1.00000022350594 vertices=420 derivatives=true
CEILING MAPPING: mesh=front_facade_FixedFacade__limestone_b__2_-1_4 valid_basis=true max_uv_excess=0.00000017881393 widest=1.00000022350594 vertices=300 derivatives=true
CEILING MAPPING: mesh=front_facade_FixedFacade__limestone_b__3_-1_0 valid_basis=true max_uv_excess=0.00000023841858 widest=1.00000006532017 vertices=228 derivatives=true
CEILING MAPPING: mesh=front_facade_FixedFacade__limestone_b__3_-1_1 valid_basis=true max_uv_excess=0.00000023841858 widest=1.00000009645776 vertices=162 derivatives=true
CEILING MAPPING: mesh=front_facade_FixedFacade__limestone_b__3_-1_2 valid_basis=true max_uv_excess=0.00000023841858 widest=1.00000014276455 vertices=282 derivatives=true
CEILING MAPPING: mesh=front_facade_FixedFacade__limestone_b__3_-1_3 valid_basis=true max_uv_excess=0.00000047683716 widest=1.00000021287466 vertices=306 derivatives=true
CEILING MAPPING: mesh=front_facade_FixedFacade__limestone_b__3_-1_4 valid_basis=true max_uv_excess=0.00000047683716 widest=1.00000021287466 vertices=186 derivatives=true
CEILING MAPPING: mesh=front_facade_FixedFacade__limestone_b__-1_0_0 valid_basis=true max_uv_excess=0.00000002980232 widest=1.00000012772423 vertices=240 derivatives=true
CEILING MAPPING: mesh=front_facade_FixedFacade__limestone_b__-1_-1_0 valid_basis=true max_uv_excess=0.00000002980232 widest=1.00000012772423 vertices=156 derivatives=true
CEILING MAPPING: mesh=front_facade_FixedFacade__limestone_b__-2_0_0 valid_basis=true max_uv_excess=0.00000011920929 widest=1.00000021287321 vertices=204 derivatives=true
CEILING MAPPING: mesh=front_facade_FixedFacade__limestone_b__-3_0_0 valid_basis=true max_uv_excess=0.0 widest=1.0 vertices=474 derivatives=true
CEILING MAPPING: mesh=front_facade_FixedFacade__limestone_b__-3_0_1 valid_basis=true max_uv_excess=0.0 widest=1.0 vertices=216 derivatives=true
CEILING MAPPING: mesh=front_facade_FixedFacade__limestone_b__-3_0_2 valid_basis=true max_uv_excess=0.00000001490116 widest=1.00000009539482 vertices=216 derivatives=true
CEILING MAPPING: mesh=front_facade_FixedFacade__limestone_b__-3_0_3 valid_basis=true max_uv_excess=0.0 widest=1.0 vertices=216 derivatives=true
CEILING MAPPING: mesh=front_facade_FixedFacade__limestone_b__-3_0_4 valid_basis=true max_uv_excess=0.0 widest=1.0 vertices=216 derivatives=true
CEILING MAPPING: mesh=front_facade_FixedFacade__limestone_b__-3_-1_0 valid_basis=true max_uv_excess=0.0 widest=1.0 vertices=564 derivatives=true
CEILING MAPPING: mesh=front_facade_FixedFacade__limestone_b__-3_-1_1 valid_basis=true max_uv_excess=0.00000005960464 widest=1.00000074505433 vertices=387 derivatives=true
CEILING MAPPING: mesh=front_facade_FixedFacade__limestone_b__-3_-1_2 valid_basis=true max_uv_excess=0.00000011920929 widest=1.00000074505877 vertices=387 derivatives=true
CEILING MAPPING: mesh=front_facade_FixedFacade__limestone_b__-3_-1_3 valid_basis=true max_uv_excess=0.0 widest=1.0 vertices=234 derivatives=true
CEILING MAPPING: mesh=front_facade_FixedFacade__limestone_b__-3_-1_4 valid_basis=true max_uv_excess=0.0 widest=1.0 vertices=114 derivatives=true
CEILING MAPPING: mesh=front_facade_FixedFacade__limestone_b__-4_-1_0 valid_basis=true max_uv_excess=0.00000017881393 widest=1.00000022314633 vertices=372 derivatives=true
CEILING MAPPING: mesh=front_facade_FixedFacade__limestone_b__-4_-1_1 valid_basis=true max_uv_excess=0.00000011920929 widest=1.00000011920929 vertices=267 derivatives=true
CEILING MAPPING: mesh=front_facade_FixedFacade__limestone_b__-4_-1_2 valid_basis=true max_uv_excess=0.00000017881393 widest=1.00000022314631 vertices=267 derivatives=true
CEILING MAPPING: mesh=front_facade_FixedFacade__limestone_b__-4_-1_3 valid_basis=true max_uv_excess=0.00000011920929 widest=1.00000009934109 vertices=150 derivatives=true
CEILING MAPPING: mesh=front_facade_FixedFacade__limestone_b__-4_-1_4 valid_basis=true max_uv_excess=0.00000011920929 widest=1.00000009934109 vertices=150 derivatives=true
CEILING MAPPING: mesh=front_facade_FixedFacade__metal__0_0_0 valid_basis=true max_uv_excess=0.0000000562286 widest=1.00000010633235 vertices=576 derivatives=true
CEILING MAPPING: mesh=front_facade_FixedFacade__metal__0_-1_0 valid_basis=true max_uv_excess=0.0000000562286 widest=1.00000252007044 vertices=1398 derivatives=true
CEILING MAPPING: mesh=front_facade_FixedFacade__metal__-1_0_0 valid_basis=true max_uv_excess=0.0000000562286 widest=1.00000159498537 vertices=576 derivatives=true
CEILING MAPPING: mesh=front_facade_FixedFacade__metal__-1_-1_0 valid_basis=true max_uv_excess=0.0000000562286 widest=1.00000252007044 vertices=846 derivatives=true
CEILING MAPPING: mesh=front_facade_FixedFacade__oak_quartered__0_0_0 valid_basis=true max_uv_excess=0.0 widest=1.0 vertices=84 derivatives=true
CEILING MAPPING: mesh=front_facade_FixedFacade__oak_quartered__0_-1_0 valid_basis=true max_uv_excess=0.0 widest=1.0 vertices=120 derivatives=true
CEILING MAPPING: mesh=front_facade_FixedFacade__oak_quartered__-1_0_0 valid_basis=true max_uv_excess=0.0 widest=1.0 vertices=78 derivatives=true
CEILING MAPPING: mesh=front_facade_FixedFacade__oak_quartered__-1_-1_0 valid_basis=true max_uv_excess=0.0 widest=1.0 vertices=114 derivatives=true
CEILING MAPPING: mesh=front_facade_FixedFacade__plywood__-1_-1_0 valid_basis=true max_uv_excess=0.0 widest=1.0 vertices=36 derivatives=true
CEILING MAPPING: mesh=front_facade_FixedFacade__soot__0_-1_0 valid_basis=true max_uv_excess=0.0 widest=1.0 vertices=42 derivatives=true
CEILING MAPPING: mesh=front_facade_FixedFacade__soot__-1_-1_0 valid_basis=true max_uv_excess=0.0 widest=1.0 vertices=42 derivatives=true
CEILING MAPPING: mesh=front_facade_EntryLeaf__cast_iron__0_0_0 valid_basis=true max_uv_excess=0.0 widest=1.0 vertices=1008 derivatives=true
CEILING MAPPING: mesh=front_facade_EntryLeaf__cast_iron__0_-1_0 valid_basis=true max_uv_excess=0.0 widest=1.0 vertices=1008 derivatives=true
CEILING MAPPING: mesh=front_facade_EntryLeaf__glass__0_0_0 valid_basis=true max_uv_excess=0.0 widest=1.0 vertices=84 derivatives=true
CEILING MAPPING: mesh=front_facade_EntryLeaf__glass__0_-1_0 valid_basis=true max_uv_excess=0.0 widest=1.0 vertices=84 derivatives=true
CEILING MAPPING: mesh=front_facade_EntryLeaf__oak_quartered__0_0_0 valid_basis=true max_uv_excess=0.00000000745058 widest=1.00000014901175 vertices=1410 derivatives=true
CEILING MAPPING: mesh=front_facade_EntryLeaf__oak_quartered__0_-1_0 valid_basis=true max_uv_excess=0.00000000745058 widest=1.00000014901175 vertices=1410 derivatives=true
FACADE BLADE pose=[X: (1.0, 0.0, 0.0), Y: (0.0, 1.0, 0.0), Z: (0.0, 0.0, 1.0), O: (5.85, 6.6, 0.980001)] draws=46
FACADE STREET OCCLUDER at y=4.1175 hit={ "position": (5.85, 4.1175, 0.980002), "normal": (-0.0, 0.0, 1.0), "face_index": 7729, "collider_id": 1770029905222, "collider": MasonryCollision:<StaticBody3D#1770029905222>, "shape": 0, "rid": RID(791201695402253) }
FACADE STREET OCCLUDER at y=9.0825 hit={ "position": (5.85, 9.0825, 0.980001), "normal": (-0.0, 0.0, 1.0), "face_index": 7968, "collider_id": 1770029905222, "collider": MasonryCollision:<StaticBody3D#1770029905222>, "shape": 0, "rid": RID(791201695402253) }
FACADE STATION SUPPORT front /root/OrisonV2FabricationBatch/OrisonV2Runtime/OrisonV2Blockout/Ground/orison_ground/Court_asphalt_N1_N5/GroundCollision feet=(0.0, 0.0, 6.0)
[HARUKIYA] OPEN, 18 fixtures
FACADE STATION SUPPORT approach /root/OrisonV2FabricationBatch/OrisonV2Runtime/OrisonV2Blockout/FrontPavement/front_pavement/Pavement_N1_N4/PavementCollision feet=(3.0, 0.02, 4.0)
FACADE STATION SUPPORT door /root/OrisonV2FabricationBatch/OrisonV2Runtime/OrisonV2Blockout/FrontPavement/front_pavement/Pavement_N1_N4/PavementCollision feet=(0.45, 0.02, 1.55)
FACADE STATION SUPPORT canopy /root/OrisonV2FabricationBatch/OrisonV2Runtime/OrisonV2Blockout/FrontPavement/front_pavement/Pavement_N1_N4/PavementCollision feet=(1.5, 0.02, 2.8)
FACADE STATION SUPPORT blade /root/OrisonV2FabricationBatch/OrisonV2Runtime/OrisonV2Blockout/FrontPavement/front_pavement/Pavement_N3_N4/PavementCollision feet=(9.0, 0.02, 4.0)
FACADE STATION SUPPORT front_wide /root/OrisonV2FabricationBatch/OrisonV2Runtime/OrisonV2Blockout/Ground/orison_ground/Court_asphalt_N1_N6/GroundCollision feet=(0.0, 0.0, 11.0)
FACADE INSPECTION { "position": (5.85, 3.1875, 1.63421), "normal": (0.0, -1.0, 0.0), "face_index": -1, "collider_id": 2800436225948, "collider": NeonSignInspection:<Area3D#2800436225948>, "shape": 0, "rid": RID(1143797035565377) } prompt=[E]  Inspect ORISON neon
FRONT FACADE TEST: parts=59 triangles=8480 checks=665 failures=0
CEILING MAPPING: mesh=front_facade_FixedFacade__brass__0_-1_0 valid_basis=true max_uv_excess=0.0000000782311 widest=1.00000364772223 vertices=2766 derivatives=true
CEILING MAPPING: mesh=front_facade_FixedFacade__brass__-1_-1_0 valid_basis=true max_uv_excess=0.00000007078052 widest=1.00000364772223 vertices=2778 derivatives=true
CEILING MAPPING: mesh=front_facade_FixedFacade__cast_iron__0_-1_0 valid_basis=true max_uv_excess=0.00000005960464 widest=1.00000042574805 vertices=504 derivatives=true
CEILING MAPPING: mesh=front_facade_FixedFacade__cast_iron__-1_-1_0 valid_basis=true max_uv_excess=0.00000005960464 widest=1.00000042574805 vertices=504 derivatives=true
CEILING MAPPING: mesh=front_facade_FixedFacade__glass__0_-1_0 valid_basis=true max_uv_excess=0.0 widest=1.0 vertices=180 derivatives=true
CEILING MAPPING: mesh=front_facade_FixedFacade__glass__-1_-1_0 valid_basis=true max_uv_excess=0.0 widest=1.0 vertices=180 derivatives=true
CEILING MAPPING: mesh=front_facade_FixedFacade__limestone_b__0_0_0 valid_basis=true max_uv_excess=0.00000011920929 widest=1.00000044703446 vertices=234 derivatives=true
CEILING MAPPING: mesh=front_facade_FixedFacade__limestone_b__0_-1_0 valid_basis=true max_uv_excess=0.00000002980232 widest=1.00000044703446 vertices=150 derivatives=true
CEILING MAPPING: mesh=front_facade_FixedFacade__limestone_b__1_0_0 valid_basis=true max_uv_excess=0.00000001490116 widest=1.00000021287321 vertices=162 derivatives=true
CEILING MAPPING: mesh=front_facade_FixedFacade__limestone_b__1_-1_0 valid_basis=true max_uv_excess=0.00000005960464 widest=1.00000017029903 vertices=264 derivatives=true
CEILING MAPPING: mesh=front_facade_FixedFacade__limestone_b__1_-1_1 valid_basis=true max_uv_excess=0.00000005960464 widest=1.00000017029903 vertices=150 derivatives=true
CEILING MAPPING: mesh=front_facade_FixedFacade__limestone_b__1_-1_2 valid_basis=true max_uv_excess=0.00000005960464 widest=1.00000020178475 vertices=150 derivatives=true
CEILING MAPPING: mesh=front_facade_FixedFacade__limestone_b__1_-1_3 valid_basis=true max_uv_excess=0.00000005960464 widest=1.00000017029903 vertices=294 derivatives=true
CEILING MAPPING: mesh=front_facade_FixedFacade__limestone_b__1_-1_4 valid_basis=true max_uv_excess=0.00000005960464 widest=1.00000017029903 vertices=294 derivatives=true
CEILING MAPPING: mesh=front_facade_FixedFacade__limestone_b__2_-1_0 valid_basis=true max_uv_excess=0.00000011920929 widest=1.00000006811959 vertices=420 derivatives=true
CEILING MAPPING: mesh=front_facade_FixedFacade__limestone_b__2_-1_1 valid_basis=true max_uv_excess=0.00000000186265 widest=1.00000009645776 vertices=312 derivatives=true
CEILING MAPPING: mesh=front_facade_FixedFacade__limestone_b__2_-1_2 valid_basis=true max_uv_excess=0.00000023841858 widest=1.00000020178475 vertices=468 derivatives=true
CEILING MAPPING: mesh=front_facade_FixedFacade__limestone_b__2_-1_3 valid_basis=true max_uv_excess=0.00000017881393 widest=1.00000022350594 vertices=420 derivatives=true
CEILING MAPPING: mesh=front_facade_FixedFacade__limestone_b__2_-1_4 valid_basis=true max_uv_excess=0.00000017881393 widest=1.00000022350594 vertices=300 derivatives=true
CEILING MAPPING: mesh=front_facade_FixedFacade__limestone_b__3_-1_0 valid_basis=true max_uv_excess=0.00000023841858 widest=1.00000006532017 vertices=228 derivatives=true
CEILING MAPPING: mesh=front_facade_FixedFacade__limestone_b__3_-1_1 valid_basis=true max_uv_excess=0.00000023841858 widest=1.00000009645776 vertices=162 derivatives=true
CEILING MAPPING: mesh=front_facade_FixedFacade__limestone_b__3_-1_2 valid_basis=true max_uv_excess=0.00000023841858 widest=1.00000014276455 vertices=282 derivatives=true
CEILING MAPPING: mesh=front_facade_FixedFacade__limestone_b__3_-1_3 valid_basis=true max_uv_excess=0.00000047683716 widest=1.00000021287466 vertices=306 derivatives=true
CEILING MAPPING: mesh=front_facade_FixedFacade__limestone_b__3_-1_4 valid_basis=true max_uv_excess=0.00000047683716 widest=1.00000021287466 vertices=186 derivatives=true
CEILING MAPPING: mesh=front_facade_FixedFacade__limestone_b__-1_0_0 valid_basis=true max_uv_excess=0.00000002980232 widest=1.00000012772423 vertices=240 derivatives=true
CEILING MAPPING: mesh=front_facade_FixedFacade__limestone_b__-1_-1_0 valid_basis=true max_uv_excess=0.00000002980232 widest=1.00000012772423 vertices=156 derivatives=true
CEILING MAPPING: mesh=front_facade_FixedFacade__limestone_b__-2_0_0 valid_basis=true max_uv_excess=0.00000011920929 widest=1.00000021287321 vertices=204 derivatives=true
CEILING MAPPING: mesh=front_facade_FixedFacade__limestone_b__-3_0_0 valid_basis=true max_uv_excess=0.0 widest=1.0 vertices=474 derivatives=true
CEILING MAPPING: mesh=front_facade_FixedFacade__limestone_b__-3_0_1 valid_basis=true max_uv_excess=0.0 widest=1.0 vertices=216 derivatives=true
CEILING MAPPING: mesh=front_facade_FixedFacade__limestone_b__-3_0_2 valid_basis=true max_uv_excess=0.00000001490116 widest=1.00000009539482 vertices=216 derivatives=true
CEILING MAPPING: mesh=front_facade_FixedFacade__limestone_b__-3_0_3 valid_basis=true max_uv_excess=0.0 widest=1.0 vertices=216 derivatives=true
CEILING MAPPING: mesh=front_facade_FixedFacade__limestone_b__-3_0_4 valid_basis=true max_uv_excess=0.0 widest=1.0 vertices=216 derivatives=true
CEILING MAPPING: mesh=front_facade_FixedFacade__limestone_b__-3_-1_0 valid_basis=true max_uv_excess=0.0 widest=1.0 vertices=564 derivatives=true
CEILING MAPPING: mesh=front_facade_FixedFacade__limestone_b__-3_-1_1 valid_basis=true max_uv_excess=0.00000005960464 widest=1.00000074505433 vertices=387 derivatives=true
CEILING MAPPING: mesh=front_facade_FixedFacade__limestone_b__-3_-1_2 valid_basis=true max_uv_excess=0.00000011920929 widest=1.00000074505877 vertices=387 derivatives=true
CEILING MAPPING: mesh=front_facade_FixedFacade__limestone_b__-3_-1_3 valid_basis=true max_uv_excess=0.0 widest=1.0 vertices=234 derivatives=true
CEILING MAPPING: mesh=front_facade_FixedFacade__limestone_b__-3_-1_4 valid_basis=true max_uv_excess=0.0 widest=1.0 vertices=114 derivatives=true
CEILING MAPPING: mesh=front_facade_FixedFacade__limestone_b__-4_-1_0 valid_basis=true max_uv_excess=0.00000017881393 widest=1.00000022314633 vertices=372 derivatives=true
CEILING MAPPING: mesh=front_facade_FixedFacade__limestone_b__-4_-1_1 valid_basis=true max_uv_excess=0.00000011920929 widest=1.00000011920929 vertices=267 derivatives=true
CEILING MAPPING: mesh=front_facade_FixedFacade__limestone_b__-4_-1_2 valid_basis=true max_uv_excess=0.00000017881393 widest=1.00000022314631 vertices=267 derivatives=true
CEILING MAPPING: mesh=front_facade_FixedFacade__limestone_b__-4_-1_3 valid_basis=true max_uv_excess=0.00000011920929 widest=1.00000009934109 vertices=150 derivatives=true
CEILING MAPPING: mesh=front_facade_FixedFacade__limestone_b__-4_-1_4 valid_basis=true max_uv_excess=0.00000011920929 widest=1.00000009934109 vertices=150 derivatives=true
CEILING MAPPING: mesh=front_facade_FixedFacade__metal__0_0_0 valid_basis=true max_uv_excess=0.0000000562286 widest=1.00000010633235 vertices=576 derivatives=true
CEILING MAPPING: mesh=front_facade_FixedFacade__metal__0_-1_0 valid_basis=true max_uv_excess=0.0000000562286 widest=1.00000252007044 vertices=1398 derivatives=true
CEILING MAPPING: mesh=front_facade_FixedFacade__metal__-1_0_0 valid_basis=true max_uv_excess=0.0000000562286 widest=1.00000159498537 vertices=576 derivatives=true
CEILING MAPPING: mesh=front_facade_FixedFacade__metal__-1_-1_0 valid_basis=true max_uv_excess=0.0000000562286 widest=1.00000252007044 vertices=846 derivatives=true
CEILING MAPPING: mesh=front_facade_FixedFacade__oak_quartered__0_0_0 valid_basis=true max_uv_excess=0.0 widest=1.0 vertices=84 derivatives=true
CEILING MAPPING: mesh=front_facade_FixedFacade__oak_quartered__0_-1_0 valid_basis=true max_uv_excess=0.0 widest=1.0 vertices=120 derivatives=true
CEILING MAPPING: mesh=front_facade_FixedFacade__oak_quartered__-1_0_0 valid_basis=true max_uv_excess=0.0 widest=1.0 vertices=78 derivatives=true
CEILING MAPPING: mesh=front_facade_FixedFacade__oak_quartered__-1_-1_0 valid_basis=true max_uv_excess=0.0 widest=1.0 vertices=114 derivatives=true
CEILING MAPPING: mesh=front_facade_FixedFacade__plywood__-1_-1_0 valid_basis=true max_uv_excess=0.0 widest=1.0 vertices=36 derivatives=true
CEILING MAPPING: mesh=front_facade_FixedFacade__soot__0_-1_0 valid_basis=true max_uv_excess=0.0 widest=1.0 vertices=42 derivatives=true
CEILING MAPPING: mesh=front_facade_FixedFacade__soot__-1_-1_0 valid_basis=true max_uv_excess=0.0 widest=1.0 vertices=42 derivatives=true
CEILING MAPPING: mesh=front_facade_EntryLeaf__cast_iron__0_0_0 valid_basis=true max_uv_excess=0.0 widest=1.0 vertices=1008 derivatives=true
CEILING MAPPING: mesh=front_facade_EntryLeaf__cast_iron__0_-1_0 valid_basis=true max_uv_excess=0.0 widest=1.0 vertices=1008 derivatives=true
CEILING MAPPING: mesh=front_facade_EntryLeaf__glass__0_0_0 valid_basis=true max_uv_excess=0.0 widest=1.0 vertices=84 derivatives=true
CEILING MAPPING: mesh=front_facade_EntryLeaf__glass__0_-1_0 valid_basis=true max_uv_excess=0.0 widest=1.0 vertices=84 derivatives=true
CEILING MAPPING: mesh=front_facade_EntryLeaf__oak_quartered__0_0_0 valid_basis=true max_uv_excess=0.00000000745058 widest=1.00000014901175 vertices=1410 derivatives=true
CEILING MAPPING: mesh=front_facade_EntryLeaf__oak_quartered__0_-1_0 valid_basis=true max_uv_excess=0.00000000745058 widest=1.00000014901175 vertices=1410 derivatives=true
FACADE BLADE pose=[X: (1.0, 0.0, 0.0), Y: (0.0, 1.0, 0.0), Z: (0.0, 0.0, 1.0), O: (5.85, 6.6, 0.980001)] draws=46
FACADE STREET OCCLUDER at y=4.1175 hit={ "position": (5.85, 4.1175, 0.980002), "normal": (-0.0, 0.0, 1.0), "face_index": 7729, "collider_id": 1770029905222, "collider": MasonryCollision:<StaticBody3D#1770029905222>, "shape": 0, "rid": RID(791201695402253) }
FACADE STREET OCCLUDER at y=9.0825 hit={ "position": (5.85, 9.0825, 0.980001), "normal": (-0.0, 0.0, 1.0), "face_index": 7968, "collider_id": 1770029905222, "collider": MasonryCollision:<StaticBody3D#1770029905222>, "shape": 0, "rid": RID(791201695402253) }
FACADE STATION SUPPORT front /root/OrisonV2FabricationBatch/OrisonV2Runtime/OrisonV2Blockout/Ground/orison_ground/Court_asphalt_N1_N5/GroundCollision feet=(0.0, 0.0, 6.0)
FACADE STATION SUPPORT approach /root/OrisonV2FabricationBatch/OrisonV2Runtime/OrisonV2Blockout/FrontPavement/front_pavement/Pavement_N1_N4/PavementCollision feet=(3.0, 0.02, 4.0)
FACADE STATION SUPPORT door /root/OrisonV2FabricationBatch/OrisonV2Runtime/OrisonV2Blockout/FrontPavement/front_pavement/Pavement_N1_N4/PavementCollision feet=(0.45, 0.02, 1.55)
FACADE STATION SUPPORT canopy /root/OrisonV2FabricationBatch/OrisonV2Runtime/OrisonV2Blockout/FrontPavement/front_pavement/Pavement_N1_N4/PavementCollision feet=(1.5, 0.02, 2.8)
FACADE STATION SUPPORT blade /root/OrisonV2FabricationBatch/OrisonV2Runtime/OrisonV2Blockout/FrontPavement/front_pavement/Pavement_N3_N4/PavementCollision feet=(9.0, 0.02, 4.0)
FACADE STATION SUPPORT front_wide /root/OrisonV2FabricationBatch/OrisonV2Runtime/OrisonV2Blockout/Ground/orison_ground/Court_asphalt_N1_N6/GroundCollision feet=(0.0, 0.0, 11.0)
[HARUKIYA] CLOSED, 18 fixtures
FACADE INSPECTION { "position": (5.85, 3.1875, 1.63421), "normal": (0.0, -1.0, 0.0), "face_index": -1, "collider_id": 2800436225948, "collider": NeonSignInspection:<Area3D#2800436225948>, "shape": 0, "rid": RID(1143797035565377) } prompt=[E]  Inspect ORISON neon
FRONT FACADE TEST: parts=59 triangles=8480 checks=665 failures=0
FABRICATION BATCH: worlds=1 modules=1 module_checks=6027 failures=0 elapsed_ms=64970
