C:\PleaseRemainOnTheLine\tmp\v2-finish-review\photo-enlargers-stage\art\blender\scripts\build_photo_enlargers.py:45: DeprecationWarning: 'Material.use_nodes' is expected to be removed in Blender 6.0
  mat=bpy.data.materials.new(key);mat.use_nodes=True;materials[key]=mat
Extensions: writing cache failed ([WinError 183] Cannot create a file when that file already exists: 'C:\\Users\\nate_\\AppData\\Roaming\\Blender Foundation\\Blender\\5.2\\extensions\\.cache').
Info: Saved as "photo_enlargers.blend"
INFO Draco is available, use library at C:\Program Files\Blender Foundation\Blender 5.2\5.2\scripts\addons_core\io_scene_gltf2\bf_intern_draco_bridge.dll
INFO MeshOptimizer is available, use library at C:\Program Files\Blender Foundation\Blender 5.2\5.2\scripts\addons_core\io_scene_gltf2\bf_intern_meshopt_bridge.dll
21:53:00 | INFO: Starting glTF 2.0 export
21:53:00 | INFO: Extracting primitive: storm_shop_photo_supplies_enl0__dark
21:53:00 | INFO: Primitives created: 1
21:53:00 | INFO: Extracting primitive: storm_shop_photo_supplies_enl0__metal
21:53:00 | INFO: Primitives created: 1
21:53:00 | INFO: Extracting primitive: storm_shop_photo_supplies_enl0__trim
21:53:00 | INFO: Primitives created: 1
21:53:00 | INFO: Extracting primitive: storm_shop_photo_supplies_enl1__dark
21:53:00 | INFO: Primitives created: 1
21:53:00 | INFO: Extracting primitive: storm_shop_photo_supplies_enl1__metal
21:53:00 | INFO: Primitives created: 1
21:53:00 | INFO: Extracting primitive: storm_shop_photo_supplies_enl1__trim
21:53:00 | INFO: Primitives created: 1
21:53:00 | INFO: Extracting primitive: storm_shop_photo_supplies_enl2__dark
21:53:00 | INFO: Primitives created: 1
21:53:00 | INFO: Extracting primitive: storm_shop_photo_supplies_enl2__metal
21:53:00 | INFO: Primitives created: 1
21:53:00 | INFO: Extracting primitive: storm_shop_photo_supplies_enl2__trim
21:53:00 | INFO: Primitives created: 1
21:53:00 | INFO: Extracting primitive: storm_shop_photo_supplies_enl_shelf__timber
21:53:00 | INFO: Primitives created: 1
21:53:00 | INFO: Finished glTF 2.0 export in 0.026764392852783203 s

PHOTO ENLARGERS 4 original records; 4 assemblies; 34 closed stocks; 10 parts; 8732 triangles; 9 foot contacts
Blender 5.2.0 LTS (hash fbe6228777e7 built 2026-07-14 01:35:40)

Blender quit
