Godot Engine v4.7.1.stable.official.a13da4feb - https://godotengine.org
Vulkan 1.4.341 - Forward+ - Using Device #0: NVIDIA - NVIDIA GeForce RTX 4080

[ACOUSTIC] 550 nodes loaded
ORISON V2 BLOCKOUT: 200 spaces / 111 doors / 1104 anchors
[V2 FRONT COURT ROOF] three seated girders; retained roof slabs; mapped exterior concrete
[V2 BODEGA POWER] independent inlet; four existing fittings; 20 bearings
[SURFACE] 386 surfaces layered (258 materials)
[PASSAGE HOURS] OPEN; 10 grilles folded
[PASSAGE HOURS] 11 shopfronts, 10 close after 02:00, HARDWARE PAINT keeps night service
[PASSAGE FINISH] 6 gated draws, 3 handcarts, hours active
[V2 PASSAGE] 13 resident cells; 11 doors; 1 shared-service counters
[SURFACE] 215 surfaces layered (108 materials)
[HARUKIYA] 9 interactables placed
[ARCADE] 2 cabinet(s) from a catalog of 12: SOMETHING IN THE HALL (mystery_serial), OPERATIONS (farm_and_market)
[ARCADE] all of them are running arcade_pit
[V2 BAR] retained cell; 29 registered markers; 3 doors
[V2 FRONT FACADE] native entrance, original landmark hardware, glazed marquee and fitted blade
[SCHEDULE] director live: 18 residents on the clock
[MOVES] personal library: res://assets/characters/mina_vale/mina_vale_moves.glb
SOURCE PARAPET MATERIAL ROOF_PARAPET_EAST brick 
SOURCE PARAPET MATERIAL ROOF_PARAPET_NORTH brick 
SOURCE PARAPET MATERIAL ROOF_PARAPET_SOUTH brick 
SOURCE PARAPET MATERIAL ROOF_PARAPET_WEST brick 
[ORISON V2 RUNTIME] ready startup_ms=39653.315
[LIGHTING] 211 sources active in system; 211 full personalities; profiles steady/breathe/mains/beat/dropout=[50, 49, 36, 42, 34]
[HARUKIYA] OPEN, 18 fixtures
DOSSIER CENSUS: nodes=2048 spaces_with_nodes=165
DOSSIER SPACE: F04_LANDING captured_pending_visual_review captures=4
DOSSIER SPACE: F04_WEST_HALL captured_pending_visual_review captures=5
DOSSIER SPACE: F04_B_VESTIBULE captured_pending_visual_review captures=5
DOSSIER SPACE: F04_B_MAIN captured_pending_visual_review captures=6
DOSSIER SPACE: F04_B_KITCHEN captured_pending_visual_review captures=6
DOSSIER SPACE: F04_B_PRIVATE_HALL captured_pending_visual_review captures=6
DOSSIER SPACE: F04_B_ALCOVE_APPROACH captured_pending_visual_review captures=5
DOSSIER SPACE: F04_B_BATH captured_pending_visual_review captures=6
DOSSIER SPACE: F04_B_CLOSET captured_pending_visual_review captures=6
DOSSIER SPACE: F04_B_ALCOVE captured_pending_visual_review captures=6
DOSSIER SPACE: F04_PUBLIC_CORE captured_pending_visual_review captures=4
DOSSIER SPACE: F04_SERVICE_HALL captured_pending_visual_review captures=3
DOSSIER SPACE: F04_SERVICE_CORE captured_pending_visual_review captures=3
DOSSIER SPACE: F04_A_VESTIBULE captured_pending_visual_review captures=5
DOSSIER SPACE: F04_A_MAIN captured_pending_visual_review captures=6
DOSSIER SPACE: F04_A_KITCHEN captured_pending_visual_review captures=6
DOSSIER SPACE: F04_A_BED captured_pending_visual_review captures=6
DOSSIER SPACE: F04_A_PRIVATE_HALL captured_pending_visual_review captures=6
DOSSIER SPACE: F04_A_BATH captured_pending_visual_review captures=6
DOSSIER SPACE: F04_EAST_HALL captured_pending_visual_review captures=3
DOSSIER SPACE: F04_SERVICE_CROSSING captured_pending_visual_review captures=4
DOSSIER SPACE: F04_SERVICE_HALL_SOUTH captured_pending_visual_review captures=3
DOSSIER SPACE: F05_PUBLIC_CORE captured_pending_visual_review captures=4
DOSSIER SPACE: F05_SERVICE_CORE captured_pending_visual_review captures=3
DOSSIER SPACE: F05_SERVICE_HALL captured_pending_visual_review captures=3
DOSSIER SPACE: F05_EAST_HALL captured_pending_visual_review captures=3
DOSSIER SPACE: F05_SERVICE_CROSSING captured_pending_visual_review captures=4
DOSSIER SPACE: F05_SERVICE_HALL_SOUTH captured_pending_visual_review captures=3
DOSSIER SPACE: F05_WEST_HALL captured_pending_visual_review captures=6
DOSSIER SPACE: F05_A_MAIN captured_pending_visual_review captures=6
DOSSIER SPACE: F05_A_VESTIBULE captured_pending_visual_review captures=5
DOSSIER SPACE: F05_A_PRIVATE_HALL captured_pending_visual_review captures=6
DOSSIER SPACE: F05_A_BATH captured_pending_visual_review captures=6
DOSSIER SPACE: F05_A_BED captured_pending_visual_review captures=6
DOSSIER SPACE: F05_A_KITCHEN captured_pending_visual_review captures=6
DOSSIER SPACE: F05_A_STUDY captured_pending_visual_review captures=6
DOSSIER SPACE: F05_B_MAIN captured_pending_visual_review captures=6
DOSSIER SPACE: F05_B_VESTIBULE captured_pending_visual_review captures=6
DOSSIER SPACE: F05_B_BATH captured_pending_visual_review captures=6
DOSSIER SPACE: F05_B_ALCOVE captured_pending_visual_review captures=6
DOSSIER SPACE: F05_B_PRIVATE_HALL captured_pending_visual_review captures=6
DOSSIER SPACE: F05_B_KITCHEN captured_pending_visual_review captures=6
DOSSIER SPACE: F05_C_VESTIBULE captured_pending_visual_review captures=5
DOSSIER SPACE: F05_C_MAIN captured_pending_visual_review captures=6
DOSSIER SPACE: F05_C_STUDIO captured_pending_visual_review captures=6
DOSSIER SPACE: F05_C_PRIVATE_HALL captured_pending_visual_review captures=6
DOSSIER SPACE: F05_C_BATH captured_pending_visual_review captures=6
DOSSIER SPACE: F05_C_KITCHEN captured_pending_visual_review captures=6
DOSSIER SPACE: F05_C_BED1 captured_pending_visual_review captures=6
DOSSIER SPACE: F05_C_BED2 captured_pending_visual_review captures=6
DOSSIER SPACE: F05_D_RESTRICTED captured_pending_visual_review captures=6
DOSSIER SPACE: F06_PUBLIC_CORE captured_pending_visual_review captures=4
DOSSIER SPACE: F06_SERVICE_CORE captured_pending_visual_review captures=3
DOSSIER SPACE: F06_SERVICE_HALL captured_pending_visual_review captures=3
DOSSIER SPACE: F06_EAST_HALL captured_pending_visual_review captures=3
DOSSIER SPACE: F06_SERVICE_CROSSING captured_pending_visual_review captures=4
DOSSIER SPACE: F06_SERVICE_HALL_SOUTH captured_pending_visual_review captures=3
DOSSIER SPACE: F06_WEST_HALL captured_pending_visual_review captures=5
DOSSIER SPACE: F06_A_MAIN captured_pending_visual_review captures=6
DOSSIER SPACE: F06_A_VESTIBULE captured_pending_visual_review captures=5
DOSSIER SPACE: F06_A_PRIVATE_HALL captured_pending_visual_review captures=6
DOSSIER SPACE: F06_A_BATH captured_pending_visual_review captures=6
DOSSIER SPACE: F06_A_BED captured_pending_visual_review captures=6
DOSSIER SPACE: F06_A_KITCHEN captured_pending_visual_review captures=6
DOSSIER SPACE: F06_A_STUDY captured_pending_visual_review captures=6
DOSSIER SPACE: F06_B_MAIN captured_pending_visual_review captures=6
DOSSIER SPACE: F06_B_VESTIBULE captured_pending_visual_review captures=6
DOSSIER SPACE: F06_B_BATH captured_pending_visual_review captures=6
DOSSIER SPACE: F06_B_ALCOVE captured_pending_visual_review captures=6
DOSSIER SPACE: F06_B_PRIVATE_HALL captured_pending_visual_review captures=6
DOSSIER SPACE: F06_B_KITCHEN captured_pending_visual_review captures=6
DOSSIER SPACE: F06_C_VESTIBULE captured_pending_visual_review captures=5
DOSSIER SPACE: F06_C_MAIN captured_pending_visual_review captures=6
DOSSIER SPACE: F06_C_STUDIO captured_pending_visual_review captures=6
DOSSIER SPACE: F06_C_PRIVATE_HALL captured_pending_visual_review captures=6
DOSSIER SPACE: F06_C_BATH captured_pending_visual_review captures=6
DOSSIER SPACE: F06_C_KITCHEN captured_pending_visual_review captures=6
DOSSIER SPACE: F06_C_BED1 captured_pending_visual_review captures=6
DOSSIER SPACE: F06_C_BED2 captured_pending_visual_review captures=6
DOSSIER SPACE: F06_D_RESTRICTED captured_pending_visual_review captures=5
DOSSIER SPACE: ROOF_PUBLIC_CORE captured_pending_visual_review captures=6
DOSSIER SPACE: ROOF_SERVICE_CORE captured_pending_visual_review captures=4
DOSSIER SPACE: ROOF_DECK_WEST captured_pending_visual_review captures=6
DOSSIER SPACE: ROOF_DECK_SOUTH captured_pending_visual_review captures=5
DOSSIER SPACE: ROOF_DECK_NORTH captured_pending_visual_review captures=4
DOSSIER SPACE: ROOF_DECK_MIDDLE captured_pending_visual_review captures=4
DOSSIER SPACE: ROOF_DECK_EAST captured_pending_visual_review captures=4
DOSSIER SPACE: ROOF_DECK_SOUTHEAST captured_pending_visual_review captures=3
DOSSIER SPACE: ROOF_DECK_NORTHEAST captured_pending_visual_review captures=3
DOSSIER SPACE: F04_C_VESTIBULE captured_pending_visual_review captures=5
DOSSIER SPACE: F04_C_MAIN captured_pending_visual_review captures=6
DOSSIER SPACE: F04_C_STUDIO captured_pending_visual_review captures=6
DOSSIER SPACE: F04_C_PRIVATE_HALL captured_pending_visual_review captures=6
DOSSIER SPACE: F04_C_BATH captured_pending_visual_review captures=6
DOSSIER SPACE: F04_C_KITCHEN captured_pending_visual_review captures=6
DOSSIER SPACE: F04_C_BED1 captured_pending_visual_review captures=6
DOSSIER SPACE: F04_C_BED2 captured_pending_visual_review captures=6
DOSSIER SPACE: F04_D_VESTIBULE captured_pending_visual_review captures=6
DOSSIER SPACE: F04_D_MAIN captured_pending_visual_review captures=6
DOSSIER SPACE: F04_D_PRIVATE_HALL captured_pending_visual_review captures=6
DOSSIER SPACE: F04_D_BATH captured_pending_visual_review captures=6
DOSSIER SPACE: F04_D_KITCHEN captured_pending_visual_review captures=6
DOSSIER SPACE: F04_D_BED captured_pending_visual_review captures=6
DOSSIER SPACE: F04_D_STUDY captured_pending_visual_review captures=6
DOSSIER SPACE: F04_SOUTHWEST_HALL captured_pending_visual_review captures=6
DOSSIER SWEEP COMPLETE: spaces=105 city=130 failures=0
