{
  "actual_engine_exit": 4294967295,
  "elapsed_seconds": 157.943,
  "gate": {
    "diagnostic_gate_exit": 1,
    "reasons": [
      "actual engine/runner exit 4294967295",
      "2 non-inherited error headers",
      "functional checks failed or missing",
      "post-retirement phase absent"
    ],
    "unpair_errors": 0,
    "soft_shadow_underflows": 0,
    "non_inherited_error_headers": {
      "SCRIPT ERROR: Parse Error: Identifier \"owned_controls\" not declared in the current scope.": 1,
      "ERROR: Failed to load script \"res://tests/vulkan_composed_root_test.gd\" with error \"Parse error\".": 1
    },
    "inherited_manifest_errors": [
      {
        "header": "ERROR: GENERAL - Message Id Number: 0 | Message Id Name: Loader Message",
        "detail": "loader_get_json: Failed to open JSON file C:\\Program Files\\TikTok LIVE Studio\\0.49.6\\resources\\app\\electron\\sdk\\lib\\LiveStudioVulkanLayer64.json"
      },
      {
        "header": "ERROR: GENERAL - Message Id Number: 0 | Message Id Name: Loader Message",
        "detail": "loader_get_json: Failed to open JSON file C:\\Program Files (x86)\\Epic Games\\Launcher\\Portal\\Extras\\Overlay\\EOSOverlayVkLayer-Win32.json"
      },
      {
        "header": "ERROR: GENERAL - Message Id Number: 0 | Message Id Name: Loader Message",
        "detail": "loader_get_json: Failed to open JSON file C:\\Program Files (x86)\\Epic Games\\Launcher\\Portal\\Extras\\Overlay\\EOSOverlayVkLayer-Win64.json"
      },
      {
        "header": "ERROR: GENERAL - Message Id Number: 0 | Message Id Name: Loader Message",
        "detail": "loader_get_json: Failed to open JSON file C:\\Program Files\\TikTok LIVE Studio\\0.49.6\\resources\\app\\electron\\sdk\\lib\\LiveStudioVulkanLayer32.json"
      },
      {
        "header": "ERROR: GENERAL - Message Id Number: 0 | Message Id Name: Loader Message",
        "detail": "loader_get_json: Failed to open JSON file C:\\Program Files\\TikTok LIVE Studio\\0.49.6\\resources\\app\\electron\\sdk\\lib\\LiveStudioVulkanLayer64.json"
      }
    ],
    "warnings": {
      "WARNING: GENERAL - Message Id Number: 0 | Message Id Name: Loader Message": 2
    },
    "retention": [],
    "functional_checks_meaningful": false,
    "expected_unpair_red_observed": false,
    "expected_viewport_guard_red_observed": false,
    "execution_scope": "missing",
    "full_candidate_scope_completed": false,
    "native_phase_attribution": "stdout phase markers retained; separate stdout/stderr buffering does not establish exact native-error phase or causal ownership"
  }
}
