C:\PleaseRemainOnTheLine\art\blender\scripts\build_locksmith_fittings.py:40: DeprecationWarning: 'Material.use_nodes' is expected to be removed in Blender 6.0
  mat=bpy.data.materials.new(key);mat.use_nodes=True;materials[key]=mat
Info: Saved as "locksmith_fittings.blend"
INFO Draco is available, use library at C:\Program Files\Blender Foundation\Blender 5.2\5.2\scripts\addons_core\io_scene_gltf2\bf_intern_draco_bridge.dll
INFO MeshOptimizer is available, use library at C:\Program Files\Blender Foundation\Blender 5.2\5.2\scripts\addons_core\io_scene_gltf2\bf_intern_meshopt_bridge.dll
15:45:21 | INFO: Starting glTF 2.0 export
15:45:21 | INFO: Extracting primitive: storm_shop_keys_cut_board__brass_dull
15:45:21 | INFO: Primitives created: 1
15:45:21 | INFO: Extracting primitive: storm_shop_keys_cut_board__chrome
15:45:21 | INFO: Primitives created: 1
15:45:21 | INFO: Extracting primitive: storm_shop_keys_cut_board__plywood
15:45:21 | INFO: Primitives created: 1
15:45:21 | INFO: Extracting primitive: storm_shop_keys_cut_counter__countertop
15:45:21 | INFO: Primitives created: 1
15:45:21 | INFO: Extracting primitive: storm_shop_keys_cut_counter__paper
15:45:21 | INFO: Primitives created: 1
15:45:21 | INFO: Extracting primitive: storm_shop_keys_cut_counter__vinyl_oxblood
15:45:21 | INFO: Primitives created: 1
15:45:21 | INFO: Extracting primitive: storm_shop_keys_cut_counter__wood_dark
15:45:21 | INFO: Primitives created: 1
15:45:21 | INFO: Extracting primitive: storm_shop_keys_cut_cutter__brass_dull
15:45:21 | INFO: Primitives created: 1
15:45:21 | INFO: Extracting primitive: storm_shop_keys_cut_cutter__cast_iron
15:45:21 | INFO: Primitives created: 1
15:45:21 | INFO: Extracting primitive: storm_shop_keys_cut_cutter__metal
15:45:21 | INFO: Primitives created: 1
15:45:21 | INFO: Extracting primitive: storm_shop_keys_cut_cutter__timber
15:45:21 | INFO: Primitives created: 1
15:45:21 | INFO: Extracting primitive: storm_shop_keys_cut_cutter_bench__cast_iron
15:45:21 | INFO: Primitives created: 1
15:45:21 | INFO: Extracting primitive: storm_shop_keys_cut_cutter_bench__metal
15:45:21 | INFO: Primitives created: 1
15:45:21 | INFO: Extracting primitive: storm_shop_keys_cut_cutter_bench__timber
15:45:21 | INFO: Primitives created: 1
15:45:21 | INFO: Extracting primitive: storm_shop_keys_cut_lock_cloth__brass_dull
15:45:21 | INFO: Primitives created: 1
15:45:21 | INFO: Extracting primitive: storm_shop_keys_cut_lock_cloth__chrome
15:45:21 | INFO: Primitives created: 1
15:45:21 | INFO: Extracting primitive: storm_shop_keys_cut_lock_cloth__linen
15:45:21 | INFO: Primitives created: 1
15:45:21 | INFO: Extracting primitive: storm_shop_keys_cut_lock_cloth__metal
15:45:21 | INFO: Primitives created: 1
15:45:21 | INFO: Extracting primitive: storm_shop_keys_cut_lock_cloth__timber
15:45:21 | INFO: Primitives created: 1
15:45:21 | INFO: Extracting primitive: storm_shop_keys_cut_lock_cloth__vinyl_oxblood
15:45:21 | INFO: Primitives created: 1
15:45:21 | INFO: Extracting primitive: storm_shop_keys_cut_padlock_rail__brass_dull
15:45:21 | INFO: Primitives created: 1
15:45:21 | INFO: Extracting primitive: storm_shop_keys_cut_padlock_rail__cast_iron
15:45:21 | INFO: Primitives created: 1
15:45:21 | INFO: Extracting primitive: storm_shop_keys_cut_padlock_rail__chrome
15:45:21 | INFO: Primitives created: 1
15:45:21 | INFO: Extracting primitive: storm_shop_keys_cut_safe__brass_bright
15:45:21 | INFO: Primitives created: 1
15:45:21 | INFO: Extracting primitive: storm_shop_keys_cut_safe__cast_iron
15:45:21 | INFO: Primitives created: 1
15:45:21 | INFO: Extracting primitive: storm_shop_keys_cut_safe__metal
15:45:21 | INFO: Primitives created: 1
15:45:21 | INFO: Extracting primitive: storm_shop_keys_cut_step_rail0__metal
15:45:21 | INFO: Primitives created: 1
15:45:21 | INFO: Extracting primitive: storm_shop_keys_cut_step_rail0__timber
15:45:21 | INFO: Primitives created: 1
15:45:21 | INFO: Extracting primitive: storm_shop_keys_cut_window_plinth__plywood
15:45:21 | INFO: Primitives created: 1
15:45:21 | INFO: Extracting primitive: storm_shop_keys_cut_window_plinth__wood_dark
15:45:21 | INFO: Primitives created: 1
15:45:21 | INFO: Finished glTF 2.0 export in 0.1887493133544922 s

LOCKSMITH FITTINGS 133 original records; 9 assemblies; 536 closed stocks; 30 parts; 93880 triangles; 34 foot contacts
Blender 5.2.0 LTS (hash fbe6228777e7 built 2026-07-14 01:35:40)

Blender quit
