Godot Engine v4.7.1.stable.official.a13da4feb - https://godotengine.org
Vulkan 1.4.341 - Forward+ - Using Device #0: NVIDIA - NVIDIA GeForce RTX 4080

[ACOUSTIC] 550 nodes loaded
ORISON V2 BLOCKOUT: 136 spaces / 65 doors / 745 anchors
[SURFACE] 323 surfaces layered (296 materials)
[PASSAGE HOURS] OPEN; 10 grilles folded
[PASSAGE HOURS] 11 shopfronts, 10 close after 02:00, HARDWARE PAINT keeps night service
[PASSAGE FINISH] 6 gated draws, 3 handcarts, hours active
[V2 PASSAGE] 13 resident cells; 11 doors; 1 shared-service counters
[SCHEDULE] director live: 18 residents on the clock
[MOVES] personal library: res://assets/characters/mina_vale/mina_vale_moves.glb
[ORISON V2 RUNTIME] ready startup_ms=9938.361
[LIGHTING] 133 sources active in system; 133 full personalities; profiles steady/breathe/mains/beat/dropout=[30, 25, 28, 28, 22]
[TOASTER] F02_2A_TOASTER_01 cycle start
[TOASTER] F02_2B_TOASTER_01 cycle start
[TOASTER] F03_3A_TOASTER_01 cycle start
[TOASTER] F03_3B_TOASTER_01 cycle start
[TOASTER] F04_4A_TOASTER_01 cycle start
[TOASTER] F04_B_TOASTER_01 cycle start
[TOASTER] F05_5A_TOASTER_01 cycle start
[TOASTER] F06_6A_TOASTER_01 cycle start
[TOASTER] F06_6B_TOASTER_01 cycle start
[TOASTER] F06_6C_TOASTER_01 cycle start
[TOASTER] F02_2A_TOASTER_01 pop (1 cycles)
[TOASTER] F02_2B_TOASTER_01 pop (1 cycles)
[TOASTER] F03_3A_TOASTER_01 pop (1 cycles)
[TOASTER] F03_3B_TOASTER_01 pop (1 cycles)
[TOASTER] F04_4A_TOASTER_01 pop (1 cycles)
[TOASTER] F04_B_TOASTER_01 pop (1 cycles)
[TOASTER] F05_5A_TOASTER_01 pop (1 cycles)
[TOASTER] F06_6A_TOASTER_01 pop (1 cycles)
[TOASTER] F06_6B_TOASTER_01 pop (1 cycles)
[TOASTER] F06_6C_TOASTER_01 pop (1 cycles)
[TOASTER] F02_2A_TOASTER_01 cycle start
[TOASTER] F02_2B_TOASTER_01 cycle start
[TOASTER] F03_3A_TOASTER_01 cycle start
[TOASTER] F03_3B_TOASTER_01 cycle start
[TOASTER] F04_4A_TOASTER_01 cycle start
[TOASTER] F04_B_TOASTER_01 cycle start
[TOASTER] F05_5A_TOASTER_01 cycle start
[TOASTER] F06_6A_TOASTER_01 cycle start
[TOASTER] F06_6B_TOASTER_01 cycle start
[TOASTER] F06_6C_TOASTER_01 cycle start
[SWITCHES] F02_A_MAIN -> off (1 fixtures)
[SWITCHES] F02_A_MAIN -> on (1 fixtures)
[SWITCHES] F03_B_MAIN -> off (1 fixtures)
[SWITCHES] F03_B_MAIN -> on (1 fixtures)
[SWITCHES] F03_B_KITCHEN -> off (1 fixtures)
[SWITCHES] F03_B_KITCHEN -> on (1 fixtures)
[SWITCHES] F03_B_ALCOVE -> off (1 fixtures)
[SWITCHES] F03_B_ALCOVE -> on (1 fixtures)
[SWITCHES] F03_B_BATH -> off (1 fixtures)
[SWITCHES] F03_B_BATH -> on (1 fixtures)
[SWITCHES] F04_B_ALCOVE -> off (1 fixtures)
[SWITCHES] F04_B_ALCOVE -> on (1 fixtures)
[SWITCHES] F04_B_MAIN -> off (1 fixtures)
[SWITCHES] F04_B_MAIN -> on (1 fixtures)
[SWITCHES] F04_B_BATH -> off (1 fixtures)
[SWITCHES] F04_B_BATH -> on (1 fixtures)
[SWITCHES] F04_B_KITCHEN -> off (1 fixtures)
[SWITCHES] F04_B_KITCHEN -> on (1 fixtures)
[SWITCHES] F04_B_PRIVATE_HALL -> off (1 fixtures)
[SWITCHES] F04_B_PRIVATE_HALL -> on (1 fixtures)
[SWITCHES] F04_B_CLOSET -> off (1 fixtures)
[SWITCHES] F04_B_CLOSET -> on (1 fixtures)
[SWITCHES] F02_A_VESTIBULE -> off (1 fixtures)
[SWITCHES] F02_A_VESTIBULE -> on (1 fixtures)
[SWITCHES] F02_A_KITCHEN -> off (1 fixtures)
[SWITCHES] F02_A_KITCHEN -> on (1 fixtures)
[SWITCHES] F02_A_PRIVATE_HALL -> off (1 fixtures)
[SWITCHES] F02_A_PRIVATE_HALL -> on (1 fixtures)
[SWITCHES] F02_A_BATH -> off (1 fixtures)
[SWITCHES] F02_A_BATH -> on (1 fixtures)
[SWITCHES] F02_A_BED -> off (1 fixtures)
[SWITCHES] F02_A_BED -> on (1 fixtures)
[SWITCHES] F02_B_VESTIBULE -> off (1 fixtures)
[SWITCHES] F02_B_VESTIBULE -> on (1 fixtures)
[SWITCHES] F02_B_MAIN -> off (1 fixtures)
[SWITCHES] F02_B_MAIN -> on (1 fixtures)
[SWITCHES] F02_B_KITCHEN -> off (1 fixtures)
[SWITCHES] F02_B_KITCHEN -> on (1 fixtures)
[SWITCHES] F02_B_BED -> off (1 fixtures)
[SWITCHES] F02_B_BED -> on (1 fixtures)
[SWITCHES] F02_B_PRIVATE_HALL -> off (1 fixtures)
[SWITCHES] F02_B_PRIVATE_HALL -> on (1 fixtures)
[SWITCHES] F02_B_BATH -> off (1 fixtures)
[SWITCHES] F02_B_BATH -> on (1 fixtures)
[SWITCHES] F03_B_VESTIBULE -> off (1 fixtures)
[SWITCHES] F03_B_VESTIBULE -> on (1 fixtures)
[SWITCHES] F03_B_PRIVATE_HALL -> off (1 fixtures)
[SWITCHES] F03_B_PRIVATE_HALL -> on (1 fixtures)
[SWITCHES] F04_B_VESTIBULE -> off (1 fixtures)
[SWITCHES] F04_B_VESTIBULE -> on (1 fixtures)
[SWITCHES] F04_B_ALCOVE_APPROACH -> off (1 fixtures)
[SWITCHES] F04_B_ALCOVE_APPROACH -> on (1 fixtures)
[SWITCHES] F03_A_MAIN -> off (1 fixtures)
[SWITCHES] F03_A_MAIN -> on (1 fixtures)
[SWITCHES] F03_A_VESTIBULE -> off (1 fixtures)
[SWITCHES] F03_A_VESTIBULE -> on (1 fixtures)
[SWITCHES] F03_A_KITCHEN -> off (1 fixtures)
[SWITCHES] F03_A_KITCHEN -> on (1 fixtures)
[SWITCHES] F03_A_PRIVATE_HALL -> off (1 fixtures)
[SWITCHES] F03_A_PRIVATE_HALL -> on (1 fixtures)
[SWITCHES] F03_A_BATH -> off (1 fixtures)
[SWITCHES] F03_A_BATH -> on (1 fixtures)
[SWITCHES] F03_A_BED -> off (1 fixtures)
[SWITCHES] F03_A_BED -> on (1 fixtures)
[SWITCHES] F04_A_VESTIBULE -> off (1 fixtures)
[SWITCHES] F04_A_VESTIBULE -> on (1 fixtures)
[SWITCHES] F04_A_MAIN -> off (1 fixtures)
[SWITCHES] F04_A_MAIN -> on (1 fixtures)
[SWITCHES] F04_A_KITCHEN -> off (1 fixtures)
[SWITCHES] F04_A_KITCHEN -> on (1 fixtures)
[SWITCHES] F04_A_BED -> off (1 fixtures)
[SWITCHES] F04_A_BED -> on (1 fixtures)
[SWITCHES] F04_A_PRIVATE_HALL -> off (1 fixtures)
[SWITCHES] F04_A_PRIVATE_HALL -> on (1 fixtures)
[SWITCHES] F04_A_BATH -> off (1 fixtures)
[SWITCHES] F04_A_BATH -> on (1 fixtures)
ORISON V2 BLOCKOUT: 136 spaces / 65 doors / 745 anchors
[SURFACE] 323 surfaces layered (296 materials)
[PASSAGE HOURS] OPEN; 10 grilles folded
[PASSAGE HOURS] 11 shopfronts, 10 close after 02:00, HARDWARE PAINT keeps night service
[PASSAGE FINISH] 6 gated draws, 3 handcarts, hours active
[V2 PASSAGE] 13 resident cells; 11 doors; 1 shared-service counters
[SCHEDULE] director live: 18 residents on the clock
[MOVES] personal library: res://assets/characters/mina_vale/mina_vale_moves.glb
[ORISON V2 RUNTIME] ready startup_ms=7664.095
[LIGHTING] 133 sources active in system; 133 full personalities; profiles steady/breathe/mains/beat/dropout=[30, 25, 28, 28, 22]
[TOASTER] F02_2A_TOASTER_01 cycle start
[TOASTER] F02_2B_TOASTER_01 cycle start
[TOASTER] F03_3A_TOASTER_01 cycle start
[TOASTER] F03_3B_TOASTER_01 cycle start
[TOASTER] F04_4A_TOASTER_01 cycle start
[TOASTER] F04_B_TOASTER_01 cycle start
[TOASTER] F05_5A_TOASTER_01 cycle start
[TOASTER] F06_6A_TOASTER_01 cycle start
[TOASTER] F06_6B_TOASTER_01 cycle start
[TOASTER] F06_6C_TOASTER_01 cycle start
[TOASTER] F02_2A_TOASTER_01 pop (1 cycles)
[TOASTER] F02_2B_TOASTER_01 pop (1 cycles)
[TOASTER] F03_3A_TOASTER_01 pop (1 cycles)
[TOASTER] F03_3B_TOASTER_01 pop (1 cycles)
[TOASTER] F04_4A_TOASTER_01 pop (1 cycles)
[TOASTER] F04_B_TOASTER_01 pop (1 cycles)
[TOASTER] F05_5A_TOASTER_01 pop (1 cycles)
[TOASTER] F06_6A_TOASTER_01 pop (1 cycles)
[TOASTER] F06_6B_TOASTER_01 pop (1 cycles)
[TOASTER] F06_6C_TOASTER_01 pop (1 cycles)
[TOASTER] F02_2A_TOASTER_01 cycle start
[TOASTER] F02_2B_TOASTER_01 cycle start
[TOASTER] F03_3A_TOASTER_01 cycle start
[TOASTER] F03_3B_TOASTER_01 cycle start
[TOASTER] F04_4A_TOASTER_01 cycle start
[TOASTER] F04_B_TOASTER_01 cycle start
[TOASTER] F05_5A_TOASTER_01 cycle start
[TOASTER] F06_6A_TOASTER_01 cycle start
[TOASTER] F06_6B_TOASTER_01 cycle start
[TOASTER] F06_6C_TOASTER_01 cycle start
[SWITCHES] F02_A_MAIN -> off (1 fixtures)
[SWITCHES] F02_A_MAIN -> on (1 fixtures)
[SWITCHES] F03_B_MAIN -> off (1 fixtures)
[SWITCHES] F03_B_MAIN -> on (1 fixtures)
[SWITCHES] F03_B_KITCHEN -> off (1 fixtures)
[SWITCHES] F03_B_KITCHEN -> on (1 fixtures)
[SWITCHES] F03_B_ALCOVE -> off (1 fixtures)
[SWITCHES] F03_B_ALCOVE -> on (1 fixtures)
[SWITCHES] F03_B_BATH -> off (1 fixtures)
[SWITCHES] F03_B_BATH -> on (1 fixtures)
[SWITCHES] F04_B_ALCOVE -> off (1 fixtures)
[SWITCHES] F04_B_ALCOVE -> on (1 fixtures)
[SWITCHES] F04_B_MAIN -> off (1 fixtures)
[SWITCHES] F04_B_MAIN -> on (1 fixtures)
[SWITCHES] F04_B_BATH -> off (1 fixtures)
[SWITCHES] F04_B_BATH -> on (1 fixtures)
[SWITCHES] F04_B_KITCHEN -> off (1 fixtures)
[SWITCHES] F04_B_KITCHEN -> on (1 fixtures)
[SWITCHES] F04_B_PRIVATE_HALL -> off (1 fixtures)
[SWITCHES] F04_B_PRIVATE_HALL -> on (1 fixtures)
[SWITCHES] F04_B_CLOSET -> off (1 fixtures)
[SWITCHES] F04_B_CLOSET -> on (1 fixtures)
[SWITCHES] F02_A_VESTIBULE -> off (1 fixtures)
[SWITCHES] F02_A_VESTIBULE -> on (1 fixtures)
[SWITCHES] F02_A_KITCHEN -> off (1 fixtures)
[SWITCHES] F02_A_KITCHEN -> on (1 fixtures)
[SWITCHES] F02_A_PRIVATE_HALL -> off (1 fixtures)
[SWITCHES] F02_A_PRIVATE_HALL -> on (1 fixtures)
[SWITCHES] F02_A_BATH -> off (1 fixtures)
[SWITCHES] F02_A_BATH -> on (1 fixtures)
[SWITCHES] F02_A_BED -> off (1 fixtures)
[SWITCHES] F02_A_BED -> on (1 fixtures)
[SWITCHES] F02_B_VESTIBULE -> off (1 fixtures)
[SWITCHES] F02_B_VESTIBULE -> on (1 fixtures)
[SWITCHES] F02_B_MAIN -> off (1 fixtures)
[SWITCHES] F02_B_MAIN -> on (1 fixtures)
[SWITCHES] F02_B_KITCHEN -> off (1 fixtures)
[SWITCHES] F02_B_KITCHEN -> on (1 fixtures)
[SWITCHES] F02_B_BED -> off (1 fixtures)
[SWITCHES] F02_B_BED -> on (1 fixtures)
[SWITCHES] F02_B_PRIVATE_HALL -> off (1 fixtures)
[SWITCHES] F02_B_PRIVATE_HALL -> on (1 fixtures)
[SWITCHES] F02_B_BATH -> off (1 fixtures)
[SWITCHES] F02_B_BATH -> on (1 fixtures)
[SWITCHES] F03_B_VESTIBULE -> off (1 fixtures)
[SWITCHES] F03_B_VESTIBULE -> on (1 fixtures)
[SWITCHES] F03_B_PRIVATE_HALL -> off (1 fixtures)
[SWITCHES] F03_B_PRIVATE_HALL -> on (1 fixtures)
[SWITCHES] F04_B_VESTIBULE -> off (1 fixtures)
[SWITCHES] F04_B_VESTIBULE -> on (1 fixtures)
[SWITCHES] F04_B_ALCOVE_APPROACH -> off (1 fixtures)
[SWITCHES] F04_B_ALCOVE_APPROACH -> on (1 fixtures)
[SWITCHES] F03_A_MAIN -> off (1 fixtures)
[SWITCHES] F03_A_MAIN -> on (1 fixtures)
[SWITCHES] F03_A_VESTIBULE -> off (1 fixtures)
[SWITCHES] F03_A_VESTIBULE -> on (1 fixtures)
[SWITCHES] F03_A_KITCHEN -> off (1 fixtures)
[SWITCHES] F03_A_KITCHEN -> on (1 fixtures)
[SWITCHES] F03_A_PRIVATE_HALL -> off (1 fixtures)
[SWITCHES] F03_A_PRIVATE_HALL -> on (1 fixtures)
[SWITCHES] F03_A_BATH -> off (1 fixtures)
[SWITCHES] F03_A_BATH -> on (1 fixtures)
[SWITCHES] F03_A_BED -> off (1 fixtures)
[SWITCHES] F03_A_BED -> on (1 fixtures)
[SWITCHES] F04_A_VESTIBULE -> off (1 fixtures)
[SWITCHES] F04_A_VESTIBULE -> on (1 fixtures)
[SWITCHES] F04_A_MAIN -> off (1 fixtures)
[SWITCHES] F04_A_MAIN -> on (1 fixtures)
[SWITCHES] F04_A_KITCHEN -> off (1 fixtures)
[SWITCHES] F04_A_KITCHEN -> on (1 fixtures)
[SWITCHES] F04_A_BED -> off (1 fixtures)
[SWITCHES] F04_A_BED -> on (1 fixtures)
[SWITCHES] F04_A_PRIVATE_HALL -> off (1 fixtures)
[SWITCHES] F04_A_PRIVATE_HALL -> on (1 fixtures)
[SWITCHES] F04_A_BATH -> off (1 fixtures)
[SWITCHES] F04_A_BATH -> on (1 fixtures)
APARTMENT BATCH: 18954 checks, 0 failures
