00:01.438  blend            | Read blend: "C:\PleaseRemainOnTheLine\tmp\v2-finish-review\hardware-stock-stage\art\blender\hardware_stock.blend"
C:\PleaseRemainOnTheLine\tmp\v2-finish-review\hardware-stock-stage\art\blender\scripts\inspect_hardware_stock.py:44: DeprecationWarning: 'World.use_nodes' is expected to be removed in Blender 6.0
  scene.world=bpy.data.worlds.new('Inspection');scene.world.use_nodes=True;scene.world.node_tree.nodes['Background'].inputs[0].default_value=(.5,.55,.6,1);scene.world.node_tree.nodes['Background'].inputs[1].default_value=.7
00:07.172  render           | Saved: 'C:\PleaseRemainOnTheLine\tmp\v2-finish-review\hardware-stock-native\storm_shop_hardware_paint_bin_w0_front.png'
00:12.391  render           | Saved: 'C:\PleaseRemainOnTheLine\tmp\v2-finish-review\hardware-stock-native\storm_shop_hardware_paint_bin_w0_rear.png'
00:17.625  render           | Saved: 'C:\PleaseRemainOnTheLine\tmp\v2-finish-review\hardware-stock-native\storm_shop_hardware_paint_bin_e0_front.png'
00:22.594  render           | Saved: 'C:\PleaseRemainOnTheLine\tmp\v2-finish-review\hardware-stock-native\storm_shop_hardware_paint_bin_e0_rear.png'
00:26.907  render           | Saved: 'C:\PleaseRemainOnTheLine\tmp\v2-finish-review\hardware-stock-native\storm_shop_hardware_paint_counter_front.png'
00:31.360  render           | Saved: 'C:\PleaseRemainOnTheLine\tmp\v2-finish-review\hardware-stock-native\storm_shop_hardware_paint_counter_rear.png'
00:35.860  render           | Saved: 'C:\PleaseRemainOnTheLine\tmp\v2-finish-review\hardware-stock-native\storm_shop_hardware_paint_window_plinth_front.png'
00:40.328  render           | Saved: 'C:\PleaseRemainOnTheLine\tmp\v2-finish-review\hardware-stock-native\storm_shop_hardware_paint_window_plinth_rear.png'
00:44.657  render           | Saved: 'C:\PleaseRemainOnTheLine\tmp\v2-finish-review\hardware-stock-native\storm_shop_hardware_paint_stock_w0_front.png'
00:49.360  render           | Saved: 'C:\PleaseRemainOnTheLine\tmp\v2-finish-review\hardware-stock-native\storm_shop_hardware_paint_stock_w0_rear.png'
00:53.875  render           | Saved: 'C:\PleaseRemainOnTheLine\tmp\v2-finish-review\hardware-stock-native\storm_shop_hardware_paint_stock_w1_front.png'
00:58.422  render           | Saved: 'C:\PleaseRemainOnTheLine\tmp\v2-finish-review\hardware-stock-native\storm_shop_hardware_paint_stock_w1_rear.png'
01:02.750  render           | Saved: 'C:\PleaseRemainOnTheLine\tmp\v2-finish-review\hardware-stock-native\storm_shop_hardware_paint_stock_w2_front.png'
01:07.188  render           | Saved: 'C:\PleaseRemainOnTheLine\tmp\v2-finish-review\hardware-stock-native\storm_shop_hardware_paint_stock_w2_rear.png'
HARDWARE STOCK NATIVE QA 678 closed connected stocks; 40 joined assemblies; 14 views
Blender 5.2.0 LTS (hash fbe6228777e7 built 2026-07-14 01:35:40)

Blender quit
