ERROR: actual flanged coupling rim carries its upper annular face
   at: push_error (core/variant/variant_utility.cpp:1023)
   GDScript backtrace (most recent call first):
       [0] check (res://tests/orison_v2_floor_surface_test.gd:5)
       [1] check (res://tests/orison_v2_ventilation_throat_test.gd:9)
       [2] _check_stock_bores (res://tests/orison_v2_hardware_stock_test.gd:113)
       [3] _run (res://tests/orison_v2_hardware_stock_test.gd:80)
ERROR: actual flanged coupling rim carries its upper annular face
   at: push_error (core/variant/variant_utility.cpp:1023)
   GDScript backtrace (most recent call first):
       [0] check (res://tests/orison_v2_floor_surface_test.gd:5)
       [1] check (res://tests/orison_v2_ventilation_throat_test.gd:9)
       [2] _check_stock_bores (res://tests/orison_v2_hardware_stock_test.gd:113)
       [3] _run (res://tests/orison_v2_hardware_stock_test.gd:80)
ERROR: actual flanged coupling rim carries its upper annular face
   at: push_error (core/variant/variant_utility.cpp:1023)
   GDScript backtrace (most recent call first):
       [0] check (res://tests/orison_v2_floor_surface_test.gd:5)
       [1] check (res://tests/orison_v2_ventilation_throat_test.gd:9)
       [2] _check_stock_bores (res://tests/orison_v2_hardware_stock_test.gd:113)
       [3] _run (res://tests/orison_v2_hardware_stock_test.gd:80)
ERROR: actual flanged coupling rim carries its upper annular face
   at: push_error (core/variant/variant_utility.cpp:1023)
   GDScript backtrace (most recent call first):
       [0] check (res://tests/orison_v2_floor_surface_test.gd:5)
       [1] check (res://tests/orison_v2_ventilation_throat_test.gd:9)
       [2] _check_stock_bores (res://tests/orison_v2_hardware_stock_test.gd:113)
       [3] _run (res://tests/orison_v2_hardware_stock_test.gd:80)
ERROR: actual flanged coupling rim carries its upper annular face
   at: push_error (core/variant/variant_utility.cpp:1023)
   GDScript backtrace (most recent call first):
       [0] check (res://tests/orison_v2_floor_surface_test.gd:5)
       [1] check (res://tests/orison_v2_ventilation_throat_test.gd:9)
       [2] _check_stock_bores (res://tests/orison_v2_hardware_stock_test.gd:113)
       [3] _run (res://tests/orison_v2_hardware_stock_test.gd:80)
ERROR: actual flanged coupling rim carries its upper annular face
   at: push_error (core/variant/variant_utility.cpp:1023)
   GDScript backtrace (most recent call first):
       [0] check (res://tests/orison_v2_floor_surface_test.gd:5)
       [1] check (res://tests/orison_v2_ventilation_throat_test.gd:9)
       [2] _check_stock_bores (res://tests/orison_v2_hardware_stock_test.gd:113)
       [3] _run (res://tests/orison_v2_hardware_stock_test.gd:80)
ERROR: actual flanged coupling rim carries its upper annular face
   at: push_error (core/variant/variant_utility.cpp:1023)
   GDScript backtrace (most recent call first):
       [0] check (res://tests/orison_v2_floor_surface_test.gd:5)
       [1] check (res://tests/orison_v2_ventilation_throat_test.gd:9)
       [2] _check_stock_bores (res://tests/orison_v2_hardware_stock_test.gd:113)
       [3] _run (res://tests/orison_v2_hardware_stock_test.gd:80)
ERROR: actual flanged coupling rim carries its upper annular face
   at: push_error (core/variant/variant_utility.cpp:1023)
   GDScript backtrace (most recent call first):
       [0] check (res://tests/orison_v2_floor_surface_test.gd:5)
       [1] check (res://tests/orison_v2_ventilation_throat_test.gd:9)
       [2] _check_stock_bores (res://tests/orison_v2_hardware_stock_test.gd:113)
       [3] _run (res://tests/orison_v2_hardware_stock_test.gd:80)
ERROR: actual flanged coupling rim carries its upper annular face
   at: push_error (core/variant/variant_utility.cpp:1023)
   GDScript backtrace (most recent call first):
       [0] check (res://tests/orison_v2_floor_surface_test.gd:5)
       [1] check (res://tests/orison_v2_ventilation_throat_test.gd:9)
       [2] _check_stock_bores (res://tests/orison_v2_hardware_stock_test.gd:113)
       [3] _run (res://tests/orison_v2_hardware_stock_test.gd:80)
ERROR: actual flanged coupling rim carries its upper annular face
   at: push_error (core/variant/variant_utility.cpp:1023)
   GDScript backtrace (most recent call first):
       [0] check (res://tests/orison_v2_floor_surface_test.gd:5)
       [1] check (res://tests/orison_v2_ventilation_throat_test.gd:9)
       [2] _check_stock_bores (res://tests/orison_v2_hardware_stock_test.gd:113)
       [3] _run (res://tests/orison_v2_hardware_stock_test.gd:80)
ERROR: actual flanged coupling rim carries its upper annular face
   at: push_error (core/variant/variant_utility.cpp:1023)
   GDScript backtrace (most recent call first):
       [0] check (res://tests/orison_v2_floor_surface_test.gd:5)
       [1] check (res://tests/orison_v2_ventilation_throat_test.gd:9)
       [2] _check_stock_bores (res://tests/orison_v2_hardware_stock_test.gd:113)
       [3] _run (res://tests/orison_v2_hardware_stock_test.gd:80)
ERROR: actual flanged coupling rim carries its upper annular face
   at: push_error (core/variant/variant_utility.cpp:1023)
   GDScript backtrace (most recent call first):
       [0] check (res://tests/orison_v2_floor_surface_test.gd:5)
       [1] check (res://tests/orison_v2_ventilation_throat_test.gd:9)
       [2] _check_stock_bores (res://tests/orison_v2_hardware_stock_test.gd:113)
       [3] _run (res://tests/orison_v2_hardware_stock_test.gd:80)
ERROR: actual flanged coupling rim carries its upper annular face
   at: push_error (core/variant/variant_utility.cpp:1023)
   GDScript backtrace (most recent call first):
       [0] check (res://tests/orison_v2_floor_surface_test.gd:5)
       [1] check (res://tests/orison_v2_ventilation_throat_test.gd:9)
       [2] _check_stock_bores (res://tests/orison_v2_hardware_stock_test.gd:113)
       [3] _run (res://tests/orison_v2_hardware_stock_test.gd:80)
ERROR: actual flanged coupling rim carries its upper annular face
   at: push_error (core/variant/variant_utility.cpp:1023)
   GDScript backtrace (most recent call first):
       [0] check (res://tests/orison_v2_floor_surface_test.gd:5)
       [1] check (res://tests/orison_v2_ventilation_throat_test.gd:9)
       [2] _check_stock_bores (res://tests/orison_v2_hardware_stock_test.gd:113)
       [3] _run (res://tests/orison_v2_hardware_stock_test.gd:80)
ERROR: actual flanged coupling rim carries its upper annular face
   at: push_error (core/variant/variant_utility.cpp:1023)
   GDScript backtrace (most recent call first):
       [0] check (res://tests/orison_v2_floor_surface_test.gd:5)
       [1] check (res://tests/orison_v2_ventilation_throat_test.gd:9)
       [2] _check_stock_bores (res://tests/orison_v2_hardware_stock_test.gd:113)
       [3] _run (res://tests/orison_v2_hardware_stock_test.gd:80)
ERROR: actual flanged coupling rim carries its upper annular face
   at: push_error (core/variant/variant_utility.cpp:1023)
   GDScript backtrace (most recent call first):
       [0] check (res://tests/orison_v2_floor_surface_test.gd:5)
       [1] check (res://tests/orison_v2_ventilation_throat_test.gd:9)
       [2] _check_stock_bores (res://tests/orison_v2_hardware_stock_test.gd:113)
       [3] _run (res://tests/orison_v2_hardware_stock_test.gd:80)
ERROR: actual flanged coupling rim carries its upper annular face
   at: push_error (core/variant/variant_utility.cpp:1023)
   GDScript backtrace (most recent call first):
       [0] check (res://tests/orison_v2_floor_surface_test.gd:5)
       [1] check (res://tests/orison_v2_ventilation_throat_test.gd:9)
       [2] _check_stock_bores (res://tests/orison_v2_hardware_stock_test.gd:113)
       [3] _run (res://tests/orison_v2_hardware_stock_test.gd:80)
ERROR: actual flanged coupling rim carries its upper annular face
   at: push_error (core/variant/variant_utility.cpp:1023)
   GDScript backtrace (most recent call first):
       [0] check (res://tests/orison_v2_floor_surface_test.gd:5)
       [1] check (res://tests/orison_v2_ventilation_throat_test.gd:9)
       [2] _check_stock_bores (res://tests/orison_v2_hardware_stock_test.gd:113)
       [3] _run (res://tests/orison_v2_hardware_stock_test.gd:80)
ERROR: actual flanged coupling rim carries its upper annular face
   at: push_error (core/variant/variant_utility.cpp:1023)
   GDScript backtrace (most recent call first):
       [0] check (res://tests/orison_v2_floor_surface_test.gd:5)
       [1] check (res://tests/orison_v2_ventilation_throat_test.gd:9)
       [2] _check_stock_bores (res://tests/orison_v2_hardware_stock_test.gd:113)
       [3] _run (res://tests/orison_v2_hardware_stock_test.gd:80)
ERROR: actual flanged coupling rim carries its upper annular face
   at: push_error (core/variant/variant_utility.cpp:1023)
   GDScript backtrace (most recent call first):
       [0] check (res://tests/orison_v2_floor_surface_test.gd:5)
       [1] check (res://tests/orison_v2_ventilation_throat_test.gd:9)
       [2] _check_stock_bores (res://tests/orison_v2_hardware_stock_test.gd:113)
       [3] _run (res://tests/orison_v2_hardware_stock_test.gd:80)
ERROR: actual flanged coupling rim carries its upper annular face
   at: push_error (core/variant/variant_utility.cpp:1023)
   GDScript backtrace (most recent call first):
       [0] check (res://tests/orison_v2_floor_surface_test.gd:5)
       [1] check (res://tests/orison_v2_ventilation_throat_test.gd:9)
       [2] _check_stock_bores (res://tests/orison_v2_hardware_stock_test.gd:113)
       [3] _run (res://tests/orison_v2_hardware_stock_test.gd:80)
ERROR: actual flanged coupling rim carries its upper annular face
   at: push_error (core/variant/variant_utility.cpp:1023)
   GDScript backtrace (most recent call first):
       [0] check (res://tests/orison_v2_floor_surface_test.gd:5)
       [1] check (res://tests/orison_v2_ventilation_throat_test.gd:9)
       [2] _check_stock_bores (res://tests/orison_v2_hardware_stock_test.gd:113)
       [3] _run (res://tests/orison_v2_hardware_stock_test.gd:80)
ERROR: actual flanged coupling rim carries its upper annular face
   at: push_error (core/variant/variant_utility.cpp:1023)
   GDScript backtrace (most recent call first):
       [0] check (res://tests/orison_v2_floor_surface_test.gd:5)
       [1] check (res://tests/orison_v2_ventilation_throat_test.gd:9)
       [2] _check_stock_bores (res://tests/orison_v2_hardware_stock_test.gd:113)
       [3] _run (res://tests/orison_v2_hardware_stock_test.gd:80)
ERROR: actual flanged coupling rim carries its upper annular face
   at: push_error (core/variant/variant_utility.cpp:1023)
   GDScript backtrace (most recent call first):
       [0] check (res://tests/orison_v2_floor_surface_test.gd:5)
       [1] check (res://tests/orison_v2_ventilation_throat_test.gd:9)
       [2] _check_stock_bores (res://tests/orison_v2_hardware_stock_test.gd:113)
       [3] _run (res://tests/orison_v2_hardware_stock_test.gd:80)
ERROR: actual flanged coupling rim carries its upper annular face
   at: push_error (core/variant/variant_utility.cpp:1023)
   GDScript backtrace (most recent call first):
       [0] check (res://tests/orison_v2_floor_surface_test.gd:5)
       [1] check (res://tests/orison_v2_ventilation_throat_test.gd:9)
       [2] _check_stock_bores (res://tests/orison_v2_hardware_stock_test.gd:113)
       [3] _run (res://tests/orison_v2_hardware_stock_test.gd:80)
ERROR: actual flanged coupling rim carries its upper annular face
   at: push_error (core/variant/variant_utility.cpp:1023)
   GDScript backtrace (most recent call first):
       [0] check (res://tests/orison_v2_floor_surface_test.gd:5)
       [1] check (res://tests/orison_v2_ventilation_throat_test.gd:9)
       [2] _check_stock_bores (res://tests/orison_v2_hardware_stock_test.gd:113)
       [3] _run (res://tests/orison_v2_hardware_stock_test.gd:80)
ERROR: actual flanged coupling rim carries its upper annular face
   at: push_error (core/variant/variant_utility.cpp:1023)
   GDScript backtrace (most recent call first):
       [0] check (res://tests/orison_v2_floor_surface_test.gd:5)
       [1] check (res://tests/orison_v2_ventilation_throat_test.gd:9)
       [2] _check_stock_bores (res://tests/orison_v2_hardware_stock_test.gd:113)
       [3] _run (res://tests/orison_v2_hardware_stock_test.gd:80)
ERROR: actual flanged coupling rim carries its upper annular face
   at: push_error (core/variant/variant_utility.cpp:1023)
   GDScript backtrace (most recent call first):
       [0] check (res://tests/orison_v2_floor_surface_test.gd:5)
       [1] check (res://tests/orison_v2_ventilation_throat_test.gd:9)
       [2] _check_stock_bores (res://tests/orison_v2_hardware_stock_test.gd:113)
       [3] _run (res://tests/orison_v2_hardware_stock_test.gd:80)
ERROR: actual flanged coupling rim carries its upper annular face
   at: push_error (core/variant/variant_utility.cpp:1023)
   GDScript backtrace (most recent call first):
       [0] check (res://tests/orison_v2_floor_surface_test.gd:5)
       [1] check (res://tests/orison_v2_ventilation_throat_test.gd:9)
       [2] _check_stock_bores (res://tests/orison_v2_hardware_stock_test.gd:113)
       [3] _run (res://tests/orison_v2_hardware_stock_test.gd:80)
ERROR: actual flanged coupling rim carries its upper annular face
   at: push_error (core/variant/variant_utility.cpp:1023)
   GDScript backtrace (most recent call first):
       [0] check (res://tests/orison_v2_floor_surface_test.gd:5)
       [1] check (res://tests/orison_v2_ventilation_throat_test.gd:9)
       [2] _check_stock_bores (res://tests/orison_v2_hardware_stock_test.gd:113)
       [3] _run (res://tests/orison_v2_hardware_stock_test.gd:80)
ERROR: actual flanged coupling rim carries its upper annular face
   at: push_error (core/variant/variant_utility.cpp:1023)
   GDScript backtrace (most recent call first):
       [0] check (res://tests/orison_v2_floor_surface_test.gd:5)
       [1] check (res://tests/orison_v2_ventilation_throat_test.gd:9)
       [2] _check_stock_bores (res://tests/orison_v2_hardware_stock_test.gd:113)
       [3] _run (res://tests/orison_v2_hardware_stock_test.gd:80)
ERROR: actual flanged coupling rim carries its upper annular face
   at: push_error (core/variant/variant_utility.cpp:1023)
   GDScript backtrace (most recent call first):
       [0] check (res://tests/orison_v2_floor_surface_test.gd:5)
       [1] check (res://tests/orison_v2_ventilation_throat_test.gd:9)
       [2] _check_stock_bores (res://tests/orison_v2_hardware_stock_test.gd:113)
       [3] _run (res://tests/orison_v2_hardware_stock_test.gd:80)
ERROR: actual flanged coupling rim carries its upper annular face
   at: push_error (core/variant/variant_utility.cpp:1023)
   GDScript backtrace (most recent call first):
       [0] check (res://tests/orison_v2_floor_surface_test.gd:5)
       [1] check (res://tests/orison_v2_ventilation_throat_test.gd:9)
       [2] _check_stock_bores (res://tests/orison_v2_hardware_stock_test.gd:113)
       [3] _run (res://tests/orison_v2_hardware_stock_test.gd:80)
ERROR: actual flanged coupling rim carries its upper annular face
   at: push_error (core/variant/variant_utility.cpp:1023)
   GDScript backtrace (most recent call first):
       [0] check (res://tests/orison_v2_floor_surface_test.gd:5)
       [1] check (res://tests/orison_v2_ventilation_throat_test.gd:9)
       [2] _check_stock_bores (res://tests/orison_v2_hardware_stock_test.gd:113)
       [3] _run (res://tests/orison_v2_hardware_stock_test.gd:80)
ERROR: actual flanged coupling rim carries its upper annular face
   at: push_error (core/variant/variant_utility.cpp:1023)
   GDScript backtrace (most recent call first):
       [0] check (res://tests/orison_v2_floor_surface_test.gd:5)
       [1] check (res://tests/orison_v2_ventilation_throat_test.gd:9)
       [2] _check_stock_bores (res://tests/orison_v2_hardware_stock_test.gd:113)
       [3] _run (res://tests/orison_v2_hardware_stock_test.gd:80)
ERROR: actual flanged coupling rim carries its upper annular face
   at: push_error (core/variant/variant_utility.cpp:1023)
   GDScript backtrace (most recent call first):
       [0] check (res://tests/orison_v2_floor_surface_test.gd:5)
       [1] check (res://tests/orison_v2_ventilation_throat_test.gd:9)
       [2] _check_stock_bores (res://tests/orison_v2_hardware_stock_test.gd:113)
       [3] _run (res://tests/orison_v2_hardware_stock_test.gd:80)
ERROR: actual flanged coupling rim carries its upper annular face
   at: push_error (core/variant/variant_utility.cpp:1023)
   GDScript backtrace (most recent call first):
       [0] check (res://tests/orison_v2_floor_surface_test.gd:5)
       [1] check (res://tests/orison_v2_ventilation_throat_test.gd:9)
       [2] _check_stock_bores (res://tests/orison_v2_hardware_stock_test.gd:113)
       [3] _run (res://tests/orison_v2_hardware_stock_test.gd:80)
ERROR: actual flanged coupling rim carries its upper annular face
   at: push_error (core/variant/variant_utility.cpp:1023)
   GDScript backtrace (most recent call first):
       [0] check (res://tests/orison_v2_floor_surface_test.gd:5)
       [1] check (res://tests/orison_v2_ventilation_throat_test.gd:9)
       [2] _check_stock_bores (res://tests/orison_v2_hardware_stock_test.gd:113)
       [3] _run (res://tests/orison_v2_hardware_stock_test.gd:80)
ERROR: actual flanged coupling rim carries its upper annular face
   at: push_error (core/variant/variant_utility.cpp:1023)
   GDScript backtrace (most recent call first):
       [0] check (res://tests/orison_v2_floor_surface_test.gd:5)
       [1] check (res://tests/orison_v2_ventilation_throat_test.gd:9)
       [2] _check_stock_bores (res://tests/orison_v2_hardware_stock_test.gd:113)
       [3] _run (res://tests/orison_v2_hardware_stock_test.gd:80)
ERROR: actual flanged coupling rim carries its upper annular face
   at: push_error (core/variant/variant_utility.cpp:1023)
   GDScript backtrace (most recent call first):
       [0] check (res://tests/orison_v2_floor_surface_test.gd:5)
       [1] check (res://tests/orison_v2_ventilation_throat_test.gd:9)
       [2] _check_stock_bores (res://tests/orison_v2_hardware_stock_test.gd:113)
       [3] _run (res://tests/orison_v2_hardware_stock_test.gd:80)
ERROR: actual flanged coupling rim carries its upper annular face
   at: push_error (core/variant/variant_utility.cpp:1023)
   GDScript backtrace (most recent call first):
       [0] check (res://tests/orison_v2_floor_surface_test.gd:5)
       [1] check (res://tests/orison_v2_ventilation_throat_test.gd:9)
       [2] _check_stock_bores (res://tests/orison_v2_hardware_stock_test.gd:113)
       [3] _run (res://tests/orison_v2_hardware_stock_test.gd:80)
ERROR: actual flanged coupling rim carries its upper annular face
   at: push_error (core/variant/variant_utility.cpp:1023)
   GDScript backtrace (most recent call first):
       [0] check (res://tests/orison_v2_floor_surface_test.gd:5)
       [1] check (res://tests/orison_v2_ventilation_throat_test.gd:9)
       [2] _check_stock_bores (res://tests/orison_v2_hardware_stock_test.gd:113)
       [3] _run (res://tests/orison_v2_hardware_stock_test.gd:80)
ERROR: actual flanged coupling rim carries its upper annular face
   at: push_error (core/variant/variant_utility.cpp:1023)
   GDScript backtrace (most recent call first):
       [0] check (res://tests/orison_v2_floor_surface_test.gd:5)
       [1] check (res://tests/orison_v2_ventilation_throat_test.gd:9)
       [2] _check_stock_bores (res://tests/orison_v2_hardware_stock_test.gd:113)
       [3] _run (res://tests/orison_v2_hardware_stock_test.gd:80)
ERROR: actual flanged coupling rim carries its upper annular face
   at: push_error (core/variant/variant_utility.cpp:1023)
   GDScript backtrace (most recent call first):
       [0] check (res://tests/orison_v2_floor_surface_test.gd:5)
       [1] check (res://tests/orison_v2_ventilation_throat_test.gd:9)
       [2] _check_stock_bores (res://tests/orison_v2_hardware_stock_test.gd:113)
       [3] _run (res://tests/orison_v2_hardware_stock_test.gd:80)
ERROR: actual flanged coupling rim carries its upper annular face
   at: push_error (core/variant/variant_utility.cpp:1023)
   GDScript backtrace (most recent call first):
       [0] check (res://tests/orison_v2_floor_surface_test.gd:5)
       [1] check (res://tests/orison_v2_ventilation_throat_test.gd:9)
       [2] _check_stock_bores (res://tests/orison_v2_hardware_stock_test.gd:113)
       [3] _run (res://tests/orison_v2_hardware_stock_test.gd:80)
ERROR: actual flanged coupling rim carries its upper annular face
   at: push_error (core/variant/variant_utility.cpp:1023)
   GDScript backtrace (most recent call first):
       [0] check (res://tests/orison_v2_floor_surface_test.gd:5)
       [1] check (res://tests/orison_v2_ventilation_throat_test.gd:9)
       [2] _check_stock_bores (res://tests/orison_v2_hardware_stock_test.gd:113)
       [3] _run (res://tests/orison_v2_hardware_stock_test.gd:80)
ERROR: actual flanged coupling rim carries its upper annular face
   at: push_error (core/variant/variant_utility.cpp:1023)
   GDScript backtrace (most recent call first):
       [0] check (res://tests/orison_v2_floor_surface_test.gd:5)
       [1] check (res://tests/orison_v2_ventilation_throat_test.gd:9)
       [2] _check_stock_bores (res://tests/orison_v2_hardware_stock_test.gd:113)
       [3] _run (res://tests/orison_v2_hardware_stock_test.gd:80)
ERROR: actual flanged coupling rim carries its upper annular face
   at: push_error (core/variant/variant_utility.cpp:1023)
   GDScript backtrace (most recent call first):
       [0] check (res://tests/orison_v2_floor_surface_test.gd:5)
       [1] check (res://tests/orison_v2_ventilation_throat_test.gd:9)
       [2] _check_stock_bores (res://tests/orison_v2_hardware_stock_test.gd:113)
       [3] _run (res://tests/orison_v2_hardware_stock_test.gd:80)
