ERROR: actual flanged coupling rim carries its upper annular face
   at: push_error (core/variant/variant_utility.cpp:1023)
   GDScript backtrace (most recent call first):
       [0] check (res://tests/orison_v2_floor_surface_test.gd:5)
       [1] check (res://tests/orison_v2_ventilation_throat_test.gd:9)
       [2] _check_stock_bores (res://tests/orison_v2_hardware_stock_test.gd:112)
       [3] _run (res://tests/orison_v2_hardware_stock_test.gd:80)
ERROR: actual flanged coupling rim carries its upper annular face
   at: push_error (core/variant/variant_utility.cpp:1023)
   GDScript backtrace (most recent call first):
       [0] check (res://tests/orison_v2_floor_surface_test.gd:5)
       [1] check (res://tests/orison_v2_ventilation_throat_test.gd:9)
       [2] _check_stock_bores (res://tests/orison_v2_hardware_stock_test.gd:112)
       [3] _run (res://tests/orison_v2_hardware_stock_test.gd:80)
ERROR: actual flanged coupling rim carries its upper annular face
   at: push_error (core/variant/variant_utility.cpp:1023)
   GDScript backtrace (most recent call first):
       [0] check (res://tests/orison_v2_floor_surface_test.gd:5)
       [1] check (res://tests/orison_v2_ventilation_throat_test.gd:9)
       [2] _check_stock_bores (res://tests/orison_v2_hardware_stock_test.gd:112)
       [3] _run (res://tests/orison_v2_hardware_stock_test.gd:80)
ERROR: actual flanged coupling rim carries its upper annular face
   at: push_error (core/variant/variant_utility.cpp:1023)
   GDScript backtrace (most recent call first):
       [0] check (res://tests/orison_v2_floor_surface_test.gd:5)
       [1] check (res://tests/orison_v2_ventilation_throat_test.gd:9)
       [2] _check_stock_bores (res://tests/orison_v2_hardware_stock_test.gd:112)
       [3] _run (res://tests/orison_v2_hardware_stock_test.gd:80)
ERROR: actual flanged coupling rim carries its upper annular face
   at: push_error (core/variant/variant_utility.cpp:1023)
   GDScript backtrace (most recent call first):
       [0] check (res://tests/orison_v2_floor_surface_test.gd:5)
       [1] check (res://tests/orison_v2_ventilation_throat_test.gd:9)
       [2] _check_stock_bores (res://tests/orison_v2_hardware_stock_test.gd:112)
       [3] _run (res://tests/orison_v2_hardware_stock_test.gd:80)
ERROR: actual flanged coupling rim carries its upper annular face
   at: push_error (core/variant/variant_utility.cpp:1023)
   GDScript backtrace (most recent call first):
       [0] check (res://tests/orison_v2_floor_surface_test.gd:5)
       [1] check (res://tests/orison_v2_ventilation_throat_test.gd:9)
       [2] _check_stock_bores (res://tests/orison_v2_hardware_stock_test.gd:112)
       [3] _run (res://tests/orison_v2_hardware_stock_test.gd:80)
ERROR: actual flanged coupling rim carries its upper annular face
   at: push_error (core/variant/variant_utility.cpp:1023)
   GDScript backtrace (most recent call first):
       [0] check (res://tests/orison_v2_floor_surface_test.gd:5)
       [1] check (res://tests/orison_v2_ventilation_throat_test.gd:9)
       [2] _check_stock_bores (res://tests/orison_v2_hardware_stock_test.gd:112)
       [3] _run (res://tests/orison_v2_hardware_stock_test.gd:80)
ERROR: actual flanged coupling rim carries its upper annular face
   at: push_error (core/variant/variant_utility.cpp:1023)
   GDScript backtrace (most recent call first):
       [0] check (res://tests/orison_v2_floor_surface_test.gd:5)
       [1] check (res://tests/orison_v2_ventilation_throat_test.gd:9)
       [2] _check_stock_bores (res://tests/orison_v2_hardware_stock_test.gd:112)
       [3] _run (res://tests/orison_v2_hardware_stock_test.gd:80)
ERROR: actual flanged coupling rim carries its upper annular face
   at: push_error (core/variant/variant_utility.cpp:1023)
   GDScript backtrace (most recent call first):
       [0] check (res://tests/orison_v2_floor_surface_test.gd:5)
       [1] check (res://tests/orison_v2_ventilation_throat_test.gd:9)
       [2] _check_stock_bores (res://tests/orison_v2_hardware_stock_test.gd:112)
       [3] _run (res://tests/orison_v2_hardware_stock_test.gd:80)
ERROR: actual flanged coupling rim carries its upper annular face
   at: push_error (core/variant/variant_utility.cpp:1023)
   GDScript backtrace (most recent call first):
       [0] check (res://tests/orison_v2_floor_surface_test.gd:5)
       [1] check (res://tests/orison_v2_ventilation_throat_test.gd:9)
       [2] _check_stock_bores (res://tests/orison_v2_hardware_stock_test.gd:112)
       [3] _run (res://tests/orison_v2_hardware_stock_test.gd:80)
ERROR: actual flanged coupling rim carries its upper annular face
   at: push_error (core/variant/variant_utility.cpp:1023)
   GDScript backtrace (most recent call first):
       [0] check (res://tests/orison_v2_floor_surface_test.gd:5)
       [1] check (res://tests/orison_v2_ventilation_throat_test.gd:9)
       [2] _check_stock_bores (res://tests/orison_v2_hardware_stock_test.gd:112)
       [3] _run (res://tests/orison_v2_hardware_stock_test.gd:80)
ERROR: actual flanged coupling rim carries its upper annular face
   at: push_error (core/variant/variant_utility.cpp:1023)
   GDScript backtrace (most recent call first):
       [0] check (res://tests/orison_v2_floor_surface_test.gd:5)
       [1] check (res://tests/orison_v2_ventilation_throat_test.gd:9)
       [2] _check_stock_bores (res://tests/orison_v2_hardware_stock_test.gd:112)
       [3] _run (res://tests/orison_v2_hardware_stock_test.gd:80)
ERROR: actual flanged coupling rim carries its upper annular face
   at: push_error (core/variant/variant_utility.cpp:1023)
   GDScript backtrace (most recent call first):
       [0] check (res://tests/orison_v2_floor_surface_test.gd:5)
       [1] check (res://tests/orison_v2_ventilation_throat_test.gd:9)
       [2] _check_stock_bores (res://tests/orison_v2_hardware_stock_test.gd:112)
       [3] _run (res://tests/orison_v2_hardware_stock_test.gd:80)
ERROR: actual flanged coupling rim carries its upper annular face
   at: push_error (core/variant/variant_utility.cpp:1023)
   GDScript backtrace (most recent call first):
       [0] check (res://tests/orison_v2_floor_surface_test.gd:5)
       [1] check (res://tests/orison_v2_ventilation_throat_test.gd:9)
       [2] _check_stock_bores (res://tests/orison_v2_hardware_stock_test.gd:112)
       [3] _run (res://tests/orison_v2_hardware_stock_test.gd:80)
ERROR: actual flanged coupling rim carries its upper annular face
   at: push_error (core/variant/variant_utility.cpp:1023)
   GDScript backtrace (most recent call first):
       [0] check (res://tests/orison_v2_floor_surface_test.gd:5)
       [1] check (res://tests/orison_v2_ventilation_throat_test.gd:9)
       [2] _check_stock_bores (res://tests/orison_v2_hardware_stock_test.gd:112)
       [3] _run (res://tests/orison_v2_hardware_stock_test.gd:80)
ERROR: actual flanged coupling rim carries its upper annular face
   at: push_error (core/variant/variant_utility.cpp:1023)
   GDScript backtrace (most recent call first):
       [0] check (res://tests/orison_v2_floor_surface_test.gd:5)
       [1] check (res://tests/orison_v2_ventilation_throat_test.gd:9)
       [2] _check_stock_bores (res://tests/orison_v2_hardware_stock_test.gd:112)
       [3] _run (res://tests/orison_v2_hardware_stock_test.gd:80)
ERROR: actual flanged coupling rim carries its upper annular face
   at: push_error (core/variant/variant_utility.cpp:1023)
   GDScript backtrace (most recent call first):
       [0] check (res://tests/orison_v2_floor_surface_test.gd:5)
       [1] check (res://tests/orison_v2_ventilation_throat_test.gd:9)
       [2] _check_stock_bores (res://tests/orison_v2_hardware_stock_test.gd:112)
       [3] _run (res://tests/orison_v2_hardware_stock_test.gd:80)
ERROR: actual flanged coupling rim carries its upper annular face
   at: push_error (core/variant/variant_utility.cpp:1023)
   GDScript backtrace (most recent call first):
       [0] check (res://tests/orison_v2_floor_surface_test.gd:5)
       [1] check (res://tests/orison_v2_ventilation_throat_test.gd:9)
       [2] _check_stock_bores (res://tests/orison_v2_hardware_stock_test.gd:112)
       [3] _run (res://tests/orison_v2_hardware_stock_test.gd:80)
ERROR: actual flanged coupling rim carries its upper annular face
   at: push_error (core/variant/variant_utility.cpp:1023)
   GDScript backtrace (most recent call first):
       [0] check (res://tests/orison_v2_floor_surface_test.gd:5)
       [1] check (res://tests/orison_v2_ventilation_throat_test.gd:9)
       [2] _check_stock_bores (res://tests/orison_v2_hardware_stock_test.gd:112)
       [3] _run (res://tests/orison_v2_hardware_stock_test.gd:80)
ERROR: actual flanged coupling rim carries its upper annular face
   at: push_error (core/variant/variant_utility.cpp:1023)
   GDScript backtrace (most recent call first):
       [0] check (res://tests/orison_v2_floor_surface_test.gd:5)
       [1] check (res://tests/orison_v2_ventilation_throat_test.gd:9)
       [2] _check_stock_bores (res://tests/orison_v2_hardware_stock_test.gd:112)
       [3] _run (res://tests/orison_v2_hardware_stock_test.gd:80)
ERROR: actual flanged coupling rim carries its upper annular face
   at: push_error (core/variant/variant_utility.cpp:1023)
   GDScript backtrace (most recent call first):
       [0] check (res://tests/orison_v2_floor_surface_test.gd:5)
       [1] check (res://tests/orison_v2_ventilation_throat_test.gd:9)
       [2] _check_stock_bores (res://tests/orison_v2_hardware_stock_test.gd:112)
       [3] _run (res://tests/orison_v2_hardware_stock_test.gd:80)
ERROR: actual flanged coupling rim carries its upper annular face
   at: push_error (core/variant/variant_utility.cpp:1023)
   GDScript backtrace (most recent call first):
       [0] check (res://tests/orison_v2_floor_surface_test.gd:5)
       [1] check (res://tests/orison_v2_ventilation_throat_test.gd:9)
       [2] _check_stock_bores (res://tests/orison_v2_hardware_stock_test.gd:112)
       [3] _run (res://tests/orison_v2_hardware_stock_test.gd:80)
ERROR: actual flanged coupling rim carries its upper annular face
   at: push_error (core/variant/variant_utility.cpp:1023)
   GDScript backtrace (most recent call first):
       [0] check (res://tests/orison_v2_floor_surface_test.gd:5)
       [1] check (res://tests/orison_v2_ventilation_throat_test.gd:9)
       [2] _check_stock_bores (res://tests/orison_v2_hardware_stock_test.gd:112)
       [3] _run (res://tests/orison_v2_hardware_stock_test.gd:80)
ERROR: actual flanged coupling rim carries its upper annular face
   at: push_error (core/variant/variant_utility.cpp:1023)
   GDScript backtrace (most recent call first):
       [0] check (res://tests/orison_v2_floor_surface_test.gd:5)
       [1] check (res://tests/orison_v2_ventilation_throat_test.gd:9)
       [2] _check_stock_bores (res://tests/orison_v2_hardware_stock_test.gd:112)
       [3] _run (res://tests/orison_v2_hardware_stock_test.gd:80)
ERROR: actual flanged coupling rim carries its upper annular face
   at: push_error (core/variant/variant_utility.cpp:1023)
   GDScript backtrace (most recent call first):
       [0] check (res://tests/orison_v2_floor_surface_test.gd:5)
       [1] check (res://tests/orison_v2_ventilation_throat_test.gd:9)
       [2] _check_stock_bores (res://tests/orison_v2_hardware_stock_test.gd:112)
       [3] _run (res://tests/orison_v2_hardware_stock_test.gd:80)
ERROR: actual flanged coupling rim carries its upper annular face
   at: push_error (core/variant/variant_utility.cpp:1023)
   GDScript backtrace (most recent call first):
       [0] check (res://tests/orison_v2_floor_surface_test.gd:5)
       [1] check (res://tests/orison_v2_ventilation_throat_test.gd:9)
       [2] _check_stock_bores (res://tests/orison_v2_hardware_stock_test.gd:112)
       [3] _run (res://tests/orison_v2_hardware_stock_test.gd:80)
ERROR: actual flanged coupling rim carries its upper annular face
   at: push_error (core/variant/variant_utility.cpp:1023)
   GDScript backtrace (most recent call first):
       [0] check (res://tests/orison_v2_floor_surface_test.gd:5)
       [1] check (res://tests/orison_v2_ventilation_throat_test.gd:9)
       [2] _check_stock_bores (res://tests/orison_v2_hardware_stock_test.gd:112)
       [3] _run (res://tests/orison_v2_hardware_stock_test.gd:80)
ERROR: actual flanged coupling rim carries its upper annular face
   at: push_error (core/variant/variant_utility.cpp:1023)
   GDScript backtrace (most recent call first):
       [0] check (res://tests/orison_v2_floor_surface_test.gd:5)
       [1] check (res://tests/orison_v2_ventilation_throat_test.gd:9)
       [2] _check_stock_bores (res://tests/orison_v2_hardware_stock_test.gd:112)
       [3] _run (res://tests/orison_v2_hardware_stock_test.gd:80)
ERROR: actual flanged coupling rim carries its upper annular face
   at: push_error (core/variant/variant_utility.cpp:1023)
   GDScript backtrace (most recent call first):
       [0] check (res://tests/orison_v2_floor_surface_test.gd:5)
       [1] check (res://tests/orison_v2_ventilation_throat_test.gd:9)
       [2] _check_stock_bores (res://tests/orison_v2_hardware_stock_test.gd:112)
       [3] _run (res://tests/orison_v2_hardware_stock_test.gd:80)
ERROR: actual flanged coupling rim carries its upper annular face
   at: push_error (core/variant/variant_utility.cpp:1023)
   GDScript backtrace (most recent call first):
       [0] check (res://tests/orison_v2_floor_surface_test.gd:5)
       [1] check (res://tests/orison_v2_ventilation_throat_test.gd:9)
       [2] _check_stock_bores (res://tests/orison_v2_hardware_stock_test.gd:112)
       [3] _run (res://tests/orison_v2_hardware_stock_test.gd:80)
ERROR: actual flanged coupling rim carries its upper annular face
   at: push_error (core/variant/variant_utility.cpp:1023)
   GDScript backtrace (most recent call first):
       [0] check (res://tests/orison_v2_floor_surface_test.gd:5)
       [1] check (res://tests/orison_v2_ventilation_throat_test.gd:9)
       [2] _check_stock_bores (res://tests/orison_v2_hardware_stock_test.gd:112)
       [3] _run (res://tests/orison_v2_hardware_stock_test.gd:80)
ERROR: actual flanged coupling rim carries its upper annular face
   at: push_error (core/variant/variant_utility.cpp:1023)
   GDScript backtrace (most recent call first):
       [0] check (res://tests/orison_v2_floor_surface_test.gd:5)
       [1] check (res://tests/orison_v2_ventilation_throat_test.gd:9)
       [2] _check_stock_bores (res://tests/orison_v2_hardware_stock_test.gd:112)
       [3] _run (res://tests/orison_v2_hardware_stock_test.gd:80)
ERROR: actual flanged coupling rim carries its upper annular face
   at: push_error (core/variant/variant_utility.cpp:1023)
   GDScript backtrace (most recent call first):
       [0] check (res://tests/orison_v2_floor_surface_test.gd:5)
       [1] check (res://tests/orison_v2_ventilation_throat_test.gd:9)
       [2] _check_stock_bores (res://tests/orison_v2_hardware_stock_test.gd:112)
       [3] _run (res://tests/orison_v2_hardware_stock_test.gd:80)
ERROR: actual flanged coupling rim carries its upper annular face
   at: push_error (core/variant/variant_utility.cpp:1023)
   GDScript backtrace (most recent call first):
       [0] check (res://tests/orison_v2_floor_surface_test.gd:5)
       [1] check (res://tests/orison_v2_ventilation_throat_test.gd:9)
       [2] _check_stock_bores (res://tests/orison_v2_hardware_stock_test.gd:112)
       [3] _run (res://tests/orison_v2_hardware_stock_test.gd:80)
ERROR: actual flanged coupling rim carries its upper annular face
   at: push_error (core/variant/variant_utility.cpp:1023)
   GDScript backtrace (most recent call first):
       [0] check (res://tests/orison_v2_floor_surface_test.gd:5)
       [1] check (res://tests/orison_v2_ventilation_throat_test.gd:9)
       [2] _check_stock_bores (res://tests/orison_v2_hardware_stock_test.gd:112)
       [3] _run (res://tests/orison_v2_hardware_stock_test.gd:80)
ERROR: actual flanged coupling rim carries its upper annular face
   at: push_error (core/variant/variant_utility.cpp:1023)
   GDScript backtrace (most recent call first):
       [0] check (res://tests/orison_v2_floor_surface_test.gd:5)
       [1] check (res://tests/orison_v2_ventilation_throat_test.gd:9)
       [2] _check_stock_bores (res://tests/orison_v2_hardware_stock_test.gd:112)
       [3] _run (res://tests/orison_v2_hardware_stock_test.gd:80)
ERROR: actual flanged coupling rim carries its upper annular face
   at: push_error (core/variant/variant_utility.cpp:1023)
   GDScript backtrace (most recent call first):
       [0] check (res://tests/orison_v2_floor_surface_test.gd:5)
       [1] check (res://tests/orison_v2_ventilation_throat_test.gd:9)
       [2] _check_stock_bores (res://tests/orison_v2_hardware_stock_test.gd:112)
       [3] _run (res://tests/orison_v2_hardware_stock_test.gd:80)
ERROR: actual flanged coupling rim carries its upper annular face
   at: push_error (core/variant/variant_utility.cpp:1023)
   GDScript backtrace (most recent call first):
       [0] check (res://tests/orison_v2_floor_surface_test.gd:5)
       [1] check (res://tests/orison_v2_ventilation_throat_test.gd:9)
       [2] _check_stock_bores (res://tests/orison_v2_hardware_stock_test.gd:112)
       [3] _run (res://tests/orison_v2_hardware_stock_test.gd:80)
ERROR: actual flanged coupling rim carries its upper annular face
   at: push_error (core/variant/variant_utility.cpp:1023)
   GDScript backtrace (most recent call first):
       [0] check (res://tests/orison_v2_floor_surface_test.gd:5)
       [1] check (res://tests/orison_v2_ventilation_throat_test.gd:9)
       [2] _check_stock_bores (res://tests/orison_v2_hardware_stock_test.gd:112)
       [3] _run (res://tests/orison_v2_hardware_stock_test.gd:80)
ERROR: actual flanged coupling rim carries its upper annular face
   at: push_error (core/variant/variant_utility.cpp:1023)
   GDScript backtrace (most recent call first):
       [0] check (res://tests/orison_v2_floor_surface_test.gd:5)
       [1] check (res://tests/orison_v2_ventilation_throat_test.gd:9)
       [2] _check_stock_bores (res://tests/orison_v2_hardware_stock_test.gd:112)
       [3] _run (res://tests/orison_v2_hardware_stock_test.gd:80)
ERROR: actual flanged coupling rim carries its upper annular face
   at: push_error (core/variant/variant_utility.cpp:1023)
   GDScript backtrace (most recent call first):
       [0] check (res://tests/orison_v2_floor_surface_test.gd:5)
       [1] check (res://tests/orison_v2_ventilation_throat_test.gd:9)
       [2] _check_stock_bores (res://tests/orison_v2_hardware_stock_test.gd:112)
       [3] _run (res://tests/orison_v2_hardware_stock_test.gd:80)
ERROR: actual flanged coupling rim carries its upper annular face
   at: push_error (core/variant/variant_utility.cpp:1023)
   GDScript backtrace (most recent call first):
       [0] check (res://tests/orison_v2_floor_surface_test.gd:5)
       [1] check (res://tests/orison_v2_ventilation_throat_test.gd:9)
       [2] _check_stock_bores (res://tests/orison_v2_hardware_stock_test.gd:112)
       [3] _run (res://tests/orison_v2_hardware_stock_test.gd:80)
ERROR: actual flanged coupling rim carries its upper annular face
   at: push_error (core/variant/variant_utility.cpp:1023)
   GDScript backtrace (most recent call first):
       [0] check (res://tests/orison_v2_floor_surface_test.gd:5)
       [1] check (res://tests/orison_v2_ventilation_throat_test.gd:9)
       [2] _check_stock_bores (res://tests/orison_v2_hardware_stock_test.gd:112)
       [3] _run (res://tests/orison_v2_hardware_stock_test.gd:80)
ERROR: actual flanged coupling rim carries its upper annular face
   at: push_error (core/variant/variant_utility.cpp:1023)
   GDScript backtrace (most recent call first):
       [0] check (res://tests/orison_v2_floor_surface_test.gd:5)
       [1] check (res://tests/orison_v2_ventilation_throat_test.gd:9)
       [2] _check_stock_bores (res://tests/orison_v2_hardware_stock_test.gd:112)
       [3] _run (res://tests/orison_v2_hardware_stock_test.gd:80)
ERROR: actual flanged coupling rim carries its upper annular face
   at: push_error (core/variant/variant_utility.cpp:1023)
   GDScript backtrace (most recent call first):
       [0] check (res://tests/orison_v2_floor_surface_test.gd:5)
       [1] check (res://tests/orison_v2_ventilation_throat_test.gd:9)
       [2] _check_stock_bores (res://tests/orison_v2_hardware_stock_test.gd:112)
       [3] _run (res://tests/orison_v2_hardware_stock_test.gd:80)
ERROR: actual flanged coupling rim carries its upper annular face
   at: push_error (core/variant/variant_utility.cpp:1023)
   GDScript backtrace (most recent call first):
       [0] check (res://tests/orison_v2_floor_surface_test.gd:5)
       [1] check (res://tests/orison_v2_ventilation_throat_test.gd:9)
       [2] _check_stock_bores (res://tests/orison_v2_hardware_stock_test.gd:112)
       [3] _run (res://tests/orison_v2_hardware_stock_test.gd:80)
ERROR: actual flanged coupling rim carries its upper annular face
   at: push_error (core/variant/variant_utility.cpp:1023)
   GDScript backtrace (most recent call first):
       [0] check (res://tests/orison_v2_floor_surface_test.gd:5)
       [1] check (res://tests/orison_v2_ventilation_throat_test.gd:9)
       [2] _check_stock_bores (res://tests/orison_v2_hardware_stock_test.gd:112)
       [3] _run (res://tests/orison_v2_hardware_stock_test.gd:80)
ERROR: actual flanged coupling rim carries its upper annular face
   at: push_error (core/variant/variant_utility.cpp:1023)
   GDScript backtrace (most recent call first):
       [0] check (res://tests/orison_v2_floor_surface_test.gd:5)
       [1] check (res://tests/orison_v2_ventilation_throat_test.gd:9)
       [2] _check_stock_bores (res://tests/orison_v2_hardware_stock_test.gd:112)
       [3] _run (res://tests/orison_v2_hardware_stock_test.gd:80)
ERROR: original buy prompt reaches the actual player
   at: push_error (core/variant/variant_utility.cpp:1023)
   GDScript backtrace (most recent call first):
       [0] check (res://tests/orison_v2_floor_surface_test.gd:5)
       [1] check (res://tests/orison_v2_ventilation_throat_test.gd:9)
       [2] _check_counter_input (res://tests/orison_v2_hardware_stock_test.gd:154)
ERROR: ordinary E input acquires the existing capsule through its original service
   at: push_error (core/variant/variant_utility.cpp:1023)
   GDScript backtrace (most recent call first):
       [0] check (res://tests/orison_v2_floor_surface_test.gd:5)
       [1] check (res://tests/orison_v2_ventilation_throat_test.gd:9)
       [2] _check_counter_input (res://tests/orison_v2_hardware_stock_test.gd:160)
ERROR: purchase retains source inventory and refuses a duplicate grant
   at: push_error (core/variant/variant_utility.cpp:1023)
   GDScript backtrace (most recent call first):
       [0] check (res://tests/orison_v2_floor_surface_test.gd:5)
       [1] check (res://tests/orison_v2_ventilation_throat_test.gd:9)
       [2] _check_counter_input (res://tests/orison_v2_hardware_stock_test.gd:161)
ERROR: actual acquisition presents one original counter-issue answer
   at: push_error (core/variant/variant_utility.cpp:1023)
   GDScript backtrace (most recent call first):
       [0] check (res://tests/orison_v2_floor_surface_test.gd:5)
       [1] check (res://tests/orison_v2_ventilation_throat_test.gd:9)
       [2] _check_counter_input (res://tests/orison_v2_hardware_stock_test.gd:163)
