ERROR: V2 unclaimed portraits: atlas dimensional/matte preflight
   at: push_error (core/variant/variant_utility.cpp:1023)
   GDScript backtrace (most recent call first):
       [0] _refuse (res://scripts/building/orison_v2_photo_portraits.gd:83)
       [1] mount_cell (res://scripts/building/orison_v2_photo_portraits.gd:25)
       [2] _ready (res://scripts/building/orison_v2_passage_region.gd:128)
       [3] _compose_exterior (res://scripts/building/orison_v2_runtime_root.gd:586)
       [4] _compose_authorities (res://scripts/building/orison_v2_runtime_root.gd:308)
       [5] _ready (res://scripts/building/orison_v2_runtime_root.gd:162)
       [6] _run (res://tests/orison_v2_photo_portraits_test.gd:6)
ERROR: V2 PASSAGE: native unclaimed portrait fit refused: shop_photo_supplies
   at: push_error (core/variant/variant_utility.cpp:1023)
   GDScript backtrace (most recent call first):
       [0] _fail (res://scripts/building/orison_v2_passage_region.gd:324)
       [1] _ready (res://scripts/building/orison_v2_passage_region.gd:129)
       [2] _compose_exterior (res://scripts/building/orison_v2_runtime_root.gd:586)
       [3] _compose_authorities (res://scripts/building/orison_v2_runtime_root.gd:308)
       [4] _ready (res://scripts/building/orison_v2_runtime_root.gd:162)
       [5] _run (res://tests/orison_v2_photo_portraits_test.gd:6)
ERROR: ORISON V2 RUNTIME: exterior composition failed
   at: push_error (core/variant/variant_utility.cpp:1023)
   GDScript backtrace (most recent call first):
       [0] _compose_authorities (res://scripts/building/orison_v2_runtime_root.gd:310)
       [1] _ready (res://scripts/building/orison_v2_runtime_root.gd:162)
       [2] _run (res://tests/orison_v2_photo_portraits_test.gd:6)
ERROR: composed world fits the original photography shop
   at: push_error (core/variant/variant_utility.cpp:1023)
   GDScript backtrace (most recent call first):
       [0] check (res://tests/orison_v2_floor_surface_test.gd:5)
       [1] check (res://tests/orison_v2_ventilation_throat_test.gd:9)
       [2] _run (res://tests/orison_v2_photo_portraits_test.gd:8)
