C:\PleaseRemainOnTheLine\art\blender\scripts\build_photo_portraits.py:45: DeprecationWarning: 'Material.use_nodes' is expected to be removed in Blender 6.0
  mat=bpy.data.materials.new(key);mat.use_nodes=True;materials[key]=mat
Info: Saved as "photo_portraits.blend"
INFO Draco is available, use library at C:\Program Files\Blender Foundation\Blender 5.2\5.2\scripts\addons_core\io_scene_gltf2\bf_intern_draco_bridge.dll
INFO MeshOptimizer is available, use library at C:\Program Files\Blender Foundation\Blender 5.2\5.2\scripts\addons_core\io_scene_gltf2\bf_intern_meshopt_bridge.dll
23:10:11 | INFO: Starting glTF 2.0 export
23:10:11 | INFO: Extracting primitive: storm_shop_photo_supplies_portrait0__image
23:10:11 | INFO: Primitives created: 1
23:10:11 | INFO: Extracting primitive: storm_shop_photo_supplies_portrait0__iron
23:10:11 | INFO: Primitives created: 1
23:10:11 | INFO: Extracting primitive: storm_shop_photo_supplies_portrait0__paper
23:10:11 | INFO: Primitives created: 1
23:10:11 | INFO: Extracting primitive: storm_shop_photo_supplies_portrait1__image
23:10:11 | INFO: Primitives created: 1
23:10:11 | INFO: Extracting primitive: storm_shop_photo_supplies_portrait1__iron
23:10:11 | INFO: Primitives created: 1
23:10:11 | INFO: Extracting primitive: storm_shop_photo_supplies_portrait1__paper
23:10:11 | INFO: Primitives created: 1
23:10:11 | INFO: Extracting primitive: storm_shop_photo_supplies_portrait2__image
23:10:11 | INFO: Primitives created: 1
23:10:11 | INFO: Extracting primitive: storm_shop_photo_supplies_portrait2__iron
23:10:11 | INFO: Primitives created: 1
23:10:11 | INFO: Extracting primitive: storm_shop_photo_supplies_portrait2__paper
23:10:11 | INFO: Primitives created: 1
23:10:11 | INFO: Extracting primitive: storm_shop_photo_supplies_portrait3__image
23:10:11 | INFO: Primitives created: 1
23:10:11 | INFO: Extracting primitive: storm_shop_photo_supplies_portrait3__iron
23:10:11 | INFO: Primitives created: 1
23:10:11 | INFO: Extracting primitive: storm_shop_photo_supplies_portrait3__paper
23:10:11 | INFO: Primitives created: 1
23:10:11 | INFO: Extracting primitive: storm_shop_photo_supplies_portrait4__image
23:10:11 | INFO: Primitives created: 1
23:10:11 | INFO: Extracting primitive: storm_shop_photo_supplies_portrait4__iron
23:10:11 | INFO: Primitives created: 1
23:10:11 | INFO: Extracting primitive: storm_shop_photo_supplies_portrait4__paper
23:10:11 | INFO: Primitives created: 1
23:10:11 | INFO: Extracting primitive: storm_shop_photo_supplies_portrait5__image
23:10:11 | INFO: Primitives created: 1
23:10:11 | INFO: Extracting primitive: storm_shop_photo_supplies_portrait5__iron
23:10:11 | INFO: Primitives created: 1
23:10:11 | INFO: Extracting primitive: storm_shop_photo_supplies_portrait5__paper
23:10:11 | INFO: Primitives created: 1
23:10:11 | INFO: Extracting primitive: storm_shop_photo_supplies_portrait6__image
23:10:11 | INFO: Primitives created: 1
23:10:11 | INFO: Extracting primitive: storm_shop_photo_supplies_portrait6__iron
23:10:11 | INFO: Primitives created: 1
23:10:11 | INFO: Extracting primitive: storm_shop_photo_supplies_portrait6__paper
23:10:11 | INFO: Primitives created: 1
23:10:11 | INFO: Extracting primitive: storm_shop_photo_supplies_portrait_rail__iron
23:10:11 | INFO: Primitives created: 1
23:10:11 | INFO: Extracting primitive: storm_shop_photo_supplies_portrait_rail__wood
23:10:11 | INFO: Primitives created: 1
23:10:11 | INFO: Finished glTF 2.0 export in 0.0285336971282959 s

PHOTO PORTRAITS 8 original records; 8 assemblies; 30 closed stocks; 23 parts; 3896 triangles; 25 foot contacts
Blender 5.2.0 LTS (hash fbe6228777e7 built 2026-07-14 01:35:40)

Blender quit
