00:01.360  blend            | Read blend: "C:\PleaseRemainOnTheLine\art\blender\photo_portraits.blend"
C:\PleaseRemainOnTheLine\art\blender\scripts\inspect_photo_portraits.py:44: DeprecationWarning: 'World.use_nodes' is expected to be removed in Blender 6.0
  scene.world=bpy.data.worlds.new('Inspection');scene.world.use_nodes=True;scene.world.node_tree.nodes['Background'].inputs[0].default_value=(.5,.55,.6,1);scene.world.node_tree.nodes['Background'].inputs[1].default_value=.7
00:05.063  render           | Saved: 'C:\PleaseRemainOnTheLine\tmp\v2-finish-review\photo-portraits-native\storm_shop_photo_supplies_portrait_rail_front.png'
00:08.500  render           | Saved: 'C:\PleaseRemainOnTheLine\tmp\v2-finish-review\photo-portraits-native\storm_shop_photo_supplies_portrait_rail_rear.png'
00:12.063  render           | Saved: 'C:\PleaseRemainOnTheLine\tmp\v2-finish-review\photo-portraits-native\storm_shop_photo_supplies_portrait0_front.png'
00:15.594  render           | Saved: 'C:\PleaseRemainOnTheLine\tmp\v2-finish-review\photo-portraits-native\storm_shop_photo_supplies_portrait0_rear.png'
00:19.125  render           | Saved: 'C:\PleaseRemainOnTheLine\tmp\v2-finish-review\photo-portraits-native\storm_shop_photo_supplies_portrait1_front.png'
00:22.657  render           | Saved: 'C:\PleaseRemainOnTheLine\tmp\v2-finish-review\photo-portraits-native\storm_shop_photo_supplies_portrait1_rear.png'
00:26.203  render           | Saved: 'C:\PleaseRemainOnTheLine\tmp\v2-finish-review\photo-portraits-native\storm_shop_photo_supplies_portrait2_front.png'
00:29.735  render           | Saved: 'C:\PleaseRemainOnTheLine\tmp\v2-finish-review\photo-portraits-native\storm_shop_photo_supplies_portrait2_rear.png'
00:33.282  render           | Saved: 'C:\PleaseRemainOnTheLine\tmp\v2-finish-review\photo-portraits-native\storm_shop_photo_supplies_portrait3_front.png'
00:36.813  render           | Saved: 'C:\PleaseRemainOnTheLine\tmp\v2-finish-review\photo-portraits-native\storm_shop_photo_supplies_portrait3_rear.png'
00:40.375  render           | Saved: 'C:\PleaseRemainOnTheLine\tmp\v2-finish-review\photo-portraits-native\storm_shop_photo_supplies_portrait4_front.png'
00:43.985  render           | Saved: 'C:\PleaseRemainOnTheLine\tmp\v2-finish-review\photo-portraits-native\storm_shop_photo_supplies_portrait4_rear.png'
00:47.516  render           | Saved: 'C:\PleaseRemainOnTheLine\tmp\v2-finish-review\photo-portraits-native\storm_shop_photo_supplies_portrait5_front.png'
00:51.032  render           | Saved: 'C:\PleaseRemainOnTheLine\tmp\v2-finish-review\photo-portraits-native\storm_shop_photo_supplies_portrait5_rear.png'
00:54.594  render           | Saved: 'C:\PleaseRemainOnTheLine\tmp\v2-finish-review\photo-portraits-native\storm_shop_photo_supplies_portrait6_front.png'
00:58.110  render           | Saved: 'C:\PleaseRemainOnTheLine\tmp\v2-finish-review\photo-portraits-native\storm_shop_photo_supplies_portrait6_rear.png'
PHOTO PORTRAITS NATIVE QA 30 closed connected stocks; 8 joined assemblies; 16 views
Blender 5.2.0 LTS (hash fbe6228777e7 built 2026-07-14 01:35:40)

Blender quit
