Godot Engine v4.7.1.stable.official.a13da4feb - https://godotengine.org
Vulkan 1.4.341 - Forward+ - Using Device #0: NVIDIA - NVIDIA GeForce RTX 4080

[ACOUSTIC] 550 nodes loaded
ORISON V2 BLOCKOUT: 200 spaces / 111 doors / 1104 anchors
[V2 FRONT COURT ROOF] three seated girders; retained roof slabs; mapped exterior concrete
[V2 BODEGA POWER] independent inlet; four existing fittings; 20 bearings
[SURFACE] 822 surfaces layered (362 materials)
[PASSAGE HOURS] OPEN; 10 grilles folded
[PASSAGE HOURS] 11 shopfronts, 10 close after 02:00, HARDWARE PAINT keeps night service
[PASSAGE FINISH] 6 gated draws, 3 handcarts, hours active
[V2 PASSAGE] 13 resident cells; 11 doors; 1 shared-service counters
[SURFACE] 170 surfaces layered (81 materials)
[HARUKIYA] 9 interactables placed
[ARCADE] 2 cabinet(s) from a catalog of 12: SOMETHING IN THE HALL (mystery_serial), OPERATIONS (farm_and_market)
[ARCADE] all of them are running arcade_pit
[V2 BAR] retained cell; 29 registered markers; 3 doors
[V2 FRONT FACADE] native entrance, original landmark hardware, glazed marquee and fitted blade
[SCHEDULE] director live: 18 residents on the clock
[MOVES] personal library: res://assets/characters/mina_vale/mina_vale_moves.glb
SOURCE PARAPET MATERIAL ROOF_PARAPET_EAST brick 
SOURCE PARAPET MATERIAL ROOF_PARAPET_NORTH brick 
SOURCE PARAPET MATERIAL ROOF_PARAPET_SOUTH brick 
SOURCE PARAPET MATERIAL ROOF_PARAPET_WEST brick 
[ORISON V2 RUNTIME] ready startup_ms=26851.357
[LIGHTING] 207 sources active in system; 207 full personalities; profiles steady/breathe/mains/beat/dropout=[50, 45, 36, 42, 34]
CAP MAPPING: mesh=photo_portraits_storm_shop_photo_supplies_portrait0__iron valid_basis=true max_uv_excess=0.00000006580376 widest=1.00054065446864 vertices=1022 derivatives=true bad_derivatives=0 min_determinant=0.00000001040371 worst_dot=0.99999976158142
CAP MAPPING: mesh=photo_portraits_storm_shop_photo_supplies_portrait0__paper valid_basis=true max_uv_excess=0.0 widest=1.0 vertices=20 derivatives=true bad_derivatives=0 min_determinant=0.0004800410461 worst_dot=1.0
CAP MAPPING: mesh=photo_portraits_storm_shop_photo_supplies_portrait1__iron valid_basis=true max_uv_excess=0.00000006634218 widest=1.00051661886919 vertices=1024 derivatives=true bad_derivatives=0 min_determinant=0.00000001040265 worst_dot=0.99999988079071
CAP MAPPING: mesh=photo_portraits_storm_shop_photo_supplies_portrait1__paper valid_basis=true max_uv_excess=0.0 widest=1.0 vertices=20 derivatives=true bad_derivatives=0 min_determinant=0.0004800410461 worst_dot=1.0
CAP MAPPING: mesh=photo_portraits_storm_shop_photo_supplies_portrait2__iron valid_basis=true max_uv_excess=0.00000006580376 widest=1.00051661886919 vertices=1028 derivatives=true bad_derivatives=0 min_determinant=0.00000001040336 worst_dot=0.99999970197678
CAP MAPPING: mesh=photo_portraits_storm_shop_photo_supplies_portrait2__paper valid_basis=true max_uv_excess=0.0 widest=1.0 vertices=20 derivatives=true bad_derivatives=0 min_determinant=0.0004800410461 worst_dot=1.0
CAP MAPPING: mesh=photo_portraits_storm_shop_photo_supplies_portrait3__iron valid_basis=true max_uv_excess=0.00000007393828 widest=1.00047477714861 vertices=1022 derivatives=true bad_derivatives=0 min_determinant=0.00000001040265 worst_dot=0.99999976158142
CAP MAPPING: mesh=photo_portraits_storm_shop_photo_supplies_portrait3__paper valid_basis=true max_uv_excess=0.0 widest=1.0 vertices=20 derivatives=true bad_derivatives=0 min_determinant=0.0004800410461 worst_dot=1.0
CAP MAPPING: mesh=photo_portraits_storm_shop_photo_supplies_portrait4__iron valid_basis=true max_uv_excess=0.00000006795744 widest=1.00061988441877 vertices=1036 derivatives=true bad_derivatives=0 min_determinant=0.00000001040124 worst_dot=0.99999982118607
CAP MAPPING: mesh=photo_portraits_storm_shop_photo_supplies_portrait4__paper valid_basis=true max_uv_excess=0.00000002980232 widest=1.0000001192093 vertices=20 derivatives=true bad_derivatives=0 min_determinant=0.00048005249118 worst_dot=1.0
CAP MAPPING: mesh=photo_portraits_storm_shop_photo_supplies_portrait5__iron valid_basis=true max_uv_excess=0.00000008304778 widest=1.00053539578761 vertices=1032 derivatives=true bad_derivatives=0 min_determinant=0.00000001040972 worst_dot=0.99999982118607
CAP MAPPING: mesh=photo_portraits_storm_shop_photo_supplies_portrait5__paper valid_basis=true max_uv_excess=0.00000002980232 widest=1.0000001192093 vertices=20 derivatives=true bad_derivatives=0 min_determinant=0.0004800410461 worst_dot=1.0
CAP MAPPING: mesh=photo_portraits_storm_shop_photo_supplies_portrait6__iron valid_basis=true max_uv_excess=0.00000006843766 widest=1.00047691457376 vertices=1046 derivatives=true bad_derivatives=0 min_determinant=0.00000001040901 worst_dot=0.99999988079071
CAP MAPPING: mesh=photo_portraits_storm_shop_photo_supplies_portrait6__paper valid_basis=true max_uv_excess=0.00000005960464 widest=1.00000020081323 vertices=20 derivatives=true bad_derivatives=0 min_determinant=0.0004800410461 worst_dot=1.0
CAP MAPPING: mesh=photo_portraits_storm_shop_photo_supplies_portrait_rail__iron valid_basis=true max_uv_excess=0.00000005465699 widest=1.00006991890078 vertices=432 derivatives=true bad_derivatives=0 min_determinant=0.00000023355824 worst_dot=1.0
CAP MAPPING: mesh=photo_portraits_storm_shop_photo_supplies_portrait_rail__wood valid_basis=true max_uv_excess=0.00000009988435 widest=1.00020968242231 vertices=2456 derivatives=true bad_derivatives=0 min_determinant=0.0000001156419 worst_dot=0.99999988079071
[HARUKIYA] OPEN, 18 fixtures
PHOTO PORTRAITS: checks=362 parts=23 triangles=3896 removed=96 supports=25 failures=0
