Godot Engine v4.7.1.stable.official.a13da4feb - https://godotengine.org
Vulkan 1.4.341 - Forward+ - Using Device #0: NVIDIA - NVIDIA GeForce RTX 4080

[ACOUSTIC] 550 nodes loaded
[V2 UPPER RADIOS TIMING] stage=setup elapsed=0.001 remaining=53.999
[V2 UPPER RADIOS BUDGET] stage=setup outstanding=12 reserve=6.200 slack=47.797
ORISON V2 BLOCKOUT: 136 spaces / 65 doors / 745 anchors
[SURFACE] 323 surfaces layered (296 materials)
[PASSAGE HOURS] OPEN; 10 grilles folded
[PASSAGE HOURS] 11 shopfronts, 10 close after 02:00, HARDWARE PAINT keeps night service
[PASSAGE FINISH] 6 gated draws, 3 handcarts, hours active
[V2 PASSAGE] 13 resident cells; 11 doors; 1 shared-service counters
[SCHEDULE] director live: 18 residents on the clock
[MOVES] personal library: res://assets/characters/mina_vale/mina_vale_moves.glb
[ORISON V2 RUNTIME] ready startup_ms=9913.612
[LIGHTING] 133 sources active in system; 133 full personalities; profiles steady/breathe/mains/beat/dropout=[30, 25, 28, 28, 22]
[V2 UPPER RADIOS TIMING] stage=DomesticRadio_5A elapsed=10.528 remaining=43.472
[V2 UPPER RADIOS BUDGET] stage=DomesticRadio_5A outstanding=12 reserve=6.200 slack=37.271
[V2 UPPER RADIOS TIMING] stage=DomesticRadio_5A_message elapsed=11.143 remaining=42.857
[V2 UPPER RADIOS BUDGET] stage=DomesticRadio_5A_message outstanding=12 reserve=6.200 slack=36.656
[V2 UPPER RADIOS CAPTURE] 1/12 label=DomesticRadio_5A_room elapsed=11.471 path=C:\PleaseRemainOnTheLine-astra\design\astra\evidence\v2_upper_radios_01\radios_02/DomesticRadio_5A_room.png
[V2 UPPER RADIOS TIMING] stage=DomesticRadio_5A_lamp elapsed=12.184 remaining=41.816
[V2 UPPER RADIOS BUDGET] stage=DomesticRadio_5A_lamp outstanding=11 reserve=5.850 slack=35.962
[V2 UPPER RADIOS CAPTURE] 2/12 label=DomesticRadio_5A_lamp elapsed=12.509 path=C:\PleaseRemainOnTheLine-astra\design\astra\evidence\v2_upper_radios_01\radios_02/DomesticRadio_5A_lamp.png
[V2 UPPER RADIOS TIMING] stage=DomesticRadio_5B elapsed=15.326 remaining=38.674
[V2 UPPER RADIOS BUDGET] stage=DomesticRadio_5B outstanding=10 reserve=5.500 slack=33.173
[V2 UPPER RADIOS TIMING] stage=DomesticRadio_5B_message elapsed=15.926 remaining=38.074
[V2 UPPER RADIOS BUDGET] stage=DomesticRadio_5B_message outstanding=10 reserve=5.500 slack=32.569
[V2 UPPER RADIOS CAPTURE] 3/12 label=DomesticRadio_5B_room elapsed=16.260 path=C:\PleaseRemainOnTheLine-astra\design\astra\evidence\v2_upper_radios_01\radios_02/DomesticRadio_5B_room.png
[V2 UPPER RADIOS TIMING] stage=DomesticRadio_5B_lamp elapsed=16.988 remaining=37.012
[V2 UPPER RADIOS BUDGET] stage=DomesticRadio_5B_lamp outstanding=9 reserve=5.150 slack=31.861
[V2 UPPER RADIOS CAPTURE] 4/12 label=DomesticRadio_5B_lamp elapsed=17.320 path=C:\PleaseRemainOnTheLine-astra\design\astra\evidence\v2_upper_radios_01\radios_02/DomesticRadio_5B_lamp.png
[V2 UPPER RADIOS TIMING] stage=DomesticRadio_5C elapsed=20.129 remaining=33.871
[V2 UPPER RADIOS BUDGET] stage=DomesticRadio_5C outstanding=8 reserve=4.800 slack=29.067
[V2 UPPER RADIOS TIMING] stage=DomesticRadio_5C_message elapsed=20.729 remaining=33.271
[V2 UPPER RADIOS BUDGET] stage=DomesticRadio_5C_message outstanding=8 reserve=4.800 slack=28.470
[V2 UPPER RADIOS CAPTURE] 5/12 label=DomesticRadio_5C_room elapsed=21.061 path=C:\PleaseRemainOnTheLine-astra\design\astra\evidence\v2_upper_radios_01\radios_02/DomesticRadio_5C_room.png
[V2 UPPER RADIOS TIMING] stage=DomesticRadio_5C_lamp elapsed=21.770 remaining=32.230
[V2 UPPER RADIOS BUDGET] stage=DomesticRadio_5C_lamp outstanding=7 reserve=4.450 slack=27.779
[V2 UPPER RADIOS CAPTURE] 6/12 label=DomesticRadio_5C_lamp elapsed=22.101 path=C:\PleaseRemainOnTheLine-astra\design\astra\evidence\v2_upper_radios_01\radios_02/DomesticRadio_5C_lamp.png
[V2 UPPER RADIOS TIMING] stage=DomesticRadio_6A elapsed=24.909 remaining=29.091
[V2 UPPER RADIOS BUDGET] stage=DomesticRadio_6A outstanding=6 reserve=4.100 slack=24.990
[V2 UPPER RADIOS TIMING] stage=DomesticRadio_6A_message elapsed=25.509 remaining=28.490
[V2 UPPER RADIOS BUDGET] stage=DomesticRadio_6A_message outstanding=6 reserve=4.100 slack=24.389
[V2 UPPER RADIOS CAPTURE] 7/12 label=DomesticRadio_6A_room elapsed=25.816 path=C:\PleaseRemainOnTheLine-astra\design\astra\evidence\v2_upper_radios_01\radios_02/DomesticRadio_6A_room.png
[V2 UPPER RADIOS TIMING] stage=DomesticRadio_6A_lamp elapsed=26.551 remaining=27.449
[V2 UPPER RADIOS BUDGET] stage=DomesticRadio_6A_lamp outstanding=5 reserve=3.750 slack=23.695
[V2 UPPER RADIOS CAPTURE] 8/12 label=DomesticRadio_6A_lamp elapsed=26.856 path=C:\PleaseRemainOnTheLine-astra\design\astra\evidence\v2_upper_radios_01\radios_02/DomesticRadio_6A_lamp.png
[V2 UPPER RADIOS TIMING] stage=DomesticRadio_6B elapsed=29.711 remaining=24.289
[V2 UPPER RADIOS BUDGET] stage=DomesticRadio_6B outstanding=4 reserve=3.400 slack=20.887
[V2 UPPER RADIOS TIMING] stage=DomesticRadio_6B_message elapsed=30.312 remaining=23.688
[V2 UPPER RADIOS BUDGET] stage=DomesticRadio_6B_message outstanding=4 reserve=3.400 slack=20.287
[V2 UPPER RADIOS CAPTURE] 9/12 label=DomesticRadio_6B_room elapsed=30.642 path=C:\PleaseRemainOnTheLine-astra\design\astra\evidence\v2_upper_radios_01\radios_02/DomesticRadio_6B_room.png
[V2 UPPER RADIOS TIMING] stage=DomesticRadio_6B_lamp elapsed=31.374 remaining=22.626
[V2 UPPER RADIOS BUDGET] stage=DomesticRadio_6B_lamp outstanding=3 reserve=3.050 slack=19.575
[V2 UPPER RADIOS CAPTURE] 10/12 label=DomesticRadio_6B_lamp elapsed=31.703 path=C:\PleaseRemainOnTheLine-astra\design\astra\evidence\v2_upper_radios_01\radios_02/DomesticRadio_6B_lamp.png
[V2 UPPER RADIOS TIMING] stage=DomesticRadio_6C elapsed=34.512 remaining=19.488
[V2 UPPER RADIOS BUDGET] stage=DomesticRadio_6C outstanding=2 reserve=2.700 slack=16.784
[V2 UPPER RADIOS TIMING] stage=DomesticRadio_6C_message elapsed=35.112 remaining=18.888
[V2 UPPER RADIOS BUDGET] stage=DomesticRadio_6C_message outstanding=2 reserve=2.700 slack=16.186
[V2 UPPER RADIOS CAPTURE] 11/12 label=DomesticRadio_6C_room elapsed=35.441 path=C:\PleaseRemainOnTheLine-astra\design\astra\evidence\v2_upper_radios_01\radios_02/DomesticRadio_6C_room.png
[V2 UPPER RADIOS TIMING] stage=DomesticRadio_6C_lamp elapsed=36.153 remaining=17.847
[V2 UPPER RADIOS BUDGET] stage=DomesticRadio_6C_lamp outstanding=1 reserve=2.350 slack=15.496
[V2 UPPER RADIOS CAPTURE] 12/12 label=DomesticRadio_6C_lamp elapsed=36.481 path=C:\PleaseRemainOnTheLine-astra\design\astra\evidence\v2_upper_radios_01\radios_02/DomesticRadio_6C_lamp.png
[V2 UPPER RADIOS TIMING] stage=finish elapsed=36.484 remaining=17.516
[V2 UPPER RADIOS BUDGET] stage=finish outstanding=0 reserve=2.000 slack=15.515
[V2 UPPER RADIOS] RESULT: PASS captures=12 expected=12 elapsed=36.486
