Godot Engine v4.7.1.stable.official.a13da4feb - https://godotengine.org
Vulkan 1.4.341 - Forward+ - Using Device #0: NVIDIA - NVIDIA GeForce RTX 4080

[ACOUSTIC] 550 nodes loaded
[V2 UPPER RADIOS TIMING] stage=setup elapsed=0.001 remaining=53.999
[V2 UPPER RADIOS BUDGET] stage=setup outstanding=12 reserve=6.200 slack=47.797
ORISON V2 BLOCKOUT: 136 spaces / 65 doors / 745 anchors
[SURFACE] 323 surfaces layered (296 materials)
[PASSAGE HOURS] OPEN; 10 grilles folded
[PASSAGE HOURS] 11 shopfronts, 10 close after 02:00, HARDWARE PAINT keeps night service
[PASSAGE FINISH] 6 gated draws, 3 handcarts, hours active
[V2 PASSAGE] 13 resident cells; 11 doors; 1 shared-service counters
[SCHEDULE] director live: 18 residents on the clock
[MOVES] personal library: res://assets/characters/mina_vale/mina_vale_moves.glb
[ORISON V2 RUNTIME] ready startup_ms=9808.367
[LIGHTING] 133 sources active in system; 133 full personalities; profiles steady/breathe/mains/beat/dropout=[30, 25, 28, 28, 22]
[V2 UPPER RADIOS TIMING] stage=DomesticRadio_5A elapsed=10.443 remaining=43.557
[V2 UPPER RADIOS BUDGET] stage=DomesticRadio_5A outstanding=12 reserve=6.200 slack=37.352
[V2 UPPER RADIOS CAPTURE] 1/12 label=DomesticRadio_5A_room elapsed=10.746 path=C:\PleaseRemainOnTheLine-astra\design\astra\evidence\v2_upper_radios_01\radios_01/DomesticRadio_5A_room.png
[V2 UPPER RADIOS TIMING] stage=DomesticRadio_5A_lamp elapsed=11.500 remaining=42.500
[V2 UPPER RADIOS BUDGET] stage=DomesticRadio_5A_lamp outstanding=11 reserve=5.850 slack=36.646
[V2 UPPER RADIOS CAPTURE] 2/12 label=DomesticRadio_5A_lamp elapsed=11.827 path=C:\PleaseRemainOnTheLine-astra\design\astra\evidence\v2_upper_radios_01\radios_01/DomesticRadio_5A_lamp.png
[V2 UPPER RADIOS TIMING] stage=DomesticRadio_5B elapsed=14.641 remaining=39.359
[V2 UPPER RADIOS BUDGET] stage=DomesticRadio_5B outstanding=10 reserve=5.500 slack=33.858
[V2 UPPER RADIOS CAPTURE] 3/12 label=DomesticRadio_5B_room elapsed=15.000 path=C:\PleaseRemainOnTheLine-astra\design\astra\evidence\v2_upper_radios_01\radios_01/DomesticRadio_5B_room.png
[V2 UPPER RADIOS TIMING] stage=DomesticRadio_5B_lamp elapsed=15.685 remaining=38.315
[V2 UPPER RADIOS BUDGET] stage=DomesticRadio_5B_lamp outstanding=9 reserve=5.150 slack=33.164
[V2 UPPER RADIOS CAPTURE] 4/12 label=DomesticRadio_5B_lamp elapsed=16.019 path=C:\PleaseRemainOnTheLine-astra\design\astra\evidence\v2_upper_radios_01\radios_01/DomesticRadio_5B_lamp.png
[V2 UPPER RADIOS TIMING] stage=DomesticRadio_5C elapsed=18.825 remaining=35.175
[V2 UPPER RADIOS BUDGET] stage=DomesticRadio_5C outstanding=8 reserve=4.800 slack=30.371
[V2 UPPER RADIOS CAPTURE] 5/12 label=DomesticRadio_5C_room elapsed=19.186 path=C:\PleaseRemainOnTheLine-astra\design\astra\evidence\v2_upper_radios_01\radios_01/DomesticRadio_5C_room.png
[V2 UPPER RADIOS TIMING] stage=DomesticRadio_5C_lamp elapsed=19.865 remaining=34.135
[V2 UPPER RADIOS BUDGET] stage=DomesticRadio_5C_lamp outstanding=7 reserve=4.450 slack=29.684
[V2 UPPER RADIOS CAPTURE] 6/12 label=DomesticRadio_5C_lamp elapsed=20.196 path=C:\PleaseRemainOnTheLine-astra\design\astra\evidence\v2_upper_radios_01\radios_01/DomesticRadio_5C_lamp.png
[V2 UPPER RADIOS TIMING] stage=DomesticRadio_6A elapsed=23.004 remaining=30.996
[V2 UPPER RADIOS BUDGET] stage=DomesticRadio_6A outstanding=6 reserve=4.100 slack=26.894
[V2 UPPER RADIOS CAPTURE] 7/12 label=DomesticRadio_6A_room elapsed=23.338 path=C:\PleaseRemainOnTheLine-astra\design\astra\evidence\v2_upper_radios_01\radios_01/DomesticRadio_6A_room.png
[V2 UPPER RADIOS TIMING] stage=DomesticRadio_6A_lamp elapsed=24.026 remaining=29.974
[V2 UPPER RADIOS BUDGET] stage=DomesticRadio_6A_lamp outstanding=5 reserve=3.750 slack=26.223
[V2 UPPER RADIOS CAPTURE] 8/12 label=DomesticRadio_6A_lamp elapsed=24.333 path=C:\PleaseRemainOnTheLine-astra\design\astra\evidence\v2_upper_radios_01\radios_01/DomesticRadio_6A_lamp.png
[V2 UPPER RADIOS TIMING] stage=DomesticRadio_6B elapsed=27.187 remaining=26.813
[V2 UPPER RADIOS BUDGET] stage=DomesticRadio_6B outstanding=4 reserve=3.400 slack=23.409
[V2 UPPER RADIOS CAPTURE] 9/12 label=DomesticRadio_6B_room elapsed=27.542 path=C:\PleaseRemainOnTheLine-astra\design\astra\evidence\v2_upper_radios_01\radios_01/DomesticRadio_6B_room.png
[V2 UPPER RADIOS TIMING] stage=DomesticRadio_6B_lamp elapsed=28.227 remaining=25.773
[V2 UPPER RADIOS BUDGET] stage=DomesticRadio_6B_lamp outstanding=3 reserve=3.050 slack=22.718
[V2 UPPER RADIOS CAPTURE] 10/12 label=DomesticRadio_6B_lamp elapsed=28.562 path=C:\PleaseRemainOnTheLine-astra\design\astra\evidence\v2_upper_radios_01\radios_01/DomesticRadio_6B_lamp.png
[V2 UPPER RADIOS TIMING] stage=DomesticRadio_6C elapsed=31.388 remaining=22.612
[V2 UPPER RADIOS BUDGET] stage=DomesticRadio_6C outstanding=2 reserve=2.700 slack=19.911
[V2 UPPER RADIOS CAPTURE] 11/12 label=DomesticRadio_6C_room elapsed=31.741 path=C:\PleaseRemainOnTheLine-astra\design\astra\evidence\v2_upper_radios_01\radios_01/DomesticRadio_6C_room.png
[V2 UPPER RADIOS TIMING] stage=DomesticRadio_6C_lamp elapsed=32.409 remaining=21.591
[V2 UPPER RADIOS BUDGET] stage=DomesticRadio_6C_lamp outstanding=1 reserve=2.350 slack=19.240
[V2 UPPER RADIOS CAPTURE] 12/12 label=DomesticRadio_6C_lamp elapsed=32.737 path=C:\PleaseRemainOnTheLine-astra\design\astra\evidence\v2_upper_radios_01\radios_01/DomesticRadio_6C_lamp.png
[V2 UPPER RADIOS TIMING] stage=finish elapsed=32.739 remaining=21.261
[V2 UPPER RADIOS BUDGET] stage=finish outstanding=0 reserve=2.000 slack=19.261
[V2 UPPER RADIOS] RESULT: PASS captures=12 expected=12 elapsed=32.741
