Godot Engine v4.7.1.stable.official.a13da4feb - https://godotengine.org
Vulkan 1.4.341 - Forward+ - Using Device #0: NVIDIA - NVIDIA GeForce RTX 4080

[ACOUSTIC] 550 nodes loaded
[V2 UPPER RADIOS TIMING] stage=setup elapsed=0.000 remaining=54.000
[V2 UPPER RADIOS BUDGET] stage=setup outstanding=12 reserve=6.200 slack=47.797
ORISON V2 BLOCKOUT: 136 spaces / 65 doors / 745 anchors
[SURFACE] 323 surfaces layered (296 materials)
[PASSAGE HOURS] OPEN; 10 grilles folded
[PASSAGE HOURS] 11 shopfronts, 10 close after 02:00, HARDWARE PAINT keeps night service
[PASSAGE FINISH] 6 gated draws, 3 handcarts, hours active
[V2 PASSAGE] 13 resident cells; 11 doors; 1 shared-service counters
[SCHEDULE] director live: 18 residents on the clock
[MOVES] personal library: res://assets/characters/mina_vale/mina_vale_moves.glb
[ORISON V2 RUNTIME] ready startup_ms=9826.718
[LIGHTING] 133 sources active in system; 133 full personalities; profiles steady/breathe/mains/beat/dropout=[30, 25, 28, 28, 22]
[V2 UPPER RADIOS TIMING] stage=DomesticRadio_5A elapsed=10.454 remaining=43.546
[V2 UPPER RADIOS BUDGET] stage=DomesticRadio_5A outstanding=12 reserve=6.200 slack=37.345
[V2 UPPER RADIOS TIMING] stage=DomesticRadio_5A_message elapsed=11.070 remaining=42.930
[V2 UPPER RADIOS BUDGET] stage=DomesticRadio_5A_message outstanding=12 reserve=6.200 slack=36.729
[V2 UPPER RADIOS CAPTURE] 1/12 label=DomesticRadio_5A_room elapsed=11.396 path=C:\PleaseRemainOnTheLine-astra\design\astra\evidence\v2_upper_radios_01\radios_04/DomesticRadio_5A_room.png
[V2 UPPER RADIOS TIMING] stage=DomesticRadio_5A_lamp elapsed=12.130 remaining=41.870
[V2 UPPER RADIOS BUDGET] stage=DomesticRadio_5A_lamp outstanding=11 reserve=5.850 slack=36.019
[V2 UPPER RADIOS CAPTURE] 2/12 label=DomesticRadio_5A_lamp elapsed=12.456 path=C:\PleaseRemainOnTheLine-astra\design\astra\evidence\v2_upper_radios_01\radios_04/DomesticRadio_5A_lamp.png
[V2 UPPER RADIOS TIMING] stage=DomesticRadio_5B elapsed=15.271 remaining=38.729
[V2 UPPER RADIOS BUDGET] stage=DomesticRadio_5B outstanding=10 reserve=5.500 slack=33.224
[V2 UPPER RADIOS TIMING] stage=DomesticRadio_5B_message elapsed=15.872 remaining=38.128
[V2 UPPER RADIOS BUDGET] stage=DomesticRadio_5B_message outstanding=10 reserve=5.500 slack=32.627
[V2 UPPER RADIOS CAPTURE] 3/12 label=DomesticRadio_5B_room elapsed=16.212 path=C:\PleaseRemainOnTheLine-astra\design\astra\evidence\v2_upper_radios_01\radios_04/DomesticRadio_5B_room.png
[V2 UPPER RADIOS TIMING] stage=DomesticRadio_5B_lamp elapsed=16.915 remaining=37.085
[V2 UPPER RADIOS BUDGET] stage=DomesticRadio_5B_lamp outstanding=9 reserve=5.150 slack=31.934
[V2 UPPER RADIOS CAPTURE] 4/12 label=DomesticRadio_5B_lamp elapsed=17.247 path=C:\PleaseRemainOnTheLine-astra\design\astra\evidence\v2_upper_radios_01\radios_04/DomesticRadio_5B_lamp.png
[V2 UPPER RADIOS TIMING] stage=DomesticRadio_5C elapsed=20.056 remaining=33.944
[V2 UPPER RADIOS BUDGET] stage=DomesticRadio_5C outstanding=8 reserve=4.800 slack=29.143
[V2 UPPER RADIOS TIMING] stage=DomesticRadio_5C_message elapsed=20.656 remaining=33.344
[V2 UPPER RADIOS BUDGET] stage=DomesticRadio_5C_message outstanding=8 reserve=4.800 slack=28.540
[V2 UPPER RADIOS CAPTURE] 5/12 label=DomesticRadio_5C_room elapsed=20.987 path=C:\PleaseRemainOnTheLine-astra\design\astra\evidence\v2_upper_radios_01\radios_04/DomesticRadio_5C_room.png
[V2 UPPER RADIOS TIMING] stage=DomesticRadio_5C_lamp elapsed=21.677 remaining=32.323
[V2 UPPER RADIOS BUDGET] stage=DomesticRadio_5C_lamp outstanding=7 reserve=4.450 slack=27.869
[V2 UPPER RADIOS CAPTURE] 6/12 label=DomesticRadio_5C_lamp elapsed=22.007 path=C:\PleaseRemainOnTheLine-astra\design\astra\evidence\v2_upper_radios_01\radios_04/DomesticRadio_5C_lamp.png
[V2 UPPER RADIOS TIMING] stage=DomesticRadio_6A elapsed=24.815 remaining=29.185
[V2 UPPER RADIOS BUDGET] stage=DomesticRadio_6A outstanding=6 reserve=4.100 slack=25.080
[V2 UPPER RADIOS TIMING] stage=DomesticRadio_6A_message elapsed=25.416 remaining=28.584
[V2 UPPER RADIOS BUDGET] stage=DomesticRadio_6A_message outstanding=6 reserve=4.100 slack=24.483
[V2 UPPER RADIOS CAPTURE] 7/12 label=DomesticRadio_6A_room elapsed=25.723 path=C:\PleaseRemainOnTheLine-astra\design\astra\evidence\v2_upper_radios_01\radios_04/DomesticRadio_6A_room.png
[V2 UPPER RADIOS TIMING] stage=DomesticRadio_6A_lamp elapsed=26.498 remaining=27.502
[V2 UPPER RADIOS BUDGET] stage=DomesticRadio_6A_lamp outstanding=5 reserve=3.750 slack=23.751
[V2 UPPER RADIOS CAPTURE] 8/12 label=DomesticRadio_6A_lamp elapsed=26.802 path=C:\PleaseRemainOnTheLine-astra\design\astra\evidence\v2_upper_radios_01\radios_04/DomesticRadio_6A_lamp.png
[V2 UPPER RADIOS TIMING] stage=DomesticRadio_6B elapsed=29.657 remaining=24.343
[V2 UPPER RADIOS BUDGET] stage=DomesticRadio_6B outstanding=4 reserve=3.400 slack=20.942
[V2 UPPER RADIOS TIMING] stage=DomesticRadio_6B_message elapsed=30.258 remaining=23.742
[V2 UPPER RADIOS BUDGET] stage=DomesticRadio_6B_message outstanding=4 reserve=3.400 slack=20.338
[V2 UPPER RADIOS CAPTURE] 9/12 label=DomesticRadio_6B_room elapsed=30.589 path=C:\PleaseRemainOnTheLine-astra\design\astra\evidence\v2_upper_radios_01\radios_04/DomesticRadio_6B_room.png
[V2 UPPER RADIOS TIMING] stage=DomesticRadio_6B_lamp elapsed=31.299 remaining=22.701
[V2 UPPER RADIOS BUDGET] stage=DomesticRadio_6B_lamp outstanding=3 reserve=3.050 slack=19.647
[V2 UPPER RADIOS CAPTURE] 10/12 label=DomesticRadio_6B_lamp elapsed=31.629 path=C:\PleaseRemainOnTheLine-astra\design\astra\evidence\v2_upper_radios_01\radios_04/DomesticRadio_6B_lamp.png
[V2 UPPER RADIOS TIMING] stage=DomesticRadio_6C elapsed=34.439 remaining=19.561
[V2 UPPER RADIOS BUDGET] stage=DomesticRadio_6C outstanding=2 reserve=2.700 slack=16.857
[V2 UPPER RADIOS TIMING] stage=DomesticRadio_6C_message elapsed=35.039 remaining=18.961
[V2 UPPER RADIOS BUDGET] stage=DomesticRadio_6C_message outstanding=2 reserve=2.700 slack=16.260
[V2 UPPER RADIOS CAPTURE] 11/12 label=DomesticRadio_6C_room elapsed=35.369 path=C:\PleaseRemainOnTheLine-astra\design\astra\evidence\v2_upper_radios_01\radios_04/DomesticRadio_6C_room.png
[V2 UPPER RADIOS TIMING] stage=DomesticRadio_6C_lamp elapsed=36.080 remaining=17.920
[V2 UPPER RADIOS BUDGET] stage=DomesticRadio_6C_lamp outstanding=1 reserve=2.350 slack=15.569
[V2 UPPER RADIOS CAPTURE] 12/12 label=DomesticRadio_6C_lamp elapsed=36.407 path=C:\PleaseRemainOnTheLine-astra\design\astra\evidence\v2_upper_radios_01\radios_04/DomesticRadio_6C_lamp.png
[V2 UPPER RADIOS TIMING] stage=finish elapsed=36.409 remaining=17.591
[V2 UPPER RADIOS BUDGET] stage=finish outstanding=0 reserve=2.000 slack=15.590
[V2 UPPER RADIOS] RESULT: PASS captures=12 expected=12 elapsed=36.411
