Godot Engine v4.7.1.stable.official.a13da4feb - https://godotengine.org
Vulkan 1.4.341 - Forward+ - Using Device #0: NVIDIA - NVIDIA GeForce RTX 4080

[ACOUSTIC] 550 nodes loaded
[V2 UPPER SURFACES TIMING] stage=setup elapsed=0.001 remaining=53.999
[V2 UPPER SURFACES BUDGET] stage=setup outstanding=14 reserve=6.900 slack=47.097
ORISON V2 BLOCKOUT: 136 spaces / 65 doors / 717 anchors
[SURFACE] 323 surfaces layered (296 materials)
[PASSAGE HOURS] OPEN; 10 grilles folded
[PASSAGE HOURS] 11 shopfronts, 10 close after 02:00, HARDWARE PAINT keeps night service
[PASSAGE FINISH] 6 gated draws, 3 handcarts, hours active
[V2 PASSAGE] 13 resident cells; 11 doors; 1 shared-service counters
[SCHEDULE] director live: 18 residents on the clock
[MOVES] personal library: res://assets/characters/mina_vale/mina_vale_moves.glb
[ORISON V2 RUNTIME] ready startup_ms=9571.501
[LIGHTING] 133 sources active in system; 133 full personalities; profiles steady/breathe/mains/beat/dropout=[30, 25, 28, 28, 22]
[V2 UPPER SURFACES TIMING] stage=F05_5A_KITCHEN_SINK_01 elapsed=9.853 remaining=44.147
[V2 UPPER SURFACES BUDGET] stage=F05_5A_KITCHEN_SINK_01 outstanding=14 reserve=6.900 slack=37.246
[V2 UPPER SURFACES CAPTURE] 1/14 label=F05_5A_KITCHEN_SINK_01 elapsed=10.543 path=C:\PleaseRemainOnTheLine-astra\design\astra\evidence\v2_upper_surface_props_01\surfaces_01/F05_5A_KITCHEN_SINK_01.png
[V2 UPPER SURFACES TIMING] stage=F05_5B_KITCHEN_SINK_01 elapsed=11.478 remaining=42.522
[V2 UPPER SURFACES BUDGET] stage=F05_5B_KITCHEN_SINK_01 outstanding=13 reserve=6.550 slack=35.971
[V2 UPPER SURFACES CAPTURE] 2/14 label=F05_5B_KITCHEN_SINK_01 elapsed=11.816 path=C:\PleaseRemainOnTheLine-astra\design\astra\evidence\v2_upper_surface_props_01\surfaces_01/F05_5B_KITCHEN_SINK_01.png
[V2 UPPER SURFACES TIMING] stage=F05_5C_KITCHEN_SINK_01 elapsed=12.726 remaining=41.274
[V2 UPPER SURFACES BUDGET] stage=F05_5C_KITCHEN_SINK_01 outstanding=12 reserve=6.200 slack=35.073
[V2 UPPER SURFACES CAPTURE] 3/14 label=F05_5C_KITCHEN_SINK_01 elapsed=13.066 path=C:\PleaseRemainOnTheLine-astra\design\astra\evidence\v2_upper_surface_props_01\surfaces_01/F05_5C_KITCHEN_SINK_01.png
[V2 UPPER SURFACES TIMING] stage=F06_6A_KITCHEN_SINK_01 elapsed=13.978 remaining=40.022
[V2 UPPER SURFACES BUDGET] stage=F06_6A_KITCHEN_SINK_01 outstanding=11 reserve=5.850 slack=34.168
[V2 UPPER SURFACES CAPTURE] 4/14 label=F06_6A_KITCHEN_SINK_01 elapsed=14.305 path=C:\PleaseRemainOnTheLine-astra\design\astra\evidence\v2_upper_surface_props_01\surfaces_01/F06_6A_KITCHEN_SINK_01.png
[V2 UPPER SURFACES TIMING] stage=F06_6B_KITCHEN_SINK_01 elapsed=15.221 remaining=38.779
[V2 UPPER SURFACES BUDGET] stage=F06_6B_KITCHEN_SINK_01 outstanding=10 reserve=5.500 slack=33.278
[V2 UPPER SURFACES CAPTURE] 5/14 label=F06_6B_KITCHEN_SINK_01 elapsed=15.555 path=C:\PleaseRemainOnTheLine-astra\design\astra\evidence\v2_upper_surface_props_01\surfaces_01/F06_6B_KITCHEN_SINK_01.png
[V2 UPPER SURFACES TIMING] stage=F06_6C_KITCHEN_SINK_01 elapsed=16.469 remaining=37.531
[V2 UPPER SURFACES BUDGET] stage=F06_6C_KITCHEN_SINK_01 outstanding=9 reserve=5.150 slack=32.380
[V2 UPPER SURFACES CAPTURE] 6/14 label=F06_6C_KITCHEN_SINK_01 elapsed=16.821 path=C:\PleaseRemainOnTheLine-astra\design\astra\evidence\v2_upper_surface_props_01\surfaces_01/F06_6C_KITCHEN_SINK_01.png
[V2 UPPER SURFACES TIMING] stage=5A_modtable elapsed=17.721 remaining=36.279
[V2 UPPER SURFACES BUDGET] stage=5A_modtable outstanding=8 reserve=4.800 slack=31.478
[V2 UPPER SURFACES CAPTURE] 7/14 label=5A_modtable elapsed=18.044 path=C:\PleaseRemainOnTheLine-astra\design\astra\evidence\v2_upper_surface_props_01\surfaces_01/5A_modtable.png
[V2 UPPER SURFACES TIMING] stage=5A_plantable elapsed=18.981 remaining=35.019
[V2 UPPER SURFACES BUDGET] stage=5A_plantable outstanding=7 reserve=4.450 slack=30.565
[V2 UPPER SURFACES CAPTURE] 8/14 label=5A_plantable elapsed=19.307 path=C:\PleaseRemainOnTheLine-astra\design\astra\evidence\v2_upper_surface_props_01\surfaces_01/5A_plantable.png
[V2 UPPER SURFACES TIMING] stage=5A_planshelf elapsed=20.242 remaining=33.758
[V2 UPPER SURFACES BUDGET] stage=5A_planshelf outstanding=6 reserve=4.100 slack=29.653
[V2 UPPER SURFACES CAPTURE] 9/14 label=5A_planshelf elapsed=20.529 path=C:\PleaseRemainOnTheLine-astra\design\astra\evidence\v2_upper_surface_props_01\surfaces_01/5A_planshelf.png
[V2 UPPER SURFACES TIMING] stage=5B_din_t elapsed=21.483 remaining=32.517
[V2 UPPER SURFACES BUDGET] stage=5B_din_t outstanding=5 reserve=3.750 slack=28.766
[V2 UPPER SURFACES CAPTURE] 10/14 label=5B_din_t elapsed=21.785 path=C:\PleaseRemainOnTheLine-astra\design\astra\evidence\v2_upper_surface_props_01\surfaces_01/5B_din_t.png
[V2 UPPER SURFACES TIMING] stage=5C_din_t elapsed=22.722 remaining=31.278
[V2 UPPER SURFACES BUDGET] stage=5C_din_t outstanding=4 reserve=3.400 slack=27.877
[V2 UPPER SURFACES CAPTURE] 11/14 label=5C_din_t elapsed=23.021 path=C:\PleaseRemainOnTheLine-astra\design\astra\evidence\v2_upper_surface_props_01\surfaces_01/5C_din_t.png
[V2 UPPER SURFACES TIMING] stage=6A_deskwall elapsed=23.981 remaining=30.019
[V2 UPPER SURFACES BUDGET] stage=6A_deskwall outstanding=3 reserve=3.050 slack=26.965
[V2 UPPER SURFACES CAPTURE] 12/14 label=6A_deskwall elapsed=24.270 path=C:\PleaseRemainOnTheLine-astra\design\astra\evidence\v2_upper_surface_props_01\surfaces_01/6A_deskwall.png
[V2 UPPER SURFACES TIMING] stage=6B_din_t elapsed=25.244 remaining=28.756
[V2 UPPER SURFACES BUDGET] stage=6B_din_t outstanding=2 reserve=2.700 slack=26.052
[V2 UPPER SURFACES CAPTURE] 13/14 label=6B_din_t elapsed=25.552 path=C:\PleaseRemainOnTheLine-astra\design\astra\evidence\v2_upper_surface_props_01\surfaces_01/6B_din_t.png
[V2 UPPER SURFACES TIMING] stage=6C_din_t elapsed=26.484 remaining=27.516
[V2 UPPER SURFACES BUDGET] stage=6C_din_t outstanding=1 reserve=2.350 slack=25.165
[V2 UPPER SURFACES CAPTURE] 14/14 label=6C_din_t elapsed=26.782 path=C:\PleaseRemainOnTheLine-astra\design\astra\evidence\v2_upper_surface_props_01\surfaces_01/6C_din_t.png
[V2 UPPER SURFACES TIMING] stage=finish elapsed=26.784 remaining=27.216
[V2 UPPER SURFACES BUDGET] stage=finish outstanding=0 reserve=2.000 slack=25.216
[V2 UPPER SURFACES] RESULT: PASS captures=14 expected=14 elapsed=26.785
