Godot Engine v4.7.1.stable.official.a13da4feb - https://godotengine.org

[ACOUSTIC] 550 nodes loaded
[RENDER] forward_plus
[PASSAGE] 304 interior, 20 shell and 186 foreign F01 draws indexed
[VANTRY] 119 points, 7 floor batches, 3 static draws/floor
[HEIGHTMAP] 39 materials given parallax, 527 left flat
[SURFACE] 1002 surfaces layered (676 materials)
[BUILDING] 7 resident stories rehung off a bathroom wall
[DOMESTIC RADIO] 18 receivers across 18 occupied units; 0 unresolved
[DOOR GLOW] 107 closed doors, 9 leaking light (skipped: { "no_circulation": 86, "asleep": 12 })
[STATION] 37 clips, 6 machines (5 projectors, 1 sets), all dark
[ARCADE] 10 cabinet(s) from a catalog of 12: SOMETHING IN THE HALL (mystery_serial), OPERATIONS (farm_and_market), STEP SEQUENCE (variety_hour), NIGHT MAIL (aviation_hour), COUNTY LEAGUE (sporting_wire), THE THOUSAND (motor_racing), TOWER OF ASH (adventure_serial), OUTER RIM (night_sky), DO NOT ANSWER (mystery_serial), OVERTIME (sporting_wire)
[ARCADE] all of them are running arcade_pit
[BUILDING] 488 functional props spawned
[FURNITURE INTERACTION] 73 baked mechanisms restored
[BUILDING] exterior finish: 381 batched details, 11 decals, 8 puddles
[PASSAGE HOURS] AFTER_HOURS; 10 grilles drawn
[PASSAGE HOURS] 11 shopfronts, 10 close after 02:00, HARDWARE PAINT keeps night service
[PASSAGE FINISH] 6 gated draws, 3 handcarts, hours active
[MOVES] personal library: res://assets/characters/teresa_vale/teresa_vale_moves.glb
[MOVES] personal library: res://assets/characters/mina_vale/mina_vale_moves.glb
[MOVES] personal library: res://assets/characters/lena_ortiz/lena_ortiz_moves.glb
[MOVES] personal library: res://assets/characters/juno_kells/juno_kells_moves.glb
[MOVES] personal library: res://assets/characters/malcolm_reed/malcolm_reed_moves.glb
[MOVES] personal library: res://assets/characters/omar_bell/omar_bell_moves.glb
[MOVES] personal library: res://assets/characters/rhea_sato/rhea_sato_moves.glb
[MOVES] personal library: res://assets/characters/peter_wren/peter_wren_moves.glb
[MOVES] personal library: res://assets/characters/cam_ortiz/cam_ortiz_moves.glb
[MOVES] personal library: res://assets/characters/noel_price/noel_price_moves.glb
[MOVES] personal library: res://assets/characters/transient_guests/transient_guests_moves.glb
[MOVES] personal library: res://assets/characters/nadia_quell/nadia_quell_moves.glb
[MOVES] personal library: res://assets/characters/cal_dwyer/cal_dwyer_moves.glb
[MOVES] personal library: res://assets/characters/iris_bell/iris_bell_moves.glb
[MOVES] personal library: res://assets/characters/sacha_reed/sacha_reed_moves.glb
[MOVES] personal library: res://assets/characters/jonah_price/jonah_price_moves.glb
[MOVES] personal library: res://assets/characters/mae_kessler/mae_kessler_moves.glb
[BUILDING] 18 residents spawned (18 rigged, 0 sprite fallbacks)
[NAV] 4 schedule anchors installed in PASSAGE
[NAV] 336 nodes across 8 floors; 7 stair links; elevator linked; 57 wall-crossing edges rejected; 323 safe links restored
[ROUTINES] evelyn_marsh: 48 clips
[ROUTINES] evelyn_marsh upgraded to a mesh
[MOVES] personal library: res://assets/characters/teresa_vale/teresa_vale_moves.glb
[ROUTINES] teresa_vale: 49 clips
[ROUTINES] teresa_vale upgraded to a mesh
[MOVES] personal library: res://assets/characters/mina_vale/mina_vale_moves.glb
[ROUTINES] mina_vale: 49 clips
[ROUTINES] mina_vale upgraded to a mesh
[MOVES] personal library: res://assets/characters/lena_ortiz/lena_ortiz_moves.glb
[ROUTINES] lena_ortiz: 49 clips
[ROUTINES] lena_ortiz upgraded to a mesh
[MOVES] personal library: res://assets/characters/juno_kells/juno_kells_moves.glb
[ROUTINES] juno_kells: 49 clips
[ROUTINES] juno_kells upgraded to a mesh
[MOVES] personal library: res://assets/characters/malcolm_reed/malcolm_reed_moves.glb
[ROUTINES] malcolm_reed: 49 clips
[ROUTINES] malcolm_reed upgraded to a mesh
[MOVES] personal library: res://assets/characters/omar_bell/omar_bell_moves.glb
[ROUTINES] omar_bell: 49 clips
[ROUTINES] omar_bell upgraded to a mesh
[MOVES] personal library: res://assets/characters/rhea_sato/rhea_sato_moves.glb
[ROUTINES] rhea_sato: 49 clips
[ROUTINES] rhea_sato upgraded to a mesh
[MOVES] personal library: res://assets/characters/peter_wren/peter_wren_moves.glb
[ROUTINES] peter_wren: 49 clips
[ROUTINES] peter_wren upgraded to a mesh
[MOVES] personal library: res://assets/characters/cam_ortiz/cam_ortiz_moves.glb
[ROUTINES] cam_ortiz: 49 clips
[ROUTINES] cam_ortiz upgraded to a mesh
[MOVES] personal library: res://assets/characters/noel_price/noel_price_moves.glb
[ROUTINES] noel_price: 49 clips
[ROUTINES] noel_price upgraded to a mesh
[MOVES] personal library: res://assets/characters/transient_guests/transient_guests_moves.glb
[ROUTINES] transient_guests: 49 clips
[ROUTINES] transient_guests upgraded to a mesh
[MOVES] personal library: res://assets/characters/nadia_quell/nadia_quell_moves.glb
[ROUTINES] nadia_quell: 49 clips
[ROUTINES] nadia_quell upgraded to a mesh
[MOVES] personal library: res://assets/characters/cal_dwyer/cal_dwyer_moves.glb
[ROUTINES] cal_dwyer: 49 clips
[ROUTINES] cal_dwyer upgraded to a mesh
[MOVES] personal library: res://assets/characters/iris_bell/iris_bell_moves.glb
[ROUTINES] iris_bell: 49 clips
[ROUTINES] iris_bell upgraded to a mesh
[MOVES] personal library: res://assets/characters/sacha_reed/sacha_reed_moves.glb
[ROUTINES] sacha_reed: 49 clips
[ROUTINES] sacha_reed upgraded to a mesh
[MOVES] personal library: res://assets/characters/jonah_price/jonah_price_moves.glb
[ROUTINES] jonah_price: 49 clips
[ROUTINES] jonah_price upgraded to a mesh
[MOVES] personal library: res://assets/characters/mae_kessler/mae_kessler_moves.glb
[ROUTINES] mae_kessler: 49 clips
[ROUTINES] mae_kessler upgraded to a mesh
[ROUTINES] 18 residents with somewhere to be
[SWITCHES] 157 fixtures wired across 119 rooms, 87 exterior
[SWITCHES] 215 live plates
[MOON] 70 windowed rooms
[BUILDING] 18 apartment reality controllers ready
[WAYFINDING] 17 brass unit numbers, 7 directories, 8 fire signs, 1 spine plates, 6 stair pairs, 6 landing plates
[BUILDING] 62 reality-affected props placed
[WITNESS] 18 clocks and 20 other domestic anomalies placed and rigged
[ENCROACH] living field on F02 binds 77 materials
[ENCROACH] living field on F04 binds 83 materials
[ENCROACH] living field on F06 binds 81 materials
[ENCROACH] living field on F05 binds 86 materials
[ENCROACH] living field on F03 binds 89 materials
[ENCROACH] 22 finish surfaces across 6 case flats, 6 beachheads
[INCIDENTS] 15 flats on 5 living storeys can report
[BUILDING] 20 character memory artworks placed
[BUILDING] 20 character-specific wall artworks placed
[BUILDING] 8 hallway artworks placed
[BUILDING] 7 stair-landing pieces hung
[BUILDING] found art: 17 walls, 7 print props, 1 billboards
[BUILDING] front-door exterior light and signage placed
[BUILDING] maintenance headquarters ready: 18 trophy slots, 6 gear tiers
[LIGHT RIG] budgets resolved: 64 active / 5 shadow
[SCHEDULE] director inert: 18 residents on the clock
[HARUKIYA] 9 interactables placed
[BUILDING] Orison assembled: 8 floors, 565 windows lit, 292 railing details, player in lobby
[BUILDING] 197 low-overhead environment details and 26 story decals
[BUILDING] 64 atmospheric evidence decals
[PASSAGE] late sweep: 117 interior, 758 foreign, 2 shared late-built F01 draws registered
[PASSAGE] root sweep: 17 interior, 943 foreign draws, 37 foreign lights registered
[STREET] 1630 enclosed F01 draws indexed
[SURFACE] 3906 prop draws layered in triplanar mode (938 materials)
[ENCROACH] 932 prop draws reached across 6 case flats
[ENCROACH] living field on F02 binds 580 materials
[ENCROACH] living field on F04 binds 411 materials
[ENCROACH] living field on F06 binds 376 materials
[ENCROACH] living field on F05 binds 389 materials
[ENCROACH] living field on F03 binds 405 materials
[LIGHTING] 254 sources active in system; 254 full personalities; profiles steady/breathe/mains/beat/dropout=[55, 54, 49, 45, 51]
[NAV] collision audit: 369 edges cut by real geometry, 71 island nodes relinked, 0 stair legs obstructed
[SANITY] teresa_call_bells rung 2 (pressure 0.24, 2 acts)
[SURFACE] 3906 prop draws layered in triplanar mode (938 materials)
[ENCROACH] 932 prop draws reached across 6 case flats
[ENCROACH] living field on F02 binds 703 materials
[ENCROACH] living field on F04 binds 537 materials
[ENCROACH] living field on F06 binds 491 materials
[ENCROACH] living field on F05 binds 516 materials
[ENCROACH] living field on F03 binds 526 materials
  [chirp live ok] the fault is on F02_A_MAIN_VANTRY_POINT, the living-room point
  [chirp live ok] 2A holds 2 other Vantry points, so 'the 2A point' is only resolvable by ear — which is what the order says
  [chirp live ok] the 2A leaf is not locked (state 'closed'); access is already owned by the case, and K2-G did not touch it
[STREET] 115 enclosed F01 draws indexed
  [chirp live ok] and it opens to an ordinary interact
  [chirp live ok] the body walks in unaided to b(-6.32, -1.89) — no noclip, no teleport
  [chirp live ok] and stands on F02's floor (z 3.20)
  [chirp live ok] the chirp reaches this station: 3.49 m inside a 16 m emitter
[STREET] 2 enclosed F01 draws indexed
  [chirp live ok] and the fault is sounding
  [chirp live ok] 113 other emitters are audible here
  [chirp live ok] THE FAULT WINS THE ROOM by 4.3 dB over the next loudest thing, @AudioStreamPlayer3D@7318 (-24.9 vs -29.2) — more than double its intensity, and the mix was never the problem
  [chirp live ok] the mina intercom, 6.63 m away and within reach, is SILENT — it looks like the answer and cannot be mistaken for it once the fault sounds
  [chirp live ok] and so is the caption calibrator, the nearest interactive thing
  [chirp live ok] from the threshold the point is NOT in reach — the player has to cross the room, which is the point of the room
  [chirp live ok] standing under it at b(-8.47, -3.13) the grille IS in reach
  [chirp live ok] and it is 62 degrees above the eye — 3.02 m up, which is why the grille and not the room is the working target
  [chirp live ok] THRESHOLD TO TARGET, WORST CASE: 22.0 s of silence + 3.63 m of walking (1.21 s) = 23.21 s, inside the 45 s ceiling
  [chirp live ok] the schedule this replaced could not: 96.21 s worst case
  [chirp live ok] inspecting the grille advances the EXISTING job acknowledged -> awaiting_part
  [chirp live ok] through WorkOrders, which is still the only job owner
  [chirp live ok] the case is untouched and still active
  [chirp live ok] tour key and STATION 2 remain optional and unmade
  [chirp live ok] K2-G wrote no save key
  [chirp live ok] TWENTY-FIVE LOOKS AND PROMPTS MUTATE NOTHING
  [chirp live ok] a resume commits nothing
  [chirp live ok] and reconstructs the same job stage (awaiting_part) from the existing owner
CHIRP REACHABLE LIVE TEST: PASS (25/25)
