Godot Engine v4.7.1.stable.official.a13da4feb - https://godotengine.org
Vulkan 1.4.341 - Forward+ - Using Device #0: NVIDIA - NVIDIA GeForce RTX 4080

[ACOUSTIC] 550 nodes loaded
[V2 UPPER SERVICES TIMING] stage=setup elapsed=0.000 remaining=54.000
[V2 UPPER SERVICES BUDGET] stage=setup outstanding=34 reserve=13.900 slack=40.097
ORISON V2 BLOCKOUT: 136 spaces / 65 doors / 717 anchors
[SURFACE] 323 surfaces layered (296 materials)
[PASSAGE HOURS] OPEN; 10 grilles folded
[PASSAGE HOURS] 11 shopfronts, 10 close after 02:00, HARDWARE PAINT keeps night service
[PASSAGE FINISH] 6 gated draws, 3 handcarts, hours active
[V2 PASSAGE] 13 resident cells; 11 doors; 1 shared-service counters
[SCHEDULE] director live: 18 residents on the clock
[MOVES] personal library: res://assets/characters/mina_vale/mina_vale_moves.glb
[ORISON V2 RUNTIME] ready startup_ms=10485.584
[LIGHTING] 133 sources active in system; 133 full personalities; profiles steady/breathe/mains/beat/dropout=[30, 25, 28, 28, 22]
[V2 UPPER SERVICES TIMING] stage=filament_cooldown elapsed=11.091 remaining=42.909
[V2 UPPER SERVICES BUDGET] stage=filament_cooldown outstanding=34 reserve=13.900 slack=29.008
[V2 UPPER SERVICES TIMING] stage=F05_5A_TOASTER_01_installed elapsed=12.103 remaining=41.897
[V2 UPPER SERVICES BUDGET] stage=F05_5A_TOASTER_01_installed outstanding=34 reserve=13.900 slack=27.996
[V2 UPPER SERVICES CAPTURE] 1/34 label=5A_toaster_installed elapsed=12.425 path=C:\PleaseRemainOnTheLine-astra\design\astra\evidence\v2_upper_services_01\services_01/5A_toaster_installed.png
[V2 UPPER SERVICES TIMING] stage=F05_5A_MIRROR_01_closed elapsed=13.147 remaining=40.853
[V2 UPPER SERVICES BUDGET] stage=F05_5A_MIRROR_01_closed outstanding=33 reserve=13.550 slack=27.301
[V2 UPPER SERVICES CAPTURE] 2/34 label=5A_mirror_closed elapsed=13.444 path=C:\PleaseRemainOnTheLine-astra\design\astra\evidence\v2_upper_services_01\services_01/5A_mirror_closed.png
[V2 UPPER SERVICES TIMING] stage=F05_5A_MIRROR_01_open elapsed=14.206 remaining=39.794
[V2 UPPER SERVICES BUDGET] stage=F05_5A_MIRROR_01_open outstanding=32 reserve=13.200 slack=26.592
[V2 UPPER SERVICES CAPTURE] 3/34 label=5A_mirror_open elapsed=14.504 path=C:\PleaseRemainOnTheLine-astra\design\astra\evidence\v2_upper_services_01\services_01/5A_mirror_open.png
[V2 UPPER SERVICES TIMING] stage=F05_5B_MIRROR_01_closed elapsed=15.248 remaining=38.752
[V2 UPPER SERVICES BUDGET] stage=F05_5B_MIRROR_01_closed outstanding=31 reserve=12.850 slack=25.901
[V2 UPPER SERVICES CAPTURE] 4/34 label=5B_mirror_closed elapsed=15.547 path=C:\PleaseRemainOnTheLine-astra\design\astra\evidence\v2_upper_services_01\services_01/5B_mirror_closed.png
[V2 UPPER SERVICES TIMING] stage=F05_5B_MIRROR_01_open elapsed=16.306 remaining=37.694
[V2 UPPER SERVICES BUDGET] stage=F05_5B_MIRROR_01_open outstanding=30 reserve=12.500 slack=25.190
[V2 UPPER SERVICES CAPTURE] 5/34 label=5B_mirror_open elapsed=16.613 path=C:\PleaseRemainOnTheLine-astra\design\astra\evidence\v2_upper_services_01\services_01/5B_mirror_open.png
[V2 UPPER SERVICES TIMING] stage=F05_5C_MIRROR_01_closed elapsed=17.348 remaining=36.652
[V2 UPPER SERVICES BUDGET] stage=F05_5C_MIRROR_01_closed outstanding=29 reserve=12.150 slack=24.498
[V2 UPPER SERVICES CAPTURE] 6/34 label=5C_mirror_closed elapsed=17.657 path=C:\PleaseRemainOnTheLine-astra\design\astra\evidence\v2_upper_services_01\services_01/5C_mirror_closed.png
[V2 UPPER SERVICES TIMING] stage=F05_5C_MIRROR_01_open elapsed=18.387 remaining=35.613
[V2 UPPER SERVICES BUDGET] stage=F05_5C_MIRROR_01_open outstanding=28 reserve=11.800 slack=23.808
[V2 UPPER SERVICES CAPTURE] 7/34 label=5C_mirror_open elapsed=18.709 path=C:\PleaseRemainOnTheLine-astra\design\astra\evidence\v2_upper_services_01\services_01/5C_mirror_open.png
[V2 UPPER SERVICES TIMING] stage=F06_6A_TOASTER_01_installed elapsed=19.429 remaining=34.571
[V2 UPPER SERVICES BUDGET] stage=F06_6A_TOASTER_01_installed outstanding=27 reserve=11.450 slack=23.117
[V2 UPPER SERVICES CAPTURE] 8/34 label=6A_toaster_installed elapsed=19.743 path=C:\PleaseRemainOnTheLine-astra\design\astra\evidence\v2_upper_services_01\services_01/6A_toaster_installed.png
[V2 UPPER SERVICES TIMING] stage=F06_6A_MIRROR_01_closed elapsed=20.469 remaining=33.531
[V2 UPPER SERVICES BUDGET] stage=F06_6A_MIRROR_01_closed outstanding=26 reserve=11.100 slack=22.426
[V2 UPPER SERVICES CAPTURE] 9/34 label=6A_mirror_closed elapsed=20.774 path=C:\PleaseRemainOnTheLine-astra\design\astra\evidence\v2_upper_services_01\services_01/6A_mirror_closed.png
[V2 UPPER SERVICES TIMING] stage=F06_6A_MIRROR_01_open elapsed=21.528 remaining=32.472
[V2 UPPER SERVICES BUDGET] stage=F06_6A_MIRROR_01_open outstanding=25 reserve=10.750 slack=21.721
[V2 UPPER SERVICES CAPTURE] 10/34 label=6A_mirror_open elapsed=21.837 path=C:\PleaseRemainOnTheLine-astra\design\astra\evidence\v2_upper_services_01\services_01/6A_mirror_open.png
[V2 UPPER SERVICES TIMING] stage=F06_6B_TOASTER_01_installed elapsed=22.567 remaining=31.433
[V2 UPPER SERVICES BUDGET] stage=F06_6B_TOASTER_01_installed outstanding=24 reserve=10.400 slack=21.029
[V2 UPPER SERVICES CAPTURE] 11/34 label=6B_toaster_installed elapsed=22.892 path=C:\PleaseRemainOnTheLine-astra\design\astra\evidence\v2_upper_services_01\services_01/6B_toaster_installed.png
[V2 UPPER SERVICES TIMING] stage=F06_6B_MIRROR_01_closed elapsed=23.610 remaining=30.390
[V2 UPPER SERVICES BUDGET] stage=F06_6B_MIRROR_01_closed outstanding=23 reserve=10.050 slack=20.339
[V2 UPPER SERVICES CAPTURE] 12/34 label=6B_mirror_closed elapsed=23.929 path=C:\PleaseRemainOnTheLine-astra\design\astra\evidence\v2_upper_services_01\services_01/6B_mirror_closed.png
[V2 UPPER SERVICES TIMING] stage=F06_6B_MIRROR_01_open elapsed=24.668 remaining=29.332
[V2 UPPER SERVICES BUDGET] stage=F06_6B_MIRROR_01_open outstanding=22 reserve=9.700 slack=19.627
[V2 UPPER SERVICES CAPTURE] 13/34 label=6B_mirror_open elapsed=24.973 path=C:\PleaseRemainOnTheLine-astra\design\astra\evidence\v2_upper_services_01\services_01/6B_mirror_open.png
[V2 UPPER SERVICES TIMING] stage=F06_6C_TOASTER_01_installed elapsed=25.728 remaining=28.272
[V2 UPPER SERVICES BUDGET] stage=F06_6C_TOASTER_01_installed outstanding=21 reserve=9.350 slack=18.921
[V2 UPPER SERVICES CAPTURE] 14/34 label=6C_toaster_installed elapsed=26.027 path=C:\PleaseRemainOnTheLine-astra\design\astra\evidence\v2_upper_services_01\services_01/6C_toaster_installed.png
[V2 UPPER SERVICES TIMING] stage=F06_6C_MIRROR_01_closed elapsed=26.789 remaining=27.211
[V2 UPPER SERVICES BUDGET] stage=F06_6C_MIRROR_01_closed outstanding=20 reserve=9.000 slack=18.210
[V2 UPPER SERVICES CAPTURE] 15/34 label=6C_mirror_closed elapsed=27.125 path=C:\PleaseRemainOnTheLine-astra\design\astra\evidence\v2_upper_services_01\services_01/6C_mirror_closed.png
[V2 UPPER SERVICES TIMING] stage=F06_6C_MIRROR_01_open elapsed=27.850 remaining=26.150
[V2 UPPER SERVICES BUDGET] stage=F06_6C_MIRROR_01_open outstanding=19 reserve=8.650 slack=17.499
[V2 UPPER SERVICES CAPTURE] 16/34 label=6C_mirror_open elapsed=28.203 path=C:\PleaseRemainOnTheLine-astra\design\astra\evidence\v2_upper_services_01\services_01/6C_mirror_open.png
[V2 UPPER SERVICES TIMING] stage=F05_A_RADIATOR_01_installed elapsed=28.908 remaining=25.092
[V2 UPPER SERVICES BUDGET] stage=F05_A_RADIATOR_01_installed outstanding=18 reserve=8.300 slack=16.791
[V2 UPPER SERVICES CAPTURE] 17/34 label=5A_radiator_installed elapsed=29.279 path=C:\PleaseRemainOnTheLine-astra\design\astra\evidence\v2_upper_services_01\services_01/5A_radiator_installed.png
[V2 UPPER SERVICES TIMING] stage=F05_B_RADIATOR_01_installed elapsed=29.950 remaining=24.050
[V2 UPPER SERVICES BUDGET] stage=F05_B_RADIATOR_01_installed outstanding=17 reserve=7.950 slack=16.098
[V2 UPPER SERVICES CAPTURE] 18/34 label=5B_radiator_installed elapsed=30.323 path=C:\PleaseRemainOnTheLine-astra\design\astra\evidence\v2_upper_services_01\services_01/5B_radiator_installed.png
[V2 UPPER SERVICES TIMING] stage=F05_C_RADIATOR_01_installed elapsed=30.993 remaining=23.007
[V2 UPPER SERVICES BUDGET] stage=F05_C_RADIATOR_01_installed outstanding=16 reserve=7.600 slack=15.405
[V2 UPPER SERVICES CAPTURE] 19/34 label=5C_radiator_installed elapsed=31.341 path=C:\PleaseRemainOnTheLine-astra\design\astra\evidence\v2_upper_services_01\services_01/5C_radiator_installed.png
[V2 UPPER SERVICES TIMING] stage=F06_A_RADIATOR_01_installed elapsed=32.050 remaining=21.950
[V2 UPPER SERVICES BUDGET] stage=F06_A_RADIATOR_01_installed outstanding=15 reserve=7.250 slack=14.698
[V2 UPPER SERVICES CAPTURE] 20/34 label=6A_radiator_installed elapsed=32.419 path=C:\PleaseRemainOnTheLine-astra\design\astra\evidence\v2_upper_services_01\services_01/6A_radiator_installed.png
[V2 UPPER SERVICES TIMING] stage=F06_B_RADIATOR_01_installed elapsed=33.094 remaining=20.906
[V2 UPPER SERVICES BUDGET] stage=F06_B_RADIATOR_01_installed outstanding=14 reserve=6.900 slack=14.005
[V2 UPPER SERVICES CAPTURE] 21/34 label=6B_radiator_installed elapsed=33.465 path=C:\PleaseRemainOnTheLine-astra\design\astra\evidence\v2_upper_services_01\services_01/6B_radiator_installed.png
[V2 UPPER SERVICES TIMING] stage=F06_C_RADIATOR_01_installed elapsed=34.153 remaining=19.847
[V2 UPPER SERVICES BUDGET] stage=F06_C_RADIATOR_01_installed outstanding=13 reserve=6.550 slack=13.293
[V2 UPPER SERVICES CAPTURE] 22/34 label=6C_radiator_installed elapsed=34.516 path=C:\PleaseRemainOnTheLine-astra\design\astra\evidence\v2_upper_services_01\services_01/6C_radiator_installed.png
[V2 UPPER SERVICES TIMING] stage=5A_sink_details elapsed=35.009 remaining=18.991
[V2 UPPER SERVICES BUDGET] stage=5A_sink_details outstanding=12 reserve=6.200 slack=12.789
[V2 UPPER SERVICES CAPTURE] 23/34 label=5A_sink_details elapsed=35.341 path=C:\PleaseRemainOnTheLine-astra\design\astra\evidence\v2_upper_services_01\services_01/5A_sink_details.png
[V2 UPPER SERVICES TIMING] stage=5A_toilet_roll elapsed=35.871 remaining=18.129
[V2 UPPER SERVICES BUDGET] stage=5A_toilet_roll outstanding=11 reserve=5.850 slack=12.278
[V2 UPPER SERVICES CAPTURE] 24/34 label=5A_toilet_roll elapsed=36.204 path=C:\PleaseRemainOnTheLine-astra\design\astra\evidence\v2_upper_services_01\services_01/5A_toilet_roll.png
[V2 UPPER SERVICES TIMING] stage=5B_sink_details elapsed=36.712 remaining=17.288
[V2 UPPER SERVICES BUDGET] stage=5B_sink_details outstanding=10 reserve=5.500 slack=11.787
[V2 UPPER SERVICES CAPTURE] 25/34 label=5B_sink_details elapsed=37.005 path=C:\PleaseRemainOnTheLine-astra\design\astra\evidence\v2_upper_services_01\services_01/5B_sink_details.png
[V2 UPPER SERVICES TIMING] stage=5B_toilet_roll elapsed=37.555 remaining=16.445
[V2 UPPER SERVICES BUDGET] stage=5B_toilet_roll outstanding=9 reserve=5.150 slack=11.294
[V2 UPPER SERVICES CAPTURE] 26/34 label=5B_toilet_roll elapsed=37.873 path=C:\PleaseRemainOnTheLine-astra\design\astra\evidence\v2_upper_services_01\services_01/5B_toilet_roll.png
[V2 UPPER SERVICES TIMING] stage=5C_sink_details elapsed=38.394 remaining=15.606
[V2 UPPER SERVICES BUDGET] stage=5C_sink_details outstanding=8 reserve=4.800 slack=10.798
[V2 UPPER SERVICES CAPTURE] 27/34 label=5C_sink_details elapsed=38.729 path=C:\PleaseRemainOnTheLine-astra\design\astra\evidence\v2_upper_services_01\services_01/5C_sink_details.png
[V2 UPPER SERVICES TIMING] stage=5C_toilet_roll elapsed=39.252 remaining=14.748
[V2 UPPER SERVICES BUDGET] stage=5C_toilet_roll outstanding=7 reserve=4.450 slack=10.293
[V2 UPPER SERVICES CAPTURE] 28/34 label=5C_toilet_roll elapsed=39.580 path=C:\PleaseRemainOnTheLine-astra\design\astra\evidence\v2_upper_services_01\services_01/5C_toilet_roll.png
[V2 UPPER SERVICES TIMING] stage=6A_sink_details elapsed=40.091 remaining=13.909
[V2 UPPER SERVICES BUDGET] stage=6A_sink_details outstanding=6 reserve=4.100 slack=9.808
[V2 UPPER SERVICES CAPTURE] 29/34 label=6A_sink_details elapsed=40.419 path=C:\PleaseRemainOnTheLine-astra\design\astra\evidence\v2_upper_services_01\services_01/6A_sink_details.png
[V2 UPPER SERVICES TIMING] stage=6A_toilet_roll elapsed=40.951 remaining=13.049
[V2 UPPER SERVICES BUDGET] stage=6A_toilet_roll outstanding=5 reserve=3.750 slack=9.298
[V2 UPPER SERVICES CAPTURE] 30/34 label=6A_toilet_roll elapsed=41.280 path=C:\PleaseRemainOnTheLine-astra\design\astra\evidence\v2_upper_services_01\services_01/6A_toilet_roll.png
[V2 UPPER SERVICES TIMING] stage=6B_sink_details elapsed=41.794 remaining=12.206
[V2 UPPER SERVICES BUDGET] stage=6B_sink_details outstanding=4 reserve=3.400 slack=8.805
[V2 UPPER SERVICES CAPTURE] 31/34 label=6B_sink_details elapsed=42.130 path=C:\PleaseRemainOnTheLine-astra\design\astra\evidence\v2_upper_services_01\services_01/6B_sink_details.png
[V2 UPPER SERVICES TIMING] stage=6B_toilet_roll elapsed=42.652 remaining=11.348
[V2 UPPER SERVICES BUDGET] stage=6B_toilet_roll outstanding=3 reserve=3.050 slack=8.296
[V2 UPPER SERVICES CAPTURE] 32/34 label=6B_toilet_roll elapsed=42.979 path=C:\PleaseRemainOnTheLine-astra\design\astra\evidence\v2_upper_services_01\services_01/6B_toilet_roll.png
[V2 UPPER SERVICES TIMING] stage=6C_sink_details elapsed=43.494 remaining=10.506
[V2 UPPER SERVICES BUDGET] stage=6C_sink_details outstanding=2 reserve=2.700 slack=7.805
[V2 UPPER SERVICES CAPTURE] 33/34 label=6C_sink_details elapsed=43.829 path=C:\PleaseRemainOnTheLine-astra\design\astra\evidence\v2_upper_services_01\services_01/6C_sink_details.png
[V2 UPPER SERVICES TIMING] stage=6C_toilet_roll elapsed=44.354 remaining=9.646
[V2 UPPER SERVICES BUDGET] stage=6C_toilet_roll outstanding=1 reserve=2.350 slack=7.291
[V2 UPPER SERVICES CAPTURE] 34/34 label=6C_toilet_roll elapsed=44.688 path=C:\PleaseRemainOnTheLine-astra\design\astra\evidence\v2_upper_services_01\services_01/6C_toilet_roll.png
[V2 UPPER SERVICES TIMING] stage=finish elapsed=44.689 remaining=9.311
[V2 UPPER SERVICES BUDGET] stage=finish outstanding=0 reserve=2.000 slack=7.310
[V2 UPPER SERVICES] RESULT: PASS captures=34 expected=34 elapsed=44.691
