C:\PleaseRemainOnTheLine\tmp\v2-finish-review\photo-cameras-stage\art\blender\scripts\build_photo_cameras.py:45: DeprecationWarning: 'Material.use_nodes' is expected to be removed in Blender 6.0
  mat=bpy.data.materials.new(key);mat.use_nodes=True;materials[key]=mat
Info: Saved as "photo_cameras.blend"
INFO Draco is available, use library at C:\Program Files\Blender Foundation\Blender 5.2\5.2\scripts\addons_core\io_scene_gltf2\bf_intern_draco_bridge.dll
INFO MeshOptimizer is available, use library at C:\Program Files\Blender Foundation\Blender 5.2\5.2\scripts\addons_core\io_scene_gltf2\bf_intern_meshopt_bridge.dll
20:36:33 | INFO: Starting glTF 2.0 export
20:36:33 | INFO: Extracting primitive: storm_shop_photo_supplies_camera_body0__bakelite_black
20:36:33 | INFO: Primitives created: 1
20:36:33 | INFO: Extracting primitive: storm_shop_photo_supplies_camera_body0__brass_dull
20:36:33 | INFO: Primitives created: 1
20:36:33 | INFO: Extracting primitive: storm_shop_photo_supplies_camera_body1__bakelite_black
20:36:33 | INFO: Primitives created: 1
20:36:33 | INFO: Extracting primitive: storm_shop_photo_supplies_camera_body1__brass_dull
20:36:33 | INFO: Primitives created: 1
20:36:33 | INFO: Extracting primitive: storm_shop_photo_supplies_camera_body2__bakelite_black
20:36:33 | INFO: Primitives created: 1
20:36:33 | INFO: Extracting primitive: storm_shop_photo_supplies_camera_body2__brass_dull
20:36:33 | INFO: Primitives created: 1
20:36:33 | INFO: Extracting primitive: storm_shop_photo_supplies_window_plinth__plywood
20:36:33 | INFO: Primitives created: 1
20:36:33 | INFO: Extracting primitive: storm_shop_photo_supplies_window_plinth__timber
20:36:33 | INFO: Primitives created: 1
20:36:33 | INFO: Finished glTF 2.0 export in 0.02780294418334961 s

PHOTO CAMERAS 8 original records; 4 assemblies; 50 closed stocks; 8 parts; 10016 triangles; 7 foot contacts
Blender 5.2.0 LTS (hash fbe6228777e7 built 2026-07-14 01:35:40)

Blender quit
