Godot Engine v4.7.1.stable.official.a13da4feb - https://godotengine.org
Vulkan 1.4.341 - Forward+ - Using Device #0: NVIDIA - NVIDIA GeForce RTX 4080

[ACOUSTIC] 550 nodes loaded
ORISON V2 BLOCKOUT: 200 spaces / 111 doors / 1104 anchors
[V2 FRONT COURT ROOF] three seated girders; retained roof slabs; mapped exterior concrete
[V2 BODEGA POWER] independent inlet; four existing fittings; 20 bearings
[SURFACE] 744 surfaces layered (338 materials)
[PASSAGE HOURS] OPEN; 10 grilles folded
[PASSAGE HOURS] 11 shopfronts, 10 close after 02:00, HARDWARE PAINT keeps night service
[PASSAGE FINISH] 6 gated draws, 3 handcarts, hours active
[V2 PASSAGE] 13 resident cells; 11 doors; 1 shared-service counters
[SURFACE] 170 surfaces layered (81 materials)
[HARUKIYA] 9 interactables placed
[ARCADE] 2 cabinet(s) from a catalog of 12: SOMETHING IN THE HALL (mystery_serial), OPERATIONS (farm_and_market)
[ARCADE] all of them are running arcade_pit
[V2 BAR] retained cell; 29 registered markers; 3 doors
[V2 FRONT FACADE] native entrance, original landmark hardware, glazed marquee and fitted blade
[SCHEDULE] director live: 18 residents on the clock
[MOVES] personal library: res://assets/characters/mina_vale/mina_vale_moves.glb
SOURCE PARAPET MATERIAL ROOF_PARAPET_EAST brick 
SOURCE PARAPET MATERIAL ROOF_PARAPET_NORTH brick 
SOURCE PARAPET MATERIAL ROOF_PARAPET_SOUTH brick 
SOURCE PARAPET MATERIAL ROOF_PARAPET_WEST brick 
[ORISON V2 RUNTIME] ready startup_ms=26492.758
[LIGHTING] 207 sources active in system; 207 full personalities; profiles steady/breathe/mains/beat/dropout=[50, 45, 36, 42, 34]
CAP MAPPING: mesh=photo_cameras_storm_shop_photo_supplies_camera_body0__bakelite_black valid_basis=true max_uv_excess=0.00000007683411 widest=1.00007746029749 vertices=2310 derivatives=true bad_derivatives=0 min_determinant=0.00000046262778 worst_dot=0.99999988079071
CAP MAPPING: mesh=photo_cameras_storm_shop_photo_supplies_camera_body0__brass_dull valid_basis=true max_uv_excess=0.00000007636845 widest=1.00016986487261 vertices=3388 derivatives=true bad_derivatives=0 min_determinant=0.00000011567019 worst_dot=0.99999988079071
CAP MAPPING: mesh=photo_cameras_storm_shop_photo_supplies_camera_body1__bakelite_black valid_basis=true max_uv_excess=0.00000006146729 widest=1.00004877724419 vertices=1908 derivatives=true bad_derivatives=0 min_determinant=0.00000046261834 worst_dot=0.99999988079071
CAP MAPPING: mesh=photo_cameras_storm_shop_photo_supplies_camera_body1__brass_dull valid_basis=true max_uv_excess=0.00000008288771 widest=1.00001406224776 vertices=1888 derivatives=true bad_derivatives=0 min_determinant=0.00000142495992 worst_dot=0.99999988079071
CAP MAPPING: mesh=photo_cameras_storm_shop_photo_supplies_camera_body2__bakelite_black valid_basis=true max_uv_excess=0.00000008579809 widest=1.00012135352606 vertices=2818 derivatives=true bad_derivatives=0 min_determinant=0.00000011566769 worst_dot=0.99999988079071
CAP MAPPING: mesh=photo_cameras_storm_shop_photo_supplies_camera_body2__brass_dull valid_basis=true max_uv_excess=0.00000007351628 widest=1.00017496098816 vertices=3900 derivatives=true bad_derivatives=0 min_determinant=0.00000011563898 worst_dot=0.99999988079071
CAP MAPPING: mesh=photo_cameras_storm_shop_photo_supplies_window_plinth__plywood valid_basis=true max_uv_excess=0.00000023841858 widest=1.00019232378821 vertices=526 derivatives=true bad_derivatives=0 min_determinant=0.00000011563134 worst_dot=0.99999982118607
CAP MAPPING: mesh=photo_cameras_storm_shop_photo_supplies_window_plinth__timber valid_basis=true max_uv_excess=0.00000023841858 widest=1.00021736746101 vertices=6112 derivatives=true bad_derivatives=0 min_determinant=0.00000011563353 worst_dot=0.99999982118607
[HARUKIYA] OPEN, 18 fixtures
PHOTO CAMERAS: checks=180 parts=8 triangles=10016 removed=96 supports=7 failures=0
