Godot Engine v4.7.1.stable.official.a13da4feb - https://godotengine.org
Vulkan 1.4.341 - Forward+ - Using Device #0: NVIDIA - NVIDIA GeForce RTX 4080

[ACOUSTIC] 550 nodes loaded
[V2 BOOKSHELVES TIMING] stage=setup elapsed=0.001 remaining=53.999
[V2 BOOKSHELVES BUDGET] stage=setup outstanding=8 reserve=4.800 slack=49.196
ORISON V2 BLOCKOUT: 136 spaces / 65 doors / 733 anchors
[SURFACE] 323 surfaces layered (296 materials)
[PASSAGE HOURS] OPEN; 10 grilles folded
[PASSAGE HOURS] 11 shopfronts, 10 close after 02:00, HARDWARE PAINT keeps night service
[PASSAGE FINISH] 6 gated draws, 3 handcarts, hours active
[V2 PASSAGE] 13 resident cells; 11 doors; 1 shared-service counters
[SCHEDULE] director live: 18 residents on the clock
[MOVES] personal library: res://assets/characters/mina_vale/mina_vale_moves.glb
[ORISON V2 RUNTIME] ready startup_ms=9786.681
[LIGHTING] 133 sources active in system; 133 full personalities; profiles steady/breathe/mains/beat/dropout=[30, 25, 28, 28, 22]
[V2 BOOKSHELVES TIMING] stage=F02_2A_BOOKSHELF_01 elapsed=10.390 remaining=43.610
[V2 BOOKSHELVES BUDGET] stage=F02_2A_BOOKSHELF_01 outstanding=8 reserve=4.800 slack=38.809
[V2 BOOKSHELVES CAPTURE] 1/8 label=F02_2A_BOOKSHELF_01 elapsed=10.737 path=C:\PleaseRemainOnTheLine-astra\design\astra\evidence\v2_bookshelves_01\shelves_01/F02_2A_BOOKSHELF_01.png
[V2 BOOKSHELVES TIMING] stage=F03_3A_BOOKSHELF_01 elapsed=12.246 remaining=41.754
[V2 BOOKSHELVES BUDGET] stage=F03_3A_BOOKSHELF_01 outstanding=7 reserve=4.450 slack=37.302
[V2 BOOKSHELVES CAPTURE] 2/8 label=F03_3A_BOOKSHELF_01 elapsed=12.573 path=C:\PleaseRemainOnTheLine-astra\design\astra\evidence\v2_bookshelves_01\shelves_01/F03_3A_BOOKSHELF_01.png
[V2 BOOKSHELVES TIMING] stage=F04_4A_BOOKSHELF_01 elapsed=14.104 remaining=39.896
[V2 BOOKSHELVES BUDGET] stage=F04_4A_BOOKSHELF_01 outstanding=6 reserve=4.100 slack=35.791
[V2 BOOKSHELVES CAPTURE] 3/8 label=F04_4A_BOOKSHELF_01 elapsed=14.396 path=C:\PleaseRemainOnTheLine-astra\design\astra\evidence\v2_bookshelves_01\shelves_01/F04_4A_BOOKSHELF_01.png
[V2 BOOKSHELVES TIMING] stage=F05_5A_BOOKSHELF_01 elapsed=15.968 remaining=38.032
[V2 BOOKSHELVES BUDGET] stage=F05_5A_BOOKSHELF_01 outstanding=5 reserve=3.750 slack=34.281
[V2 BOOKSHELVES CAPTURE] 4/8 label=F05_5A_BOOKSHELF_01 elapsed=16.308 path=C:\PleaseRemainOnTheLine-astra\design\astra\evidence\v2_bookshelves_01\shelves_01/F05_5A_BOOKSHELF_01.png
[V2 BOOKSHELVES TIMING] stage=F05_5C_BOOKSHELF_01 elapsed=17.825 remaining=36.175
[V2 BOOKSHELVES BUDGET] stage=F05_5C_BOOKSHELF_01 outstanding=4 reserve=3.400 slack=32.771
[V2 BOOKSHELVES CAPTURE] 5/8 label=F05_5C_BOOKSHELF_01 elapsed=18.138 path=C:\PleaseRemainOnTheLine-astra\design\astra\evidence\v2_bookshelves_01\shelves_01/F05_5C_BOOKSHELF_01.png
[V2 BOOKSHELVES TIMING] stage=F06_6A_BOOKSHELF_01 elapsed=19.689 remaining=34.311
[V2 BOOKSHELVES BUDGET] stage=F06_6A_BOOKSHELF_01 outstanding=3 reserve=3.050 slack=31.260
[V2 BOOKSHELVES CAPTURE] 6/8 label=F06_6A_BOOKSHELF_01 elapsed=20.017 path=C:\PleaseRemainOnTheLine-astra\design\astra\evidence\v2_bookshelves_01\shelves_01/F06_6A_BOOKSHELF_01.png
[V2 BOOKSHELVES TIMING] stage=F06_6B_BOOKSHELF_01 elapsed=21.529 remaining=32.471
[V2 BOOKSHELVES BUDGET] stage=F06_6B_BOOKSHELF_01 outstanding=2 reserve=2.700 slack=29.766
[V2 BOOKSHELVES CAPTURE] 7/8 label=F06_6B_BOOKSHELF_01 elapsed=21.851 path=C:\PleaseRemainOnTheLine-astra\design\astra\evidence\v2_bookshelves_01\shelves_01/F06_6B_BOOKSHELF_01.png
[V2 BOOKSHELVES TIMING] stage=F06_6C_BOOKSHELF_01 elapsed=23.388 remaining=30.612
[V2 BOOKSHELVES BUDGET] stage=F06_6C_BOOKSHELF_01 outstanding=1 reserve=2.350 slack=28.261
[V2 BOOKSHELVES CAPTURE] 8/8 label=F06_6C_BOOKSHELF_01 elapsed=23.665 path=C:\PleaseRemainOnTheLine-astra\design\astra\evidence\v2_bookshelves_01\shelves_01/F06_6C_BOOKSHELF_01.png
[V2 BOOKSHELVES TIMING] stage=finish elapsed=23.670 remaining=30.330
[V2 BOOKSHELVES BUDGET] stage=finish outstanding=0 reserve=2.000 slack=28.330
[V2 BOOKSHELVES] RESULT: PASS captures=8 expected=8 elapsed=23.671
