ERROR: same retained floor/capsule radio counter/display observation: display_from_entry_interior
   at: push_error (core/variant/variant_utility.cpp:1023)
   GDScript backtrace (most recent call first):
       [0] check (res://tests/orison_v2_floor_surface_test.gd:5)
       [1] check (res://tests/orison_v2_ventilation_throat_test.gd:9)
       [2] _retail_detail_views (res://tests/orison_v2_radio_display_test.gd:154)
       [3] shot (res://tests/orison_v2_floor_surface_test.gd:199)
ERROR: same retained floor/capsule radio counter/display observation: horn_open_mouth_interior
   at: push_error (core/variant/variant_utility.cpp:1023)
   GDScript backtrace (most recent call first):
       [0] check (res://tests/orison_v2_floor_surface_test.gd:5)
       [1] check (res://tests/orison_v2_ventilation_throat_test.gd:9)
       [2] _retail_detail_views (res://tests/orison_v2_radio_display_test.gd:154)
       [3] shot (res://tests/orison_v2_floor_surface_test.gd:199)
ERROR: same retained floor/capsule radio counter/display observation: passive_textile_cone_interior
   at: push_error (core/variant/variant_utility.cpp:1023)
   GDScript backtrace (most recent call first):
       [0] check (res://tests/orison_v2_floor_surface_test.gd:5)
       [1] check (res://tests/orison_v2_ventilation_throat_test.gd:9)
       [2] _retail_detail_views (res://tests/orison_v2_radio_display_test.gd:154)
       [3] shot (res://tests/orison_v2_floor_surface_test.gd:199)
ERROR: same retained floor/capsule radio counter/display observation: counter_floor_posts_interior
   at: push_error (core/variant/variant_utility.cpp:1023)
   GDScript backtrace (most recent call first):
       [0] check (res://tests/orison_v2_floor_surface_test.gd:5)
       [1] check (res://tests/orison_v2_ventilation_throat_test.gd:9)
       [2] _retail_detail_views (res://tests/orison_v2_radio_display_test.gd:154)
       [3] shot (res://tests/orison_v2_floor_surface_test.gd:199)
ERROR: same retained floor/capsule radio counter/display observation: native_display_bearings_interior
   at: push_error (core/variant/variant_utility.cpp:1023)
   GDScript backtrace (most recent call first):
       [0] check (res://tests/orison_v2_floor_surface_test.gd:5)
       [1] check (res://tests/orison_v2_ventilation_throat_test.gd:9)
       [2] _retail_detail_views (res://tests/orison_v2_radio_display_test.gd:154)
       [3] shot (res://tests/orison_v2_floor_surface_test.gd:199)
ERROR: same retained floor/capsule radio counter/display observation: seated_counter_ledger_interior
   at: push_error (core/variant/variant_utility.cpp:1023)
   GDScript backtrace (most recent call first):
       [0] check (res://tests/orison_v2_floor_surface_test.gd:5)
       [1] check (res://tests/orison_v2_ventilation_throat_test.gd:9)
       [2] _retail_detail_views (res://tests/orison_v2_radio_display_test.gd:154)
       [3] shot (res://tests/orison_v2_floor_surface_test.gd:199)
