00:00.047  reports          | WARNING Unable to open 'C:\Users\nate_\AppData\Roaming\Blender Foundation\Blender\5.2\config\userpref.blend': Permission denied
Blender 5.2.0 LTS (hash fbe6228777e7 built 2026-07-14 01:35:40)
C:\PleaseRemainOnTheLine\tmp\v2-finish-review\radio-display-stage\art\blender\scripts\build_radio_display.py:48: DeprecationWarning: 'Material.use_nodes' is expected to be removed in Blender 6.0
  mat=bpy.data.materials.new(key);mat.use_nodes=True;materials[key]=mat
Extensions: writing cache failed ([WinError 183] Cannot create a file when that file already exists: 'C:\\Users\\nate_\\AppData\\Roaming\\Blender Foundation\\Blender\\5.2\\extensions\\.cache').
Info: Saved as "radio_display.blend"
INFO Draco is available, use library at C:\Program Files\Blender Foundation\Blender 5.2\5.2\scripts\addons_core\io_scene_gltf2\bf_intern_draco_bridge.dll
INFO MeshOptimizer is available, use library at C:\Program Files\Blender Foundation\Blender 5.2\5.2\scripts\addons_core\io_scene_gltf2\bf_intern_meshopt_bridge.dll
12:53:55 | INFO: Starting glTF 2.0 export
12:53:55 | INFO: Extracting primitive: storm_shop_radio_service_counter__brass_dull
12:53:55 | INFO: Primitives created: 1
12:53:55 | INFO: Extracting primitive: storm_shop_radio_service_counter__cast_iron
12:53:55 | INFO: Primitives created: 1
12:53:55 | INFO: Extracting primitive: storm_shop_radio_service_counter__countertop
12:53:55 | INFO: Primitives created: 1
12:53:55 | INFO: Extracting primitive: storm_shop_radio_service_counter__fabric_warm
12:53:55 | INFO: Primitives created: 1
12:53:55 | INFO: Extracting primitive: storm_shop_radio_service_counter__paper
12:53:55 | INFO: Primitives created: 1
12:53:55 | INFO: Extracting primitive: storm_shop_radio_service_counter__wood_dark
12:53:55 | INFO: Primitives created: 1
12:53:55 | INFO: Finished glTF 2.0 export in 0.027049541473388672 s

RADIO DISPLAY 6 original records; 1 assemblies; 29 closed stocks; 6 parts; 10204 triangles; 4 floor/instrument contacts

Blender quit
