Godot Engine v4.7.1.stable.official.a13da4feb - https://godotengine.org
Vulkan 1.4.341 - Forward+ - Using Device #0: NVIDIA - NVIDIA GeForce RTX 4080

[ACOUSTIC] 550 nodes loaded
ORISON V2 BLOCKOUT: 200 spaces / 111 doors / 1104 anchors
[V2 FRONT COURT ROOF] three seated girders; retained roof slabs; mapped exterior concrete
[V2 BODEGA POWER] independent inlet; four existing fittings; 20 bearings
[SURFACE] 1153 surfaces layered (405 materials)
[PASSAGE HOURS] OPEN; 10 grilles folded
[PASSAGE HOURS] 11 shopfronts, 10 close after 02:00, HARDWARE PAINT keeps night service
[PASSAGE FINISH] 6 gated draws, 3 handcarts, hours active
[V2 PASSAGE] 13 resident cells; 11 doors; 1 shared-service counters
[SURFACE] 170 surfaces layered (81 materials)
[HARUKIYA] 9 interactables placed
[ARCADE] 2 cabinet(s) from a catalog of 12: SOMETHING IN THE HALL (mystery_serial), OPERATIONS (farm_and_market)
[ARCADE] all of them are running arcade_pit
[V2 BAR] retained cell; 29 registered markers; 3 doors
[V2 FRONT FACADE] native entrance, original landmark hardware, glazed marquee and fitted blade
[SCHEDULE] director live: 18 residents on the clock
[MOVES] personal library: res://assets/characters/mina_vale/mina_vale_moves.glb
SOURCE PARAPET MATERIAL ROOF_PARAPET_EAST brick 
SOURCE PARAPET MATERIAL ROOF_PARAPET_NORTH brick 
SOURCE PARAPET MATERIAL ROOF_PARAPET_SOUTH brick 
SOURCE PARAPET MATERIAL ROOF_PARAPET_WEST brick 
[ORISON V2 RUNTIME] ready startup_ms=27243.670
[LIGHTING] 207 sources active in system; 207 full personalities; profiles steady/breathe/mains/beat/dropout=[50, 45, 36, 42, 34]
CAP MAPPING: mesh=radio_display_storm_shop_radio_service_counter__brass_dull valid_basis=true max_uv_excess=0.00000008754432 widest=1.00002212457937 vertices=7332 derivatives=true bad_derivatives=0 min_determinant=0.00002459091032 worst_dot=0.99999988079071
CAP MAPPING: mesh=radio_display_storm_shop_radio_service_counter__cast_iron valid_basis=true max_uv_excess=0.00000006519258 widest=1.00007780888894 vertices=3454 derivatives=true bad_derivatives=0 min_determinant=0.00000046259364 worst_dot=0.99999988079071
CAP MAPPING: mesh=radio_display_storm_shop_radio_service_counter__countertop valid_basis=true max_uv_excess=0.00000023841858 widest=1.0000615813496 vertices=510 derivatives=true bad_derivatives=0 min_determinant=0.00000104093809 worst_dot=0.99999988079071
CAP MAPPING: mesh=radio_display_storm_shop_radio_service_counter__fabric_warm valid_basis=true max_uv_excess=0.0000000828295 widest=1.00012658627593 vertices=3496 derivatives=true bad_derivatives=0 min_determinant=0.00000392387856 worst_dot=0.99999988079071
CAP MAPPING: mesh=radio_display_storm_shop_radio_service_counter__paper valid_basis=true max_uv_excess=0.00000008579809 widest=1.0001730027252 vertices=520 derivatives=true bad_derivatives=0 min_determinant=0.00000011567019 worst_dot=0.99999988079071
CAP MAPPING: mesh=radio_display_storm_shop_radio_service_counter__wood_dark valid_basis=true max_uv_excess=0.0000001215376 widest=1.00012223954635 vertices=9151 derivatives=true bad_derivatives=0 min_determinant=0.00000046262126 worst_dot=0.99999982118607
[HARUKIYA] OPEN, 18 fixtures
RADIO DISPLAY: checks=166 parts=6 triangles=10204 removed=72 supports=4 failures=0
