00:00.047  reports          | WARNING Unable to open 'C:\Users\nate_\AppData\Roaming\Blender Foundation\Blender\5.2\config\userpref.blend': Permission denied
Blender 5.2.0 LTS (hash fbe6228777e7 built 2026-07-14 01:35:40)
00:01.578  blend            | Read blend: "C:\PleaseRemainOnTheLine\art\blender\radio_display.blend"
C:\PleaseRemainOnTheLine\art\blender\scripts\inspect_radio_display.py:53: DeprecationWarning: 'World.use_nodes' is expected to be removed in Blender 6.0
  scene.world=bpy.data.worlds.new('Inspection');scene.world.use_nodes=True;scene.world.node_tree.nodes['Background'].inputs[0].default_value=(.5,.55,.6,1);scene.world.node_tree.nodes['Background'].inputs[1].default_value=.7
13:09:03 | INFO: Data are loaded, start creating Blender stuff
13:09:03 | INFO: Blender create Mesh node F01_OWN_SHOP_RADIO_SERVICE_retail_shop_radio_service_appliance-col
13:09:03 | INFO: Blender create Mesh node F01_OWN_SHOP_RADIO_SERVICE_retail_shop_radio_service_awning_vinyl-col
13:09:03 | INFO: Blender create Mesh node F01_OWN_SHOP_RADIO_SERVICE_retail_shop_radio_service_bakelite
13:09:03 | INFO: Blender create Mesh node F01_OWN_SHOP_RADIO_SERVICE_retail_shop_radio_service_bakelite_black
13:09:03 | INFO: Blender create Mesh node F01_OWN_SHOP_RADIO_SERVICE_retail_shop_radio_service_bakelite_black-col
13:09:03 | INFO: Blender create Mesh node F01_OWN_SHOP_RADIO_SERVICE_retail_shop_radio_service_brass
13:09:03 | INFO: Blender create Mesh node F01_OWN_SHOP_RADIO_SERVICE_retail_shop_radio_service_brass_bright-col
13:09:03 | INFO: Blender create Mesh node F01_OWN_SHOP_RADIO_SERVICE_retail_shop_radio_service_brass_dull-col
13:09:03 | INFO: Blender create Mesh node F01_OWN_SHOP_RADIO_SERVICE_retail_shop_radio_service_cast_iron-col
13:09:03 | INFO: Blender create Mesh node F01_OWN_SHOP_RADIO_SERVICE_retail_shop_radio_service_chrome
13:09:03 | INFO: Blender create Mesh node F01_OWN_SHOP_RADIO_SERVICE_retail_shop_radio_service_concrete-col
13:09:03 | INFO: Blender create Mesh node F01_OWN_SHOP_RADIO_SERVICE_retail_shop_radio_service_copper_aged-col
13:09:03 | INFO: Blender create Mesh node F01_OWN_SHOP_RADIO_SERVICE_retail_shop_radio_service_countertop-col
13:09:03 | INFO: Blender create Mesh node F01_OWN_SHOP_RADIO_SERVICE_retail_shop_radio_service_enamel
13:09:03 | INFO: Blender create Mesh node F01_OWN_SHOP_RADIO_SERVICE_retail_shop_radio_service_fabric_warm-col
13:09:03 | INFO: Blender create Mesh node F01_OWN_SHOP_RADIO_SERVICE_retail_shop_radio_service_fx_shadow
13:09:03 | INFO: Blender create Mesh node F01_OWN_SHOP_RADIO_SERVICE_retail_shop_radio_service_glassish-col
13:09:03 | INFO: Blender create Mesh node F01_OWN_SHOP_RADIO_SERVICE_retail_shop_radio_service_hull-colonly
13:09:03 | INFO: Blender create Mesh node F01_OWN_SHOP_RADIO_SERVICE_retail_shop_radio_service_linoleum-col
13:09:03 | INFO: Blender create Mesh node F01_OWN_SHOP_RADIO_SERVICE_retail_shop_radio_service_metal-col
13:09:03 | INFO: Blender create Mesh node F01_OWN_SHOP_RADIO_SERVICE_retail_shop_radio_service_milk_glass
13:09:03 | INFO: Blender create Mesh node F01_OWN_SHOP_RADIO_SERVICE_retail_shop_radio_service_milk_glass-col
13:09:03 | INFO: Blender create Mesh node F01_OWN_SHOP_RADIO_SERVICE_retail_shop_radio_service_nickel_plated-col
13:09:03 | INFO: Blender create Mesh node F01_OWN_SHOP_RADIO_SERVICE_retail_shop_radio_service_paper-col
13:09:03 | INFO: Blender create Mesh node F01_OWN_SHOP_RADIO_SERVICE_retail_shop_radio_service_plaster-col
13:09:03 | INFO: Blender create Mesh node F01_OWN_SHOP_RADIO_SERVICE_retail_shop_radio_service_plaster_stained-col
13:09:03 | INFO: Blender create Mesh node F01_OWN_SHOP_RADIO_SERVICE_retail_shop_radio_service_plywood-col
13:09:03 | INFO: Blender create Mesh node F01_OWN_SHOP_RADIO_SERVICE_retail_shop_radio_service_screen
13:09:03 | INFO: Blender create Mesh node F01_OWN_SHOP_RADIO_SERVICE_retail_shop_radio_service_screen-col
13:09:03 | INFO: Blender create Mesh node F01_OWN_SHOP_RADIO_SERVICE_retail_shop_radio_service_stairwell_teal-col
13:09:03 | INFO: Blender create Mesh node F01_OWN_SHOP_RADIO_SERVICE_retail_shop_radio_service_terracotta
13:09:03 | INFO: Blender create Mesh node F01_OWN_SHOP_RADIO_SERVICE_retail_shop_radio_service_timber-col
13:09:03 | INFO: Blender create Mesh node F01_OWN_SHOP_RADIO_SERVICE_retail_shop_radio_service_trim-col
13:09:03 | INFO: Blender create Mesh node F01_OWN_SHOP_RADIO_SERVICE_retail_shop_radio_service_wainscot-col
13:09:03 | INFO: Blender create Mesh node F01_OWN_SHOP_RADIO_SERVICE_retail_shop_radio_service_wood_dark-col
13:09:03 | INFO: Blender create Mesh node F01_OWN_SHOP_RADIO_SERVICE_wear_fx_scuff
13:09:03 | INFO: glTF import finished in 0.12s
00:04.953  render           | Saved: 'C:\PleaseRemainOnTheLine\tmp\v2-finish-review\radio-display-native\stock_front.png'
00:06.563  render           | Saved: 'C:\PleaseRemainOnTheLine\tmp\v2-finish-review\radio-display-native\stock_rear.png'
00:08.110  render           | Saved: 'C:\PleaseRemainOnTheLine\tmp\v2-finish-review\radio-display-native\stock_side.png'
00:09.750  render           | Saved: 'C:\PleaseRemainOnTheLine\tmp\v2-finish-review\radio-display-native\floor_feet.png'
00:14.063  render           | Saved: 'C:\PleaseRemainOnTheLine\tmp\v2-finish-review\radio-display-native\horn_lip.png'
00:17.094  render           | Saved: 'C:\PleaseRemainOnTheLine\tmp\v2-finish-review\radio-display-native\finite_horn_throat.png'
00:20.922  render           | Saved: 'C:\PleaseRemainOnTheLine\tmp\v2-finish-review\radio-display-native\textile_cone.png'
00:24.500  render           | Saved: 'C:\PleaseRemainOnTheLine\tmp\v2-finish-review\radio-display-native\open_cone_profile.png'
00:27.266  render           | Saved: 'C:\PleaseRemainOnTheLine\tmp\v2-finish-review\radio-display-native\seated_ledger.png'
00:30.938  render           | Saved: 'C:\PleaseRemainOnTheLine\tmp\v2-finish-review\radio-display-native\display_bearings.png'
RADIO DISPLAY NATIVE QA 29 closed connected stocks; 1 joined assembly; 4 retained owner contacts; 10 views

Blender quit
