00:00.047  reports          | WARNING Unable to open 'C:\Users\nate_\AppData\Roaming\Blender Foundation\Blender\5.2\config\userpref.blend': Permission denied
Blender 5.2.0 LTS (hash fbe6228777e7 built 2026-07-14 01:35:40)
00:01.594  blend            | Read blend: "C:\PleaseRemainOnTheLine\tmp\v2-finish-review\radio-display-stage\art\blender\radio_display.blend"
C:\PleaseRemainOnTheLine\tmp\v2-finish-review\radio-display-stage\art\blender\scripts\inspect_radio_display.py:53: DeprecationWarning: 'World.use_nodes' is expected to be removed in Blender 6.0
  scene.world=bpy.data.worlds.new('Inspection');scene.world.use_nodes=True;scene.world.node_tree.nodes['Background'].inputs[0].default_value=(.5,.55,.6,1);scene.world.node_tree.nodes['Background'].inputs[1].default_value=.7
12:49:12 | INFO: Data are loaded, start creating Blender stuff
12:49:12 | INFO: Blender create Mesh node F01_OWN_SHOP_RADIO_SERVICE_retail_shop_radio_service_appliance-col
12:49:12 | INFO: Blender create Mesh node F01_OWN_SHOP_RADIO_SERVICE_retail_shop_radio_service_awning_vinyl-col
12:49:12 | INFO: Blender create Mesh node F01_OWN_SHOP_RADIO_SERVICE_retail_shop_radio_service_bakelite
12:49:12 | INFO: Blender create Mesh node F01_OWN_SHOP_RADIO_SERVICE_retail_shop_radio_service_bakelite_black
12:49:12 | INFO: Blender create Mesh node F01_OWN_SHOP_RADIO_SERVICE_retail_shop_radio_service_bakelite_black-col
12:49:12 | INFO: Blender create Mesh node F01_OWN_SHOP_RADIO_SERVICE_retail_shop_radio_service_brass
12:49:12 | INFO: Blender create Mesh node F01_OWN_SHOP_RADIO_SERVICE_retail_shop_radio_service_brass_bright-col
12:49:12 | INFO: Blender create Mesh node F01_OWN_SHOP_RADIO_SERVICE_retail_shop_radio_service_brass_dull-col
12:49:12 | INFO: Blender create Mesh node F01_OWN_SHOP_RADIO_SERVICE_retail_shop_radio_service_cast_iron-col
12:49:12 | INFO: Blender create Mesh node F01_OWN_SHOP_RADIO_SERVICE_retail_shop_radio_service_chrome
12:49:12 | INFO: Blender create Mesh node F01_OWN_SHOP_RADIO_SERVICE_retail_shop_radio_service_concrete-col
12:49:12 | INFO: Blender create Mesh node F01_OWN_SHOP_RADIO_SERVICE_retail_shop_radio_service_copper_aged-col
12:49:12 | INFO: Blender create Mesh node F01_OWN_SHOP_RADIO_SERVICE_retail_shop_radio_service_countertop-col
12:49:12 | INFO: Blender create Mesh node F01_OWN_SHOP_RADIO_SERVICE_retail_shop_radio_service_enamel
12:49:12 | INFO: Blender create Mesh node F01_OWN_SHOP_RADIO_SERVICE_retail_shop_radio_service_fabric_warm-col
12:49:12 | INFO: Blender create Mesh node F01_OWN_SHOP_RADIO_SERVICE_retail_shop_radio_service_fx_shadow
12:49:12 | INFO: Blender create Mesh node F01_OWN_SHOP_RADIO_SERVICE_retail_shop_radio_service_glassish-col
12:49:12 | INFO: Blender create Mesh node F01_OWN_SHOP_RADIO_SERVICE_retail_shop_radio_service_hull-colonly
12:49:12 | INFO: Blender create Mesh node F01_OWN_SHOP_RADIO_SERVICE_retail_shop_radio_service_linoleum-col
12:49:12 | INFO: Blender create Mesh node F01_OWN_SHOP_RADIO_SERVICE_retail_shop_radio_service_metal-col
12:49:12 | INFO: Blender create Mesh node F01_OWN_SHOP_RADIO_SERVICE_retail_shop_radio_service_milk_glass
12:49:12 | INFO: Blender create Mesh node F01_OWN_SHOP_RADIO_SERVICE_retail_shop_radio_service_milk_glass-col
12:49:12 | INFO: Blender create Mesh node F01_OWN_SHOP_RADIO_SERVICE_retail_shop_radio_service_nickel_plated-col
12:49:12 | INFO: Blender create Mesh node F01_OWN_SHOP_RADIO_SERVICE_retail_shop_radio_service_paper-col
12:49:12 | INFO: Blender create Mesh node F01_OWN_SHOP_RADIO_SERVICE_retail_shop_radio_service_plaster-col
12:49:12 | INFO: Blender create Mesh node F01_OWN_SHOP_RADIO_SERVICE_retail_shop_radio_service_plaster_stained-col
12:49:12 | INFO: Blender create Mesh node F01_OWN_SHOP_RADIO_SERVICE_retail_shop_radio_service_plywood-col
12:49:12 | INFO: Blender create Mesh node F01_OWN_SHOP_RADIO_SERVICE_retail_shop_radio_service_screen
12:49:12 | INFO: Blender create Mesh node F01_OWN_SHOP_RADIO_SERVICE_retail_shop_radio_service_screen-col
12:49:12 | INFO: Blender create Mesh node F01_OWN_SHOP_RADIO_SERVICE_retail_shop_radio_service_stairwell_teal-col
12:49:12 | INFO: Blender create Mesh node F01_OWN_SHOP_RADIO_SERVICE_retail_shop_radio_service_terracotta
12:49:12 | INFO: Blender create Mesh node F01_OWN_SHOP_RADIO_SERVICE_retail_shop_radio_service_timber-col
12:49:12 | INFO: Blender create Mesh node F01_OWN_SHOP_RADIO_SERVICE_retail_shop_radio_service_trim-col
12:49:12 | INFO: Blender create Mesh node F01_OWN_SHOP_RADIO_SERVICE_retail_shop_radio_service_wainscot-col
12:49:12 | INFO: Blender create Mesh node F01_OWN_SHOP_RADIO_SERVICE_retail_shop_radio_service_wood_dark-col
12:49:12 | INFO: Blender create Mesh node F01_OWN_SHOP_RADIO_SERVICE_wear_fx_scuff
12:49:12 | INFO: glTF import finished in 0.12s
Traceback (most recent call last):
  File "C:\PleaseRemainOnTheLine\tmp\v2-finish-review\radio-display-stage\art\blender\scripts\inspect_radio_display.py", line 162, in <module>
    assert not intersections,intersections[:20]
           ^^^^^^^^^^^^^^^^^
AssertionError: [{'native': 'storm_shop_radio_service_counter__countertop', 'context': 'F01_OWN_SHOP_RADIO_SERVICE_retail_shop_radio_service_wainscot-col', 'native_face': 155, 'context_face': 9}, {'native': 'storm_shop_radio_service_counter__countertop', 'context': 'F01_OWN_SHOP_RADIO_SERVICE_retail_shop_radio_service_wainscot-col', 'native_face': 183, 'context_face': 9}, {'native': 'storm_shop_radio_service_counter__countertop', 'context': 'F01_OWN_SHOP_RADIO_SERVICE_retail_shop_radio_service_wainscot-col', 'native_face': 149, 'context_face': 9}, {'native': 'storm_shop_radio_service_counter__countertop', 'context': 'F01_OWN_SHOP_RADIO_SERVICE_retail_shop_radio_service_wainscot-col', 'native_face': 150, 'context_face': 9}, {'native': 'storm_shop_radio_service_counter__countertop', 'context': 'F01_OWN_SHOP_RADIO_SERVICE_retail_shop_radio_service_wainscot-col', 'native_face': 151, 'context_face': 9}, {'native': 'storm_shop_radio_service_counter__countertop', 'context': 'F01_OWN_SHOP_RADIO_SERVICE_retail_shop_radio_service_wainscot-col', 'native_face': 60, 'context_face': 9}, {'native': 'storm_shop_radio_service_counter__countertop', 'context': 'F01_OWN_SHOP_RADIO_SERVICE_retail_shop_radio_service_wainscot-col', 'native_face': 59, 'context_face': 9}, {'native': 'storm_shop_radio_service_counter__countertop', 'context': 'F01_OWN_SHOP_RADIO_SERVICE_retail_shop_radio_service_wainscot-col', 'native_face': 95, 'context_face': 3}, {'native': 'storm_shop_radio_service_counter__countertop', 'context': 'F01_OWN_SHOP_RADIO_SERVICE_retail_shop_radio_service_wainscot-col', 'native_face': 95, 'context_face': 9}, {'native': 'storm_shop_radio_service_counter__countertop', 'context': 'F01_OWN_SHOP_RADIO_SERVICE_retail_shop_radio_service_wainscot-col', 'native_face': 94, 'context_face': 3}, {'native': 'storm_shop_radio_service_counter__countertop', 'context': 'F01_OWN_SHOP_RADIO_SERVICE_retail_shop_radio_service_wainscot-col', 'native_face': 94, 'context_face': 9}, {'native': 'storm_shop_radio_service_counter__countertop', 'context': 'F01_OWN_SHOP_RADIO_SERVICE_retail_shop_radio_service_wainscot-col', 'native_face': 93, 'context_face': 9}, {'native': 'storm_shop_radio_service_counter__countertop', 'context': 'F01_OWN_SHOP_RADIO_SERVICE_retail_shop_radio_service_wainscot-col', 'native_face': 67, 'context_face': 9}, {'native': 'storm_shop_radio_service_counter__countertop', 'context': 'F01_OWN_SHOP_RADIO_SERVICE_retail_shop_radio_service_wainscot-col', 'native_face': 66, 'context_face': 9}, {'native': 'storm_shop_radio_service_counter__countertop', 'context': 'F01_OWN_SHOP_RADIO_SERVICE_retail_shop_radio_service_wainscot-col', 'native_face': 65, 'context_face': 9}, {'native': 'storm_shop_radio_service_counter__countertop', 'context': 'F01_OWN_SHOP_RADIO_SERVICE_retail_shop_radio_service_wainscot-col', 'native_face': 61, 'context_face': 9}, {'native': 'storm_shop_radio_service_counter__countertop', 'context': 'F01_OWN_SHOP_RADIO_SERVICE_retail_shop_radio_service_wainscot-col', 'native_face': 157, 'context_face': 9}, {'native': 'storm_shop_radio_service_counter__countertop', 'context': 'F01_OWN_SHOP_RADIO_SERVICE_retail_shop_radio_service_wainscot-col', 'native_face': 156, 'context_face': 9}, {'native': 'storm_shop_radio_service_counter__countertop', 'context': 'F01_OWN_SHOP_RADIO_SERVICE_retail_shop_radio_service_wainscot-col', 'native_face': 83, 'context_face': 3}, {'native': 'storm_shop_radio_service_counter__countertop', 'context': 'F01_OWN_SHOP_RADIO_SERVICE_retail_shop_radio_service_wainscot-col', 'native_face': 82, 'context_face': 3}]

Error: script failed, file: 'C:/PleaseRemainOnTheLine/tmp/v2-finish-review/radio-display-stage/art/blender/scripts/inspect_radio_display.py', exiting.

Blender quit
