Godot Engine v4.7.1.stable.official.a13da4feb - https://godotengine.org
Vulkan 1.4.341 - Forward+ - Using Device #0: NVIDIA - NVIDIA GeForce RTX 4080

[ACOUSTIC] 550 nodes loaded
ORISON V2 BLOCKOUT: 61 spaces / 26 doors / 87 anchors
[SURFACE] 320 surfaces layered (293 materials)
[PASSAGE HOURS] OPEN; 10 grilles folded
[PASSAGE HOURS] 11 shopfronts, 10 close after 02:00, HARDWARE PAINT keeps night service
[PASSAGE FINISH] 6 gated draws, 3 handcarts, hours active
[V2 PASSAGE] 13 resident cells; 11 doors; 1 shared-service counters
[SCHEDULE] director live: 18 residents on the clock
[ORISON V2 RUNTIME] ready startup_ms=4015.914
[LIGHTING] 54 sources active in system; 54 full personalities; profiles steady/breathe/mains/beat/dropout=[10, 9, 12, 17, 6]
CONNECTED EXTERIOR CHECK: arcade composes in the same production world = true
CONNECTED EXTERIOR CHECK: hardware stock uses initialized shared authorities = true
[SURFACE] 28 surfaces layered (27 materials)
[SURFACE] 47 surfaces layered (46 materials)
[SURFACE] 66 surfaces layered (65 materials)
[SURFACE] 86 surfaces layered (85 materials)
[SURFACE] 108 surfaces layered (107 materials)
[SURFACE] 138 surfaces layered (124 materials)
[SURFACE] 168 surfaces layered (152 materials)
[SURFACE] 198 surfaces layered (180 materials)
[SURFACE] 228 surfaces layered (208 materials)
[SURFACE] 251 surfaces layered (229 materials)
[SURFACE] 280 surfaces layered (258 materials)
[SURFACE] 310 surfaces layered (286 materials)
RESIDENCY_AT_NAVE {"cell_count":13,"load_cycles":1,"peak_activation_ms":2.695,"peak_stage_ms":7.311,"pending_requests":0,"physical_actors_retained":true,"retired_geometry_roots_alive":0,"retired_mesh_resources_alive":0,"stage_records":[{"cell":"shop_model_laundry","fetch_ms":0.003,"instantiate_ms":0.898,"surface_ms":6.41},{"cell":"shop_shoe_rebuilding","fetch_ms":0.005,"instantiate_ms":0.437,"surface_ms":2.611},{"cell":"shop_keys_cut","fetch_ms":0.006,"instantiate_ms":0.927,"surface_ms":2.626},{"cell":"shop_hardware_paint","fetch_ms":0.006,"instantiate_ms":0.786,"surface_ms":3.462},{"cell":"shop_funeral_parlour","fetch_ms":0.005,"instantiate_ms":0.472,"surface_ms":2.665},{"cell":"passage","fetch_ms":0.005,"instantiate_ms":1.013,"surface_ms":2.787},{"cell":"shop_photo_supplies","fetch_ms":0.004,"instantiate_ms":0.486,"surface_ms":3.418},{"cell":"shop_radio_service","fetch_ms":0.005,"instantiate_ms":0.456,"surface_ms":3.591},{"cell":"shop_pawnbroker","fetch_ms":0.006,"instantiate_ms":0.52,"surface_ms":3.347},{"cell":"shop_news_cigars","fetch_ms":0.004,"instantiate_ms":0.401,"surface_ms":3.068},{"cell":"shop_otis_son","fetch_ms":0.005,"instantiate_ms":0.674,"surface_ms":3.387},{"cell":"shop_luncheonette","fetch_ms":0.006,"instantiate_ms":0.502,"surface_ms":3.412}],"state":"RESIDENT","unload_cycles":1}
CONNECTED EXTERIOR CHECK: arcade geometry reloads asynchronously after leaving the core = true
CONNECTED EXTERIOR CHECK: actual player ray/prompt reaches handcart = true
CONNECTED EXTERIOR CHECK: ordinary input physically moves the handcart = true
CONNECTED EXTERIOR CHECK: authored hardware shop door exists = true
CONNECTED EXTERIOR CHECK: actual player ray/prompt reaches hardware_door = true
CONNECTED EXTERIOR CHECK: hardware door opens through ordinary input = true
CONNECTED EXTERIOR CHECK: actual player ray/prompt reaches hardware_door_close = true
CONNECTED EXTERIOR CHECK: customer closes the inward leaf before passing the counter = true
CONNECTED EXTERIOR CHECK: actual source-anchored hardware counter exists = true
CONNECTED EXTERIOR CHECK: maintenance job awaits authored capsule = true
CONNECTED EXTERIOR CHECK: right shop offers the awaited part = true
CONNECTED EXTERIOR CHECK: actual player ray/prompt reaches hardware_counter = true
CONNECTED EXTERIOR CHECK: physical counter grants the part exactly once = true
CONNECTED EXTERIOR CHECK: actual player ray/prompt reaches hardware_counter_repeat = true
CONNECTED EXTERIOR CHECK: repeated counter input cannot duplicate the part = true
CONNECTED EXTERIOR CHECK: actual player ray/prompt reaches hardware_door_exit = true
CONNECTED EXTERIOR CHECK: return indoors retains the physically acquired part = true
RESIDENCY_DORMANT {"cell_count":1,"load_cycles":1,"peak_activation_ms":2.695,"peak_stage_ms":7.311,"pending_requests":0,"physical_actors_retained":true,"retired_geometry_roots_alive":0,"retired_mesh_resources_alive":0,"stage_records":[{"cell":"shop_model_laundry","fetch_ms":0.003,"instantiate_ms":0.898,"surface_ms":6.41},{"cell":"shop_shoe_rebuilding","fetch_ms":0.005,"instantiate_ms":0.437,"surface_ms":2.611},{"cell":"shop_keys_cut","fetch_ms":0.006,"instantiate_ms":0.927,"surface_ms":2.626},{"cell":"shop_hardware_paint","fetch_ms":0.006,"instantiate_ms":0.786,"surface_ms":3.462},{"cell":"shop_funeral_parlour","fetch_ms":0.005,"instantiate_ms":0.472,"surface_ms":2.665},{"cell":"passage","fetch_ms":0.005,"instantiate_ms":1.013,"surface_ms":2.787},{"cell":"shop_photo_supplies","fetch_ms":0.004,"instantiate_ms":0.486,"surface_ms":3.418},{"cell":"shop_radio_service","fetch_ms":0.005,"instantiate_ms":0.456,"surface_ms":3.591},{"cell":"shop_pawnbroker","fetch_ms":0.006,"instantiate_ms":0.52,"surface_ms":3.347},{"cell":"shop_news_cigars","fetch_ms":0.004,"instantiate_ms":0.401,"surface_ms":3.068},{"cell":"shop_otis_son","fetch_ms":0.005,"instantiate_ms":0.674,"surface_ms":3.387},{"cell":"shop_luncheonette","fetch_ms":0.006,"instantiate_ms":0.502,"surface_ms":3.412}],"state":"DORMANT","unload_cycles":2}
CONNECTED EXTERIOR CHECK: dormancy releases imported nodes and mesh resources = true
CONNECTED EXTERIOR CHECK: dormancy unregisters counter and suspends cart physics = true
[SURFACE] 28 surfaces layered (27 materials)
[SURFACE] 58 surfaces layered (44 materials)
[SURFACE] 77 surfaces layered (63 materials)
[SURFACE] 96 surfaces layered (82 materials)
[SURFACE] 116 surfaces layered (102 materials)
[SURFACE] 138 surfaces layered (124 materials)
[SURFACE] 168 surfaces layered (152 materials)
[SURFACE] 198 surfaces layered (180 materials)
[SURFACE] 228 surfaces layered (208 materials)
[SURFACE] 251 surfaces layered (229 materials)
[SURFACE] 280 surfaces layered (258 materials)
[SURFACE] 310 surfaces layered (286 materials)
RESIDENCY_RESUMED {"cell_count":13,"load_cycles":2,"peak_activation_ms":2.695,"peak_stage_ms":7.311,"pending_requests":0,"physical_actors_retained":true,"retired_geometry_roots_alive":0,"retired_mesh_resources_alive":0,"stage_records":[{"cell":"shop_model_laundry","fetch_ms":0.003,"instantiate_ms":0.898,"surface_ms":6.41},{"cell":"shop_shoe_rebuilding","fetch_ms":0.005,"instantiate_ms":0.437,"surface_ms":2.611},{"cell":"shop_keys_cut","fetch_ms":0.006,"instantiate_ms":0.927,"surface_ms":2.626},{"cell":"shop_hardware_paint","fetch_ms":0.006,"instantiate_ms":0.786,"surface_ms":3.462},{"cell":"shop_funeral_parlour","fetch_ms":0.005,"instantiate_ms":0.472,"surface_ms":2.665},{"cell":"passage","fetch_ms":0.005,"instantiate_ms":1.013,"surface_ms":2.787},{"cell":"shop_photo_supplies","fetch_ms":0.004,"instantiate_ms":0.486,"surface_ms":3.418},{"cell":"shop_radio_service","fetch_ms":0.005,"instantiate_ms":0.456,"surface_ms":3.591},{"cell":"shop_pawnbroker","fetch_ms":0.006,"instantiate_ms":0.52,"surface_ms":3.347},{"cell":"shop_news_cigars","fetch_ms":0.004,"instantiate_ms":0.401,"surface_ms":3.068},{"cell":"shop_otis_son","fetch_ms":0.005,"instantiate_ms":0.674,"surface_ms":3.387},{"cell":"shop_luncheonette","fetch_ms":0.006,"instantiate_ms":0.502,"surface_ms":3.412},{"cell":"shop_model_laundry","fetch_ms":0.003,"instantiate_ms":2.158,"surface_ms":4.623},{"cell":"passage","fetch_ms":0.005,"instantiate_ms":1.079,"surface_ms":2.756},{"cell":"shop_shoe_rebuilding","fetch_ms":0.007,"instantiate_ms":0.477,"surface_ms":3.894},{"cell":"shop_keys_cut","fetch_ms":0.004,"instantiate_ms":0.663,"surface_ms":2.519},{"cell":"shop_hardware_paint","fetch_ms":0.006,"instantiate_ms":0.77,"surface_ms":3.734},{"cell":"shop_funeral_parlour","fetch_ms":0.005,"instantiate_ms":0.75,"surface_ms":4.397},{"cell":"shop_photo_supplies","fetch_ms":0.006,"instantiate_ms":0.502,"surface_ms":4.967},{"cell":"shop_radio_service","fetch_ms":0.006,"instantiate_ms":0.441,"surface_ms":3.044},{"cell":"shop_pawnbroker","fetch_ms":0.009,"instantiate_ms":0.553,"surface_ms":2.911},{"cell":"shop_news_cigars","fetch_ms":0.005,"instantiate_ms":0.396,"surface_ms":3.473},{"cell":"shop_otis_son","fetch_ms":0.006,"instantiate_ms":0.716,"surface_ms":4.672},{"cell":"shop_luncheonette","fetch_ms":0.006,"instantiate_ms":0.481,"surface_ms":3.463}],"state":"RESIDENT","unload_cycles":2}
CONNECTED EXTERIOR CHECK: vestibule prefetch reconstructs a second geometry cycle = true
CONNECTED EXTERIOR CHECK: open leaf and physically moved cart survive residency unchanged = true
CONNECTED EXTERIOR CHECK: counter remount preserves acquisition and duplicate protection = true
CONNECTED EXTERIOR CHECK: all shader values and texture paths survive geometry reconstruction = true
V2 PASSAGE RESIDENCY: 42 waypoints; 0 failures
