Godot Engine v4.7.1.stable.official.a13da4feb - https://godotengine.org
Vulkan 1.4.341 - Forward+ - Using Device #0: NVIDIA - NVIDIA GeForce RTX 4080

[ACOUSTIC] 550 nodes loaded
ORISON V2 BLOCKOUT: 61 spaces / 26 doors / 87 anchors
[SURFACE] 320 surfaces layered (293 materials)
[PASSAGE HOURS] OPEN; 10 grilles folded
[PASSAGE HOURS] 11 shopfronts, 10 close after 02:00, HARDWARE PAINT keeps night service
[PASSAGE FINISH] 6 gated draws, 3 handcarts, hours active
[V2 PASSAGE] 13 resident cells; 11 doors; 1 shared-service counters
[SCHEDULE] director live: 18 residents on the clock
[ORISON V2 RUNTIME] ready startup_ms=4084.496
[LIGHTING] 54 sources active in system; 54 full personalities; profiles steady/breathe/mains/beat/dropout=[10, 9, 12, 17, 6]
[SURFACE] 19 surfaces layered (19 materials)
[SURFACE] 49 surfaces layered (36 materials)
[SURFACE] 68 surfaces layered (55 materials)
[SURFACE] 88 surfaces layered (75 materials)
[SURFACE] 110 surfaces layered (97 materials)
[SURFACE] 138 surfaces layered (124 materials)
[SURFACE] 168 surfaces layered (152 materials)
[SURFACE] 198 surfaces layered (180 materials)
[SURFACE] 228 surfaces layered (208 materials)
[SURFACE] 251 surfaces layered (229 materials)
[SURFACE] 280 surfaces layered (258 materials)
[SURFACE] 310 surfaces layered (286 materials)
STREAMING_PROFILE {"cell_count":1,"load_cycles":1,"peak_activation_ms":2.533,"peak_stage_ms":17.627,"pending_requests":0,"physical_actors_retained":true,"retired_geometry_roots_alive":0,"retired_mesh_resources_alive":0,"stage_records":[{"cell":"shop_shoe_rebuilding","fetch_ms":0.004,"instantiate_ms":2.393,"surface_ms":15.23},{"cell":"passage","fetch_ms":0.004,"instantiate_ms":1.028,"surface_ms":5.528},{"cell":"shop_keys_cut","fetch_ms":0.006,"instantiate_ms":0.925,"surface_ms":3.786},{"cell":"shop_hardware_paint","fetch_ms":0.005,"instantiate_ms":0.757,"surface_ms":2.867},{"cell":"shop_funeral_parlour","fetch_ms":0.006,"instantiate_ms":0.489,"surface_ms":5.324},{"cell":"shop_model_laundry","fetch_ms":0.004,"instantiate_ms":0.594,"surface_ms":3.39},{"cell":"shop_photo_supplies","fetch_ms":0.006,"instantiate_ms":0.528,"surface_ms":5.534},{"cell":"shop_radio_service","fetch_ms":0.005,"instantiate_ms":0.423,"surface_ms":3.409},{"cell":"shop_pawnbroker","fetch_ms":0.005,"instantiate_ms":0.499,"surface_ms":3.287},{"cell":"shop_news_cigars","fetch_ms":0.006,"instantiate_ms":0.399,"surface_ms":3.143},{"cell":"shop_otis_son","fetch_ms":0.005,"instantiate_ms":0.736,"surface_ms":6.018},{"cell":"shop_luncheonette","fetch_ms":0.005,"instantiate_ms":0.499,"surface_ms":3.436}],"state":"DORMANT","unload_cycles":2}
[SURFACE] 30 surfaces layered (17 materials)
[SURFACE] 58 surfaces layered (44 materials)
[SURFACE] 77 surfaces layered (63 materials)
[SURFACE] 96 surfaces layered (82 materials)
[SURFACE] 116 surfaces layered (102 materials)
[SURFACE] 138 surfaces layered (124 materials)
[SURFACE] 168 surfaces layered (152 materials)
[SURFACE] 198 surfaces layered (180 materials)
[SURFACE] 228 surfaces layered (208 materials)
[SURFACE] 251 surfaces layered (229 materials)
[SURFACE] 280 surfaces layered (258 materials)
[SURFACE] 310 surfaces layered (286 materials)
STREAMING_PROFILE {"cell_count":1,"load_cycles":2,"peak_activation_ms":2.561,"peak_stage_ms":17.627,"pending_requests":0,"physical_actors_retained":true,"retired_geometry_roots_alive":0,"retired_mesh_resources_alive":0,"stage_records":[{"cell":"shop_shoe_rebuilding","fetch_ms":0.004,"instantiate_ms":2.393,"surface_ms":15.23},{"cell":"passage","fetch_ms":0.004,"instantiate_ms":1.028,"surface_ms":5.528},{"cell":"shop_keys_cut","fetch_ms":0.006,"instantiate_ms":0.925,"surface_ms":3.786},{"cell":"shop_hardware_paint","fetch_ms":0.005,"instantiate_ms":0.757,"surface_ms":2.867},{"cell":"shop_funeral_parlour","fetch_ms":0.006,"instantiate_ms":0.489,"surface_ms":5.324},{"cell":"shop_model_laundry","fetch_ms":0.004,"instantiate_ms":0.594,"surface_ms":3.39},{"cell":"shop_photo_supplies","fetch_ms":0.006,"instantiate_ms":0.528,"surface_ms":5.534},{"cell":"shop_radio_service","fetch_ms":0.005,"instantiate_ms":0.423,"surface_ms":3.409},{"cell":"shop_pawnbroker","fetch_ms":0.005,"instantiate_ms":0.499,"surface_ms":3.287},{"cell":"shop_news_cigars","fetch_ms":0.006,"instantiate_ms":0.399,"surface_ms":3.143},{"cell":"shop_otis_son","fetch_ms":0.005,"instantiate_ms":0.736,"surface_ms":6.018},{"cell":"shop_luncheonette","fetch_ms":0.005,"instantiate_ms":0.499,"surface_ms":3.436},{"cell":"passage","fetch_ms":0.004,"instantiate_ms":1.043,"surface_ms":9.169},{"cell":"shop_model_laundry","fetch_ms":0.011,"instantiate_ms":0.973,"surface_ms":10.262},{"cell":"shop_shoe_rebuilding","fetch_ms":0.005,"instantiate_ms":0.425,"surface_ms":4.686},{"cell":"shop_keys_cut","fetch_ms":0.004,"instantiate_ms":0.675,"surface_ms":2.684},{"cell":"shop_hardware_paint","fetch_ms":0.005,"instantiate_ms":1.138,"surface_ms":3.009},{"cell":"shop_funeral_parlour","fetch_ms":0.004,"instantiate_ms":0.496,"surface_ms":5.334},{"cell":"shop_photo_supplies","fetch_ms":0.005,"instantiate_ms":0.541,"surface_ms":5.91},{"cell":"shop_radio_service","fetch_ms":0.005,"instantiate_ms":0.44,"surface_ms":3.305},{"cell":"shop_pawnbroker","fetch_ms":0.005,"instantiate_ms":0.509,"surface_ms":3.209},{"cell":"shop_news_cigars","fetch_ms":0.004,"instantiate_ms":0.378,"surface_ms":3.107},{"cell":"shop_otis_son","fetch_ms":0.006,"instantiate_ms":0.682,"surface_ms":5.656},{"cell":"shop_luncheonette","fetch_ms":0.005,"instantiate_ms":0.49,"surface_ms":3.111}],"state":"DORMANT","unload_cycles":3}
PASSAGE STREAMING PROFILE: 12 waypoints; 0 failures
