Godot Engine v4.7.1.stable.official.a13da4feb - https://godotengine.org
Vulkan 1.4.341 - Forward+ - Using Device #0: NVIDIA - NVIDIA GeForce RTX 4080

[ACOUSTIC] 550 nodes loaded
ORISON V2 BLOCKOUT: 61 spaces / 26 doors / 87 anchors
[SURFACE] 320 surfaces layered (293 materials)
[PASSAGE HOURS] OPEN; 10 grilles folded
[PASSAGE HOURS] 11 shopfronts, 10 close after 02:00, HARDWARE PAINT keeps night service
[PASSAGE FINISH] 6 gated draws, 3 handcarts, hours active
[V2 PASSAGE] 13 resident cells; 11 doors; 1 shared-service counters
[SCHEDULE] director live: 18 residents on the clock
[ORISON V2 RUNTIME] ready startup_ms=4017.060
[LIGHTING] 54 sources active in system; 54 full personalities; profiles steady/breathe/mains/beat/dropout=[10, 9, 12, 17, 6]
[SURFACE] 30 surfaces layered (17 materials)
[SURFACE] 49 surfaces layered (36 materials)
[SURFACE] 68 surfaces layered (55 materials)
[SURFACE] 88 surfaces layered (75 materials)
[SURFACE] 110 surfaces layered (97 materials)
[SURFACE] 138 surfaces layered (124 materials)
[SURFACE] 168 surfaces layered (152 materials)
[SURFACE] 198 surfaces layered (180 materials)
[SURFACE] 228 surfaces layered (208 materials)
[SURFACE] 251 surfaces layered (229 materials)
[SURFACE] 280 surfaces layered (258 materials)
[SURFACE] 310 surfaces layered (286 materials)
STREAMING_PROFILE {"cell_count":1,"load_cycles":1,"peak_activation_ms":2.55,"peak_stage_ms":6.813,"pending_requests":0,"physical_actors_retained":true,"retired_geometry_roots_alive":0,"retired_mesh_resources_alive":0,"stage_records":[{"cell":"passage","fetch_ms":0.003,"instantiate_ms":1.132,"surface_ms":5.678},{"cell":"shop_shoe_rebuilding","fetch_ms":0.003,"instantiate_ms":0.817,"surface_ms":2.333},{"cell":"shop_keys_cut","fetch_ms":0.004,"instantiate_ms":0.716,"surface_ms":2.568},{"cell":"shop_hardware_paint","fetch_ms":0.005,"instantiate_ms":0.769,"surface_ms":2.514},{"cell":"shop_funeral_parlour","fetch_ms":0.005,"instantiate_ms":0.511,"surface_ms":2.971},{"cell":"shop_model_laundry","fetch_ms":0.005,"instantiate_ms":0.611,"surface_ms":3.462},{"cell":"shop_photo_supplies","fetch_ms":0.004,"instantiate_ms":0.495,"surface_ms":3.403},{"cell":"shop_radio_service","fetch_ms":0.005,"instantiate_ms":0.476,"surface_ms":3.369},{"cell":"shop_pawnbroker","fetch_ms":0.005,"instantiate_ms":0.515,"surface_ms":3.191},{"cell":"shop_news_cigars","fetch_ms":0.005,"instantiate_ms":0.375,"surface_ms":2.862},{"cell":"shop_otis_son","fetch_ms":0.005,"instantiate_ms":0.715,"surface_ms":3.222},{"cell":"shop_luncheonette","fetch_ms":0.005,"instantiate_ms":0.459,"surface_ms":3.27}],"state":"DORMANT","unload_cycles":2}
[SURFACE] 30 surfaces layered (17 materials)
[SURFACE] 58 surfaces layered (44 materials)
[SURFACE] 77 surfaces layered (63 materials)
[SURFACE] 96 surfaces layered (82 materials)
[SURFACE] 116 surfaces layered (102 materials)
[SURFACE] 138 surfaces layered (124 materials)
[SURFACE] 168 surfaces layered (152 materials)
[SURFACE] 198 surfaces layered (180 materials)
[SURFACE] 228 surfaces layered (208 materials)
[SURFACE] 251 surfaces layered (229 materials)
[SURFACE] 280 surfaces layered (258 materials)
[SURFACE] 310 surfaces layered (286 materials)
STREAMING_PROFILE {"cell_count":1,"load_cycles":2,"peak_activation_ms":2.575,"peak_stage_ms":6.813,"pending_requests":0,"physical_actors_retained":true,"retired_geometry_roots_alive":0,"retired_mesh_resources_alive":0,"stage_records":[{"cell":"passage","fetch_ms":0.003,"instantiate_ms":1.132,"surface_ms":5.678},{"cell":"shop_shoe_rebuilding","fetch_ms":0.003,"instantiate_ms":0.817,"surface_ms":2.333},{"cell":"shop_keys_cut","fetch_ms":0.004,"instantiate_ms":0.716,"surface_ms":2.568},{"cell":"shop_hardware_paint","fetch_ms":0.005,"instantiate_ms":0.769,"surface_ms":2.514},{"cell":"shop_funeral_parlour","fetch_ms":0.005,"instantiate_ms":0.511,"surface_ms":2.971},{"cell":"shop_model_laundry","fetch_ms":0.005,"instantiate_ms":0.611,"surface_ms":3.462},{"cell":"shop_photo_supplies","fetch_ms":0.004,"instantiate_ms":0.495,"surface_ms":3.403},{"cell":"shop_radio_service","fetch_ms":0.005,"instantiate_ms":0.476,"surface_ms":3.369},{"cell":"shop_pawnbroker","fetch_ms":0.005,"instantiate_ms":0.515,"surface_ms":3.191},{"cell":"shop_news_cigars","fetch_ms":0.005,"instantiate_ms":0.375,"surface_ms":2.862},{"cell":"shop_otis_son","fetch_ms":0.005,"instantiate_ms":0.715,"surface_ms":3.222},{"cell":"shop_luncheonette","fetch_ms":0.005,"instantiate_ms":0.459,"surface_ms":3.27},{"cell":"passage","fetch_ms":0.004,"instantiate_ms":2.144,"surface_ms":2.491},{"cell":"shop_model_laundry","fetch_ms":0.005,"instantiate_ms":0.662,"surface_ms":3.068},{"cell":"shop_shoe_rebuilding","fetch_ms":0.005,"instantiate_ms":0.457,"surface_ms":2.668},{"cell":"shop_keys_cut","fetch_ms":0.005,"instantiate_ms":1.074,"surface_ms":2.966},{"cell":"shop_hardware_paint","fetch_ms":0.007,"instantiate_ms":0.763,"surface_ms":2.851},{"cell":"shop_funeral_parlour","fetch_ms":0.006,"instantiate_ms":0.461,"surface_ms":6.185},{"cell":"shop_photo_supplies","fetch_ms":0.005,"instantiate_ms":0.501,"surface_ms":3.405},{"cell":"shop_radio_service","fetch_ms":0.006,"instantiate_ms":0.426,"surface_ms":3.444},{"cell":"shop_pawnbroker","fetch_ms":0.006,"instantiate_ms":0.496,"surface_ms":3.413},{"cell":"shop_news_cigars","fetch_ms":0.004,"instantiate_ms":0.426,"surface_ms":2.837},{"cell":"shop_otis_son","fetch_ms":0.005,"instantiate_ms":0.789,"surface_ms":3.35},{"cell":"shop_luncheonette","fetch_ms":0.005,"instantiate_ms":0.45,"surface_ms":3.428}],"state":"DORMANT","unload_cycles":3}
PASSAGE STREAMING PROFILE: 12 waypoints; 0 failures
