Godot Engine v4.7.1.stable.official.a13da4feb - https://godotengine.org
Vulkan 1.4.341 - Forward+ - Using Device #0: NVIDIA - NVIDIA GeForce RTX 4080

[ACOUSTIC] 550 nodes loaded
ORISON V2 BLOCKOUT: 61 spaces / 26 doors / 87 anchors
[SURFACE] 320 surfaces layered (293 materials)
[PASSAGE HOURS] OPEN; 10 grilles folded
[PASSAGE HOURS] 11 shopfronts, 10 close after 02:00, HARDWARE PAINT keeps night service
[PASSAGE FINISH] 6 gated draws, 3 handcarts, hours active
[V2 PASSAGE] 13 resident cells; 11 doors; 1 shared-service counters
[SCHEDULE] director live: 18 residents on the clock
[ORISON V2 RUNTIME] ready startup_ms=3986.532
[LIGHTING] 54 sources active in system; 54 full personalities; profiles steady/breathe/mains/beat/dropout=[10, 9, 12, 17, 6]
[SURFACE] 28 surfaces layered (27 materials)
[SURFACE] 58 surfaces layered (44 materials)
[SURFACE] 77 surfaces layered (63 materials)
[SURFACE] 96 surfaces layered (82 materials)
[SURFACE] 116 surfaces layered (102 materials)
[SURFACE] 138 surfaces layered (124 materials)
[SURFACE] 168 surfaces layered (152 materials)
[SURFACE] 198 surfaces layered (180 materials)
[SURFACE] 228 surfaces layered (208 materials)
[SURFACE] 251 surfaces layered (229 materials)
[SURFACE] 280 surfaces layered (258 materials)
[SURFACE] 310 surfaces layered (286 materials)
STREAMING_PROFILE {"cell_count":1,"load_cycles":1,"peak_activation_ms":2.516,"peak_stage_ms":107.524,"pending_requests":0,"physical_actors_retained":true,"retired_geometry_roots_alive":0,"retired_mesh_resources_alive":0,"stage_records":[{"cell":"shop_model_laundry","fetch_ms":0.006,"instantiate_ms":0.627,"surface_ms":106.891},{"cell":"passage","fetch_ms":0.005,"instantiate_ms":1.105,"surface_ms":8.673},{"cell":"shop_shoe_rebuilding","fetch_ms":0.005,"instantiate_ms":0.445,"surface_ms":13.122},{"cell":"shop_keys_cut","fetch_ms":0.006,"instantiate_ms":0.718,"surface_ms":2.092},{"cell":"shop_hardware_paint","fetch_ms":0.005,"instantiate_ms":0.746,"surface_ms":15.244},{"cell":"shop_funeral_parlour","fetch_ms":0.005,"instantiate_ms":0.467,"surface_ms":20.904},{"cell":"shop_photo_supplies","fetch_ms":0.006,"instantiate_ms":0.457,"surface_ms":18.349},{"cell":"shop_radio_service","fetch_ms":0.004,"instantiate_ms":0.542,"surface_ms":17.201},{"cell":"shop_pawnbroker","fetch_ms":0.005,"instantiate_ms":0.513,"surface_ms":10.449},{"cell":"shop_news_cigars","fetch_ms":0.004,"instantiate_ms":0.366,"surface_ms":2.374},{"cell":"shop_otis_son","fetch_ms":0.004,"instantiate_ms":0.676,"surface_ms":35.076},{"cell":"shop_luncheonette","fetch_ms":0.006,"instantiate_ms":0.494,"surface_ms":2.795}],"state":"DORMANT","unload_cycles":2}
[SURFACE] 30 surfaces layered (17 materials)
[SURFACE] 58 surfaces layered (44 materials)
[SURFACE] 77 surfaces layered (63 materials)
[SURFACE] 96 surfaces layered (82 materials)
[SURFACE] 116 surfaces layered (102 materials)
[SURFACE] 138 surfaces layered (124 materials)
[SURFACE] 168 surfaces layered (152 materials)
[SURFACE] 198 surfaces layered (180 materials)
[SURFACE] 228 surfaces layered (208 materials)
[SURFACE] 251 surfaces layered (229 materials)
[SURFACE] 280 surfaces layered (258 materials)
[SURFACE] 310 surfaces layered (286 materials)
STREAMING_PROFILE {"cell_count":1,"load_cycles":2,"peak_activation_ms":2.558,"peak_stage_ms":107.524,"pending_requests":0,"physical_actors_retained":true,"retired_geometry_roots_alive":0,"retired_mesh_resources_alive":0,"stage_records":[{"cell":"shop_model_laundry","fetch_ms":0.006,"instantiate_ms":0.627,"surface_ms":106.891},{"cell":"passage","fetch_ms":0.005,"instantiate_ms":1.105,"surface_ms":8.673},{"cell":"shop_shoe_rebuilding","fetch_ms":0.005,"instantiate_ms":0.445,"surface_ms":13.122},{"cell":"shop_keys_cut","fetch_ms":0.006,"instantiate_ms":0.718,"surface_ms":2.092},{"cell":"shop_hardware_paint","fetch_ms":0.005,"instantiate_ms":0.746,"surface_ms":15.244},{"cell":"shop_funeral_parlour","fetch_ms":0.005,"instantiate_ms":0.467,"surface_ms":20.904},{"cell":"shop_photo_supplies","fetch_ms":0.006,"instantiate_ms":0.457,"surface_ms":18.349},{"cell":"shop_radio_service","fetch_ms":0.004,"instantiate_ms":0.542,"surface_ms":17.201},{"cell":"shop_pawnbroker","fetch_ms":0.005,"instantiate_ms":0.513,"surface_ms":10.449},{"cell":"shop_news_cigars","fetch_ms":0.004,"instantiate_ms":0.366,"surface_ms":2.374},{"cell":"shop_otis_son","fetch_ms":0.004,"instantiate_ms":0.676,"surface_ms":35.076},{"cell":"shop_luncheonette","fetch_ms":0.006,"instantiate_ms":0.494,"surface_ms":2.795},{"cell":"passage","fetch_ms":0.004,"instantiate_ms":1.03,"surface_ms":64.603},{"cell":"shop_model_laundry","fetch_ms":0.006,"instantiate_ms":0.761,"surface_ms":45.034},{"cell":"shop_shoe_rebuilding","fetch_ms":0.005,"instantiate_ms":0.436,"surface_ms":13.365},{"cell":"shop_keys_cut","fetch_ms":0.008,"instantiate_ms":0.694,"surface_ms":2.224},{"cell":"shop_hardware_paint","fetch_ms":0.005,"instantiate_ms":0.78,"surface_ms":17.239},{"cell":"shop_funeral_parlour","fetch_ms":0.005,"instantiate_ms":0.551,"surface_ms":20.936},{"cell":"shop_photo_supplies","fetch_ms":0.005,"instantiate_ms":0.466,"surface_ms":17.911},{"cell":"shop_radio_service","fetch_ms":0.005,"instantiate_ms":0.459,"surface_ms":16.333},{"cell":"shop_pawnbroker","fetch_ms":0.005,"instantiate_ms":0.492,"surface_ms":10.925},{"cell":"shop_news_cigars","fetch_ms":0.004,"instantiate_ms":0.368,"surface_ms":2.375},{"cell":"shop_otis_son","fetch_ms":0.004,"instantiate_ms":0.665,"surface_ms":35.179},{"cell":"shop_luncheonette","fetch_ms":0.005,"instantiate_ms":0.515,"surface_ms":2.702}],"state":"DORMANT","unload_cycles":3}
PASSAGE STREAMING PROFILE: 12 waypoints; 0 failures
