00:01.234  blend            | Read blend: "C:\Users\nate_\OneDrive\Documents\New Game Plus\critter_models_v6\art\blender\dream_critters\bacillaria.blend"
00:04.968  render           | Saved: 'C:\Users\nate_\OneDrive\Documents\New Game Plus\critter_research_delivery_v1\bacillaria_preview\neutral__three_quarter__neutral.png'
00:06.203  render           | Saved: 'C:\Users\nate_\OneDrive\Documents\New Game Plus\critter_research_delivery_v1\bacillaria_preview\neutral__three_quarter__material.png'
00:07.484  render           | Saved: 'C:\Users\nate_\OneDrive\Documents\New Game Plus\critter_research_delivery_v1\bacillaria_preview\neutral__three_quarter__cutaway.png'
00:08.359  render           | Saved: 'C:\Users\nate_\OneDrive\Documents\New Game Plus\critter_research_delivery_v1\bacillaria_preview\law_04__three_quarter__neutral.png'
00:09.593  render           | Saved: 'C:\Users\nate_\OneDrive\Documents\New Game Plus\critter_research_delivery_v1\bacillaria_preview\law_04__three_quarter__material.png'
00:10.968  render           | Saved: 'C:\Users\nate_\OneDrive\Documents\New Game Plus\critter_research_delivery_v1\bacillaria_preview\law_04__three_quarter__cutaway.png'
00:11.890  render           | Saved: 'C:\Users\nate_\OneDrive\Documents\New Game Plus\critter_research_delivery_v1\bacillaria_preview\law_half__three_quarter__neutral.png'
00:13.218  render           | Saved: 'C:\Users\nate_\OneDrive\Documents\New Game Plus\critter_research_delivery_v1\bacillaria_preview\law_half__three_quarter__material.png'
00:14.515  render           | Saved: 'C:\Users\nate_\OneDrive\Documents\New Game Plus\critter_research_delivery_v1\bacillaria_preview\law_half__three_quarter__cutaway.png'
Blender 5.2.0 LTS (hash fbe6228777e7 built 2026-07-14 01:35:40)
[DREAM CRITTER RENDER] neutral__three_quarter__neutral.png
[DREAM CRITTER RENDER] neutral__three_quarter__material.png
[DREAM CRITTER RENDER] neutral__three_quarter__cutaway.png
[DREAM CRITTER RENDER] law_04__three_quarter__neutral.png
[DREAM CRITTER RENDER] law_04__three_quarter__material.png
[DREAM CRITTER RENDER] law_04__three_quarter__cutaway.png
[DREAM CRITTER RENDER] law_half__three_quarter__neutral.png
[DREAM CRITTER RENDER] law_half__three_quarter__material.png
[DREAM CRITTER RENDER] law_half__three_quarter__cutaway.png
[DREAM CRITTER RENDER] COMPLETE images=9
