00:01.297  blend            | Read blend: "C:\Users\nate_\OneDrive\Documents\New Game Plus\critter_models_v10\art\blender\dream_critters\euplotes.blend"
00:03.281  render           | Saved: 'C:\Users\nate_\OneDrive\Documents\New Game Plus\critter_research_delivery_v1\euplotes_preview\neutral__three_quarter__neutral.png'
00:04.344  render           | Saved: 'C:\Users\nate_\OneDrive\Documents\New Game Plus\critter_research_delivery_v1\euplotes_preview\neutral__three_quarter__material.png'
00:05.297  render           | Saved: 'C:\Users\nate_\OneDrive\Documents\New Game Plus\critter_research_delivery_v1\euplotes_preview\neutral__three_quarter__cutaway.png'
00:06.094  render           | Saved: 'C:\Users\nate_\OneDrive\Documents\New Game Plus\critter_research_delivery_v1\euplotes_preview\law_04__three_quarter__neutral.png'
00:07.141  render           | Saved: 'C:\Users\nate_\OneDrive\Documents\New Game Plus\critter_research_delivery_v1\euplotes_preview\law_04__three_quarter__material.png'
00:08.094  render           | Saved: 'C:\Users\nate_\OneDrive\Documents\New Game Plus\critter_research_delivery_v1\euplotes_preview\law_04__three_quarter__cutaway.png'
00:08.875  render           | Saved: 'C:\Users\nate_\OneDrive\Documents\New Game Plus\critter_research_delivery_v1\euplotes_preview\law_half__three_quarter__neutral.png'
00:09.922  render           | Saved: 'C:\Users\nate_\OneDrive\Documents\New Game Plus\critter_research_delivery_v1\euplotes_preview\law_half__three_quarter__material.png'
00:10.828  render           | Saved: 'C:\Users\nate_\OneDrive\Documents\New Game Plus\critter_research_delivery_v1\euplotes_preview\law_half__three_quarter__cutaway.png'
Blender 5.2.0 LTS (hash fbe6228777e7 built 2026-07-14 01:35:40)
[DREAM CRITTER RENDER] neutral__three_quarter__neutral.png
[DREAM CRITTER RENDER] neutral__three_quarter__material.png
[DREAM CRITTER RENDER] neutral__three_quarter__cutaway.png
[DREAM CRITTER RENDER] law_04__three_quarter__neutral.png
[DREAM CRITTER RENDER] law_04__three_quarter__material.png
[DREAM CRITTER RENDER] law_04__three_quarter__cutaway.png
[DREAM CRITTER RENDER] law_half__three_quarter__neutral.png
[DREAM CRITTER RENDER] law_half__three_quarter__material.png
[DREAM CRITTER RENDER] law_half__three_quarter__cutaway.png
[DREAM CRITTER RENDER] COMPLETE images=9
