00:01.250  blend            | Read blend: "C:\Users\nate_\OneDrive\Documents\New Game Plus\critter_models_v8\art\blender\dream_critters\volvox.blend"
00:05.125  render           | Saved: 'C:\Users\nate_\OneDrive\Documents\New Game Plus\critter_research_delivery_v1\volvox_preview\neutral__three_quarter__neutral.png'
00:07.297  render           | Saved: 'C:\Users\nate_\OneDrive\Documents\New Game Plus\critter_research_delivery_v1\volvox_preview\neutral__three_quarter__material.png'
00:10.516  render           | Saved: 'C:\Users\nate_\OneDrive\Documents\New Game Plus\critter_research_delivery_v1\volvox_preview\neutral__three_quarter__cutaway.png'
00:11.797  render           | Saved: 'C:\Users\nate_\OneDrive\Documents\New Game Plus\critter_research_delivery_v1\volvox_preview\law_half__three_quarter__neutral.png'
00:14.110  render           | Saved: 'C:\Users\nate_\OneDrive\Documents\New Game Plus\critter_research_delivery_v1\volvox_preview\law_half__three_quarter__material.png'
00:17.610  render           | Saved: 'C:\Users\nate_\OneDrive\Documents\New Game Plus\critter_research_delivery_v1\volvox_preview\law_half__three_quarter__cutaway.png'
00:18.844  render           | Saved: 'C:\Users\nate_\OneDrive\Documents\New Game Plus\critter_research_delivery_v1\volvox_preview\law_full__three_quarter__neutral.png'
00:21.031  render           | Saved: 'C:\Users\nate_\OneDrive\Documents\New Game Plus\critter_research_delivery_v1\volvox_preview\law_full__three_quarter__material.png'
00:24.203  render           | Saved: 'C:\Users\nate_\OneDrive\Documents\New Game Plus\critter_research_delivery_v1\volvox_preview\law_full__three_quarter__cutaway.png'
Blender 5.2.0 LTS (hash fbe6228777e7 built 2026-07-14 01:35:40)
[DREAM CRITTER RENDER] neutral__three_quarter__neutral.png
[DREAM CRITTER RENDER] neutral__three_quarter__material.png
[DREAM CRITTER RENDER] neutral__three_quarter__cutaway.png
[DREAM CRITTER RENDER] law_half__three_quarter__neutral.png
[DREAM CRITTER RENDER] law_half__three_quarter__material.png
[DREAM CRITTER RENDER] law_half__three_quarter__cutaway.png
[DREAM CRITTER RENDER] law_full__three_quarter__neutral.png
[DREAM CRITTER RENDER] law_full__three_quarter__material.png
[DREAM CRITTER RENDER] law_full__three_quarter__cutaway.png
[DREAM CRITTER RENDER] COMPLETE images=9
