00:00.047  reports          | WARNING Unable to open 'C:\Users\nate_\AppData\Roaming\Blender Foundation\Blender\5.2\config\userpref.blend': Permission denied
Blender 5.2.0 LTS (hash fbe6228777e7 built 2026-07-14 01:35:40)
C:\PleaseRemainOnTheLine\art\blender\scripts\build_pawn_clocks.py:63: DeprecationWarning: 'Material.use_nodes' is expected to be removed in Blender 6.0
  mat=bpy.data.materials.new(key);mat.use_nodes=True;materials[key]=mat
Extensions: writing cache failed ([WinError 183] Cannot create a file when that file already exists: 'C:\\Users\\nate_\\AppData\\Roaming\\Blender Foundation\\Blender\\5.2\\extensions\\.cache').
Info: Saved as "pawn_clocks.blend"
INFO Draco is available, use library at C:\Program Files\Blender Foundation\Blender 5.2\5.2\scripts\addons_core\io_scene_gltf2\bf_intern_draco_bridge.dll
INFO MeshOptimizer is available, use library at C:\Program Files\Blender Foundation\Blender 5.2\5.2\scripts\addons_core\io_scene_gltf2\bf_intern_meshopt_bridge.dll
06:32:33 | INFO: Starting glTF 2.0 export
06:32:33 | INFO: Extracting primitive: storm_shop_pawnbroker_clock0__brass_dull
06:32:33 | INFO: Primitives created: 1
06:32:33 | INFO: Extracting primitive: storm_shop_pawnbroker_clock0__glassish
06:32:33 | INFO: Primitives created: 1
06:32:33 | INFO: Extracting primitive: storm_shop_pawnbroker_clock0__iron_blackened
06:32:33 | INFO: Primitives created: 1
06:32:33 | INFO: Extracting primitive: storm_shop_pawnbroker_clock0__porcelain
06:32:33 | INFO: Primitives created: 1
06:32:33 | INFO: Extracting primitive: storm_shop_pawnbroker_clock0__wood_dark
06:32:33 | INFO: Primitives created: 1
06:32:33 | INFO: Extracting primitive: storm_shop_pawnbroker_clock1__brass_dull
06:32:33 | INFO: Primitives created: 1
06:32:33 | INFO: Extracting primitive: storm_shop_pawnbroker_clock1__glassish
06:32:33 | INFO: Primitives created: 1
06:32:33 | INFO: Extracting primitive: storm_shop_pawnbroker_clock1__iron_blackened
06:32:33 | INFO: Primitives created: 1
06:32:33 | INFO: Extracting primitive: storm_shop_pawnbroker_clock1__porcelain
06:32:33 | INFO: Primitives created: 1
06:32:33 | INFO: Extracting primitive: storm_shop_pawnbroker_clock2__brass_dull
06:32:33 | INFO: Primitives created: 1
06:32:33 | INFO: Extracting primitive: storm_shop_pawnbroker_clock2__glassish
06:32:33 | INFO: Primitives created: 1
06:32:33 | INFO: Extracting primitive: storm_shop_pawnbroker_clock2__iron_blackened
06:32:33 | INFO: Primitives created: 1
06:32:33 | INFO: Extracting primitive: storm_shop_pawnbroker_clock2__porcelain
06:32:33 | INFO: Primitives created: 1
06:32:33 | INFO: Extracting primitive: storm_shop_pawnbroker_clock2__wood_dark
06:32:33 | INFO: Primitives created: 1
06:32:33 | INFO: Extracting primitive: storm_shop_pawnbroker_clock3__brass_dull
06:32:33 | INFO: Primitives created: 1
06:32:33 | INFO: Extracting primitive: storm_shop_pawnbroker_clock3__glassish
06:32:33 | INFO: Primitives created: 1
06:32:33 | INFO: Extracting primitive: storm_shop_pawnbroker_clock3__iron_blackened
06:32:33 | INFO: Primitives created: 1
06:32:33 | INFO: Extracting primitive: storm_shop_pawnbroker_clock3__porcelain
06:32:33 | INFO: Primitives created: 1
06:32:33 | INFO: Extracting primitive: storm_shop_pawnbroker_clock4__brass_dull
06:32:33 | INFO: Primitives created: 1
06:32:33 | INFO: Extracting primitive: storm_shop_pawnbroker_clock4__glassish
06:32:33 | INFO: Primitives created: 1
06:32:33 | INFO: Extracting primitive: storm_shop_pawnbroker_clock4__iron_blackened
06:32:33 | INFO: Primitives created: 1
06:32:33 | INFO: Extracting primitive: storm_shop_pawnbroker_clock4__porcelain
06:32:33 | INFO: Primitives created: 1
06:32:33 | INFO: Extracting primitive: storm_shop_pawnbroker_clock4__wood_dark
06:32:33 | INFO: Primitives created: 1
06:32:33 | INFO: Extracting primitive: storm_shop_pawnbroker_clock5__brass_dull
06:32:33 | INFO: Primitives created: 1
06:32:33 | INFO: Extracting primitive: storm_shop_pawnbroker_clock5__glassish
06:32:33 | INFO: Primitives created: 1
06:32:33 | INFO: Extracting primitive: storm_shop_pawnbroker_clock5__iron_blackened
06:32:33 | INFO: Primitives created: 1
06:32:33 | INFO: Extracting primitive: storm_shop_pawnbroker_clock5__porcelain
06:32:33 | INFO: Primitives created: 1
06:32:33 | INFO: Extracting primitive: storm_shop_pawnbroker_clock6__brass_dull
06:32:33 | INFO: Primitives created: 1
06:32:33 | INFO: Extracting primitive: storm_shop_pawnbroker_clock6__glassish
06:32:33 | INFO: Primitives created: 1
06:32:33 | INFO: Extracting primitive: storm_shop_pawnbroker_clock6__iron_blackened
06:32:33 | INFO: Primitives created: 1
06:32:33 | INFO: Extracting primitive: storm_shop_pawnbroker_clock6__porcelain
06:32:33 | INFO: Primitives created: 1
06:32:33 | INFO: Extracting primitive: storm_shop_pawnbroker_clock6__wood_dark
06:32:33 | INFO: Primitives created: 1
06:32:33 | INFO: Extracting primitive: storm_shop_pawnbroker_clock7__brass_dull
06:32:33 | INFO: Primitives created: 1
06:32:33 | INFO: Extracting primitive: storm_shop_pawnbroker_clock7__glassish
06:32:33 | INFO: Primitives created: 1
06:32:33 | INFO: Extracting primitive: storm_shop_pawnbroker_clock7__iron_blackened
06:32:33 | INFO: Primitives created: 1
06:32:33 | INFO: Extracting primitive: storm_shop_pawnbroker_clock7__porcelain
06:32:33 | INFO: Primitives created: 1
06:32:33 | INFO: Extracting primitive: storm_shop_pawnbroker_clock8__brass_dull
06:32:33 | INFO: Primitives created: 1
06:32:33 | INFO: Extracting primitive: storm_shop_pawnbroker_clock8__glassish
06:32:33 | INFO: Primitives created: 1
06:32:33 | INFO: Extracting primitive: storm_shop_pawnbroker_clock8__iron_blackened
06:32:33 | INFO: Primitives created: 1
06:32:33 | INFO: Extracting primitive: storm_shop_pawnbroker_clock8__porcelain
06:32:33 | INFO: Primitives created: 1
06:32:33 | INFO: Extracting primitive: storm_shop_pawnbroker_clock8__wood_dark
06:32:33 | INFO: Primitives created: 1
06:32:33 | INFO: Extracting primitive: storm_shop_pawnbroker_clock9__brass_dull
06:32:33 | INFO: Primitives created: 1
06:32:33 | INFO: Extracting primitive: storm_shop_pawnbroker_clock9__glassish
06:32:33 | INFO: Primitives created: 1
06:32:33 | INFO: Extracting primitive: storm_shop_pawnbroker_clock9__iron_blackened
06:32:33 | INFO: Primitives created: 1
06:32:33 | INFO: Extracting primitive: storm_shop_pawnbroker_clock9__porcelain
06:32:33 | INFO: Primitives created: 1
06:32:33 | INFO: Extracting primitive: storm_shop_pawnbroker_clock10__brass_dull
06:32:33 | INFO: Primitives created: 1
06:32:33 | INFO: Extracting primitive: storm_shop_pawnbroker_clock10__glassish
06:32:33 | INFO: Primitives created: 1
06:32:33 | INFO: Extracting primitive: storm_shop_pawnbroker_clock10__iron_blackened
06:32:33 | INFO: Primitives created: 1
06:32:33 | INFO: Extracting primitive: storm_shop_pawnbroker_clock10__porcelain
06:32:33 | INFO: Primitives created: 1
06:32:33 | INFO: Extracting primitive: storm_shop_pawnbroker_clock10__wood_dark
06:32:33 | INFO: Primitives created: 1
06:32:33 | INFO: Extracting primitive: storm_shop_pawnbroker_clock11__brass_dull
06:32:33 | INFO: Primitives created: 1
06:32:33 | INFO: Extracting primitive: storm_shop_pawnbroker_clock11__glassish
06:32:33 | INFO: Primitives created: 1
06:32:33 | INFO: Extracting primitive: storm_shop_pawnbroker_clock11__iron_blackened
06:32:33 | INFO: Primitives created: 1
06:32:33 | INFO: Extracting primitive: storm_shop_pawnbroker_clock11__porcelain
06:32:33 | INFO: Primitives created: 1
06:32:33 | INFO: Extracting primitive: storm_shop_pawnbroker_clock12__brass_dull
06:32:33 | INFO: Primitives created: 1
06:32:33 | INFO: Extracting primitive: storm_shop_pawnbroker_clock12__glassish
06:32:33 | INFO: Primitives created: 1
06:32:33 | INFO: Extracting primitive: storm_shop_pawnbroker_clock12__iron_blackened
06:32:33 | INFO: Primitives created: 1
06:32:33 | INFO: Extracting primitive: storm_shop_pawnbroker_clock12__porcelain
06:32:33 | INFO: Primitives created: 1
06:32:33 | INFO: Extracting primitive: storm_shop_pawnbroker_clock12__wood_dark
06:32:33 | INFO: Primitives created: 1
06:32:33 | INFO: Extracting primitive: storm_shop_pawnbroker_clock13__brass_dull
06:32:33 | INFO: Primitives created: 1
06:32:33 | INFO: Extracting primitive: storm_shop_pawnbroker_clock13__glassish
06:32:33 | INFO: Primitives created: 1
06:32:33 | INFO: Extracting primitive: storm_shop_pawnbroker_clock13__iron_blackened
06:32:33 | INFO: Primitives created: 1
06:32:33 | INFO: Extracting primitive: storm_shop_pawnbroker_clock13__porcelain
06:32:33 | INFO: Primitives created: 1
06:32:33 | INFO: Extracting primitive: storm_shop_pawnbroker_clock14__brass_dull
06:32:33 | INFO: Primitives created: 1
06:32:33 | INFO: Extracting primitive: storm_shop_pawnbroker_clock14__glassish
06:32:33 | INFO: Primitives created: 1
06:32:33 | INFO: Extracting primitive: storm_shop_pawnbroker_clock14__iron_blackened
06:32:33 | INFO: Primitives created: 1
06:32:33 | INFO: Extracting primitive: storm_shop_pawnbroker_clock14__porcelain
06:32:33 | INFO: Primitives created: 1
06:32:33 | INFO: Extracting primitive: storm_shop_pawnbroker_clock14__wood_dark
06:32:33 | INFO: Primitives created: 1
06:32:33 | INFO: Finished glTF 2.0 export in 0.10928916931152344 s

PAWN CLOCKS 15 original records; 15 assemblies; 345 closed stocks; 68 parts; 27816 triangles; 30 foot contacts

Blender quit
