{
  "counts_by_collection": {
    "ceilings": 26,
    "furniture": 4415,
    "markers": 188,
    "rooms": 16,
    "site_lights": 565,
    "slabs": 1,
    "sockets": 30,
    "vent_registers": 3,
    "walls": 42
  },
  "counts_by_owner_cell": {
    "CELL_ORISON_F01_INTERIOR": 465,
    "CELL_ORISON_FACADE_SHELL": 41,
    "CELL_PASSAGE": 505,
    "CELL_SHOP_BAR": 375,
    "CELL_SHOP_BODEGA": 161,
    "CELL_SHOP_FUNERAL_PARLOUR": 121,
    "CELL_SHOP_HARDWARE_PAINT": 230,
    "CELL_SHOP_KEYS_CUT": 187,
    "CELL_SHOP_LUNCHEONETTE": 115,
    "CELL_SHOP_MODEL_LAUNDRY": 165,
    "CELL_SHOP_NEWS_CIGARS": 84,
    "CELL_SHOP_OTIS_SON": 189,
    "CELL_SHOP_PAWNBROKER": 122,
    "CELL_SHOP_PHOTO_SUPPLIES": 126,
    "CELL_SHOP_RADIO_SERVICE": 100,
    "CELL_SHOP_SHOE_REBUILDING": 108,
    "CELL_SITE_STREET_COMMON": 2192
  },
  "formerly_anonymous_records": 608,
  "passage_overlap_rulings": 3,
  "record_count": 5286,
  "schema": "orison.floor01.source-ownership",
  "schema_version": 1,
  "spatial_inference_used": false,
  "status": "PASS"
}
