FABRICATION STAGE: art/blender/scripts/inspect_household_stove_motion.py
00:01.625  blend            | Read blend: "C:\PleaseRemainOnTheLine\art\blender\household_stoves.blend"
Traceback (most recent call last):
  File "C:\PleaseRemainOnTheLine\art\blender\scripts\run_fabrication_batch.py", line 79, in <module>
    if __name__ == '__main__': main()
                               ~~~~^^
  File "C:\PleaseRemainOnTheLine\art\blender\scripts\run_fabrication_batch.py", line 72, in main
    results = execute(stages)
  File "C:\PleaseRemainOnTheLine\art\blender\scripts\run_fabrication_batch.py", line 47, in execute
    runpy.run_path(sys.argv[0], run_name='__main__')
    ~~~~~~~~~~~~~~^^^^^^^^^^^^^^^^^^^^^^^^^^^^^^^^^^
  File "<frozen runpy>", line 287, in run_path
  File "<frozen runpy>", line 98, in _run_module_code
  File "<frozen runpy>", line 88, in _run_code
  File "C:\PleaseRemainOnTheLine\art\blender\scripts\inspect_household_stove_motion.py", line 45, in <module>
    assert not failures,[(f['source'],f['other'],f['station'],f['progress']) for f in failures[:15]]
           ^^^^^^^^^^^^
AssertionError: [('HouseholdGasRange_Grate3_Rim', 'HouseholdGasRange_BackSplash', 2, 0.225), ('HouseholdGasRange_Grate3_Rim', 'HouseholdGasRange_BackSplash', 2, 0.25), ('HouseholdGasRange_Grate3_Rim', 'HouseholdGasRange_BackSplash', 2, 0.275), ('HouseholdGasRange_Grate3_Rim', 'HouseholdGasRange_BackSplash', 2, 0.30000000000000004), ('HouseholdGasRange_Grate3_Rim', 'HouseholdGasRange_BackSplash', 2, 0.325), ('HouseholdGasRange_Grate3_Rim', 'HouseholdGasRange_BackSplash', 2, 0.35000000000000003), ('HouseholdGasRange_Grate3_Rim', 'HouseholdGasRange_BackSplash', 2, 0.375), ('HouseholdGasRange_Grate3_Rim', 'HouseholdGasRange_BackSplash', 2, 0.4), ('HouseholdGasRange_Grate3_Rim', 'HouseholdGasRange_BackSplash', 2, 0.42500000000000004), ('HouseholdGasRange_Grate3_Rim', 'HouseholdGasRange_BackSplash', 2, 0.45), ('HouseholdGasRange_Grate3_Rim', 'HouseholdGasRange_BackSplash', 2, 0.47500000000000003), ('HouseholdGasRange_Grate3_Rim', 'HouseholdGasRange_BackSplash', 2, 0.5), ('HouseholdGasRange_Grate3_Rim', 'HouseholdGasRange_BackSplash', 2, 0.525), ('HouseholdGasRange_Grate3_Rim', 'HouseholdGasRange_BackSplash', 2, 0.55), ('HouseholdGasRange_Grate3_Rim', 'HouseholdGasRange_BackSplash', 2, 0.5750000000000001)]

Error: script failed, file: 'art/blender/scripts/run_fabrication_batch.py', exiting.
Blender 5.2.0 LTS (hash fbe6228777e7 built 2026-07-14 01:35:40)

Blender quit
