FABRICATION STAGE: art/blender/scripts/build_household_stoves.py
C:\PleaseRemainOnTheLine\art\blender\scripts\build_household_stoves.py:72: DeprecationWarning: 'Material.use_nodes' is expected to be removed in Blender 6.0
  mat=bpy.data.materials.new(key);mat.use_nodes=True;materials[key]=mat
Info: Saved as "household_stoves.blend"
INFO Draco is available, use library at C:\Program Files\Blender Foundation\Blender 5.2\5.2\scripts\addons_core\io_scene_gltf2\bf_intern_draco_bridge.dll
INFO MeshOptimizer is available, use library at C:\Program Files\Blender Foundation\Blender 5.2\5.2\scripts\addons_core\io_scene_gltf2\bf_intern_meshopt_bridge.dll
03:37:12 | INFO: Starting glTF 2.0 export
03:37:12 | INFO: Extracting primitive: HouseholdGasRange__Body_ON_brass
03:37:12 | INFO: Primitives created: 1
03:37:12 | INFO: Extracting primitive: HouseholdGasRange__Body_ON_dark
03:37:12 | INFO: Primitives created: 1
03:37:12 | INFO: Extracting primitive: HouseholdGasRange__Body_ON_enamel
03:37:12 | INFO: Primitives created: 1
03:37:12 | INFO: Extracting primitive: HouseholdGasRange__Body_ON_iron
03:37:12 | INFO: Primitives created: 1
03:37:12 | INFO: Extracting primitive: HouseholdGasRange__Body_ON_nickel
03:37:12 | INFO: Primitives created: 1
03:37:12 | INFO: Extracting primitive: HouseholdGasRange__BroilerDrawer_ON_dark
03:37:12 | INFO: Primitives created: 1
03:37:12 | INFO: Extracting primitive: HouseholdGasRange__BroilerDrawer_ON_enamel
03:37:12 | INFO: Primitives created: 1
03:37:12 | INFO: Extracting primitive: HouseholdGasRange__BroilerDrawer_ON_iron
03:37:12 | INFO: Primitives created: 1
03:37:12 | INFO: Extracting primitive: HouseholdGasRange__BroilerDrawer_ON_nickel
03:37:12 | INFO: Primitives created: 1
03:37:12 | INFO: Extracting primitive: HouseholdGasRange__BurnerCap1_ON_dark
03:37:12 | INFO: Primitives created: 1
03:37:12 | INFO: Extracting primitive: HouseholdGasRange__BurnerCap1_ON_iron
03:37:12 | INFO: Primitives created: 1
03:37:12 | INFO: Extracting primitive: HouseholdGasRange__BurnerCap2_ON_dark
03:37:12 | INFO: Primitives created: 1
03:37:12 | INFO: Extracting primitive: HouseholdGasRange__BurnerCap2_ON_iron
03:37:12 | INFO: Primitives created: 1
03:37:12 | INFO: Extracting primitive: HouseholdGasRange__BurnerCap3_ON_dark
03:37:12 | INFO: Primitives created: 1
03:37:12 | INFO: Extracting primitive: HouseholdGasRange__BurnerCap3_ON_iron
03:37:12 | INFO: Primitives created: 1
03:37:12 | INFO: Extracting primitive: HouseholdGasRange__BurnerCap4_ON_dark
03:37:12 | INFO: Primitives created: 1
03:37:12 | INFO: Extracting primitive: HouseholdGasRange__BurnerCap4_ON_iron
03:37:12 | INFO: Primitives created: 1
03:37:12 | INFO: Extracting primitive: HouseholdGasRange__BurnerValve1_ON_bakelite
03:37:12 | INFO: Primitives created: 1
03:37:12 | INFO: Extracting primitive: HouseholdGasRange__BurnerValve1_ON_brass
03:37:12 | INFO: Primitives created: 1
03:37:12 | INFO: Extracting primitive: HouseholdGasRange__BurnerValve2_ON_bakelite
03:37:12 | INFO: Primitives created: 1
03:37:12 | INFO: Extracting primitive: HouseholdGasRange__BurnerValve2_ON_brass
03:37:12 | INFO: Primitives created: 1
03:37:12 | INFO: Extracting primitive: HouseholdGasRange__BurnerValve3_ON_bakelite
03:37:12 | INFO: Primitives created: 1
03:37:12 | INFO: Extracting primitive: HouseholdGasRange__BurnerValve3_ON_brass
03:37:12 | INFO: Primitives created: 1
03:37:12 | INFO: Extracting primitive: HouseholdGasRange__BurnerValve4_ON_bakelite
03:37:12 | INFO: Primitives created: 1
03:37:12 | INFO: Extracting primitive: HouseholdGasRange__BurnerValve4_ON_brass
03:37:12 | INFO: Primitives created: 1
03:37:12 | INFO: Extracting primitive: HouseholdGasRange__Grate1_ON_iron
03:37:12 | INFO: Primitives created: 1
03:37:12 | INFO: Extracting primitive: HouseholdGasRange__Grate2_ON_iron
03:37:12 | INFO: Primitives created: 1
03:37:12 | INFO: Extracting primitive: HouseholdGasRange__Grate3_ON_iron
03:37:12 | INFO: Primitives created: 1
03:37:12 | INFO: Extracting primitive: HouseholdGasRange__Grate4_ON_iron
03:37:12 | INFO: Primitives created: 1
03:37:12 | INFO: Extracting primitive: HouseholdGasRange__OvenDoor_ON_brass
03:37:12 | INFO: Primitives created: 1
03:37:12 | INFO: Extracting primitive: HouseholdGasRange__OvenDoor_ON_enamel
03:37:12 | INFO: Primitives created: 1
03:37:12 | INFO: Extracting primitive: HouseholdGasRange__OvenDoor_ON_iron
03:37:12 | INFO: Primitives created: 1
03:37:12 | INFO: Extracting primitive: HouseholdGasRange__OvenValve_ON_bakelite
03:37:12 | INFO: Primitives created: 1
03:37:12 | INFO: Extracting primitive: HouseholdGasRange__OvenValve_ON_brass
03:37:12 | INFO: Primitives created: 1
03:37:12 | INFO: Finished glTF 2.0 export in 0.15167737007141113 s

HOUSEHOLD STOVES 18 original records; 1 assemblies; 306 closed stocks; 34 parts; 65832 triangles; 4 foot contacts
FABRICATION STAGE: art/blender/scripts/inspect_household_stoves.py
00:03.547  blend            | Read blend: "C:\PleaseRemainOnTheLine\art\blender\household_stoves.blend"
HOUSEHOLD STOVES LOCAL: 306 closed stocks; 1 physical groups; 4 local bearings; 34 mapped parts
FABRICATION STAGE: art/blender/scripts/inspect_household_stove_motion.py
00:06.969  blend            | Read blend: "C:\PleaseRemainOnTheLine\art\blender\household_stoves.blend"
STOVE SURVEY: 1256 sampled nearby surface pairs clear
FABRICATION STAGE: art/blender/scripts/inspect_household_stoves_context.py
00:20.437  blend            | Read blend: "C:\PleaseRemainOnTheLine\art\blender\household_stoves.blend"
STOVE CONTEXT: 72 bearings, 0 close neighboring surface checks
FABRICATION STAGE: art/blender/scripts/render_household_stoves.py
00:23.656  blend            | Read blend: "C:\PleaseRemainOnTheLine\art\blender\household_stoves.blend"
C:\PleaseRemainOnTheLine\art\blender\scripts\render_household_stoves.py:13: DeprecationWarning: 'World.use_nodes' is expected to be removed in Blender 6.0
  scene.world=bpy.data.worlds.new('Neutral inspection');scene.world.use_nodes=True
00:27.391  render           | Saved: 'C:\PleaseRemainOnTheLine\tmp\v2-finish-review\household-stoves-native\HouseholdGasRange_closed.png'
00:31.078  render           | Saved: 'C:\PleaseRemainOnTheLine\tmp\v2-finish-review\household-stoves-native\HouseholdGasRange_open.png'
00:34.719  render           | Saved: 'C:\PleaseRemainOnTheLine\tmp\v2-finish-review\household-stoves-native\HouseholdGasRange_service0.png'
00:38.359  render           | Saved: 'C:\PleaseRemainOnTheLine\tmp\v2-finish-review\household-stoves-native\HouseholdGasRange_service1.png'
00:42.031  render           | Saved: 'C:\PleaseRemainOnTheLine\tmp\v2-finish-review\household-stoves-native\HouseholdGasRange_service2.png'
00:45.719  render           | Saved: 'C:\PleaseRemainOnTheLine\tmp\v2-finish-review\household-stoves-native\HouseholdGasRange_service3.png'
{"completed_stages": 5, "elapsed_s": 44.342}
Blender 5.2.0 LTS (hash fbe6228777e7 built 2026-07-14 01:35:40)

Blender quit
