FABRICATION STAGE: art/blender/scripts/build_household_stoves.py
C:\PleaseRemainOnTheLine\art\blender\scripts\build_household_stoves.py:72: DeprecationWarning: 'Material.use_nodes' is expected to be removed in Blender 6.0
  mat=bpy.data.materials.new(key);mat.use_nodes=True;materials[key]=mat
Info: Saved as "household_stoves.blend"
INFO Draco is available, use library at C:\Program Files\Blender Foundation\Blender 5.2\5.2\scripts\addons_core\io_scene_gltf2\bf_intern_draco_bridge.dll
INFO MeshOptimizer is available, use library at C:\Program Files\Blender Foundation\Blender 5.2\5.2\scripts\addons_core\io_scene_gltf2\bf_intern_meshopt_bridge.dll
03:09:19 | INFO: Starting glTF 2.0 export
03:09:19 | INFO: Extracting primitive: HouseholdGasRange__Body_ON_brass
03:09:19 | INFO: Primitives created: 1
03:09:19 | INFO: Extracting primitive: HouseholdGasRange__Body_ON_dark
03:09:19 | INFO: Primitives created: 1
03:09:19 | INFO: Extracting primitive: HouseholdGasRange__Body_ON_enamel
03:09:19 | INFO: Primitives created: 1
03:09:19 | INFO: Extracting primitive: HouseholdGasRange__Body_ON_iron
03:09:19 | INFO: Primitives created: 1
03:09:19 | INFO: Extracting primitive: HouseholdGasRange__Body_ON_nickel
03:09:19 | INFO: Primitives created: 1
03:09:19 | INFO: Extracting primitive: HouseholdGasRange__BroilerDrawer_ON_dark
03:09:19 | INFO: Primitives created: 1
03:09:19 | INFO: Extracting primitive: HouseholdGasRange__BroilerDrawer_ON_enamel
03:09:19 | INFO: Primitives created: 1
03:09:19 | INFO: Extracting primitive: HouseholdGasRange__BroilerDrawer_ON_iron
03:09:19 | INFO: Primitives created: 1
03:09:19 | INFO: Extracting primitive: HouseholdGasRange__BroilerDrawer_ON_nickel
03:09:19 | INFO: Primitives created: 1
03:09:19 | INFO: Extracting primitive: HouseholdGasRange__BurnerCap1_ON_dark
03:09:19 | INFO: Primitives created: 1
03:09:19 | INFO: Extracting primitive: HouseholdGasRange__BurnerCap1_ON_iron
03:09:19 | INFO: Primitives created: 1
03:09:19 | INFO: Extracting primitive: HouseholdGasRange__BurnerCap2_ON_dark
03:09:19 | INFO: Primitives created: 1
03:09:19 | INFO: Extracting primitive: HouseholdGasRange__BurnerCap2_ON_iron
03:09:19 | INFO: Primitives created: 1
03:09:19 | INFO: Extracting primitive: HouseholdGasRange__BurnerCap3_ON_dark
03:09:19 | INFO: Primitives created: 1
03:09:19 | INFO: Extracting primitive: HouseholdGasRange__BurnerCap3_ON_iron
03:09:19 | INFO: Primitives created: 1
03:09:19 | INFO: Extracting primitive: HouseholdGasRange__BurnerCap4_ON_dark
03:09:19 | INFO: Primitives created: 1
03:09:19 | INFO: Extracting primitive: HouseholdGasRange__BurnerCap4_ON_iron
03:09:19 | INFO: Primitives created: 1
03:09:19 | INFO: Extracting primitive: HouseholdGasRange__BurnerValve1_ON_bakelite
03:09:19 | INFO: Primitives created: 1
03:09:19 | INFO: Extracting primitive: HouseholdGasRange__BurnerValve1_ON_brass
03:09:19 | INFO: Primitives created: 1
03:09:19 | INFO: Extracting primitive: HouseholdGasRange__BurnerValve2_ON_bakelite
03:09:19 | INFO: Primitives created: 1
03:09:19 | INFO: Extracting primitive: HouseholdGasRange__BurnerValve2_ON_brass
03:09:19 | INFO: Primitives created: 1
03:09:19 | INFO: Extracting primitive: HouseholdGasRange__BurnerValve3_ON_bakelite
03:09:19 | INFO: Primitives created: 1
03:09:19 | INFO: Extracting primitive: HouseholdGasRange__BurnerValve3_ON_brass
03:09:19 | INFO: Primitives created: 1
03:09:19 | INFO: Extracting primitive: HouseholdGasRange__BurnerValve4_ON_bakelite
03:09:19 | INFO: Primitives created: 1
03:09:19 | INFO: Extracting primitive: HouseholdGasRange__BurnerValve4_ON_brass
03:09:19 | INFO: Primitives created: 1
03:09:19 | INFO: Extracting primitive: HouseholdGasRange__Grate1_ON_iron
03:09:19 | INFO: Primitives created: 1
03:09:19 | INFO: Extracting primitive: HouseholdGasRange__Grate2_ON_iron
03:09:19 | INFO: Primitives created: 1
03:09:19 | INFO: Extracting primitive: HouseholdGasRange__Grate3_ON_iron
03:09:19 | INFO: Primitives created: 1
03:09:19 | INFO: Extracting primitive: HouseholdGasRange__Grate4_ON_iron
03:09:19 | INFO: Primitives created: 1
03:09:19 | INFO: Extracting primitive: HouseholdGasRange__OvenDoor_ON_brass
03:09:19 | INFO: Primitives created: 1
03:09:19 | INFO: Extracting primitive: HouseholdGasRange__OvenDoor_ON_enamel
03:09:19 | INFO: Primitives created: 1
03:09:19 | INFO: Extracting primitive: HouseholdGasRange__OvenDoor_ON_iron
03:09:19 | INFO: Primitives created: 1
03:09:19 | INFO: Extracting primitive: HouseholdGasRange__OvenValve_ON_bakelite
03:09:19 | INFO: Primitives created: 1
03:09:19 | INFO: Extracting primitive: HouseholdGasRange__OvenValve_ON_brass
03:09:19 | INFO: Primitives created: 1
03:09:19 | INFO: Finished glTF 2.0 export in 0.14323186874389648 s

HOUSEHOLD STOVES 18 original records; 1 assemblies; 294 closed stocks; 34 parts; 62792 triangles; 4 foot contacts
FABRICATION STAGE: art/blender/scripts/inspect_household_stoves.py
00:06.969  blend            | Read blend: "C:\PleaseRemainOnTheLine\art\blender\household_stoves.blend"
Traceback (most recent call last):
  File "C:\PleaseRemainOnTheLine\art\blender\scripts\run_fabrication_batch.py", line 79, in <module>
    if __name__ == '__main__': main()
                               ~~~~^^
  File "C:\PleaseRemainOnTheLine\art\blender\scripts\run_fabrication_batch.py", line 72, in main
    results = execute(stages)
  File "C:\PleaseRemainOnTheLine\art\blender\scripts\run_fabrication_batch.py", line 47, in execute
    runpy.run_path(sys.argv[0], run_name='__main__')
    ~~~~~~~~~~~~~~^^^^^^^^^^^^^^^^^^^^^^^^^^^^^^^^^^
  File "<frozen runpy>", line 287, in run_path
  File "<frozen runpy>", line 98, in _run_module_code
  File "<frozen runpy>", line 88, in _run_code
  File "C:\PleaseRemainOnTheLine\art\blender\scripts\inspect_household_stoves.py", line 57, in <module>
    assert not join_failures,join_failures
           ^^^^^^^^^^^^^^^^^
AssertionError: [('HouseholdGasRange_GasRange', 'disconnected', ['HouseholdGasRange_BroilerFastener-0.13', 'HouseholdGasRange_BroilerFastener0.13', 'HouseholdGasRange_BroilerInset', 'HouseholdGasRange_BroilerScrew-0.13-1', 'HouseholdGasRange_BroilerScrew-0.131', 'HouseholdGasRange_BroilerScrew0.13-1', 'HouseholdGasRange_BroilerScrew0.131', 'HouseholdGasRange_BroilerSkin', 'HouseholdGasRange_OvenHandle', 'HouseholdGasRange_OvenHandleFoot-0.1892', 'HouseholdGasRange_OvenHandleFoot0.1892', 'HouseholdGasRange_OvenHeatShield', 'HouseholdGasRange_OvenHinge-0.16_FixedNeck', 'HouseholdGasRange_OvenHinge-0.16_Knuckle-0.133', 'HouseholdGasRange_OvenHinge-0.16_Knuckle-0.187', 'HouseholdGasRange_OvenHinge-0.16_LeafNeck-0.133', 'HouseholdGasRange_OvenHinge-0.16_LeafNeck-0.187', 'HouseholdGasRange_OvenHinge-0.16_Pin', 'HouseholdGasRange_OvenHinge0.16_FixedNeck', 'HouseholdGasRange_OvenHinge0.16_Knuckle0.133', 'HouseholdGasRange_OvenHinge0.16_Knuckle0.187', 'HouseholdGasRange_OvenHinge0.16_LeafNeck0.133', 'HouseholdGasRange_OvenHinge0.16_LeafNeck0.187', 'HouseholdGasRange_OvenHinge0.16_Pin', 'HouseholdGasRange_OvenPressedPanel', 'HouseholdGasRange_OvenRackCross-0.19', 'HouseholdGasRange_OvenRackCross0.2', 'HouseholdGasRange_OvenRackWire0', 'HouseholdGasRange_OvenRackWire1', 'HouseholdGasRange_OvenRackWire10', 'HouseholdGasRange_OvenRackWire11', 'HouseholdGasRange_OvenRackWire12', 'HouseholdGasRange_OvenRackWire13', 'HouseholdGasRange_OvenRackWire14', 'HouseholdGasRange_OvenRackWire15', 'HouseholdGasRange_OvenRackWire16', 'HouseholdGasRange_OvenRackWire2', 'HouseholdGasRange_OvenRackWire3', 'HouseholdGasRange_OvenRackWire4', 'HouseholdGasRange_OvenRackWire5', 'HouseholdGasRange_OvenRackWire6', 'HouseholdGasRange_OvenRackWire7', 'HouseholdGasRange_OvenRackWire8', 'HouseholdGasRange_OvenRackWire9', 'HouseholdGasRange_OvenSkin', 'HouseholdGasRange_RackSlide-0.211', 'HouseholdGasRange_RackSlide0.207'])]
Blender 5.2.0 LTS (hash fbe6228777e7 built 2026-07-14 01:35:40)

Blender quit
