FABRICATION STAGE: art/blender/scripts/build_household_stoves.py
C:\PleaseRemainOnTheLine\art\blender\scripts\build_household_stoves.py:72: DeprecationWarning: 'Material.use_nodes' is expected to be removed in Blender 6.0
  mat=bpy.data.materials.new(key);mat.use_nodes=True;materials[key]=mat
Info: Saved as "household_stoves.blend"
INFO Draco is available, use library at C:\Program Files\Blender Foundation\Blender 5.2\5.2\scripts\addons_core\io_scene_gltf2\bf_intern_draco_bridge.dll
INFO MeshOptimizer is available, use library at C:\Program Files\Blender Foundation\Blender 5.2\5.2\scripts\addons_core\io_scene_gltf2\bf_intern_meshopt_bridge.dll
03:29:39 | INFO: Starting glTF 2.0 export
03:29:39 | INFO: Extracting primitive: HouseholdGasRange__Body_ON_brass
03:29:39 | INFO: Primitives created: 1
03:29:39 | INFO: Extracting primitive: HouseholdGasRange__Body_ON_dark
03:29:39 | INFO: Primitives created: 1
03:29:39 | INFO: Extracting primitive: HouseholdGasRange__Body_ON_enamel
03:29:39 | INFO: Primitives created: 1
03:29:39 | INFO: Extracting primitive: HouseholdGasRange__Body_ON_iron
03:29:39 | INFO: Primitives created: 1
03:29:39 | INFO: Extracting primitive: HouseholdGasRange__Body_ON_nickel
03:29:39 | INFO: Primitives created: 1
03:29:39 | INFO: Extracting primitive: HouseholdGasRange__BroilerDrawer_ON_dark
03:29:39 | INFO: Primitives created: 1
03:29:39 | INFO: Extracting primitive: HouseholdGasRange__BroilerDrawer_ON_enamel
03:29:39 | INFO: Primitives created: 1
03:29:39 | INFO: Extracting primitive: HouseholdGasRange__BroilerDrawer_ON_iron
03:29:39 | INFO: Primitives created: 1
03:29:39 | INFO: Extracting primitive: HouseholdGasRange__BroilerDrawer_ON_nickel
03:29:39 | INFO: Primitives created: 1
03:29:39 | INFO: Extracting primitive: HouseholdGasRange__BurnerCap1_ON_dark
03:29:39 | INFO: Primitives created: 1
03:29:39 | INFO: Extracting primitive: HouseholdGasRange__BurnerCap1_ON_iron
03:29:39 | INFO: Primitives created: 1
03:29:39 | INFO: Extracting primitive: HouseholdGasRange__BurnerCap2_ON_dark
03:29:39 | INFO: Primitives created: 1
03:29:39 | INFO: Extracting primitive: HouseholdGasRange__BurnerCap2_ON_iron
03:29:39 | INFO: Primitives created: 1
03:29:39 | INFO: Extracting primitive: HouseholdGasRange__BurnerCap3_ON_dark
03:29:39 | INFO: Primitives created: 1
03:29:39 | INFO: Extracting primitive: HouseholdGasRange__BurnerCap3_ON_iron
03:29:39 | INFO: Primitives created: 1
03:29:39 | INFO: Extracting primitive: HouseholdGasRange__BurnerCap4_ON_dark
03:29:39 | INFO: Primitives created: 1
03:29:39 | INFO: Extracting primitive: HouseholdGasRange__BurnerCap4_ON_iron
03:29:39 | INFO: Primitives created: 1
03:29:39 | INFO: Extracting primitive: HouseholdGasRange__BurnerValve1_ON_bakelite
03:29:39 | INFO: Primitives created: 1
03:29:39 | INFO: Extracting primitive: HouseholdGasRange__BurnerValve1_ON_brass
03:29:39 | INFO: Primitives created: 1
03:29:39 | INFO: Extracting primitive: HouseholdGasRange__BurnerValve2_ON_bakelite
03:29:39 | INFO: Primitives created: 1
03:29:39 | INFO: Extracting primitive: HouseholdGasRange__BurnerValve2_ON_brass
03:29:39 | INFO: Primitives created: 1
03:29:39 | INFO: Extracting primitive: HouseholdGasRange__BurnerValve3_ON_bakelite
03:29:39 | INFO: Primitives created: 1
03:29:39 | INFO: Extracting primitive: HouseholdGasRange__BurnerValve3_ON_brass
03:29:39 | INFO: Primitives created: 1
03:29:39 | INFO: Extracting primitive: HouseholdGasRange__BurnerValve4_ON_bakelite
03:29:39 | INFO: Primitives created: 1
03:29:39 | INFO: Extracting primitive: HouseholdGasRange__BurnerValve4_ON_brass
03:29:39 | INFO: Primitives created: 1
03:29:39 | INFO: Extracting primitive: HouseholdGasRange__Grate1_ON_iron
03:29:39 | INFO: Primitives created: 1
03:29:39 | INFO: Extracting primitive: HouseholdGasRange__Grate2_ON_iron
03:29:39 | INFO: Primitives created: 1
03:29:39 | INFO: Extracting primitive: HouseholdGasRange__Grate3_ON_iron
03:29:39 | INFO: Primitives created: 1
03:29:39 | INFO: Extracting primitive: HouseholdGasRange__Grate4_ON_iron
03:29:39 | INFO: Primitives created: 1
03:29:39 | INFO: Extracting primitive: HouseholdGasRange__OvenDoor_ON_brass
03:29:39 | INFO: Primitives created: 1
03:29:39 | INFO: Extracting primitive: HouseholdGasRange__OvenDoor_ON_enamel
03:29:39 | INFO: Primitives created: 1
03:29:39 | INFO: Extracting primitive: HouseholdGasRange__OvenDoor_ON_iron
03:29:39 | INFO: Primitives created: 1
03:29:39 | INFO: Extracting primitive: HouseholdGasRange__OvenValve_ON_bakelite
03:29:39 | INFO: Primitives created: 1
03:29:39 | INFO: Extracting primitive: HouseholdGasRange__OvenValve_ON_brass
03:29:39 | INFO: Primitives created: 1
03:29:39 | INFO: Finished glTF 2.0 export in 0.1567974090576172 s

HOUSEHOLD STOVES 18 original records; 1 assemblies; 306 closed stocks; 34 parts; 65832 triangles; 4 foot contacts
FABRICATION STAGE: art/blender/scripts/inspect_household_stoves.py
00:03.563  blend            | Read blend: "C:\PleaseRemainOnTheLine\art\blender\household_stoves.blend"
HOUSEHOLD STOVES LOCAL: 306 closed stocks; 1 physical groups; 4 local bearings; 34 mapped parts
FABRICATION STAGE: art/blender/scripts/inspect_household_stove_motion.py
00:06.969  blend            | Read blend: "C:\PleaseRemainOnTheLine\art\blender\household_stoves.blend"
Traceback (most recent call last):
  File "C:\PleaseRemainOnTheLine\art\blender\scripts\run_fabrication_batch.py", line 79, in <module>
    if __name__ == '__main__': main()
                               ~~~~^^
  File "C:\PleaseRemainOnTheLine\art\blender\scripts\run_fabrication_batch.py", line 72, in main
    results = execute(stages)
  File "C:\PleaseRemainOnTheLine\art\blender\scripts\run_fabrication_batch.py", line 47, in execute
    runpy.run_path(sys.argv[0], run_name='__main__')
    ~~~~~~~~~~~~~~^^^^^^^^^^^^^^^^^^^^^^^^^^^^^^^^^^
  File "<frozen runpy>", line 287, in run_path
  File "<frozen runpy>", line 98, in _run_module_code
  File "<frozen runpy>", line 88, in _run_code
  File "C:\PleaseRemainOnTheLine\art\blender\scripts\inspect_household_stove_motion.py", line 45, in <module>
    assert not failures,[(f['source'],f['other'],f['station'],f['progress']) for f in failures[:15]]
           ^^^^^^^^^^^^
AssertionError: [('HouseholdGasRange_Grate1_Rim', 'HouseholdGasRange_BurnerCap1_Port0.9817477042468103', 0, 0.1), ('HouseholdGasRange_Grate1_Rim', 'HouseholdGasRange_BurnerCap1_Port1.1780972450961724', 0, 0.1), ('HouseholdGasRange_Grate1_Rim', 'HouseholdGasRange_BurnerCap1_Port1.3744467859455345', 0, 0.1), ('HouseholdGasRange_Grate1_Rim', 'HouseholdGasRange_BurnerCap1_Port1.5707963267948966', 0, 0.1), ('HouseholdGasRange_Grate1_Rim', 'HouseholdGasRange_BurnerCap1_Port1.7671458676442586', 0, 0.1), ('HouseholdGasRange_Grate1_Rim', 'HouseholdGasRange_BurnerCap1_Port1.9634954084936207', 0, 0.1), ('HouseholdGasRange_Grate1_Finger2', 'HouseholdGasRange_BurnerCap1_Port1.5707963267948966', 0, 0.1), ('HouseholdGasRange_BurnerCap1_Port0.9817477042468103', 'HouseholdGasRange_Grate1_Rim', 0, 0.1), ('HouseholdGasRange_BurnerCap1_Port1.1780972450961724', 'HouseholdGasRange_Grate1_Rim', 0, 0.1), ('HouseholdGasRange_BurnerCap1_Port1.3744467859455345', 'HouseholdGasRange_Grate1_Rim', 0, 0.1), ('HouseholdGasRange_BurnerCap1_Port1.5707963267948966', 'HouseholdGasRange_Grate1_Rim', 0, 0.1), ('HouseholdGasRange_BurnerCap1_Port1.5707963267948966', 'HouseholdGasRange_Grate1_Finger2', 0, 0.1), ('HouseholdGasRange_BurnerCap1_Port1.7671458676442586', 'HouseholdGasRange_Grate1_Rim', 0, 0.1), ('HouseholdGasRange_BurnerCap1_Port1.9634954084936207', 'HouseholdGasRange_Grate1_Rim', 0, 0.1), ('HouseholdGasRange_Grate1_Rim', 'HouseholdGasRange_BurnerCap1_Head', 0, 0.125)]
Blender 5.2.0 LTS (hash fbe6228777e7 built 2026-07-14 01:35:40)

Blender quit
