Godot Engine v4.7.1.stable.official.a13da4feb - https://godotengine.org
Vulkan 1.4.341 - Forward+ - Using Device #0: NVIDIA - NVIDIA GeForce RTX 4080

[ACOUSTIC] 550 nodes loaded
ORISON V2 BLOCKOUT: 200 spaces / 111 doors / 1414 anchors
[V2 FRONT COURT ROOF] three seated girders; retained roof slabs; mapped exterior concrete
[V2 BODEGA POWER] independent inlet; four existing fittings; 20 bearings
[SURFACE] 402 surfaces layered (261 materials)
[PASSAGE HOURS] OPEN; 10 grilles folded
[PASSAGE HOURS] 11 shopfronts, 10 close after 02:00, HARDWARE PAINT keeps night service
[PASSAGE FINISH] 6 gated draws, 3 handcarts, hours active
[V2 PASSAGE] 13 resident cells; 11 doors; 1 shared-service counters
[SURFACE] 215 surfaces layered (108 materials)
[HARUKIYA] 9 interactables placed
[ARCADE] 2 cabinet(s) from a catalog of 12: SOMETHING IN THE HALL (mystery_serial), OPERATIONS (farm_and_market)
[ARCADE] all of them are running arcade_pit
[V2 BAR] retained cell; 29 registered markers; 3 doors
[V2 FRONT FACADE] native entrance, original landmark hardware, glazed marquee and fitted blade
[SCHEDULE] director live: 18 residents on the clock
[MOVES] personal library: res://assets/characters/mina_vale/mina_vale_moves.glb
SOURCE PARAPET MATERIAL ROOF_PARAPET_EAST brick 
SOURCE PARAPET MATERIAL ROOF_PARAPET_NORTH brick 
SOURCE PARAPET MATERIAL ROOF_PARAPET_SOUTH brick 
SOURCE PARAPET MATERIAL ROOF_PARAPET_WEST brick 
[ORISON V2 RUNTIME] ready startup_ms=44379.320
[LIGHTING] 230 sources active in system; 230 full personalities; profiles steady/breathe/mains/beat/dropout=[56, 50, 41, 47, 36]
[HARUKIYA] OPEN, 18 fixtures
CONNECTED EXTERIOR CHECK: production leaf exists: F01_D_ENTRY_DOOR = true
CONNECTED EXTERIOR CHECK: leaf starts closed and usable: F01_D_ENTRY_DOOR = true
CONNECTED EXTERIOR CHECK: actual player ray/prompt reaches F01_D_ENTRY_DOOR = true
CONNECTED EXTERIOR CHECK: input opens physical leaf to its stop: F01_D_ENTRY_DOOR = true
CONNECTED EXTERIOR CHECK: production leaf exists: F01_D_KITCHEN_DOOR = true
CONNECTED EXTERIOR CHECK: leaf starts closed and usable: F01_D_KITCHEN_DOOR = true
CONNECTED EXTERIOR CHECK: actual player ray/prompt reaches F01_D_KITCHEN_DOOR = true
CONNECTED EXTERIOR CHECK: input opens physical leaf to its stop: F01_D_KITCHEN_DOOR = true
CONNECTED EXTERIOR CHECK: water fixture exists: F01_1D_KITCHEN_SINK_01 = true
CONNECTED EXTERIOR CHECK: independent valve targets exist: F01_1D_KITCHEN_SINK_01 = true
CONNECTED EXTERIOR CHECK: actual player ray/prompt reaches F01_1D_KITCHEN_SINK_01_hot = true
CONNECTED EXTERIOR CHECK: hot valve supplies boiler-heated water through input = true
CONNECTED EXTERIOR CHECK: actual player ray/prompt reaches F01_1D_KITCHEN_SINK_01_mix = true
CONNECTED EXTERIOR CHECK: independent cold valve dilutes the hot supply = true
CONNECTED EXTERIOR CHECK: actual player ray/prompt reaches F01_1D_KITCHEN_SINK_01_hot_off = true
CONNECTED EXTERIOR CHECK: closing hot leaves only cold water = true
CONNECTED EXTERIOR CHECK: actual player ray/prompt reaches F01_1D_KITCHEN_SINK_01_cold_off = true
CONNECTED EXTERIOR CHECK: both valves shut through input = true
CONNECTED EXTERIOR CHECK: production leaf exists: F01_D_BED_DOOR = true
CONNECTED EXTERIOR CHECK: leaf starts closed and usable: F01_D_BED_DOOR = true
CONNECTED EXTERIOR CHECK: actual player ray/prompt reaches F01_D_BED_DOOR = true
CONNECTED EXTERIOR CHECK: input opens physical leaf to its stop: F01_D_BED_DOOR = true
CONNECTED EXTERIOR CHECK: production leaf exists: F01_D_BATH_DOOR = true
CONNECTED EXTERIOR CHECK: leaf starts closed and usable: F01_D_BATH_DOOR = true
CONNECTED EXTERIOR CHECK: actual player ray/prompt reaches F01_D_BATH_DOOR = true
CONNECTED EXTERIOR CHECK: input opens physical leaf to its stop: F01_D_BATH_DOOR = true
CONNECTED EXTERIOR CHECK: water fixture exists: F01_1D_SINK_01 = true
CONNECTED EXTERIOR CHECK: independent valve targets exist: F01_1D_SINK_01 = true
CONNECTED EXTERIOR CHECK: actual player ray/prompt reaches F01_1D_SINK_01_hot = true
CONNECTED EXTERIOR CHECK: hot valve supplies boiler-heated water through input = true
CONNECTED EXTERIOR CHECK: actual player ray/prompt reaches F01_1D_SINK_01_mix = true
CONNECTED EXTERIOR CHECK: independent cold valve dilutes the hot supply = true
CONNECTED EXTERIOR CHECK: actual player ray/prompt reaches F01_1D_SINK_01_hot_off = true
CONNECTED EXTERIOR CHECK: closing hot leaves only cold water = true
CONNECTED EXTERIOR CHECK: actual player ray/prompt reaches F01_1D_SINK_01_cold_off = true
CONNECTED EXTERIOR CHECK: both valves shut through input = true
CONNECTED EXTERIOR CHECK: open leaf ready to close: F01_D_ENTRY_DOOR = true
CONNECTED EXTERIOR CHECK: actual player ray/prompt reaches F01_D_ENTRY_DOOR_close = true
CONNECTED EXTERIOR CHECK: input closes physical leaf: F01_D_ENTRY_DOOR = true
CONNECTED EXTERIOR CHECK: production leaf exists: F01_A_ENTRY_DOOR = true
CONNECTED EXTERIOR CHECK: leaf starts closed and usable: F01_A_ENTRY_DOOR = true
CONNECTED EXTERIOR CHECK: actual player ray/prompt reaches F01_A_ENTRY_DOOR = true
CONNECTED EXTERIOR CHECK: input opens physical leaf to its stop: F01_A_ENTRY_DOOR = true
CONNECTED EXTERIOR CHECK: production leaf exists: F01_A_VESTIBULE_MAIN_DOOR = true
CONNECTED EXTERIOR CHECK: leaf starts closed and usable: F01_A_VESTIBULE_MAIN_DOOR = true
CONNECTED EXTERIOR CHECK: actual player ray/prompt reaches F01_A_VESTIBULE_MAIN_DOOR = true
CONNECTED EXTERIOR CHECK: input opens physical leaf to its stop: F01_A_VESTIBULE_MAIN_DOOR = true
CONNECTED EXTERIOR CHECK: production leaf exists: F01_A_MAIN_BED_DOOR = true
CONNECTED EXTERIOR CHECK: leaf starts closed and usable: F01_A_MAIN_BED_DOOR = true
CONNECTED EXTERIOR CHECK: actual player ray/prompt reaches F01_A_MAIN_BED_DOOR = true
CONNECTED EXTERIOR CHECK: input opens physical leaf to its stop: F01_A_MAIN_BED_DOOR = true
CONNECTED EXTERIOR CHECK: production leaf exists: F01_A_BED_STORAGE_DOOR = true
CONNECTED EXTERIOR CHECK: leaf starts closed and usable: F01_A_BED_STORAGE_DOOR = true
CONNECTED EXTERIOR CHECK: actual player ray/prompt reaches F01_A_BED_STORAGE_DOOR = true
CONNECTED EXTERIOR CHECK: input opens physical leaf to its stop: F01_A_BED_STORAGE_DOOR = true
CONNECTED EXTERIOR CHECK: production leaf exists: F01_A_MAIN_KITCHEN_DOOR = true
CONNECTED EXTERIOR CHECK: leaf starts closed and usable: F01_A_MAIN_KITCHEN_DOOR = true
CONNECTED EXTERIOR CHECK: actual player ray/prompt reaches F01_A_MAIN_KITCHEN_DOOR = true
CONNECTED EXTERIOR CHECK: input opens physical leaf to its stop: F01_A_MAIN_KITCHEN_DOOR = true
CONNECTED EXTERIOR CHECK: water fixture exists: F01_1A_KITCHEN_SINK_01 = true
CONNECTED EXTERIOR CHECK: independent valve targets exist: F01_1A_KITCHEN_SINK_01 = true
CONNECTED EXTERIOR CHECK: actual player ray/prompt reaches F01_1A_KITCHEN_SINK_01_hot = true
CONNECTED EXTERIOR CHECK: hot valve supplies boiler-heated water through input = true
CONNECTED EXTERIOR CHECK: actual player ray/prompt reaches F01_1A_KITCHEN_SINK_01_mix = true
CONNECTED EXTERIOR CHECK: independent cold valve dilutes the hot supply = true
CONNECTED EXTERIOR CHECK: actual player ray/prompt reaches F01_1A_KITCHEN_SINK_01_hot_off = true
CONNECTED EXTERIOR CHECK: closing hot leaves only cold water = true
CONNECTED EXTERIOR CHECK: actual player ray/prompt reaches F01_1A_KITCHEN_SINK_01_cold_off = true
CONNECTED EXTERIOR CHECK: both valves shut through input = true
CONNECTED EXTERIOR CHECK: production leaf exists: F01_A_PRIVATE_HALL_BATH_DOOR = true
CONNECTED EXTERIOR CHECK: leaf starts closed and usable: F01_A_PRIVATE_HALL_BATH_DOOR = true
CONNECTED EXTERIOR CHECK: actual player ray/prompt reaches F01_A_PRIVATE_HALL_BATH_DOOR = true
CONNECTED EXTERIOR CHECK: input opens physical leaf to its stop: F01_A_PRIVATE_HALL_BATH_DOOR = true
CONNECTED EXTERIOR CHECK: water fixture exists: F01_1A_SINK_01 = true
CONNECTED EXTERIOR CHECK: independent valve targets exist: F01_1A_SINK_01 = true
CONNECTED EXTERIOR CHECK: actual player ray/prompt reaches F01_1A_SINK_01_hot = true
CONNECTED EXTERIOR CHECK: hot valve supplies boiler-heated water through input = true
CONNECTED EXTERIOR CHECK: actual player ray/prompt reaches F01_1A_SINK_01_mix = true
CONNECTED EXTERIOR CHECK: independent cold valve dilutes the hot supply = true
CONNECTED EXTERIOR CHECK: actual player ray/prompt reaches F01_1A_SINK_01_hot_off = true
CONNECTED EXTERIOR CHECK: closing hot leaves only cold water = true
CONNECTED EXTERIOR CHECK: actual player ray/prompt reaches F01_1A_SINK_01_cold_off = true
CONNECTED EXTERIOR CHECK: both valves shut through input = true
CONNECTED EXTERIOR CHECK: production leaf exists: F01_A_VESTIBULE_PRIVATE_HALL_DOOR = true
CONNECTED EXTERIOR CHECK: leaf starts closed and usable: F01_A_VESTIBULE_PRIVATE_HALL_DOOR = true
CONNECTED EXTERIOR CHECK: actual player ray/prompt reaches F01_A_VESTIBULE_PRIVATE_HALL_DOOR = true
CONNECTED EXTERIOR CHECK: input opens physical leaf to its stop: F01_A_VESTIBULE_PRIVATE_HALL_DOOR = true
CONNECTED EXTERIOR CHECK: production leaf exists: F03_D_ENTRY_DOOR = true
CONNECTED EXTERIOR CHECK: leaf starts closed and usable: F03_D_ENTRY_DOOR = true
CONNECTED EXTERIOR CHECK: actual player ray/prompt reaches F03_D_ENTRY_DOOR = true
CONNECTED EXTERIOR CHECK: input opens physical leaf to its stop: F03_D_ENTRY_DOOR = true
CONNECTED EXTERIOR CHECK: production leaf exists: F03_D_VESTIBULE_MAIN_DOOR = true
CONNECTED EXTERIOR CHECK: leaf starts closed and usable: F03_D_VESTIBULE_MAIN_DOOR = true
CONNECTED EXTERIOR CHECK: actual player ray/prompt reaches F03_D_VESTIBULE_MAIN_DOOR = true
CONNECTED EXTERIOR CHECK: input opens physical leaf to its stop: F03_D_VESTIBULE_MAIN_DOOR = true
CONNECTED EXTERIOR CHECK: production leaf exists: F03_D_MAIN_BED_DOOR = true
CONNECTED EXTERIOR CHECK: leaf starts closed and usable: F03_D_MAIN_BED_DOOR = true
CONNECTED EXTERIOR CHECK: actual player ray/prompt reaches F03_D_MAIN_BED_DOOR = true
CONNECTED EXTERIOR CHECK: input opens physical leaf to its stop: F03_D_MAIN_BED_DOOR = true
CONNECTED EXTERIOR CHECK: production leaf exists: F03_D_BED_STORAGE_DOOR = true
CONNECTED EXTERIOR CHECK: leaf starts closed and usable: F03_D_BED_STORAGE_DOOR = true
CONNECTED EXTERIOR CHECK: actual player ray/prompt reaches F03_D_BED_STORAGE_DOOR = true
CONNECTED EXTERIOR CHECK: input opens physical leaf to its stop: F03_D_BED_STORAGE_DOOR = true
CONNECTED EXTERIOR CHECK: production leaf exists: F03_D_MAIN_KITCHEN_DOOR = true
CONNECTED EXTERIOR CHECK: leaf starts closed and usable: F03_D_MAIN_KITCHEN_DOOR = true
CONNECTED EXTERIOR CHECK: actual player ray/prompt reaches F03_D_MAIN_KITCHEN_DOOR = true
CONNECTED EXTERIOR CHECK: input opens physical leaf to its stop: F03_D_MAIN_KITCHEN_DOOR = true
CONNECTED EXTERIOR CHECK: water fixture exists: F03_3D_KITCHEN_SINK_01 = true
CONNECTED EXTERIOR CHECK: independent valve targets exist: F03_3D_KITCHEN_SINK_01 = true
CONNECTED EXTERIOR CHECK: actual player ray/prompt reaches F03_3D_KITCHEN_SINK_01_hot = true
CONNECTED EXTERIOR CHECK: hot valve supplies boiler-heated water through input = true
CONNECTED EXTERIOR CHECK: actual player ray/prompt reaches F03_3D_KITCHEN_SINK_01_mix = true
CONNECTED EXTERIOR CHECK: independent cold valve dilutes the hot supply = true
CONNECTED EXTERIOR CHECK: actual player ray/prompt reaches F03_3D_KITCHEN_SINK_01_hot_off = true
CONNECTED EXTERIOR CHECK: closing hot leaves only cold water = true
CONNECTED EXTERIOR CHECK: actual player ray/prompt reaches F03_3D_KITCHEN_SINK_01_cold_off = true
CONNECTED EXTERIOR CHECK: both valves shut through input = true
CONNECTED EXTERIOR CHECK: production leaf exists: F03_D_PRIVATE_HALL_BATH_DOOR = true
CONNECTED EXTERIOR CHECK: leaf starts closed and usable: F03_D_PRIVATE_HALL_BATH_DOOR = true
CONNECTED EXTERIOR CHECK: actual player ray/prompt reaches F03_D_PRIVATE_HALL_BATH_DOOR = true
CONNECTED EXTERIOR CHECK: input opens physical leaf to its stop: F03_D_PRIVATE_HALL_BATH_DOOR = true
CONNECTED EXTERIOR CHECK: water fixture exists: F03_3D_SINK_01 = true
CONNECTED EXTERIOR CHECK: independent valve targets exist: F03_3D_SINK_01 = true
CONNECTED EXTERIOR CHECK: actual player ray/prompt reaches F03_3D_SINK_01_hot = true
CONNECTED EXTERIOR CHECK: hot valve supplies boiler-heated water through input = true
CONNECTED EXTERIOR CHECK: actual player ray/prompt reaches F03_3D_SINK_01_mix = true
CONNECTED EXTERIOR CHECK: independent cold valve dilutes the hot supply = true
CONNECTED EXTERIOR CHECK: actual player ray/prompt reaches F03_3D_SINK_01_hot_off = true
CONNECTED EXTERIOR CHECK: closing hot leaves only cold water = true
CONNECTED EXTERIOR CHECK: actual player ray/prompt reaches F03_3D_SINK_01_cold_off = true
CONNECTED EXTERIOR CHECK: both valves shut through input = true
CONNECTED EXTERIOR CHECK: production leaf exists: F03_D_VESTIBULE_PRIVATE_HALL_DOOR = true
CONNECTED EXTERIOR CHECK: leaf starts closed and usable: F03_D_VESTIBULE_PRIVATE_HALL_DOOR = true
CONNECTED EXTERIOR CHECK: actual player ray/prompt reaches F03_D_VESTIBULE_PRIVATE_HALL_DOOR = true
CONNECTED EXTERIOR CHECK: input opens physical leaf to its stop: F03_D_VESTIBULE_PRIVATE_HALL_DOOR = true
CONNECTED EXTERIOR CHECK: production leaf exists: F04_D_ENTRY_DOOR = true
CONNECTED EXTERIOR CHECK: leaf starts closed and usable: F04_D_ENTRY_DOOR = true
CONNECTED EXTERIOR CHECK: actual player ray/prompt reaches F04_D_ENTRY_DOOR = true
CONNECTED EXTERIOR CHECK: input opens physical leaf to its stop: F04_D_ENTRY_DOOR = true
CONNECTED EXTERIOR CHECK: production leaf exists: F04_D_VESTIBULE_MAIN_DOOR = true
CONNECTED EXTERIOR CHECK: leaf starts closed and usable: F04_D_VESTIBULE_MAIN_DOOR = true
CONNECTED EXTERIOR CHECK: actual player ray/prompt reaches F04_D_VESTIBULE_MAIN_DOOR = true
CONNECTED EXTERIOR CHECK: input opens physical leaf to its stop: F04_D_VESTIBULE_MAIN_DOOR = true
CONNECTED EXTERIOR CHECK: production leaf exists: F04_D_MAIN_BED_DOOR = true
CONNECTED EXTERIOR CHECK: leaf starts closed and usable: F04_D_MAIN_BED_DOOR = true
CONNECTED EXTERIOR CHECK: actual player ray/prompt reaches F04_D_MAIN_BED_DOOR = true
CONNECTED EXTERIOR CHECK: input opens physical leaf to its stop: F04_D_MAIN_BED_DOOR = true
CONNECTED EXTERIOR CHECK: production leaf exists: F04_D_BED_STORAGE_DOOR = true
CONNECTED EXTERIOR CHECK: leaf starts closed and locked: F04_D_BED_STORAGE_DOOR = true
CONNECTED EXTERIOR CHECK: actual player ray/prompt reaches F04_D_BED_STORAGE_DOOR = true
CONNECTED EXTERIOR CHECK: locked leaf refuses ordinary E and stays shut: F04_D_BED_STORAGE_DOOR = true
CONNECTED EXTERIOR CHECK: production leaf exists: F04_D_MAIN_KITCHEN_DOOR = true
CONNECTED EXTERIOR CHECK: leaf starts closed and usable: F04_D_MAIN_KITCHEN_DOOR = true
CONNECTED EXTERIOR CHECK: actual player ray/prompt reaches F04_D_MAIN_KITCHEN_DOOR = true
CONNECTED EXTERIOR CHECK: input opens physical leaf to its stop: F04_D_MAIN_KITCHEN_DOOR = true
CONNECTED EXTERIOR CHECK: water fixture exists: F04_4D_KITCHEN_SINK_01 = true
CONNECTED EXTERIOR CHECK: independent valve targets exist: F04_4D_KITCHEN_SINK_01 = true
CONNECTED EXTERIOR CHECK: actual player ray/prompt reaches F04_4D_KITCHEN_SINK_01_hot = true
CONNECTED EXTERIOR CHECK: hot valve supplies boiler-heated water through input = true
CONNECTED EXTERIOR CHECK: actual player ray/prompt reaches F04_4D_KITCHEN_SINK_01_mix = true
CONNECTED EXTERIOR CHECK: independent cold valve dilutes the hot supply = true
CONNECTED EXTERIOR CHECK: actual player ray/prompt reaches F04_4D_KITCHEN_SINK_01_hot_off = true
CONNECTED EXTERIOR CHECK: closing hot leaves only cold water = true
CONNECTED EXTERIOR CHECK: actual player ray/prompt reaches F04_4D_KITCHEN_SINK_01_cold_off = true
CONNECTED EXTERIOR CHECK: both valves shut through input = true
CONNECTED EXTERIOR CHECK: production leaf exists: F04_D_PRIVATE_HALL_BATH_DOOR = true
CONNECTED EXTERIOR CHECK: leaf starts closed and usable: F04_D_PRIVATE_HALL_BATH_DOOR = true
CONNECTED EXTERIOR CHECK: actual player ray/prompt reaches F04_D_PRIVATE_HALL_BATH_DOOR = true
CONNECTED EXTERIOR CHECK: input opens physical leaf to its stop: F04_D_PRIVATE_HALL_BATH_DOOR = true
CONNECTED EXTERIOR CHECK: water fixture exists: F04_4D_SINK_01 = true
CONNECTED EXTERIOR CHECK: independent valve targets exist: F04_4D_SINK_01 = true
CONNECTED EXTERIOR CHECK: actual player ray/prompt reaches F04_4D_SINK_01_hot = true
CONNECTED EXTERIOR CHECK: hot valve supplies boiler-heated water through input = true
CONNECTED EXTERIOR CHECK: actual player ray/prompt reaches F04_4D_SINK_01_mix = true
CONNECTED EXTERIOR CHECK: independent cold valve dilutes the hot supply = true
CONNECTED EXTERIOR CHECK: actual player ray/prompt reaches F04_4D_SINK_01_hot_off = true
CONNECTED EXTERIOR CHECK: closing hot leaves only cold water = true
CONNECTED EXTERIOR CHECK: actual player ray/prompt reaches F04_4D_SINK_01_cold_off = true
CONNECTED EXTERIOR CHECK: both valves shut through input = true
CONNECTED EXTERIOR CHECK: production leaf exists: F04_D_VESTIBULE_PRIVATE_HALL_DOOR = true
CONNECTED EXTERIOR CHECK: leaf starts closed and usable: F04_D_VESTIBULE_PRIVATE_HALL_DOOR = true
CONNECTED EXTERIOR CHECK: actual player ray/prompt reaches F04_D_VESTIBULE_PRIVATE_HALL_DOOR = true
CONNECTED EXTERIOR CHECK: input opens physical leaf to its stop: F04_D_VESTIBULE_PRIVATE_HALL_DOOR = true
CONNECTED EXTERIOR CHECK: production leaf exists: F02_C_ENTRY_DOOR = true
CONNECTED EXTERIOR CHECK: leaf starts closed and usable: F02_C_ENTRY_DOOR = true
CONNECTED EXTERIOR CHECK: actual player ray/prompt reaches F02_C_ENTRY_DOOR = true
CONNECTED EXTERIOR CHECK: input opens physical leaf to its stop: F02_C_ENTRY_DOOR = true
CONNECTED EXTERIOR CHECK: production leaf exists: F02_C_PRIVATE_HALL_BATH_DOOR = true
CONNECTED EXTERIOR CHECK: leaf starts closed and usable: F02_C_PRIVATE_HALL_BATH_DOOR = true
CONNECTED EXTERIOR CHECK: actual player ray/prompt reaches F02_C_PRIVATE_HALL_BATH_DOOR = true
CONNECTED EXTERIOR CHECK: input opens physical leaf to its stop: F02_C_PRIVATE_HALL_BATH_DOOR = true
CONNECTED EXTERIOR CHECK: water fixture exists: F02_2C_SINK_01 = true
CONNECTED EXTERIOR CHECK: independent valve targets exist: F02_2C_SINK_01 = true
CONNECTED EXTERIOR CHECK: actual player ray/prompt reaches F02_2C_SINK_01_hot = true
CONNECTED EXTERIOR CHECK: hot valve supplies boiler-heated water through input = true
CONNECTED EXTERIOR CHECK: actual player ray/prompt reaches F02_2C_SINK_01_mix = true
CONNECTED EXTERIOR CHECK: independent cold valve dilutes the hot supply = true
CONNECTED EXTERIOR CHECK: actual player ray/prompt reaches F02_2C_SINK_01_hot_off = true
CONNECTED EXTERIOR CHECK: closing hot leaves only cold water = true
CONNECTED EXTERIOR CHECK: actual player ray/prompt reaches F02_2C_SINK_01_cold_off = true
CONNECTED EXTERIOR CHECK: both valves shut through input = true
CONNECTED EXTERIOR CHECK: production leaf exists: F02_C_PRIVATE_HALL_KITCHEN_DOOR = true
CONNECTED EXTERIOR CHECK: leaf starts closed and usable: F02_C_PRIVATE_HALL_KITCHEN_DOOR = true
CONNECTED EXTERIOR CHECK: actual player ray/prompt reaches F02_C_PRIVATE_HALL_KITCHEN_DOOR = true
CONNECTED EXTERIOR CHECK: input opens physical leaf to its stop: F02_C_PRIVATE_HALL_KITCHEN_DOOR = true
CONNECTED EXTERIOR CHECK: water fixture exists: F02_2C_KITCHEN_SINK_01 = true
CONNECTED EXTERIOR CHECK: independent valve targets exist: F02_2C_KITCHEN_SINK_01 = true
CONNECTED EXTERIOR CHECK: actual player ray/prompt reaches F02_2C_KITCHEN_SINK_01_hot = true
CONNECTED EXTERIOR CHECK: hot valve supplies boiler-heated water through input = true
CONNECTED EXTERIOR CHECK: actual player ray/prompt reaches F02_2C_KITCHEN_SINK_01_mix = true
CONNECTED EXTERIOR CHECK: independent cold valve dilutes the hot supply = true
CONNECTED EXTERIOR CHECK: actual player ray/prompt reaches F02_2C_KITCHEN_SINK_01_hot_off = true
CONNECTED EXTERIOR CHECK: closing hot leaves only cold water = true
CONNECTED EXTERIOR CHECK: actual player ray/prompt reaches F02_2C_KITCHEN_SINK_01_cold_off = true
CONNECTED EXTERIOR CHECK: both valves shut through input = true
CONNECTED EXTERIOR CHECK: production leaf exists: F02_C_PRIVATE_HALL_BED1_DOOR = true
CONNECTED EXTERIOR CHECK: leaf starts closed and usable: F02_C_PRIVATE_HALL_BED1_DOOR = true
CONNECTED EXTERIOR CHECK: actual player ray/prompt reaches F02_C_PRIVATE_HALL_BED1_DOOR = true
CONNECTED EXTERIOR CHECK: input opens physical leaf to its stop: F02_C_PRIVATE_HALL_BED1_DOOR = true
CONNECTED EXTERIOR CHECK: production leaf exists: F02_C_PRIVATE_HALL_BED2_DOOR = true
CONNECTED EXTERIOR CHECK: leaf starts closed and usable: F02_C_PRIVATE_HALL_BED2_DOOR = true
CONNECTED EXTERIOR CHECK: actual player ray/prompt reaches F02_C_PRIVATE_HALL_BED2_DOOR = true
CONNECTED EXTERIOR CHECK: input opens physical leaf to its stop: F02_C_PRIVATE_HALL_BED2_DOOR = true
CONNECTED EXTERIOR CHECK: production leaf exists: F04_C_ENTRY_DOOR = true
CONNECTED EXTERIOR CHECK: leaf starts closed and usable: F04_C_ENTRY_DOOR = true
CONNECTED EXTERIOR CHECK: actual player ray/prompt reaches F04_C_ENTRY_DOOR = true
CONNECTED EXTERIOR CHECK: input opens physical leaf to its stop: F04_C_ENTRY_DOOR = true
CONNECTED EXTERIOR CHECK: production leaf exists: F04_C_PRIVATE_HALL_BATH_DOOR = true
CONNECTED EXTERIOR CHECK: leaf starts closed and usable: F04_C_PRIVATE_HALL_BATH_DOOR = true
CONNECTED EXTERIOR CHECK: actual player ray/prompt reaches F04_C_PRIVATE_HALL_BATH_DOOR = true
CONNECTED EXTERIOR CHECK: input opens physical leaf to its stop: F04_C_PRIVATE_HALL_BATH_DOOR = true
CONNECTED EXTERIOR CHECK: water fixture exists: F04_4C_SINK_01 = true
CONNECTED EXTERIOR CHECK: independent valve targets exist: F04_4C_SINK_01 = true
CONNECTED EXTERIOR CHECK: actual player ray/prompt reaches F04_4C_SINK_01_hot = true
CONNECTED EXTERIOR CHECK: hot valve supplies boiler-heated water through input = true
CONNECTED EXTERIOR CHECK: actual player ray/prompt reaches F04_4C_SINK_01_mix = true
CONNECTED EXTERIOR CHECK: independent cold valve dilutes the hot supply = true
CONNECTED EXTERIOR CHECK: actual player ray/prompt reaches F04_4C_SINK_01_hot_off = true
CONNECTED EXTERIOR CHECK: closing hot leaves only cold water = true
CONNECTED EXTERIOR CHECK: actual player ray/prompt reaches F04_4C_SINK_01_cold_off = true
CONNECTED EXTERIOR CHECK: both valves shut through input = true
CONNECTED EXTERIOR CHECK: production leaf exists: F04_C_PRIVATE_HALL_KITCHEN_DOOR = true
CONNECTED EXTERIOR CHECK: leaf starts closed and usable: F04_C_PRIVATE_HALL_KITCHEN_DOOR = true
CONNECTED EXTERIOR CHECK: actual player ray/prompt reaches F04_C_PRIVATE_HALL_KITCHEN_DOOR = true
CONNECTED EXTERIOR CHECK: input opens physical leaf to its stop: F04_C_PRIVATE_HALL_KITCHEN_DOOR = true
CONNECTED EXTERIOR CHECK: water fixture exists: F04_4C_KITCHEN_SINK_01 = true
CONNECTED EXTERIOR CHECK: independent valve targets exist: F04_4C_KITCHEN_SINK_01 = true
CONNECTED EXTERIOR CHECK: actual player ray/prompt reaches F04_4C_KITCHEN_SINK_01_hot = true
CONNECTED EXTERIOR CHECK: hot valve supplies boiler-heated water through input = true
CONNECTED EXTERIOR CHECK: actual player ray/prompt reaches F04_4C_KITCHEN_SINK_01_mix = true
CONNECTED EXTERIOR CHECK: independent cold valve dilutes the hot supply = true
CONNECTED EXTERIOR CHECK: actual player ray/prompt reaches F04_4C_KITCHEN_SINK_01_hot_off = true
CONNECTED EXTERIOR CHECK: closing hot leaves only cold water = true
CONNECTED EXTERIOR CHECK: actual player ray/prompt reaches F04_4C_KITCHEN_SINK_01_cold_off = true
CONNECTED EXTERIOR CHECK: both valves shut through input = true
CONNECTED EXTERIOR CHECK: production leaf exists: F04_C_PRIVATE_HALL_BED1_DOOR = true
CONNECTED EXTERIOR CHECK: leaf starts closed and usable: F04_C_PRIVATE_HALL_BED1_DOOR = true
CONNECTED EXTERIOR CHECK: actual player ray/prompt reaches F04_C_PRIVATE_HALL_BED1_DOOR = true
CONNECTED EXTERIOR CHECK: input opens physical leaf to its stop: F04_C_PRIVATE_HALL_BED1_DOOR = true
CONNECTED EXTERIOR CHECK: production leaf exists: F04_C_PRIVATE_HALL_BED2_DOOR = true
CONNECTED EXTERIOR CHECK: leaf starts closed and usable: F04_C_PRIVATE_HALL_BED2_DOOR = true
CONNECTED EXTERIOR CHECK: actual player ray/prompt reaches F04_C_PRIVATE_HALL_BED2_DOOR = true
CONNECTED EXTERIOR CHECK: input opens physical leaf to its stop: F04_C_PRIVATE_HALL_BED2_DOOR = true
CONNECTED EXTERIOR CHECK: production leaf exists: F01_STAFF_RESTROOM_DOOR = true
CONNECTED EXTERIOR CHECK: leaf starts closed and usable: F01_STAFF_RESTROOM_DOOR = true
CONNECTED EXTERIOR CHECK: actual player ray/prompt reaches F01_STAFF_RESTROOM_DOOR = true
CONNECTED EXTERIOR CHECK: input opens physical leaf to its stop: F01_STAFF_RESTROOM_DOOR = true
CONNECTED EXTERIOR CHECK: water fixture exists: F01_STAFF_SINK = true
CONNECTED EXTERIOR CHECK: independent valve targets exist: F01_STAFF_SINK = true
CONNECTED EXTERIOR CHECK: actual player ray/prompt reaches F01_STAFF_SINK_hot = true
CONNECTED EXTERIOR CHECK: hot valve supplies boiler-heated water through input = true
CONNECTED EXTERIOR CHECK: actual player ray/prompt reaches F01_STAFF_SINK_mix = true
CONNECTED EXTERIOR CHECK: independent cold valve dilutes the hot supply = true
CONNECTED EXTERIOR CHECK: actual player ray/prompt reaches F01_STAFF_SINK_hot_off = true
CONNECTED EXTERIOR CHECK: closing hot leaves only cold water = true
CONNECTED EXTERIOR CHECK: actual player ray/prompt reaches F01_STAFF_SINK_cold_off = true
CONNECTED EXTERIOR CHECK: both valves shut through input = true
COMPLETION INTERIORS: 154 waypoints; 0 failures
