Godot Engine v4.7.1.stable.official.a13da4feb - https://godotengine.org
Vulkan 1.4.341 - Forward+ - Using Device #0: NVIDIA - NVIDIA GeForce RTX 4080

[ACOUSTIC] 550 nodes loaded
ORISON V2 BLOCKOUT: 200 spaces / 111 doors / 1414 anchors
[V2 FRONT COURT ROOF] three seated girders; retained roof slabs; mapped exterior concrete
[V2 BODEGA POWER] independent inlet; four existing fittings; 20 bearings
[SURFACE] 402 surfaces layered (261 materials)
[PASSAGE HOURS] OPEN; 10 grilles folded
[PASSAGE HOURS] 11 shopfronts, 10 close after 02:00, HARDWARE PAINT keeps night service
[PASSAGE FINISH] 6 gated draws, 3 handcarts, hours active
[V2 PASSAGE] 13 resident cells; 11 doors; 1 shared-service counters
[SURFACE] 215 surfaces layered (108 materials)
[HARUKIYA] 9 interactables placed
[ARCADE] 2 cabinet(s) from a catalog of 12: SOMETHING IN THE HALL (mystery_serial), OPERATIONS (farm_and_market)
[ARCADE] all of them are running arcade_pit
[V2 BAR] retained cell; 29 registered markers; 3 doors
[V2 FRONT FACADE] native entrance, original landmark hardware, glazed marquee and fitted blade
[SCHEDULE] director live: 18 residents on the clock
[MOVES] personal library: res://assets/characters/mina_vale/mina_vale_moves.glb
SOURCE PARAPET MATERIAL ROOF_PARAPET_EAST brick 
SOURCE PARAPET MATERIAL ROOF_PARAPET_NORTH brick 
SOURCE PARAPET MATERIAL ROOF_PARAPET_SOUTH brick 
SOURCE PARAPET MATERIAL ROOF_PARAPET_WEST brick 
[ORISON V2 RUNTIME] ready startup_ms=44988.571
[LIGHTING] 230 sources active in system; 230 full personalities; profiles steady/breathe/mains/beat/dropout=[56, 50, 41, 47, 36]
[HARUKIYA] OPEN, 18 fixtures
SWITCH TARGET B1_LAUNDRY_SWITCH feet=(3.012001, -3.18, -9.249999) hit=B1_LAUNDRY_SWITCH:<StaticBody3D#2073647198530> at=(2.337001, -2.066808, -9.249999)
[SWITCHES] B1_LAUNDRY -> off (1 fixtures)
[SWITCHES] B1_LAUNDRY -> on (1 fixtures)
SWITCH TARGET F02_A_MAIN_SWITCH feet=(8.362001, 3.22, -9.649999) hit=F02_A_MAIN_SWITCH:<StaticBody3D#2073949188424> at=(7.687001, 4.333191, -9.649999)
[SWITCHES] F02_A_MAIN -> off (1 fixtures)
[SWITCHES] F02_A_MAIN -> on (1 fixtures)
SWITCH TARGET F03_B_MAIN_SWITCH feet=(-12.312, 6.42, -9.950001) hit=F03_B_MAIN_SWITCH:<StaticBody3D#2074251178320> at=(-11.637, 7.533192, -9.950001)
[SWITCHES] F03_B_MAIN -> off (1 fixtures)
[SWITCHES] F03_B_MAIN -> on (1 fixtures)
SWITCH TARGET F03_B_KITCHEN_SWITCH feet=(-10.312, 6.42, -4.1) hit=F03_B_KITCHEN_SWITCH:<StaticBody3D#2074553168216> at=(-9.637, 7.533192, -4.1)
[SWITCHES] F03_B_KITCHEN -> off (1 fixtures)
[SWITCHES] F03_B_KITCHEN -> on (1 fixtures)
SWITCH TARGET F03_B_ALCOVE_SWITCH feet=(-12.188, 6.42, -1.915001) hit=F03_B_ALCOVE_SWITCH:<StaticBody3D#2074855158112> at=(-12.863, 7.533192, -1.915001)
[SWITCHES] F03_B_ALCOVE -> off (1 fixtures)
[SWITCHES] F03_B_ALCOVE -> on (1 fixtures)
SWITCH TARGET F03_B_BATH_SWITCH feet=(-14.5, 6.42, -1.234) hit=F03_B_BATH_SWITCH:<StaticBody3D#2075157148008> at=(-14.78218, 7.538416, -1.709)
[SWITCHES] F03_B_BATH -> off (1 fixtures)
[SWITCHES] F03_B_BATH -> on (1 fixtures)
SWITCH TARGET F04_B_ALCOVE_SWITCH feet=(11.362, 9.62, -20.75) hit=F04_B_ALCOVE_SWITCH:<StaticBody3D#2075459137904> at=(10.687, 10.73319, -20.75)
[SWITCHES] F04_B_ALCOVE -> off (1 fixtures)
[SWITCHES] F04_B_ALCOVE -> on (1 fixtures)
SWITCH TARGET F04_B_MAIN_SWITCH feet=(8.362001, 9.62, -10.6) hit=F04_B_MAIN_SWITCH:<StaticBody3D#2075761127800> at=(7.687001, 10.73319, -10.6)
[SWITCHES] F04_B_MAIN -> off (1 fixtures)
[SWITCHES] F04_B_MAIN -> on (1 fixtures)
SWITCH TARGET F04_B_BATH_SWITCH feet=(8.434001, 9.62, -15.9) hit=F04_B_BATH_SWITCH:<StaticBody3D#2076063117696> at=(8.909001, 10.73842, -15.61782)
[SWITCHES] F04_B_BATH -> off (1 fixtures)
[SWITCHES] F04_B_BATH -> on (1 fixtures)
SWITCH TARGET F04_B_KITCHEN_SWITCH feet=(12.35, 9.62, -15.912) hit=F04_B_KITCHEN_SWITCH:<StaticBody3D#2076365107592> at=(12.35, 10.73319, -15.237)
[SWITCHES] F04_B_KITCHEN -> off (1 fixtures)
[SWITCHES] F04_B_KITCHEN -> on (1 fixtures)
SWITCH TARGET F04_B_PRIVATE_HALL_SWITCH feet=(10.288, 9.62, -15.6) hit=F04_B_PRIVATE_HALL_SWITCH:<StaticBody3D#2076667097488> at=(10.963, 10.73319, -15.6)
[SWITCHES] F04_B_PRIVATE_HALL -> off (1 fixtures)
[SWITCHES] F04_B_PRIVATE_HALL -> on (1 fixtures)
SWITCH TARGET F04_B_CLOSET_SWITCH feet=(8.162001, 9.62, -19.3) hit=F04_B_CLOSET_SWITCH:<StaticBody3D#2076969087384> at=(7.687001, 10.73842, -19.58218)
[SWITCHES] F04_B_CLOSET -> off (1 fixtures)
[SWITCHES] F04_B_CLOSET -> on (1 fixtures)
SWITCH TARGET F02_A_VESTIBULE_SWITCH feet=(7.000001, 3.22, -12.1) hit=F02_A_VESTIBULE_SWITCH:<StaticBody3D#2077271077280> at=(7.000001, 4.331728, -12.863)
[SWITCHES] F02_A_VESTIBULE -> off (1 fixtures)
[SWITCHES] F02_A_VESTIBULE -> on (1 fixtures)
SWITCH TARGET F02_A_KITCHEN_SWITCH feet=(10.95, 3.22, -15.8) hit=F02_A_KITCHEN_SWITCH:<StaticBody3D#2077573067176> at=(10.95, 4.329862, -14.887)
[SWITCHES] F02_A_KITCHEN -> off (1 fixtures)
[SWITCHES] F02_A_KITCHEN -> on (1 fixtures)
SWITCH TARGET F02_A_PRIVATE_HALL_SWITCH feet=(9.500002, 3.22, -17.25) hit=F02_A_PRIVATE_HALL_SWITCH:<StaticBody3D#2077875057072> at=(10.113, 4.334464, -17.25)
[SWITCHES] F02_A_PRIVATE_HALL -> off (1 fixtures)
[SWITCHES] F02_A_PRIVATE_HALL -> on (1 fixtures)
SWITCH TARGET F02_A_BATH_SWITCH feet=(7.600001, 3.22, -16.1) hit=F02_A_BATH_SWITCH:<StaticBody3D#2078177046968> at=(6.467002, 4.327997, -16.1)
[SWITCHES] F02_A_BATH -> off (1 fixtures)
[SWITCHES] F02_A_BATH -> on (1 fixtures)
SWITCH TARGET F02_A_BED_SWITCH feet=(11.2, 3.22, -18.35) hit=F02_A_BED_SWITCH:<StaticBody3D#2078479036864> at=(10.387, 4.331032, -18.06067)
[SWITCHES] F02_A_BED -> off (1 fixtures)
[SWITCHES] F02_A_BED -> on (1 fixtures)
SWITCH TARGET F02_B_VESTIBULE_SWITCH feet=(-10.45, 3.22, -9.5) hit=F02_B_VESTIBULE_SWITCH:<StaticBody3D#2078781026760> at=(-10.45, 4.330414, -10.363)
[SWITCHES] F02_B_VESTIBULE -> off (1 fixtures)
[SWITCHES] F02_B_VESTIBULE -> on (1 fixtures)
SWITCH TARGET F02_B_MAIN_SWITCH feet=(-12.5, 3.22, -10.85) hit=F02_B_MAIN_SWITCH:<StaticBody3D#2079083016656> at=(-11.637, 4.330415, -10.85)
[SWITCHES] F02_B_MAIN -> off (1 fixtures)
[SWITCHES] F02_B_MAIN -> on (1 fixtures)
SWITCH TARGET F02_B_KITCHEN_SWITCH feet=(-11.85, 3.22, -4.650001) hit=F02_B_KITCHEN_SWITCH:<StaticBody3D#2079385006552> at=(-12.663, 4.331032, -4.650001)
[SWITCHES] F02_B_KITCHEN -> off (1 fixtures)
[SWITCHES] F02_B_KITCHEN -> on (1 fixtures)
SWITCH TARGET F02_B_BED_SWITCH feet=(-11.85, 3.22, -1.900001) hit=F02_B_BED_SWITCH:<StaticBody3D#2079686996448> at=(-12.663, 4.331032, -1.900001)
[SWITCHES] F02_B_BED -> off (1 fixtures)
[SWITCHES] F02_B_BED -> on (1 fixtures)
SWITCH TARGET F02_B_PRIVATE_HALL_SWITCH feet=(-14.65, 3.22, -4.950001) hit=F02_B_PRIVATE_HALL_SWITCH:<StaticBody3D#2079988986344> at=(-15.513, 4.330414, -4.950001)
[SWITCHES] F02_B_PRIVATE_HALL -> off (1 fixtures)
[SWITCHES] F02_B_PRIVATE_HALL -> on (1 fixtures)
SWITCH TARGET F02_B_BATH_SWITCH feet=(-13.7, 3.22, -1.000001) hit=F02_B_BATH_SWITCH:<StaticBody3D#2080290976240> at=(-12.941, 4.331787, -1.000001)
[SWITCHES] F02_B_BATH -> off (1 fixtures)
[SWITCHES] F02_B_BATH -> on (1 fixtures)
SWITCH TARGET F03_B_VESTIBULE_SWITCH feet=(-10.45, 6.42, -9.5) hit=F03_B_VESTIBULE_SWITCH:<StaticBody3D#2080592966136> at=(-10.45, 7.530414, -10.363)
[SWITCHES] F03_B_VESTIBULE -> off (1 fixtures)
[SWITCHES] F03_B_VESTIBULE -> on (1 fixtures)
SWITCH TARGET F03_B_PRIVATE_HALL_SWITCH feet=(-14.65, 6.42, -3.950001) hit=F03_B_PRIVATE_HALL_SWITCH:<StaticBody3D#2080894956032> at=(-15.513, 7.530414, -3.950001)
[SWITCHES] F03_B_PRIVATE_HALL -> off (1 fixtures)
[SWITCHES] F03_B_PRIVATE_HALL -> on (1 fixtures)
SWITCH TARGET F04_B_VESTIBULE_SWITCH feet=(7.000001, 9.620001, -12.35) hit=F04_B_VESTIBULE_SWITCH:<StaticBody3D#2081196945928> at=(7.000001, 10.73103, -13.163)
[SWITCHES] F04_B_VESTIBULE -> off (1 fixtures)
[SWITCHES] F04_B_VESTIBULE -> on (1 fixtures)
SWITCH TARGET F04_B_ALCOVE_APPROACH_SWITCH feet=(9.150002, 9.620001, -18.95) hit=F04_B_ALCOVE_APPROACH_SWITCH:<StaticBody3D#2081498935824> at=(9.150002, 10.73103, -19.763)
[SWITCHES] F04_B_ALCOVE_APPROACH -> off (1 fixtures)
[SWITCHES] F04_B_ALCOVE_APPROACH -> on (1 fixtures)
SWITCH TARGET F03_A_MAIN_SWITCH feet=(8.362001, 6.42, -9.649999) hit=F03_A_MAIN_SWITCH:<StaticBody3D#2081800925720> at=(7.687001, 7.533191, -9.649999)
[SWITCHES] F03_A_MAIN -> off (1 fixtures)
[SWITCHES] F03_A_MAIN -> on (1 fixtures)
SWITCH TARGET F03_A_VESTIBULE_SWITCH feet=(7.000001, 6.42, -12.1) hit=F03_A_VESTIBULE_SWITCH:<StaticBody3D#2082102915616> at=(7.000001, 7.531728, -12.863)
[SWITCHES] F03_A_VESTIBULE -> off (1 fixtures)
[SWITCHES] F03_A_VESTIBULE -> on (1 fixtures)
SWITCH TARGET F03_A_KITCHEN_SWITCH feet=(10.95, 6.42, -15.8) hit=F03_A_KITCHEN_SWITCH:<StaticBody3D#2082404905512> at=(10.95, 7.529862, -14.887)
[SWITCHES] F03_A_KITCHEN -> off (1 fixtures)
[SWITCHES] F03_A_KITCHEN -> on (1 fixtures)
SWITCH TARGET F03_A_PRIVATE_HALL_SWITCH feet=(9.500002, 6.42, -17.25) hit=F03_A_PRIVATE_HALL_SWITCH:<StaticBody3D#2082706895408> at=(10.113, 7.534463, -17.25)
[SWITCHES] F03_A_PRIVATE_HALL -> off (1 fixtures)
[SWITCHES] F03_A_PRIVATE_HALL -> on (1 fixtures)
SWITCH TARGET F03_A_BATH_SWITCH feet=(7.600001, 6.42, -16.1) hit=F03_A_BATH_SWITCH:<StaticBody3D#2083008885304> at=(6.467002, 7.527997, -16.1)
[SWITCHES] F03_A_BATH -> off (1 fixtures)
[SWITCHES] F03_A_BATH -> on (1 fixtures)
SWITCH TARGET F03_A_BED_SWITCH feet=(11.2, 6.42, -18.35) hit=F03_A_BED_SWITCH:<StaticBody3D#2083310875200> at=(10.387, 7.531032, -18.06067)
[SWITCHES] F03_A_BED -> off (1 fixtures)
[SWITCHES] F03_A_BED -> on (1 fixtures)
SWITCH TARGET F04_A_VESTIBULE_SWITCH feet=(-10.45, 9.620001, -9.5) hit=F04_A_VESTIBULE_SWITCH:<StaticBody3D#2083612865096> at=(-10.45, 10.73041, -10.363)
[SWITCHES] F04_A_VESTIBULE -> off (1 fixtures)
[SWITCHES] F04_A_VESTIBULE -> on (1 fixtures)
SWITCH TARGET F04_A_MAIN_SWITCH feet=(-12.5, 9.620001, -10.85) hit=F04_A_MAIN_SWITCH:<StaticBody3D#2083914854992> at=(-11.637, 10.73041, -10.85)
[SWITCHES] F04_A_MAIN -> off (1 fixtures)
[SWITCHES] F04_A_MAIN -> on (1 fixtures)
SWITCH TARGET F04_A_KITCHEN_SWITCH feet=(-11.85, 9.620001, -4.650001) hit=F04_A_KITCHEN_SWITCH:<StaticBody3D#2084216844888> at=(-12.663, 10.73103, -4.650001)
[SWITCHES] F04_A_KITCHEN -> off (1 fixtures)
[SWITCHES] F04_A_KITCHEN -> on (1 fixtures)
SWITCH TARGET F04_A_BED_SWITCH feet=(-11.85, 9.620001, -1.900001) hit=F04_A_BED_SWITCH:<StaticBody3D#2084518834784> at=(-12.663, 10.73103, -1.900001)
[SWITCHES] F04_A_BED -> off (1 fixtures)
[SWITCHES] F04_A_BED -> on (1 fixtures)
SWITCH TARGET F04_A_PRIVATE_HALL_SWITCH feet=(-14.65, 9.620001, -4.950001) hit=F04_A_PRIVATE_HALL_SWITCH:<StaticBody3D#2084820824680> at=(-15.513, 10.73041, -4.950001)
[SWITCHES] F04_A_PRIVATE_HALL -> off (1 fixtures)
[SWITCHES] F04_A_PRIVATE_HALL -> on (1 fixtures)
SWITCH TARGET F04_A_BATH_SWITCH feet=(-13.7, 9.620001, -1.000001) hit=F04_A_BATH_SWITCH:<StaticBody3D#2085122814576> at=(-12.941, 10.73179, -1.000001)
[SWITCHES] F04_A_BATH -> off (1 fixtures)
[SWITCHES] F04_A_BATH -> on (1 fixtures)
SWITCH TARGET F05_A_MAIN_SWITCH feet=(9.350001, 12.82, -8.749999) hit=F05_A_MAIN_SWITCH:<StaticBody3D#2085424804472> at=(8.437001, 13.92986, -8.749999)
[SWITCHES] F05_A_MAIN -> off (1 fixtures)
[SWITCHES] F05_A_MAIN -> on (1 fixtures)
SWITCH TARGET F05_A_VESTIBULE_SWITCH feet=(6.500001, 12.82, -9.999999) hit=F05_A_VESTIBULE_SWITCH:<StaticBody3D#2085726794368> at=(6.490319, 13.92986, -10.913)
[SWITCHES] F05_A_VESTIBULE -> off (1 fixtures)
[SWITCHES] F05_A_VESTIBULE -> on (1 fixtures)
SWITCH TARGET F05_A_PRIVATE_HALL_SWITCH feet=(7.5, 12.82, -3.849999) hit=F05_A_PRIVATE_HALL_SWITCH:<StaticBody3D#2086028784264> at=(7.558083, 13.9299, -2.940998)
[SWITCHES] F05_A_PRIVATE_HALL -> off (1 fixtures)
[SWITCHES] F05_A_PRIVATE_HALL -> on (1 fixtures)
SWITCH TARGET F05_A_BATH_SWITCH feet=(6.3, 12.82, -1.749999) hit=F05_A_BATH_SWITCH:<StaticBody3D#2086330774160> at=(6.3, 13.92986, -2.662998)
[SWITCHES] F05_A_BATH -> off (1 fixtures)
[SWITCHES] F05_A_BATH -> on (1 fixtures)
SWITCH TARGET F05_A_BED_SWITCH feet=(14.4, 12.82, -4.249998) hit=F05_A_BED_SWITCH:<StaticBody3D#2086632764056> at=(14.4, 13.92986, -5.162998)
[SWITCHES] F05_A_BED -> off (1 fixtures)
[SWITCHES] F05_A_BED -> on (1 fixtures)
SWITCH TARGET F05_A_KITCHEN_SWITCH feet=(9.6, 12.82, -4.249999) hit=F05_A_KITCHEN_SWITCH:<StaticBody3D#2086934753952> at=(9.6, 13.92986, -5.162998)
[SWITCHES] F05_A_KITCHEN -> off (1 fixtures)
[SWITCHES] F05_A_KITCHEN -> on (1 fixtures)
SWITCH TARGET F05_A_STUDY_SWITCH feet=(9.1, 12.82, -1.249999) hit=F05_A_STUDY_SWITCH:<StaticBody3D#2087236743848> at=(9.090318, 13.92986, -2.162999)
[SWITCHES] F05_A_STUDY -> off (1 fixtures)
[SWITCHES] F05_A_STUDY -> on (1 fixtures)
SWITCH TARGET F05_B_MAIN_SWITCH feet=(10.35, 12.82, -12.75) hit=F05_B_MAIN_SWITCH:<StaticBody3D#2087538733744> at=(9.437001, 13.92986, -12.75)
[SWITCHES] F05_B_MAIN -> off (1 fixtures)
[SWITCHES] F05_B_MAIN -> on (1 fixtures)
SWITCH TARGET F05_B_VESTIBULE_SWITCH feet=(8.500001, 12.82, -13.7) hit=F05_B_VESTIBULE_SWITCH:<StaticBody3D#2087840723640> at=(8.509682, 13.9299, -14.609)
[SWITCHES] F05_B_VESTIBULE -> off (1 fixtures)
[SWITCHES] F05_B_VESTIBULE -> on (1 fixtures)
SWITCH TARGET F05_B_BATH_SWITCH feet=(7.300002, 12.82, -15.8) hit=F05_B_BATH_SWITCH:<StaticBody3D#2088142713536> at=(7.290319, 13.92986, -14.887)
[SWITCHES] F05_B_BATH -> off (1 fixtures)
[SWITCHES] F05_B_BATH -> on (1 fixtures)
SWITCH TARGET F05_B_ALCOVE_SWITCH feet=(12.25, 12.82, -21.45) hit=F05_B_ALCOVE_SWITCH:<StaticBody3D#2088444703432> at=(11.337, 13.92986, -21.45)
[SWITCHES] F05_B_ALCOVE -> off (1 fixtures)
[SWITCHES] F05_B_ALCOVE -> on (1 fixtures)
SWITCH TARGET F05_B_PRIVATE_HALL_SWITCH feet=(10.35, 12.82, -21.05) hit=F05_B_PRIVATE_HALL_SWITCH:<StaticBody3D#2088746693328> at=(9.437002, 13.92986, -21.05968)
[SWITCHES] F05_B_PRIVATE_HALL -> off (1 fixtures)
[SWITCHES] F05_B_PRIVATE_HALL -> on (1 fixtures)
SWITCH TARGET F05_B_KITCHEN_SWITCH feet=(8.250002, 12.82, -19.85) hit=F05_B_KITCHEN_SWITCH:<StaticBody3D#2089048683224> at=(9.163002, 13.92986, -19.84031)
[SWITCHES] F05_B_KITCHEN -> off (1 fixtures)
[SWITCHES] F05_B_KITCHEN -> on (1 fixtures)
SWITCH TARGET F05_C_VESTIBULE_SWITCH feet=(0.200001, 12.82, -16.55) hit=F05_C_VESTIBULE_SWITCH:<StaticBody3D#2089350673120> at=(0.200001, 13.92986, -15.637)
[SWITCHES] F05_C_VESTIBULE -> off (1 fixtures)
[SWITCHES] F05_C_VESTIBULE -> on (1 fixtures)
SWITCH TARGET F05_C_MAIN_SWITCH feet=(4.700001, 12.82, -19.05) hit=F05_C_MAIN_SWITCH:<StaticBody3D#2089652663016> at=(4.700001, 13.92986, -18.137)
[SWITCHES] F05_C_MAIN -> off (1 fixtures)
[SWITCHES] F05_C_MAIN -> on (1 fixtures)
SWITCH TARGET F05_C_STUDIO_SWITCH feet=(4.700001, 12.82, -16.95) hit=F05_C_STUDIO_SWITCH:<StaticBody3D#2089954652912> at=(4.700001, 13.92986, -17.863)
[SWITCHES] F05_C_STUDIO -> off (1 fixtures)
[SWITCHES] F05_C_STUDIO -> on (1 fixtures)
SWITCH TARGET F05_C_PRIVATE_HALL_SWITCH feet=(-6.049999, 12.82, -18.95) hit=F05_C_PRIVATE_HALL_SWITCH:<StaticBody3D#2090256642808> at=(-6.962998, 13.92986, -18.95)
[SWITCHES] F05_C_PRIVATE_HALL -> off (1 fixtures)
[SWITCHES] F05_C_PRIVATE_HALL -> on (1 fixtures)
SWITCH TARGET F05_C_BATH_SWITCH feet=(-1.099998, 12.82, -16.95) hit=F05_C_BATH_SWITCH:<StaticBody3D#2090558632704> at=(-1.099998, 13.92986, -17.863)
[SWITCHES] F05_C_BATH -> off (1 fixtures)
[SWITCHES] F05_C_BATH -> on (1 fixtures)
SWITCH TARGET F05_C_KITCHEN_SWITCH feet=(-5.599998, 12.82, -16.55) hit=F05_C_KITCHEN_SWITCH:<StaticBody3D#2090860622600> at=(-5.599998, 13.92986, -15.637)
[SWITCHES] F05_C_KITCHEN -> off (1 fixtures)
[SWITCHES] F05_C_KITCHEN -> on (1 fixtures)
SWITCH TARGET F05_C_BED1_SWITCH feet=(-2.999998, 12.82, -20.55) hit=F05_C_BED1_SWITCH:<StaticBody3D#2091162612496> at=(-2.999998, 13.92986, -19.637)
[SWITCHES] F05_C_BED1 -> off (1 fixtures)
[SWITCHES] F05_C_BED1 -> on (1 fixtures)
SWITCH TARGET F05_C_BED2_SWITCH feet=(-6.299998, 12.82, -20.55) hit=F05_C_BED2_SWITCH:<StaticBody3D#2091464602392> at=(-6.299999, 13.92986, -19.637)
[SWITCHES] F05_C_BED2 -> off (1 fixtures)
[SWITCHES] F05_C_BED2 -> on (1 fixtures)
SWITCH TARGET F06_A_MAIN_SWITCH feet=(9.350001, 16.02, -8.749999) hit=F06_A_MAIN_SWITCH:<StaticBody3D#2091766592288> at=(8.437001, 17.12986, -8.749999)
[SWITCHES] F06_A_MAIN -> off (1 fixtures)
[SWITCHES] F06_A_MAIN -> on (1 fixtures)
SWITCH TARGET F06_A_VESTIBULE_SWITCH feet=(6.500001, 16.02, -9.999999) hit=F06_A_VESTIBULE_SWITCH:<StaticBody3D#2092068582184> at=(6.490319, 17.12986, -10.913)
[SWITCHES] F06_A_VESTIBULE -> off (1 fixtures)
[SWITCHES] F06_A_VESTIBULE -> on (1 fixtures)
SWITCH TARGET F06_A_PRIVATE_HALL_SWITCH feet=(7.5, 16.02, -3.849999) hit=F06_A_PRIVATE_HALL_SWITCH:<StaticBody3D#2092370572080> at=(7.558083, 17.12991, -2.940998)
[SWITCHES] F06_A_PRIVATE_HALL -> off (1 fixtures)
[SWITCHES] F06_A_PRIVATE_HALL -> on (1 fixtures)
SWITCH TARGET F06_A_BATH_SWITCH feet=(6.3, 16.02, -1.749999) hit=F06_A_BATH_SWITCH:<StaticBody3D#2092672561976> at=(6.3, 17.12986, -2.662998)
[SWITCHES] F06_A_BATH -> off (1 fixtures)
[SWITCHES] F06_A_BATH -> on (1 fixtures)
SWITCH TARGET F06_A_BED_SWITCH feet=(14.4, 16.02, -4.249998) hit=F06_A_BED_SWITCH:<StaticBody3D#2092974551872> at=(14.4, 17.12986, -5.162998)
[SWITCHES] F06_A_BED -> off (1 fixtures)
[SWITCHES] F06_A_BED -> on (1 fixtures)
SWITCH TARGET F06_A_KITCHEN_SWITCH feet=(9.6, 16.02, -4.249999) hit=F06_A_KITCHEN_SWITCH:<StaticBody3D#2093276541768> at=(9.6, 17.12986, -5.162998)
[SWITCHES] F06_A_KITCHEN -> off (1 fixtures)
[SWITCHES] F06_A_KITCHEN -> on (1 fixtures)
SWITCH TARGET F06_A_STUDY_SWITCH feet=(8.94, 16.02, -1.449999) hit=F06_A_STUDY_SWITCH:<StaticBody3D#2093578531664> at=(8.441, 17.13758, -1.732986)
[SWITCHES] F06_A_STUDY -> off (1 fixtures)
[SWITCHES] F06_A_STUDY -> on (1 fixtures)
SWITCH TARGET F06_B_MAIN_SWITCH feet=(10.35, 16.02, -12.75) hit=F06_B_MAIN_SWITCH:<StaticBody3D#2093880521560> at=(9.437001, 17.12986, -12.75)
[SWITCHES] F06_B_MAIN -> off (1 fixtures)
[SWITCHES] F06_B_MAIN -> on (1 fixtures)
SWITCH TARGET F06_B_VESTIBULE_SWITCH feet=(8.500001, 16.02, -13.7) hit=F06_B_VESTIBULE_SWITCH:<StaticBody3D#2094182511456> at=(8.509682, 17.12991, -14.609)
[SWITCHES] F06_B_VESTIBULE -> off (1 fixtures)
[SWITCHES] F06_B_VESTIBULE -> on (1 fixtures)
SWITCH TARGET F06_B_BATH_SWITCH feet=(7.300002, 16.02, -15.8) hit=F06_B_BATH_SWITCH:<StaticBody3D#2094484501352> at=(7.290319, 17.12986, -14.887)
[SWITCHES] F06_B_BATH -> off (1 fixtures)
[SWITCHES] F06_B_BATH -> on (1 fixtures)
SWITCH TARGET F06_B_ALCOVE_SWITCH feet=(12.25, 16.02, -21.45) hit=F06_B_ALCOVE_SWITCH:<StaticBody3D#2094786491248> at=(11.337, 17.12986, -21.45)
[SWITCHES] F06_B_ALCOVE -> off (1 fixtures)
[SWITCHES] F06_B_ALCOVE -> on (1 fixtures)
SWITCH TARGET F06_B_PRIVATE_HALL_SWITCH feet=(10.35, 16.02, -21.05) hit=F06_B_PRIVATE_HALL_SWITCH:<StaticBody3D#2095088481144> at=(9.437002, 17.12986, -21.05968)
[SWITCHES] F06_B_PRIVATE_HALL -> off (1 fixtures)
[SWITCHES] F06_B_PRIVATE_HALL -> on (1 fixtures)
SWITCH TARGET F06_B_KITCHEN_SWITCH feet=(8.250002, 16.02, -19.85) hit=F06_B_KITCHEN_SWITCH:<StaticBody3D#2095390471040> at=(9.163002, 17.12986, -19.84031)
[SWITCHES] F06_B_KITCHEN -> off (1 fixtures)
[SWITCHES] F06_B_KITCHEN -> on (1 fixtures)
SWITCH TARGET F06_C_VESTIBULE_SWITCH feet=(0.200001, 16.02, -16.55) hit=F06_C_VESTIBULE_SWITCH:<StaticBody3D#2095692460936> at=(0.200001, 17.12986, -15.637)
[SWITCHES] F06_C_VESTIBULE -> off (1 fixtures)
[SWITCHES] F06_C_VESTIBULE -> on (1 fixtures)
SWITCH TARGET F06_C_MAIN_SWITCH feet=(4.700001, 16.02, -19.05) hit=F06_C_MAIN_SWITCH:<StaticBody3D#2095994450832> at=(4.700001, 17.12986, -18.137)
[SWITCHES] F06_C_MAIN -> off (1 fixtures)
[SWITCHES] F06_C_MAIN -> on (1 fixtures)
SWITCH TARGET F06_C_STUDIO_SWITCH feet=(4.700001, 16.02, -16.95) hit=F06_C_STUDIO_SWITCH:<StaticBody3D#2096296440728> at=(4.700001, 17.12986, -17.863)
[SWITCHES] F06_C_STUDIO -> off (1 fixtures)
[SWITCHES] F06_C_STUDIO -> on (1 fixtures)
SWITCH TARGET F06_C_PRIVATE_HALL_SWITCH feet=(-6.049999, 16.02, -18.95) hit=F06_C_PRIVATE_HALL_SWITCH:<StaticBody3D#2096598430624> at=(-6.962998, 17.12986, -18.95)
[SWITCHES] F06_C_PRIVATE_HALL -> off (1 fixtures)
[SWITCHES] F06_C_PRIVATE_HALL -> on (1 fixtures)
SWITCH TARGET F06_C_BATH_SWITCH feet=(-1.099998, 16.02, -16.95) hit=F06_C_BATH_SWITCH:<StaticBody3D#2096900420520> at=(-1.099998, 17.12986, -17.863)
[SWITCHES] F06_C_BATH -> off (1 fixtures)
[SWITCHES] F06_C_BATH -> on (1 fixtures)
SWITCH TARGET F06_C_KITCHEN_SWITCH feet=(-5.599998, 16.02, -16.55) hit=F06_C_KITCHEN_SWITCH:<StaticBody3D#2097202410416> at=(-5.599998, 17.12986, -15.637)
[SWITCHES] F06_C_KITCHEN -> off (1 fixtures)
[SWITCHES] F06_C_KITCHEN -> on (1 fixtures)
SWITCH TARGET F06_C_BED1_SWITCH feet=(-2.999998, 16.02, -20.55) hit=F06_C_BED1_SWITCH:<StaticBody3D#2097504400312> at=(-2.999998, 17.12986, -19.637)
[SWITCHES] F06_C_BED1 -> off (1 fixtures)
[SWITCHES] F06_C_BED1 -> on (1 fixtures)
SWITCH TARGET F06_C_BED2_SWITCH feet=(-6.299998, 16.02, -20.55) hit=F06_C_BED2_SWITCH:<StaticBody3D#2097806390208> at=(-6.299999, 17.12986, -19.637)
[SWITCHES] F06_C_BED2 -> off (1 fixtures)
[SWITCHES] F06_C_BED2 -> on (1 fixtures)
SWITCH TARGET F02_WEST_HALL_SWITCH feet=(5.080001, 3.22, -11.622) hit=F02_WEST_HALL_SWITCH:<StaticBody3D#2098108380104> at=(5.362179, 4.338416, -12.097)
[SWITCHES] F02_WEST_HALL -> off (2 fixtures)
[SWITCHES] F02_WEST_HALL -> on (2 fixtures)
SWITCH TARGET F02_EAST_HALL_SWITCH feet=(-6.2, 3.22, -8.428) hit=F02_EAST_HALL_SWITCH:<StaticBody3D#2098410370000> at=(-5.917821, 4.338416, -7.953001)
[SWITCHES] F02_EAST_HALL -> off (1 fixtures)
[SWITCHES] F02_EAST_HALL -> on (1 fixtures)
SWITCH TARGET F03_WEST_HALL_SWITCH feet=(5.080001, 6.42, -11.622) hit=F03_WEST_HALL_SWITCH:<StaticBody3D#2098712359896> at=(5.362179, 7.538416, -12.097)
[SWITCHES] F03_WEST_HALL -> off (2 fixtures)
[SWITCHES] F03_WEST_HALL -> on (2 fixtures)
SWITCH TARGET F03_EAST_HALL_SWITCH feet=(-6.2, 6.42, -8.428) hit=F03_EAST_HALL_SWITCH:<StaticBody3D#2099014349792> at=(-5.917821, 7.538416, -7.953001)
[SWITCHES] F03_EAST_HALL -> off (1 fixtures)
[SWITCHES] F03_EAST_HALL -> on (1 fixtures)
SWITCH TARGET F04_WEST_HALL_SWITCH feet=(5.080001, 9.62, -11.622) hit=F04_WEST_HALL_SWITCH:<StaticBody3D#2099316339688> at=(5.362179, 10.73842, -12.097)
[SWITCHES] F04_WEST_HALL -> off (2 fixtures)
[SWITCHES] F04_WEST_HALL -> on (2 fixtures)
SWITCH TARGET F04_EAST_HALL_SWITCH feet=(-6.2, 9.62, -8.428) hit=F04_EAST_HALL_SWITCH:<StaticBody3D#2099618329584> at=(-5.917821, 10.73842, -7.953001)
[SWITCHES] F04_EAST_HALL -> off (1 fixtures)
[SWITCHES] F04_EAST_HALL -> on (1 fixtures)
SWITCH TARGET F05_WEST_HALL_SWITCH feet=(4.700001, 12.82, -11.678) hit=F05_WEST_HALL_SWITCH:<StaticBody3D#2099920319480> at=(4.982179, 13.93842, -11.203)
[SWITCHES] F05_WEST_HALL -> off (3 fixtures)
[SWITCHES] F05_WEST_HALL -> on (3 fixtures)
SWITCH TARGET F05_EAST_HALL_SWITCH feet=(-6.2, 12.82, -8.428) hit=F05_EAST_HALL_SWITCH:<StaticBody3D#2100222309376> at=(-5.917821, 13.93842, -7.953001)
[SWITCHES] F05_EAST_HALL -> off (1 fixtures)
[SWITCHES] F05_EAST_HALL -> on (1 fixtures)
SWITCH TARGET F06_WEST_HALL_SWITCH feet=(4.700001, 16.02, -11.678) hit=F06_WEST_HALL_SWITCH:<StaticBody3D#2100524299272> at=(4.982179, 17.13842, -11.203)
[SWITCHES] F06_WEST_HALL -> off (3 fixtures)
[SWITCHES] F06_WEST_HALL -> on (3 fixtures)
SWITCH TARGET F06_EAST_HALL_SWITCH feet=(-6.2, 16.02, -8.428) hit=F06_EAST_HALL_SWITCH:<StaticBody3D#2100826289168> at=(-5.917821, 17.13842, -7.953001)
[SWITCHES] F06_EAST_HALL -> off (1 fixtures)
[SWITCHES] F06_EAST_HALL -> on (1 fixtures)
ORISON V2 BLOCKOUT: 200 spaces / 111 doors / 1414 anchors
[V2 FRONT COURT ROOF] three seated girders; retained roof slabs; mapped exterior concrete
[V2 BODEGA POWER] independent inlet; four existing fittings; 20 bearings
[SURFACE] 402 surfaces layered (261 materials)
[PASSAGE HOURS] OPEN; 10 grilles folded
[PASSAGE HOURS] 11 shopfronts, 10 close after 02:00, HARDWARE PAINT keeps night service
[PASSAGE FINISH] 6 gated draws, 3 handcarts, hours active
[V2 PASSAGE] 13 resident cells; 11 doors; 1 shared-service counters
[SURFACE] 215 surfaces layered (108 materials)
[HARUKIYA] 9 interactables placed
[ARCADE] 2 cabinet(s) from a catalog of 12: SOMETHING IN THE HALL (mystery_serial), OPERATIONS (farm_and_market)
[ARCADE] all of them are running arcade_pit
[V2 BAR] retained cell; 29 registered markers; 3 doors
[V2 FRONT FACADE] native entrance, original landmark hardware, glazed marquee and fitted blade
[SCHEDULE] director live: 18 residents on the clock
[MOVES] personal library: res://assets/characters/mina_vale/mina_vale_moves.glb
SOURCE PARAPET MATERIAL ROOF_PARAPET_EAST brick 
SOURCE PARAPET MATERIAL ROOF_PARAPET_NORTH brick 
SOURCE PARAPET MATERIAL ROOF_PARAPET_SOUTH brick 
SOURCE PARAPET MATERIAL ROOF_PARAPET_WEST brick 
[ORISON V2 RUNTIME] ready startup_ms=42990.231
[LIGHTING] 230 sources active in system; 230 full personalities; profiles steady/breathe/mains/beat/dropout=[56, 54, 41, 43, 36]
[HARUKIYA] OPEN, 18 fixtures
SWITCH TARGET B1_LAUNDRY_SWITCH feet=(3.012001, -3.18, -9.249999) hit=B1_LAUNDRY_SWITCH:<StaticBody3D#31144385027791> at=(2.337001, -2.066808, -9.249999)
[SWITCHES] B1_LAUNDRY -> off (1 fixtures)
[SWITCHES] B1_LAUNDRY -> on (1 fixtures)
SWITCH TARGET F02_A_MAIN_SWITCH feet=(8.362001, 3.22, -9.649999) hit=F02_A_MAIN_SWITCH:<StaticBody3D#31144687018090> at=(7.687001, 4.333191, -9.649999)
[SWITCHES] F02_A_MAIN -> off (1 fixtures)
[SWITCHES] F02_A_MAIN -> on (1 fixtures)
SWITCH TARGET F03_B_MAIN_SWITCH feet=(-12.312, 6.42, -9.950001) hit=F03_B_MAIN_SWITCH:<StaticBody3D#31144989007574> at=(-11.637, 7.533192, -9.950001)
[SWITCHES] F03_B_MAIN -> off (1 fixtures)
[SWITCHES] F03_B_MAIN -> on (1 fixtures)
SWITCH TARGET F03_B_KITCHEN_SWITCH feet=(-10.312, 6.42, -4.1) hit=F03_B_KITCHEN_SWITCH:<StaticBody3D#31145290997252> at=(-9.637, 7.533192, -4.1)
[SWITCHES] F03_B_KITCHEN -> off (1 fixtures)
[SWITCHES] F03_B_KITCHEN -> on (1 fixtures)
SWITCH TARGET F03_B_ALCOVE_SWITCH feet=(-12.188, 6.42, -1.915001) hit=F03_B_ALCOVE_SWITCH:<StaticBody3D#31145592987361> at=(-12.863, 7.533192, -1.915001)
[SWITCHES] F03_B_ALCOVE -> off (1 fixtures)
[SWITCHES] F03_B_ALCOVE -> on (1 fixtures)
SWITCH TARGET F03_B_BATH_SWITCH feet=(-14.5, 6.42, -1.234) hit=F03_B_BATH_SWITCH:<StaticBody3D#31145894977251> at=(-14.78218, 7.538416, -1.709)
[SWITCHES] F03_B_BATH -> off (1 fixtures)
[SWITCHES] F03_B_BATH -> on (1 fixtures)
SWITCH TARGET F04_B_ALCOVE_SWITCH feet=(11.362, 9.62, -20.75) hit=F04_B_ALCOVE_SWITCH:<StaticBody3D#31146196967142> at=(10.687, 10.73319, -20.75)
[SWITCHES] F04_B_ALCOVE -> off (1 fixtures)
[SWITCHES] F04_B_ALCOVE -> on (1 fixtures)
SWITCH TARGET F04_B_MAIN_SWITCH feet=(8.362001, 9.62, -10.6) hit=F04_B_MAIN_SWITCH:<StaticBody3D#31146498957035> at=(7.687001, 10.73319, -10.6)
[SWITCHES] F04_B_MAIN -> off (1 fixtures)
[SWITCHES] F04_B_MAIN -> on (1 fixtures)
SWITCH TARGET F04_B_BATH_SWITCH feet=(8.434001, 9.62, -15.9) hit=F04_B_BATH_SWITCH:<StaticBody3D#31146800946924> at=(8.909001, 10.73842, -15.61782)
[SWITCHES] F04_B_BATH -> off (1 fixtures)
[SWITCHES] F04_B_BATH -> on (1 fixtures)
SWITCH TARGET F04_B_KITCHEN_SWITCH feet=(12.35, 9.62, -15.912) hit=F04_B_KITCHEN_SWITCH:<StaticBody3D#31147102936816> at=(12.35, 10.73319, -15.237)
[SWITCHES] F04_B_KITCHEN -> off (1 fixtures)
[SWITCHES] F04_B_KITCHEN -> on (1 fixtures)
SWITCH TARGET F04_B_PRIVATE_HALL_SWITCH feet=(10.288, 9.62, -15.6) hit=F04_B_PRIVATE_HALL_SWITCH:<StaticBody3D#31147404926706> at=(10.963, 10.73319, -15.6)
[SWITCHES] F04_B_PRIVATE_HALL -> off (1 fixtures)
[SWITCHES] F04_B_PRIVATE_HALL -> on (1 fixtures)
SWITCH TARGET F04_B_CLOSET_SWITCH feet=(8.162001, 9.62, -19.3) hit=F04_B_CLOSET_SWITCH:<StaticBody3D#31147706916598> at=(7.687001, 10.73842, -19.58218)
[SWITCHES] F04_B_CLOSET -> off (1 fixtures)
[SWITCHES] F04_B_CLOSET -> on (1 fixtures)
SWITCH TARGET F02_A_VESTIBULE_SWITCH feet=(7.000001, 3.22, -12.1) hit=F02_A_VESTIBULE_SWITCH:<StaticBody3D#31148008906529> at=(7.000001, 4.331728, -12.863)
[SWITCHES] F02_A_VESTIBULE -> off (1 fixtures)
[SWITCHES] F02_A_VESTIBULE -> on (1 fixtures)
SWITCH TARGET F02_A_KITCHEN_SWITCH feet=(10.95, 3.22, -15.8) hit=F02_A_KITCHEN_SWITCH:<StaticBody3D#31148310886865> at=(10.95, 4.329862, -14.887)
[SWITCHES] F02_A_KITCHEN -> off (1 fixtures)
[SWITCHES] F02_A_KITCHEN -> on (1 fixtures)
SWITCH TARGET F02_A_PRIVATE_HALL_SWITCH feet=(9.500002, 3.22, -17.25) hit=F02_A_PRIVATE_HALL_SWITCH:<StaticBody3D#31148612886313> at=(10.113, 4.334464, -17.25)
[SWITCHES] F02_A_PRIVATE_HALL -> off (1 fixtures)
[SWITCHES] F02_A_PRIVATE_HALL -> on (1 fixtures)
SWITCH TARGET F02_A_BATH_SWITCH feet=(7.600001, 3.22, -16.1) hit=F02_A_BATH_SWITCH:<StaticBody3D#31148914876228> at=(6.467002, 4.327997, -16.1)
[SWITCHES] F02_A_BATH -> off (1 fixtures)
[SWITCHES] F02_A_BATH -> on (1 fixtures)
SWITCH TARGET F02_A_BED_SWITCH feet=(11.2, 3.22, -18.35) hit=F02_A_BED_SWITCH:<StaticBody3D#31149216866122> at=(10.387, 4.331032, -18.06067)
[SWITCHES] F02_A_BED -> off (1 fixtures)
[SWITCHES] F02_A_BED -> on (1 fixtures)
SWITCH TARGET F02_B_VESTIBULE_SWITCH feet=(-10.45, 3.22, -9.5) hit=F02_B_VESTIBULE_SWITCH:<StaticBody3D#31149518856013> at=(-10.45, 4.330414, -10.363)
[SWITCHES] F02_B_VESTIBULE -> off (1 fixtures)
[SWITCHES] F02_B_VESTIBULE -> on (1 fixtures)
SWITCH TARGET F02_B_MAIN_SWITCH feet=(-12.5, 3.22, -10.85) hit=F02_B_MAIN_SWITCH:<StaticBody3D#31149820846868> at=(-11.637, 4.330415, -10.85)
[SWITCHES] F02_B_MAIN -> off (1 fixtures)
[SWITCHES] F02_B_MAIN -> on (1 fixtures)
SWITCH TARGET F02_B_KITCHEN_SWITCH feet=(-11.85, 3.22, -4.650001) hit=F02_B_KITCHEN_SWITCH:<StaticBody3D#31150122835795> at=(-12.663, 4.331032, -4.650001)
[SWITCHES] F02_B_KITCHEN -> off (1 fixtures)
[SWITCHES] F02_B_KITCHEN -> on (1 fixtures)
SWITCH TARGET F02_B_BED_SWITCH feet=(-11.85, 3.22, -1.900001) hit=F02_B_BED_SWITCH:<StaticBody3D#31150424825659> at=(-12.663, 4.331032, -1.900001)
[SWITCHES] F02_B_BED -> off (1 fixtures)
[SWITCHES] F02_B_BED -> on (1 fixtures)
SWITCH TARGET F02_B_PRIVATE_HALL_SWITCH feet=(-14.65, 3.22, -4.950001) hit=F02_B_PRIVATE_HALL_SWITCH:<StaticBody3D#31150726805974> at=(-15.513, 4.330414, -4.950001)
[SWITCHES] F02_B_PRIVATE_HALL -> off (1 fixtures)
[SWITCHES] F02_B_PRIVATE_HALL -> on (1 fixtures)
SWITCH TARGET F02_B_BATH_SWITCH feet=(-13.7, 3.22, -1.000001) hit=F02_B_BATH_SWITCH:<StaticBody3D#31151028805481> at=(-12.941, 4.331787, -1.000001)
[SWITCHES] F02_B_BATH -> off (1 fixtures)
[SWITCHES] F02_B_BATH -> on (1 fixtures)
SWITCH TARGET F03_B_VESTIBULE_SWITCH feet=(-10.45, 6.42, -9.5) hit=F03_B_VESTIBULE_SWITCH:<StaticBody3D#31151330795372> at=(-10.45, 7.530414, -10.363)
[SWITCHES] F03_B_VESTIBULE -> off (1 fixtures)
[SWITCHES] F03_B_VESTIBULE -> on (1 fixtures)
SWITCH TARGET F03_B_PRIVATE_HALL_SWITCH feet=(-14.65, 6.42, -3.950001) hit=F03_B_PRIVATE_HALL_SWITCH:<StaticBody3D#31151632786219> at=(-15.513, 7.530414, -3.950001)
[SWITCHES] F03_B_PRIVATE_HALL -> off (1 fixtures)
[SWITCHES] F03_B_PRIVATE_HALL -> on (1 fixtures)
SWITCH TARGET F04_B_VESTIBULE_SWITCH feet=(7.000001, 9.620001, -12.35) hit=F04_B_VESTIBULE_SWITCH:<StaticBody3D#31151934776110> at=(7.000001, 10.73103, -13.163)
[SWITCHES] F04_B_VESTIBULE -> off (1 fixtures)
[SWITCHES] F04_B_VESTIBULE -> on (1 fixtures)
SWITCH TARGET F04_B_ALCOVE_APPROACH_SWITCH feet=(9.150002, 9.620001, -18.95) hit=F04_B_ALCOVE_APPROACH_SWITCH:<StaticBody3D#31152236766000> at=(9.150002, 10.73103, -19.763)
[SWITCHES] F04_B_ALCOVE_APPROACH -> off (1 fixtures)
[SWITCHES] F04_B_ALCOVE_APPROACH -> on (1 fixtures)
SWITCH TARGET F03_A_MAIN_SWITCH feet=(8.362001, 6.42, -9.649999) hit=F03_A_MAIN_SWITCH:<StaticBody3D#31152538755901> at=(7.687001, 7.533191, -9.649999)
[SWITCHES] F03_A_MAIN -> off (1 fixtures)
[SWITCHES] F03_A_MAIN -> on (1 fixtures)
SWITCH TARGET F03_A_VESTIBULE_SWITCH feet=(7.000001, 6.42, -12.1) hit=F03_A_VESTIBULE_SWITCH:<StaticBody3D#31152840745788> at=(7.000001, 7.531728, -12.863)
[SWITCHES] F03_A_VESTIBULE -> off (1 fixtures)
[SWITCHES] F03_A_VESTIBULE -> on (1 fixtures)
SWITCH TARGET F03_A_KITCHEN_SWITCH feet=(10.95, 6.42, -15.8) hit=F03_A_KITCHEN_SWITCH:<StaticBody3D#31153142735708> at=(10.95, 7.529862, -14.887)
[SWITCHES] F03_A_KITCHEN -> off (1 fixtures)
[SWITCHES] F03_A_KITCHEN -> on (1 fixtures)
SWITCH TARGET F03_A_PRIVATE_HALL_SWITCH feet=(9.500002, 6.42, -17.25) hit=F03_A_PRIVATE_HALL_SWITCH:<StaticBody3D#31153444725599> at=(10.113, 7.534463, -17.25)
[SWITCHES] F03_A_PRIVATE_HALL -> off (1 fixtures)
[SWITCHES] F03_A_PRIVATE_HALL -> on (1 fixtures)
SWITCH TARGET F03_A_BATH_SWITCH feet=(7.600001, 6.42, -16.1) hit=F03_A_BATH_SWITCH:<StaticBody3D#31153746715509> at=(6.467002, 7.527997, -16.1)
[SWITCHES] F03_A_BATH -> off (1 fixtures)
[SWITCHES] F03_A_BATH -> on (1 fixtures)
SWITCH TARGET F03_A_BED_SWITCH feet=(11.2, 6.42, -18.35) hit=F03_A_BED_SWITCH:<StaticBody3D#31154048705387> at=(10.387, 7.531032, -18.06067)
[SWITCHES] F03_A_BED -> off (1 fixtures)
[SWITCHES] F03_A_BED -> on (1 fixtures)
SWITCH TARGET F04_A_VESTIBULE_SWITCH feet=(-10.45, 9.620001, -9.5) hit=F04_A_VESTIBULE_SWITCH:<StaticBody3D#31154350695298> at=(-10.45, 10.73041, -10.363)
[SWITCHES] F04_A_VESTIBULE -> off (1 fixtures)
[SWITCHES] F04_A_VESTIBULE -> on (1 fixtures)
SWITCH TARGET F04_A_MAIN_SWITCH feet=(-12.5, 9.620001, -10.85) hit=F04_A_MAIN_SWITCH:<StaticBody3D#31154652685191> at=(-11.637, 10.73041, -10.85)
[SWITCHES] F04_A_MAIN -> off (1 fixtures)
[SWITCHES] F04_A_MAIN -> on (1 fixtures)
SWITCH TARGET F04_A_KITCHEN_SWITCH feet=(-11.85, 9.620001, -4.650001) hit=F04_A_KITCHEN_SWITCH:<StaticBody3D#31154954675104> at=(-12.663, 10.73103, -4.650001)
[SWITCHES] F04_A_KITCHEN -> off (1 fixtures)
[SWITCHES] F04_A_KITCHEN -> on (1 fixtures)
SWITCH TARGET F04_A_BED_SWITCH feet=(-11.85, 9.620001, -1.900001) hit=F04_A_BED_SWITCH:<StaticBody3D#31155256664990> at=(-12.663, 10.73103, -1.900001)
[SWITCHES] F04_A_BED -> off (1 fixtures)
[SWITCHES] F04_A_BED -> on (1 fixtures)
SWITCH TARGET F04_A_PRIVATE_HALL_SWITCH feet=(-14.65, 9.620001, -4.950001) hit=F04_A_PRIVATE_HALL_SWITCH:<StaticBody3D#31155558654890> at=(-15.513, 10.73041, -4.950001)
[SWITCHES] F04_A_PRIVATE_HALL -> off (1 fixtures)
[SWITCHES] F04_A_PRIVATE_HALL -> on (1 fixtures)
SWITCH TARGET F04_A_BATH_SWITCH feet=(-13.7, 9.620001, -1.000001) hit=F04_A_BATH_SWITCH:<StaticBody3D#31155860644794> at=(-12.941, 10.73179, -1.000001)
[SWITCHES] F04_A_BATH -> off (1 fixtures)
[SWITCHES] F04_A_BATH -> on (1 fixtures)
SWITCH TARGET F05_A_MAIN_SWITCH feet=(9.350001, 12.82, -8.749999) hit=F05_A_MAIN_SWITCH:<StaticBody3D#31156162634689> at=(8.437001, 13.92986, -8.749999)
[SWITCHES] F05_A_MAIN -> off (1 fixtures)
[SWITCHES] F05_A_MAIN -> on (1 fixtures)
SWITCH TARGET F05_A_VESTIBULE_SWITCH feet=(6.500001, 12.82, -9.999999) hit=F05_A_VESTIBULE_SWITCH:<StaticBody3D#31156464624593> at=(6.490319, 13.92986, -10.913)
[SWITCHES] F05_A_VESTIBULE -> off (1 fixtures)
[SWITCHES] F05_A_VESTIBULE -> on (1 fixtures)
SWITCH TARGET F05_A_PRIVATE_HALL_SWITCH feet=(7.5, 12.82, -3.849999) hit=F05_A_PRIVATE_HALL_SWITCH:<StaticBody3D#31156766614507> at=(7.558083, 13.9299, -2.940998)
[SWITCHES] F05_A_PRIVATE_HALL -> off (1 fixtures)
[SWITCHES] F05_A_PRIVATE_HALL -> on (1 fixtures)
SWITCH TARGET F05_A_BATH_SWITCH feet=(6.3, 12.82, -1.749999) hit=F05_A_BATH_SWITCH:<StaticBody3D#31157068604398> at=(6.3, 13.92986, -2.662998)
[SWITCHES] F05_A_BATH -> off (1 fixtures)
[SWITCHES] F05_A_BATH -> on (1 fixtures)
SWITCH TARGET F05_A_BED_SWITCH feet=(14.4, 12.82, -4.249998) hit=F05_A_BED_SWITCH:<StaticBody3D#31157370594288> at=(14.4, 13.92986, -5.162998)
[SWITCHES] F05_A_BED -> off (1 fixtures)
[SWITCHES] F05_A_BED -> on (1 fixtures)
SWITCH TARGET F05_A_KITCHEN_SWITCH feet=(9.6, 12.82, -4.249999) hit=F05_A_KITCHEN_SWITCH:<StaticBody3D#31157672584189> at=(9.6, 13.92986, -5.162998)
[SWITCHES] F05_A_KITCHEN -> off (1 fixtures)
[SWITCHES] F05_A_KITCHEN -> on (1 fixtures)
SWITCH TARGET F05_A_STUDY_SWITCH feet=(9.1, 12.82, -1.249999) hit=F05_A_STUDY_SWITCH:<StaticBody3D#31157974574076> at=(9.090318, 13.92986, -2.162999)
[SWITCHES] F05_A_STUDY -> off (1 fixtures)
[SWITCHES] F05_A_STUDY -> on (1 fixtures)
SWITCH TARGET F05_B_MAIN_SWITCH feet=(10.35, 12.82, -12.75) hit=F05_B_MAIN_SWITCH:<StaticBody3D#31158276564019> at=(9.437001, 13.92986, -12.75)
[SWITCHES] F05_B_MAIN -> off (1 fixtures)
[SWITCHES] F05_B_MAIN -> on (1 fixtures)
SWITCH TARGET F05_B_VESTIBULE_SWITCH feet=(8.500001, 12.82, -13.7) hit=F05_B_VESTIBULE_SWITCH:<StaticBody3D#31158578553902> at=(8.509682, 13.9299, -14.609)
[SWITCHES] F05_B_VESTIBULE -> off (1 fixtures)
[SWITCHES] F05_B_VESTIBULE -> on (1 fixtures)
SWITCH TARGET F05_B_BATH_SWITCH feet=(7.300002, 12.82, -15.8) hit=F05_B_BATH_SWITCH:<StaticBody3D#31158880543824> at=(7.290319, 13.92986, -14.887)
[SWITCHES] F05_B_BATH -> off (1 fixtures)
[SWITCHES] F05_B_BATH -> on (1 fixtures)
SWITCH TARGET F05_B_ALCOVE_SWITCH feet=(12.25, 12.82, -21.45) hit=F05_B_ALCOVE_SWITCH:<StaticBody3D#31159182533715> at=(11.337, 13.92986, -21.45)
[SWITCHES] F05_B_ALCOVE -> off (1 fixtures)
[SWITCHES] F05_B_ALCOVE -> on (1 fixtures)
SWITCH TARGET F05_B_PRIVATE_HALL_SWITCH feet=(10.35, 12.82, -21.05) hit=F05_B_PRIVATE_HALL_SWITCH:<StaticBody3D#31159484523605> at=(9.437002, 13.92986, -21.05968)
[SWITCHES] F05_B_PRIVATE_HALL -> off (1 fixtures)
[SWITCHES] F05_B_PRIVATE_HALL -> on (1 fixtures)
SWITCH TARGET F05_B_KITCHEN_SWITCH feet=(8.250002, 12.82, -19.85) hit=F05_B_KITCHEN_SWITCH:<StaticBody3D#31159786513506> at=(9.163002, 13.92986, -19.84031)
[SWITCHES] F05_B_KITCHEN -> off (1 fixtures)
[SWITCHES] F05_B_KITCHEN -> on (1 fixtures)
SWITCH TARGET F05_C_VESTIBULE_SWITCH feet=(0.200001, 12.82, -16.55) hit=F05_C_VESTIBULE_SWITCH:<StaticBody3D#31160088503393> at=(0.200001, 13.92986, -15.637)
[SWITCHES] F05_C_VESTIBULE -> off (1 fixtures)
[SWITCHES] F05_C_VESTIBULE -> on (1 fixtures)
SWITCH TARGET F05_C_MAIN_SWITCH feet=(4.700001, 12.82, -19.05) hit=F05_C_MAIN_SWITCH:<StaticBody3D#31160390493313> at=(4.700001, 13.92986, -18.137)
[SWITCHES] F05_C_MAIN -> off (1 fixtures)
[SWITCHES] F05_C_MAIN -> on (1 fixtures)
SWITCH TARGET F05_C_STUDIO_SWITCH feet=(4.700001, 12.82, -16.95) hit=F05_C_STUDIO_SWITCH:<StaticBody3D#31160692483204> at=(4.700001, 13.92986, -17.863)
[SWITCHES] F05_C_STUDIO -> off (1 fixtures)
[SWITCHES] F05_C_STUDIO -> on (1 fixtures)
SWITCH TARGET F05_C_PRIVATE_HALL_SWITCH feet=(-6.049999, 12.82, -18.95) hit=F05_C_PRIVATE_HALL_SWITCH:<StaticBody3D#31160994473114> at=(-6.962998, 13.92986, -18.95)
[SWITCHES] F05_C_PRIVATE_HALL -> off (1 fixtures)
[SWITCHES] F05_C_PRIVATE_HALL -> on (1 fixtures)
SWITCH TARGET F05_C_BATH_SWITCH feet=(-1.099998, 12.82, -16.95) hit=F05_C_BATH_SWITCH:<StaticBody3D#31161296462992> at=(-1.099998, 13.92986, -17.863)
[SWITCHES] F05_C_BATH -> off (1 fixtures)
[SWITCHES] F05_C_BATH -> on (1 fixtures)
SWITCH TARGET F05_C_KITCHEN_SWITCH feet=(-5.599998, 12.82, -16.55) hit=F05_C_KITCHEN_SWITCH:<StaticBody3D#31161598452934> at=(-5.599998, 13.92986, -15.637)
[SWITCHES] F05_C_KITCHEN -> off (1 fixtures)
[SWITCHES] F05_C_KITCHEN -> on (1 fixtures)
SWITCH TARGET F05_C_BED1_SWITCH feet=(-2.999998, 12.82, -20.55) hit=F05_C_BED1_SWITCH:<StaticBody3D#31161900442820> at=(-2.999998, 13.92986, -19.637)
[SWITCHES] F05_C_BED1 -> off (1 fixtures)
[SWITCHES] F05_C_BED1 -> on (1 fixtures)
SWITCH TARGET F05_C_BED2_SWITCH feet=(-6.299998, 12.82, -20.55) hit=F05_C_BED2_SWITCH:<StaticBody3D#31162202432721> at=(-6.299999, 13.92986, -19.637)
[SWITCHES] F05_C_BED2 -> off (1 fixtures)
[SWITCHES] F05_C_BED2 -> on (1 fixtures)
SWITCH TARGET F06_A_MAIN_SWITCH feet=(9.350001, 16.02, -8.749999) hit=F06_A_MAIN_SWITCH:<StaticBody3D#31162504422616> at=(8.437001, 17.12986, -8.749999)
[SWITCHES] F06_A_MAIN -> off (1 fixtures)
[SWITCHES] F06_A_MAIN -> on (1 fixtures)
SWITCH TARGET F06_A_VESTIBULE_SWITCH feet=(6.500001, 16.02, -9.999999) hit=F06_A_VESTIBULE_SWITCH:<StaticBody3D#31162806412520> at=(6.490319, 17.12986, -10.913)
[SWITCHES] F06_A_VESTIBULE -> off (1 fixtures)
[SWITCHES] F06_A_VESTIBULE -> on (1 fixtures)
SWITCH TARGET F06_A_PRIVATE_HALL_SWITCH feet=(7.5, 16.02, -3.849999) hit=F06_A_PRIVATE_HALL_SWITCH:<StaticBody3D#31163108402415> at=(7.558083, 17.12991, -2.940998)
[SWITCHES] F06_A_PRIVATE_HALL -> off (1 fixtures)
[SWITCHES] F06_A_PRIVATE_HALL -> on (1 fixtures)
SWITCH TARGET F06_A_BATH_SWITCH feet=(6.3, 16.02, -1.749999) hit=F06_A_BATH_SWITCH:<StaticBody3D#31163410392319> at=(6.3, 17.12986, -2.662998)
[SWITCHES] F06_A_BATH -> off (1 fixtures)
[SWITCHES] F06_A_BATH -> on (1 fixtures)
SWITCH TARGET F06_A_BED_SWITCH feet=(14.4, 16.02, -4.249998) hit=F06_A_BED_SWITCH:<StaticBody3D#31163712382233> at=(14.4, 17.12986, -5.162998)
[SWITCHES] F06_A_BED -> off (1 fixtures)
[SWITCHES] F06_A_BED -> on (1 fixtures)
SWITCH TARGET F06_A_KITCHEN_SWITCH feet=(9.6, 16.02, -4.249999) hit=F06_A_KITCHEN_SWITCH:<StaticBody3D#31164014372124> at=(9.6, 17.12986, -5.162998)
[SWITCHES] F06_A_KITCHEN -> off (1 fixtures)
[SWITCHES] F06_A_KITCHEN -> on (1 fixtures)
SWITCH TARGET F06_A_STUDY_SWITCH feet=(8.94, 16.02, -1.449999) hit=F06_A_STUDY_SWITCH:<StaticBody3D#31164316362014> at=(8.441, 17.13758, -1.732986)
[SWITCHES] F06_A_STUDY -> off (1 fixtures)
[SWITCHES] F06_A_STUDY -> on (1 fixtures)
SWITCH TARGET F06_B_MAIN_SWITCH feet=(10.35, 16.02, -12.75) hit=F06_B_MAIN_SWITCH:<StaticBody3D#31164618351907> at=(9.437001, 17.12986, -12.75)
[SWITCHES] F06_B_MAIN -> off (1 fixtures)
[SWITCHES] F06_B_MAIN -> on (1 fixtures)
SWITCH TARGET F06_B_VESTIBULE_SWITCH feet=(8.500001, 16.02, -13.7) hit=F06_B_VESTIBULE_SWITCH:<StaticBody3D#31164920341837> at=(8.509682, 17.12991, -14.609)
[SWITCHES] F06_B_VESTIBULE -> off (1 fixtures)
[SWITCHES] F06_B_VESTIBULE -> on (1 fixtures)
SWITCH TARGET F06_B_BATH_SWITCH feet=(7.300002, 16.02, -15.8) hit=F06_B_BATH_SWITCH:<StaticBody3D#31165222331733> at=(7.290319, 17.12986, -14.887)
[SWITCHES] F06_B_BATH -> off (1 fixtures)
[SWITCHES] F06_B_BATH -> on (1 fixtures)
SWITCH TARGET F06_B_ALCOVE_SWITCH feet=(12.25, 16.02, -21.45) hit=F06_B_ALCOVE_SWITCH:<StaticBody3D#31165524321644> at=(11.337, 17.12986, -21.45)
[SWITCHES] F06_B_ALCOVE -> off (1 fixtures)
[SWITCHES] F06_B_ALCOVE -> on (1 fixtures)
SWITCH TARGET F06_B_PRIVATE_HALL_SWITCH feet=(10.35, 16.02, -21.05) hit=F06_B_PRIVATE_HALL_SWITCH:<StaticBody3D#31165826311522> at=(9.437002, 17.12986, -21.05968)
[SWITCHES] F06_B_PRIVATE_HALL -> off (1 fixtures)
[SWITCHES] F06_B_PRIVATE_HALL -> on (1 fixtures)
SWITCH TARGET F06_B_KITCHEN_SWITCH feet=(8.250002, 16.02, -19.85) hit=F06_B_KITCHEN_SWITCH:<StaticBody3D#31166128301433> at=(9.163002, 17.12986, -19.84031)
[SWITCHES] F06_B_KITCHEN -> off (1 fixtures)
[SWITCHES] F06_B_KITCHEN -> on (1 fixtures)
SWITCH TARGET F06_C_VESTIBULE_SWITCH feet=(0.200001, 16.02, -16.55) hit=F06_C_VESTIBULE_SWITCH:<StaticBody3D#31166430291326> at=(0.200001, 17.12986, -15.637)
[SWITCHES] F06_C_VESTIBULE -> off (1 fixtures)
[SWITCHES] F06_C_VESTIBULE -> on (1 fixtures)
SWITCH TARGET F06_C_MAIN_SWITCH feet=(4.700001, 16.02, -19.05) hit=F06_C_MAIN_SWITCH:<StaticBody3D#31166732281239> at=(4.700001, 17.12986, -18.137)
[SWITCHES] F06_C_MAIN -> off (1 fixtures)
[SWITCHES] F06_C_MAIN -> on (1 fixtures)
SWITCH TARGET F06_C_STUDIO_SWITCH feet=(4.700001, 16.02, -16.95) hit=F06_C_STUDIO_SWITCH:<StaticBody3D#31167034271125> at=(4.700001, 17.12986, -17.863)
[SWITCHES] F06_C_STUDIO -> off (1 fixtures)
[SWITCHES] F06_C_STUDIO -> on (1 fixtures)
SWITCH TARGET F06_C_PRIVATE_HALL_SWITCH feet=(-6.049999, 16.02, -18.95) hit=F06_C_PRIVATE_HALL_SWITCH:<StaticBody3D#31167336261025> at=(-6.962998, 17.12986, -18.95)
[SWITCHES] F06_C_PRIVATE_HALL -> off (1 fixtures)
[SWITCHES] F06_C_PRIVATE_HALL -> on (1 fixtures)
SWITCH TARGET F06_C_BATH_SWITCH feet=(-1.099998, 16.02, -16.95) hit=F06_C_BATH_SWITCH:<StaticBody3D#31167638250957> at=(-1.099998, 17.12986, -17.863)
[SWITCHES] F06_C_BATH -> off (1 fixtures)
[SWITCHES] F06_C_BATH -> on (1 fixtures)
SWITCH TARGET F06_C_KITCHEN_SWITCH feet=(-5.599998, 16.02, -16.55) hit=F06_C_KITCHEN_SWITCH:<StaticBody3D#31167940240849> at=(-5.599998, 17.12986, -15.637)
[SWITCHES] F06_C_KITCHEN -> off (1 fixtures)
[SWITCHES] F06_C_KITCHEN -> on (1 fixtures)
SWITCH TARGET F06_C_BED1_SWITCH feet=(-2.999998, 16.02, -20.55) hit=F06_C_BED1_SWITCH:<StaticBody3D#31168242230763> at=(-2.999998, 17.12986, -19.637)
[SWITCHES] F06_C_BED1 -> off (1 fixtures)
[SWITCHES] F06_C_BED1 -> on (1 fixtures)
SWITCH TARGET F06_C_BED2_SWITCH feet=(-6.299998, 16.02, -20.55) hit=F06_C_BED2_SWITCH:<StaticBody3D#31168544220654> at=(-6.299999, 17.12986, -19.637)
[SWITCHES] F06_C_BED2 -> off (1 fixtures)
[SWITCHES] F06_C_BED2 -> on (1 fixtures)
SWITCH TARGET F02_WEST_HALL_SWITCH feet=(5.080001, 3.22, -11.622) hit=F02_WEST_HALL_SWITCH:<StaticBody3D#31168846210544> at=(5.362179, 4.338416, -12.097)
[SWITCHES] F02_WEST_HALL -> off (2 fixtures)
[SWITCHES] F02_WEST_HALL -> on (2 fixtures)
SWITCH TARGET F02_EAST_HALL_SWITCH feet=(-6.2, 3.22, -8.428) hit=F02_EAST_HALL_SWITCH:<StaticBody3D#31169148200445> at=(-5.917821, 4.338416, -7.953001)
[SWITCHES] F02_EAST_HALL -> off (1 fixtures)
[SWITCHES] F02_EAST_HALL -> on (1 fixtures)
SWITCH TARGET F03_WEST_HALL_SWITCH feet=(5.080001, 6.42, -11.622) hit=F03_WEST_HALL_SWITCH:<StaticBody3D#31169450190332> at=(5.362179, 7.538416, -12.097)
[SWITCHES] F03_WEST_HALL -> off (2 fixtures)
[SWITCHES] F03_WEST_HALL -> on (2 fixtures)
SWITCH TARGET F03_EAST_HALL_SWITCH feet=(-6.2, 6.42, -8.428) hit=F03_EAST_HALL_SWITCH:<StaticBody3D#31169752180252> at=(-5.917821, 7.538416, -7.953001)
[SWITCHES] F03_EAST_HALL -> off (1 fixtures)
[SWITCHES] F03_EAST_HALL -> on (1 fixtures)
SWITCH TARGET F04_WEST_HALL_SWITCH feet=(5.080001, 9.62, -11.622) hit=F04_WEST_HALL_SWITCH:<StaticBody3D#31170054170143> at=(5.362179, 10.73842, -12.097)
[SWITCHES] F04_WEST_HALL -> off (2 fixtures)
[SWITCHES] F04_WEST_HALL -> on (2 fixtures)
SWITCH TARGET F04_EAST_HALL_SWITCH feet=(-6.2, 9.62, -8.428) hit=F04_EAST_HALL_SWITCH:<StaticBody3D#31170356160053> at=(-5.917821, 10.73842, -7.953001)
[SWITCHES] F04_EAST_HALL -> off (1 fixtures)
[SWITCHES] F04_EAST_HALL -> on (1 fixtures)
SWITCH TARGET F05_WEST_HALL_SWITCH feet=(4.700001, 12.82, -11.678) hit=F05_WEST_HALL_SWITCH:<StaticBody3D#31170658149931> at=(4.982179, 13.93842, -11.203)
[SWITCHES] F05_WEST_HALL -> off (3 fixtures)
[SWITCHES] F05_WEST_HALL -> on (3 fixtures)
SWITCH TARGET F05_EAST_HALL_SWITCH feet=(-6.2, 12.82, -8.428) hit=F05_EAST_HALL_SWITCH:<StaticBody3D#31170960139873> at=(-5.917821, 13.93842, -7.953001)
[SWITCHES] F05_EAST_HALL -> off (1 fixtures)
[SWITCHES] F05_EAST_HALL -> on (1 fixtures)
SWITCH TARGET F06_WEST_HALL_SWITCH feet=(4.700001, 16.02, -11.678) hit=F06_WEST_HALL_SWITCH:<StaticBody3D#31171262129759> at=(4.982179, 17.13842, -11.203)
[SWITCHES] F06_WEST_HALL -> off (3 fixtures)
[SWITCHES] F06_WEST_HALL -> on (3 fixtures)
SWITCH TARGET F06_EAST_HALL_SWITCH feet=(-6.2, 16.02, -8.428) hit=F06_EAST_HALL_SWITCH:<StaticBody3D#31171564119660> at=(-5.917821, 17.13842, -7.953001)
[SWITCHES] F06_EAST_HALL -> off (1 fixtures)
[SWITCHES] F06_EAST_HALL -> on (1 fixtures)
CONNECTED WORLD: 57508 checks; 0 failures
