Godot Engine v4.7.1.stable.official.a13da4feb - https://godotengine.org
Vulkan 1.4.341 - Forward+ - Using Device #0: NVIDIA - NVIDIA GeForce RTX 4080

[ACOUSTIC] 550 nodes loaded
ORISON V2 BLOCKOUT: 200 spaces / 111 doors / 1414 anchors
[V2 FRONT COURT ROOF] three seated girders; retained roof slabs; mapped exterior concrete
[V2 BODEGA POWER] independent inlet; four existing fittings; 20 bearings
[SURFACE] 402 surfaces layered (261 materials)
[PASSAGE HOURS] OPEN; 10 grilles folded
[PASSAGE HOURS] 11 shopfronts, 10 close after 02:00, HARDWARE PAINT keeps night service
[PASSAGE FINISH] 6 gated draws, 3 handcarts, hours active
[V2 PASSAGE] 13 resident cells; 11 doors; 1 shared-service counters
[SURFACE] 215 surfaces layered (108 materials)
[HARUKIYA] 9 interactables placed
[ARCADE] 2 cabinet(s) from a catalog of 12: SOMETHING IN THE HALL (mystery_serial), OPERATIONS (farm_and_market)
[ARCADE] all of them are running arcade_pit
[V2 BAR] retained cell; 29 registered markers; 3 doors
[V2 FRONT FACADE] native entrance, original landmark hardware, glazed marquee and fitted blade
[SCHEDULE] director live: 18 residents on the clock
[MOVES] personal library: res://assets/characters/mina_vale/mina_vale_moves.glb
SOURCE PARAPET MATERIAL ROOF_PARAPET_EAST brick 
SOURCE PARAPET MATERIAL ROOF_PARAPET_NORTH brick 
SOURCE PARAPET MATERIAL ROOF_PARAPET_SOUTH brick 
SOURCE PARAPET MATERIAL ROOF_PARAPET_WEST brick 
[ORISON V2 RUNTIME] ready startup_ms=48783.824
[LIGHTING] 230 sources active in system; 230 full personalities; profiles steady/breathe/mains/beat/dropout=[56, 50, 41, 47, 36]
[HARUKIYA] OPEN, 18 fixtures
SWITCH TARGET B1_LAUNDRY_SWITCH feet=(3.012001, -3.18, -9.249999) hit=B1_LAUNDRY_SWITCH:<StaticBody3D#2073647198530> at=(2.337001, -2.066808, -9.249999)
[SWITCHES] B1_LAUNDRY -> off (1 fixtures)
[SWITCHES] B1_LAUNDRY -> on (1 fixtures)
SWITCH TARGET F02_A_MAIN_SWITCH feet=(8.362001, 3.22, -9.649999) hit=F02_A_MAIN_SWITCH:<StaticBody3D#2073949188424> at=(7.687001, 4.333191, -9.649999)
[SWITCHES] F02_A_MAIN -> off (1 fixtures)
[SWITCHES] F02_A_MAIN -> on (1 fixtures)
SWITCH TARGET F03_B_MAIN_SWITCH feet=(-12.312, 6.42, -9.950001) hit=F03_B_MAIN_SWITCH:<StaticBody3D#2074251178320> at=(-11.637, 7.533192, -9.950001)
[SWITCHES] F03_B_MAIN -> off (1 fixtures)
[SWITCHES] F03_B_MAIN -> on (1 fixtures)
SWITCH TARGET F03_B_KITCHEN_SWITCH feet=(-10.312, 6.42, -4.1) hit=F03_B_KITCHEN_SWITCH:<StaticBody3D#2074553168216> at=(-9.637, 7.533192, -4.1)
[SWITCHES] F03_B_KITCHEN -> off (1 fixtures)
[SWITCHES] F03_B_KITCHEN -> on (1 fixtures)
SWITCH TARGET F03_B_ALCOVE_SWITCH feet=(-12.188, 6.42, -1.915001) hit=F03_B_ALCOVE_SWITCH:<StaticBody3D#2074855158112> at=(-12.863, 7.533192, -1.915001)
[SWITCHES] F03_B_ALCOVE -> off (1 fixtures)
[SWITCHES] F03_B_ALCOVE -> on (1 fixtures)
SWITCH TARGET F03_B_BATH_SWITCH feet=(-14.5, 6.42, -1.234) hit=F03_B_BATH_SWITCH:<StaticBody3D#2075157148008> at=(-14.78218, 7.538416, -1.709)
[SWITCHES] F03_B_BATH -> off (1 fixtures)
[SWITCHES] F03_B_BATH -> on (1 fixtures)
SWITCH TARGET F04_B_ALCOVE_SWITCH feet=(11.362, 9.62, -20.75) hit=F04_B_ALCOVE_SWITCH:<StaticBody3D#2075459137904> at=(10.687, 10.73319, -20.75)
[SWITCHES] F04_B_ALCOVE -> off (1 fixtures)
[SWITCHES] F04_B_ALCOVE -> on (1 fixtures)
SWITCH TARGET F04_B_MAIN_SWITCH feet=(8.362001, 9.62, -10.6) hit=F04_B_MAIN_SWITCH:<StaticBody3D#2075761127800> at=(7.687001, 10.73319, -10.6)
[SWITCHES] F04_B_MAIN -> off (1 fixtures)
[SWITCHES] F04_B_MAIN -> on (1 fixtures)
SWITCH TARGET F04_B_BATH_SWITCH feet=(8.434001, 9.62, -15.9) hit=F04_B_BATH_SWITCH:<StaticBody3D#2076063117696> at=(8.909001, 10.73842, -15.61782)
[SWITCHES] F04_B_BATH -> off (1 fixtures)
[SWITCHES] F04_B_BATH -> on (1 fixtures)
SWITCH TARGET F04_B_KITCHEN_SWITCH feet=(12.35, 9.62, -15.912) hit=F04_B_KITCHEN_SWITCH:<StaticBody3D#2076365107592> at=(12.35, 10.73319, -15.237)
[SWITCHES] F04_B_KITCHEN -> off (1 fixtures)
[SWITCHES] F04_B_KITCHEN -> on (1 fixtures)
SWITCH TARGET F04_B_PRIVATE_HALL_SWITCH feet=(10.288, 9.62, -15.6) hit=F04_B_PRIVATE_HALL_SWITCH:<StaticBody3D#2076667097488> at=(10.963, 10.73319, -15.6)
[SWITCHES] F04_B_PRIVATE_HALL -> off (1 fixtures)
[SWITCHES] F04_B_PRIVATE_HALL -> on (1 fixtures)
SWITCH TARGET F04_B_CLOSET_SWITCH feet=(8.162001, 9.62, -19.3) hit=F04_B_CLOSET_SWITCH:<StaticBody3D#2076969087384> at=(7.687001, 10.73842, -19.58218)
[SWITCHES] F04_B_CLOSET -> off (1 fixtures)
[SWITCHES] F04_B_CLOSET -> on (1 fixtures)
SWITCH TARGET F02_A_VESTIBULE_SWITCH feet=(7.000001, 3.22, -12.1) hit=F02_A_VESTIBULE_SWITCH:<StaticBody3D#2077271077280> at=(7.000001, 4.331728, -12.863)
[SWITCHES] F02_A_VESTIBULE -> off (1 fixtures)
[SWITCHES] F02_A_VESTIBULE -> on (1 fixtures)
SWITCH TARGET F02_A_KITCHEN_SWITCH feet=(10.95, 3.22, -15.8) hit=F02_A_KITCHEN_SWITCH:<StaticBody3D#2077573067176> at=(10.95, 4.329862, -14.887)
[SWITCHES] F02_A_KITCHEN -> off (1 fixtures)
[SWITCHES] F02_A_KITCHEN -> on (1 fixtures)
SWITCH TARGET F02_A_PRIVATE_HALL_SWITCH feet=(9.500002, 3.22, -17.25) hit=F02_A_PRIVATE_HALL_SWITCH:<StaticBody3D#2077875057072> at=(10.113, 4.334464, -17.25)
[SWITCHES] F02_A_PRIVATE_HALL -> off (1 fixtures)
[SWITCHES] F02_A_PRIVATE_HALL -> on (1 fixtures)
SWITCH TARGET F02_A_BATH_SWITCH feet=(7.600001, 3.22, -16.1) hit=F02_A_BATH_SWITCH:<StaticBody3D#2078177046968> at=(6.467002, 4.327997, -16.1)
[SWITCHES] F02_A_BATH -> off (1 fixtures)
[SWITCHES] F02_A_BATH -> on (1 fixtures)
SWITCH TARGET F02_A_BED_SWITCH feet=(11.2, 3.22, -18.35) hit=F02_A_BED_SWITCH:<StaticBody3D#2078479036864> at=(10.387, 4.331032, -18.06067)
[SWITCHES] F02_A_BED -> off (1 fixtures)
[SWITCHES] F02_A_BED -> on (1 fixtures)
SWITCH TARGET F02_B_VESTIBULE_SWITCH feet=(-10.45, 3.22, -9.5) hit=F02_B_VESTIBULE_SWITCH:<StaticBody3D#2078781026760> at=(-10.45, 4.330414, -10.363)
[SWITCHES] F02_B_VESTIBULE -> off (1 fixtures)
[SWITCHES] F02_B_VESTIBULE -> on (1 fixtures)
SWITCH TARGET F02_B_MAIN_SWITCH feet=(-12.5, 3.22, -10.85) hit=F02_B_MAIN_SWITCH:<StaticBody3D#2079083016656> at=(-11.637, 4.330415, -10.85)
[SWITCHES] F02_B_MAIN -> off (1 fixtures)
[SWITCHES] F02_B_MAIN -> on (1 fixtures)
SWITCH TARGET F02_B_KITCHEN_SWITCH feet=(-11.85, 3.22, -4.650001) hit=F02_B_KITCHEN_SWITCH:<StaticBody3D#2079385006552> at=(-12.663, 4.331032, -4.650001)
[SWITCHES] F02_B_KITCHEN -> off (1 fixtures)
[SWITCHES] F02_B_KITCHEN -> on (1 fixtures)
SWITCH TARGET F02_B_BED_SWITCH feet=(-11.85, 3.22, -1.900001) hit=F02_B_BED_SWITCH:<StaticBody3D#2079686996448> at=(-12.663, 4.331032, -1.900001)
[SWITCHES] F02_B_BED -> off (1 fixtures)
[SWITCHES] F02_B_BED -> on (1 fixtures)
SWITCH TARGET F02_B_PRIVATE_HALL_SWITCH feet=(-14.65, 3.22, -4.950001) hit=F02_B_PRIVATE_HALL_SWITCH:<StaticBody3D#2079988986344> at=(-15.513, 4.330414, -4.950001)
[SWITCHES] F02_B_PRIVATE_HALL -> off (1 fixtures)
[SWITCHES] F02_B_PRIVATE_HALL -> on (1 fixtures)
SWITCH TARGET F02_B_BATH_SWITCH feet=(-13.7, 3.22, -1.000001) hit=F02_B_BATH_SWITCH:<StaticBody3D#2080290976240> at=(-12.941, 4.331787, -1.000001)
[SWITCHES] F02_B_BATH -> off (1 fixtures)
[SWITCHES] F02_B_BATH -> on (1 fixtures)
SWITCH TARGET F03_B_VESTIBULE_SWITCH feet=(-10.45, 6.42, -9.5) hit=F03_B_VESTIBULE_SWITCH:<StaticBody3D#2080592966136> at=(-10.45, 7.530414, -10.363)
[SWITCHES] F03_B_VESTIBULE -> off (1 fixtures)
[SWITCHES] F03_B_VESTIBULE -> on (1 fixtures)
SWITCH TARGET F03_B_PRIVATE_HALL_SWITCH feet=(-14.65, 6.42, -3.950001) hit=F03_B_PRIVATE_HALL_SWITCH:<StaticBody3D#2080894956032> at=(-15.513, 7.530414, -3.950001)
[SWITCHES] F03_B_PRIVATE_HALL -> off (1 fixtures)
[SWITCHES] F03_B_PRIVATE_HALL -> on (1 fixtures)
SWITCH TARGET F04_B_VESTIBULE_SWITCH feet=(7.000001, 9.620001, -12.35) hit=F04_B_VESTIBULE_SWITCH:<StaticBody3D#2081196945928> at=(7.000001, 10.73103, -13.163)
[SWITCHES] F04_B_VESTIBULE -> off (1 fixtures)
[SWITCHES] F04_B_VESTIBULE -> on (1 fixtures)
SWITCH TARGET F04_B_ALCOVE_APPROACH_SWITCH feet=(9.150002, 9.620001, -18.95) hit=F04_B_ALCOVE_APPROACH_SWITCH:<StaticBody3D#2081498935824> at=(9.150002, 10.73103, -19.763)
[SWITCHES] F04_B_ALCOVE_APPROACH -> off (1 fixtures)
[SWITCHES] F04_B_ALCOVE_APPROACH -> on (1 fixtures)
SWITCH TARGET F03_A_MAIN_SWITCH feet=(8.362001, 6.42, -9.649999) hit=F03_A_MAIN_SWITCH:<StaticBody3D#2081800925720> at=(7.687001, 7.533191, -9.649999)
[SWITCHES] F03_A_MAIN -> off (1 fixtures)
[SWITCHES] F03_A_MAIN -> on (1 fixtures)
SWITCH TARGET F03_A_VESTIBULE_SWITCH feet=(7.000001, 6.42, -12.1) hit=F03_A_VESTIBULE_SWITCH:<StaticBody3D#2082102915616> at=(7.000001, 7.531728, -12.863)
[SWITCHES] F03_A_VESTIBULE -> off (1 fixtures)
[SWITCHES] F03_A_VESTIBULE -> on (1 fixtures)
SWITCH TARGET F03_A_KITCHEN_SWITCH feet=(10.95, 6.42, -15.8) hit=F03_A_KITCHEN_SWITCH:<StaticBody3D#2082404905512> at=(10.95, 7.529862, -14.887)
[SWITCHES] F03_A_KITCHEN -> off (1 fixtures)
[SWITCHES] F03_A_KITCHEN -> on (1 fixtures)
SWITCH TARGET F03_A_PRIVATE_HALL_SWITCH feet=(9.500002, 6.42, -17.25) hit=F03_A_PRIVATE_HALL_SWITCH:<StaticBody3D#2082706895408> at=(10.113, 7.534463, -17.25)
[SWITCHES] F03_A_PRIVATE_HALL -> off (1 fixtures)
[SWITCHES] F03_A_PRIVATE_HALL -> on (1 fixtures)
SWITCH TARGET F03_A_BATH_SWITCH feet=(7.600001, 6.42, -16.1) hit=F03_A_BATH_SWITCH:<StaticBody3D#2083008885304> at=(6.467002, 7.527997, -16.1)
[SWITCHES] F03_A_BATH -> off (1 fixtures)
[SWITCHES] F03_A_BATH -> on (1 fixtures)
SWITCH TARGET F03_A_BED_SWITCH feet=(11.2, 6.42, -18.35) hit=F03_A_BED_SWITCH:<StaticBody3D#2083310875200> at=(10.387, 7.531032, -18.06067)
[SWITCHES] F03_A_BED -> off (1 fixtures)
[SWITCHES] F03_A_BED -> on (1 fixtures)
SWITCH TARGET F04_A_VESTIBULE_SWITCH feet=(-10.45, 9.620001, -9.5) hit=F04_A_VESTIBULE_SWITCH:<StaticBody3D#2083612865096> at=(-10.45, 10.73041, -10.363)
[SWITCHES] F04_A_VESTIBULE -> off (1 fixtures)
[SWITCHES] F04_A_VESTIBULE -> on (1 fixtures)
SWITCH TARGET F04_A_MAIN_SWITCH feet=(-12.5, 9.620001, -10.85) hit=F04_A_MAIN_SWITCH:<StaticBody3D#2083914854992> at=(-11.637, 10.73041, -10.85)
[SWITCHES] F04_A_MAIN -> off (1 fixtures)
[SWITCHES] F04_A_MAIN -> on (1 fixtures)
SWITCH TARGET F04_A_KITCHEN_SWITCH feet=(-11.85, 9.620001, -4.650001) hit=F04_A_KITCHEN_SWITCH:<StaticBody3D#2084216844888> at=(-12.663, 10.73103, -4.650001)
[SWITCHES] F04_A_KITCHEN -> off (1 fixtures)
[SWITCHES] F04_A_KITCHEN -> on (1 fixtures)
SWITCH TARGET F04_A_BED_SWITCH feet=(-11.85, 9.620001, -1.900001) hit=F04_A_BED_SWITCH:<StaticBody3D#2084518834784> at=(-12.663, 10.73103, -1.900001)
[SWITCHES] F04_A_BED -> off (1 fixtures)
[SWITCHES] F04_A_BED -> on (1 fixtures)
SWITCH TARGET F04_A_PRIVATE_HALL_SWITCH feet=(-14.65, 9.620001, -4.950001) hit=F04_A_PRIVATE_HALL_SWITCH:<StaticBody3D#2084820824680> at=(-15.513, 10.73041, -4.950001)
[SWITCHES] F04_A_PRIVATE_HALL -> off (1 fixtures)
[SWITCHES] F04_A_PRIVATE_HALL -> on (1 fixtures)
SWITCH TARGET F04_A_BATH_SWITCH feet=(-13.7, 9.620001, -1.000001) hit=F04_A_BATH_SWITCH:<StaticBody3D#2085122814576> at=(-12.941, 10.73179, -1.000001)
[SWITCHES] F04_A_BATH -> off (1 fixtures)
[SWITCHES] F04_A_BATH -> on (1 fixtures)
SWITCH TARGET F05_A_MAIN_SWITCH feet=(9.350001, 12.82, -8.749999) hit=F05_A_MAIN_SWITCH:<StaticBody3D#2085424804472> at=(8.437001, 13.92986, -8.749999)
[SWITCHES] F05_A_MAIN -> off (1 fixtures)
[SWITCHES] F05_A_MAIN -> on (1 fixtures)
