FABRICATION STAGE: art/blender/scripts/build_pawn_fittings.py
C:\PleaseRemainOnTheLine\art\blender\scripts\build_pawn_fittings.py:63: DeprecationWarning: 'Material.use_nodes' is expected to be removed in Blender 6.0
  mat=bpy.data.materials.new(key);mat.use_nodes=True;materials[key]=mat
Info: Saved as "pawn_fittings.blend"
INFO Draco is available, use library at C:\Program Files\Blender Foundation\Blender 5.2\5.2\scripts\addons_core\io_scene_gltf2\bf_intern_draco_bridge.dll
INFO MeshOptimizer is available, use library at C:\Program Files\Blender Foundation\Blender 5.2\5.2\scripts\addons_core\io_scene_gltf2\bf_intern_meshopt_bridge.dll
09:44:40 | INFO: Starting glTF 2.0 export
09:44:40 | INFO: Extracting primitive: storm_shop_pawnbroker_balance_base__brass_dull
09:44:40 | INFO: Primitives created: 1
09:44:40 | INFO: Extracting primitive: storm_shop_pawnbroker_balance_base__glassish
09:44:40 | INFO: Primitives created: 1
09:44:40 | INFO: Extracting primitive: storm_shop_pawnbroker_coat__bakelite_black
09:44:40 | INFO: Primitives created: 1
09:44:40 | INFO: Extracting primitive: storm_shop_pawnbroker_coat__brass_dull
09:44:40 | INFO: Primitives created: 1
09:44:40 | INFO: Extracting primitive: storm_shop_pawnbroker_coat__fabric_warm
09:44:40 | INFO: Primitives created: 1
09:44:40 | INFO: Extracting primitive: storm_shop_pawnbroker_coat__iron_blackened
09:44:40 | INFO: Primitives created: 1
09:44:40 | INFO: Extracting primitive: storm_shop_pawnbroker_coat__timber
09:44:40 | INFO: Primitives created: 1
09:44:40 | INFO: Extracting primitive: storm_shop_pawnbroker_grille_counter__brass_dull
09:44:40 | INFO: Primitives created: 1
09:44:40 | INFO: Extracting primitive: storm_shop_pawnbroker_grille_counter__countertop
09:44:40 | INFO: Primitives created: 1
09:44:40 | INFO: Extracting primitive: storm_shop_pawnbroker_grille_counter__wood_dark
09:44:40 | INFO: Primitives created: 1
09:44:40 | INFO: Extracting primitive: storm_shop_pawnbroker_ledger__bakelite_black
09:44:40 | INFO: Primitives created: 1
09:44:40 | INFO: Extracting primitive: storm_shop_pawnbroker_ledger__fabric_warm
09:44:40 | INFO: Primitives created: 1
09:44:40 | INFO: Extracting primitive: storm_shop_pawnbroker_ledger__linen
09:44:40 | INFO: Primitives created: 1
09:44:40 | INFO: Extracting primitive: storm_shop_pawnbroker_ledger__paper
09:44:40 | INFO: Primitives created: 1
09:44:41 | INFO: Extracting primitive: storm_shop_pawnbroker_ledger__wood_dark
09:44:41 | INFO: Primitives created: 1
09:44:41 | INFO: Extracting primitive: storm_shop_pawnbroker_loupe__bakelite_black
09:44:41 | INFO: Primitives created: 1
09:44:41 | INFO: Extracting primitive: storm_shop_pawnbroker_loupe__glassish
09:44:41 | INFO: Primitives created: 1
09:44:41 | INFO: Extracting primitive: storm_shop_pawnbroker_loupe__linen
09:44:41 | INFO: Primitives created: 1
09:44:41 | INFO: Extracting primitive: storm_shop_pawnbroker_pledge_shelf0__iron_blackened
09:44:41 | INFO: Primitives created: 1
09:44:41 | INFO: Extracting primitive: storm_shop_pawnbroker_pledge_shelf0__linen
09:44:41 | INFO: Primitives created: 1
09:44:41 | INFO: Extracting primitive: storm_shop_pawnbroker_pledge_shelf0__paper
09:44:41 | INFO: Primitives created: 1
09:44:41 | INFO: Extracting primitive: storm_shop_pawnbroker_pledge_shelf0__timber
09:44:41 | INFO: Primitives created: 1
09:44:41 | INFO: Extracting primitive: storm_shop_pawnbroker_safe__brass_dull
09:44:41 | INFO: Primitives created: 1
09:44:41 | INFO: Extracting primitive: storm_shop_pawnbroker_safe__cast_iron
09:44:41 | INFO: Primitives created: 1
09:44:41 | INFO: Extracting primitive: storm_shop_pawnbroker_safe__iron_blackened
09:44:41 | INFO: Primitives created: 1
09:44:41 | INFO: Extracting primitive: storm_shop_pawnbroker_sewing_case__brass_dull
09:44:41 | INFO: Primitives created: 1
09:44:41 | INFO: Extracting primitive: storm_shop_pawnbroker_sewing_case__enamel
09:44:41 | INFO: Primitives created: 1
09:44:41 | INFO: Extracting primitive: storm_shop_pawnbroker_sewing_case__iron_blackened
09:44:41 | INFO: Primitives created: 1
09:44:41 | INFO: Extracting primitive: storm_shop_pawnbroker_sewing_case__linen
09:44:41 | INFO: Primitives created: 1
09:44:41 | INFO: Extracting primitive: storm_shop_pawnbroker_sewing_case__wood_dark
09:44:41 | INFO: Primitives created: 1
09:44:41 | INFO: Extracting primitive: storm_shop_pawnbroker_violin_case__bakelite_black
09:44:41 | INFO: Primitives created: 1
09:44:41 | INFO: Extracting primitive: storm_shop_pawnbroker_violin_case__brass_dull
09:44:41 | INFO: Primitives created: 1
09:44:41 | INFO: Extracting primitive: storm_shop_pawnbroker_violin_case__wood_dark
09:44:41 | INFO: Primitives created: 1
09:44:41 | INFO: Finished glTF 2.0 export in 0.12710833549499512 s

PAWN FITTINGS 40 original records; 9 assemblies; 308 closed stocks; 33 parts; 44672 triangles; 23 foot contacts
FABRICATION STAGE: art/blender/scripts/inspect_pawn_fittings.py
00:07.234  blend            | Read blend: "C:\PleaseRemainOnTheLine\art\blender\pawn_fittings.blend"
09:44:42 | INFO: Data are loaded, start creating Blender stuff
09:44:42 | INFO: Blender create Mesh node F01_OWN_SHOP_PAWNBROKER_retail_shop_pawnbroker_bakelite
09:44:42 | INFO: Blender create Mesh node F01_OWN_SHOP_PAWNBROKER_retail_shop_pawnbroker_bakelite_black
09:44:42 | INFO: Blender create Mesh node F01_OWN_SHOP_PAWNBROKER_retail_shop_pawnbroker_bakelite_black-col
09:44:42 | INFO: Blender create Mesh node F01_OWN_SHOP_PAWNBROKER_retail_shop_pawnbroker_brass
09:44:42 | INFO: Blender create Mesh node F01_OWN_SHOP_PAWNBROKER_retail_shop_pawnbroker_brass_bright-col
09:44:42 | INFO: Blender create Mesh node F01_OWN_SHOP_PAWNBROKER_retail_shop_pawnbroker_brass_dull-col
09:44:42 | INFO: Blender create Mesh node F01_OWN_SHOP_PAWNBROKER_retail_shop_pawnbroker_brass_mesh-col
09:44:42 | INFO: Blender create Mesh node F01_OWN_SHOP_PAWNBROKER_retail_shop_pawnbroker_bronze-col
09:44:42 | INFO: Blender create Mesh node F01_OWN_SHOP_PAWNBROKER_retail_shop_pawnbroker_cast_iron-col
09:44:42 | INFO: Blender create Mesh node F01_OWN_SHOP_PAWNBROKER_retail_shop_pawnbroker_common_brick-col
09:44:42 | INFO: Blender create Mesh node F01_OWN_SHOP_PAWNBROKER_retail_shop_pawnbroker_concrete-col
09:44:42 | INFO: Blender create Mesh node F01_OWN_SHOP_PAWNBROKER_retail_shop_pawnbroker_countertop-col
09:44:42 | INFO: Blender create Mesh node F01_OWN_SHOP_PAWNBROKER_retail_shop_pawnbroker_enamel
09:44:42 | INFO: Blender create Mesh node F01_OWN_SHOP_PAWNBROKER_retail_shop_pawnbroker_enamel-col
09:44:42 | INFO: Blender create Mesh node F01_OWN_SHOP_PAWNBROKER_retail_shop_pawnbroker_fabric_cool
09:44:42 | INFO: Blender create Mesh node F01_OWN_SHOP_PAWNBROKER_retail_shop_pawnbroker_fabric_warm-col
09:44:42 | INFO: Blender create Mesh node F01_OWN_SHOP_PAWNBROKER_retail_shop_pawnbroker_floor_oak-col
09:44:42 | INFO: Blender create Mesh node F01_OWN_SHOP_PAWNBROKER_retail_shop_pawnbroker_fx_shadow
09:44:42 | INFO: Blender create Mesh node F01_OWN_SHOP_PAWNBROKER_retail_shop_pawnbroker_glassish-col
09:44:42 | INFO: Blender create Mesh node F01_OWN_SHOP_PAWNBROKER_retail_shop_pawnbroker_hull-colonly
09:44:42 | INFO: Blender create Mesh node F01_OWN_SHOP_PAWNBROKER_retail_shop_pawnbroker_linen-col
09:44:42 | INFO: Blender create Mesh node F01_OWN_SHOP_PAWNBROKER_retail_shop_pawnbroker_metal-col
09:44:42 | INFO: Blender create Mesh node F01_OWN_SHOP_PAWNBROKER_retail_shop_pawnbroker_milk_glass
09:44:42 | INFO: Blender create Mesh node F01_OWN_SHOP_PAWNBROKER_retail_shop_pawnbroker_paper-col
09:44:42 | INFO: Blender create Mesh node F01_OWN_SHOP_PAWNBROKER_retail_shop_pawnbroker_plaster-col
09:44:42 | INFO: Blender create Mesh node F01_OWN_SHOP_PAWNBROKER_retail_shop_pawnbroker_plaster_stained-col
09:44:42 | INFO: Blender create Mesh node F01_OWN_SHOP_PAWNBROKER_retail_shop_pawnbroker_plywood-col
09:44:42 | INFO: Blender create Mesh node F01_OWN_SHOP_PAWNBROKER_retail_shop_pawnbroker_screen
09:44:42 | INFO: Blender create Mesh node F01_OWN_SHOP_PAWNBROKER_retail_shop_pawnbroker_terracotta
09:44:42 | INFO: Blender create Mesh node F01_OWN_SHOP_PAWNBROKER_retail_shop_pawnbroker_timber-col
09:44:42 | INFO: Blender create Mesh node F01_OWN_SHOP_PAWNBROKER_retail_shop_pawnbroker_tin_ceiling-col
09:44:42 | INFO: Blender create Mesh node F01_OWN_SHOP_PAWNBROKER_retail_shop_pawnbroker_trim-col
09:44:42 | INFO: Blender create Mesh node F01_OWN_SHOP_PAWNBROKER_retail_shop_pawnbroker_wainscot-col
09:44:42 | INFO: Blender create Mesh node F01_OWN_SHOP_PAWNBROKER_retail_shop_pawnbroker_wood_dark-col
09:44:42 | INFO: Blender create Mesh node F01_OWN_SHOP_PAWNBROKER_wear_fx_scuff
09:44:42 | INFO: glTF import finished in 0.13s
09:44:42 | INFO: Data are loaded, start creating Blender stuff
09:44:42 | INFO: Blender create Mesh node F01_OWN_PASSAGE_retail_passage_shell_bakelite_black-col
09:44:42 | INFO: Blender create Mesh node F01_OWN_PASSAGE_retail_passage_shell_brass_dull
09:44:42 | INFO: Blender create Mesh node F01_OWN_PASSAGE_retail_passage_shell_brass_dull-col
09:44:42 | INFO: Blender create Mesh node F01_OWN_PASSAGE_retail_passage_shell_cast_iron
09:44:42 | INFO: Blender create Mesh node F01_OWN_PASSAGE_retail_passage_shell_cast_iron-col
09:44:42 | INFO: Blender create Mesh node F01_OWN_PASSAGE_retail_passage_shell_common_brick-col
09:44:42 | INFO: Blender create Mesh node F01_OWN_PASSAGE_retail_passage_shell_concrete-col
09:44:42 | INFO: Blender create Mesh node F01_OWN_PASSAGE_retail_passage_shell_glassish-col
09:44:42 | INFO: Blender create Mesh node F01_OWN_PASSAGE_retail_passage_shell_limestone-col
09:44:42 | INFO: Blender create Mesh node F01_OWN_PASSAGE_retail_passage_shell_metal
09:44:42 | INFO: Blender create Mesh node F01_OWN_PASSAGE_retail_passage_shell_milk_glass-col
09:44:42 | INFO: Blender create Mesh node F01_OWN_PASSAGE_retail_passage_shell_paper-col
09:44:42 | INFO: Blender create Mesh node F01_OWN_PASSAGE_retail_passage_shell_plaster-col
09:44:42 | INFO: Blender create Mesh node F01_OWN_PASSAGE_retail_passage_shell_plaster_stained-col
09:44:42 | INFO: Blender create Mesh node F01_OWN_PASSAGE_retail_passage_shell_soot-col
09:44:42 | INFO: Blender create Mesh node F01_OWN_PASSAGE_retail_passage_shell_terrazzo
09:44:42 | INFO: Blender create Mesh node F01_OWN_PASSAGE_retail_passage_shell_terrazzo-col
09:44:42 | INFO: Blender create Mesh node F01_OWN_PASSAGE_retail_passage_shell_terrazzo_dark
09:44:42 | INFO: Blender create Mesh node F01_OWN_PASSAGE_retail_passage_shell_trim-col
09:44:42 | INFO: Blender create Mesh node F01_OWN_PASSAGE_retail_passage_shell_wood_dark-col
09:44:42 | INFO: Blender create Mesh node F01_OWN_PASSAGE_retail_shop_funeral_parlour_limestone-col
09:44:42 | INFO: Blender create Mesh node F01_OWN_PASSAGE_retail_shop_hardware_paint_wood_dark-col
09:44:42 | INFO: Blender create Mesh node F01_OWN_PASSAGE_retail_shop_keys_cut_common_brick-col
09:44:42 | INFO: Blender create Mesh node F01_OWN_PASSAGE_retail_shop_luncheonette_chrome-col
09:44:42 | INFO: Blender create Mesh node F01_OWN_PASSAGE_retail_shop_model_laundry_plaster_stained-col
09:44:42 | INFO: Blender create Mesh node F01_OWN_PASSAGE_retail_shop_news_cigars_wood_dark-col
09:44:42 | INFO: Blender create Mesh node F01_OWN_PASSAGE_retail_shop_otis___son_limestone-col
09:44:42 | INFO: Blender create Mesh node F01_OWN_PASSAGE_retail_shop_pawnbroker_common_brick-col
09:44:42 | INFO: Blender create Mesh node F01_OWN_PASSAGE_retail_shop_photo_supplies_plaster_stained-col
09:44:42 | INFO: Blender create Mesh node F01_OWN_PASSAGE_retail_shop_radio_service_wood_dark-col
09:44:42 | INFO: Blender create Mesh node F01_OWN_PASSAGE_retail_shop_shoe_rebuilding_wood_dark-col
09:44:42 | INFO: glTF import finished in 0.09s
C:\PleaseRemainOnTheLine\art\blender\scripts\inspect_pawn_fittings.py:125: DeprecationWarning: 'World.use_nodes' is expected to be removed in Blender 6.0
  scene.world=bpy.data.worlds.new('Inspection');scene.world.use_nodes=True;scene.world.node_tree.nodes['Background'].inputs[0].default_value=(.5,.55,.6,1);scene.world.node_tree.nodes['Background'].inputs[1].default_value=.6
00:17.234  render           | Saved: 'C:\PleaseRemainOnTheLine\tmp\v2-finish-review\pawn-fittings-native\composed_counter.png'
00:25.031  render           | Saved: 'C:\PleaseRemainOnTheLine\tmp\v2-finish-review\pawn-fittings-native\operator_aisle.png'
00:27.453  render           | Saved: 'C:\PleaseRemainOnTheLine\tmp\v2-finish-review\pawn-fittings-native\parcel_wall.png'
00:29.593  render           | Saved: 'C:\PleaseRemainOnTheLine\tmp\v2-finish-review\pawn-fittings-native\safe.png'
00:33.984  render           | Saved: 'C:\PleaseRemainOnTheLine\tmp\v2-finish-review\pawn-fittings-native\balance.png'
00:35.906  render           | Saved: 'C:\PleaseRemainOnTheLine\tmp\v2-finish-review\pawn-fittings-native\machine.png'
00:37.640  render           | Saved: 'C:\PleaseRemainOnTheLine\tmp\v2-finish-review\pawn-fittings-native\coat.png'
00:39.484  render           | Saved: 'C:\PleaseRemainOnTheLine\tmp\v2-finish-review\pawn-fittings-native\violin.png'
00:43.875  render           | Saved: 'C:\PleaseRemainOnTheLine\tmp\v2-finish-review\pawn-fittings-native\ledger_loupe.png'
PAWN FITTINGS NATIVE: 308 closed stocks; 9 joined assemblies; 23 bearings; 9 rendered views
{"completed_stages": 2, "elapsed_s": 42.509}
Blender 5.2.0 LTS (hash fbe6228777e7 built 2026-07-14 01:35:40)

Blender quit
