ERROR: title, picture and controls stay inside visible window margins: receiving_panel_640x360
   at: push_error (core/variant/variant_utility.cpp:1023)
   GDScript backtrace (most recent call first):
       [0] check (res://tests/orison_v2_floor_surface_test.gd:5)
       [1] check (res://tests/orison_v2_ventilation_throat_test.gd:9)
       [2] check (res://tests/orison_v2_passage_receivers_test.gd:13)
       [3] _panel_resize_views (res://tests/orison_v2_passage_receivers_test.gd:177)
ERROR: title, picture and controls stay inside visible window margins: receiving_panel_1280x720
   at: push_error (core/variant/variant_utility.cpp:1023)
   GDScript backtrace (most recent call first):
       [0] check (res://tests/orison_v2_floor_surface_test.gd:5)
       [1] check (res://tests/orison_v2_ventilation_throat_test.gd:9)
       [2] check (res://tests/orison_v2_passage_receivers_test.gd:13)
       [3] _panel_resize_views (res://tests/orison_v2_passage_receivers_test.gd:177)
ERROR: title, picture and controls stay inside visible window margins: receiving_panel_800x1000
   at: push_error (core/variant/variant_utility.cpp:1023)
   GDScript backtrace (most recent call first):
       [0] check (res://tests/orison_v2_floor_surface_test.gd:5)
       [1] check (res://tests/orison_v2_ventilation_throat_test.gd:9)
       [2] check (res://tests/orison_v2_passage_receivers_test.gd:13)
       [3] _panel_resize_views (res://tests/orison_v2_passage_receivers_test.gd:177)
