WorkerThreadPool: 24 threads, 7 max low-priority.
Godot Engine v4.7.1.stable.official.a13da4feb - https://godotengine.org
TextServer: Added interface "Dummy"
TextServer: Added interface "ICU / HarfBuzz / Graphite (Built-in)"
Using "default" pen tablet driver...

TextServer: Primary interface set to: "ICU / HarfBuzz / Graphite (Built-in)".
CORE API HASH: 3769296884
EDITOR API HASH: 3146738256
SceneTreeFTI: traversal method DEFAULT
Loading resource: res://scripts/game_boot.gd remapped: res://scripts/game_boot.gd
Completed load for: 'res://scripts/game_boot.gd' remapped 'res://scripts/game_boot.gd' at thread -1
Loading resource: res://scripts/audio/conductor_clock.gd remapped: res://scripts/audio/conductor_clock.gd
Completed load for: 'res://scripts/audio/conductor_clock.gd' remapped 'res://scripts/audio/conductor_clock.gd' at thread -1
Loading resource: res://scripts/audio/audio_policy.gd remapped: res://scripts/audio/audio_policy.gd
Completed load for: 'res://scripts/audio/audio_policy.gd' remapped 'res://scripts/audio/audio_policy.gd' at thread -1
Loading resource: res://scripts/game/campaign_clock_driver.gd remapped: res://scripts/game/campaign_clock_driver.gd
Completed load for: 'res://scripts/game/campaign_clock_driver.gd' remapped 'res://scripts/game/campaign_clock_driver.gd' at thread -1
Loading resource: res://scripts/ui/save_status_notice.gd remapped: res://scripts/ui/save_status_notice.gd
Completed load for: 'res://scripts/ui/save_status_notice.gd' remapped 'res://scripts/ui/save_status_notice.gd' at thread -1
Loading resource: res://scripts/game/reality_case_manager.gd remapped: res://scripts/game/reality_case_manager.gd
Completed load for: 'res://scripts/game/reality_case_manager.gd' remapped 'res://scripts/game/reality_case_manager.gd' at thread -1
Loading resource: res://scripts/game/reality_rule_director.gd remapped: res://scripts/game/reality_rule_director.gd
Completed load for: 'res://scripts/game/reality_rule_director.gd' remapped 'res://scripts/game/reality_rule_director.gd' at thread -1
Loaded system CA certificates
Loading resource: res://tests/NpcHearingPresenceTest.tscn remapped: res://tests/NpcHearingPresenceTest.tscn
Loading resource: res://tests/npc_hearing_presence_test.gd remapped: res://tests/npc_hearing_presence_test.gd
Completed load for: 'res://tests/npc_hearing_presence_test.gd' remapped 'res://tests/npc_hearing_presence_test.gd' at thread -1
Completed load for: 'res://tests/NpcHearingPresenceTest.tscn' remapped 'res://tests/NpcHearingPresenceTest.tscn' at thread -1
[ACOUSTIC] 550 nodes loaded
[HEARING] PASS only the present riser neighbor hears the event
[HEARING] PASS the absent source-flat resident earns no hearing belief
[HEARING] PASS presence does not bypass acoustic threshold
[HEARING] PASS returning home does not replay a missed sound
[HEARING] PASS a later sound reaches both now-present residents
[HEARING] PASS the source-flat belief retains its local evidence route
[HEARING] PASS the neighbor belief retains its propagated evidence route
[HEARING] PASS the earned belief uses the supplied simulation clock
[HEARING] PASS recorded evidence is an owned copy
[HEARING] PASS the same learned event remains deduplicated
[HEARING] PASS an absent riser neighbor cannot hear through their empty flat
[HEARING] PASS an actor's explicit direct observation remains independent of home presence
[HEARING] PASS the source-unit-only fallback also respects absence
NPC HEARING PRESENCE: PASS 13/13
XR: Clearing primary interface
XR: Removed interface "Native mobile"
XR: Removed interface "OpenXR"
