Godot Engine v4.7.1.stable.official.a13da4feb - https://godotengine.org
Vulkan 1.4.341 - Forward+ - Using Device #0: NVIDIA - NVIDIA GeForce RTX 4080

[ACOUSTIC] 550 nodes loaded
[DREAM ZOO WAREHOUSE] PASS controller has eight authored records
[DREAM ZOO WAREHOUSE] PASS seam_grazer retains its authored anatomy and long exhibit life
[DREAM ZOO WAREHOUSE] PASS crystal_listener retains its authored anatomy and long exhibit life
[DREAM ZOO WAREHOUSE] PASS fold_crab retains its authored anatomy and long exhibit life
[DREAM ZOO WAREHOUSE] PASS tardigrade retains its authored anatomy and long exhibit life
[DREAM ZOO WAREHOUSE] PASS stentor retains its authored anatomy and long exhibit life
[DREAM ZOO WAREHOUSE] PASS lacrymaria retains its authored anatomy and long exhibit life
[DREAM ZOO WAREHOUSE] PASS vorticella retains its authored anatomy and long exhibit life
[DREAM ZOO WAREHOUSE] PASS euplotes retains its authored anatomy and long exhibit life
[DREAM ZOO WAREHOUSE] PASS one controller mesh owns one shared material
[DREAM ZOO WAREHOUSE] PASS both controller bindings use the exact world texture
[DREAM ZOO WAREHOUSE] PASS packed draw slots cover the eight live animals within capacity
[DREAM ZOO WAREHOUSE] PASS controller has eight authored records
[DREAM ZOO WAREHOUSE] PASS spirostomum retains its authored anatomy and long exhibit life
[DREAM ZOO WAREHOUSE] PASS heliozoan retains its authored anatomy and long exhibit life
[DREAM ZOO WAREHOUSE] PASS euglena retains its authored anatomy and long exhibit life
[DREAM ZOO WAREHOUSE] PASS volvox retains its authored anatomy and long exhibit life
[DREAM ZOO WAREHOUSE] PASS noctiluca retains its authored anatomy and long exhibit life
[DREAM ZOO WAREHOUSE] PASS bacillaria retains its authored anatomy and long exhibit life
[DREAM ZOO WAREHOUSE] PASS salpingoeca retains its authored anatomy and long exhibit life
[DREAM ZOO WAREHOUSE] PASS mesodinium retains its authored anatomy and long exhibit life
[DREAM ZOO WAREHOUSE] PASS one controller mesh owns one shared material
[DREAM ZOO WAREHOUSE] PASS both controller bindings use the exact world texture
[DREAM ZOO WAREHOUSE] PASS packed draw slots cover the eight live animals within capacity
[DREAM ZOO WAREHOUSE] PASS all sixteen enum kinds are unique animals and actual shader kind IDs
[DREAM ZOO WAREHOUSE] PASS sixteen animals retain two primary controller meshes and materials
[DREAM ZOO WAREHOUSE] PASS the one exposure texture is the existing RG8 world grid
[DREAM ZOO WAREHOUSE] FAIL both warehouse batches admit the Blender presentation
[DREAM ZOO WAREHOUSE] PASS departed providers and the shared atlas are released
[DREAM ZOO WAREHOUSE] PASS retained materials release both world and pose samplers
[DREAM ZOO WAREHOUSE] PASS no native script, shader or runtime errors
[DREAM BLENDER CRITTERS] 30/31 passed
