Godot Engine v4.7.1.stable.official.a13da4feb - https://godotengine.org
Vulkan 1.4.341 - Forward+ - Using Device #0: NVIDIA - NVIDIA GeForce RTX 4080

[ACOUSTIC] 550 nodes loaded
ORISON V2 BLOCKOUT: 61 spaces / 26 doors / 89 anchors
[SURFACE] 320 surfaces layered (293 materials)
[PASSAGE HOURS] OPEN; 10 grilles folded
[PASSAGE HOURS] 11 shopfronts, 10 close after 02:00, HARDWARE PAINT keeps night service
[PASSAGE FINISH] 6 gated draws, 3 handcarts, hours active
[V2 PASSAGE] 13 resident cells; 11 doors; 1 shared-service counters
[SCHEDULE] director live: 18 residents on the clock
[ORISON V2 RUNTIME] ready startup_ms=4063.251
[LIGHTING] 57 sources active in system; 57 full personalities; profiles steady/breathe/mains/beat/dropout=[11, 10, 12, 17, 7]
SWITCH TARGET F02_A_MAIN_SWITCH feet=(8.35, 3.22, -9.649999) hit=F02_A_MAIN_SWITCH:<StaticBody3D#286655522089> at=(7.675001, 4.333191, -9.649999)
[SWITCHES] F02_A_MAIN -> off (1 fixtures)
[SWITCHES] F02_A_MAIN -> on (1 fixtures)
SWITCH TARGET F03_B_MAIN_SWITCH feet=(-12.34, 6.42, -9.950001) hit=F03_B_MAIN_SWITCH:<StaticBody3D#286840071491> at=(-11.665, 7.533192, -9.950001)
[SWITCHES] F03_B_MAIN -> off (1 fixtures)
[SWITCHES] F03_B_MAIN -> on (1 fixtures)
SWITCH TARGET F03_B_KITCHEN_SWITCH feet=(-10.34, 6.42, -4.1) hit=F03_B_KITCHEN_SWITCH:<StaticBody3D#286957512010> at=(-9.665, 7.533192, -4.1)
[SWITCHES] F03_B_KITCHEN -> off (1 fixtures)
[SWITCHES] F03_B_KITCHEN -> on (1 fixtures)
SWITCH TARGET F03_B_ALCOVE_SWITCH feet=(-12.16, 6.42, -1.85) hit=F03_B_ALCOVE_SWITCH:<StaticBody3D#287074952529> at=(-12.835, 7.533192, -1.85)
[SWITCHES] F03_B_ALCOVE -> off (1 fixtures)
[SWITCHES] F03_B_ALCOVE -> on (1 fixtures)
SWITCH TARGET F03_B_BATH_SWITCH feet=(-14.8, 6.42, -1.01) hit=F03_B_BATH_SWITCH:<StaticBody3D#287192393048> at=(-14.8, 7.533192, -1.685)
[SWITCHES] F03_B_BATH -> off (1 fixtures)
[SWITCHES] F03_B_BATH -> on (1 fixtures)
ORISON V2 BLOCKOUT: 61 spaces / 26 doors / 89 anchors
[SURFACE] 320 surfaces layered (293 materials)
[PASSAGE HOURS] OPEN; 10 grilles folded
[PASSAGE HOURS] 11 shopfronts, 10 close after 02:00, HARDWARE PAINT keeps night service
[PASSAGE FINISH] 6 gated draws, 3 handcarts, hours active
[V2 PASSAGE] 13 resident cells; 11 doors; 1 shared-service counters
[SCHEDULE] director live: 18 residents on the clock
[ORISON V2 RUNTIME] ready startup_ms=2804.747
[LIGHTING] 57 sources active in system; 57 full personalities; profiles steady/breathe/mains/beat/dropout=[11, 10, 12, 17, 7]
SWITCH TARGET F02_A_MAIN_SWITCH feet=(8.35, 3.22, -9.649999) hit=F02_A_MAIN_SWITCH:<StaticBody3D#1715638121464> at=(7.675001, 4.333191, -9.649999)
[SWITCHES] F02_A_MAIN -> off (1 fixtures)
[SWITCHES] F02_A_MAIN -> on (1 fixtures)
SWITCH TARGET F03_B_MAIN_SWITCH feet=(-12.34, 6.42, -9.950001) hit=F03_B_MAIN_SWITCH:<StaticBody3D#1715755560760> at=(-11.665, 7.533192, -9.950001)
[SWITCHES] F03_B_MAIN -> off (1 fixtures)
[SWITCHES] F03_B_MAIN -> on (1 fixtures)
SWITCH TARGET F03_B_KITCHEN_SWITCH feet=(-10.34, 6.42, -4.1) hit=F03_B_KITCHEN_SWITCH:<StaticBody3D#1715873001490> at=(-9.665, 7.533192, -4.1)
[SWITCHES] F03_B_KITCHEN -> off (1 fixtures)
[SWITCHES] F03_B_KITCHEN -> on (1 fixtures)
SWITCH TARGET F03_B_ALCOVE_SWITCH feet=(-12.16, 6.42, -1.85) hit=F03_B_ALCOVE_SWITCH:<StaticBody3D#1715990442098> at=(-12.835, 7.533192, -1.85)
[SWITCHES] F03_B_ALCOVE -> off (1 fixtures)
[SWITCHES] F03_B_ALCOVE -> on (1 fixtures)
SWITCH TARGET F03_B_BATH_SWITCH feet=(-14.8, 6.42, -1.01) hit=F03_B_BATH_SWITCH:<StaticBody3D#1716107882602> at=(-14.8, 7.533192, -1.685)
[SWITCHES] F03_B_BATH -> off (1 fixtures)
[SWITCHES] F03_B_BATH -> on (1 fixtures)
CONNECTED WORLD: 439 checks; 0 failures
