00:00.047  reports          | WARNING Unable to open 'C:\Users\nate_\AppData\Roaming\Blender Foundation\Blender\5.2\config\userpref.blend': Permission denied
Blender 5.2.0 LTS (hash fbe6228777e7 built 2026-07-14 01:35:40)
00:01.563  blend            | Read blend: "C:\PleaseRemainOnTheLine\art\blender\news_receiving.blend"
C:\PleaseRemainOnTheLine\art\blender\scripts\inspect_news_receiving.py:53: DeprecationWarning: 'World.use_nodes' is expected to be removed in Blender 6.0
  scene.world=bpy.data.worlds.new('Inspection');scene.world.use_nodes=True;scene.world.node_tree.nodes['Background'].inputs[0].default_value=(.5,.55,.6,1);scene.world.node_tree.nodes['Background'].inputs[1].default_value=.7
18:44:17 | INFO: Data are loaded, start creating Blender stuff
18:44:17 | INFO: Blender create Mesh node F01_OWN_SHOP_NEWS_CIGARS_retail_shop_news_cigars_bakelite
18:44:17 | INFO: Blender create Mesh node F01_OWN_SHOP_NEWS_CIGARS_retail_shop_news_cigars_bakelite_black
18:44:17 | INFO: Blender create Mesh node F01_OWN_SHOP_NEWS_CIGARS_retail_shop_news_cigars_bakelite_black-col
18:44:17 | INFO: Blender create Mesh node F01_OWN_SHOP_NEWS_CIGARS_retail_shop_news_cigars_brass
18:44:17 | INFO: Blender create Mesh node F01_OWN_SHOP_NEWS_CIGARS_retail_shop_news_cigars_brass_bright-col
18:44:17 | INFO: Blender create Mesh node F01_OWN_SHOP_NEWS_CIGARS_retail_shop_news_cigars_brass_dull-col
18:44:17 | INFO: Blender create Mesh node F01_OWN_SHOP_NEWS_CIGARS_retail_shop_news_cigars_concrete-col
18:44:17 | INFO: Blender create Mesh node F01_OWN_SHOP_NEWS_CIGARS_retail_shop_news_cigars_countertop-col
18:44:17 | INFO: Blender create Mesh node F01_OWN_SHOP_NEWS_CIGARS_retail_shop_news_cigars_enamel
18:44:17 | INFO: Blender create Mesh node F01_OWN_SHOP_NEWS_CIGARS_retail_shop_news_cigars_fx_shadow
18:44:17 | INFO: Blender create Mesh node F01_OWN_SHOP_NEWS_CIGARS_retail_shop_news_cigars_glassish-col
18:44:17 | INFO: Blender create Mesh node F01_OWN_SHOP_NEWS_CIGARS_retail_shop_news_cigars_hull-colonly
18:44:17 | INFO: Blender create Mesh node F01_OWN_SHOP_NEWS_CIGARS_retail_shop_news_cigars_linoleum-col
18:44:17 | INFO: Blender create Mesh node F01_OWN_SHOP_NEWS_CIGARS_retail_shop_news_cigars_metal
18:44:17 | INFO: Blender create Mesh node F01_OWN_SHOP_NEWS_CIGARS_retail_shop_news_cigars_metal-col
18:44:17 | INFO: Blender create Mesh node F01_OWN_SHOP_NEWS_CIGARS_retail_shop_news_cigars_milk_glass
18:44:17 | INFO: Blender create Mesh node F01_OWN_SHOP_NEWS_CIGARS_retail_shop_news_cigars_paper-col
18:44:17 | INFO: Blender create Mesh node F01_OWN_SHOP_NEWS_CIGARS_retail_shop_news_cigars_plaster-col
18:44:17 | INFO: Blender create Mesh node F01_OWN_SHOP_NEWS_CIGARS_retail_shop_news_cigars_plaster_stained-col
18:44:17 | INFO: Blender create Mesh node F01_OWN_SHOP_NEWS_CIGARS_retail_shop_news_cigars_safety_orange-col
18:44:17 | INFO: Blender create Mesh node F01_OWN_SHOP_NEWS_CIGARS_retail_shop_news_cigars_screen
18:44:17 | INFO: Blender create Mesh node F01_OWN_SHOP_NEWS_CIGARS_retail_shop_news_cigars_soot-col
18:44:17 | INFO: Blender create Mesh node F01_OWN_SHOP_NEWS_CIGARS_retail_shop_news_cigars_terracotta
18:44:17 | INFO: Blender create Mesh node F01_OWN_SHOP_NEWS_CIGARS_retail_shop_news_cigars_timber-col
18:44:17 | INFO: Blender create Mesh node F01_OWN_SHOP_NEWS_CIGARS_retail_shop_news_cigars_trim-col
18:44:17 | INFO: Blender create Mesh node F01_OWN_SHOP_NEWS_CIGARS_retail_shop_news_cigars_wainscot-col
18:44:17 | INFO: Blender create Mesh node F01_OWN_SHOP_NEWS_CIGARS_retail_shop_news_cigars_wood_dark-col
18:44:17 | INFO: Blender create Mesh node F01_OWN_SHOP_NEWS_CIGARS_wear_fx_scuff
18:44:17 | INFO: glTF import finished in 0.11s
00:05.688  render           | Saved: 'C:\PleaseRemainOnTheLine\tmp\v2-finish-review\news-chassis-native\chassis_front.png'
00:07.391  render           | Saved: 'C:\PleaseRemainOnTheLine\tmp\v2-finish-review\news-chassis-native\chassis_side.png'
00:08.969  render           | Saved: 'C:\PleaseRemainOnTheLine\tmp\v2-finish-review\news-chassis-native\chassis_rear.png'
00:12.500  render           | Saved: 'C:\PleaseRemainOnTheLine\tmp\v2-finish-review\news-chassis-native\scope_aperture.png'
00:14.750  render           | Saved: 'C:\PleaseRemainOnTheLine\tmp\v2-finish-review\news-chassis-native\floor_feet.png'
00:17.344  render           | Saved: 'C:\PleaseRemainOnTheLine\tmp\v2-finish-review\news-chassis-native\braided_flex.png'
00:20.375  render           | Saved: 'C:\PleaseRemainOnTheLine\tmp\v2-finish-review\news-chassis-native\closed_service_hatch.png'
00:24.985  render           | Saved: 'C:\PleaseRemainOnTheLine\tmp\v2-finish-review\news-chassis-native\service_stock_open.png'
00:29.485  render           | Saved: 'C:\PleaseRemainOnTheLine\tmp\v2-finish-review\news-chassis-native\base_wet_cells.png'
00:34.422  render           | Saved: 'C:\PleaseRemainOnTheLine\tmp\v2-finish-review\news-chassis-native\inside_lid_schematic.png'
NEWS RECEIVING NATIVE QA 417 closed connected stocks; 1 joined assembly; 4 retained floor contacts; 10 views

Blender quit
