00:00.046  reports          | WARNING Unable to open 'C:\Users\nate_\AppData\Roaming\Blender Foundation\Blender\5.2\config\userpref.blend': Permission denied
Blender 5.2.0 LTS (hash fbe6228777e7 built 2026-07-14 01:35:40)
C:\PleaseRemainOnTheLine\art\blender\scripts\build_news_receiving.py:61: DeprecationWarning: 'Material.use_nodes' is expected to be removed in Blender 6.0
  mat=bpy.data.materials.new(key);mat.use_nodes=True;materials[key]=mat
Extensions: writing cache failed ([WinError 183] Cannot create a file when that file already exists: 'C:\\Users\\nate_\\AppData\\Roaming\\Blender Foundation\\Blender\\5.2\\extensions\\.cache').
Info: Saved as "news_receiving.blend"
INFO Draco is available, use library at C:\Program Files\Blender Foundation\Blender 5.2\5.2\scripts\addons_core\io_scene_gltf2\bf_intern_draco_bridge.dll
INFO MeshOptimizer is available, use library at C:\Program Files\Blender Foundation\Blender 5.2\5.2\scripts\addons_core\io_scene_gltf2\bf_intern_meshopt_bridge.dll
18:43:20 | INFO: Starting glTF 2.0 export
18:43:20 | INFO: Extracting primitive: storm_shopcab_news_cigars0__bakelite
18:43:20 | INFO: Primitives created: 1
18:43:20 | INFO: Extracting primitive: storm_shopcab_news_cigars0__bakelite__service_panel
18:43:20 | INFO: Primitives created: 1
18:43:20 | INFO: Extracting primitive: storm_shopcab_news_cigars0__bakelite_black
18:43:20 | INFO: Primitives created: 1
18:43:20 | INFO: Extracting primitive: storm_shopcab_news_cigars0__bakelite_black__schematic_traces
18:43:20 | INFO: Primitives created: 1
18:43:20 | INFO: Extracting primitive: storm_shopcab_news_cigars0__brass_dull
18:43:20 | INFO: Primitives created: 1
18:43:20 | INFO: Extracting primitive: storm_shopcab_news_cigars0__brass_dull__service_latch
18:43:20 | INFO: Primitives created: 1
18:43:20 | INFO: Extracting primitive: storm_shopcab_news_cigars0__copper_aged
18:43:20 | INFO: Primitives created: 1
18:43:20 | INFO: Extracting primitive: storm_shopcab_news_cigars0__enamel_appliance
18:43:20 | INFO: Primitives created: 1
18:43:20 | INFO: Extracting primitive: storm_shopcab_news_cigars0__fabric_warm
18:43:20 | INFO: Primitives created: 1
18:43:20 | INFO: Extracting primitive: storm_shopcab_news_cigars0__milk_glass
18:43:20 | INFO: Primitives created: 1
18:43:20 | INFO: Extracting primitive: storm_shopcab_news_cigars0__paper
18:43:20 | INFO: Primitives created: 1
18:43:20 | INFO: Finished glTF 2.0 export in 0.09515166282653809 s

NEWS RECEIVING bootstrap exported editable native and glTF; import and rebuild before a bound fixture.
