{
  "status": "WRAPPER_RETURNED",
  "recorded_at_utc": "2026-09-05T09:25:39.050509+00:00",
  "case": "baseline",
  "command": [
    "C:\\Users\\nate_\\AppData\\Local\\Programs\\Python\\Python312\\python.exe",
    "C:\\PleaseRemainOnTheLine-astra\\design\\astra\\work\\vulkan_composed\\run_case.py",
    "v1",
    "candidate",
    "material_ownership_7c54_v1_full_01",
    "--scope",
    "full"
  ],
  "run_folder": "C:\\PleaseRemainOnTheLine-astra\\design\\astra\\evidence\\vulkan_composed\\runs\\material_ownership_7c54_v1_full_01",
  "meaning": "candidate names renderer helper; material corruption is separately bound by owner hash",
  "expected_owner_sha256": "7c54c18154ccf8de8c3bce13a356329344dec19411adb2f1237425ae99eb90db",
  "expected_fixture_sha256": "e132724ae67f1dc4056f9fa1c9b018706399a7c3500889af41d0e6dedeeb8991",
  "environment": {
    "inherited_material_environment": {
      "ENCROACH": null,
      "ENCROACH_FORCE": null,
      "ENCROACH_DEBUG_VIEW": null,
      "ENCROACH_DEBUG": null,
      "LIVING": null,
      "LIVING_ALL": null
    },
    "explicit_wrapper_material_environment": {
      "ENCROACH": "1",
      "ENCROACH_FORCE": "",
      "ENCROACH_DEBUG_VIEW": "0",
      "ENCROACH_DEBUG": "0",
      "LIVING": "1",
      "LIVING_ALL": "0"
    },
    "policy": "Reject nondefault inherited material/field controls before launch; never change runtime case facts or bypass fixture preconditions"
  },
  "projected_actual_child_environment": {
    "ENCROACH": "1",
    "ENCROACH_FORCE": "",
    "ENCROACH_DEBUG_VIEW": "0",
    "ENCROACH_DEBUG": "0",
    "LIVING": "1",
    "LIVING_ALL": "0",
    "APPDATA": "C:\\PleaseRemainOnTheLine-astra\\design\\astra\\evidence\\vulkan_composed\\runs\\material_ownership_7c54_v1_full_01\\APPDATA",
    "SHOT_DIR": "C:\\PleaseRemainOnTheLine-astra\\design\\astra\\evidence\\vulkan_composed\\runs\\material_ownership_7c54_v1_full_01\\frames",
    "ORISON_BUILDING_ROOT": "v1",
    "VULKAN_COMPOSED_VARIANT": "candidate",
    "VULKAN_COMPOSED_SCOPE": "full",
    "CAMPAIGN_TIME_FREEZE": "1",
    "WEATHER_SEED": "19281110",
    "TITLE_SCREEN_SILENT": "1"
  },
  "preflight_source_hashes": {
    "design/astra/work/vulkan_composed/run_case.py": "8cb42f642262ccf416f0993699d7a3dff7b8cd3fa42631f6a33c0a8d0d1c6ad9",
    "design/astra/work/vulkan_composed/gate.py": "2197f6ad6b9a13cf83c1d99313808b20b3a8be1472997d7e53d6ef61e035d264",
    "tools/run_godot_serial.ps1": "0b4af8393a72d3a2ebb53c2d19037ea3ff41318513d08facccdbf747814d6b68",
    "game/tests/VulkanComposedRootTest.tscn": "b95080899e02aa01d87b9a688ffee970f5d3e5ef14399d87cde6d91d40cc2663",
    "game/scripts/building/building_root.gd": "cde44cd16b9ebdfedde0bcda34b404c2a675adffe106ba4ac0d576d26e8e1fd4",
    "game/scripts/reality/apartment_encroachment.gd": "7c54c18154ccf8de8c3bce13a356329344dec19411adb2f1237425ae99eb90db",
    "game/tests/vulkan_composed_root_test.gd": "e132724ae67f1dc4056f9fa1c9b018706399a7c3500889af41d0e6dedeeb8991"
  },
  "wrapper_process_exit": 1,
  "runtime_result_present": true,
  "runtime_result_sha256": "ece9c004a275052d0c476da93c0d199b9c1816082f0f2d55ea808a84a600ecff"
}
