C:\PleaseRemainOnTheLine\art\blender\scripts\build_laundry_receiving.py:61: DeprecationWarning: 'Material.use_nodes' is expected to be removed in Blender 6.0
  mat=bpy.data.materials.new(key);mat.use_nodes=True;materials[key]=mat
Info: Saved as "laundry_receiving.blend"
INFO Draco is available, use library at C:\Program Files\Blender Foundation\Blender 5.2\5.2\scripts\addons_core\io_scene_gltf2\bf_intern_draco_bridge.dll
INFO MeshOptimizer is available, use library at C:\Program Files\Blender Foundation\Blender 5.2\5.2\scripts\addons_core\io_scene_gltf2\bf_intern_meshopt_bridge.dll
17:42:02 | INFO: Starting glTF 2.0 export
17:42:02 | INFO: Extracting primitive: storm_shopcab_model_laundry0__bakelite
17:42:02 | INFO: Primitives created: 1
17:42:02 | INFO: Extracting primitive: storm_shopcab_model_laundry0__bakelite__service_panel
17:42:02 | INFO: Primitives created: 1
17:42:02 | INFO: Extracting primitive: storm_shopcab_model_laundry0__bakelite_black
17:42:02 | INFO: Primitives created: 1
17:42:02 | INFO: Extracting primitive: storm_shopcab_model_laundry0__bakelite_black__schematic_traces
17:42:02 | INFO: Primitives created: 1
17:42:02 | INFO: Extracting primitive: storm_shopcab_model_laundry0__brass_dull
17:42:02 | INFO: Primitives created: 1
17:42:02 | INFO: Extracting primitive: storm_shopcab_model_laundry0__brass_dull__service_latch
17:42:02 | INFO: Primitives created: 1
17:42:02 | INFO: Extracting primitive: storm_shopcab_model_laundry0__copper_aged
17:42:02 | INFO: Primitives created: 1
17:42:02 | INFO: Extracting primitive: storm_shopcab_model_laundry0__enamel_appliance
17:42:02 | INFO: Primitives created: 1
17:42:02 | INFO: Extracting primitive: storm_shopcab_model_laundry0__fabric_warm
17:42:02 | INFO: Primitives created: 1
17:42:02 | INFO: Extracting primitive: storm_shopcab_model_laundry0__milk_glass
17:42:02 | INFO: Primitives created: 1
17:42:02 | INFO: Extracting primitive: storm_shopcab_model_laundry0__paper
17:42:02 | INFO: Primitives created: 1
17:42:02 | INFO: Finished glTF 2.0 export in 0.08282589912414551 s

LAUNDRY RECEIVING 1 original assembly; 417 closed stocks; 11 parts; 38040 triangles; 4 floor contacts
Blender 5.2.0 LTS (hash fbe6228777e7 built 2026-07-14 01:35:40)

Blender quit
