00:01.438  blend            | Read blend: "C:\PleaseRemainOnTheLine\art\blender\laundry_receiving.blend"
C:\PleaseRemainOnTheLine\art\blender\scripts\inspect_laundry_receiving.py:53: DeprecationWarning: 'World.use_nodes' is expected to be removed in Blender 6.0
  scene.world=bpy.data.worlds.new('Inspection');scene.world.use_nodes=True;scene.world.node_tree.nodes['Background'].inputs[0].default_value=(.5,.55,.6,1);scene.world.node_tree.nodes['Background'].inputs[1].default_value=.7
17:42:15 | INFO: Data are loaded, start creating Blender stuff
17:42:15 | INFO: Blender create Mesh node F01_OWN_SHOP_MODEL_LAUNDRY_retail_shop_model_laundry_awning_vinyl-col
17:42:15 | INFO: Blender create Mesh node F01_OWN_SHOP_MODEL_LAUNDRY_retail_shop_model_laundry_bakelite
17:42:15 | INFO: Blender create Mesh node F01_OWN_SHOP_MODEL_LAUNDRY_retail_shop_model_laundry_bakelite_black
17:42:15 | INFO: Blender create Mesh node F01_OWN_SHOP_MODEL_LAUNDRY_retail_shop_model_laundry_book_teal-col
17:42:15 | INFO: Blender create Mesh node F01_OWN_SHOP_MODEL_LAUNDRY_retail_shop_model_laundry_brass
17:42:15 | INFO: Blender create Mesh node F01_OWN_SHOP_MODEL_LAUNDRY_retail_shop_model_laundry_brass_bright-col
17:42:15 | INFO: Blender create Mesh node F01_OWN_SHOP_MODEL_LAUNDRY_retail_shop_model_laundry_brass_dull-col
17:42:15 | INFO: Blender create Mesh node F01_OWN_SHOP_MODEL_LAUNDRY_retail_shop_model_laundry_cast_iron-col
17:42:15 | INFO: Blender create Mesh node F01_OWN_SHOP_MODEL_LAUNDRY_retail_shop_model_laundry_chrome-col
17:42:15 | INFO: Blender create Mesh node F01_OWN_SHOP_MODEL_LAUNDRY_retail_shop_model_laundry_concrete-col
17:42:15 | INFO: Blender create Mesh node F01_OWN_SHOP_MODEL_LAUNDRY_retail_shop_model_laundry_countertop-col
17:42:15 | INFO: Blender create Mesh node F01_OWN_SHOP_MODEL_LAUNDRY_retail_shop_model_laundry_enamel
17:42:15 | INFO: Blender create Mesh node F01_OWN_SHOP_MODEL_LAUNDRY_retail_shop_model_laundry_fx_shadow
17:42:15 | INFO: Blender create Mesh node F01_OWN_SHOP_MODEL_LAUNDRY_retail_shop_model_laundry_glassish-col
17:42:15 | INFO: Blender create Mesh node F01_OWN_SHOP_MODEL_LAUNDRY_retail_shop_model_laundry_hull-colonly
17:42:15 | INFO: Blender create Mesh node F01_OWN_SHOP_MODEL_LAUNDRY_retail_shop_model_laundry_linen-col
17:42:15 | INFO: Blender create Mesh node F01_OWN_SHOP_MODEL_LAUNDRY_retail_shop_model_laundry_metal
17:42:15 | INFO: Blender create Mesh node F01_OWN_SHOP_MODEL_LAUNDRY_retail_shop_model_laundry_metal-col
17:42:15 | INFO: Blender create Mesh node F01_OWN_SHOP_MODEL_LAUNDRY_retail_shop_model_laundry_milk_glass
17:42:15 | INFO: Blender create Mesh node F01_OWN_SHOP_MODEL_LAUNDRY_retail_shop_model_laundry_paper-col
17:42:15 | INFO: Blender create Mesh node F01_OWN_SHOP_MODEL_LAUNDRY_retail_shop_model_laundry_plaster-col
17:42:15 | INFO: Blender create Mesh node F01_OWN_SHOP_MODEL_LAUNDRY_retail_shop_model_laundry_plaster_stained-col
17:42:15 | INFO: Blender create Mesh node F01_OWN_SHOP_MODEL_LAUNDRY_retail_shop_model_laundry_plywood-col
17:42:15 | INFO: Blender create Mesh node F01_OWN_SHOP_MODEL_LAUNDRY_retail_shop_model_laundry_quarry_tile-col
17:42:15 | INFO: Blender create Mesh node F01_OWN_SHOP_MODEL_LAUNDRY_retail_shop_model_laundry_rubber_aged-col
17:42:15 | INFO: Blender create Mesh node F01_OWN_SHOP_MODEL_LAUNDRY_retail_shop_model_laundry_screen
17:42:15 | INFO: Blender create Mesh node F01_OWN_SHOP_MODEL_LAUNDRY_retail_shop_model_laundry_terracotta
17:42:15 | INFO: Blender create Mesh node F01_OWN_SHOP_MODEL_LAUNDRY_retail_shop_model_laundry_timber-col
17:42:15 | INFO: Blender create Mesh node F01_OWN_SHOP_MODEL_LAUNDRY_retail_shop_model_laundry_trim-col
17:42:15 | INFO: Blender create Mesh node F01_OWN_SHOP_MODEL_LAUNDRY_retail_shop_model_laundry_wainscot-col
17:42:15 | INFO: Blender create Mesh node F01_OWN_SHOP_MODEL_LAUNDRY_retail_shop_model_laundry_wood_dark-col
17:42:15 | INFO: Blender create Mesh node F01_OWN_SHOP_MODEL_LAUNDRY_retail_shop_model_laundry_zinc_liner-col
17:42:15 | INFO: Blender create Mesh node F01_OWN_SHOP_MODEL_LAUNDRY_wear_fx_scuff
17:42:15 | INFO: glTF import finished in 0.12s
00:08.547  render           | Saved: 'C:\PleaseRemainOnTheLine\tmp\v2-finish-review\laundry-chassis-native\chassis_front.png'
00:10.250  render           | Saved: 'C:\PleaseRemainOnTheLine\tmp\v2-finish-review\laundry-chassis-native\chassis_side.png'
00:11.907  render           | Saved: 'C:\PleaseRemainOnTheLine\tmp\v2-finish-review\laundry-chassis-native\chassis_rear.png'
00:14.907  render           | Saved: 'C:\PleaseRemainOnTheLine\tmp\v2-finish-review\laundry-chassis-native\scope_aperture.png'
00:17.016  render           | Saved: 'C:\PleaseRemainOnTheLine\tmp\v2-finish-review\laundry-chassis-native\floor_feet.png'
00:19.563  render           | Saved: 'C:\PleaseRemainOnTheLine\tmp\v2-finish-review\laundry-chassis-native\braided_flex.png'
00:22.829  render           | Saved: 'C:\PleaseRemainOnTheLine\tmp\v2-finish-review\laundry-chassis-native\closed_service_hatch.png'
00:26.782  render           | Saved: 'C:\PleaseRemainOnTheLine\tmp\v2-finish-review\laundry-chassis-native\service_stock_open.png'
00:30.579  render           | Saved: 'C:\PleaseRemainOnTheLine\tmp\v2-finish-review\laundry-chassis-native\base_wet_cells.png'
00:34.625  render           | Saved: 'C:\PleaseRemainOnTheLine\tmp\v2-finish-review\laundry-chassis-native\inside_lid_schematic.png'
LAUNDRY RECEIVING NATIVE QA 417 closed connected stocks; 1 joined assembly; 4 retained floor contacts; 10 views
Blender 5.2.0 LTS (hash fbe6228777e7 built 2026-07-14 01:35:40)

Blender quit
