Godot Engine v4.7.1.stable.official.a13da4feb - https://godotengine.org
Vulkan 1.4.341 - Forward+ - Using Device #0: NVIDIA - NVIDIA GeForce RTX 4080

[ACOUSTIC] 550 nodes loaded
[RENDER] forward_plus
[F01 REGISTRY] owner_first_cells configure alias_target_check_ms=2.368 asset_manifest_parse_ms=1.225 asset_manifest_sha256_ms=0.410 bound_files_total_ms=110.109 cell_asset_files_hashed=34.0 cell_asset_sha256_ms=36.326 cell_descriptor_parse_ms=22.296 compatibility_aliases_parse_ms=2.445 compatibility_aliases_parsed=true compatibility_aliases_sha256_ms=0.563 index_ms=1.214 lineage_parsed=false lineage_sha256_ms=36.240 registry_manifest_read_parse_ms=2.547 registry_manifest_validate_ms=3.645 total_ms=117.528
[F01 REGISTRY] owner_first_cells mount FULL_RECOMPOSITION attach_ms=1.076 cell_count=17.0 instantiate_ms=14.759 load_ms=3024.490 total_ms=3041.705
[PASSAGE] 315 interior, 31 shell and 239 foreign owner-cell draws indexed
[VANTRY] 119 points, 7 floor batches, 3 static draws/floor
[HEIGHTMAP] 39 materials given parallax, 923 left flat
[SURFACE] 1054 surfaces layered (999 materials)
[BUILDING] 7 resident stories rehung off a bathroom wall
[DOMESTIC RADIO] 18 receivers across 18 occupied units; 0 unresolved
[DOOR GLOW] 107 closed doors, 9 leaking light (skipped: { "no_circulation": 86, "asleep": 12 })
[STATION] 37 clips, 6 machines (5 projectors, 1 sets), all dark
[ARCADE] 10 cabinet(s) from a catalog of 12: SOMETHING IN THE HALL (mystery_serial), OPERATIONS (farm_and_market), STEP SEQUENCE (variety_hour), NIGHT MAIL (aviation_hour), COUNTY LEAGUE (sporting_wire), THE THOUSAND (motor_racing), TOWER OF ASH (adventure_serial), OUTER RIM (night_sky), DO NOT ANSWER (mystery_serial), OVERTIME (sporting_wire)
[ARCADE] all of them are running arcade_pit
[BUILDING] 488 functional props spawned
[FURNITURE INTERACTION] 72 baked mechanisms restored
[BUILDING] exterior finish: 381 batched details, 11 decals, 8 puddles
[PASSAGE HOURS] OPEN; 10 grilles folded
[PASSAGE HOURS] 11 shopfronts, 10 close after 02:00, HARDWARE PAINT keeps night service
[PASSAGE FINISH] 6 gated draws, 3 handcarts, hours active
[MOVES] personal library: res://assets/characters/teresa_vale/teresa_vale_moves.glb
[MOVES] personal library: res://assets/characters/mina_vale/mina_vale_moves.glb
[MOVES] personal library: res://assets/characters/lena_ortiz/lena_ortiz_moves.glb
[MOVES] personal library: res://assets/characters/juno_kells/juno_kells_moves.glb
[MOVES] personal library: res://assets/characters/malcolm_reed/malcolm_reed_moves.glb
[MOVES] personal library: res://assets/characters/omar_bell/omar_bell_moves.glb
[MOVES] personal library: res://assets/characters/rhea_sato/rhea_sato_moves.glb
[MOVES] personal library: res://assets/characters/peter_wren/peter_wren_moves.glb
[MOVES] personal library: res://assets/characters/cam_ortiz/cam_ortiz_moves.glb
[MOVES] personal library: res://assets/characters/noel_price/noel_price_moves.glb
[MOVES] personal library: res://assets/characters/transient_guests/transient_guests_moves.glb
[MOVES] personal library: res://assets/characters/nadia_quell/nadia_quell_moves.glb
[MOVES] personal library: res://assets/characters/cal_dwyer/cal_dwyer_moves.glb
[MOVES] personal library: res://assets/characters/iris_bell/iris_bell_moves.glb
[MOVES] personal library: res://assets/characters/sacha_reed/sacha_reed_moves.glb
[MOVES] personal library: res://assets/characters/jonah_price/jonah_price_moves.glb
[MOVES] personal library: res://assets/characters/mae_kessler/mae_kessler_moves.glb
[BUILDING] 18 residents spawned (18 rigged, 0 sprite fallbacks)
[NAV] 4 schedule anchors installed in PASSAGE
[NAV] 540 nodes across 8 floors; 7 stair links; elevator linked; 65 wall-crossing edges rejected; 1516 safe links restored
[ROUTINES] evelyn_marsh: 48 clips
[ROUTINES] evelyn_marsh upgraded to a mesh
[MOVES] personal library: res://assets/characters/teresa_vale/teresa_vale_moves.glb
[ROUTINES] teresa_vale: 49 clips
[ROUTINES] teresa_vale upgraded to a mesh
[MOVES] personal library: res://assets/characters/mina_vale/mina_vale_moves.glb
[ROUTINES] mina_vale: 49 clips
[ROUTINES] mina_vale upgraded to a mesh
[MOVES] personal library: res://assets/characters/lena_ortiz/lena_ortiz_moves.glb
[ROUTINES] lena_ortiz: 49 clips
[ROUTINES] lena_ortiz upgraded to a mesh
[MOVES] personal library: res://assets/characters/juno_kells/juno_kells_moves.glb
[ROUTINES] juno_kells: 49 clips
[ROUTINES] juno_kells upgraded to a mesh
[MOVES] personal library: res://assets/characters/malcolm_reed/malcolm_reed_moves.glb
[ROUTINES] malcolm_reed: 49 clips
[ROUTINES] malcolm_reed upgraded to a mesh
[MOVES] personal library: res://assets/characters/omar_bell/omar_bell_moves.glb
[ROUTINES] omar_bell: 49 clips
[ROUTINES] omar_bell upgraded to a mesh
[MOVES] personal library: res://assets/characters/rhea_sato/rhea_sato_moves.glb
[ROUTINES] rhea_sato: 49 clips
[ROUTINES] rhea_sato upgraded to a mesh
[MOVES] personal library: res://assets/characters/peter_wren/peter_wren_moves.glb
[ROUTINES] peter_wren: 49 clips
[ROUTINES] peter_wren upgraded to a mesh
[MOVES] personal library: res://assets/characters/cam_ortiz/cam_ortiz_moves.glb
[ROUTINES] cam_ortiz: 49 clips
[ROUTINES] cam_ortiz upgraded to a mesh
[MOVES] personal library: res://assets/characters/noel_price/noel_price_moves.glb
[ROUTINES] noel_price: 49 clips
[ROUTINES] noel_price upgraded to a mesh
[MOVES] personal library: res://assets/characters/transient_guests/transient_guests_moves.glb
[ROUTINES] transient_guests: 49 clips
[ROUTINES] transient_guests upgraded to a mesh
[MOVES] personal library: res://assets/characters/nadia_quell/nadia_quell_moves.glb
[ROUTINES] nadia_quell: 49 clips
[ROUTINES] nadia_quell upgraded to a mesh
[MOVES] personal library: res://assets/characters/cal_dwyer/cal_dwyer_moves.glb
[ROUTINES] cal_dwyer: 49 clips
[ROUTINES] cal_dwyer upgraded to a mesh
[MOVES] personal library: res://assets/characters/iris_bell/iris_bell_moves.glb
[ROUTINES] iris_bell: 49 clips
[ROUTINES] iris_bell upgraded to a mesh
[MOVES] personal library: res://assets/characters/sacha_reed/sacha_reed_moves.glb
[ROUTINES] sacha_reed: 49 clips
[ROUTINES] sacha_reed upgraded to a mesh
[MOVES] personal library: res://assets/characters/jonah_price/jonah_price_moves.glb
[ROUTINES] jonah_price: 49 clips
[ROUTINES] jonah_price upgraded to a mesh
[MOVES] personal library: res://assets/characters/mae_kessler/mae_kessler_moves.glb
[ROUTINES] mae_kessler: 49 clips
[ROUTINES] mae_kessler upgraded to a mesh
[ROUTINES] 18 residents with somewhere to be
[SWITCHES] 157 fixtures wired across 119 rooms, 87 exterior
[SWITCHES] 215 live plates
[MOON] 70 windowed rooms
[BUILDING] 18 apartment reality controllers ready
[WAYFINDING] 17 brass unit numbers, 7 directories, 8 fire signs, 1 spine plates, 6 stair pairs, 6 landing plates
[BUILDING] 62 reality-affected props placed
[WITNESS] 18 clocks and 20 other domestic anomalies placed and rigged
[ENCROACH] living field on F02 binds 74 materials
[ENCROACH] living field on F04 binds 79 materials
[ENCROACH] living field on F06 binds 77 materials
[ENCROACH] living field on F05 binds 82 materials
[ENCROACH] living field on F03 binds 85 materials
[ENCROACH] 22 finish surfaces across 6 case flats, 6 beachheads
[INCIDENTS] 15 flats on 5 living storeys can report
[BUILDING] 20 character memory artworks placed
[BUILDING] 20 character-specific wall artworks placed
[BUILDING] 8 hallway artworks placed
[BUILDING] 7 stair-landing pieces hung
[BUILDING] found art: 17 walls, 7 print props, 1 billboards
[BUILDING] front-door exterior light and signage placed
[BUILDING] maintenance headquarters ready: 18 trophy slots, 6 gear tiers
[LIGHT RIG] budgets resolved: 14 active / 8 shadow
[SCHEDULE] director live: 18 residents on the clock
[HARUKIYA] 9 interactables placed
[WAREHOUSE] 69 prop displays from 44 kinds, 13 rows
[BUILDING] Orison assembled: 8 floors, 565 windows lit, 292 railing details, player in lobby
[BUILDING] 197 low-overhead environment details and 26 story decals
[BUILDING] 64 atmospheric evidence decals
[PASSAGE] late sweep: 117 interior, 759 foreign, 4 shared late-built F01 draws registered
[PASSAGE] root sweep: 17 interior, 1995 foreign draws, 83 foreign lights registered
[STREET] 1665 enclosed F01 draws indexed
[LIGHTING] 268 sources active in system; 268 full personalities; profiles steady/breathe/mains/beat/dropout=[58, 62, 49, 47, 52]
[SURFACE] 4317 prop draws layered in triplanar mode (1268 materials)
[ENCROACH] 926 prop draws reached across 6 case flats
[ENCROACH] living field on F02 binds 405 materials
[ENCROACH] living field on F04 binds 251 materials
[ENCROACH] living field on F06 binds 231 materials
[ENCROACH] living field on F05 binds 225 materials
[ENCROACH] living field on F03 binds 262 materials
[NAV] room detour validation: 756.886 ms
[NAV] full collision validation: 1612.021 ms
[NAV] room detours: 49 body-clear nodes, 168 body-clear links
[NAV] collision audit: 993 edges cut by real geometry, 0 island nodes relinked, 0 stair legs obstructed
[HARUKIYA] OPEN, 18 fixtures
[SANITY] evelyn_paper_jam rung 2 (pressure 0.24, 2 acts)
[SURFACE] 4317 prop draws layered in triplanar mode (1268 materials)
[ENCROACH] 926 prop draws reached across 6 case flats
[ENCROACH] living field on F02 binds 405 materials
[ENCROACH] living field on F04 binds 251 materials
[ENCROACH] living field on F06 binds 231 materials
[ENCROACH] living field on F05 binds 225 materials
[ENCROACH] living field on F03 binds 262 materials
[ECOLOGY ENTRY] PASS actual DEBUG menu and warehouse exist
[ECOLOGY ENTRY] PASS ordinary warehouse construction stays lazy
[ECOLOGY ENTRY] PASS debug starts with a discoverable collapsed header
[ECOLOGY ENTRY] PASS F1 opens controls with a usable pointer and live world
[ECOLOGY ENTRY] PASS debug controls hold walking, stick look and polled switches
[ECOLOGY ENTRY] hover @VBoxContainer@3:<VBoxContainer#87593846665> at (1180.0, 600.0)
[ECOLOGY ENTRY] PASS clicking outside controls does not recapture the pointer
[ECOLOGY ENTRY] PASS Escape closes debug and restores capture without opening pause
[ECOLOGY ENTRY] PASS closing debug restores all prior player process flags
[ECOLOGY ENTRY] PASS Escape during play still opens ordinary pause services
[ECOLOGY ENTRY] PASS F1 cannot open debug over the pause surface
[ECOLOGY ENTRY] PASS Escape closes pause and restores gameplay capture
[ECOLOGY ENTRY] PASS GO section has a mouse-reachable toggle
[ECOLOGY ENTRY] click @Button@28898 visible=true rect=[P: (8.0, 593.0), S: (312.0, 22.0)] menu=[P: (8.0, 8.0), S: (340.0, 659.0)] scroll=0
[ECOLOGY ENTRY] hover @VBoxContainer@3:<VBoxContainer#87593846665> at (164.0, 604.0)
[ECOLOGY ENTRY] PASS Dream ecology control is present
[ECOLOGY ENTRY] click @Button@28912 visible=false rect=[P: (8.0, 43.0), S: (73.0, 21.0)] menu=[P: (8.0, 8.0), S: (340.0, 659.0)] scroll=0
[ECOLOGY ENTRY] hover @VBoxContainer@28829:<VBoxContainer#2238365910765> at (44.5, 53.5)
[ECOLOGY ENTRY] FAIL actual pointer click on Dream ecology opens the living exhibit
