WARNING: no legal wall for found piece cam_noel_witches
   at: push_warning (core/variant/variant_utility.cpp:1033)
   GDScript backtrace (most recent call first):
       [0] _place_wall_piece (res://scripts/building/found_art_pass.gd:54)
       [1] build (res://scripts/building/found_art_pass.gd:21)
       [2] _ready (res://scripts/building/building_root.gd:554)
       [3] _run (res://tests/dream_ecology_entry_test.gd:15)
ERROR: No wall-safe resident route on F04: (9.7428, 9.63, 3.205) -> (9.367068, 9.63, 2.386464)
   at: push_error (core/variant/variant_utility.cpp:1023)
   GDScript backtrace (most recent call first):
       [0] route (res://scripts/characters/resident_nav.gd:440)
       [1] _set_route (res://scripts/characters/resident_routines.gd:1024)
       [2] _scheduled_decision (res://scripts/characters/resident_routines.gd:490)
       [3] _step (res://scripts/characters/resident_routines.gd:696)
       [4] _process (res://scripts/characters/resident_routines.gd:645)
ERROR: No wall-safe resident route on F06: (9.7428, 16.03, -3.2554) -> (8.594933, 16.03, -1.837216)
   at: push_error (core/variant/variant_utility.cpp:1023)
   GDScript backtrace (most recent call first):
       [0] route (res://scripts/characters/resident_nav.gd:440)
       [1] _set_route (res://scripts/characters/resident_routines.gd:1024)
       [2] _scheduled_decision (res://scripts/characters/resident_routines.gd:490)
       [3] _step (res://scripts/characters/resident_routines.gd:696)
       [4] _process (res://scripts/characters/resident_routines.gd:645)
ERROR: No wall-safe resident route on F04: (9.2628, 9.63, -3.2554) -> (2.31, 9.6, 1.46)
   at: push_error (core/variant/variant_utility.cpp:1023)
   GDScript backtrace (most recent call first):
       [0] route (res://scripts/characters/resident_nav.gd:440)
       [1] stair_route (res://scripts/characters/resident_nav.gd:1028)
       [2] _begin_trip (res://scripts/characters/resident_routines.gd:953)
       [3] _scheduled_decision (res://scripts/characters/resident_routines.gd:501)
       [4] _step (res://scripts/characters/resident_routines.gd:696)
       [5] _process (res://scripts/characters/resident_routines.gd:645)
ERROR: No wall-safe resident route on F01: (-2.31, 0.0, 1.46) -> (-1.9, 0.06, 8.75)
   at: push_error (core/variant/variant_utility.cpp:1023)
   GDScript backtrace (most recent call first):
       [0] route (res://scripts/characters/resident_nav.gd:440)
       [1] stair_route (res://scripts/characters/resident_nav.gd:1043)
       [2] _begin_trip (res://scripts/characters/resident_routines.gd:953)
       [3] _scheduled_decision (res://scripts/characters/resident_routines.gd:501)
       [4] _step (res://scripts/characters/resident_routines.gd:696)
       [5] _process (res://scripts/characters/resident_routines.gd:645)
ERROR: No wall-safe resident route on F03: (-9.4172, 6.43, 2.886) -> (-9.401753, 6.43, 2.123074)
   at: push_error (core/variant/variant_utility.cpp:1023)
   GDScript backtrace (most recent call first):
       [0] route (res://scripts/characters/resident_nav.gd:440)
       [1] _set_route (res://scripts/characters/resident_routines.gd:1024)
       [2] _scheduled_decision (res://scripts/characters/resident_routines.gd:490)
       [3] _step (res://scripts/characters/resident_routines.gd:696)
       [4] _process (res://scripts/characters/resident_routines.gd:645)
ERROR: No wall-safe resident route on F05: (-9.4172, 12.83, -4.8914) -> (-8.474003, 12.83, -4.530071)
   at: push_error (core/variant/variant_utility.cpp:1023)
   GDScript backtrace (most recent call first):
       [0] route (res://scripts/characters/resident_nav.gd:440)
       [1] _set_route (res://scripts/characters/resident_routines.gd:1024)
       [2] _scheduled_decision (res://scripts/characters/resident_routines.gd:490)
       [3] _step (res://scripts/characters/resident_routines.gd:696)
       [4] _process (res://scripts/characters/resident_routines.gd:645)
