Godot Engine v4.7.1.stable.official.a13da4feb - https://godotengine.org

[ACOUSTIC] 550 nodes loaded
[PAUSE SERVICES] PASS player owns one in-game services surface
[PAUSE SERVICES] PASS escape surface opens during ordinary play
[PAUSE SERVICES] PASS opening pauses the night
[PAUSE SERVICES] PASS services establishes keyboard and controller focus
[PAUSE SERVICES] FIT rect=[P: (370.0, 60.0), S: (540.0, 600.0)] viewport=(1280.0, 720.0)
[PAUSE SERVICES] PASS the full services surface fits the minimum viewport
[PAUSE SERVICES] PASS surface exposes all six semantic mix controls
[PAUSE SERVICES] PASS sleep warning accessibility is reachable during play
[PAUSE SERVICES] PASS sound-caption copy is identical on both settings surfaces
[PAUSE SERVICES] PASS camera comfort controls are reachable during play
[PAUSE SERVICES] PASS lightning flash suppression is reachable during play
[PAUSE SERVICES] PASS reduced motion removes visual roll but not its physical inputs
[PAUSE SERVICES] PASS look sensitivity scales the one mouse and touch look path
[PAUSE SERVICES] PASS return resumes the night
[PAUSE SERVICES] PASS return without saving restores the user mix
[PAUSE SERVICES] PASS a protected call retains escape ownership
[PAUSE SERVICES] PASS a seated interaction retains escape ownership
[PAUSE SERVICES] PASS surface returns after modal ownership clears
[PAUSE SERVICES] RESULT: PASS 17/17
