C:\PleaseRemainOnTheLine\art\blender\scripts\build_cobbler_fittings.py:40: DeprecationWarning: 'Material.use_nodes' is expected to be removed in Blender 6.0
  mat=bpy.data.materials.new(key);mat.use_nodes=True;materials[key]=mat
Extensions: writing cache failed ([WinError 183] Cannot create a file when that file already exists: 'C:\\Users\\nate_\\AppData\\Roaming\\Blender Foundation\\Blender\\5.2\\extensions\\.cache').
Info: Saved as "cobbler_fittings.blend"
INFO Draco is available, use library at C:\Program Files\Blender Foundation\Blender 5.2\5.2\scripts\addons_core\io_scene_gltf2\bf_intern_draco_bridge.dll
INFO MeshOptimizer is available, use library at C:\Program Files\Blender Foundation\Blender 5.2\5.2\scripts\addons_core\io_scene_gltf2\bf_intern_meshopt_bridge.dll
16:20:56 | INFO: Starting glTF 2.0 export
16:20:56 | INFO: Extracting primitive: storm_shop_shoe_rebuilding_bench__timber
16:20:56 | INFO: Primitives created: 1
16:20:56 | INFO: Extracting primitive: storm_shop_shoe_rebuilding_bench__wood_dark
16:20:56 | INFO: Primitives created: 1
16:20:56 | INFO: Extracting primitive: storm_shop_shoe_rebuilding_counter__countertop
16:20:56 | INFO: Primitives created: 1
16:20:56 | INFO: Extracting primitive: storm_shop_shoe_rebuilding_counter__paper
16:20:56 | INFO: Primitives created: 1
16:20:56 | INFO: Extracting primitive: storm_shop_shoe_rebuilding_counter__wood_dark
16:20:56 | INFO: Primitives created: 1
16:20:56 | INFO: Extracting primitive: storm_shop_shoe_rebuilding_finisher__cast_iron
16:20:56 | INFO: Primitives created: 1
16:20:56 | INFO: Extracting primitive: storm_shop_shoe_rebuilding_finisher__metal
16:20:56 | INFO: Primitives created: 1
16:20:56 | INFO: Extracting primitive: storm_shop_shoe_rebuilding_finisher__rubber_aged
16:20:56 | INFO: Primitives created: 1
16:20:56 | INFO: Extracting primitive: storm_shop_shoe_rebuilding_last_rack__cast_iron
16:20:56 | INFO: Primitives created: 1
16:20:56 | INFO: Extracting primitive: storm_shop_shoe_rebuilding_last_rack__timber
16:20:56 | INFO: Primitives created: 1
16:20:56 | INFO: Extracting primitive: storm_shop_shoe_rebuilding_outsole_stand__cast_iron
16:20:56 | INFO: Primitives created: 1
16:20:56 | INFO: Extracting primitive: storm_shop_shoe_rebuilding_outsole_stand__metal
16:20:56 | INFO: Primitives created: 1
16:20:56 | INFO: Extracting primitive: storm_shop_shoe_rebuilding_patcher_treadle__cast_iron
16:20:56 | INFO: Primitives created: 1
16:20:56 | INFO: Extracting primitive: storm_shop_shoe_rebuilding_patcher_treadle__metal
16:20:56 | INFO: Primitives created: 1
16:20:56 | INFO: Extracting primitive: storm_shop_shoe_rebuilding_rack0__linen
16:20:56 | INFO: Primitives created: 1
16:20:56 | INFO: Extracting primitive: storm_shop_shoe_rebuilding_rack0__rubber_aged
16:20:56 | INFO: Primitives created: 1
16:20:56 | INFO: Extracting primitive: storm_shop_shoe_rebuilding_rack0__shoe_dark
16:20:56 | INFO: Primitives created: 1
16:20:56 | INFO: Extracting primitive: storm_shop_shoe_rebuilding_rack0__timber
16:20:56 | INFO: Primitives created: 1
16:20:56 | INFO: Extracting primitive: storm_shop_shoe_rebuilding_rack0__vinyl_oxblood
16:20:56 | INFO: Primitives created: 1
16:20:56 | INFO: Extracting primitive: storm_shop_shoe_rebuilding_sole_stack__timber
16:20:56 | INFO: Primitives created: 1
16:20:56 | INFO: Extracting primitive: storm_shop_shoe_rebuilding_sole_stack__vinyl_oxblood
16:20:56 | INFO: Primitives created: 1
16:20:56 | INFO: Extracting primitive: storm_shop_shoe_rebuilding_waiting_seat__wood_dark
16:20:56 | INFO: Primitives created: 1
16:20:56 | INFO: Extracting primitive: storm_shop_shoe_rebuilding_window_plinth__plywood
16:20:56 | INFO: Primitives created: 1
16:20:56 | INFO: Extracting primitive: storm_shop_shoe_rebuilding_window_plinth__wood_dark
16:20:56 | INFO: Primitives created: 1
16:20:56 | INFO: Finished glTF 2.0 export in 0.18152427673339844 s

COBBLER FITTINGS 48 original records; 10 assemblies; 325 closed stocks; 24 parts; 88864 triangles; 37 foot contacts
Blender 5.2.0 LTS (hash fbe6228777e7 built 2026-07-14 01:35:40)

Blender quit
