C:\PleaseRemainOnTheLine\art\blender\scripts\build_cobbler_fittings.py:40: DeprecationWarning: 'Material.use_nodes' is expected to be removed in Blender 6.0
  mat=bpy.data.materials.new(key);mat.use_nodes=True;materials[key]=mat
Extensions: writing cache failed ([WinError 183] Cannot create a file when that file already exists: 'C:\\Users\\nate_\\AppData\\Roaming\\Blender Foundation\\Blender\\5.2\\extensions\\.cache').
Info: Saved as "cobbler_fittings.blend"
INFO Draco is available, use library at C:\Program Files\Blender Foundation\Blender 5.2\5.2\scripts\addons_core\io_scene_gltf2\bf_intern_draco_bridge.dll
INFO MeshOptimizer is available, use library at C:\Program Files\Blender Foundation\Blender 5.2\5.2\scripts\addons_core\io_scene_gltf2\bf_intern_meshopt_bridge.dll
16:35:11 | INFO: Starting glTF 2.0 export
16:35:11 | INFO: Extracting primitive: storm_shop_shoe_rebuilding_bench__timber
16:35:11 | INFO: Primitives created: 1
16:35:11 | INFO: Extracting primitive: storm_shop_shoe_rebuilding_bench__wood_dark
16:35:11 | INFO: Primitives created: 1
16:35:11 | INFO: Extracting primitive: storm_shop_shoe_rebuilding_counter__countertop
16:35:11 | INFO: Primitives created: 1
16:35:11 | INFO: Extracting primitive: storm_shop_shoe_rebuilding_counter__paper
16:35:11 | INFO: Primitives created: 1
16:35:11 | INFO: Extracting primitive: storm_shop_shoe_rebuilding_counter__wood_dark
16:35:11 | INFO: Primitives created: 1
16:35:11 | INFO: Extracting primitive: storm_shop_shoe_rebuilding_finisher__cast_iron
16:35:11 | INFO: Primitives created: 1
16:35:11 | INFO: Extracting primitive: storm_shop_shoe_rebuilding_finisher__metal
16:35:11 | INFO: Primitives created: 1
16:35:11 | INFO: Extracting primitive: storm_shop_shoe_rebuilding_finisher__rubber_aged
16:35:11 | INFO: Primitives created: 1
16:35:11 | INFO: Extracting primitive: storm_shop_shoe_rebuilding_last_rack__cast_iron
16:35:11 | INFO: Primitives created: 1
16:35:11 | INFO: Extracting primitive: storm_shop_shoe_rebuilding_last_rack__timber
16:35:11 | INFO: Primitives created: 1
16:35:11 | INFO: Extracting primitive: storm_shop_shoe_rebuilding_outsole_stand__cast_iron
16:35:11 | INFO: Primitives created: 1
16:35:11 | INFO: Extracting primitive: storm_shop_shoe_rebuilding_outsole_stand__metal
16:35:11 | INFO: Primitives created: 1
16:35:11 | INFO: Extracting primitive: storm_shop_shoe_rebuilding_patcher_treadle__cast_iron
16:35:11 | INFO: Primitives created: 1
16:35:11 | INFO: Extracting primitive: storm_shop_shoe_rebuilding_patcher_treadle__metal
16:35:11 | INFO: Primitives created: 1
16:35:11 | INFO: Extracting primitive: storm_shop_shoe_rebuilding_rack0__linen
16:35:11 | INFO: Primitives created: 1
16:35:11 | INFO: Extracting primitive: storm_shop_shoe_rebuilding_rack0__rubber_aged
16:35:11 | INFO: Primitives created: 1
16:35:11 | INFO: Extracting primitive: storm_shop_shoe_rebuilding_rack0__shoe_dark__1_1
16:35:11 | INFO: Primitives created: 1
16:35:11 | INFO: Extracting primitive: storm_shop_shoe_rebuilding_rack0__shoe_dark__1_-1
16:35:11 | INFO: Primitives created: 1
16:35:11 | INFO: Extracting primitive: storm_shop_shoe_rebuilding_rack0__shoe_dark__2_1
16:35:11 | INFO: Primitives created: 1
16:35:11 | INFO: Extracting primitive: storm_shop_shoe_rebuilding_rack0__shoe_dark__2_-1
16:35:11 | INFO: Primitives created: 1
16:35:11 | INFO: Extracting primitive: storm_shop_shoe_rebuilding_rack0__shoe_dark__4_1
16:35:11 | INFO: Primitives created: 1
16:35:11 | INFO: Extracting primitive: storm_shop_shoe_rebuilding_rack0__shoe_dark__4_-1
16:35:11 | INFO: Primitives created: 1
16:35:11 | INFO: Extracting primitive: storm_shop_shoe_rebuilding_rack0__shoe_dark__5_1
16:35:11 | INFO: Primitives created: 1
16:35:11 | INFO: Extracting primitive: storm_shop_shoe_rebuilding_rack0__shoe_dark__5_-1
16:35:11 | INFO: Primitives created: 1
16:35:11 | INFO: Extracting primitive: storm_shop_shoe_rebuilding_rack0__shoe_dark__7_1
16:35:11 | INFO: Primitives created: 1
16:35:11 | INFO: Extracting primitive: storm_shop_shoe_rebuilding_rack0__shoe_dark__7_-1
16:35:11 | INFO: Primitives created: 1
16:35:11 | INFO: Extracting primitive: storm_shop_shoe_rebuilding_rack0__shoe_dark__8_1
16:35:11 | INFO: Primitives created: 1
16:35:11 | INFO: Extracting primitive: storm_shop_shoe_rebuilding_rack0__shoe_dark__8_-1
16:35:11 | INFO: Primitives created: 1
16:35:11 | INFO: Extracting primitive: storm_shop_shoe_rebuilding_rack0__shoe_dark__10_1
16:35:11 | INFO: Primitives created: 1
16:35:11 | INFO: Extracting primitive: storm_shop_shoe_rebuilding_rack0__shoe_dark__10_-1
16:35:11 | INFO: Primitives created: 1
16:35:11 | INFO: Extracting primitive: storm_shop_shoe_rebuilding_rack0__timber
16:35:11 | INFO: Primitives created: 1
16:35:11 | INFO: Extracting primitive: storm_shop_shoe_rebuilding_rack0__vinyl_oxblood__0_1
16:35:11 | INFO: Primitives created: 1
16:35:11 | INFO: Extracting primitive: storm_shop_shoe_rebuilding_rack0__vinyl_oxblood__0_-1
16:35:11 | INFO: Primitives created: 1
16:35:11 | INFO: Extracting primitive: storm_shop_shoe_rebuilding_rack0__vinyl_oxblood__3_1
16:35:11 | INFO: Primitives created: 1
16:35:11 | INFO: Extracting primitive: storm_shop_shoe_rebuilding_rack0__vinyl_oxblood__3_-1
16:35:11 | INFO: Primitives created: 1
16:35:11 | INFO: Extracting primitive: storm_shop_shoe_rebuilding_rack0__vinyl_oxblood__6_1
16:35:11 | INFO: Primitives created: 1
16:35:11 | INFO: Extracting primitive: storm_shop_shoe_rebuilding_rack0__vinyl_oxblood__6_-1
16:35:11 | INFO: Primitives created: 1
16:35:11 | INFO: Extracting primitive: storm_shop_shoe_rebuilding_rack0__vinyl_oxblood__9_1
16:35:11 | INFO: Primitives created: 1
16:35:11 | INFO: Extracting primitive: storm_shop_shoe_rebuilding_rack0__vinyl_oxblood__9_-1
16:35:11 | INFO: Primitives created: 1
16:35:11 | INFO: Extracting primitive: storm_shop_shoe_rebuilding_sole_stack__timber
16:35:11 | INFO: Primitives created: 1
16:35:11 | INFO: Extracting primitive: storm_shop_shoe_rebuilding_sole_stack__vinyl_oxblood
16:35:11 | INFO: Primitives created: 1
16:35:11 | INFO: Extracting primitive: storm_shop_shoe_rebuilding_waiting_seat__wood_dark
16:35:11 | INFO: Primitives created: 1
16:35:11 | INFO: Extracting primitive: storm_shop_shoe_rebuilding_window_plinth__plywood
16:35:11 | INFO: Primitives created: 1
16:35:11 | INFO: Extracting primitive: storm_shop_shoe_rebuilding_window_plinth__wood_dark
16:35:11 | INFO: Primitives created: 1
16:35:11 | INFO: Finished glTF 2.0 export in 0.2605607509613037 s

COBBLER FITTINGS 48 original records; 10 assemblies; 407 closed stocks; 44 parts; 117688 triangles; 37 foot contacts
Blender 5.2.0 LTS (hash fbe6228777e7 built 2026-07-14 01:35:40)

Blender quit
