00:01.375  blend            | Read blend: "C:\PleaseRemainOnTheLine\art\blender\cobbler_fittings.blend"
C:\PleaseRemainOnTheLine\art\blender\scripts\inspect_cobbler_fittings.py:43: DeprecationWarning: 'World.use_nodes' is expected to be removed in Blender 6.0
  scene.world=bpy.data.worlds.new('Inspection');scene.world.use_nodes=True;scene.world.node_tree.nodes['Background'].inputs[0].default_value=(.5,.55,.6,1);scene.world.node_tree.nodes['Background'].inputs[1].default_value=.7
00:06.281  render           | Saved: 'C:\PleaseRemainOnTheLine\tmp\v2-finish-review\cobbler-native\storm_shop_shoe_rebuilding_window_plinth_front.png'
00:10.625  render           | Saved: 'C:\PleaseRemainOnTheLine\tmp\v2-finish-review\cobbler-native\storm_shop_shoe_rebuilding_window_plinth_rear.png'
00:14.734  render           | Saved: 'C:\PleaseRemainOnTheLine\tmp\v2-finish-review\cobbler-native\storm_shop_shoe_rebuilding_bench_front.png'
00:18.828  render           | Saved: 'C:\PleaseRemainOnTheLine\tmp\v2-finish-review\cobbler-native\storm_shop_shoe_rebuilding_bench_rear.png'
00:24.531  render           | Saved: 'C:\PleaseRemainOnTheLine\tmp\v2-finish-review\cobbler-native\storm_shop_shoe_rebuilding_finisher_front.png'
00:30.797  render           | Saved: 'C:\PleaseRemainOnTheLine\tmp\v2-finish-review\cobbler-native\storm_shop_shoe_rebuilding_finisher_rear.png'
00:35.406  render           | Saved: 'C:\PleaseRemainOnTheLine\tmp\v2-finish-review\cobbler-native\storm_shop_shoe_rebuilding_rack0_front.png'
00:39.984  render           | Saved: 'C:\PleaseRemainOnTheLine\tmp\v2-finish-review\cobbler-native\storm_shop_shoe_rebuilding_rack0_rear.png'
00:44.078  render           | Saved: 'C:\PleaseRemainOnTheLine\tmp\v2-finish-review\cobbler-native\storm_shop_shoe_rebuilding_counter_front.png'
00:48.297  render           | Saved: 'C:\PleaseRemainOnTheLine\tmp\v2-finish-review\cobbler-native\storm_shop_shoe_rebuilding_counter_rear.png'
00:52.844  render           | Saved: 'C:\PleaseRemainOnTheLine\tmp\v2-finish-review\cobbler-native\storm_shop_shoe_rebuilding_outsole_stand_front.png'
00:57.406  render           | Saved: 'C:\PleaseRemainOnTheLine\tmp\v2-finish-review\cobbler-native\storm_shop_shoe_rebuilding_outsole_stand_rear.png'
01:02.281  render           | Saved: 'C:\PleaseRemainOnTheLine\tmp\v2-finish-review\cobbler-native\storm_shop_shoe_rebuilding_patcher_treadle_front.png'
01:07.109  render           | Saved: 'C:\PleaseRemainOnTheLine\tmp\v2-finish-review\cobbler-native\storm_shop_shoe_rebuilding_patcher_treadle_rear.png'
01:11.703  render           | Saved: 'C:\PleaseRemainOnTheLine\tmp\v2-finish-review\cobbler-native\storm_shop_shoe_rebuilding_last_rack_front.png'
01:16.391  render           | Saved: 'C:\PleaseRemainOnTheLine\tmp\v2-finish-review\cobbler-native\storm_shop_shoe_rebuilding_last_rack_rear.png'
01:22.094  render           | Saved: 'C:\PleaseRemainOnTheLine\tmp\v2-finish-review\cobbler-native\storm_shop_shoe_rebuilding_sole_stack_front.png'
01:28.250  render           | Saved: 'C:\PleaseRemainOnTheLine\tmp\v2-finish-review\cobbler-native\storm_shop_shoe_rebuilding_sole_stack_rear.png'
01:32.578  render           | Saved: 'C:\PleaseRemainOnTheLine\tmp\v2-finish-review\cobbler-native\storm_shop_shoe_rebuilding_waiting_seat_front.png'
01:36.828  render           | Saved: 'C:\PleaseRemainOnTheLine\tmp\v2-finish-review\cobbler-native\storm_shop_shoe_rebuilding_waiting_seat_rear.png'
COBBLER NATIVE QA 325 closed connected stocks; 10 joined assemblies; 20 views
Blender 5.2.0 LTS (hash fbe6228777e7 built 2026-07-14 01:35:40)

Blender quit
