Godot Engine v4.7.1.stable.official.a13da4feb - https://godotengine.org
Vulkan 1.4.341 - Forward+ - Using Device #0: NVIDIA - NVIDIA GeForce RTX 4080

[ACOUSTIC] 550 nodes loaded
ORISON V2 BLOCKOUT: 200 spaces / 111 doors / 1104 anchors
[V2 FRONT COURT ROOF] three seated girders; retained roof slabs; mapped exterior concrete
[V2 BODEGA POWER] independent inlet; four existing fittings; 20 bearings
[SURFACE] 516 surfaces layered (314 materials)
[PASSAGE HOURS] OPEN; 10 grilles folded
[PASSAGE HOURS] 11 shopfronts, 10 close after 02:00, HARDWARE PAINT keeps night service
[PASSAGE FINISH] 6 gated draws, 3 handcarts, hours active
[V2 PASSAGE] 13 resident cells; 11 doors; 1 shared-service counters
[SURFACE] 170 surfaces layered (81 materials)
[HARUKIYA] 9 interactables placed
[ARCADE] 2 cabinet(s) from a catalog of 12: SOMETHING IN THE HALL (mystery_serial), OPERATIONS (farm_and_market)
[ARCADE] all of them are running arcade_pit
[V2 BAR] retained cell; 29 registered markers; 3 doors
[V2 FRONT FACADE] native entrance, original landmark hardware, glazed marquee and fitted blade
[SCHEDULE] director live: 18 residents on the clock
[MOVES] personal library: res://assets/characters/mina_vale/mina_vale_moves.glb
SOURCE PARAPET MATERIAL ROOF_PARAPET_EAST brick 
SOURCE PARAPET MATERIAL ROOF_PARAPET_NORTH brick 
SOURCE PARAPET MATERIAL ROOF_PARAPET_SOUTH brick 
SOURCE PARAPET MATERIAL ROOF_PARAPET_WEST brick 
[ORISON V2 RUNTIME] ready startup_ms=23540.280
[LIGHTING] 207 sources active in system; 207 full personalities; profiles steady/breathe/mains/beat/dropout=[50, 45, 36, 42, 34]
CAP MAPPING: mesh=cobbler_fittings_storm_shop_shoe_rebuilding_bench__timber valid_basis=true max_uv_excess=0.00000023841858 widest=1.00004506624033 vertices=5532 derivatives=true bad_derivatives=0 min_determinant=0.0000010408815 worst_dot=0.99999988079071
CAP MAPPING: mesh=cobbler_fittings_storm_shop_shoe_rebuilding_bench__wood_dark valid_basis=true max_uv_excess=0.00000047683716 widest=1.00003631413331 vertices=520 derivatives=true bad_derivatives=0 min_determinant=0.00000289169588 worst_dot=0.99999988079071
CAP MAPPING: mesh=cobbler_fittings_storm_shop_shoe_rebuilding_counter__countertop valid_basis=true max_uv_excess=0.00000006658956 widest=1.00005924778251 vertices=512 derivatives=true bad_derivatives=0 min_determinant=0.00000104100167 worst_dot=0.99999988079071
CAP MAPPING: mesh=cobbler_fittings_storm_shop_shoe_rebuilding_counter__paper valid_basis=true max_uv_excess=0.00000006542541 widest=1.00012657013404 vertices=534 derivatives=true bad_derivatives=0 min_determinant=0.00000011563134 worst_dot=0.99999988079071
CAP MAPPING: mesh=cobbler_fittings_storm_shop_shoe_rebuilding_counter__wood_dark valid_basis=true max_uv_excess=0.00000011920929 widest=1.00012767312113 vertices=6088 derivatives=true bad_derivatives=0 min_determinant=0.00000011563606 worst_dot=0.99999988079071
CAP MAPPING: mesh=cobbler_fittings_storm_shop_shoe_rebuilding_finisher__cast_iron valid_basis=true max_uv_excess=0.00000011920929 widest=1.00005489234094 vertices=9112 derivatives=true bad_derivatives=0 min_determinant=0.0000010408586 worst_dot=0.99999988079071
CAP MAPPING: mesh=cobbler_fittings_storm_shop_shoe_rebuilding_finisher__metal valid_basis=true max_uv_excess=0.00000008265488 widest=1.00007198466849 vertices=6846 derivatives=true bad_derivatives=0 min_determinant=0.00000008022181 worst_dot=0.99999982118607
CAP MAPPING: mesh=cobbler_fittings_storm_shop_shoe_rebuilding_finisher__rubber_aged valid_basis=true max_uv_excess=0.00000003911555 widest=1.00000199355777 vertices=634 derivatives=true bad_derivatives=0 min_determinant=0.00005024967601 worst_dot=0.99999994039536
CAP MAPPING: mesh=cobbler_fittings_storm_shop_shoe_rebuilding_last_rack__cast_iron valid_basis=true max_uv_excess=0.00000008288771 widest=1.00007110632335 vertices=10818 derivatives=true bad_derivatives=0 min_determinant=0.00000040352367 worst_dot=0.99999988079071
CAP MAPPING: mesh=cobbler_fittings_storm_shop_shoe_rebuilding_last_rack__timber valid_basis=true max_uv_excess=0.00000008242205 widest=1.00005564197996 vertices=5492 derivatives=true bad_derivatives=0 min_determinant=0.00000104093809 worst_dot=0.99999988079071
CAP MAPPING: mesh=cobbler_fittings_storm_shop_shoe_rebuilding_outsole_stand__cast_iron valid_basis=true max_uv_excess=0.00000011920929 widest=1.00008153160974 vertices=14444 derivatives=true bad_derivatives=0 min_determinant=0.0000001077564 worst_dot=0.99999934434891
CAP MAPPING: mesh=cobbler_fittings_storm_shop_shoe_rebuilding_outsole_stand__metal valid_basis=true max_uv_excess=0.00000008172356 widest=1.00006816654669 vertices=2834 derivatives=true bad_derivatives=0 min_determinant=0.00000010614898 worst_dot=0.99999958276749
CAP MAPPING: mesh=cobbler_fittings_storm_shop_shoe_rebuilding_patcher_treadle__cast_iron valid_basis=true max_uv_excess=0.00000008940697 widest=1.00008496318177 vertices=14477 derivatives=true bad_derivatives=0 min_determinant=0.00000010776266 worst_dot=0.99999952316284
CAP MAPPING: mesh=cobbler_fittings_storm_shop_shoe_rebuilding_patcher_treadle__metal valid_basis=true max_uv_excess=0.00000011920929 widest=1.00014130795299 vertices=3242 derivatives=true bad_derivatives=0 min_determinant=0.00000007946801 worst_dot=0.99999958276749
CAP MAPPING: mesh=cobbler_fittings_storm_shop_shoe_rebuilding_rack0__linen valid_basis=true max_uv_excess=0.00000008571078 widest=1.00044319847233 vertices=34534 derivatives=true bad_derivatives=0 min_determinant=0.00000000456375 worst_dot=0.99999243021011
CAP MAPPING: mesh=cobbler_fittings_storm_shop_shoe_rebuilding_rack0__rubber_aged valid_basis=true max_uv_excess=0.00000008288771 widest=1.00010090195427 vertices=29528 derivatives=true bad_derivatives=0 min_determinant=0.00000028208945 worst_dot=0.99999988079071
CAP MAPPING: mesh=cobbler_fittings_storm_shop_shoe_rebuilding_rack0__shoe_dark valid_basis=true max_uv_excess=0.000000086613 widest=1.00067848046168 vertices=41076 derivatives=true bad_derivatives=0 min_determinant=0.00000003268805 worst_dot=0.99999791383743
CAP MAPPING: mesh=cobbler_fittings_storm_shop_shoe_rebuilding_rack0__timber valid_basis=true max_uv_excess=0.00000008335337 widest=1.00005437682167 vertices=4520 derivatives=true bad_derivatives=0 min_determinant=0.0000010408815 worst_dot=0.99999982118607
CAP MAPPING: mesh=cobbler_fittings_storm_shop_shoe_rebuilding_rack0__vinyl_oxblood valid_basis=true max_uv_excess=0.00000008707866 widest=1.00038856618281 vertices=23472 derivatives=true bad_derivatives=0 min_determinant=0.00000003271738 worst_dot=0.99999868869781
CAP MAPPING: mesh=cobbler_fittings_storm_shop_shoe_rebuilding_sole_stack__timber valid_basis=true max_uv_excess=0.00000007008202 widest=1.00004873701581 vertices=492 derivatives=true bad_derivatives=0 min_determinant=0.00000104100344 worst_dot=0.99999988079071
CAP MAPPING: mesh=cobbler_fittings_storm_shop_shoe_rebuilding_sole_stack__vinyl_oxblood valid_basis=true max_uv_excess=0.00000008940697 widest=1.00018273545282 vertices=16742 derivatives=true bad_derivatives=0 min_determinant=0.00000013536181 worst_dot=0.99999988079071
CAP MAPPING: mesh=cobbler_fittings_storm_shop_shoe_rebuilding_waiting_seat__wood_dark valid_basis=true max_uv_excess=0.00000011920929 widest=1.00005160389909 vertices=5478 derivatives=true bad_derivatives=0 min_determinant=0.00000104103174 worst_dot=0.99999988079071
CAP MAPPING: mesh=cobbler_fittings_storm_shop_shoe_rebuilding_window_plinth__plywood valid_basis=true max_uv_excess=0.00000007264316 widest=1.00005924778251 vertices=504 derivatives=true bad_derivatives=0 min_determinant=0.00000104100344 worst_dot=0.99999988079071
CAP MAPPING: mesh=cobbler_fittings_storm_shop_shoe_rebuilding_window_plinth__wood_dark valid_basis=true max_uv_excess=0.00000007916242 widest=1.00006445363808 vertices=6062 derivatives=true bad_derivatives=0 min_determinant=0.0000010408815 worst_dot=0.99999988079071
COLLAR PROBE 0/-1 expected=0.46 local=(6.283, 0.485, 50.12626) part=storm_shop_shoe_rebuilding_rack0__rubber_aged
COLLAR PROBE 0/1 expected=0.46 local=(6.397, 0.485, 50.12626) part=storm_shop_shoe_rebuilding_rack0__rubber_aged
COLLAR PROBE 1/-1 expected=0.82 local=(6.283, 0.845, 50.12626) part=storm_shop_shoe_rebuilding_rack0__rubber_aged
COLLAR PROBE 1/1 expected=0.82 local=(6.397, 0.845, 50.12626) part=storm_shop_shoe_rebuilding_rack0__rubber_aged
COLLAR PROBE 2/-1 expected=1.18 local=(6.283, 1.205, 50.12626) part=storm_shop_shoe_rebuilding_rack0__rubber_aged
COLLAR PROBE 2/1 expected=1.18 local=(6.397, 1.205, 50.12626) part=storm_shop_shoe_rebuilding_rack0__rubber_aged
COLLAR PROBE 3/-1 expected=1.54 local=(6.283, 1.565, 50.12626) part=storm_shop_shoe_rebuilding_rack0__rubber_aged
COLLAR PROBE 3/1 expected=1.54 local=(6.397, 1.565, 50.12626) part=storm_shop_shoe_rebuilding_rack0__rubber_aged
COLLAR PROBE 4/-1 expected=1.9 local=(6.283, 1.925, 50.12626) part=storm_shop_shoe_rebuilding_rack0__rubber_aged
COLLAR PROBE 4/1 expected=1.9 local=(6.397, 1.925, 50.12626) part=storm_shop_shoe_rebuilding_rack0__rubber_aged
COLLAR PROBE 5/-1 expected=0.46 local=(7.043, 0.485, 50.12626) part=storm_shop_shoe_rebuilding_rack0__rubber_aged
COLLAR PROBE 5/1 expected=0.46 local=(7.157, 0.485, 50.12626) part=storm_shop_shoe_rebuilding_rack0__rubber_aged
COLLAR PROBE 6/-1 expected=0.82 local=(7.043, 0.845, 50.12626) part=storm_shop_shoe_rebuilding_rack0__rubber_aged
COLLAR PROBE 6/1 expected=0.82 local=(7.157, 0.845, 50.12626) part=storm_shop_shoe_rebuilding_rack0__rubber_aged
COLLAR PROBE 7/-1 expected=1.18 local=(7.043, 1.205, 50.12626) part=storm_shop_shoe_rebuilding_rack0__rubber_aged
COLLAR PROBE 7/1 expected=1.18 local=(7.157, 1.205, 50.12626) part=storm_shop_shoe_rebuilding_rack0__rubber_aged
COLLAR PROBE 8/-1 expected=1.54 local=(7.043, 1.565, 50.12626) part=storm_shop_shoe_rebuilding_rack0__rubber_aged
COLLAR PROBE 8/1 expected=1.54 local=(7.157, 1.565, 50.12626) part=storm_shop_shoe_rebuilding_rack0__rubber_aged
COLLAR PROBE 9/-1 expected=1.9 local=(7.043, 1.925, 50.12626) part=storm_shop_shoe_rebuilding_rack0__rubber_aged
COLLAR PROBE 9/1 expected=1.9 local=(7.157, 1.925, 50.12626) part=storm_shop_shoe_rebuilding_rack0__rubber_aged
COLLAR PROBE 10/-1 expected=0.46 local=(7.803, 0.485, 50.12626) part=storm_shop_shoe_rebuilding_rack0__rubber_aged
COLLAR PROBE 10/1 expected=0.46 local=(7.917, 0.485, 50.12626) part=storm_shop_shoe_rebuilding_rack0__rubber_aged
[HARUKIYA] OPEN, 18 fixtures
COBBLER FITTINGS: checks=463 parts=24 triangles=88864 removed=576 supports=37 failures=21
