ERROR: GENERAL - Message Id Number: 0 | Message Id Name: Loader Message
	loader_get_json: Failed to open JSON file C:\Program Files\TikTok LIVE Studio\0.49.6\resources\app\electron\sdk\lib\LiveStudioVulkanLayer64.json
	Objects - 1
		Object[0] - VK_OBJECT_TYPE_INSTANCE, Handle 2123442156704
   at: _debug_messenger_callback (drivers/vulkan/rendering_context_driver_vulkan.cpp:657)
ERROR: GENERAL - Message Id Number: 0 | Message Id Name: Loader Message
	loader_get_json: Failed to open JSON file C:\Program Files (x86)\Epic Games\Launcher\Portal\Extras\Overlay\EOSOverlayVkLayer-Win32.json
	Objects - 1
		Object[0] - VK_OBJECT_TYPE_INSTANCE, Handle 2123442156704
   at: _debug_messenger_callback (drivers/vulkan/rendering_context_driver_vulkan.cpp:657)
ERROR: GENERAL - Message Id Number: 0 | Message Id Name: Loader Message
	loader_get_json: Failed to open JSON file C:\Program Files (x86)\Epic Games\Launcher\Portal\Extras\Overlay\EOSOverlayVkLayer-Win64.json
	Objects - 1
		Object[0] - VK_OBJECT_TYPE_INSTANCE, Handle 2123442156704
   at: _debug_messenger_callback (drivers/vulkan/rendering_context_driver_vulkan.cpp:657)
ERROR: GENERAL - Message Id Number: 0 | Message Id Name: Loader Message
	loader_get_json: Failed to open JSON file C:\Program Files\TikTok LIVE Studio\0.49.6\resources\app\electron\sdk\lib\LiveStudioVulkanLayer32.json
	Objects - 1
		Object[0] - VK_OBJECT_TYPE_INSTANCE, Handle 2123442156704
   at: _debug_messenger_callback (drivers/vulkan/rendering_context_driver_vulkan.cpp:657)
ERROR: GENERAL - Message Id Number: 0 | Message Id Name: Loader Message
	loader_get_json: Failed to open JSON file C:\Program Files\TikTok LIVE Studio\0.49.6\resources\app\electron\sdk\lib\LiveStudioVulkanLayer64.json
	Objects - 1
		Object[0] - VK_OBJECT_TYPE_INSTANCE, Handle 2123442156704
   at: _debug_messenger_callback (drivers/vulkan/rendering_context_driver_vulkan.cpp:657)
WARNING: GENERAL - Message Id Number: 0 | Message Id Name: Loader Message
	windows_read_data_files_in_registry: Registry lookup failed to get layer manifest files.
	Objects - 1
		Object[0] - VK_OBJECT_TYPE_INSTANCE, Handle 2123442156704
   at: _debug_messenger_callback (drivers/vulkan/rendering_context_driver_vulkan.cpp:654)
WARNING: GENERAL - Message Id Number: 0 | Message Id Name: Loader Message
	Removing layer VK_LAYER_OBS_HOOK (C:\ProgramData\obs-studio-hook\obs-vulkan64.json) because it is a duplicate of VK_LAYER_OBS_HOOK (C:\ProgramData\lovense-obs-studio-hook\obs-vulkan64.json)
	Objects - 1
		Object[0] - VK_OBJECT_TYPE_INSTANCE, Handle 2123442156704
   at: _debug_messenger_callback (drivers/vulkan/rendering_context_driver_vulkan.cpp:654)
WARNING: Image format RGB8 not supported by hardware, converting to RGBA8.
   at: _validate_texture_format (servers/rendering/renderer_rd/storage_rd/texture_storage.cpp:2855)
WARNING: Image format RGB8 not supported by hardware, converting to RGBA8.
   at: _validate_texture_format (servers/rendering/renderer_rd/storage_rd/texture_storage.cpp:2855)
   GDScript backtrace (most recent call first):
       [0] get_mat (res://scripts/material_library.gd:32)
       [1] retexture (res://scripts/props/functional_prop.gd:261)
       [2] retexture (res://scripts/props/functional_prop.gd:254)
       [3] retexture (res://scripts/props/functional_prop.gd:254)
       [4] _build_visual (res://scripts/props/vantry_point_prop.gd:79)
       [5] _ready (res://scripts/props/functional_prop.gd:37)
       [6] _compose_vantry (res://scripts/building/orison_v2_runtime_root.gd:325)
       [7] _compose_authorities (res://scripts/building/orison_v2_runtime_root.gd:98)
       [8] _ready (res://scripts/building/orison_v2_runtime_root.gd:80)
       [9] _replace_world (res://scripts/dream/campaign_shell.gd:134)
       [10] _restore_world (res://scripts/dream/campaign_shell.gd:95)
       [11] _ready (res://scripts/dream/campaign_shell.gd:50)
       [12] _ready (res://tests/orison_v2_terminal_access_test.gd:39)
WARNING: Image format RGB8 not supported by hardware, converting to RGBA8.
   at: _validate_texture_format (servers/rendering/renderer_rd/storage_rd/texture_storage.cpp:2855)
   GDScript backtrace (most recent call first):
       [0] get_mat (res://scripts/material_library.gd:34)
       [1] retexture (res://scripts/props/functional_prop.gd:261)
       [2] retexture (res://scripts/props/functional_prop.gd:254)
       [3] retexture (res://scripts/props/functional_prop.gd:254)
       [4] _build_visual (res://scripts/props/vantry_point_prop.gd:79)
       [5] _ready (res://scripts/props/functional_prop.gd:37)
       [6] _compose_vantry (res://scripts/building/orison_v2_runtime_root.gd:325)
       [7] _compose_authorities (res://scripts/building/orison_v2_runtime_root.gd:98)
       [8] _ready (res://scripts/building/orison_v2_runtime_root.gd:80)
       [9] _replace_world (res://scripts/dream/campaign_shell.gd:134)
       [10] _restore_world (res://scripts/dream/campaign_shell.gd:95)
       [11] _ready (res://scripts/dream/campaign_shell.gd:50)
       [12] _ready (res://tests/orison_v2_terminal_access_test.gd:39)
WARNING: Image format RGB8 not supported by hardware, converting to RGBA8.
   at: _validate_texture_format (servers/rendering/renderer_rd/storage_rd/texture_storage.cpp:2855)
   GDScript backtrace (most recent call first):
       [0] get_mat (res://scripts/material_library.gd:39)
       [1] retexture (res://scripts/props/functional_prop.gd:261)
       [2] retexture (res://scripts/props/functional_prop.gd:254)
       [3] retexture (res://scripts/props/functional_prop.gd:254)
       [4] _build_visual (res://scripts/props/vantry_point_prop.gd:79)
       [5] _ready (res://scripts/props/functional_prop.gd:37)
       [6] _compose_vantry (res://scripts/building/orison_v2_runtime_root.gd:325)
       [7] _compose_authorities (res://scripts/building/orison_v2_runtime_root.gd:98)
       [8] _ready (res://scripts/building/orison_v2_runtime_root.gd:80)
       [9] _replace_world (res://scripts/dream/campaign_shell.gd:134)
       [10] _restore_world (res://scripts/dream/campaign_shell.gd:95)
       [11] _ready (res://scripts/dream/campaign_shell.gd:50)
       [12] _ready (res://tests/orison_v2_terminal_access_test.gd:39)
WARNING: Image format RGB8 not supported by hardware, converting to RGBA8.
   at: _validate_texture_format (servers/rendering/renderer_rd/storage_rd/texture_storage.cpp:2855)
   GDScript backtrace (most recent call first):
       [0] get_mat (res://scripts/material_library.gd:32)
       [1] retexture (res://scripts/props/functional_prop.gd:261)
       [2] retexture (res://scripts/props/functional_prop.gd:254)
       [3] retexture (res://scripts/props/functional_prop.gd:254)
       [4] _build_visual (res://scripts/props/vantry_point_prop.gd:79)
       [5] _ready (res://scripts/props/functional_prop.gd:37)
       [6] _compose_vantry (res://scripts/building/orison_v2_runtime_root.gd:325)
       [7] _compose_authorities (res://scripts/building/orison_v2_runtime_root.gd:98)
       [8] _ready (res://scripts/building/orison_v2_runtime_root.gd:80)
       [9] _replace_world (res://scripts/dream/campaign_shell.gd:134)
       [10] _restore_world (res://scripts/dream/campaign_shell.gd:95)
       [11] _ready (res://scripts/dream/campaign_shell.gd:50)
       [12] _ready (res://tests/orison_v2_terminal_access_test.gd:39)
WARNING: Image format RGB8 not supported by hardware, converting to RGBA8.
   at: _validate_texture_format (servers/rendering/renderer_rd/storage_rd/texture_storage.cpp:2855)
   GDScript backtrace (most recent call first):
       [0] get_mat (res://scripts/material_library.gd:34)
       [1] retexture (res://scripts/props/functional_prop.gd:261)
       [2] retexture (res://scripts/props/functional_prop.gd:254)
       [3] retexture (res://scripts/props/functional_prop.gd:254)
       [4] _build_visual (res://scripts/props/vantry_point_prop.gd:79)
       [5] _ready (res://scripts/props/functional_prop.gd:37)
       [6] _compose_vantry (res://scripts/building/orison_v2_runtime_root.gd:325)
       [7] _compose_authorities (res://scripts/building/orison_v2_runtime_root.gd:98)
       [8] _ready (res://scripts/building/orison_v2_runtime_root.gd:80)
       [9] _replace_world (res://scripts/dream/campaign_shell.gd:134)
       [10] _restore_world (res://scripts/dream/campaign_shell.gd:95)
       [11] _ready (res://scripts/dream/campaign_shell.gd:50)
       [12] _ready (res://tests/orison_v2_terminal_access_test.gd:39)
WARNING: Image format RGB8 not supported by hardware, converting to RGBA8.
   at: _validate_texture_format (servers/rendering/renderer_rd/storage_rd/texture_storage.cpp:2855)
   GDScript backtrace (most recent call first):
       [0] get_mat (res://scripts/material_library.gd:39)
       [1] retexture (res://scripts/props/functional_prop.gd:261)
       [2] retexture (res://scripts/props/functional_prop.gd:254)
       [3] retexture (res://scripts/props/functional_prop.gd:254)
       [4] _build_visual (res://scripts/props/vantry_point_prop.gd:79)
       [5] _ready (res://scripts/props/functional_prop.gd:37)
       [6] _compose_vantry (res://scripts/building/orison_v2_runtime_root.gd:325)
       [7] _compose_authorities (res://scripts/building/orison_v2_runtime_root.gd:98)
       [8] _ready (res://scripts/building/orison_v2_runtime_root.gd:80)
       [9] _replace_world (res://scripts/dream/campaign_shell.gd:134)
       [10] _restore_world (res://scripts/dream/campaign_shell.gd:95)
       [11] _ready (res://scripts/dream/campaign_shell.gd:50)
       [12] _ready (res://tests/orison_v2_terminal_access_test.gd:39)
WARNING: Image format RGB8 not supported by hardware, converting to RGBA8.
   at: _validate_texture_format (servers/rendering/renderer_rd/storage_rd/texture_storage.cpp:2855)
   GDScript backtrace (most recent call first):
       [0] get_mat (res://scripts/material_library.gd:32)
       [1] retexture (res://scripts/props/functional_prop.gd:261)
       [2] retexture (res://scripts/props/functional_prop.gd:254)
       [3] retexture (res://scripts/props/functional_prop.gd:254)
       [4] _build_visual (res://scripts/props/vantry_point_prop.gd:79)
       [5] _ready (res://scripts/props/functional_prop.gd:37)
       [6] _compose_vantry (res://scripts/building/orison_v2_runtime_root.gd:325)
       [7] _compose_authorities (res://scripts/building/orison_v2_runtime_root.gd:98)
       [8] _ready (res://scripts/building/orison_v2_runtime_root.gd:80)
       [9] _replace_world (res://scripts/dream/campaign_shell.gd:134)
       [10] _restore_world (res://scripts/dream/campaign_shell.gd:95)
       [11] _ready (res://scripts/dream/campaign_shell.gd:50)
       [12] _ready (res://tests/orison_v2_terminal_access_test.gd:39)
WARNING: Image format RGB8 not supported by hardware, converting to RGBA8.
   at: _validate_texture_format (servers/rendering/renderer_rd/storage_rd/texture_storage.cpp:2855)
   GDScript backtrace (most recent call first):
       [0] get_mat (res://scripts/material_library.gd:34)
       [1] retexture (res://scripts/props/functional_prop.gd:261)
       [2] retexture (res://scripts/props/functional_prop.gd:254)
       [3] retexture (res://scripts/props/functional_prop.gd:254)
       [4] _build_visual (res://scripts/props/vantry_point_prop.gd:79)
       [5] _ready (res://scripts/props/functional_prop.gd:37)
       [6] _compose_vantry (res://scripts/building/orison_v2_runtime_root.gd:325)
       [7] _compose_authorities (res://scripts/building/orison_v2_runtime_root.gd:98)
       [8] _ready (res://scripts/building/orison_v2_runtime_root.gd:80)
       [9] _replace_world (res://scripts/dream/campaign_shell.gd:134)
       [10] _restore_world (res://scripts/dream/campaign_shell.gd:95)
       [11] _ready (res://scripts/dream/campaign_shell.gd:50)
       [12] _ready (res://tests/orison_v2_terminal_access_test.gd:39)
WARNING: Image format RGB8 not supported by hardware, converting to RGBA8.
   at: _validate_texture_format (servers/rendering/renderer_rd/storage_rd/texture_storage.cpp:2855)
   GDScript backtrace (most recent call first):
       [0] get_mat (res://scripts/material_library.gd:39)
       [1] retexture (res://scripts/props/functional_prop.gd:261)
       [2] retexture (res://scripts/props/functional_prop.gd:254)
       [3] retexture (res://scripts/props/functional_prop.gd:254)
       [4] _build_visual (res://scripts/props/vantry_point_prop.gd:79)
       [5] _ready (res://scripts/props/functional_prop.gd:37)
       [6] _compose_vantry (res://scripts/building/orison_v2_runtime_root.gd:325)
       [7] _compose_authorities (res://scripts/building/orison_v2_runtime_root.gd:98)
       [8] _ready (res://scripts/building/orison_v2_runtime_root.gd:80)
       [9] _replace_world (res://scripts/dream/campaign_shell.gd:134)
       [10] _restore_world (res://scripts/dream/campaign_shell.gd:95)
       [11] _ready (res://scripts/dream/campaign_shell.gd:50)
       [12] _ready (res://tests/orison_v2_terminal_access_test.gd:39)
WARNING: Image format RGB8 not supported by hardware, converting to RGBA8.
   at: _validate_texture_format (servers/rendering/renderer_rd/storage_rd/texture_storage.cpp:2855)
   GDScript backtrace (most recent call first):
       [0] get_mat (res://scripts/material_library.gd:32)
       [1] retexture (res://scripts/props/functional_prop.gd:261)
       [2] retexture (res://scripts/props/functional_prop.gd:254)
       [3] retexture (res://scripts/props/functional_prop.gd:254)
       [4] _build_visual (res://scripts/props/vantry_point_prop.gd:79)
       [5] _ready (res://scripts/props/functional_prop.gd:37)
       [6] _compose_vantry (res://scripts/building/orison_v2_runtime_root.gd:325)
       [7] _compose_authorities (res://scripts/building/orison_v2_runtime_root.gd:98)
       [8] _ready (res://scripts/building/orison_v2_runtime_root.gd:80)
       [9] _replace_world (res://scripts/dream/campaign_shell.gd:134)
       [10] _restore_world (res://scripts/dream/campaign_shell.gd:95)
       [11] _ready (res://scripts/dream/campaign_shell.gd:50)
       [12] _ready (res://tests/orison_v2_terminal_access_test.gd:39)
WARNING: Image format RGB8 not supported by hardware, converting to RGBA8.
   at: _validate_texture_format (servers/rendering/renderer_rd/storage_rd/texture_storage.cpp:2855)
   GDScript backtrace (most recent call first):
       [0] get_mat (res://scripts/material_library.gd:34)
       [1] retexture (res://scripts/props/functional_prop.gd:261)
       [2] retexture (res://scripts/props/functional_prop.gd:254)
       [3] retexture (res://scripts/props/functional_prop.gd:254)
       [4] _build_visual (res://scripts/props/vantry_point_prop.gd:79)
       [5] _ready (res://scripts/props/functional_prop.gd:37)
       [6] _compose_vantry (res://scripts/building/orison_v2_runtime_root.gd:325)
       [7] _compose_authorities (res://scripts/building/orison_v2_runtime_root.gd:98)
       [8] _ready (res://scripts/building/orison_v2_runtime_root.gd:80)
       [9] _replace_world (res://scripts/dream/campaign_shell.gd:134)
       [10] _restore_world (res://scripts/dream/campaign_shell.gd:95)
       [11] _ready (res://scripts/dream/campaign_shell.gd:50)
       [12] _ready (res://tests/orison_v2_terminal_access_test.gd:39)
WARNING: Image format RGB8 not supported by hardware, converting to RGBA8.
   at: _validate_texture_format (servers/rendering/renderer_rd/storage_rd/texture_storage.cpp:2855)
   GDScript backtrace (most recent call first):
       [0] get_mat (res://scripts/material_library.gd:39)
       [1] retexture (res://scripts/props/functional_prop.gd:261)
       [2] retexture (res://scripts/props/functional_prop.gd:254)
       [3] retexture (res://scripts/props/functional_prop.gd:254)
       [4] _build_visual (res://scripts/props/vantry_point_prop.gd:79)
       [5] _ready (res://scripts/props/functional_prop.gd:37)
       [6] _compose_vantry (res://scripts/building/orison_v2_runtime_root.gd:325)
       [7] _compose_authorities (res://scripts/building/orison_v2_runtime_root.gd:98)
       [8] _ready (res://scripts/building/orison_v2_runtime_root.gd:80)
       [9] _replace_world (res://scripts/dream/campaign_shell.gd:134)
       [10] _restore_world (res://scripts/dream/campaign_shell.gd:95)
       [11] _ready (res://scripts/dream/campaign_shell.gd:50)
       [12] _ready (res://tests/orison_v2_terminal_access_test.gd:39)
WARNING: Image format RGB8 not supported by hardware, converting to RGBA8.
   at: _validate_texture_format (servers/rendering/renderer_rd/storage_rd/texture_storage.cpp:2855)
   GDScript backtrace (most recent call first):
       [0] get_mat (res://scripts/material_library.gd:32)
       [1] retexture (res://scripts/props/functional_prop.gd:261)
       [2] retexture (res://scripts/props/functional_prop.gd:254)
       [3] _build_visual (res://scripts/props/vantry_point_prop.gd:79)
       [4] _ready (res://scripts/props/functional_prop.gd:37)
       [5] _compose_vantry (res://scripts/building/orison_v2_runtime_root.gd:325)
       [6] _compose_authorities (res://scripts/building/orison_v2_runtime_root.gd:98)
       [7] _ready (res://scripts/building/orison_v2_runtime_root.gd:80)
       [8] _replace_world (res://scripts/dream/campaign_shell.gd:134)
       [9] _restore_world (res://scripts/dream/campaign_shell.gd:95)
       [10] _ready (res://scripts/dream/campaign_shell.gd:50)
       [11] _ready (res://tests/orison_v2_terminal_access_test.gd:39)
WARNING: Image format RGB8 not supported by hardware, converting to RGBA8.
   at: _validate_texture_format (servers/rendering/renderer_rd/storage_rd/texture_storage.cpp:2855)
   GDScript backtrace (most recent call first):
       [0] get_mat (res://scripts/material_library.gd:34)
       [1] retexture (res://scripts/props/functional_prop.gd:261)
       [2] retexture (res://scripts/props/functional_prop.gd:254)
       [3] _build_visual (res://scripts/props/vantry_point_prop.gd:79)
       [4] _ready (res://scripts/props/functional_prop.gd:37)
       [5] _compose_vantry (res://scripts/building/orison_v2_runtime_root.gd:325)
       [6] _compose_authorities (res://scripts/building/orison_v2_runtime_root.gd:98)
       [7] _ready (res://scripts/building/orison_v2_runtime_root.gd:80)
       [8] _replace_world (res://scripts/dream/campaign_shell.gd:134)
       [9] _restore_world (res://scripts/dream/campaign_shell.gd:95)
       [10] _ready (res://scripts/dream/campaign_shell.gd:50)
       [11] _ready (res://tests/orison_v2_terminal_access_test.gd:39)
WARNING: Image format RGB8 not supported by hardware, converting to RGBA8.
   at: _validate_texture_format (servers/rendering/renderer_rd/storage_rd/texture_storage.cpp:2855)
   GDScript backtrace (most recent call first):
       [0] get_mat (res://scripts/material_library.gd:39)
       [1] retexture (res://scripts/props/functional_prop.gd:261)
       [2] retexture (res://scripts/props/functional_prop.gd:254)
       [3] _build_visual (res://scripts/props/vantry_point_prop.gd:79)
       [4] _ready (res://scripts/props/functional_prop.gd:37)
       [5] _compose_vantry (res://scripts/building/orison_v2_runtime_root.gd:325)
       [6] _compose_authorities (res://scripts/building/orison_v2_runtime_root.gd:98)
       [7] _ready (res://scripts/building/orison_v2_runtime_root.gd:80)
       [8] _replace_world (res://scripts/dream/campaign_shell.gd:134)
       [9] _restore_world (res://scripts/dream/campaign_shell.gd:95)
       [10] _ready (res://scripts/dream/campaign_shell.gd:50)
       [11] _ready (res://tests/orison_v2_terminal_access_test.gd:39)
WARNING: Image format RGB8 not supported by hardware, converting to RGBA8.
   at: _validate_texture_format (servers/rendering/renderer_rd/storage_rd/texture_storage.cpp:2855)
   GDScript backtrace (most recent call first):
       [0] _brass_material (res://scripts/props/mail_bank_prop.gd:79)
       [1] _ready (res://scripts/props/mail_bank_prop.gd:62)
       [2] mount_consumer (res://scripts/building/orison_v2_anchor_adapter.gd:81)
       [3] _mount (res://scripts/building/orison_v2_runtime_root.gd:328)
       [4] _compose_authorities (res://scripts/building/orison_v2_runtime_root.gd:99)
       [5] _ready (res://scripts/building/orison_v2_runtime_root.gd:80)
       [6] _replace_world (res://scripts/dream/campaign_shell.gd:134)
       [7] _restore_world (res://scripts/dream/campaign_shell.gd:95)
       [8] _ready (res://scripts/dream/campaign_shell.gd:50)
       [9] _ready (res://tests/orison_v2_terminal_access_test.gd:39)
WARNING: Image format RGB8 not supported by hardware, converting to RGBA8.
   at: _validate_texture_format (servers/rendering/renderer_rd/storage_rd/texture_storage.cpp:2855)
   GDScript backtrace (most recent call first):
       [0] _build (res://scripts/props/mail_bank_prop.gd:123)
       [1] _ready (res://scripts/props/mail_bank_prop.gd:64)
       [2] mount_consumer (res://scripts/building/orison_v2_anchor_adapter.gd:81)
       [3] _mount (res://scripts/building/orison_v2_runtime_root.gd:328)
       [4] _compose_authorities (res://scripts/building/orison_v2_runtime_root.gd:99)
       [5] _ready (res://scripts/building/orison_v2_runtime_root.gd:80)
       [6] _replace_world (res://scripts/dream/campaign_shell.gd:134)
       [7] _restore_world (res://scripts/dream/campaign_shell.gd:95)
       [8] _ready (res://scripts/dream/campaign_shell.gd:50)
       [9] _ready (res://tests/orison_v2_terminal_access_test.gd:39)
WARNING: Image format RGB8 not supported by hardware, converting to RGBA8.
   at: _validate_texture_format (servers/rendering/renderer_rd/storage_rd/texture_storage.cpp:2855)
   GDScript backtrace (most recent call first):
       [0] _build (res://scripts/props/mail_bank_prop.gd:131)
       [1] _ready (res://scripts/props/mail_bank_prop.gd:64)
       [2] mount_consumer (res://scripts/building/orison_v2_anchor_adapter.gd:81)
       [3] _mount (res://scripts/building/orison_v2_runtime_root.gd:328)
       [4] _compose_authorities (res://scripts/building/orison_v2_runtime_root.gd:99)
       [5] _ready (res://scripts/building/orison_v2_runtime_root.gd:80)
       [6] _replace_world (res://scripts/dream/campaign_shell.gd:134)
       [7] _restore_world (res://scripts/dream/campaign_shell.gd:95)
       [8] _ready (res://scripts/dream/campaign_shell.gd:50)
       [9] _ready (res://tests/orison_v2_terminal_access_test.gd:39)
WARNING: Image format RGB8 not supported by hardware, converting to RGBA8.
   at: _validate_texture_format (servers/rendering/renderer_rd/storage_rd/texture_storage.cpp:2855)
   GDScript backtrace (most recent call first):
       [0] get_mat (res://scripts/material_library.gd:32)
       [1] _build_sections (res://scripts/props/radiator_prop.gd:176)
       [2] _build_visual (res://scripts/props/radiator_prop.gd:134)
       [3] _ready (res://scripts/props/functional_prop.gd:37)
       [4] mount_consumer (res://scripts/building/orison_v2_anchor_adapter.gd:81)
       [5] _mount (res://scripts/building/orison_v2_runtime_root.gd:328)
       [6] _compose_service_round_props (res://scripts/building/orison_v2_runtime_root.gd:283)
       [7] _compose_authorities (res://scripts/building/orison_v2_runtime_root.gd:101)
       [8] _ready (res://scripts/building/orison_v2_runtime_root.gd:80)
       [9] _replace_world (res://scripts/dream/campaign_shell.gd:134)
       [10] _restore_world (res://scripts/dream/campaign_shell.gd:95)
       [11] _ready (res://scripts/dream/campaign_shell.gd:50)
       [12] _ready (res://tests/orison_v2_terminal_access_test.gd:39)
WARNING: Image format RGB8 not supported by hardware, converting to RGBA8.
   at: _validate_texture_format (servers/rendering/renderer_rd/storage_rd/texture_storage.cpp:2855)
   GDScript backtrace (most recent call first):
       [0] get_mat (res://scripts/material_library.gd:34)
       [1] _build_sections (res://scripts/props/radiator_prop.gd:176)
       [2] _build_visual (res://scripts/props/radiator_prop.gd:134)
       [3] _ready (res://scripts/props/functional_prop.gd:37)
       [4] mount_consumer (res://scripts/building/orison_v2_anchor_adapter.gd:81)
       [5] _mount (res://scripts/building/orison_v2_runtime_root.gd:328)
       [6] _compose_service_round_props (res://scripts/building/orison_v2_runtime_root.gd:283)
       [7] _compose_authorities (res://scripts/building/orison_v2_runtime_root.gd:101)
       [8] _ready (res://scripts/building/orison_v2_runtime_root.gd:80)
       [9] _replace_world (res://scripts/dream/campaign_shell.gd:134)
       [10] _restore_world (res://scripts/dream/campaign_shell.gd:95)
       [11] _ready (res://scripts/dream/campaign_shell.gd:50)
       [12] _ready (res://tests/orison_v2_terminal_access_test.gd:39)
WARNING: Image format RGB8 not supported by hardware, converting to RGBA8.
   at: _validate_texture_format (servers/rendering/renderer_rd/storage_rd/texture_storage.cpp:2855)
   GDScript backtrace (most recent call first):
       [0] get_mat (res://scripts/material_library.gd:39)
       [1] _build_sections (res://scripts/props/radiator_prop.gd:176)
       [2] _build_visual (res://scripts/props/radiator_prop.gd:134)
       [3] _ready (res://scripts/props/functional_prop.gd:37)
       [4] mount_consumer (res://scripts/building/orison_v2_anchor_adapter.gd:81)
       [5] _mount (res://scripts/building/orison_v2_runtime_root.gd:328)
       [6] _compose_service_round_props (res://scripts/building/orison_v2_runtime_root.gd:283)
       [7] _compose_authorities (res://scripts/building/orison_v2_runtime_root.gd:101)
       [8] _ready (res://scripts/building/orison_v2_runtime_root.gd:80)
       [9] _replace_world (res://scripts/dream/campaign_shell.gd:134)
       [10] _restore_world (res://scripts/dream/campaign_shell.gd:95)
       [11] _ready (res://scripts/dream/campaign_shell.gd:50)
       [12] _ready (res://tests/orison_v2_terminal_access_test.gd:39)
WARNING: Image format RGB8 not supported by hardware, converting to RGBA8.
   at: _validate_texture_format (servers/rendering/renderer_rd/storage_rd/texture_storage.cpp:2855)
   GDScript backtrace (most recent call first):
       [0] get_mat (res://scripts/material_library.gd:32)
       [1] retexture (res://scripts/props/functional_prop.gd:261)
       [2] retexture (res://scripts/props/functional_prop.gd:254)
       [3] retexture (res://scripts/props/functional_prop.gd:254)
       [4] _build_visual (res://scripts/props/radiator_prop.gd:139)
       [5] _ready (res://scripts/props/functional_prop.gd:37)
       [6] mount_consumer (res://scripts/building/orison_v2_anchor_adapter.gd:81)
       [7] _mount (res://scripts/building/orison_v2_runtime_root.gd:328)
       [8] _compose_service_round_props (res://scripts/building/orison_v2_runtime_root.gd:283)
       [9] _compose_authorities (res://scripts/building/orison_v2_runtime_root.gd:101)
       [10] _ready (res://scripts/building/orison_v2_runtime_root.gd:80)
       [11] _replace_world (res://scripts/dream/campaign_shell.gd:134)
       [12] _restore_world (res://scripts/dream/campaign_shell.gd:95)
       [13] _ready (res://scripts/dream/campaign_shell.gd:50)
       [14] _ready (res://tests/orison_v2_terminal_access_test.gd:39)
WARNING: Image format RGB8 not supported by hardware, converting to RGBA8.
   at: _validate_texture_format (servers/rendering/renderer_rd/storage_rd/texture_storage.cpp:2855)
   GDScript backtrace (most recent call first):
       [0] get_mat (res://scripts/material_library.gd:34)
       [1] retexture (res://scripts/props/functional_prop.gd:261)
       [2] retexture (res://scripts/props/functional_prop.gd:254)
       [3] retexture (res://scripts/props/functional_prop.gd:254)
       [4] _build_visual (res://scripts/props/radiator_prop.gd:139)
       [5] _ready (res://scripts/props/functional_prop.gd:37)
       [6] mount_consumer (res://scripts/building/orison_v2_anchor_adapter.gd:81)
       [7] _mount (res://scripts/building/orison_v2_runtime_root.gd:328)
       [8] _compose_service_round_props (res://scripts/building/orison_v2_runtime_root.gd:283)
       [9] _compose_authorities (res://scripts/building/orison_v2_runtime_root.gd:101)
       [10] _ready (res://scripts/building/orison_v2_runtime_root.gd:80)
       [11] _replace_world (res://scripts/dream/campaign_shell.gd:134)
       [12] _restore_world (res://scripts/dream/campaign_shell.gd:95)
       [13] _ready (res://scripts/dream/campaign_shell.gd:50)
       [14] _ready (res://tests/orison_v2_terminal_access_test.gd:39)
WARNING: Image format RGB8 not supported by hardware, converting to RGBA8.
   at: _validate_texture_format (servers/rendering/renderer_rd/storage_rd/texture_storage.cpp:2855)
   GDScript backtrace (most recent call first):
       [0] get_mat (res://scripts/material_library.gd:39)
       [1] retexture (res://scripts/props/functional_prop.gd:261)
       [2] retexture (res://scripts/props/functional_prop.gd:254)
       [3] retexture (res://scripts/props/functional_prop.gd:254)
       [4] _build_visual (res://scripts/props/radiator_prop.gd:139)
       [5] _ready (res://scripts/props/functional_prop.gd:37)
       [6] mount_consumer (res://scripts/building/orison_v2_anchor_adapter.gd:81)
       [7] _mount (res://scripts/building/orison_v2_runtime_root.gd:328)
       [8] _compose_service_round_props (res://scripts/building/orison_v2_runtime_root.gd:283)
       [9] _compose_authorities (res://scripts/building/orison_v2_runtime_root.gd:101)
       [10] _ready (res://scripts/building/orison_v2_runtime_root.gd:80)
       [11] _replace_world (res://scripts/dream/campaign_shell.gd:134)
       [12] _restore_world (res://scripts/dream/campaign_shell.gd:95)
       [13] _ready (res://scripts/dream/campaign_shell.gd:50)
       [14] _ready (res://tests/orison_v2_terminal_access_test.gd:39)
WARNING: Image format RGB8 not supported by hardware, converting to RGBA8.
   at: _validate_texture_format (servers/rendering/renderer_rd/storage_rd/texture_storage.cpp:2855)
   GDScript backtrace (most recent call first):
       [0] get_mat (res://scripts/material_library.gd:32)
       [1] retexture (res://scripts/props/functional_prop.gd:261)
       [2] retexture (res://scripts/props/functional_prop.gd:254)
       [3] retexture (res://scripts/props/functional_prop.gd:254)
       [4] retexture (res://scripts/props/functional_prop.gd:254)
       [5] _build_visual (res://scripts/props/radiator_prop.gd:139)
       [6] _ready (res://scripts/props/functional_prop.gd:37)
       [7] mount_consumer (res://scripts/building/orison_v2_anchor_adapter.gd:81)
       [8] _mount (res://scripts/building/orison_v2_runtime_root.gd:328)
       [9] _compose_service_round_props (res://scripts/building/orison_v2_runtime_root.gd:283)
       [10] _compose_authorities (res://scripts/building/orison_v2_runtime_root.gd:101)
       [11] _ready (res://scripts/building/orison_v2_runtime_root.gd:80)
       [12] _replace_world (res://scripts/dream/campaign_shell.gd:134)
       [13] _restore_world (res://scripts/dream/campaign_shell.gd:95)
       [14] _ready (res://scripts/dream/campaign_shell.gd:50)
       [15] _ready (res://tests/orison_v2_terminal_access_test.gd:39)
WARNING: Image format RGB8 not supported by hardware, converting to RGBA8.
   at: _validate_texture_format (servers/rendering/renderer_rd/storage_rd/texture_storage.cpp:2855)
   GDScript backtrace (most recent call first):
       [0] get_mat (res://scripts/material_library.gd:39)
       [1] retexture (res://scripts/props/functional_prop.gd:261)
       [2] retexture (res://scripts/props/functional_prop.gd:254)
       [3] retexture (res://scripts/props/functional_prop.gd:254)
       [4] retexture (res://scripts/props/functional_prop.gd:254)
       [5] _build_visual (res://scripts/props/radiator_prop.gd:139)
       [6] _ready (res://scripts/props/functional_prop.gd:37)
       [7] mount_consumer (res://scripts/building/orison_v2_anchor_adapter.gd:81)
       [8] _mount (res://scripts/building/orison_v2_runtime_root.gd:328)
       [9] _compose_service_round_props (res://scripts/building/orison_v2_runtime_root.gd:283)
       [10] _compose_authorities (res://scripts/building/orison_v2_runtime_root.gd:101)
       [11] _ready (res://scripts/building/orison_v2_runtime_root.gd:80)
       [12] _replace_world (res://scripts/dream/campaign_shell.gd:134)
       [13] _restore_world (res://scripts/dream/campaign_shell.gd:95)
       [14] _ready (res://scripts/dream/campaign_shell.gd:50)
       [15] _ready (res://tests/orison_v2_terminal_access_test.gd:39)
WARNING: Image format RGB8 not supported by hardware, converting to RGBA8.
   at: _validate_texture_format (servers/rendering/renderer_rd/storage_rd/texture_storage.cpp:2855)
   GDScript backtrace (most recent call first):
       [0] get_mat (res://scripts/material_library.gd:32)
       [1] retexture (res://scripts/props/functional_prop.gd:261)
       [2] retexture (res://scripts/props/functional_prop.gd:254)
       [3] retexture (res://scripts/props/functional_prop.gd:254)
       [4] _build_visual (res://scripts/props/boiler_prop.gd:90)
       [5] _ready (res://scripts/props/functional_prop.gd:37)
       [6] mount_consumer (res://scripts/building/orison_v2_anchor_adapter.gd:81)
       [7] _mount (res://scripts/building/orison_v2_runtime_root.gd:328)
       [8] _compose_service_round_props (res://scripts/building/orison_v2_runtime_root.gd:286)
       [9] _compose_authorities (res://scripts/building/orison_v2_runtime_root.gd:101)
       [10] _ready (res://scripts/building/orison_v2_runtime_root.gd:80)
       [11] _replace_world (res://scripts/dream/campaign_shell.gd:134)
       [12] _restore_world (res://scripts/dream/campaign_shell.gd:95)
       [13] _ready (res://scripts/dream/campaign_shell.gd:50)
       [14] _ready (res://tests/orison_v2_terminal_access_test.gd:39)
WARNING: Image format RGB8 not supported by hardware, converting to RGBA8.
   at: _validate_texture_format (servers/rendering/renderer_rd/storage_rd/texture_storage.cpp:2855)
   GDScript backtrace (most recent call first):
       [0] get_mat (res://scripts/material_library.gd:34)
       [1] retexture (res://scripts/props/functional_prop.gd:261)
       [2] retexture (res://scripts/props/functional_prop.gd:254)
       [3] retexture (res://scripts/props/functional_prop.gd:254)
       [4] _build_visual (res://scripts/props/boiler_prop.gd:90)
       [5] _ready (res://scripts/props/functional_prop.gd:37)
       [6] mount_consumer (res://scripts/building/orison_v2_anchor_adapter.gd:81)
       [7] _mount (res://scripts/building/orison_v2_runtime_root.gd:328)
       [8] _compose_service_round_props (res://scripts/building/orison_v2_runtime_root.gd:286)
       [9] _compose_authorities (res://scripts/building/orison_v2_runtime_root.gd:101)
       [10] _ready (res://scripts/building/orison_v2_runtime_root.gd:80)
       [11] _replace_world (res://scripts/dream/campaign_shell.gd:134)
       [12] _restore_world (res://scripts/dream/campaign_shell.gd:95)
       [13] _ready (res://scripts/dream/campaign_shell.gd:50)
       [14] _ready (res://tests/orison_v2_terminal_access_test.gd:39)
WARNING: Image format RGB8 not supported by hardware, converting to RGBA8.
   at: _validate_texture_format (servers/rendering/renderer_rd/storage_rd/texture_storage.cpp:2855)
   GDScript backtrace (most recent call first):
       [0] get_mat (res://scripts/material_library.gd:39)
       [1] retexture (res://scripts/props/functional_prop.gd:261)
       [2] retexture (res://scripts/props/functional_prop.gd:254)
       [3] retexture (res://scripts/props/functional_prop.gd:254)
       [4] _build_visual (res://scripts/props/boiler_prop.gd:90)
       [5] _ready (res://scripts/props/functional_prop.gd:37)
       [6] mount_consumer (res://scripts/building/orison_v2_anchor_adapter.gd:81)
       [7] _mount (res://scripts/building/orison_v2_runtime_root.gd:328)
       [8] _compose_service_round_props (res://scripts/building/orison_v2_runtime_root.gd:286)
       [9] _compose_authorities (res://scripts/building/orison_v2_runtime_root.gd:101)
       [10] _ready (res://scripts/building/orison_v2_runtime_root.gd:80)
       [11] _replace_world (res://scripts/dream/campaign_shell.gd:134)
       [12] _restore_world (res://scripts/dream/campaign_shell.gd:95)
       [13] _ready (res://scripts/dream/campaign_shell.gd:50)
       [14] _ready (res://tests/orison_v2_terminal_access_test.gd:39)
WARNING: Image format RGB8 not supported by hardware, converting to RGBA8.
   at: _validate_texture_format (servers/rendering/renderer_rd/storage_rd/texture_storage.cpp:2855)
   GDScript backtrace (most recent call first):
       [0] get_mat (res://scripts/material_library.gd:32)
       [1] smat (res://scripts/props/functional_prop.gd:335)
       [2] _build_visual (res://scripts/props/signal_terminal_prop.gd:30)
       [3] _ready (res://scripts/props/functional_prop.gd:37)
       [4] mount_consumer (res://scripts/building/orison_v2_anchor_adapter.gd:81)
       [5] _mount (res://scripts/building/orison_v2_runtime_root.gd:328)
       [6] _compose_authorities (res://scripts/building/orison_v2_runtime_root.gd:112)
       [7] _ready (res://scripts/building/orison_v2_runtime_root.gd:80)
       [8] _replace_world (res://scripts/dream/campaign_shell.gd:134)
       [9] _restore_world (res://scripts/dream/campaign_shell.gd:95)
       [10] _ready (res://scripts/dream/campaign_shell.gd:50)
       [11] _ready (res://tests/orison_v2_terminal_access_test.gd:39)
WARNING: Image format RGB8 not supported by hardware, converting to RGBA8.
   at: _validate_texture_format (servers/rendering/renderer_rd/storage_rd/texture_storage.cpp:2855)
   GDScript backtrace (most recent call first):
       [0] get_mat (res://scripts/material_library.gd:34)
       [1] smat (res://scripts/props/functional_prop.gd:335)
       [2] _build_visual (res://scripts/props/signal_terminal_prop.gd:30)
       [3] _ready (res://scripts/props/functional_prop.gd:37)
       [4] mount_consumer (res://scripts/building/orison_v2_anchor_adapter.gd:81)
       [5] _mount (res://scripts/building/orison_v2_runtime_root.gd:328)
       [6] _compose_authorities (res://scripts/building/orison_v2_runtime_root.gd:112)
       [7] _ready (res://scripts/building/orison_v2_runtime_root.gd:80)
       [8] _replace_world (res://scripts/dream/campaign_shell.gd:134)
       [9] _restore_world (res://scripts/dream/campaign_shell.gd:95)
       [10] _ready (res://scripts/dream/campaign_shell.gd:50)
       [11] _ready (res://tests/orison_v2_terminal_access_test.gd:39)
WARNING: Image format RGB8 not supported by hardware, converting to RGBA8.
   at: _validate_texture_format (servers/rendering/renderer_rd/storage_rd/texture_storage.cpp:2855)
   GDScript backtrace (most recent call first):
       [0] get_mat (res://scripts/material_library.gd:39)
       [1] smat (res://scripts/props/functional_prop.gd:335)
       [2] _build_visual (res://scripts/props/signal_terminal_prop.gd:30)
       [3] _ready (res://scripts/props/functional_prop.gd:37)
       [4] mount_consumer (res://scripts/building/orison_v2_anchor_adapter.gd:81)
       [5] _mount (res://scripts/building/orison_v2_runtime_root.gd:328)
       [6] _compose_authorities (res://scripts/building/orison_v2_runtime_root.gd:112)
       [7] _ready (res://scripts/building/orison_v2_runtime_root.gd:80)
       [8] _replace_world (res://scripts/dream/campaign_shell.gd:134)
       [9] _restore_world (res://scripts/dream/campaign_shell.gd:95)
       [10] _ready (res://scripts/dream/campaign_shell.gd:50)
       [11] _ready (res://tests/orison_v2_terminal_access_test.gd:39)
WARNING: Image format RGB8 not supported by hardware, converting to RGBA8.
   at: _validate_texture_format (servers/rendering/renderer_rd/storage_rd/texture_storage.cpp:2855)
   GDScript backtrace (most recent call first):
       [0] get_mat (res://scripts/material_library.gd:32)
       [1] smat (res://scripts/props/functional_prop.gd:335)
       [2] _build_visual (res://scripts/props/signal_terminal_prop.gd:33)
       [3] _ready (res://scripts/props/functional_prop.gd:37)
       [4] mount_consumer (res://scripts/building/orison_v2_anchor_adapter.gd:81)
       [5] _mount (res://scripts/building/orison_v2_runtime_root.gd:328)
       [6] _compose_authorities (res://scripts/building/orison_v2_runtime_root.gd:112)
       [7] _ready (res://scripts/building/orison_v2_runtime_root.gd:80)
       [8] _replace_world (res://scripts/dream/campaign_shell.gd:134)
       [9] _restore_world (res://scripts/dream/campaign_shell.gd:95)
       [10] _ready (res://scripts/dream/campaign_shell.gd:50)
       [11] _ready (res://tests/orison_v2_terminal_access_test.gd:39)
WARNING: Image format RGB8 not supported by hardware, converting to RGBA8.
   at: _validate_texture_format (servers/rendering/renderer_rd/storage_rd/texture_storage.cpp:2855)
   GDScript backtrace (most recent call first):
       [0] get_mat (res://scripts/material_library.gd:34)
       [1] smat (res://scripts/props/functional_prop.gd:335)
       [2] _build_visual (res://scripts/props/signal_terminal_prop.gd:33)
       [3] _ready (res://scripts/props/functional_prop.gd:37)
       [4] mount_consumer (res://scripts/building/orison_v2_anchor_adapter.gd:81)
       [5] _mount (res://scripts/building/orison_v2_runtime_root.gd:328)
       [6] _compose_authorities (res://scripts/building/orison_v2_runtime_root.gd:112)
       [7] _ready (res://scripts/building/orison_v2_runtime_root.gd:80)
       [8] _replace_world (res://scripts/dream/campaign_shell.gd:134)
       [9] _restore_world (res://scripts/dream/campaign_shell.gd:95)
       [10] _ready (res://scripts/dream/campaign_shell.gd:50)
       [11] _ready (res://tests/orison_v2_terminal_access_test.gd:39)
WARNING: Image format RGB8 not supported by hardware, converting to RGBA8.
   at: _validate_texture_format (servers/rendering/renderer_rd/storage_rd/texture_storage.cpp:2855)
   GDScript backtrace (most recent call first):
       [0] get_mat (res://scripts/material_library.gd:39)
       [1] smat (res://scripts/props/functional_prop.gd:335)
       [2] _build_visual (res://scripts/props/signal_terminal_prop.gd:33)
       [3] _ready (res://scripts/props/functional_prop.gd:37)
       [4] mount_consumer (res://scripts/building/orison_v2_anchor_adapter.gd:81)
       [5] _mount (res://scripts/building/orison_v2_runtime_root.gd:328)
       [6] _compose_authorities (res://scripts/building/orison_v2_runtime_root.gd:112)
       [7] _ready (res://scripts/building/orison_v2_runtime_root.gd:80)
       [8] _replace_world (res://scripts/dream/campaign_shell.gd:134)
       [9] _restore_world (res://scripts/dream/campaign_shell.gd:95)
       [10] _ready (res://scripts/dream/campaign_shell.gd:50)
       [11] _ready (res://tests/orison_v2_terminal_access_test.gd:39)
WARNING: Image format RGB8 not supported by hardware, converting to RGBA8.
   at: _validate_texture_format (servers/rendering/renderer_rd/storage_rd/texture_storage.cpp:2855)
   GDScript backtrace (most recent call first):
       [0] setup (res://scripts/phoneos/phone_light_mask.gd:89)
       [1] _build_hud (res://scripts/player/player_controller.gd:219)
       [2] _ready (res://scripts/player/player_controller.gd:206)
       [3] _compose_authorities (res://scripts/building/orison_v2_runtime_root.gd:116)
       [4] _ready (res://scripts/building/orison_v2_runtime_root.gd:80)
       [5] _replace_world (res://scripts/dream/campaign_shell.gd:134)
       [6] _restore_world (res://scripts/dream/campaign_shell.gd:95)
       [7] _ready (res://scripts/dream/campaign_shell.gd:50)
       [8] _ready (res://tests/orison_v2_terminal_access_test.gd:39)
WARNING: Image format RGB8 not supported by hardware, converting to RGBA8.
   at: _validate_texture_format (servers/rendering/renderer_rd/storage_rd/texture_storage.cpp:2855)
   GDScript backtrace (most recent call first):
       [0] setup (res://scripts/phoneos/phone_light_mask.gd:89)
       [1] _build_hud (res://scripts/player/player_controller.gd:219)
       [2] _ready (res://scripts/player/player_controller.gd:206)
       [3] _compose_authorities (res://scripts/building/orison_v2_runtime_root.gd:116)
       [4] _ready (res://scripts/building/orison_v2_runtime_root.gd:80)
       [5] _replace_world (res://scripts/dream/campaign_shell.gd:134)
       [6] _restore_world (res://scripts/dream/campaign_shell.gd:95)
       [7] _ready (res://scripts/dream/campaign_shell.gd:50)
       [8] _ready (res://tests/orison_v2_terminal_access_test.gd:39)
WARNING: Image format RGB8 not supported by hardware, converting to RGBA8.
   at: _validate_texture_format (servers/rendering/renderer_rd/storage_rd/texture_storage.cpp:2855)
   GDScript backtrace (most recent call first):
       [0] setup (res://scripts/phoneos/phone_light_mask.gd:89)
       [1] _build_hud (res://scripts/player/player_controller.gd:219)
       [2] _ready (res://scripts/player/player_controller.gd:206)
       [3] _compose_authorities (res://scripts/building/orison_v2_runtime_root.gd:116)
       [4] _ready (res://scripts/building/orison_v2_runtime_root.gd:80)
       [5] _replace_world (res://scripts/dream/campaign_shell.gd:134)
       [6] _restore_world (res://scripts/dream/campaign_shell.gd:95)
       [7] _ready (res://scripts/dream/campaign_shell.gd:50)
       [8] _ready (res://tests/orison_v2_terminal_access_test.gd:39)
