Godot Engine v4.7.1.stable.official.a13da4feb - https://godotengine.org
Vulkan 1.4.341 - Forward+ - Using Device #0: NVIDIA - NVIDIA GeForce RTX 4080

[ACOUSTIC] 550 nodes loaded
ORISON V2 BLOCKOUT: 200 spaces / 111 doors / 1104 anchors
[V2 FRONT COURT ROOF] three seated girders; retained roof slabs; mapped exterior concrete
[V2 BODEGA POWER] independent inlet; four existing fittings; 20 bearings
[SURFACE] 1311 surfaces layered (478 materials)
[PASSAGE HOURS] OPEN; 10 grilles folded
[PASSAGE HOURS] 11 shopfronts, 10 close after 02:00, HARDWARE PAINT keeps night service
[PASSAGE FINISH] 6 gated draws, 3 handcarts, hours active
[V2 PASSAGE] 13 resident cells; 11 doors; 1 shared-service counters
[SURFACE] 170 surfaces layered (81 materials)
[HARUKIYA] 9 interactables placed
[ARCADE] 2 cabinet(s) from a catalog of 12: SOMETHING IN THE HALL (mystery_serial), OPERATIONS (farm_and_market)
[ARCADE] all of them are running arcade_pit
[V2 BAR] retained cell; 29 registered markers; 3 doors
[V2 FRONT FACADE] native entrance, original landmark hardware, glazed marquee and fitted blade
[SCHEDULE] director live: 18 residents on the clock
[MOVES] personal library: res://assets/characters/mina_vale/mina_vale_moves.glb
SOURCE PARAPET MATERIAL ROOF_PARAPET_EAST brick 
SOURCE PARAPET MATERIAL ROOF_PARAPET_NORTH brick 
SOURCE PARAPET MATERIAL ROOF_PARAPET_SOUTH brick 
SOURCE PARAPET MATERIAL ROOF_PARAPET_WEST brick 
[ORISON V2 RUNTIME] ready startup_ms=30155.433
[LIGHTING] 211 sources active in system; 211 full personalities; profiles steady/breathe/mains/beat/dropout=[50, 49, 36, 42, 34]
CAP MAPPING: mesh=work_tables_2A_desk__oak_work_surface valid_basis=true max_uv_excess=0.00000005913898 widest=1.00003999713072 vertices=490 derivatives=true bad_derivatives=0 min_determinant=0.00000072292692 worst_dot=0.99999988079071
CAP MAPPING: mesh=work_tables_2A_desk__soot valid_basis=true max_uv_excess=0.00000011920929 widest=1.00051358627513 vertices=528 derivatives=true bad_derivatives=0 min_determinant=0.00000001040124 worst_dot=0.99999988079071
CAP MAPPING: mesh=work_tables_2A_desk__wood_dark valid_basis=true max_uv_excess=0.00000017881393 widest=1.00036056542573 vertices=9602 derivatives=true bad_derivatives=0 min_determinant=0.00000005667773 worst_dot=0.99999988079071
CAP MAPPING: mesh=work_tables_3B_workbench__iron_blackened valid_basis=true max_uv_excess=0.00000008552161 widest=1.00046821663875 vertices=17791 derivatives=true bad_derivatives=0 min_determinant=0.00000002889133 worst_dot=0.99999976158142
CAP MAPPING: mesh=work_tables_3B_workbench__nickel_plated valid_basis=true max_uv_excess=0.0000000792752 widest=1.00118468450564 vertices=7179 derivatives=true bad_derivatives=0 min_determinant=0.00000000166188 worst_dot=0.99999892711639
CAP MAPPING: mesh=work_tables_3B_workbench__oak_work_surface valid_basis=true max_uv_excess=0.00000023841858 widest=1.0000432377392 vertices=528 derivatives=true bad_derivatives=0 min_determinant=0.00000072298138 worst_dot=0.99999988079071
CAP MAPPING: mesh=work_tables_4B_terminal_desk__oak_work_surface valid_basis=true max_uv_excess=0.00000006263144 widest=1.00006032798238 vertices=500 derivatives=true bad_derivatives=0 min_determinant=0.00000046263721 worst_dot=0.99999988079071
CAP MAPPING: mesh=work_tables_4B_terminal_desk__wood_dark valid_basis=true max_uv_excess=0.00000011001248 widest=1.00028919594686 vertices=4222 derivatives=true bad_derivatives=0 min_determinant=0.0000001156172 worst_dot=0.99999988079071
CAP MAPPING: mesh=work_tables_5A_plantable__oak_work_surface valid_basis=true max_uv_excess=0.00000023841858 widest=1.00003971546079 vertices=510 derivatives=true bad_derivatives=0 min_determinant=0.00000072290334 worst_dot=0.99999988079071
CAP MAPPING: mesh=work_tables_5A_plantable__paper valid_basis=true max_uv_excess=0.00000008940697 widest=1.00079922594479 vertices=4424 derivatives=true bad_derivatives=0 min_determinant=0.00000000462132 worst_dot=0.99999964237213
CAP MAPPING: mesh=work_tables_5A_plantable__wood_dark valid_basis=true max_uv_excess=0.00000011920929 widest=1.00030870695984 vertices=4876 derivatives=true bad_derivatives=0 min_determinant=0.00000006605472 worst_dot=0.99999988079071
CAP MAPPING: mesh=work_tables_6A_deskwall__iron_blackened valid_basis=true max_uv_excess=0.00000007258495 widest=1.00030029157189 vertices=5188 derivatives=true bad_derivatives=0 min_determinant=0.0000000289043 worst_dot=0.99999988079071
CAP MAPPING: mesh=work_tables_6A_deskwall__trim valid_basis=true max_uv_excess=0.00000006752089 widest=1.00006503364931 vertices=520 derivatives=true bad_derivatives=0 min_determinant=0.00000046264304 worst_dot=0.99999994039536
[HARUKIYA] OPEN, 18 fixtures
CAP MAPPING: mesh=reading_nook_nook_rug__rug_warm valid_basis=true max_uv_excess=0.00000023841858 widest=1.0001114936059 vertices=512 derivatives=true bad_derivatives=0 min_determinant=0.00000046252763 worst_dot=0.99999988079071
CAP MAPPING: mesh=reading_nook_nook_seat_n__floor_oak valid_basis=true max_uv_excess=0.00000022724271 widest=1.00019807628403 vertices=516 derivatives=true bad_derivatives=0 min_determinant=0.00000046248047 worst_dot=0.99999988079071
CAP MAPPING: mesh=reading_nook_nook_apron_n__wood_dark valid_basis=true max_uv_excess=0.00000011920929 widest=1.00015185059049 vertices=504 derivatives=true bad_derivatives=0 min_determinant=0.00000046268077 worst_dot=0.99999988079071
CAP MAPPING: mesh=reading_nook_nook_seat_w__floor_oak valid_basis=true max_uv_excess=0.00000020070001 widest=1.00019413426254 vertices=500 derivatives=true bad_derivatives=0 min_determinant=0.00000046255007 worst_dot=0.99999988079071
CAP MAPPING: mesh=reading_nook_nook_apron_w__wood_dark valid_basis=true max_uv_excess=0.00000011024531 widest=1.00011602802543 vertices=506 derivatives=true bad_derivatives=0 min_determinant=0.00000046256175 worst_dot=0.99999988079071
CAP MAPPING: mesh=reading_nook_nook_seat_e__floor_oak valid_basis=true max_uv_excess=0.00000020070001 widest=1.00019697681608 vertices=488 derivatives=true bad_derivatives=0 min_determinant=0.00000046254422 worst_dot=0.99999988079071
CAP MAPPING: mesh=reading_nook_nook_apron_e__wood_dark valid_basis=true max_uv_excess=0.0000000919681 widest=1.0001258472587 vertices=526 derivatives=true bad_derivatives=0 min_determinant=0.00000046256758 worst_dot=0.99999988079071
CAP MAPPING: mesh=reading_nook_nook_cush1__fabric_warm valid_basis=true max_uv_excess=0.00000007334165 widest=1.00005969480745 vertices=2187 derivatives=true bad_derivatives=0 min_determinant=0.00000393286466 worst_dot=0.99999982118607
CAP MAPPING: mesh=reading_nook_nook_cush2__fabric_green valid_basis=true max_uv_excess=0.00000007625204 widest=1.00006226116191 vertices=2196 derivatives=true bad_derivatives=0 min_determinant=0.00000393286466 worst_dot=0.99999988079071
CAP MAPPING: mesh=reading_nook_nook_throw__linen valid_basis=true max_uv_excess=0.00000007310882 widest=1.00001774315439 vertices=1598 derivatives=true bad_derivatives=0 min_determinant=0.00000726701089 worst_dot=0.99999988079071
CAP MAPPING: mesh=reading_nook_nook_books__book_brown valid_basis=true max_uv_excess=0.00000008278585 widest=1.00055924077138 vertices=17388 derivatives=true bad_derivatives=0 min_determinant=0.00000001848645 worst_dot=0.99999982118607
CAP MAPPING: mesh=reading_nook_nook_books__book_burgundy valid_basis=true max_uv_excess=0.00000008211646 widest=1.00049067918559 vertices=18983 derivatives=true bad_derivatives=0 min_determinant=0.00000001848645 worst_dot=0.99999982118607
CAP MAPPING: mesh=reading_nook_nook_books__book_green valid_basis=true max_uv_excess=0.00000008278585 widest=1.00042974290549 vertices=11121 derivatives=true bad_derivatives=0 min_determinant=0.00000001848456 worst_dot=0.99999982118607
CAP MAPPING: mesh=reading_nook_nook_books__book_navy valid_basis=true max_uv_excess=0.00000008220377 widest=1.00050152787346 vertices=15782 derivatives=true bad_derivatives=0 min_determinant=0.00000001848456 worst_dot=0.99999988079071
CAP MAPPING: mesh=reading_nook_nook_books__book_ochre valid_basis=true max_uv_excess=0.00000008349889 widest=1.00046208104063 vertices=11065 derivatives=true bad_derivatives=0 min_determinant=0.00000001848504 worst_dot=0.99999988079071
CAP MAPPING: mesh=reading_nook_nook_books__book_teal valid_basis=true max_uv_excess=0.00000007892959 widest=1.00044738396333 vertices=15820 derivatives=true bad_derivatives=0 min_determinant=0.00000001849022 worst_dot=0.99999982118607
CAP MAPPING: mesh=reading_nook_nook_books__floor_oak valid_basis=true max_uv_excess=0.00000021269079 widest=1.00028377999412 vertices=1526 derivatives=true bad_derivatives=0 min_determinant=0.00000046239336 worst_dot=0.99999988079071
CAP MAPPING: mesh=reading_nook_nook_books__metal valid_basis=true max_uv_excess=0.0000000486616 widest=1.00001909401372 vertices=808 derivatives=true bad_derivatives=0 min_determinant=0.0000012665417 worst_dot=0.99999994039536
CAP MAPPING: mesh=reading_nook_nook_books__paper valid_basis=true max_uv_excess=0.00000008759525 widest=1.00112883381865 vertices=29719 derivatives=true bad_derivatives=0 min_determinant=0.00000000460943 worst_dot=0.99999940395355
CAP MAPPING: mesh=reading_nook_nook_table__glassish valid_basis=true max_uv_excess=0.000000115484 widest=1.00033301979824 vertices=4135 derivatives=true bad_derivatives=0 min_determinant=0.00000691604018 worst_dot=0.99999982118607
CAP MAPPING: mesh=reading_nook_nook_table__rubber_aged valid_basis=true max_uv_excess=0.00000006071059 widest=1.00023389688354 vertices=1050 derivatives=true bad_derivatives=0 min_determinant=0.00000002890194 worst_dot=0.99999988079071
CAP MAPPING: mesh=reading_nook_nook_table__wood_dark valid_basis=true max_uv_excess=0.00000005960464 widest=1.00000066227402 vertices=48 derivatives=true bad_derivatives=0 min_determinant=0.01170000391006 worst_dot=1.0
CAP MAPPING: mesh=reading_nook_nook_mug__ceramic valid_basis=true max_uv_excess=0.00000007171184 widest=1.00001438079505 vertices=1915 derivatives=true bad_derivatives=0 min_determinant=0.00001252840874 worst_dot=0.99999988079071
CAP MAPPING: mesh=reading_nook_nook_pile__book_navy valid_basis=true max_uv_excess=0.00000006644404 widest=1.0003213798245 vertices=1618 derivatives=true bad_derivatives=0 min_determinant=0.00000001849871 worst_dot=0.99999988079071
CAP MAPPING: mesh=reading_nook_nook_pile__book_ochre valid_basis=true max_uv_excess=0.00000006851042 widest=1.0003313529808 vertices=1628 derivatives=true bad_derivatives=0 min_determinant=0.00000001849871 worst_dot=0.99999988079071
CAP MAPPING: mesh=reading_nook_nook_pile__book_teal valid_basis=true max_uv_excess=0.00000007089693 widest=1.00034286085859 vertices=1632 derivatives=true bad_derivatives=0 min_determinant=0.00000001849965 worst_dot=0.99999988079071
CAP MAPPING: mesh=reading_nook_nook_pile__paper valid_basis=true max_uv_excess=0.00000007260678 widest=1.00070218596634 vertices=1632 derivatives=true bad_derivatives=0 min_determinant=0.00000000462132 worst_dot=0.99999964237213
CAP MAPPING: mesh=reading_nook_nook_plant__plant valid_basis=true max_uv_excess=0.00000008457573 widest=1.00012759181298 vertices=12294 derivatives=true bad_derivatives=0 min_determinant=0.00000016786472 worst_dot=0.99999988079071
CAP MAPPING: mesh=reading_nook_nook_plant__soil valid_basis=true max_uv_excess=0.00000005960464 widest=1.00000838555849 vertices=1060 derivatives=true bad_derivatives=0 min_determinant=0.00026535596986 worst_dot=0.99999988079071
CAP MAPPING: mesh=reading_nook_nook_plant__terracotta valid_basis=true max_uv_excess=0.00000008381903 widest=1.00000677636701 vertices=4144 derivatives=true bad_derivatives=0 min_determinant=0.00025578036864 worst_dot=0.99999988079071
CAP MAPPING: mesh=reading_nook_nook_plant__timber valid_basis=true max_uv_excess=0.00000006007031 widest=1.00001207444485 vertices=396 derivatives=true bad_derivatives=0 min_determinant=0.00001749855793 worst_dot=0.99999988079071
[CALL] case 4471 opened (M. CHEN)
CAP MAPPING: mesh=task_lamps_TaskLamp_emeralite__bakelite valid_basis=true max_uv_excess=0.00000006216578 widest=1.00003893624852 vertices=1160 derivatives=true bad_derivatives=0 min_determinant=0.00000235778106 worst_dot=0.99999988079071
CAP MAPPING: mesh=task_lamps_TaskLamp_emeralite__brass valid_basis=true max_uv_excess=0.0000000775326 widest=1.00013812961114 vertices=8406 derivatives=true bad_derivatives=0 min_determinant=0.00000001393423 worst_dot=0.9999977350235
CAP MAPPING: mesh=task_lamps_TaskLamp_emeralite__bulb_opal valid_basis=true max_uv_excess=0.00000008102506 widest=1.00005348151304 vertices=1086 derivatives=true bad_derivatives=0 min_determinant=0.00001411364945 worst_dot=0.99999988079071
CAP MAPPING: mesh=task_lamps_TaskLamp_emeralite__green_glass valid_basis=true max_uv_excess=0.00000006891787 widest=1.00002337626028 vertices=2398 derivatives=true bad_derivatives=0 min_determinant=0.00000076801271 worst_dot=0.99999982118607
CAP MAPPING: mesh=task_lamps_TaskLamp_emeralite__nickel_plated valid_basis=true max_uv_excess=0.00000006798655 widest=1.00004799139151 vertices=1154 derivatives=true bad_derivatives=0 min_determinant=0.00000166432888 worst_dot=0.99999988079071
CAP MAPPING: mesh=task_lamps_TaskLamp_emeralite__rubber_aged valid_basis=true max_uv_excess=0.00000007450581 widest=1.00001774550732 vertices=178 derivatives=true bad_derivatives=0 min_determinant=0.00000372772282 worst_dot=0.99999988079071
CAP MAPPING: mesh=task_lamps_TaskLamp_emeralite__switch_bakelite valid_basis=true max_uv_excess=0.00000005273614 widest=1.00007214946311 vertices=802 derivatives=true bad_derivatives=0 min_determinant=0.00000022327247 worst_dot=0.99999988079071
CAP MAPPING: mesh=task_lamps_TaskLamp_office_green__bakelite valid_basis=true max_uv_excess=0.00000006449409 widest=1.00004379298988 vertices=1160 derivatives=true bad_derivatives=0 min_determinant=0.00000235779626 worst_dot=0.99999988079071
CAP MAPPING: mesh=task_lamps_TaskLamp_office_green__brass valid_basis=true max_uv_excess=0.00000007776543 widest=1.00016305396517 vertices=8387 derivatives=true bad_derivatives=0 min_determinant=0.00000001393072 worst_dot=0.99999797344208
CAP MAPPING: mesh=task_lamps_TaskLamp_office_green__bulb_opal valid_basis=true max_uv_excess=0.00000008568168 widest=1.0000576330929 vertices=1078 derivatives=true bad_derivatives=0 min_determinant=0.00001411364945 worst_dot=0.99999988079071
CAP MAPPING: mesh=task_lamps_TaskLamp_office_green__green_glass valid_basis=true max_uv_excess=0.00000005820766 widest=1.00001850824118 vertices=2423 derivatives=true bad_derivatives=0 min_determinant=0.00000062032072 worst_dot=0.99999982118607
CAP MAPPING: mesh=task_lamps_TaskLamp_office_green__nickel_plated valid_basis=true max_uv_excess=0.00000006798655 widest=1.00004799139151 vertices=1154 derivatives=true bad_derivatives=0 min_determinant=0.00000166432888 worst_dot=0.99999988079071
CAP MAPPING: mesh=task_lamps_TaskLamp_office_green__rubber_aged valid_basis=true max_uv_excess=0.00000005960464 widest=1.00001176270169 vertices=180 derivatives=true bad_derivatives=0 min_determinant=0.0000037278732 worst_dot=0.99999994039536
CAP MAPPING: mesh=task_lamps_TaskLamp_office_green__switch_bakelite valid_basis=true max_uv_excess=0.00000005273614 widest=1.00007214946311 vertices=802 derivatives=true bad_derivatives=0 min_determinant=0.00000022327247 worst_dot=0.99999988079071
CAP MAPPING: mesh=task_lamps_TaskLamp_bench_friction__bakelite valid_basis=true max_uv_excess=0.00000007427298 widest=1.00003340052178 vertices=538 derivatives=true bad_derivatives=0 min_determinant=0.00000064524359 worst_dot=0.99999988079071
CAP MAPPING: mesh=task_lamps_TaskLamp_bench_friction__bulb_opal valid_basis=true max_uv_excess=0.0000000782311 widest=1.00002617710162 vertices=1152 derivatives=true bad_derivatives=0 min_determinant=0.00002241662938 worst_dot=0.99999988079071
CAP MAPPING: mesh=task_lamps_TaskLamp_bench_friction__iron_blackened valid_basis=true max_uv_excess=0.00000008614734 widest=1.00009534045498 vertices=8922 derivatives=true bad_derivatives=0 min_determinant=0.00000003568986 worst_dot=0.99999892711639
CAP MAPPING: mesh=task_lamps_TaskLamp_bench_friction__nickel_plated valid_basis=true max_uv_excess=0.00000008940697 widest=1.0005627987783 vertices=38919 derivatives=true bad_derivatives=0 min_determinant=0.00000000141895 worst_dot=0.99998337030411
CAP MAPPING: mesh=task_lamps_TaskLamp_bench_friction__rubber_aged valid_basis=true max_uv_excess=0.00000005960464 widest=1.00002251142987 vertices=226 derivatives=true bad_derivatives=0 min_determinant=0.00000372772282 worst_dot=0.99999994039536
CAP MAPPING: mesh=task_lamps_TaskLamp_bench_friction__switch_bakelite valid_basis=true max_uv_excess=0.00000005273614 widest=1.00007214946311 vertices=802 derivatives=true bad_derivatives=0 min_determinant=0.00000022327247 worst_dot=0.99999988079071
CAP MAPPING: mesh=task_lamps_TaskLamp_landlord_enamel__bakelite valid_basis=true max_uv_excess=0.00000007473864 widest=1.00003360993648 vertices=480 derivatives=true bad_derivatives=0 min_determinant=0.00000064522599 worst_dot=0.99999994039536
CAP MAPPING: mesh=task_lamps_TaskLamp_landlord_enamel__bulb_opal valid_basis=true max_uv_excess=0.00000006984919 widest=1.00003984484098 vertices=1152 derivatives=true bad_derivatives=0 min_determinant=0.00002241658805 worst_dot=0.99999988079071
CAP MAPPING: mesh=task_lamps_TaskLamp_landlord_enamel__enamel valid_basis=true max_uv_excess=0.00000007811468 widest=1.00007464723895 vertices=5837 derivatives=true bad_derivatives=0 min_determinant=0.00000014285308 worst_dot=0.99999976158142
CAP MAPPING: mesh=task_lamps_TaskLamp_landlord_enamel__iron_blackened valid_basis=true max_uv_excess=0.00000005960464 widest=1.00009467026436 vertices=652 derivatives=true bad_derivatives=0 min_determinant=0.00000003568946 worst_dot=0.99999892711639
CAP MAPPING: mesh=task_lamps_TaskLamp_landlord_enamel__nickel_plated valid_basis=true max_uv_excess=0.00000007986091 widest=1.00033086715148 vertices=14689 derivatives=true bad_derivatives=0 min_determinant=0.00000000142239 worst_dot=0.99999189376831
CAP MAPPING: mesh=task_lamps_TaskLamp_landlord_enamel__rubber_aged valid_basis=true max_uv_excess=0.00000005075708 widest=1.00002210582973 vertices=180 derivatives=true bad_derivatives=0 min_determinant=0.00000372781501 worst_dot=0.99999988079071
CAP MAPPING: mesh=task_lamps_TaskLamp_landlord_enamel__switch_bakelite valid_basis=true max_uv_excess=0.00000005273614 widest=1.00007214946311 vertices=802 derivatives=true bad_derivatives=0 min_determinant=0.00000022327247 worst_dot=0.99999988079071
CAP MAPPING: mesh=task_lamps_TaskLamp_architect_counterweight__bakelite valid_basis=true max_uv_excess=0.00000006984919 widest=1.00002209249195 vertices=530 derivatives=true bad_derivatives=0 min_determinant=0.00000064522599 worst_dot=0.99999988079071
CAP MAPPING: mesh=task_lamps_TaskLamp_architect_counterweight__bulb_opal valid_basis=true max_uv_excess=0.00000007916242 widest=1.0000393563561 vertices=1152 derivatives=true bad_derivatives=0 min_determinant=0.00002241655629 worst_dot=0.99999982118607
CAP MAPPING: mesh=task_lamps_TaskLamp_architect_counterweight__iron_blackened valid_basis=true max_uv_excess=0.00000005913898 widest=1.00009467026436 vertices=663 derivatives=true bad_derivatives=0 min_determinant=0.00000003568502 worst_dot=0.99999892711639
CAP MAPPING: mesh=task_lamps_TaskLamp_architect_counterweight__nickel_plated valid_basis=true max_uv_excess=0.00000008940697 widest=1.00027119978065 vertices=36178 derivatives=true bad_derivatives=0 min_determinant=0.00000008032416 worst_dot=0.99999940395355
CAP MAPPING: mesh=task_lamps_TaskLamp_architect_counterweight__rubber_aged valid_basis=true max_uv_excess=0.00000005960464 widest=1.00001997631438 vertices=228 derivatives=true bad_derivatives=0 min_determinant=0.00000372786321 worst_dot=0.99999988079071
CAP MAPPING: mesh=task_lamps_TaskLamp_architect_counterweight__switch_bakelite valid_basis=true max_uv_excess=0.00000005273614 widest=1.00007214946311 vertices=802 derivatives=true bad_derivatives=0 min_determinant=0.00000022327247 worst_dot=0.99999988079071
CAP MAPPING: mesh=task_lamps_TaskLamp_architect_counterweight__wood_dark valid_basis=true max_uv_excess=0.00000013224781 widest=1.00008425171535 vertices=2079 derivatives=true bad_derivatives=0 min_determinant=0.00000032146907 worst_dot=0.99999988079071
TASK LAMPS: { "checks": 408, "parts": 34, "triangles": 61596, "production_actors": 1, "library_variants": 5, "failures": [] }
FABRICATION BATCH: worlds=1 modules=3 module_checks=2046 failures=1 elapsed_ms=40275
