Godot Engine v4.7.1.stable.official.a13da4feb - https://godotengine.org

[ACOUSTIC] 550 nodes loaded
[ROUTE DOORS] PASS opening frame 0 close safe-side point is physically clear while inside the closing envelope
[ROUTE DOORS] PASS opening frame 0 directional owner opening starts for the close safe-side requester
[ROUTE DOORS] PASS opening frame 0 production process cannot yield the held requester into the moving leaf
[ROUTE DOORS] PASS opening frame 0 readiness restores both normal walking and player yielding
[ROUTE DOORS] PASS opening frame 0 home-control close settles
[ROUTE DOORS] PASS opening frame 0 locked home readiness hold also suppresses yielding
[ROUTE DOORS] PASS opening frame 0 moving home readiness hold suppresses yielding
[ROUTE DOORS] PASS opening frame 0 settled home releases normal yielding
[ROUTE DOORS] PASS opening frame 0 unsafe-control close settles
[ROUTE DOORS] PASS opening frame 0 unsafe-side requester starts clear of the closed leaf
[ROUTE DOORS] PASS opening frame 0 actual opening arc refuses the unsafe-side requester without yielding
[ROUTE DOORS] PASS opening frame 0 independent actual leaf motion contacts the refused hypothetical capsule
[ROUTE DOORS] PASS opening frame 0 occupancy-control close settles
[ROUTE DOORS] PASS opening frame 0 unsafe neighbour blocks an otherwise safe opening
[ROUTE DOORS] PASS opening frame 0 another floor does not falsely occupy the opening arc
[ROUTE DOORS] PASS opening frame 0 occupancy opening settles
[ROUTE DOORS] PASS opening frame 0 abandoned safe opening relinquishes after relocation
[ROUTE DOORS] PASS opening frame 0 a selected bent approach requests opening before entering the sweep
[ROUTE DOORS] PASS opening frame 0 early bend hold is physically clear throughout the real opening
[ROUTE DOORS] PASS opening frame 0 relocated route reacquires its closed physical owner
[ROUTE DOORS] PASS opening frame 0 last opening settles before teardown
[ROUTE DOORS] PASS opening frame 0 physical fixture world retires
[ROUTE DOORS] PASS opening frame 1 close safe-side point is physically clear while inside the closing envelope
[ROUTE DOORS] PASS opening frame 1 directional owner opening starts for the close safe-side requester
[ROUTE DOORS] PASS opening frame 1 production process cannot yield the held requester into the moving leaf
[ROUTE DOORS] PASS opening frame 1 readiness restores both normal walking and player yielding
[ROUTE DOORS] PASS opening frame 1 home-control close settles
[ROUTE DOORS] PASS opening frame 1 locked home readiness hold also suppresses yielding
[ROUTE DOORS] PASS opening frame 1 moving home readiness hold suppresses yielding
[ROUTE DOORS] PASS opening frame 1 settled home releases normal yielding
[ROUTE DOORS] PASS opening frame 1 unsafe-control close settles
[ROUTE DOORS] PASS opening frame 1 unsafe-side requester starts clear of the closed leaf
[ROUTE DOORS] PASS opening frame 1 actual opening arc refuses the unsafe-side requester without yielding
[ROUTE DOORS] PASS opening frame 1 independent actual leaf motion contacts the refused hypothetical capsule
[ROUTE DOORS] PASS opening frame 1 occupancy-control close settles
[ROUTE DOORS] PASS opening frame 1 unsafe neighbour blocks an otherwise safe opening
[ROUTE DOORS] PASS opening frame 1 another floor does not falsely occupy the opening arc
[ROUTE DOORS] PASS opening frame 1 occupancy opening settles
[ROUTE DOORS] PASS opening frame 1 abandoned safe opening relinquishes after relocation
[ROUTE DOORS] PASS opening frame 1 a selected bent approach requests opening before entering the sweep
[ROUTE DOORS] PASS opening frame 1 early bend hold is physically clear throughout the real opening
[ROUTE DOORS] PASS opening frame 1 relocated route reacquires its closed physical owner
[ROUTE DOORS] PASS opening frame 1 last opening settles before teardown
[ROUTE DOORS] PASS opening frame 1 physical fixture world retires
[DOOR OPENING] RESULT 44/44
