FABRICATION STAGE: art/blender/scripts/build_prep_cabinets.py
C:\PleaseRemainOnTheLine\art\blender\scripts\build_prep_cabinets.py:76: DeprecationWarning: 'Material.use_nodes' is expected to be removed in Blender 6.0
  mat=bpy.data.materials.new(key);mat.use_nodes=True;materials[key]=mat
Info: Saved as "prep_cabinets.blend"
INFO Draco is available, use library at C:\Program Files\Blender Foundation\Blender 5.2\5.2\scripts\addons_core\io_scene_gltf2\bf_intern_draco_bridge.dll
INFO MeshOptimizer is available, use library at C:\Program Files\Blender Foundation\Blender 5.2\5.2\scripts\addons_core\io_scene_gltf2\bf_intern_meshopt_bridge.dll
19:34:12 | INFO: Starting glTF 2.0 export
19:34:12 | INFO: Extracting primitive: PrepCabinet__Body_ON_brass
19:34:12 | INFO: Primitives created: 1
19:34:12 | INFO: Extracting primitive: PrepCabinet__Body_ON_countertop
19:34:12 | INFO: Primitives created: 1
19:34:12 | INFO: Extracting primitive: PrepCabinet__Body_ON_metal
19:34:12 | INFO: Primitives created: 1
19:34:12 | INFO: Extracting primitive: PrepCabinet__Body_ON_plywood
19:34:12 | INFO: Primitives created: 1
19:34:12 | INFO: Extracting primitive: PrepCabinet__Body_ON_trim
19:34:12 | INFO: Primitives created: 1
19:34:12 | INFO: Extracting primitive: PrepCabinet__Body_ON_wood_dark
19:34:12 | INFO: Primitives created: 1
19:34:12 | INFO: Extracting primitive: PrepCabinet__SlidingPanel_ON_brass
19:34:12 | INFO: Primitives created: 1
19:34:12 | INFO: Extracting primitive: PrepCabinet__SlidingPanel_ON_trim
19:34:12 | INFO: Primitives created: 1
19:34:12 | INFO: Finished glTF 2.0 export in 0.0238645076751709 s

SURFACE STOCK 0 original records; 1 assemblies; 37 closed stocks; 8 parts; 6908 triangles; 4 foot contacts
FABRICATION STAGE: art/blender/scripts/inspect_prep_cabinets.py
00:02.500  blend            | Read blend: "C:\PleaseRemainOnTheLine\art\blender\prep_cabinets.blend"
PREP CABINETS LOCAL: 37 closed stocks; 1 physical groups; 4 local bearings; 8 mapped parts
PREP SLIDE: 8 moving stocks clear 29 fixed stocks throughout 382mm travel
FABRICATION STAGE: art/blender/scripts/inspect_prep_cabinets_context.py
STORAGE CONTEXT: 12 installations; 48 floor bearings; 0 nearby pairs clear
FABRICATION STAGE: art/blender/scripts/render_prep_cabinets.py
00:03.969  blend            | Read blend: "C:\PleaseRemainOnTheLine\art\blender\prep_cabinets.blend"
C:\PleaseRemainOnTheLine\art\blender\scripts\render_prep_cabinets.py:10: DeprecationWarning: 'World.use_nodes' is expected to be removed in Blender 6.0
  scene.world=bpy.data.worlds.new('Neutral inspection');scene.world.use_nodes=True;scene.world.node_tree.nodes['Background'].inputs[0].default_value=(.55,.60,.65,1);scene.world.node_tree.nodes['Background'].inputs[1].default_value=.6
C:\PleaseRemainOnTheLine\art\blender\scripts\render_prep_cabinets.py:13: DeprecationWarning: 'Material.use_nodes' is expected to be removed in Blender 6.0
  bpy.ops.mesh.primitive_plane_add(size=10,location=(0,0,-.00004));plane=bpy.context.object;material=bpy.data.materials.new('Review ground');material.diffuse_color=(.23,.25,.26,1);material.use_nodes=True;material.node_tree.nodes['Principled BSDF'].inputs['Base Color'].default_value=(.23,.25,.26,1);material.node_tree.nodes['Principled BSDF'].inputs['Roughness'].default_value=.75;plane.data.materials.append(material)
00:08.235  render           | Saved: 'C:\PleaseRemainOnTheLine\tmp\v2-finish-review\prep-cabinets-native\PrepCabinet_closed.png'
00:12.578  render           | Saved: 'C:\PleaseRemainOnTheLine\tmp\v2-finish-review\prep-cabinets-native\PrepCabinet_open.png'
{"completed_stages": 4, "elapsed_s": 11.222999999999999}
Blender 5.2.0 LTS (hash fbe6228777e7 built 2026-07-14 01:35:40)

Blender quit
