Godot Engine v4.7.1.stable.official.a13da4feb - https://godotengine.org
Vulkan 1.4.341 - Forward+ - Using Device #0: NVIDIA - NVIDIA GeForce RTX 4080

[ACOUSTIC] 550 nodes loaded
ORISON V2 BLOCKOUT: 200 spaces / 111 doors / 1104 anchors
[V2 FRONT COURT ROOF] three seated girders; retained roof slabs; mapped exterior concrete
[V2 BODEGA POWER] independent inlet; four existing fittings; 20 bearings
[SURFACE] 1311 surfaces layered (478 materials)
[PASSAGE HOURS] OPEN; 10 grilles folded
[PASSAGE HOURS] 11 shopfronts, 10 close after 02:00, HARDWARE PAINT keeps night service
[PASSAGE FINISH] 6 gated draws, 3 handcarts, hours active
[V2 PASSAGE] 13 resident cells; 11 doors; 1 shared-service counters
[SURFACE] 170 surfaces layered (81 materials)
[HARUKIYA] 9 interactables placed
[ARCADE] 2 cabinet(s) from a catalog of 12: SOMETHING IN THE HALL (mystery_serial), OPERATIONS (farm_and_market)
[ARCADE] all of them are running arcade_pit
[V2 BAR] retained cell; 29 registered markers; 3 doors
[V2 FRONT FACADE] native entrance, original landmark hardware, glazed marquee and fitted blade
[SCHEDULE] director live: 18 residents on the clock
[MOVES] personal library: res://assets/characters/mina_vale/mina_vale_moves.glb
SOURCE PARAPET MATERIAL ROOF_PARAPET_EAST brick 
SOURCE PARAPET MATERIAL ROOF_PARAPET_NORTH brick 
SOURCE PARAPET MATERIAL ROOF_PARAPET_SOUTH brick 
SOURCE PARAPET MATERIAL ROOF_PARAPET_WEST brick 
[ORISON V2 RUNTIME] ready startup_ms=28735.055
[LIGHTING] 211 sources active in system; 211 full personalities; profiles steady/breathe/mains/beat/dropout=[50, 49, 36, 42, 34]
CAP MAPPING: mesh=domestic_storage_Shelf01__floor_oak valid_basis=true max_uv_excess=0.0000000797445 widest=1.00015680108584 vertices=2580 derivatives=true bad_derivatives=0 min_determinant=0.00000011566076 worst_dot=0.99999982118607
CAP MAPPING: mesh=domestic_storage_Shelf01__metal valid_basis=true max_uv_excess=0.00000007508788 widest=1.00068495873754 vertices=10865 derivatives=true bad_derivatives=0 min_determinant=0.00000001040124 worst_dot=0.99999964237213
CAP MAPPING: mesh=domestic_storage_Shelf01__trim valid_basis=true max_uv_excess=0.00000009329233 widest=1.00071572571946 vertices=6132 derivatives=true bad_derivatives=0 min_determinant=0.00000001039558 worst_dot=0.99999958276749
CAP MAPPING: mesh=domestic_storage_Shelf02__book_brown valid_basis=true max_uv_excess=0.00000005960464 widest=1.00059307754446 vertices=12554 derivatives=true bad_derivatives=0 min_determinant=0.00000000374707 worst_dot=0.99999952316284
CAP MAPPING: mesh=domestic_storage_Shelf02__book_burgundy valid_basis=true max_uv_excess=0.00000005516631 widest=1.00059307754446 vertices=14028 derivatives=true bad_derivatives=0 min_determinant=0.00000000374315 worst_dot=0.99999952316284
CAP MAPPING: mesh=domestic_storage_Shelf02__book_green valid_basis=true max_uv_excess=0.00000004470348 widest=1.00044179220266 vertices=7830 derivatives=true bad_derivatives=0 min_determinant=0.00000000374707 worst_dot=0.99999952316284
CAP MAPPING: mesh=domestic_storage_Shelf02__book_navy valid_basis=true max_uv_excess=0.00000004495087 widest=1.0004812316914 vertices=12540 derivatives=true bad_derivatives=0 min_determinant=0.00000000374707 worst_dot=0.99999964237213
CAP MAPPING: mesh=domestic_storage_Shelf02__book_ochre valid_basis=true max_uv_excess=0.00000005960464 widest=1.0006238445675 vertices=7841 derivatives=true bad_derivatives=0 min_determinant=0.00000000374707 worst_dot=0.99999952316284
CAP MAPPING: mesh=domestic_storage_Shelf02__book_teal valid_basis=true max_uv_excess=0.00000004698086 widest=1.00054154319902 vertices=12468 derivatives=true bad_derivatives=0 min_determinant=0.00000000374707 worst_dot=0.99999952316284
CAP MAPPING: mesh=domestic_storage_Shelf02__floor_oak valid_basis=true max_uv_excess=0.00000008477946 widest=1.00023198979149 vertices=2600 derivatives=true bad_derivatives=0 min_determinant=0.00000011563898 worst_dot=0.99999982118607
CAP MAPPING: mesh=domestic_storage_Shelf02__metal valid_basis=true max_uv_excess=0.00000008504139 widest=1.00010836212173 vertices=4805 derivatives=true bad_derivatives=0 min_determinant=0.00000008022882 worst_dot=0.99999964237213
CAP MAPPING: mesh=domestic_storage_Shelf02__paper valid_basis=true max_uv_excess=0.00000008477946 widest=1.00104517805785 vertices=22182 derivatives=true bad_derivatives=0 min_determinant=0.00000000462132 worst_dot=0.99999952316284
CAP MAPPING: mesh=domestic_storage_Counter03__countertop valid_basis=true max_uv_excess=0.00000011920929 widest=1.00069427763932 vertices=1113 derivatives=true bad_derivatives=0 min_determinant=0.00000002052913 worst_dot=0.99999976158142
CAP MAPPING: mesh=domestic_storage_Counter03__wood_dark valid_basis=true max_uv_excess=0.00000008865027 widest=1.00013569653413 vertices=4135 derivatives=true bad_derivatives=0 min_determinant=0.00000026018989 worst_dot=0.99999982118607
CAP MAPPING: mesh=domestic_storage_Shelf04__floor_oak valid_basis=true max_uv_excess=0.00000011920929 widest=1.0001569603556 vertices=2583 derivatives=true bad_derivatives=0 min_determinant=0.00000011563898 worst_dot=0.99999982118607
CAP MAPPING: mesh=domestic_storage_Shelf04__metal valid_basis=true max_uv_excess=0.00000007844937 widest=1.00071572571946 vertices=10785 derivatives=true bad_derivatives=0 min_determinant=0.00000001040124 worst_dot=0.99999964237213
CAP MAPPING: mesh=domestic_storage_Shelf04__trim valid_basis=true max_uv_excess=0.00000008793722 widest=1.00071316894603 vertices=6126 derivatives=true bad_derivatives=0 min_determinant=0.00000001039558 worst_dot=0.99999970197678
CAP MAPPING: mesh=domestic_storage_Counter05__metal valid_basis=true max_uv_excess=0.00000008940697 widest=1.0005804952019 vertices=18476 derivatives=true bad_derivatives=0 min_determinant=0.00000001040124 worst_dot=0.99999970197678
CAP MAPPING: mesh=domestic_storage_Cupboard06__soot valid_basis=true max_uv_excess=0.00000006044866 widest=1.0002983965805 vertices=1053 derivatives=true bad_derivatives=0 min_determinant=0.00000001850648 worst_dot=0.99999988079071
CAP MAPPING: mesh=domestic_storage_Cupboard06__trim valid_basis=true max_uv_excess=0.0000001246226 widest=1.00044118894964 vertices=13727 derivatives=true bad_derivatives=0 min_determinant=0.00000002889958 worst_dot=0.99999982118607
CAP MAPPING: mesh=domestic_storage_Cupboard08__soot valid_basis=true max_uv_excess=0.00000006044866 widest=1.0002983965805 vertices=1053 derivatives=true bad_derivatives=0 min_determinant=0.00000001850648 worst_dot=0.99999988079071
CAP MAPPING: mesh=domestic_storage_Cupboard08__trim valid_basis=true max_uv_excess=0.0000001246226 widest=1.00044118894964 vertices=12745 derivatives=true bad_derivatives=0 min_determinant=0.00000002889958 worst_dot=0.99999982118607
CAP MAPPING: mesh=domestic_storage_Shelf07__floor_oak valid_basis=true max_uv_excess=0.00000008579809 widest=1.00021462838588 vertices=2517 derivatives=true bad_derivatives=0 min_determinant=0.00000011563898 worst_dot=0.99999982118607
CAP MAPPING: mesh=domestic_storage_Shelf07__metal valid_basis=true max_uv_excess=0.00000007393828 widest=1.0006578410202 vertices=10875 derivatives=true bad_derivatives=0 min_determinant=0.00000001040124 worst_dot=0.99999964237213
CAP MAPPING: mesh=domestic_storage_Shelf07__trim valid_basis=true max_uv_excess=0.00000007545168 widest=1.0006578410202 vertices=6128 derivatives=true bad_derivatives=0 min_determinant=0.00000001040124 worst_dot=0.99999964237213
[HARUKIYA] OPEN, 18 fixtures
FABRICATION BATCH: worlds=1 modules=1 module_checks=836 failures=0 elapsed_ms=40789
