data consumption audit
  DURABLE_NUMERIC_MONOTONIC_ONLY: 2
  FIELD_UNREAD: 1131
  FILE_UNREAD: 11
  known (in baseline): 1124
  resolved since baseline: 184
  NEW: 20
  - FIELD_UNREAD game/data/orison_v2/domestic_storage.json:assemblies (zero production token readers)
  - FIELD_UNREAD game/data/orison_v2/domestic_storage.json:asset (zero production token readers)
  - FIELD_UNREAD game/data/orison_v2/domestic_storage.json:catalog_key (zero production token readers)
  - FIELD_UNREAD game/data/orison_v2/domestic_storage.json:finish (zero production token readers)
  - FIELD_UNREAD game/data/orison_v2/domestic_storage.json:floor_y (zero production token readers)
  - FIELD_UNREAD game/data/orison_v2/domestic_storage.json:id (zero production token readers)
  - FIELD_UNREAD game/data/orison_v2/domestic_storage.json:instances (zero production token readers)
  - FIELD_UNREAD game/data/orison_v2/domestic_storage.json:key (zero production token readers)
  - FIELD_UNREAD game/data/orison_v2/domestic_storage.json:name (zero production token readers)
  - FIELD_UNREAD game/data/orison_v2/domestic_storage.json:normal_scale (zero production token readers)
  - FIELD_UNREAD game/data/orison_v2/domestic_storage.json:parts (zero production token readers)
  - FIELD_UNREAD game/data/orison_v2/domestic_storage.json:position (zero production token readers)
  - FIELD_UNREAD game/data/orison_v2/domestic_storage.json:roughness (zero production token readers)
  - FIELD_UNREAD game/data/orison_v2/domestic_storage.json:schema_version (zero production token readers)
  - FIELD_UNREAD game/data/orison_v2/domestic_storage.json:tile (zero production token readers)
  - FIELD_UNREAD game/data/orison_v2/domestic_storage.json:tint (zero production token readers)
  - FIELD_UNREAD game/data/orison_v2/domestic_storage.json:tint_space (zero production token readers)
  - FIELD_UNREAD game/data/orison_v2/domestic_storage.json:variant (zero production token readers)
  - FIELD_UNREAD game/data/orison_v2/domestic_storage.json:yaw (zero production token readers)
  - FIELD_UNREAD game/data/orison_v2/prep_cabinets.json:finish (zero production token readers)
