FABRICATION STAGE: art/blender/scripts/build_prep_cabinets.py
C:\PleaseRemainOnTheLine\art\blender\scripts\build_prep_cabinets.py:76: DeprecationWarning: 'Material.use_nodes' is expected to be removed in Blender 6.0
  mat=bpy.data.materials.new(key);mat.use_nodes=True;materials[key]=mat
Info: Saved as "prep_cabinets.blend"
INFO Draco is available, use library at C:\Program Files\Blender Foundation\Blender 5.2\5.2\scripts\addons_core\io_scene_gltf2\bf_intern_draco_bridge.dll
INFO MeshOptimizer is available, use library at C:\Program Files\Blender Foundation\Blender 5.2\5.2\scripts\addons_core\io_scene_gltf2\bf_intern_meshopt_bridge.dll
19:37:11 | INFO: Starting glTF 2.0 export
19:37:11 | INFO: Extracting primitive: PrepCabinet__Body_ON_brass
19:37:11 | INFO: Primitives created: 1
19:37:11 | INFO: Extracting primitive: PrepCabinet__Body_ON_countertop
19:37:11 | INFO: Primitives created: 1
19:37:11 | INFO: Extracting primitive: PrepCabinet__Body_ON_metal
19:37:11 | INFO: Primitives created: 1
19:37:11 | INFO: Extracting primitive: PrepCabinet__Body_ON_plywood
19:37:11 | INFO: Primitives created: 1
19:37:11 | INFO: Extracting primitive: PrepCabinet__Body_ON_trim
19:37:11 | INFO: Primitives created: 1
19:37:11 | INFO: Extracting primitive: PrepCabinet__Body_ON_wood_dark
19:37:11 | INFO: Primitives created: 1
19:37:11 | INFO: Extracting primitive: PrepCabinet__SlidingPanel_ON_brass
19:37:11 | INFO: Primitives created: 1
19:37:11 | INFO: Extracting primitive: PrepCabinet__SlidingPanel_ON_trim
19:37:11 | INFO: Primitives created: 1
19:37:11 | INFO: Finished glTF 2.0 export in 0.0209195613861084 s

SURFACE STOCK 0 original records; 1 assemblies; 37 closed stocks; 8 parts; 6908 triangles; 4 foot contacts
FABRICATION STAGE: art/blender/scripts/inspect_prep_cabinets.py
00:02.532  blend            | Read blend: "C:\PleaseRemainOnTheLine\art\blender\prep_cabinets.blend"
PREP CABINETS LOCAL: 37 closed stocks; 1 physical groups; 4 local bearings; 8 mapped parts
PREP SLIDE: 8 moving stocks clear 29 fixed stocks throughout 382mm travel
FABRICATION STAGE: art/blender/scripts/inspect_prep_cabinets_context.py
STORAGE CONTEXT: 12 installations; 48 floor bearings; 0 nearby pairs clear
{"completed_stages": 3, "elapsed_s": 2.613}
Blender 5.2.0 LTS (hash fbe6228777e7 built 2026-07-14 01:35:40)

Blender quit
