FABRICATION STAGE: art/blender/scripts/build_domestic_storage.py
C:\PleaseRemainOnTheLine\art\blender\scripts\build_domestic_storage.py:76: DeprecationWarning: 'Material.use_nodes' is expected to be removed in Blender 6.0
  mat=bpy.data.materials.new(key);mat.use_nodes=True;materials[key]=mat
Info: Saved as "domestic_storage.blend"
INFO Draco is available, use library at C:\Program Files\Blender Foundation\Blender 5.2\5.2\scripts\addons_core\io_scene_gltf2\bf_intern_draco_bridge.dll
INFO MeshOptimizer is available, use library at C:\Program Files\Blender Foundation\Blender 5.2\5.2\scripts\addons_core\io_scene_gltf2\bf_intern_meshopt_bridge.dll
19:28:34 | INFO: Starting glTF 2.0 export
19:28:34 | INFO: Extracting primitive: Counter03__countertop
19:28:34 | INFO: Primitives created: 1
19:28:34 | INFO: Extracting primitive: Counter03__wood_dark
19:28:34 | INFO: Primitives created: 1
19:28:34 | INFO: Extracting primitive: Counter05__metal
19:28:34 | INFO: Primitives created: 1
19:28:34 | INFO: Extracting primitive: Cupboard06__soot
19:28:34 | INFO: Primitives created: 1
19:28:34 | INFO: Extracting primitive: Cupboard06__trim
19:28:34 | INFO: Primitives created: 1
19:28:34 | INFO: Extracting primitive: Cupboard08__soot
19:28:34 | INFO: Primitives created: 1
19:28:34 | INFO: Extracting primitive: Cupboard08__trim
19:28:34 | INFO: Primitives created: 1
19:28:34 | INFO: Extracting primitive: Shelf01__floor_oak
19:28:34 | INFO: Primitives created: 1
19:28:34 | INFO: Extracting primitive: Shelf01__metal
19:28:34 | INFO: Primitives created: 1
19:28:34 | INFO: Extracting primitive: Shelf01__trim
19:28:34 | INFO: Primitives created: 1
19:28:34 | INFO: Extracting primitive: Shelf02__book_brown
19:28:34 | INFO: Primitives created: 1
19:28:34 | INFO: Extracting primitive: Shelf02__book_burgundy
19:28:34 | INFO: Primitives created: 1
19:28:34 | INFO: Extracting primitive: Shelf02__book_green
19:28:34 | INFO: Primitives created: 1
19:28:34 | INFO: Extracting primitive: Shelf02__book_navy
19:28:34 | INFO: Primitives created: 1
19:28:34 | INFO: Extracting primitive: Shelf02__book_ochre
19:28:34 | INFO: Primitives created: 1
19:28:34 | INFO: Extracting primitive: Shelf02__book_teal
19:28:34 | INFO: Primitives created: 1
19:28:34 | INFO: Extracting primitive: Shelf02__floor_oak
19:28:34 | INFO: Primitives created: 1
19:28:34 | INFO: Extracting primitive: Shelf02__metal
19:28:34 | INFO: Primitives created: 1
19:28:34 | INFO: Extracting primitive: Shelf02__paper
19:28:34 | INFO: Primitives created: 1
19:28:34 | INFO: Extracting primitive: Shelf04__floor_oak
19:28:34 | INFO: Primitives created: 1
19:28:34 | INFO: Extracting primitive: Shelf04__metal
19:28:34 | INFO: Primitives created: 1
19:28:34 | INFO: Extracting primitive: Shelf04__trim
19:28:34 | INFO: Primitives created: 1
19:28:34 | INFO: Extracting primitive: Shelf07__floor_oak
19:28:34 | INFO: Primitives created: 1
19:28:34 | INFO: Extracting primitive: Shelf07__metal
19:28:34 | INFO: Primitives created: 1
19:28:34 | INFO: Extracting primitive: Shelf07__trim
19:28:34 | INFO: Primitives created: 1
19:28:34 | INFO: Finished glTF 2.0 export in 0.20225834846496582 s

SURFACE STOCK 7 original records; 8 assemblies; 421 closed stocks; 25 parts; 79344 triangles; 32 foot contacts
FABRICATION STAGE: art/blender/scripts/inspect_domestic_storage.py
00:06.453  blend            | Read blend: "C:\PleaseRemainOnTheLine\art\blender\domestic_storage.blend"
DOMESTIC STORAGE LOCAL: 421 closed stocks; 8 physical groups; 32 local bearings; 25 mapped parts
FABRICATION STAGE: art/blender/scripts/inspect_domestic_storage_context.py
STORAGE CONTEXT: 43 installations; 172 floor bearings; 1 nearby pairs clear
FABRICATION STAGE: art/blender/scripts/render_domestic_storage.py
00:09.797  blend            | Read blend: "C:\PleaseRemainOnTheLine\art\blender\domestic_storage.blend"
C:\PleaseRemainOnTheLine\art\blender\scripts\render_domestic_storage.py:10: DeprecationWarning: 'World.use_nodes' is expected to be removed in Blender 6.0
  scene.world=bpy.data.worlds.new('Neutral inspection');scene.world.use_nodes=True;scene.world.node_tree.nodes['Background'].inputs[0].default_value=(.55,.60,.65,1);scene.world.node_tree.nodes['Background'].inputs[1].default_value=.6
C:\PleaseRemainOnTheLine\art\blender\scripts\render_domestic_storage.py:13: DeprecationWarning: 'Material.use_nodes' is expected to be removed in Blender 6.0
  bpy.ops.mesh.primitive_plane_add(size=10,location=(0,0,-.00004));plane=bpy.context.object;material=bpy.data.materials.new('Review ground');material.diffuse_color=(.23,.25,.26,1);material.use_nodes=True;material.node_tree.nodes['Principled BSDF'].inputs['Base Color'].default_value=(.23,.25,.26,1);material.node_tree.nodes['Principled BSDF'].inputs['Roughness'].default_value=.75;plane.data.materials.append(material)
00:13.344  render           | Saved: 'C:\PleaseRemainOnTheLine\tmp\v2-finish-review\domestic-storage-native\Shelf01_front.png'
00:16.672  render           | Saved: 'C:\PleaseRemainOnTheLine\tmp\v2-finish-review\domestic-storage-native\Shelf02_front.png'
00:20.250  render           | Saved: 'C:\PleaseRemainOnTheLine\tmp\v2-finish-review\domestic-storage-native\Counter03_front.png'
00:23.688  render           | Saved: 'C:\PleaseRemainOnTheLine\tmp\v2-finish-review\domestic-storage-native\Shelf04_front.png'
00:27.328  render           | Saved: 'C:\PleaseRemainOnTheLine\tmp\v2-finish-review\domestic-storage-native\Counter05_front.png'
00:31.125  render           | Saved: 'C:\PleaseRemainOnTheLine\tmp\v2-finish-review\domestic-storage-native\Cupboard06_front.png'
00:34.672  render           | Saved: 'C:\PleaseRemainOnTheLine\tmp\v2-finish-review\domestic-storage-native\Shelf07_front.png'
00:38.453  render           | Saved: 'C:\PleaseRemainOnTheLine\tmp\v2-finish-review\domestic-storage-native\Cupboard08_front.png'
{"completed_stages": 4, "elapsed_s": 37.055}
Blender 5.2.0 LTS (hash fbe6228777e7 built 2026-07-14 01:35:40)

Blender quit
