WorkerThreadPool: 24 threads, 7 max low-priority.
Godot Engine v4.7.1.stable.official.a13da4feb - https://godotengine.org
TextServer: Added interface "Dummy"
TextServer: Added interface "ICU / HarfBuzz / Graphite (Built-in)"
Using "default" pen tablet driver...

TextServer: Primary interface set to: "ICU / HarfBuzz / Graphite (Built-in)".
CORE API HASH: 3769296884
EDITOR API HASH: 3146738256
SceneTreeFTI: traversal method DEFAULT
Loading resource: res://scripts/game_boot.gd remapped: res://scripts/game_boot.gd
Completed load for: 'res://scripts/game_boot.gd' remapped 'res://scripts/game_boot.gd' at thread -1
Loading resource: res://scripts/audio/conductor_clock.gd remapped: res://scripts/audio/conductor_clock.gd
Completed load for: 'res://scripts/audio/conductor_clock.gd' remapped 'res://scripts/audio/conductor_clock.gd' at thread -1
Loading resource: res://scripts/audio/audio_policy.gd remapped: res://scripts/audio/audio_policy.gd
Completed load for: 'res://scripts/audio/audio_policy.gd' remapped 'res://scripts/audio/audio_policy.gd' at thread -1
Loading resource: res://scripts/game/campaign_clock_driver.gd remapped: res://scripts/game/campaign_clock_driver.gd
Completed load for: 'res://scripts/game/campaign_clock_driver.gd' remapped 'res://scripts/game/campaign_clock_driver.gd' at thread -1
Loading resource: res://scripts/ui/save_status_notice.gd remapped: res://scripts/ui/save_status_notice.gd
Completed load for: 'res://scripts/ui/save_status_notice.gd' remapped 'res://scripts/ui/save_status_notice.gd' at thread -1
Loading resource: res://scripts/game/reality_case_manager.gd remapped: res://scripts/game/reality_case_manager.gd
Completed load for: 'res://scripts/game/reality_case_manager.gd' remapped 'res://scripts/game/reality_case_manager.gd' at thread -1
Loading resource: res://scripts/game/reality_rule_director.gd remapped: res://scripts/game/reality_rule_director.gd
Completed load for: 'res://scripts/game/reality_rule_director.gd' remapped 'res://scripts/game/reality_rule_director.gd' at thread -1
Loaded system CA certificates
Loading resource: res://tests/WorldTimeCoherenceTest.tscn remapped: res://tests/WorldTimeCoherenceTest.tscn
Loading resource: res://tests/world_time_coherence_test.gd remapped: res://tests/world_time_coherence_test.gd
Loading resource: res://scenes/building/orison_v2_runtime.tscn remapped: res://scenes/building/orison_v2_runtime.tscn
Loading resource: res://scripts/building/orison_v2_runtime_root.gd remapped: res://scripts/building/orison_v2_runtime_root.gd
Loading resource: res://scenes/building/orison_v2_blockout.tscn remapped: res://scenes/building/orison_v2_blockout.tscn
Loading resource: res://scripts/building/orison_v2_blockout.gd remapped: res://scripts/building/orison_v2_blockout.gd
Completed load for: 'res://scripts/building/orison_v2_blockout.gd' remapped 'res://scripts/building/orison_v2_blockout.gd' at thread -1
Completed load for: 'res://scenes/building/orison_v2_blockout.tscn' remapped 'res://scenes/building/orison_v2_blockout.tscn' at thread -1
Loading resource: res://assets/ui/telegram/telegram_paper_stock_v1.png remapped: res://assets/ui/telegram/telegram_paper_stock_v1.png
Loading resource: res://.godot/imported/telegram_paper_stock_v1.png-6da8e34d237a3bb83d7695aa967c7cff.ctex remapped: res://.godot/imported/telegram_paper_stock_v1.png-6da8e34d237a3bb83d7695aa967c7cff.ctex
Completed load for: 'res://assets/ui/telegram/telegram_paper_stock_v1.png' remapped 'res://assets/ui/telegram/telegram_paper_stock_v1.png' at thread -1
Loading resource: res://assets/fonts/courier_prime/CourierPrime-Regular.ttf remapped: res://assets/fonts/courier_prime/CourierPrime-Regular.ttf
Loading resource: res://.godot/imported/CourierPrime-Regular.ttf-b33a163554302b210ef6aef62fa4168a.fontdata remapped: res://.godot/imported/CourierPrime-Regular.ttf-b33a163554302b210ef6aef62fa4168a.fontdata
Completed load for: 'res://assets/fonts/courier_prime/CourierPrime-Regular.ttf' remapped 'res://assets/fonts/courier_prime/CourierPrime-Regular.ttf' at thread -1
Loading resource: res://assets/fonts/courier_prime/CourierPrime-Bold.ttf remapped: res://assets/fonts/courier_prime/CourierPrime-Bold.ttf
Loading resource: res://.godot/imported/CourierPrime-Bold.ttf-bf7a7031d9489227399d79b38e4a3e43.fontdata remapped: res://.godot/imported/CourierPrime-Bold.ttf-bf7a7031d9489227399d79b38e4a3e43.fontdata
Completed load for: 'res://assets/fonts/courier_prime/CourierPrime-Bold.ttf' remapped 'res://assets/fonts/courier_prime/CourierPrime-Bold.ttf' at thread -1
Loading resource: res://assets/audio/viral_seed.ogg remapped: res://assets/audio/viral_seed.ogg
Loading resource: res://.godot/imported/viral_seed.ogg-befc5f05d706188204c710ae7bb333d9.oggvorbisstr remapped: res://.godot/imported/viral_seed.ogg-befc5f05d706188204c710ae7bb333d9.oggvorbisstr
Completed load for: 'res://assets/audio/viral_seed.ogg' remapped 'res://assets/audio/viral_seed.ogg' at thread -1
Completed load for: 'res://scripts/building/orison_v2_runtime_root.gd' remapped 'res://scripts/building/orison_v2_runtime_root.gd' at thread -1
Completed load for: 'res://scenes/building/orison_v2_runtime.tscn' remapped 'res://scenes/building/orison_v2_runtime.tscn' at thread -1
Completed load for: 'res://tests/world_time_coherence_test.gd' remapped 'res://tests/world_time_coherence_test.gd' at thread -1
Completed load for: 'res://tests/WorldTimeCoherenceTest.tscn' remapped 'res://tests/WorldTimeCoherenceTest.tscn' at thread -1
[ACOUSTIC] 550 nodes loaded
[WORLD TIME] PASS preserved legacy source compiles for control
[WORLD TIME] FAIL two-day duration retains all 2885 minutes
[WORLD TIME] FAIL absolute event timestamp retains its day
[WORLD TIME] FAIL attention duration does not wrap after midnight or a full day
WORLD TIME COHERENCE: FAIL 1/4
XR: Clearing primary interface
XR: Removed interface "Native mobile"
XR: Removed interface "OpenXR"
