Godot Engine v4.7.1.stable.official.a13da4feb - https://godotengine.org
Vulkan 1.4.341 - Forward+ - Using Device #0: NVIDIA - NVIDIA GeForce RTX 4080

[ACOUSTIC] 550 nodes loaded
[DREAM ECOLOGY WAREHOUSE] PASS non-DEBUG setup constructs no exhibit or controllers
[DREAM ECOLOGY WAREHOUSE] PASS exactly two production fauna controllers are constructed
[DREAM ECOLOGY WAREHOUSE] PASS viewing stand is inside the actual global hall volume
[DREAM ECOLOGY WAREHOUSE] PASS viewing stand has real supporting collision
[DREAM ECOLOGY WAREHOUSE] PASS controller has eight authored records
[DREAM ECOLOGY WAREHOUSE] PASS seam_grazer retains its authored anatomy and long exhibit life
[DREAM ECOLOGY WAREHOUSE] PASS crystal_listener retains its authored anatomy and long exhibit life
[DREAM ECOLOGY WAREHOUSE] PASS fold_crab retains its authored anatomy and long exhibit life
[DREAM ECOLOGY WAREHOUSE] PASS tardigrade retains its authored anatomy and long exhibit life
[DREAM ECOLOGY WAREHOUSE] PASS stentor retains its authored anatomy and long exhibit life
[DREAM ECOLOGY WAREHOUSE] PASS lacrymaria retains its authored anatomy and long exhibit life
[DREAM ECOLOGY WAREHOUSE] PASS vorticella retains its authored anatomy and long exhibit life
[DREAM ECOLOGY WAREHOUSE] PASS euplotes retains its authored anatomy and long exhibit life
[DREAM ECOLOGY WAREHOUSE] PASS one controller mesh owns one shared material
[DREAM ECOLOGY WAREHOUSE] PASS both controller bindings use the exact world texture
[DREAM ECOLOGY WAREHOUSE] PASS packed draw slots cover the eight live animals within capacity
[DREAM ECOLOGY WAREHOUSE] PASS controller has eight authored records
[DREAM ECOLOGY WAREHOUSE] PASS spirostomum retains its authored anatomy and long exhibit life
[DREAM ECOLOGY WAREHOUSE] PASS heliozoan retains its authored anatomy and long exhibit life
[DREAM ECOLOGY WAREHOUSE] PASS euglena retains its authored anatomy and long exhibit life
[DREAM ECOLOGY WAREHOUSE] PASS volvox retains its authored anatomy and long exhibit life
[DREAM ECOLOGY WAREHOUSE] PASS noctiluca retains its authored anatomy and long exhibit life
[DREAM ECOLOGY WAREHOUSE] PASS bacillaria retains its authored anatomy and long exhibit life
[DREAM ECOLOGY WAREHOUSE] PASS salpingoeca retains its authored anatomy and long exhibit life
[DREAM ECOLOGY WAREHOUSE] PASS mesodinium retains its authored anatomy and long exhibit life
[DREAM ECOLOGY WAREHOUSE] PASS one controller mesh owns one shared material
[DREAM ECOLOGY WAREHOUSE] PASS both controller bindings use the exact world texture
[DREAM ECOLOGY WAREHOUSE] PASS packed draw slots cover the eight live animals within capacity
[DREAM ECOLOGY WAREHOUSE] PASS all sixteen enum kinds are unique animals and actual shader kind IDs
[DREAM ECOLOGY WAREHOUSE] PASS sixteen animals use only two fauna meshes and two materials
[DREAM ECOLOGY WAREHOUSE] PASS the one exposure texture is the existing RG8 world grid
[DREAM ECOLOGY WAREHOUSE] PASS grazer twin rests on an actual six-centimetre collision panel
[DREAM ECOLOGY WAREHOUSE] PASS capture writes overview.png
[DREAM ECOLOGY WAREHOUSE] PASS capture writes noctiluca_touch.png
[DREAM ECOLOGY WAREHOUSE] PASS live physics observation covers thirty-two seconds
[DREAM ECOLOGY WAREHOUSE] PASS seam_grazer remains alive in the actual physics simulation
[DREAM ECOLOGY WAREHOUSE] PASS seam_grazer produces its second surface appearance
[DREAM ECOLOGY WAREHOUSE] PASS crystal_listener remains alive in the actual physics simulation
[DREAM ECOLOGY WAREHOUSE] PASS crystal_listener advances its authored law and uploaded shader state
[DREAM ECOLOGY WAREHOUSE] PASS fold_crab remains alive in the actual physics simulation
[DREAM ECOLOGY WAREHOUSE] PASS fold_crab advances its authored law and uploaded shader state
[DREAM ECOLOGY WAREHOUSE] PASS tardigrade remains alive in the actual physics simulation
[DREAM ECOLOGY WAREHOUSE] PASS tardigrade advances its authored law and uploaded shader state
[DREAM ECOLOGY WAREHOUSE] PASS stentor remains alive in the actual physics simulation
[DREAM ECOLOGY WAREHOUSE] PASS stentor advances its authored law and uploaded shader state
[DREAM ECOLOGY WAREHOUSE] PASS stentor advances its distinct microscopic phase
[DREAM ECOLOGY WAREHOUSE] PASS lacrymaria remains alive in the actual physics simulation
[DREAM ECOLOGY WAREHOUSE] PASS lacrymaria advances its authored law and uploaded shader state
[DREAM ECOLOGY WAREHOUSE] PASS lacrymaria advances its distinct microscopic phase
[DREAM ECOLOGY WAREHOUSE] PASS vorticella remains alive in the actual physics simulation
[DREAM ECOLOGY WAREHOUSE] PASS vorticella advances its authored law and uploaded shader state
[DREAM ECOLOGY WAREHOUSE] PASS vorticella advances its distinct microscopic phase
[DREAM ECOLOGY WAREHOUSE] PASS euplotes remains alive in the actual physics simulation
[DREAM ECOLOGY WAREHOUSE] PASS euplotes advances its authored law and uploaded shader state
[DREAM ECOLOGY WAREHOUSE] PASS euplotes advances its distinct microscopic phase
[DREAM ECOLOGY WAREHOUSE] PASS spirostomum remains alive in the actual physics simulation
[DREAM ECOLOGY WAREHOUSE] PASS spirostomum advances its authored law and uploaded shader state
[DREAM ECOLOGY WAREHOUSE] PASS spirostomum advances its distinct microscopic phase
[DREAM ECOLOGY WAREHOUSE] PASS heliozoan remains alive in the actual physics simulation
[DREAM ECOLOGY WAREHOUSE] PASS heliozoan advances its authored law and uploaded shader state
[DREAM ECOLOGY WAREHOUSE] PASS heliozoan advances its distinct microscopic phase
[DREAM ECOLOGY WAREHOUSE] PASS euglena remains alive in the actual physics simulation
[DREAM ECOLOGY WAREHOUSE] PASS euglena advances its authored law and uploaded shader state
[DREAM ECOLOGY WAREHOUSE] PASS euglena advances its distinct microscopic phase
[DREAM ECOLOGY WAREHOUSE] PASS volvox remains alive in the actual physics simulation
[DREAM ECOLOGY WAREHOUSE] PASS volvox advances its authored law and uploaded shader state
[DREAM ECOLOGY WAREHOUSE] PASS volvox advances its distinct microscopic phase
[DREAM ECOLOGY WAREHOUSE] PASS noctiluca remains alive in the actual physics simulation
[DREAM ECOLOGY WAREHOUSE] PASS noctiluca advances its authored law and uploaded shader state
[DREAM ECOLOGY WAREHOUSE] PASS noctiluca advances its distinct microscopic phase
[DREAM ECOLOGY WAREHOUSE] PASS bacillaria remains alive in the actual physics simulation
[DREAM ECOLOGY WAREHOUSE] PASS bacillaria advances its authored law and uploaded shader state
[DREAM ECOLOGY WAREHOUSE] PASS bacillaria advances its distinct microscopic phase
[DREAM ECOLOGY WAREHOUSE] PASS salpingoeca remains alive in the actual physics simulation
[DREAM ECOLOGY WAREHOUSE] PASS salpingoeca advances its authored law and uploaded shader state
[DREAM ECOLOGY WAREHOUSE] PASS salpingoeca advances its distinct microscopic phase
[DREAM ECOLOGY WAREHOUSE] PASS mesodinium remains alive in the actual physics simulation
[DREAM ECOLOGY WAREHOUSE] PASS mesodinium advances its authored law and uploaded shader state
[DREAM ECOLOGY WAREHOUSE] PASS mesodinium advances its distinct microscopic phase
[DREAM ECOLOGY WAREHOUSE] PASS capture writes noctiluca_after.png
[DREAM ECOLOGY WAREHOUSE] PASS capture writes tardigrade_lit.png
[DREAM ECOLOGY WAREHOUSE] PASS actual inspection lamp grows durable R and reversible G
[DREAM ECOLOGY WAREHOUSE] PASS lamp-off preserves R while G decays
[DREAM ECOLOGY WAREHOUSE] PASS field uploads preserve the shared texture object
[DREAM ECOLOGY WAREHOUSE] PASS pause holds actual specimen state and field conversion
[DREAM ECOLOGY WAREHOUSE] PASS resume advances the actual specimen clock
[DREAM ECOLOGY WAREHOUSE] PASS reset replaces specimens without adding controllers, materials or fields
[DREAM ECOLOGY WAREHOUSE] PASS capture writes species_00.png
[DREAM ECOLOGY WAREHOUSE] PASS capture writes species_01.png
[DREAM ECOLOGY WAREHOUSE] PASS capture writes species_02.png
[DREAM ECOLOGY WAREHOUSE] PASS capture writes species_03.png
[DREAM ECOLOGY WAREHOUSE] PASS capture writes species_04.png
[DREAM ECOLOGY WAREHOUSE] PASS capture writes species_05.png
[DREAM ECOLOGY WAREHOUSE] PASS capture writes species_06.png
[DREAM ECOLOGY WAREHOUSE] PASS capture writes species_07.png
[DREAM ECOLOGY WAREHOUSE] PASS capture writes species_08.png
[DREAM ECOLOGY WAREHOUSE] PASS capture writes species_09.png
[DREAM ECOLOGY WAREHOUSE] PASS capture writes species_10.png
[DREAM ECOLOGY WAREHOUSE] PASS capture writes species_11.png
[DREAM ECOLOGY WAREHOUSE] PASS capture writes species_12.png
[DREAM ECOLOGY WAREHOUSE] PASS capture writes species_13.png
[DREAM ECOLOGY WAREHOUSE] PASS capture writes species_14.png
[DREAM ECOLOGY WAREHOUSE] PASS capture writes species_15.png
[DREAM ECOLOGY WAREHOUSE] PASS exhibit owner is retired
[DREAM ECOLOGY WAREHOUSE] PASS retained departed materials release the voxel sampler
[DREAM ECOLOGY WAREHOUSE] 105/105 passed
