Godot Engine v4.7.1.stable.official.a13da4feb - https://godotengine.org
Vulkan 1.4.341 - Forward+ - Using Device #0: NVIDIA - NVIDIA GeForce RTX 4080

[ACOUSTIC] 550 nodes loaded
--res://shaders/dream_tessellate_translucent.gdshader--
    2 | render_mode unshaded, cull_back, depth_draw_never;
    3 | 
E   4-> #include "res://shaders/dream_fauna_surface.gdshaderinc"
    5 | 
--res://shaders/dream_fauna_surface.gdshaderinc--
   79 |  + birthing * (1.0 - reabsorbing) * (1.0 + min(sub, 1.0))
   80 |  + (1.0 - birthing) * (1.0 - reabsorbing) * settled;
E  81-> }
   82 | 
   83 | 
--res://shaders/dream_tessellate_interior.gdshaderinc--
   43 |  vec3 world_ray=cloud_x*ray.x+cloud_y*ray.y+cloud_z*ray.z;
   44 |  float world_scale=length(world_ray);
E  45->  float depth=texture(cytoplasm_scene_depth,SCREEN_UV).r;
   46 |  if(depth>0.000001) {
   47 |  vec4 opaque=INV_PROJECTION_MATRIX*vec4(SCREEN_UV*2.0-1.0,depth,1.0);
PRODUCTION SHADERS: ["res://shaders/dream_klimt.gdshader", "res://shaders/dream_lineage_gold.gdshader", "res://shaders/dream_fauna.gdshader"]
DREAM MATERIAL: 46 checks; 0 failures
ERROR: 1 RID allocations of type 'N17RendererSceneCull8InstanceE' were leaked at exit.
