WARNING: no legal wall for found piece cam_noel_witches
   at: push_warning (core/variant/variant_utility.cpp:1033)
   GDScript backtrace (most recent call first):
       [0] _place_wall_piece (res://scripts/building/found_art_pass.gd:54)
       [1] build (res://scripts/building/found_art_pass.gd:21)
       [2] _ready (res://scripts/building/building_root.gd:554)
       [3] _in_world (res://tests/dream_critter_test.gd:170)
       [4] _run (res://tests/dream_critter_test.gd:150)
ERROR: No wall-safe resident route on F05: (-9.4172, 12.83, 2.886) -> (1.925, 12.83, 7.4)
   at: push_error (core/variant/variant_utility.cpp:1023)
   GDScript backtrace (most recent call first):
       [0] route (res://scripts/characters/resident_nav.gd:440)
       [1] _set_route (res://scripts/characters/resident_routines.gd:1024)
       [2] _begin_trip (res://scripts/characters/resident_routines.gd:957)
       [3] _step (res://scripts/characters/resident_routines.gd:717)
       [4] _process (res://scripts/characters/resident_routines.gd:645)
ERROR: No wall-safe resident route on F04: (9.7428, 9.63, 3.205) -> (2.31, 9.6, 1.46)
   at: push_error (core/variant/variant_utility.cpp:1023)
   GDScript backtrace (most recent call first):
       [0] route (res://scripts/characters/resident_nav.gd:440)
       [1] stair_route (res://scripts/characters/resident_nav.gd:1028)
       [2] _begin_trip (res://scripts/characters/resident_routines.gd:953)
       [3] _step (res://scripts/characters/resident_routines.gd:717)
       [4] _process (res://scripts/characters/resident_routines.gd:645)
ERROR: No wall-safe resident route on F01: (-2.31, 0.0, 1.46) -> (2.2, 0.03, 8.3)
   at: push_error (core/variant/variant_utility.cpp:1023)
   GDScript backtrace (most recent call first):
       [0] route (res://scripts/characters/resident_nav.gd:440)
       [1] stair_route (res://scripts/characters/resident_nav.gd:1043)
       [2] _begin_trip (res://scripts/characters/resident_routines.gd:953)
       [3] _step (res://scripts/characters/resident_routines.gd:717)
       [4] _process (res://scripts/characters/resident_routines.gd:645)
ERROR: No wall-safe resident route on F01: (-9.4172, 0.03, 2.886) -> (-8.468472, 0.03, 1.399469)
   at: push_error (core/variant/variant_utility.cpp:1023)
   GDScript backtrace (most recent call first):
       [0] route (res://scripts/characters/resident_nav.gd:440)
       [1] _set_route (res://scripts/characters/resident_routines.gd:1024)
       [2] _step (res://scripts/characters/resident_routines.gd:720)
       [3] _process (res://scripts/characters/resident_routines.gd:645)
ERROR: No wall-safe resident route on F02: (-9.4172, 3.23, 2.886) -> (2.31, 3.2, 1.46)
   at: push_error (core/variant/variant_utility.cpp:1023)
   GDScript backtrace (most recent call first):
       [0] route (res://scripts/characters/resident_nav.gd:440)
       [1] stair_route (res://scripts/characters/resident_nav.gd:1028)
       [2] _begin_trip (res://scripts/characters/resident_routines.gd:953)
       [3] _step (res://scripts/characters/resident_routines.gd:717)
       [4] _process (res://scripts/characters/resident_routines.gd:645)
ERROR: No wall-safe resident route on F01: (-2.31, 0.0, 1.46) -> (-2.2, 0.03, 1.2)
   at: push_error (core/variant/variant_utility.cpp:1023)
   GDScript backtrace (most recent call first):
       [0] route (res://scripts/characters/resident_nav.gd:440)
       [1] stair_route (res://scripts/characters/resident_nav.gd:1043)
       [2] _begin_trip (res://scripts/characters/resident_routines.gd:953)
       [3] _step (res://scripts/characters/resident_routines.gd:717)
       [4] _process (res://scripts/characters/resident_routines.gd:645)
ERROR: No wall-safe resident route on F03: (-9.4172, 6.43, -4.8914) -> (2.31, 6.4, 1.46)
   at: push_error (core/variant/variant_utility.cpp:1023)
   GDScript backtrace (most recent call first):
       [0] route (res://scripts/characters/resident_nav.gd:440)
       [1] stair_route (res://scripts/characters/resident_nav.gd:1028)
       [2] _begin_trip (res://scripts/characters/resident_routines.gd:953)
       [3] _step (res://scripts/characters/resident_routines.gd:717)
       [4] _process (res://scripts/characters/resident_routines.gd:645)
ERROR: No wall-safe resident route on B1: (-2.31, -2.8, 1.46) -> (0.0, -2.77, -5.0)
   at: push_error (core/variant/variant_utility.cpp:1023)
   GDScript backtrace (most recent call first):
       [0] route (res://scripts/characters/resident_nav.gd:440)
       [1] stair_route (res://scripts/characters/resident_nav.gd:1043)
       [2] _begin_trip (res://scripts/characters/resident_routines.gd:953)
       [3] _step (res://scripts/characters/resident_routines.gd:717)
       [4] _process (res://scripts/characters/resident_routines.gd:645)
ERROR: No wall-safe resident route on F02: (-9.4172, 3.23, -4.8914) -> (-2.31, 3.2, 1.46)
   at: push_error (core/variant/variant_utility.cpp:1023)
   GDScript backtrace (most recent call first):
       [0] route (res://scripts/characters/resident_nav.gd:440)
       [1] stair_route (res://scripts/characters/resident_nav.gd:1028)
       [2] _begin_trip (res://scripts/characters/resident_routines.gd:953)
       [3] _step (res://scripts/characters/resident_routines.gd:717)
       [4] _process (res://scripts/characters/resident_routines.gd:645)
ERROR: No wall-safe resident route on F03: (2.31, 6.4, 1.46) -> (-9.6, 6.43, -1.1)
   at: push_error (core/variant/variant_utility.cpp:1023)
   GDScript backtrace (most recent call first):
       [0] route (res://scripts/characters/resident_nav.gd:440)
       [1] stair_route (res://scripts/characters/resident_nav.gd:1043)
       [2] _begin_trip (res://scripts/characters/resident_routines.gd:953)
       [3] _step (res://scripts/characters/resident_routines.gd:717)
       [4] _process (res://scripts/characters/resident_routines.gd:645)
ERROR: No wall-safe resident route on F04: (-9.4172, 9.63, 2.886) -> (2.31, 9.6, 1.46)
   at: push_error (core/variant/variant_utility.cpp:1023)
   GDScript backtrace (most recent call first):
       [0] route (res://scripts/characters/resident_nav.gd:440)
       [1] stair_route (res://scripts/characters/resident_nav.gd:1028)
       [2] _begin_trip (res://scripts/characters/resident_routines.gd:953)
       [3] _step (res://scripts/characters/resident_routines.gd:717)
       [4] _process (res://scripts/characters/resident_routines.gd:645)
ERROR: No wall-safe resident route on F01: (-2.31, 0.0, 1.46) -> (0.0, 0.03, 8.6)
   at: push_error (core/variant/variant_utility.cpp:1023)
   GDScript backtrace (most recent call first):
       [0] route (res://scripts/characters/resident_nav.gd:440)
       [1] stair_route (res://scripts/characters/resident_nav.gd:1043)
       [2] _begin_trip (res://scripts/characters/resident_routines.gd:953)
       [3] _step (res://scripts/characters/resident_routines.gd:717)
       [4] _process (res://scripts/characters/resident_routines.gd:645)
ERROR: No wall-safe resident route on F01: (8.612698, 0.03, 3.528157) -> (-2.45, 0.03, 9.22)
   at: push_error (core/variant/variant_utility.cpp:1023)
   GDScript backtrace (most recent call first):
       [0] route (res://scripts/characters/resident_nav.gd:440)
       [1] _set_route (res://scripts/characters/resident_routines.gd:1024)
       [2] _begin_trip (res://scripts/characters/resident_routines.gd:936)
       [3] _step (res://scripts/characters/resident_routines.gd:717)
       [4] _process (res://scripts/characters/resident_routines.gd:645)
ERROR: No wall-safe resident route on F03: (-9.4172, 6.43, 2.886) -> (-2.31, 6.4, 1.46)
   at: push_error (core/variant/variant_utility.cpp:1023)
   GDScript backtrace (most recent call first):
       [0] route (res://scripts/characters/resident_nav.gd:440)
       [1] stair_route (res://scripts/characters/resident_nav.gd:1028)
       [2] _begin_trip (res://scripts/characters/resident_routines.gd:953)
       [3] _step (res://scripts/characters/resident_routines.gd:717)
       [4] _process (res://scripts/characters/resident_routines.gd:645)
ERROR: No wall-safe resident route on ROOF: (2.31, 19.2, 1.46) -> (-2.0, 19.23, -6.0)
   at: push_error (core/variant/variant_utility.cpp:1023)
   GDScript backtrace (most recent call first):
       [0] route (res://scripts/characters/resident_nav.gd:440)
       [1] stair_route (res://scripts/characters/resident_nav.gd:1043)
       [2] _begin_trip (res://scripts/characters/resident_routines.gd:953)
       [3] _step (res://scripts/characters/resident_routines.gd:717)
       [4] _process (res://scripts/characters/resident_routines.gd:645)
ERROR: No wall-safe resident route on F06: (-9.4172, 16.03, -4.8914) -> (2.31, 16.0, 1.46)
   at: push_error (core/variant/variant_utility.cpp:1023)
   GDScript backtrace (most recent call first):
       [0] route (res://scripts/characters/resident_nav.gd:440)
       [1] stair_route (res://scripts/characters/resident_nav.gd:1028)
       [2] _begin_trip (res://scripts/characters/resident_routines.gd:953)
       [3] _step (res://scripts/characters/resident_routines.gd:717)
       [4] _process (res://scripts/characters/resident_routines.gd:645)
ERROR: No wall-safe resident route on F02: (-2.31, 3.2, 1.46) -> (-2.2, 3.23, 1.2)
   at: push_error (core/variant/variant_utility.cpp:1023)
   GDScript backtrace (most recent call first):
       [0] route (res://scripts/characters/resident_nav.gd:440)
       [1] stair_route (res://scripts/characters/resident_nav.gd:1043)
       [2] _begin_trip (res://scripts/characters/resident_routines.gd:953)
       [3] _step (res://scripts/characters/resident_routines.gd:717)
       [4] _process (res://scripts/characters/resident_routines.gd:645)
ERROR: No wall-safe resident route on F02: (9.7428, 3.23, -3.2554) -> (-2.31, 3.2, 1.46)
   at: push_error (core/variant/variant_utility.cpp:1023)
   GDScript backtrace (most recent call first):
       [0] route (res://scripts/characters/resident_nav.gd:440)
       [1] stair_route (res://scripts/characters/resident_nav.gd:1028)
       [2] _begin_trip (res://scripts/characters/resident_routines.gd:953)
       [3] _step (res://scripts/characters/resident_routines.gd:717)
       [4] _process (res://scripts/characters/resident_routines.gd:645)
ERROR: No wall-safe resident route on F03: (2.31, 6.4, 1.46) -> (0.0, 6.43, -5.0)
   at: push_error (core/variant/variant_utility.cpp:1023)
   GDScript backtrace (most recent call first):
       [0] route (res://scripts/characters/resident_nav.gd:440)
       [1] stair_route (res://scripts/characters/resident_nav.gd:1043)
       [2] _begin_trip (res://scripts/characters/resident_routines.gd:953)
       [3] _step (res://scripts/characters/resident_routines.gd:717)
       [4] _process (res://scripts/characters/resident_routines.gd:645)
ERROR: No wall-safe resident route on F03: (9.825958, 6.43, 2.444564) -> (10.52383, 6.43, 4.267613)
   at: push_error (core/variant/variant_utility.cpp:1023)
   GDScript backtrace (most recent call first):
       [0] route (res://scripts/characters/resident_nav.gd:440)
       [1] _set_route (res://scripts/characters/resident_routines.gd:1024)
       [2] _step (res://scripts/characters/resident_routines.gd:720)
       [3] _process (res://scripts/characters/resident_routines.gd:645)
ERROR: No wall-safe resident route on F01: (-9.4172, 0.03, 2.886) -> (4.55, 0.03, 8.85)
   at: push_error (core/variant/variant_utility.cpp:1023)
   GDScript backtrace (most recent call first):
       [0] route (res://scripts/characters/resident_nav.gd:440)
       [1] _set_route (res://scripts/characters/resident_routines.gd:1024)
       [2] _begin_trip (res://scripts/characters/resident_routines.gd:936)
       [3] _step (res://scripts/characters/resident_routines.gd:717)
       [4] _process (res://scripts/characters/resident_routines.gd:645)
ERROR: No wall-safe resident route on F05: (9.719252, 12.83, -4.053865) -> (-2.31, 12.8, 1.46)
   at: push_error (core/variant/variant_utility.cpp:1023)
   GDScript backtrace (most recent call first):
       [0] route (res://scripts/characters/resident_nav.gd:440)
       [1] stair_route (res://scripts/characters/resident_nav.gd:1028)
       [2] _begin_trip (res://scripts/characters/resident_routines.gd:953)
       [3] _step (res://scripts/characters/resident_routines.gd:717)
       [4] _process (res://scripts/characters/resident_routines.gd:645)
ERROR: No wall-safe resident route on F04: (1.925, 9.63, 7.4) -> (2.2, 9.63, -1.0)
   at: push_error (core/variant/variant_utility.cpp:1023)
   GDScript backtrace (most recent call first):
       [0] route (res://scripts/characters/resident_nav.gd:440)
       [1] _set_route (res://scripts/characters/resident_routines.gd:1024)
       [2] _step (res://scripts/characters/resident_routines.gd:774)
       [3] _process (res://scripts/characters/resident_routines.gd:645)
ERROR: No wall-safe resident route on F01: (-9.4172, 0.03, 2.886) -> (-9.4172, 0.03, 2.886)
   at: push_error (core/variant/variant_utility.cpp:1023)
   GDScript backtrace (most recent call first):
       [0] route (res://scripts/characters/resident_nav.gd:440)
       [1] _set_route (res://scripts/characters/resident_routines.gd:1024)
       [2] _begin_trip (res://scripts/characters/resident_routines.gd:936)
       [3] _step (res://scripts/characters/resident_routines.gd:832)
       [4] _process (res://scripts/characters/resident_routines.gd:645)
ERROR: No wall-safe resident route on F04: (1.925, 9.63, 7.4) -> (-9.6, 9.63, -1.1)
   at: push_error (core/variant/variant_utility.cpp:1023)
   GDScript backtrace (most recent call first):
       [0] route (res://scripts/characters/resident_nav.gd:440)
       [1] _set_route (res://scripts/characters/resident_routines.gd:1024)
       [2] _step (res://scripts/characters/resident_routines.gd:774)
       [3] _process (res://scripts/characters/resident_routines.gd:645)
ERROR: No wall-safe resident route on F03: (2.309999, 6.324753, 1.322673) -> (2.31, 6.4, 1.46)
   at: push_error (core/variant/variant_utility.cpp:1023)
   GDScript backtrace (most recent call first):
       [0] route (res://scripts/characters/resident_nav.gd:440)
       [1] stair_route (res://scripts/characters/resident_nav.gd:1028)
       [2] _begin_trip (res://scripts/characters/resident_routines.gd:953)
       [3] _step (res://scripts/characters/resident_routines.gd:832)
       [4] _process (res://scripts/characters/resident_routines.gd:645)
ERROR: No wall-safe resident route on F02: (-2.31, 3.2, 1.46) -> (-9.4172, 3.23, -4.8914)
   at: push_error (core/variant/variant_utility.cpp:1023)
   GDScript backtrace (most recent call first):
       [0] route (res://scripts/characters/resident_nav.gd:440)
       [1] stair_route (res://scripts/characters/resident_nav.gd:1043)
       [2] _begin_trip (res://scripts/characters/resident_routines.gd:953)
       [3] _step (res://scripts/characters/resident_routines.gd:832)
       [4] _process (res://scripts/characters/resident_routines.gd:645)
