WARNING: no legal wall for found piece cam_noel_witches
   at: push_warning (core/variant/variant_utility.cpp:1033)
   GDScript backtrace (most recent call first):
       [0] _place_wall_piece (res://scripts/building/found_art_pass.gd:54)
       [1] build (res://scripts/building/found_art_pass.gd:21)
       [2] _ready (res://scripts/building/building_root.gd:554)
       [3] _run (res://tests/dream_ecology_entry_test.gd:15)
ERROR: No wall-safe resident route on F02: (9.7428, 3.23, -3.2554) -> (10.18375, 3.23, -1.810024)
   at: push_error (core/variant/variant_utility.cpp:1023)
   GDScript backtrace (most recent call first):
       [0] route (res://scripts/characters/resident_nav.gd:440)
       [1] _set_route (res://scripts/characters/resident_routines.gd:1024)
       [2] _scheduled_decision (res://scripts/characters/resident_routines.gd:490)
       [3] _step (res://scripts/characters/resident_routines.gd:696)
       [4] _process (res://scripts/characters/resident_routines.gd:645)
ERROR: No wall-safe resident route on F02: (-9.4172, 3.23, -4.8914) -> (2.31, 3.2, 1.46)
   at: push_error (core/variant/variant_utility.cpp:1023)
   GDScript backtrace (most recent call first):
       [0] route (res://scripts/characters/resident_nav.gd:440)
       [1] stair_route (res://scripts/characters/resident_nav.gd:1028)
       [2] _begin_trip (res://scripts/characters/resident_routines.gd:953)
       [3] _scheduled_decision (res://scripts/characters/resident_routines.gd:501)
       [4] _step (res://scripts/characters/resident_routines.gd:696)
       [5] _process (res://scripts/characters/resident_routines.gd:645)
ERROR: No wall-safe resident route on F01: (-2.31, 0.0, 1.46) -> (-1.9, 0.06, 8.75)
   at: push_error (core/variant/variant_utility.cpp:1023)
   GDScript backtrace (most recent call first):
       [0] route (res://scripts/characters/resident_nav.gd:440)
       [1] stair_route (res://scripts/characters/resident_nav.gd:1043)
       [2] _begin_trip (res://scripts/characters/resident_routines.gd:953)
       [3] _scheduled_decision (res://scripts/characters/resident_routines.gd:501)
       [4] _step (res://scripts/characters/resident_routines.gd:696)
       [5] _process (res://scripts/characters/resident_routines.gd:645)
ERROR: No wall-safe resident route on F01: (-9.4172, 0.03, 2.886) -> (-8.215637, 0.03, 1.385629)
   at: push_error (core/variant/variant_utility.cpp:1023)
   GDScript backtrace (most recent call first):
       [0] route (res://scripts/characters/resident_nav.gd:440)
       [1] _set_route (res://scripts/characters/resident_routines.gd:1024)
       [2] _scheduled_decision (res://scripts/characters/resident_routines.gd:490)
       [3] _step (res://scripts/characters/resident_routines.gd:696)
       [4] _process (res://scripts/characters/resident_routines.gd:645)
ERROR: No wall-safe resident route on F06: (9.7428, 16.03, -3.2554) -> (9.171552, 16.03, -1.777818)
   at: push_error (core/variant/variant_utility.cpp:1023)
   GDScript backtrace (most recent call first):
       [0] route (res://scripts/characters/resident_nav.gd:440)
       [1] _set_route (res://scripts/characters/resident_routines.gd:1024)
       [2] _scheduled_decision (res://scripts/characters/resident_routines.gd:490)
       [3] _step (res://scripts/characters/resident_routines.gd:696)
       [4] _process (res://scripts/characters/resident_routines.gd:645)
ERROR: No wall-safe resident route on F05: (9.7428, 12.83, -3.2554) -> (9.339053, 12.83, -2.313419)
   at: push_error (core/variant/variant_utility.cpp:1023)
   GDScript backtrace (most recent call first):
       [0] route (res://scripts/characters/resident_nav.gd:440)
       [1] _set_route (res://scripts/characters/resident_routines.gd:1024)
       [2] _scheduled_decision (res://scripts/characters/resident_routines.gd:490)
       [3] _step (res://scripts/characters/resident_routines.gd:696)
       [4] _process (res://scripts/characters/resident_routines.gd:645)
ERROR: No wall-safe resident route on F04: (9.2628, 9.63, -3.2554) -> (1.925, 9.63, 7.4)
   at: push_error (core/variant/variant_utility.cpp:1023)
   GDScript backtrace (most recent call first):
       [0] route (res://scripts/characters/resident_nav.gd:440)
       [1] _set_route (res://scripts/characters/resident_routines.gd:1024)
       [2] _begin_trip (res://scripts/characters/resident_routines.gd:957)
       [3] _scheduled_decision (res://scripts/characters/resident_routines.gd:501)
       [4] _step (res://scripts/characters/resident_routines.gd:696)
       [5] _process (res://scripts/characters/resident_routines.gd:645)
