FABRICATION STAGE: art/blender/scripts/build_photo_radio_fittings.py
C:\PleaseRemainOnTheLine\art\blender\scripts\build_photo_radio_fittings.py:65: DeprecationWarning: 'Material.use_nodes' is expected to be removed in Blender 6.0
  mat=bpy.data.materials.new(key);mat.use_nodes=True;materials[key]=mat
Info: Saved as "photo_radio_fittings.blend"
INFO Draco is available, use library at C:\Program Files\Blender Foundation\Blender 5.2\5.2\scripts\addons_core\io_scene_gltf2\bf_intern_draco_bridge.dll
INFO MeshOptimizer is available, use library at C:\Program Files\Blender Foundation\Blender 5.2\5.2\scripts\addons_core\io_scene_gltf2\bf_intern_meshopt_bridge.dll
14:10:32 | INFO: Starting glTF 2.0 export
14:10:32 | INFO: Extracting primitive: storm_shop_photo_supplies_dr_door__fabric_warm
14:10:32 | INFO: Primitives created: 1
14:10:32 | INFO: Extracting primitive: storm_shop_photo_supplies_dr_door__iron_blackened
14:10:32 | INFO: Primitives created: 1
14:10:32 | INFO: Extracting primitive: storm_shop_photo_supplies_dr_door__wood_dark
14:10:32 | INFO: Primitives created: 1
14:10:32 | INFO: Extracting primitive: storm_shop_photo_supplies_dr_lamp__iron_blackened
14:10:32 | INFO: Primitives created: 1
14:10:32 | INFO: Extracting primitive: storm_shop_photo_supplies_dr_lamp__milk_glass
14:10:32 | INFO: Primitives created: 1
14:10:32 | INFO: Extracting primitive: storm_shop_radio_service_window_plinth__plywood
14:10:32 | INFO: Primitives created: 1
14:10:32 | INFO: Extracting primitive: storm_shop_radio_service_window_plinth__wood_dark
14:10:32 | INFO: Primitives created: 1
14:10:32 | INFO: Finished glTF 2.0 export in 0.028925180435180664 s

PHOTO RADIO FITTINGS 4 original records; 3 assemblies; 50 closed stocks; 7 parts; 11488 triangles; 15 foot contacts
FABRICATION STAGE: art/blender/scripts/inspect_photo_radio_fittings.py
00:03.719  blend            | Read blend: "C:\PleaseRemainOnTheLine\art\blender\photo_radio_fittings.blend"
C:\PleaseRemainOnTheLine\art\blender\scripts\inspect_photo_radio_fittings.py:56: DeprecationWarning: 'World.use_nodes' is expected to be removed in Blender 6.0
  scene.world=bpy.data.worlds.new('Inspection');scene.world.use_nodes=True
14:10:34 | INFO: Data are loaded, start creating Blender stuff
14:10:34 | INFO: Blender create Mesh node F01_OWN_PASSAGE_retail_passage_shell_bakelite_black-col
14:10:34 | INFO: Blender create Mesh node F01_OWN_PASSAGE_retail_passage_shell_brass_dull
14:10:34 | INFO: Blender create Mesh node F01_OWN_PASSAGE_retail_passage_shell_brass_dull-col
14:10:34 | INFO: Blender create Mesh node F01_OWN_PASSAGE_retail_passage_shell_cast_iron
14:10:34 | INFO: Blender create Mesh node F01_OWN_PASSAGE_retail_passage_shell_cast_iron-col
14:10:34 | INFO: Blender create Mesh node F01_OWN_PASSAGE_retail_passage_shell_common_brick-col
14:10:34 | INFO: Blender create Mesh node F01_OWN_PASSAGE_retail_passage_shell_concrete-col
14:10:34 | INFO: Blender create Mesh node F01_OWN_PASSAGE_retail_passage_shell_glassish-col
14:10:34 | INFO: Blender create Mesh node F01_OWN_PASSAGE_retail_passage_shell_limestone-col
14:10:34 | INFO: Blender create Mesh node F01_OWN_PASSAGE_retail_passage_shell_metal
14:10:34 | INFO: Blender create Mesh node F01_OWN_PASSAGE_retail_passage_shell_milk_glass-col
14:10:34 | INFO: Blender create Mesh node F01_OWN_PASSAGE_retail_passage_shell_paper-col
14:10:34 | INFO: Blender create Mesh node F01_OWN_PASSAGE_retail_passage_shell_plaster-col
14:10:34 | INFO: Blender create Mesh node F01_OWN_PASSAGE_retail_passage_shell_plaster_stained-col
14:10:34 | INFO: Blender create Mesh node F01_OWN_PASSAGE_retail_passage_shell_soot-col
14:10:34 | INFO: Blender create Mesh node F01_OWN_PASSAGE_retail_passage_shell_terrazzo
14:10:34 | INFO: Blender create Mesh node F01_OWN_PASSAGE_retail_passage_shell_terrazzo-col
14:10:34 | INFO: Blender create Mesh node F01_OWN_PASSAGE_retail_passage_shell_terrazzo_dark
14:10:34 | INFO: Blender create Mesh node F01_OWN_PASSAGE_retail_passage_shell_trim-col
14:10:34 | INFO: Blender create Mesh node F01_OWN_PASSAGE_retail_passage_shell_wood_dark-col
14:10:34 | INFO: Blender create Mesh node F01_OWN_PASSAGE_retail_shop_funeral_parlour_limestone-col
14:10:34 | INFO: Blender create Mesh node F01_OWN_PASSAGE_retail_shop_hardware_paint_wood_dark-col
14:10:34 | INFO: Blender create Mesh node F01_OWN_PASSAGE_retail_shop_keys_cut_common_brick-col
14:10:34 | INFO: Blender create Mesh node F01_OWN_PASSAGE_retail_shop_luncheonette_chrome-col
14:10:34 | INFO: Blender create Mesh node F01_OWN_PASSAGE_retail_shop_model_laundry_plaster_stained-col
14:10:34 | INFO: Blender create Mesh node F01_OWN_PASSAGE_retail_shop_news_cigars_wood_dark-col
14:10:34 | INFO: Blender create Mesh node F01_OWN_PASSAGE_retail_shop_otis___son_limestone-col
14:10:34 | INFO: Blender create Mesh node F01_OWN_PASSAGE_retail_shop_pawnbroker_common_brick-col
14:10:34 | INFO: Blender create Mesh node F01_OWN_PASSAGE_retail_shop_photo_supplies_plaster_stained-col
14:10:34 | INFO: Blender create Mesh node F01_OWN_PASSAGE_retail_shop_radio_service_wood_dark-col
14:10:34 | INFO: Blender create Mesh node F01_OWN_PASSAGE_retail_shop_shoe_rebuilding_wood_dark-col
14:10:34 | INFO: glTF import finished in 0.10s
14:10:34 | INFO: Data are loaded, start creating Blender stuff
14:10:34 | INFO: Blender create Mesh node F01_OWN_SHOP_PHOTO_SUPPLIES_retail_shop_photo_supplies_awning_vinyl-col
14:10:34 | INFO: Blender create Mesh node F01_OWN_SHOP_PHOTO_SUPPLIES_retail_shop_photo_supplies_bakelite
14:10:34 | INFO: Blender create Mesh node F01_OWN_SHOP_PHOTO_SUPPLIES_retail_shop_photo_supplies_bakelite_black
14:10:34 | INFO: Blender create Mesh node F01_OWN_SHOP_PHOTO_SUPPLIES_retail_shop_photo_supplies_bakelite_black-col
14:10:34 | INFO: Blender create Mesh node F01_OWN_SHOP_PHOTO_SUPPLIES_retail_shop_photo_supplies_book_ochre-col
14:10:34 | INFO: Blender create Mesh node F01_OWN_SHOP_PHOTO_SUPPLIES_retail_shop_photo_supplies_book_teal-col
14:10:34 | INFO: Blender create Mesh node F01_OWN_SHOP_PHOTO_SUPPLIES_retail_shop_photo_supplies_brass
14:10:34 | INFO: Blender create Mesh node F01_OWN_SHOP_PHOTO_SUPPLIES_retail_shop_photo_supplies_brass_bright-col
14:10:34 | INFO: Blender create Mesh node F01_OWN_SHOP_PHOTO_SUPPLIES_retail_shop_photo_supplies_brass_dull-col
14:10:34 | INFO: Blender create Mesh node F01_OWN_SHOP_PHOTO_SUPPLIES_retail_shop_photo_supplies_cast_iron-col
14:10:34 | INFO: Blender create Mesh node F01_OWN_SHOP_PHOTO_SUPPLIES_retail_shop_photo_supplies_chrome
14:10:34 | INFO: Blender create Mesh node F01_OWN_SHOP_PHOTO_SUPPLIES_retail_shop_photo_supplies_concrete-col
14:10:34 | INFO: Blender create Mesh node F01_OWN_SHOP_PHOTO_SUPPLIES_retail_shop_photo_supplies_enamel
14:10:34 | INFO: Blender create Mesh node F01_OWN_SHOP_PHOTO_SUPPLIES_retail_shop_photo_supplies_enamel-col
14:10:34 | INFO: Blender create Mesh node F01_OWN_SHOP_PHOTO_SUPPLIES_retail_shop_photo_supplies_felt_violet-col
14:10:34 | INFO: Blender create Mesh node F01_OWN_SHOP_PHOTO_SUPPLIES_retail_shop_photo_supplies_fx_shadow
14:10:34 | INFO: Blender create Mesh node F01_OWN_SHOP_PHOTO_SUPPLIES_retail_shop_photo_supplies_glassish-col
14:10:34 | INFO: Blender create Mesh node F01_OWN_SHOP_PHOTO_SUPPLIES_retail_shop_photo_supplies_hull-colonly
14:10:34 | INFO: Blender create Mesh node F01_OWN_SHOP_PHOTO_SUPPLIES_retail_shop_photo_supplies_lacquer_red-col
14:10:34 | INFO: Blender create Mesh node F01_OWN_SHOP_PHOTO_SUPPLIES_retail_shop_photo_supplies_linoleum-col
14:10:34 | INFO: Blender create Mesh node F01_OWN_SHOP_PHOTO_SUPPLIES_retail_shop_photo_supplies_metal-col
14:10:34 | INFO: Blender create Mesh node F01_OWN_SHOP_PHOTO_SUPPLIES_retail_shop_photo_supplies_milk_glass
14:10:34 | INFO: Blender create Mesh node F01_OWN_SHOP_PHOTO_SUPPLIES_retail_shop_photo_supplies_nickel_plated-col
14:10:34 | INFO: Blender create Mesh node F01_OWN_SHOP_PHOTO_SUPPLIES_retail_shop_photo_supplies_paper-col
14:10:34 | INFO: Blender create Mesh node F01_OWN_SHOP_PHOTO_SUPPLIES_retail_shop_photo_supplies_plaster-col
14:10:34 | INFO: Blender create Mesh node F01_OWN_SHOP_PHOTO_SUPPLIES_retail_shop_photo_supplies_plaster_stained-col
14:10:34 | INFO: Blender create Mesh node F01_OWN_SHOP_PHOTO_SUPPLIES_retail_shop_photo_supplies_plywood-col
14:10:34 | INFO: Blender create Mesh node F01_OWN_SHOP_PHOTO_SUPPLIES_retail_shop_photo_supplies_screen
14:10:34 | INFO: Blender create Mesh node F01_OWN_SHOP_PHOTO_SUPPLIES_retail_shop_photo_supplies_terracotta
14:10:34 | INFO: Blender create Mesh node F01_OWN_SHOP_PHOTO_SUPPLIES_retail_shop_photo_supplies_timber-col
14:10:34 | INFO: Blender create Mesh node F01_OWN_SHOP_PHOTO_SUPPLIES_retail_shop_photo_supplies_tin_ceiling-col
14:10:34 | INFO: Blender create Mesh node F01_OWN_SHOP_PHOTO_SUPPLIES_retail_shop_photo_supplies_trim-col
14:10:34 | INFO: Blender create Mesh node F01_OWN_SHOP_PHOTO_SUPPLIES_retail_shop_photo_supplies_wainscot-col
14:10:34 | INFO: Blender create Mesh node F01_OWN_SHOP_PHOTO_SUPPLIES_retail_shop_photo_supplies_wood_dark-col
14:10:34 | INFO: Blender create Mesh node F01_OWN_SHOP_PHOTO_SUPPLIES_wear_fx_scuff
14:10:34 | INFO: glTF import finished in 0.08s
00:07.531  render           | Saved: 'C:\PleaseRemainOnTheLine\tmp\v2-finish-review\photo-radio-native\photo_darkroom.png'
00:09.531  render           | Saved: 'C:\PleaseRemainOnTheLine\tmp\v2-finish-review\photo-radio-native\photo_red_lamp.png'
00:16.891  render           | Saved: 'C:\PleaseRemainOnTheLine\tmp\v2-finish-review\photo-radio-native\photo_context.png'
14:10:46 | INFO: Data are loaded, start creating Blender stuff
14:10:46 | INFO: Blender create Mesh node F01_OWN_SHOP_RADIO_SERVICE_retail_shop_radio_service_appliance-col
14:10:46 | INFO: Blender create Mesh node F01_OWN_SHOP_RADIO_SERVICE_retail_shop_radio_service_awning_vinyl-col
14:10:46 | INFO: Blender create Mesh node F01_OWN_SHOP_RADIO_SERVICE_retail_shop_radio_service_bakelite
14:10:46 | INFO: Blender create Mesh node F01_OWN_SHOP_RADIO_SERVICE_retail_shop_radio_service_bakelite_black
14:10:46 | INFO: Blender create Mesh node F01_OWN_SHOP_RADIO_SERVICE_retail_shop_radio_service_bakelite_black-col
14:10:46 | INFO: Blender create Mesh node F01_OWN_SHOP_RADIO_SERVICE_retail_shop_radio_service_brass
14:10:46 | INFO: Blender create Mesh node F01_OWN_SHOP_RADIO_SERVICE_retail_shop_radio_service_brass_bright-col
14:10:46 | INFO: Blender create Mesh node F01_OWN_SHOP_RADIO_SERVICE_retail_shop_radio_service_brass_dull-col
14:10:46 | INFO: Blender create Mesh node F01_OWN_SHOP_RADIO_SERVICE_retail_shop_radio_service_cast_iron-col
14:10:46 | INFO: Blender create Mesh node F01_OWN_SHOP_RADIO_SERVICE_retail_shop_radio_service_chrome
14:10:46 | INFO: Blender create Mesh node F01_OWN_SHOP_RADIO_SERVICE_retail_shop_radio_service_concrete-col
14:10:46 | INFO: Blender create Mesh node F01_OWN_SHOP_RADIO_SERVICE_retail_shop_radio_service_copper_aged-col
14:10:46 | INFO: Blender create Mesh node F01_OWN_SHOP_RADIO_SERVICE_retail_shop_radio_service_countertop-col
14:10:46 | INFO: Blender create Mesh node F01_OWN_SHOP_RADIO_SERVICE_retail_shop_radio_service_enamel
14:10:46 | INFO: Blender create Mesh node F01_OWN_SHOP_RADIO_SERVICE_retail_shop_radio_service_fabric_warm-col
14:10:46 | INFO: Blender create Mesh node F01_OWN_SHOP_RADIO_SERVICE_retail_shop_radio_service_fx_shadow
14:10:46 | INFO: Blender create Mesh node F01_OWN_SHOP_RADIO_SERVICE_retail_shop_radio_service_glassish-col
14:10:46 | INFO: Blender create Mesh node F01_OWN_SHOP_RADIO_SERVICE_retail_shop_radio_service_hull-colonly
14:10:46 | INFO: Blender create Mesh node F01_OWN_SHOP_RADIO_SERVICE_retail_shop_radio_service_linoleum-col
14:10:46 | INFO: Blender create Mesh node F01_OWN_SHOP_RADIO_SERVICE_retail_shop_radio_service_metal-col
14:10:46 | INFO: Blender create Mesh node F01_OWN_SHOP_RADIO_SERVICE_retail_shop_radio_service_milk_glass
14:10:46 | INFO: Blender create Mesh node F01_OWN_SHOP_RADIO_SERVICE_retail_shop_radio_service_milk_glass-col
14:10:46 | INFO: Blender create Mesh node F01_OWN_SHOP_RADIO_SERVICE_retail_shop_radio_service_nickel_plated-col
14:10:46 | INFO: Blender create Mesh node F01_OWN_SHOP_RADIO_SERVICE_retail_shop_radio_service_paper-col
14:10:46 | INFO: Blender create Mesh node F01_OWN_SHOP_RADIO_SERVICE_retail_shop_radio_service_plaster-col
14:10:46 | INFO: Blender create Mesh node F01_OWN_SHOP_RADIO_SERVICE_retail_shop_radio_service_plaster_stained-col
14:10:46 | INFO: Blender create Mesh node F01_OWN_SHOP_RADIO_SERVICE_retail_shop_radio_service_plywood-col
14:10:46 | INFO: Blender create Mesh node F01_OWN_SHOP_RADIO_SERVICE_retail_shop_radio_service_screen
14:10:46 | INFO: Blender create Mesh node F01_OWN_SHOP_RADIO_SERVICE_retail_shop_radio_service_screen-col
14:10:46 | INFO: Blender create Mesh node F01_OWN_SHOP_RADIO_SERVICE_retail_shop_radio_service_stairwell_teal-col
14:10:46 | INFO: Blender create Mesh node F01_OWN_SHOP_RADIO_SERVICE_retail_shop_radio_service_terracotta
14:10:46 | INFO: Blender create Mesh node F01_OWN_SHOP_RADIO_SERVICE_retail_shop_radio_service_timber-col
14:10:46 | INFO: Blender create Mesh node F01_OWN_SHOP_RADIO_SERVICE_retail_shop_radio_service_trim-col
14:10:46 | INFO: Blender create Mesh node F01_OWN_SHOP_RADIO_SERVICE_retail_shop_radio_service_wainscot-col
14:10:46 | INFO: Blender create Mesh node F01_OWN_SHOP_RADIO_SERVICE_retail_shop_radio_service_wood_dark-col
14:10:46 | INFO: Blender create Mesh node F01_OWN_SHOP_RADIO_SERVICE_wear_fx_scuff
14:10:46 | INFO: glTF import finished in 0.07s
00:19.703  render           | Saved: 'C:\PleaseRemainOnTheLine\tmp\v2-finish-review\photo-radio-native\radio_window.png'
00:21.734  render           | Saved: 'C:\PleaseRemainOnTheLine\tmp\v2-finish-review\photo-radio-native\radio_back.png'
00:29.594  render           | Saved: 'C:\PleaseRemainOnTheLine\tmp\v2-finish-review\photo-radio-native\radio_context.png'
00:38.328  render           | Saved: 'C:\PleaseRemainOnTheLine\tmp\v2-finish-review\photo-radio-native\radio_pavement_context.png'
PHOTO RADIO FITTINGS NATIVE: 50 closed stocks; 3 joined assemblies; 15 bearings; 7 views
{"completed_stages": 2, "elapsed_s": 36.992000000000004}
Blender 5.2.0 LTS (hash fbe6228777e7 built 2026-07-14 01:35:40)

Blender quit
