FABRICATION STAGE: art/blender/scripts/build_laundry_trade.py
C:\PleaseRemainOnTheLine\art\blender\scripts\build_laundry_trade.py:63: DeprecationWarning: 'Material.use_nodes' is expected to be removed in Blender 6.0
  mat=bpy.data.materials.new(key);mat.use_nodes=True;materials[key]=mat
Info: Saved as "laundry_trade.blend"
INFO Draco is available, use library at C:\Program Files\Blender Foundation\Blender 5.2\5.2\scripts\addons_core\io_scene_gltf2\bf_intern_draco_bridge.dll
INFO MeshOptimizer is available, use library at C:\Program Files\Blender Foundation\Blender 5.2\5.2\scripts\addons_core\io_scene_gltf2\bf_intern_meshopt_bridge.dll
10:17:01 | INFO: Starting glTF 2.0 export
10:17:01 | INFO: Extracting primitive: storm_shop_model_laundry_bench__timber
10:17:01 | INFO: Primitives created: 1
10:17:01 | INFO: Extracting primitive: storm_shop_model_laundry_counter__brass_dull
10:17:01 | INFO: Primitives created: 1
10:17:01 | INFO: Extracting primitive: storm_shop_model_laundry_counter__countertop
10:17:01 | INFO: Primitives created: 1
10:17:01 | INFO: Extracting primitive: storm_shop_model_laundry_counter__wood_dark
10:17:01 | INFO: Primitives created: 1
10:17:01 | INFO: Extracting primitive: storm_shop_model_laundry_ledger__paper
10:17:01 | INFO: Primitives created: 1
10:17:01 | INFO: Extracting primitive: storm_shop_model_laundry_ledger__wood_dark
10:17:01 | INFO: Primitives created: 1
10:17:01 | INFO: Extracting primitive: storm_shop_model_laundry_parcel_shelf0__timber
10:17:01 | INFO: Primitives created: 1
10:17:01 | INFO: Extracting primitive: storm_shop_model_laundry_pencil__iron_blackened
10:17:01 | INFO: Primitives created: 1
10:17:01 | INFO: Extracting primitive: storm_shop_model_laundry_pencil__timber
10:17:01 | INFO: Primitives created: 1
10:17:01 | INFO: Extracting primitive: storm_shop_model_laundry_ticket_rail__iron_blackened
10:17:01 | INFO: Primitives created: 1
10:17:01 | INFO: Extracting primitive: storm_shop_model_laundry_ticket_rail__linen
10:17:01 | INFO: Primitives created: 1
10:17:01 | INFO: Extracting primitive: storm_shop_model_laundry_ticket_rail__paper
10:17:01 | INFO: Primitives created: 1
10:17:01 | INFO: Extracting primitive: storm_shop_model_laundry_window_plinth__plywood
10:17:01 | INFO: Primitives created: 1
10:17:01 | INFO: Extracting primitive: storm_shop_model_laundry_window_plinth__wood_dark
10:17:01 | INFO: Primitives created: 1
10:17:01 | INFO: Finished glTF 2.0 export in 0.052291154861450195 s

LAUNDRY TRADE 26 original records; 7 assemblies; 131 closed stocks; 14 parts; 20218 triangles; 29 foot contacts
FABRICATION STAGE: art/blender/scripts/inspect_laundry_trade.py
00:04.734  blend            | Read blend: "C:\PleaseRemainOnTheLine\art\blender\laundry_trade.blend"
10:17:02 | INFO: Data are loaded, start creating Blender stuff
10:17:02 | INFO: Blender create Mesh node F01_OWN_SHOP_MODEL_LAUNDRY_retail_shop_model_laundry_awning_vinyl-col
10:17:02 | INFO: Blender create Mesh node F01_OWN_SHOP_MODEL_LAUNDRY_retail_shop_model_laundry_bakelite
10:17:02 | INFO: Blender create Mesh node F01_OWN_SHOP_MODEL_LAUNDRY_retail_shop_model_laundry_bakelite_black
10:17:02 | INFO: Blender create Mesh node F01_OWN_SHOP_MODEL_LAUNDRY_retail_shop_model_laundry_book_teal-col
10:17:02 | INFO: Blender create Mesh node F01_OWN_SHOP_MODEL_LAUNDRY_retail_shop_model_laundry_brass
10:17:02 | INFO: Blender create Mesh node F01_OWN_SHOP_MODEL_LAUNDRY_retail_shop_model_laundry_brass_bright-col
10:17:02 | INFO: Blender create Mesh node F01_OWN_SHOP_MODEL_LAUNDRY_retail_shop_model_laundry_brass_dull-col
10:17:02 | INFO: Blender create Mesh node F01_OWN_SHOP_MODEL_LAUNDRY_retail_shop_model_laundry_cast_iron-col
10:17:02 | INFO: Blender create Mesh node F01_OWN_SHOP_MODEL_LAUNDRY_retail_shop_model_laundry_chrome-col
10:17:02 | INFO: Blender create Mesh node F01_OWN_SHOP_MODEL_LAUNDRY_retail_shop_model_laundry_concrete-col
10:17:02 | INFO: Blender create Mesh node F01_OWN_SHOP_MODEL_LAUNDRY_retail_shop_model_laundry_countertop-col
10:17:02 | INFO: Blender create Mesh node F01_OWN_SHOP_MODEL_LAUNDRY_retail_shop_model_laundry_enamel
10:17:02 | INFO: Blender create Mesh node F01_OWN_SHOP_MODEL_LAUNDRY_retail_shop_model_laundry_fx_shadow
10:17:02 | INFO: Blender create Mesh node F01_OWN_SHOP_MODEL_LAUNDRY_retail_shop_model_laundry_glassish-col
10:17:02 | INFO: Blender create Mesh node F01_OWN_SHOP_MODEL_LAUNDRY_retail_shop_model_laundry_hull-colonly
10:17:02 | INFO: Blender create Mesh node F01_OWN_SHOP_MODEL_LAUNDRY_retail_shop_model_laundry_linen-col
10:17:02 | INFO: Blender create Mesh node F01_OWN_SHOP_MODEL_LAUNDRY_retail_shop_model_laundry_metal
10:17:02 | INFO: Blender create Mesh node F01_OWN_SHOP_MODEL_LAUNDRY_retail_shop_model_laundry_metal-col
10:17:02 | INFO: Blender create Mesh node F01_OWN_SHOP_MODEL_LAUNDRY_retail_shop_model_laundry_milk_glass
10:17:02 | INFO: Blender create Mesh node F01_OWN_SHOP_MODEL_LAUNDRY_retail_shop_model_laundry_paper-col
10:17:02 | INFO: Blender create Mesh node F01_OWN_SHOP_MODEL_LAUNDRY_retail_shop_model_laundry_plaster-col
10:17:02 | INFO: Blender create Mesh node F01_OWN_SHOP_MODEL_LAUNDRY_retail_shop_model_laundry_plaster_stained-col
10:17:02 | INFO: Blender create Mesh node F01_OWN_SHOP_MODEL_LAUNDRY_retail_shop_model_laundry_plywood-col
10:17:02 | INFO: Blender create Mesh node F01_OWN_SHOP_MODEL_LAUNDRY_retail_shop_model_laundry_quarry_tile-col
10:17:02 | INFO: Blender create Mesh node F01_OWN_SHOP_MODEL_LAUNDRY_retail_shop_model_laundry_rubber_aged-col
10:17:02 | INFO: Blender create Mesh node F01_OWN_SHOP_MODEL_LAUNDRY_retail_shop_model_laundry_screen
10:17:02 | INFO: Blender create Mesh node F01_OWN_SHOP_MODEL_LAUNDRY_retail_shop_model_laundry_terracotta
10:17:02 | INFO: Blender create Mesh node F01_OWN_SHOP_MODEL_LAUNDRY_retail_shop_model_laundry_timber-col
10:17:02 | INFO: Blender create Mesh node F01_OWN_SHOP_MODEL_LAUNDRY_retail_shop_model_laundry_trim-col
10:17:02 | INFO: Blender create Mesh node F01_OWN_SHOP_MODEL_LAUNDRY_retail_shop_model_laundry_wainscot-col
10:17:02 | INFO: Blender create Mesh node F01_OWN_SHOP_MODEL_LAUNDRY_retail_shop_model_laundry_wood_dark-col
10:17:02 | INFO: Blender create Mesh node F01_OWN_SHOP_MODEL_LAUNDRY_retail_shop_model_laundry_zinc_liner-col
10:17:02 | INFO: Blender create Mesh node F01_OWN_SHOP_MODEL_LAUNDRY_wear_fx_scuff
10:17:02 | INFO: glTF import finished in 0.10s
10:17:02 | INFO: Data are loaded, start creating Blender stuff
10:17:02 | INFO: Blender create Mesh node F01_OWN_PASSAGE_retail_passage_shell_bakelite_black-col
10:17:02 | INFO: Blender create Mesh node F01_OWN_PASSAGE_retail_passage_shell_brass_dull
10:17:02 | INFO: Blender create Mesh node F01_OWN_PASSAGE_retail_passage_shell_brass_dull-col
10:17:02 | INFO: Blender create Mesh node F01_OWN_PASSAGE_retail_passage_shell_cast_iron
10:17:02 | INFO: Blender create Mesh node F01_OWN_PASSAGE_retail_passage_shell_cast_iron-col
10:17:02 | INFO: Blender create Mesh node F01_OWN_PASSAGE_retail_passage_shell_common_brick-col
10:17:02 | INFO: Blender create Mesh node F01_OWN_PASSAGE_retail_passage_shell_concrete-col
10:17:02 | INFO: Blender create Mesh node F01_OWN_PASSAGE_retail_passage_shell_glassish-col
10:17:02 | INFO: Blender create Mesh node F01_OWN_PASSAGE_retail_passage_shell_limestone-col
10:17:02 | INFO: Blender create Mesh node F01_OWN_PASSAGE_retail_passage_shell_metal
10:17:02 | INFO: Blender create Mesh node F01_OWN_PASSAGE_retail_passage_shell_milk_glass-col
10:17:02 | INFO: Blender create Mesh node F01_OWN_PASSAGE_retail_passage_shell_paper-col
10:17:02 | INFO: Blender create Mesh node F01_OWN_PASSAGE_retail_passage_shell_plaster-col
10:17:02 | INFO: Blender create Mesh node F01_OWN_PASSAGE_retail_passage_shell_plaster_stained-col
10:17:02 | INFO: Blender create Mesh node F01_OWN_PASSAGE_retail_passage_shell_soot-col
10:17:02 | INFO: Blender create Mesh node F01_OWN_PASSAGE_retail_passage_shell_terrazzo
10:17:02 | INFO: Blender create Mesh node F01_OWN_PASSAGE_retail_passage_shell_terrazzo-col
10:17:02 | INFO: Blender create Mesh node F01_OWN_PASSAGE_retail_passage_shell_terrazzo_dark
10:17:02 | INFO: Blender create Mesh node F01_OWN_PASSAGE_retail_passage_shell_trim-col
10:17:02 | INFO: Blender create Mesh node F01_OWN_PASSAGE_retail_passage_shell_wood_dark-col
10:17:02 | INFO: Blender create Mesh node F01_OWN_PASSAGE_retail_shop_funeral_parlour_limestone-col
10:17:02 | INFO: Blender create Mesh node F01_OWN_PASSAGE_retail_shop_hardware_paint_wood_dark-col
10:17:02 | INFO: Blender create Mesh node F01_OWN_PASSAGE_retail_shop_keys_cut_common_brick-col
10:17:02 | INFO: Blender create Mesh node F01_OWN_PASSAGE_retail_shop_luncheonette_chrome-col
10:17:02 | INFO: Blender create Mesh node F01_OWN_PASSAGE_retail_shop_model_laundry_plaster_stained-col
10:17:02 | INFO: Blender create Mesh node F01_OWN_PASSAGE_retail_shop_news_cigars_wood_dark-col
10:17:02 | INFO: Blender create Mesh node F01_OWN_PASSAGE_retail_shop_otis___son_limestone-col
10:17:02 | INFO: Blender create Mesh node F01_OWN_PASSAGE_retail_shop_pawnbroker_common_brick-col
10:17:02 | INFO: Blender create Mesh node F01_OWN_PASSAGE_retail_shop_photo_supplies_plaster_stained-col
10:17:02 | INFO: Blender create Mesh node F01_OWN_PASSAGE_retail_shop_radio_service_wood_dark-col
10:17:02 | INFO: Blender create Mesh node F01_OWN_PASSAGE_retail_shop_shoe_rebuilding_wood_dark-col
10:17:02 | INFO: glTF import finished in 0.09s
C:\PleaseRemainOnTheLine\art\blender\scripts\inspect_laundry_trade.py:129: DeprecationWarning: 'World.use_nodes' is expected to be removed in Blender 6.0
  scene.world=bpy.data.worlds.new('Inspection');scene.world.use_nodes=True;scene.world.node_tree.nodes['Background'].inputs[0].default_value=(.5,.55,.6,1);scene.world.node_tree.nodes['Background'].inputs[1].default_value=.6
00:14.172  render           | Saved: 'C:\PleaseRemainOnTheLine\tmp\v2-finish-review\laundry-trade-native\room.png'
00:22.109  render           | Saved: 'C:\PleaseRemainOnTheLine\tmp\v2-finish-review\laundry-trade-native\parcel_wall.png'
00:23.890  render           | Saved: 'C:\PleaseRemainOnTheLine\tmp\v2-finish-review\laundry-trade-native\rack.png'
00:25.422  render           | Saved: 'C:\PleaseRemainOnTheLine\tmp\v2-finish-review\laundry-trade-native\ticket_rail.png'
00:27.297  render           | Saved: 'C:\PleaseRemainOnTheLine\tmp\v2-finish-review\laundry-trade-native\counter.png'
00:29.500  render           | Saved: 'C:\PleaseRemainOnTheLine\tmp\v2-finish-review\laundry-trade-native\window.png'
00:31.344  render           | Saved: 'C:\PleaseRemainOnTheLine\tmp\v2-finish-review\laundry-trade-native\bench.png'
00:35.219  render           | Saved: 'C:\PleaseRemainOnTheLine\tmp\v2-finish-review\laundry-trade-native\ledger_pencil.png'
LAUNDRY TRADE NATIVE: 131 closed stocks; 7 joined assemblies; 29 bearings; 8 rendered views
{"completed_stages": 2, "elapsed_s": 33.858}
Blender 5.2.0 LTS (hash fbe6228777e7 built 2026-07-14 01:35:40)

Blender quit
