FABRICATION STAGE: art/blender/scripts/build_pawn_fittings.py
C:\PleaseRemainOnTheLine\art\blender\scripts\build_pawn_fittings.py:63: DeprecationWarning: 'Material.use_nodes' is expected to be removed in Blender 6.0
  mat=bpy.data.materials.new(key);mat.use_nodes=True;materials[key]=mat
Info: Saved as "pawn_fittings.blend"
INFO Draco is available, use library at C:\Program Files\Blender Foundation\Blender 5.2\5.2\scripts\addons_core\io_scene_gltf2\bf_intern_draco_bridge.dll
INFO MeshOptimizer is available, use library at C:\Program Files\Blender Foundation\Blender 5.2\5.2\scripts\addons_core\io_scene_gltf2\bf_intern_meshopt_bridge.dll
10:32:04 | INFO: Starting glTF 2.0 export
10:32:04 | INFO: Extracting primitive: storm_shop_pawnbroker_balance_base__brass_dull
10:32:04 | INFO: Primitives created: 1
10:32:04 | INFO: Extracting primitive: storm_shop_pawnbroker_balance_base__glassish
10:32:04 | INFO: Primitives created: 1
10:32:04 | INFO: Extracting primitive: storm_shop_pawnbroker_coat__bakelite_black
10:32:04 | INFO: Primitives created: 1
10:32:04 | INFO: Extracting primitive: storm_shop_pawnbroker_coat__brass_dull
10:32:04 | INFO: Primitives created: 1
10:32:04 | INFO: Extracting primitive: storm_shop_pawnbroker_coat__fabric_warm
10:32:04 | INFO: Primitives created: 1
10:32:04 | INFO: Extracting primitive: storm_shop_pawnbroker_coat__iron_blackened
10:32:04 | INFO: Primitives created: 1
10:32:04 | INFO: Extracting primitive: storm_shop_pawnbroker_coat__timber
10:32:04 | INFO: Primitives created: 1
10:32:04 | INFO: Extracting primitive: storm_shop_pawnbroker_grille_counter__brass_dull
10:32:04 | INFO: Primitives created: 1
10:32:04 | INFO: Extracting primitive: storm_shop_pawnbroker_grille_counter__countertop
10:32:04 | INFO: Primitives created: 1
10:32:04 | INFO: Extracting primitive: storm_shop_pawnbroker_grille_counter__wood_dark
10:32:04 | INFO: Primitives created: 1
10:32:04 | INFO: Extracting primitive: storm_shop_pawnbroker_ledger__bakelite_black
10:32:04 | INFO: Primitives created: 1
10:32:04 | INFO: Extracting primitive: storm_shop_pawnbroker_ledger__fabric_warm
10:32:04 | INFO: Primitives created: 1
10:32:04 | INFO: Extracting primitive: storm_shop_pawnbroker_ledger__linen
10:32:04 | INFO: Primitives created: 1
10:32:04 | INFO: Extracting primitive: storm_shop_pawnbroker_ledger__paper
10:32:04 | INFO: Primitives created: 1
10:32:04 | INFO: Extracting primitive: storm_shop_pawnbroker_ledger__wood_dark
10:32:04 | INFO: Primitives created: 1
10:32:04 | INFO: Extracting primitive: storm_shop_pawnbroker_loupe__bakelite_black
10:32:04 | INFO: Primitives created: 1
10:32:04 | INFO: Extracting primitive: storm_shop_pawnbroker_loupe__glassish
10:32:04 | INFO: Primitives created: 1
10:32:04 | INFO: Extracting primitive: storm_shop_pawnbroker_loupe__linen
10:32:04 | INFO: Primitives created: 1
10:32:04 | INFO: Extracting primitive: storm_shop_pawnbroker_pledge_shelf0__iron_blackened
10:32:04 | INFO: Primitives created: 1
10:32:04 | INFO: Extracting primitive: storm_shop_pawnbroker_pledge_shelf0__linen
10:32:04 | INFO: Primitives created: 1
10:32:04 | INFO: Extracting primitive: storm_shop_pawnbroker_pledge_shelf0__paper
10:32:04 | INFO: Primitives created: 1
10:32:04 | INFO: Extracting primitive: storm_shop_pawnbroker_pledge_shelf0__timber
10:32:04 | INFO: Primitives created: 1
10:32:04 | INFO: Extracting primitive: storm_shop_pawnbroker_safe__brass_dull
10:32:04 | INFO: Primitives created: 1
10:32:04 | INFO: Extracting primitive: storm_shop_pawnbroker_safe__cast_iron
10:32:04 | INFO: Primitives created: 1
10:32:04 | INFO: Extracting primitive: storm_shop_pawnbroker_safe__iron_blackened
10:32:04 | INFO: Primitives created: 1
10:32:04 | INFO: Extracting primitive: storm_shop_pawnbroker_sewing_case__brass_dull
10:32:04 | INFO: Primitives created: 1
10:32:04 | INFO: Extracting primitive: storm_shop_pawnbroker_sewing_case__enamel
10:32:04 | INFO: Primitives created: 1
10:32:04 | INFO: Extracting primitive: storm_shop_pawnbroker_sewing_case__iron_blackened
10:32:04 | INFO: Primitives created: 1
10:32:04 | INFO: Extracting primitive: storm_shop_pawnbroker_sewing_case__linen
10:32:04 | INFO: Primitives created: 1
10:32:04 | INFO: Extracting primitive: storm_shop_pawnbroker_sewing_case__wood_dark
10:32:04 | INFO: Primitives created: 1
10:32:04 | INFO: Extracting primitive: storm_shop_pawnbroker_violin_case__bakelite_black
10:32:04 | INFO: Primitives created: 1
10:32:04 | INFO: Extracting primitive: storm_shop_pawnbroker_violin_case__brass_dull
10:32:04 | INFO: Primitives created: 1
10:32:04 | INFO: Extracting primitive: storm_shop_pawnbroker_violin_case__wood_dark
10:32:04 | INFO: Primitives created: 1
10:32:04 | INFO: Finished glTF 2.0 export in 0.1310434341430664 s

PAWN FITTINGS 40 original records; 9 assemblies; 308 closed stocks; 33 parts; 44672 triangles; 23 foot contacts
FABRICATION STAGE: art/blender/scripts/inspect_pawn_fittings.py
00:10.843  blend            | Read blend: "C:\PleaseRemainOnTheLine\art\blender\pawn_fittings.blend"
10:32:06 | INFO: Data are loaded, start creating Blender stuff
10:32:06 | INFO: Blender create Mesh node F01_OWN_SHOP_PAWNBROKER_retail_shop_pawnbroker_bakelite
10:32:06 | INFO: Blender create Mesh node F01_OWN_SHOP_PAWNBROKER_retail_shop_pawnbroker_bakelite_black
10:32:06 | INFO: Blender create Mesh node F01_OWN_SHOP_PAWNBROKER_retail_shop_pawnbroker_bakelite_black-col
10:32:06 | INFO: Blender create Mesh node F01_OWN_SHOP_PAWNBROKER_retail_shop_pawnbroker_brass
10:32:06 | INFO: Blender create Mesh node F01_OWN_SHOP_PAWNBROKER_retail_shop_pawnbroker_brass_bright-col
10:32:06 | INFO: Blender create Mesh node F01_OWN_SHOP_PAWNBROKER_retail_shop_pawnbroker_brass_dull-col
10:32:06 | INFO: Blender create Mesh node F01_OWN_SHOP_PAWNBROKER_retail_shop_pawnbroker_brass_mesh-col
10:32:06 | INFO: Blender create Mesh node F01_OWN_SHOP_PAWNBROKER_retail_shop_pawnbroker_bronze-col
10:32:06 | INFO: Blender create Mesh node F01_OWN_SHOP_PAWNBROKER_retail_shop_pawnbroker_cast_iron-col
10:32:06 | INFO: Blender create Mesh node F01_OWN_SHOP_PAWNBROKER_retail_shop_pawnbroker_common_brick-col
10:32:06 | INFO: Blender create Mesh node F01_OWN_SHOP_PAWNBROKER_retail_shop_pawnbroker_concrete-col
10:32:06 | INFO: Blender create Mesh node F01_OWN_SHOP_PAWNBROKER_retail_shop_pawnbroker_countertop-col
10:32:06 | INFO: Blender create Mesh node F01_OWN_SHOP_PAWNBROKER_retail_shop_pawnbroker_enamel
10:32:06 | INFO: Blender create Mesh node F01_OWN_SHOP_PAWNBROKER_retail_shop_pawnbroker_enamel-col
10:32:06 | INFO: Blender create Mesh node F01_OWN_SHOP_PAWNBROKER_retail_shop_pawnbroker_fabric_cool
10:32:06 | INFO: Blender create Mesh node F01_OWN_SHOP_PAWNBROKER_retail_shop_pawnbroker_fabric_warm-col
10:32:06 | INFO: Blender create Mesh node F01_OWN_SHOP_PAWNBROKER_retail_shop_pawnbroker_floor_oak-col
10:32:06 | INFO: Blender create Mesh node F01_OWN_SHOP_PAWNBROKER_retail_shop_pawnbroker_fx_shadow
10:32:06 | INFO: Blender create Mesh node F01_OWN_SHOP_PAWNBROKER_retail_shop_pawnbroker_glassish-col
10:32:06 | INFO: Blender create Mesh node F01_OWN_SHOP_PAWNBROKER_retail_shop_pawnbroker_hull-colonly
10:32:06 | INFO: Blender create Mesh node F01_OWN_SHOP_PAWNBROKER_retail_shop_pawnbroker_linen-col
10:32:06 | INFO: Blender create Mesh node F01_OWN_SHOP_PAWNBROKER_retail_shop_pawnbroker_metal-col
10:32:06 | INFO: Blender create Mesh node F01_OWN_SHOP_PAWNBROKER_retail_shop_pawnbroker_milk_glass
10:32:06 | INFO: Blender create Mesh node F01_OWN_SHOP_PAWNBROKER_retail_shop_pawnbroker_paper-col
10:32:06 | INFO: Blender create Mesh node F01_OWN_SHOP_PAWNBROKER_retail_shop_pawnbroker_plaster-col
10:32:06 | INFO: Blender create Mesh node F01_OWN_SHOP_PAWNBROKER_retail_shop_pawnbroker_plaster_stained-col
10:32:06 | INFO: Blender create Mesh node F01_OWN_SHOP_PAWNBROKER_retail_shop_pawnbroker_plywood-col
10:32:06 | INFO: Blender create Mesh node F01_OWN_SHOP_PAWNBROKER_retail_shop_pawnbroker_screen
10:32:06 | INFO: Blender create Mesh node F01_OWN_SHOP_PAWNBROKER_retail_shop_pawnbroker_terracotta
10:32:06 | INFO: Blender create Mesh node F01_OWN_SHOP_PAWNBROKER_retail_shop_pawnbroker_timber-col
10:32:06 | INFO: Blender create Mesh node F01_OWN_SHOP_PAWNBROKER_retail_shop_pawnbroker_tin_ceiling-col
10:32:06 | INFO: Blender create Mesh node F01_OWN_SHOP_PAWNBROKER_retail_shop_pawnbroker_trim-col
10:32:06 | INFO: Blender create Mesh node F01_OWN_SHOP_PAWNBROKER_retail_shop_pawnbroker_wainscot-col
10:32:06 | INFO: Blender create Mesh node F01_OWN_SHOP_PAWNBROKER_retail_shop_pawnbroker_wood_dark-col
10:32:06 | INFO: Blender create Mesh node F01_OWN_SHOP_PAWNBROKER_wear_fx_scuff
10:32:06 | INFO: glTF import finished in 0.18s
10:32:06 | INFO: Data are loaded, start creating Blender stuff
10:32:06 | INFO: Blender create Mesh node F01_OWN_PASSAGE_retail_passage_shell_bakelite_black-col
10:32:06 | INFO: Blender create Mesh node F01_OWN_PASSAGE_retail_passage_shell_brass_dull
10:32:06 | INFO: Blender create Mesh node F01_OWN_PASSAGE_retail_passage_shell_brass_dull-col
10:32:06 | INFO: Blender create Mesh node F01_OWN_PASSAGE_retail_passage_shell_cast_iron
10:32:06 | INFO: Blender create Mesh node F01_OWN_PASSAGE_retail_passage_shell_cast_iron-col
10:32:06 | INFO: Blender create Mesh node F01_OWN_PASSAGE_retail_passage_shell_common_brick-col
10:32:06 | INFO: Blender create Mesh node F01_OWN_PASSAGE_retail_passage_shell_concrete-col
10:32:06 | INFO: Blender create Mesh node F01_OWN_PASSAGE_retail_passage_shell_glassish-col
10:32:06 | INFO: Blender create Mesh node F01_OWN_PASSAGE_retail_passage_shell_limestone-col
10:32:06 | INFO: Blender create Mesh node F01_OWN_PASSAGE_retail_passage_shell_metal
10:32:06 | INFO: Blender create Mesh node F01_OWN_PASSAGE_retail_passage_shell_milk_glass-col
10:32:06 | INFO: Blender create Mesh node F01_OWN_PASSAGE_retail_passage_shell_paper-col
10:32:06 | INFO: Blender create Mesh node F01_OWN_PASSAGE_retail_passage_shell_plaster-col
10:32:06 | INFO: Blender create Mesh node F01_OWN_PASSAGE_retail_passage_shell_plaster_stained-col
10:32:06 | INFO: Blender create Mesh node F01_OWN_PASSAGE_retail_passage_shell_soot-col
10:32:06 | INFO: Blender create Mesh node F01_OWN_PASSAGE_retail_passage_shell_terrazzo
10:32:06 | INFO: Blender create Mesh node F01_OWN_PASSAGE_retail_passage_shell_terrazzo-col
10:32:06 | INFO: Blender create Mesh node F01_OWN_PASSAGE_retail_passage_shell_terrazzo_dark
10:32:06 | INFO: Blender create Mesh node F01_OWN_PASSAGE_retail_passage_shell_trim-col
10:32:06 | INFO: Blender create Mesh node F01_OWN_PASSAGE_retail_passage_shell_wood_dark-col
10:32:06 | INFO: Blender create Mesh node F01_OWN_PASSAGE_retail_shop_funeral_parlour_limestone-col
10:32:06 | INFO: Blender create Mesh node F01_OWN_PASSAGE_retail_shop_hardware_paint_wood_dark-col
10:32:06 | INFO: Blender create Mesh node F01_OWN_PASSAGE_retail_shop_keys_cut_common_brick-col
10:32:06 | INFO: Blender create Mesh node F01_OWN_PASSAGE_retail_shop_luncheonette_chrome-col
10:32:06 | INFO: Blender create Mesh node F01_OWN_PASSAGE_retail_shop_model_laundry_plaster_stained-col
10:32:06 | INFO: Blender create Mesh node F01_OWN_PASSAGE_retail_shop_news_cigars_wood_dark-col
10:32:06 | INFO: Blender create Mesh node F01_OWN_PASSAGE_retail_shop_otis___son_limestone-col
10:32:06 | INFO: Blender create Mesh node F01_OWN_PASSAGE_retail_shop_pawnbroker_common_brick-col
10:32:06 | INFO: Blender create Mesh node F01_OWN_PASSAGE_retail_shop_photo_supplies_plaster_stained-col
10:32:06 | INFO: Blender create Mesh node F01_OWN_PASSAGE_retail_shop_radio_service_wood_dark-col
10:32:06 | INFO: Blender create Mesh node F01_OWN_PASSAGE_retail_shop_shoe_rebuilding_wood_dark-col
10:32:06 | INFO: glTF import finished in 0.10s
C:\PleaseRemainOnTheLine\art\blender\scripts\inspect_pawn_fittings.py:125: DeprecationWarning: 'World.use_nodes' is expected to be removed in Blender 6.0
  scene.world=bpy.data.worlds.new('Inspection');scene.world.use_nodes=True;scene.world.node_tree.nodes['Background'].inputs[0].default_value=(.5,.55,.6,1);scene.world.node_tree.nodes['Background'].inputs[1].default_value=.6
00:21.109  render           | Saved: 'C:\PleaseRemainOnTheLine\tmp\v2-finish-review\pawn-fittings-native\composed_counter.png'
00:29.000  render           | Saved: 'C:\PleaseRemainOnTheLine\tmp\v2-finish-review\pawn-fittings-native\operator_aisle.png'
00:31.437  render           | Saved: 'C:\PleaseRemainOnTheLine\tmp\v2-finish-review\pawn-fittings-native\parcel_wall.png'
00:33.593  render           | Saved: 'C:\PleaseRemainOnTheLine\tmp\v2-finish-review\pawn-fittings-native\safe.png'
00:37.953  render           | Saved: 'C:\PleaseRemainOnTheLine\tmp\v2-finish-review\pawn-fittings-native\balance.png'
00:39.875  render           | Saved: 'C:\PleaseRemainOnTheLine\tmp\v2-finish-review\pawn-fittings-native\machine.png'
00:41.531  render           | Saved: 'C:\PleaseRemainOnTheLine\tmp\v2-finish-review\pawn-fittings-native\coat.png'
00:43.328  render           | Saved: 'C:\PleaseRemainOnTheLine\tmp\v2-finish-review\pawn-fittings-native\violin.png'
00:47.656  render           | Saved: 'C:\PleaseRemainOnTheLine\tmp\v2-finish-review\pawn-fittings-native\ledger_loupe.png'
PAWN FITTINGS NATIVE: 308 closed stocks; 9 joined assemblies; 23 bearings; 9 rendered views
FABRICATION STAGE: art/blender/scripts/build_laundry_trade.py
C:\PleaseRemainOnTheLine\art\blender\scripts\build_laundry_trade.py:63: DeprecationWarning: 'Material.use_nodes' is expected to be removed in Blender 6.0
  mat=bpy.data.materials.new(key);mat.use_nodes=True;materials[key]=mat
Info: Saved as "laundry_trade.blend"
10:32:44 | INFO: Starting glTF 2.0 export
10:32:44 | INFO: Extracting primitive: storm_shop_model_laundry_bench__timber
10:32:44 | INFO: Primitives created: 1
10:32:44 | INFO: Extracting primitive: storm_shop_model_laundry_counter__brass_dull
10:32:44 | INFO: Primitives created: 1
10:32:44 | INFO: Extracting primitive: storm_shop_model_laundry_counter__countertop
10:32:44 | INFO: Primitives created: 1
10:32:44 | INFO: Extracting primitive: storm_shop_model_laundry_counter__wood_dark
10:32:44 | INFO: Primitives created: 1
10:32:44 | INFO: Extracting primitive: storm_shop_model_laundry_ledger__paper
10:32:44 | INFO: Primitives created: 1
10:32:44 | INFO: Extracting primitive: storm_shop_model_laundry_ledger__wood_dark
10:32:44 | INFO: Primitives created: 1
10:32:44 | INFO: Extracting primitive: storm_shop_model_laundry_parcel_shelf0__timber
10:32:44 | INFO: Primitives created: 1
10:32:44 | INFO: Extracting primitive: storm_shop_model_laundry_pencil__iron_blackened
10:32:44 | INFO: Primitives created: 1
10:32:44 | INFO: Extracting primitive: storm_shop_model_laundry_pencil__timber
10:32:44 | INFO: Primitives created: 1
10:32:44 | INFO: Extracting primitive: storm_shop_model_laundry_ticket_rail__iron_blackened
10:32:44 | INFO: Primitives created: 1
10:32:44 | INFO: Extracting primitive: storm_shop_model_laundry_ticket_rail__linen
10:32:44 | INFO: Primitives created: 1
10:32:44 | INFO: Extracting primitive: storm_shop_model_laundry_ticket_rail__paper
10:32:44 | INFO: Primitives created: 1
10:32:44 | INFO: Extracting primitive: storm_shop_model_laundry_window_plinth__plywood
10:32:44 | INFO: Primitives created: 1
10:32:44 | INFO: Extracting primitive: storm_shop_model_laundry_window_plinth__wood_dark
10:32:44 | INFO: Primitives created: 1
10:32:44 | INFO: Finished glTF 2.0 export in 0.047014713287353516 s

LAUNDRY TRADE 26 original records; 7 assemblies; 131 closed stocks; 14 parts; 20218 triangles; 29 foot contacts
FABRICATION STAGE: art/blender/scripts/inspect_laundry_trade.py
00:50.671  blend            | Read blend: "C:\PleaseRemainOnTheLine\art\blender\laundry_trade.blend"
10:32:45 | INFO: Data are loaded, start creating Blender stuff
10:32:45 | INFO: Blender create Mesh node F01_OWN_SHOP_MODEL_LAUNDRY_retail_shop_model_laundry_awning_vinyl-col
10:32:45 | INFO: Blender create Mesh node F01_OWN_SHOP_MODEL_LAUNDRY_retail_shop_model_laundry_bakelite
10:32:45 | INFO: Blender create Mesh node F01_OWN_SHOP_MODEL_LAUNDRY_retail_shop_model_laundry_bakelite_black
10:32:45 | INFO: Blender create Mesh node F01_OWN_SHOP_MODEL_LAUNDRY_retail_shop_model_laundry_book_teal-col
10:32:45 | INFO: Blender create Mesh node F01_OWN_SHOP_MODEL_LAUNDRY_retail_shop_model_laundry_brass
10:32:45 | INFO: Blender create Mesh node F01_OWN_SHOP_MODEL_LAUNDRY_retail_shop_model_laundry_brass_bright-col
10:32:45 | INFO: Blender create Mesh node F01_OWN_SHOP_MODEL_LAUNDRY_retail_shop_model_laundry_brass_dull-col
10:32:45 | INFO: Blender create Mesh node F01_OWN_SHOP_MODEL_LAUNDRY_retail_shop_model_laundry_cast_iron-col
10:32:45 | INFO: Blender create Mesh node F01_OWN_SHOP_MODEL_LAUNDRY_retail_shop_model_laundry_chrome-col
10:32:45 | INFO: Blender create Mesh node F01_OWN_SHOP_MODEL_LAUNDRY_retail_shop_model_laundry_concrete-col
10:32:45 | INFO: Blender create Mesh node F01_OWN_SHOP_MODEL_LAUNDRY_retail_shop_model_laundry_countertop-col
10:32:45 | INFO: Blender create Mesh node F01_OWN_SHOP_MODEL_LAUNDRY_retail_shop_model_laundry_enamel
10:32:45 | INFO: Blender create Mesh node F01_OWN_SHOP_MODEL_LAUNDRY_retail_shop_model_laundry_fx_shadow
10:32:45 | INFO: Blender create Mesh node F01_OWN_SHOP_MODEL_LAUNDRY_retail_shop_model_laundry_glassish-col
10:32:45 | INFO: Blender create Mesh node F01_OWN_SHOP_MODEL_LAUNDRY_retail_shop_model_laundry_hull-colonly
10:32:45 | INFO: Blender create Mesh node F01_OWN_SHOP_MODEL_LAUNDRY_retail_shop_model_laundry_linen-col
10:32:45 | INFO: Blender create Mesh node F01_OWN_SHOP_MODEL_LAUNDRY_retail_shop_model_laundry_metal
10:32:45 | INFO: Blender create Mesh node F01_OWN_SHOP_MODEL_LAUNDRY_retail_shop_model_laundry_metal-col
10:32:45 | INFO: Blender create Mesh node F01_OWN_SHOP_MODEL_LAUNDRY_retail_shop_model_laundry_milk_glass
10:32:45 | INFO: Blender create Mesh node F01_OWN_SHOP_MODEL_LAUNDRY_retail_shop_model_laundry_paper-col
10:32:45 | INFO: Blender create Mesh node F01_OWN_SHOP_MODEL_LAUNDRY_retail_shop_model_laundry_plaster-col
10:32:45 | INFO: Blender create Mesh node F01_OWN_SHOP_MODEL_LAUNDRY_retail_shop_model_laundry_plaster_stained-col
10:32:45 | INFO: Blender create Mesh node F01_OWN_SHOP_MODEL_LAUNDRY_retail_shop_model_laundry_plywood-col
10:32:45 | INFO: Blender create Mesh node F01_OWN_SHOP_MODEL_LAUNDRY_retail_shop_model_laundry_quarry_tile-col
10:32:45 | INFO: Blender create Mesh node F01_OWN_SHOP_MODEL_LAUNDRY_retail_shop_model_laundry_rubber_aged-col
10:32:45 | INFO: Blender create Mesh node F01_OWN_SHOP_MODEL_LAUNDRY_retail_shop_model_laundry_screen
10:32:45 | INFO: Blender create Mesh node F01_OWN_SHOP_MODEL_LAUNDRY_retail_shop_model_laundry_terracotta
10:32:45 | INFO: Blender create Mesh node F01_OWN_SHOP_MODEL_LAUNDRY_retail_shop_model_laundry_timber-col
10:32:45 | INFO: Blender create Mesh node F01_OWN_SHOP_MODEL_LAUNDRY_retail_shop_model_laundry_trim-col
10:32:45 | INFO: Blender create Mesh node F01_OWN_SHOP_MODEL_LAUNDRY_retail_shop_model_laundry_wainscot-col
10:32:45 | INFO: Blender create Mesh node F01_OWN_SHOP_MODEL_LAUNDRY_retail_shop_model_laundry_wood_dark-col
10:32:45 | INFO: Blender create Mesh node F01_OWN_SHOP_MODEL_LAUNDRY_retail_shop_model_laundry_zinc_liner-col
10:32:45 | INFO: Blender create Mesh node F01_OWN_SHOP_MODEL_LAUNDRY_wear_fx_scuff
10:32:45 | INFO: glTF import finished in 0.10s
10:32:45 | INFO: Data are loaded, start creating Blender stuff
10:32:45 | INFO: Blender create Mesh node F01_OWN_PASSAGE_retail_passage_shell_bakelite_black-col
10:32:45 | INFO: Blender create Mesh node F01_OWN_PASSAGE_retail_passage_shell_brass_dull
10:32:45 | INFO: Blender create Mesh node F01_OWN_PASSAGE_retail_passage_shell_brass_dull-col
10:32:45 | INFO: Blender create Mesh node F01_OWN_PASSAGE_retail_passage_shell_cast_iron
10:32:45 | INFO: Blender create Mesh node F01_OWN_PASSAGE_retail_passage_shell_cast_iron-col
10:32:45 | INFO: Blender create Mesh node F01_OWN_PASSAGE_retail_passage_shell_common_brick-col
10:32:45 | INFO: Blender create Mesh node F01_OWN_PASSAGE_retail_passage_shell_concrete-col
10:32:45 | INFO: Blender create Mesh node F01_OWN_PASSAGE_retail_passage_shell_glassish-col
10:32:45 | INFO: Blender create Mesh node F01_OWN_PASSAGE_retail_passage_shell_limestone-col
10:32:45 | INFO: Blender create Mesh node F01_OWN_PASSAGE_retail_passage_shell_metal
10:32:45 | INFO: Blender create Mesh node F01_OWN_PASSAGE_retail_passage_shell_milk_glass-col
10:32:45 | INFO: Blender create Mesh node F01_OWN_PASSAGE_retail_passage_shell_paper-col
10:32:45 | INFO: Blender create Mesh node F01_OWN_PASSAGE_retail_passage_shell_plaster-col
10:32:45 | INFO: Blender create Mesh node F01_OWN_PASSAGE_retail_passage_shell_plaster_stained-col
10:32:45 | INFO: Blender create Mesh node F01_OWN_PASSAGE_retail_passage_shell_soot-col
10:32:45 | INFO: Blender create Mesh node F01_OWN_PASSAGE_retail_passage_shell_terrazzo
10:32:45 | INFO: Blender create Mesh node F01_OWN_PASSAGE_retail_passage_shell_terrazzo-col
10:32:45 | INFO: Blender create Mesh node F01_OWN_PASSAGE_retail_passage_shell_terrazzo_dark
10:32:45 | INFO: Blender create Mesh node F01_OWN_PASSAGE_retail_passage_shell_trim-col
10:32:45 | INFO: Blender create Mesh node F01_OWN_PASSAGE_retail_passage_shell_wood_dark-col
10:32:45 | INFO: Blender create Mesh node F01_OWN_PASSAGE_retail_shop_funeral_parlour_limestone-col
10:32:45 | INFO: Blender create Mesh node F01_OWN_PASSAGE_retail_shop_hardware_paint_wood_dark-col
10:32:45 | INFO: Blender create Mesh node F01_OWN_PASSAGE_retail_shop_keys_cut_common_brick-col
10:32:45 | INFO: Blender create Mesh node F01_OWN_PASSAGE_retail_shop_luncheonette_chrome-col
10:32:45 | INFO: Blender create Mesh node F01_OWN_PASSAGE_retail_shop_model_laundry_plaster_stained-col
10:32:45 | INFO: Blender create Mesh node F01_OWN_PASSAGE_retail_shop_news_cigars_wood_dark-col
10:32:45 | INFO: Blender create Mesh node F01_OWN_PASSAGE_retail_shop_otis___son_limestone-col
10:32:45 | INFO: Blender create Mesh node F01_OWN_PASSAGE_retail_shop_pawnbroker_common_brick-col
10:32:45 | INFO: Blender create Mesh node F01_OWN_PASSAGE_retail_shop_photo_supplies_plaster_stained-col
10:32:45 | INFO: Blender create Mesh node F01_OWN_PASSAGE_retail_shop_radio_service_wood_dark-col
10:32:45 | INFO: Blender create Mesh node F01_OWN_PASSAGE_retail_shop_shoe_rebuilding_wood_dark-col
10:32:45 | INFO: glTF import finished in 0.08s
C:\PleaseRemainOnTheLine\art\blender\scripts\inspect_laundry_trade.py:129: DeprecationWarning: 'World.use_nodes' is expected to be removed in Blender 6.0
  scene.world=bpy.data.worlds.new('Inspection');scene.world.use_nodes=True;scene.world.node_tree.nodes['Background'].inputs[0].default_value=(.5,.55,.6,1);scene.world.node_tree.nodes['Background'].inputs[1].default_value=.6
00:59.859  render           | Saved: 'C:\PleaseRemainOnTheLine\tmp\v2-finish-review\laundry-trade-native\room.png'
01:07.484  render           | Saved: 'C:\PleaseRemainOnTheLine\tmp\v2-finish-review\laundry-trade-native\parcel_wall.png'
01:09.218  render           | Saved: 'C:\PleaseRemainOnTheLine\tmp\v2-finish-review\laundry-trade-native\rack.png'
01:10.750  render           | Saved: 'C:\PleaseRemainOnTheLine\tmp\v2-finish-review\laundry-trade-native\ticket_rail.png'
01:12.625  render           | Saved: 'C:\PleaseRemainOnTheLine\tmp\v2-finish-review\laundry-trade-native\counter.png'
01:14.843  render           | Saved: 'C:\PleaseRemainOnTheLine\tmp\v2-finish-review\laundry-trade-native\window.png'
01:16.703  render           | Saved: 'C:\PleaseRemainOnTheLine\tmp\v2-finish-review\laundry-trade-native\bench.png'
01:20.578  render           | Saved: 'C:\PleaseRemainOnTheLine\tmp\v2-finish-review\laundry-trade-native\ledger_pencil.png'
LAUNDRY TRADE NATIVE: 131 closed stocks; 7 joined assemblies; 29 bearings; 8 rendered views
{"completed_stages": 4, "elapsed_s": 76.885}
Blender 5.2.0 LTS (hash fbe6228777e7 built 2026-07-14 01:35:40)

Blender quit
