SCRIPT ERROR: Invalid access to property or key '_cabin' on a base object of type 'Nil'.
   at: apply (res://scripts/building/orison_v2_owner_building_finishes.gd:28)
   GDScript backtrace (most recent call first):
       [0] apply (res://scripts/building/orison_v2_owner_building_finishes.gd:28)
       [1] _compose_authorities (res://scripts/building/orison_v2_runtime_root.gd:509)
       [2] _ready (res://scripts/building/orison_v2_runtime_root.gd:162)
       [3] _run (res://tests/orison_v2_fabrication_batch.gd:96)
ERROR: finish group deployed: lift
   at: push_error (core/variant/variant_utility.cpp:1023)
   GDScript backtrace (most recent call first):
       [0] check (res://tests/orison_v2_floor_surface_test.gd:8)
       [1] check (res://tests/orison_v2_ventilation_throat_test.gd:9)
       [2] validate_in_world (res://tests/orison_v2_owner_building_finish_test.gd:44)
       [3] _run (res://tests/orison_v2_fabrication_batch.gd:135)
ERROR: current geometry registration binds the current blockout
   at: push_error (core/variant/variant_utility.cpp:1023)
   GDScript backtrace (most recent call first):
       [0] check (res://tests/orison_v2_floor_surface_test.gd:8)
       [1] check (res://tests/orison_v2_ventilation_throat_test.gd:9)
       [2] validate_in_world (res://tests/orison_v2_city_tanks_test.gd:22)
       [3] validate_in_world (res://tests/orison_v2_owner_building_finish_test.gd:59)
       [4] validate_in_world (res://tests/orison_v2_roof_ventilator_test.gd:76)
       [5] shot (res://tests/orison_v2_floor_surface_test.gd:203)
ERROR: current geometry registration binds the current blockout
   at: push_error (core/variant/variant_utility.cpp:1023)
   GDScript backtrace (most recent call first):
       [0] check (res://tests/orison_v2_floor_surface_test.gd:8)
       [1] check (res://tests/orison_v2_ventilation_throat_test.gd:9)
       [2] validate_in_world (res://tests/orison_v2_city_aerials_test.gd:22)
       [3] validate_in_world (res://tests/orison_v2_owner_building_finish_test.gd:59)
       [4] validate_in_world (res://tests/orison_v2_city_tanks_test.gd:103)
       [5] shot (res://tests/orison_v2_floor_surface_test.gd:203)
ERROR: monitor motor and original lamp retained
   at: push_error (core/variant/variant_utility.cpp:1023)
   GDScript backtrace (most recent call first):
       [0] check (res://tests/orison_v2_floor_surface_test.gd:8)
       [1] check (res://tests/orison_v2_ventilation_throat_test.gd:9)
       [2] validate_in_world (res://tests/orison_v2_household_fridges_test.gd:32)
       [3] _run (res://tests/orison_v2_fabrication_batch.gd:135)
       [4] validate_in_world (res://tests/orison_v2_owner_building_finish_test.gd:83)
       [5] _city_capture (res://tests/orison_v2_city_sweep.gd:124)
       [6] shot (res://tests/orison_v2_floor_surface_test.gd:203)
ERROR: monitor motor and original lamp retained
   at: push_error (core/variant/variant_utility.cpp:1023)
   GDScript backtrace (most recent call first):
       [0] check (res://tests/orison_v2_floor_surface_test.gd:8)
       [1] check (res://tests/orison_v2_ventilation_throat_test.gd:9)
       [2] validate_in_world (res://tests/orison_v2_household_fridges_test.gd:32)
       [3] _run (res://tests/orison_v2_fabrication_batch.gd:135)
       [4] validate_in_world (res://tests/orison_v2_owner_building_finish_test.gd:83)
       [5] _city_capture (res://tests/orison_v2_city_sweep.gd:124)
       [6] shot (res://tests/orison_v2_floor_surface_test.gd:203)
ERROR: monitor motor and original lamp retained
   at: push_error (core/variant/variant_utility.cpp:1023)
   GDScript backtrace (most recent call first):
       [0] check (res://tests/orison_v2_floor_surface_test.gd:8)
       [1] check (res://tests/orison_v2_ventilation_throat_test.gd:9)
       [2] validate_in_world (res://tests/orison_v2_household_fridges_test.gd:32)
       [3] _run (res://tests/orison_v2_fabrication_batch.gd:135)
       [4] validate_in_world (res://tests/orison_v2_owner_building_finish_test.gd:83)
       [5] _city_capture (res://tests/orison_v2_city_sweep.gd:124)
       [6] shot (res://tests/orison_v2_floor_surface_test.gd:203)
ERROR: monitor motor and original lamp retained
   at: push_error (core/variant/variant_utility.cpp:1023)
   GDScript backtrace (most recent call first):
       [0] check (res://tests/orison_v2_floor_surface_test.gd:8)
       [1] check (res://tests/orison_v2_ventilation_throat_test.gd:9)
       [2] validate_in_world (res://tests/orison_v2_household_fridges_test.gd:32)
       [3] _run (res://tests/orison_v2_fabrication_batch.gd:135)
       [4] validate_in_world (res://tests/orison_v2_owner_building_finish_test.gd:83)
       [5] _city_capture (res://tests/orison_v2_city_sweep.gd:124)
       [6] shot (res://tests/orison_v2_floor_surface_test.gd:203)
ERROR: source service pivots retained
   at: push_error (core/variant/variant_utility.cpp:1023)
   GDScript backtrace (most recent call first):
       [0] check (res://tests/orison_v2_floor_surface_test.gd:8)
       [1] check (res://tests/orison_v2_ventilation_throat_test.gd:9)
       [2] validate_in_world (res://tests/orison_v2_household_fridges_test.gd:36)
       [3] _run (res://tests/orison_v2_fabrication_batch.gd:135)
       [4] validate_in_world (res://tests/orison_v2_owner_building_finish_test.gd:83)
       [5] _city_capture (res://tests/orison_v2_city_sweep.gd:124)
       [6] shot (res://tests/orison_v2_floor_surface_test.gd:203)
ERROR: native partition correctly rebased under source mechanism
   at: push_error (core/variant/variant_utility.cpp:1023)
   GDScript backtrace (most recent call first):
       [0] check (res://tests/orison_v2_floor_surface_test.gd:8)
       [1] check (res://tests/orison_v2_ventilation_throat_test.gd:9)
       [2] validate_in_world (res://tests/orison_v2_household_fridges_test.gd:52)
       [3] _run (res://tests/orison_v2_fabrication_batch.gd:135)
       [4] validate_in_world (res://tests/orison_v2_owner_building_finish_test.gd:83)
       [5] _city_capture (res://tests/orison_v2_city_sweep.gd:124)
       [6] shot (res://tests/orison_v2_floor_surface_test.gd:203)
ERROR: native partition correctly rebased under source mechanism
   at: push_error (core/variant/variant_utility.cpp:1023)
   GDScript backtrace (most recent call first):
       [0] check (res://tests/orison_v2_floor_surface_test.gd:8)
       [1] check (res://tests/orison_v2_ventilation_throat_test.gd:9)
       [2] validate_in_world (res://tests/orison_v2_household_fridges_test.gd:52)
       [3] _run (res://tests/orison_v2_fabrication_batch.gd:135)
       [4] validate_in_world (res://tests/orison_v2_owner_building_finish_test.gd:83)
       [5] _city_capture (res://tests/orison_v2_city_sweep.gd:124)
       [6] shot (res://tests/orison_v2_floor_surface_test.gd:203)
ERROR: native partition correctly rebased under source mechanism
   at: push_error (core/variant/variant_utility.cpp:1023)
   GDScript backtrace (most recent call first):
       [0] check (res://tests/orison_v2_floor_surface_test.gd:8)
       [1] check (res://tests/orison_v2_ventilation_throat_test.gd:9)
       [2] validate_in_world (res://tests/orison_v2_household_fridges_test.gd:52)
       [3] _run (res://tests/orison_v2_fabrication_batch.gd:135)
       [4] validate_in_world (res://tests/orison_v2_owner_building_finish_test.gd:83)
       [5] _city_capture (res://tests/orison_v2_city_sweep.gd:124)
       [6] shot (res://tests/orison_v2_floor_surface_test.gd:203)
ERROR: monitor motor and original lamp retained
   at: push_error (core/variant/variant_utility.cpp:1023)
   GDScript backtrace (most recent call first):
       [0] check (res://tests/orison_v2_floor_surface_test.gd:8)
       [1] check (res://tests/orison_v2_ventilation_throat_test.gd:9)
       [2] validate_in_world (res://tests/orison_v2_household_fridges_test.gd:32)
       [3] _run (res://tests/orison_v2_fabrication_batch.gd:135)
       [4] validate_in_world (res://tests/orison_v2_owner_building_finish_test.gd:83)
       [5] _city_capture (res://tests/orison_v2_city_sweep.gd:124)
       [6] shot (res://tests/orison_v2_floor_surface_test.gd:203)
ERROR: source ice hatch and pan close at original datums
   at: push_error (core/variant/variant_utility.cpp:1023)
   GDScript backtrace (most recent call first):
       [0] check (res://tests/orison_v2_floor_surface_test.gd:8)
       [1] check (res://tests/orison_v2_ventilation_throat_test.gd:9)
       [2] validate_in_world (res://tests/orison_v2_household_fridges_test.gd:82)
       [3] _capture_fridge (res://tests/orison_v2_household_fridges_test.gd:174)
       [4] _city_capture (res://tests/orison_v2_city_sweep.gd:124)
       [5] shot (res://tests/orison_v2_floor_surface_test.gd:203)
ERROR: actual retained-surface light attachment: F01_BAR_LT_WEST1
   at: push_error (core/variant/variant_utility.cpp:1023)
   GDScript backtrace (most recent call first):
       [0] check (res://tests/orison_v2_floor_surface_test.gd:8)
       [1] check (res://tests/orison_v2_ventilation_throat_test.gd:9)
       [2] validate_in_world (res://tests/orison_v2_fixed_lighting_test.gd:82)
       [3] _run (res://tests/orison_v2_fabrication_batch.gd:135)
       [4] validate_in_world (res://tests/orison_v2_household_stoves_test.gd:100)
       [5] _capture_stove (res://tests/orison_v2_household_stoves_test.gd:178)
       [6] _city_capture (res://tests/orison_v2_city_sweep.gd:124)
       [7] shot (res://tests/orison_v2_floor_surface_test.gd:203)
ERROR: actual retained-surface light attachment: F01_BAR_LT_WEST1
   at: push_error (core/variant/variant_utility.cpp:1023)
   GDScript backtrace (most recent call first):
       [0] check (res://tests/orison_v2_floor_surface_test.gd:8)
       [1] check (res://tests/orison_v2_ventilation_throat_test.gd:9)
       [2] validate_in_world (res://tests/orison_v2_fixed_lighting_test.gd:82)
       [3] _run (res://tests/orison_v2_fabrication_batch.gd:135)
       [4] validate_in_world (res://tests/orison_v2_household_stoves_test.gd:100)
       [5] _capture_stove (res://tests/orison_v2_household_stoves_test.gd:178)
       [6] _city_capture (res://tests/orison_v2_city_sweep.gd:124)
       [7] shot (res://tests/orison_v2_floor_surface_test.gd:203)
ERROR: unobstructed standing view of native fixture: F01_BAR_LT_DECK0
   at: push_error (core/variant/variant_utility.cpp:1023)
   GDScript backtrace (most recent call first):
       [0] check (res://tests/orison_v2_floor_surface_test.gd:8)
       [1] check (res://tests/orison_v2_ventilation_throat_test.gd:9)
       [2] _capture_light (res://tests/orison_v2_fixed_lighting_test.gd:157)
       [3] validate_in_world (res://tests/orison_v2_fixed_lighting_test.gd:111)
       [4] _capture_light (res://tests/orison_v2_fixed_lighting_test.gd:165)
       [5] _city_capture (res://tests/orison_v2_city_sweep.gd:124)
       [6] shot (res://tests/orison_v2_floor_surface_test.gd:203)
WARNING: 7 RIDs of type "Texture" were leaked.
   at: finalize (servers/rendering/rendering_device.cpp:8900)
