Godot Engine v4.7.1.stable.official.a13da4feb - https://godotengine.org

[ACOUSTIC] 550 nodes loaded
ORISON V2 BLOCKOUT: 61 spaces / 26 doors / 87 anchors
[SCHEDULE] director live: 18 residents on the clock
[ORISON V2 RUNTIME] ready startup_ms=1261.954
  PASS  production-composed v2 root starts
  PASS  one production gameplay authority: F01_WATCHMAN_DETECTOR
  PASS  one preserved spatial owner: F01_WATCHMAN_DETECTOR
  PASS  one production gameplay authority: F01_NIGHT_REGISTER
  PASS  one preserved spatial owner: F01_NIGHT_REGISTER
  PASS  one production gameplay authority: F01_SIGNAL_REGISTER
  PASS  one preserved spatial owner: F01_SIGNAL_REGISTER
  PASS  one production gameplay authority: F01_TOUR_KEY_GUARD
  PASS  one preserved spatial owner: F01_TOUR_KEY_GUARD
  PASS  one production gameplay authority: F02_B_RADIATOR_01
  PASS  one preserved spatial owner: F02_B_RADIATOR_01
  PASS  one production gameplay authority: B1_BOILER_01
  PASS  one preserved spatial owner: B1_BOILER_01
  PASS  one lifecycle and save authority per contract
  PASS  review-only cues are absent from production runtime
  PASS  central formatter produces carrier-neutral prompts
  PASS  ritual denial states refuse invented acts
  PASS  service-set call issues exactly one authored radiator obligation
  PASS  premature mechanisms cannot counterfeit progress
  PASS  resident threshold acknowledges the production work order
  PASS  radiator, porter board, and boiler evidence earns repairability
  PASS  duplicate interaction cannot double-advance
  PASS  real 2B radiator authority records the repair
  PASS  resident return closes the authored service round
  PASS  production event trace preserves the complete round
ORISON V2 BLOCKOUT: 61 spaces / 26 doors / 87 anchors
[SCHEDULE] director live: 18 residents on the clock
[ORISON V2 RUNTIME] ready startup_ms=581.160
[LIGHTING] 5 sources active in system; 5 full personalities; profiles steady/breathe/mains/beat/dropout=[1, 2, 1, 0, 1]
  PASS  save, destroy, CampaignShell reconstruct, and load preserve round facts
  PASS  v2 wake uses explicit bedside-return contract
[M08F PERF] cold_ms=1265.858 compose_ms=581.160 save_ms=14.361 reconstruct_ms=603.189 nodes=4062 collisions=678 cpu_ms=1.676 physics_ms=87.881
[M08F SAVE EVIDENCE] C:/Users/nate_/AppData/Roaming/PleaseRemainOnTheLine/tests/m08f_runtime_de50f3a4247b7c08.json
  PASS  production layout remains byte-stable
  PASS  committed selector remains v1
ORISON V2 M08F RUNTIME: PASS checks=29
