00:00.047  reports          | WARNING Unable to open 'C:\Users\nate_\AppData\Roaming\Blender Foundation\Blender\5.2\config\userpref.blend': Permission denied
Blender 5.2.0 LTS (hash fbe6228777e7 built 2026-07-14 01:35:40)
00:01.579  blend            | Read blend: "C:\PleaseRemainOnTheLine\art\blender\diner_counter.blend"
19:56:28 | INFO: Data are loaded, start creating Blender stuff
19:56:28 | INFO: Blender create Mesh node F01_OWN_SHOP_LUNCHEONETTE_retail_shop_luncheonette_awning_vinyl-col
19:56:28 | INFO: Blender create Mesh node F01_OWN_SHOP_LUNCHEONETTE_retail_shop_luncheonette_bakelite
19:56:28 | INFO: Blender create Mesh node F01_OWN_SHOP_LUNCHEONETTE_retail_shop_luncheonette_bakelite_black
19:56:28 | INFO: Blender create Mesh node F01_OWN_SHOP_LUNCHEONETTE_retail_shop_luncheonette_bakelite_black-col
19:56:28 | INFO: Blender create Mesh node F01_OWN_SHOP_LUNCHEONETTE_retail_shop_luncheonette_brass
19:56:28 | INFO: Blender create Mesh node F01_OWN_SHOP_LUNCHEONETTE_retail_shop_luncheonette_brass_bright-col
19:56:28 | INFO: Blender create Mesh node F01_OWN_SHOP_LUNCHEONETTE_retail_shop_luncheonette_brass_dull-col
19:56:28 | INFO: Blender create Mesh node F01_OWN_SHOP_LUNCHEONETTE_retail_shop_luncheonette_cast_iron-col
19:56:28 | INFO: Blender create Mesh node F01_OWN_SHOP_LUNCHEONETTE_retail_shop_luncheonette_chrome-col
19:56:28 | INFO: Blender create Mesh node F01_OWN_SHOP_LUNCHEONETTE_retail_shop_luncheonette_concrete-col
19:56:28 | INFO: Blender create Mesh node F01_OWN_SHOP_LUNCHEONETTE_retail_shop_luncheonette_countertop-col
19:56:28 | INFO: Blender create Mesh node F01_OWN_SHOP_LUNCHEONETTE_retail_shop_luncheonette_enamel
19:56:28 | INFO: Blender create Mesh node F01_OWN_SHOP_LUNCHEONETTE_retail_shop_luncheonette_enamel-col
19:56:28 | INFO: Blender create Mesh node F01_OWN_SHOP_LUNCHEONETTE_retail_shop_luncheonette_fabric_cool
19:56:28 | INFO: Blender create Mesh node F01_OWN_SHOP_LUNCHEONETTE_retail_shop_luncheonette_fx_shadow
19:56:28 | INFO: Blender create Mesh node F01_OWN_SHOP_LUNCHEONETTE_retail_shop_luncheonette_glassish-col
19:56:28 | INFO: Blender create Mesh node F01_OWN_SHOP_LUNCHEONETTE_retail_shop_luncheonette_hull-colonly
19:56:28 | INFO: Blender create Mesh node F01_OWN_SHOP_LUNCHEONETTE_retail_shop_luncheonette_lacquer_red-col
19:56:28 | INFO: Blender create Mesh node F01_OWN_SHOP_LUNCHEONETTE_retail_shop_luncheonette_marble_lobby-col
19:56:28 | INFO: Blender create Mesh node F01_OWN_SHOP_LUNCHEONETTE_retail_shop_luncheonette_metal-col
19:56:28 | INFO: Blender create Mesh node F01_OWN_SHOP_LUNCHEONETTE_retail_shop_luncheonette_milk_glass
19:56:28 | INFO: Blender create Mesh node F01_OWN_SHOP_LUNCHEONETTE_retail_shop_luncheonette_nickel_plated-col
19:56:28 | INFO: Blender create Mesh node F01_OWN_SHOP_LUNCHEONETTE_retail_shop_luncheonette_paper-col
19:56:28 | INFO: Blender create Mesh node F01_OWN_SHOP_LUNCHEONETTE_retail_shop_luncheonette_plaster-col
19:56:28 | INFO: Blender create Mesh node F01_OWN_SHOP_LUNCHEONETTE_retail_shop_luncheonette_plaster_stained-col
19:56:28 | INFO: Blender create Mesh node F01_OWN_SHOP_LUNCHEONETTE_retail_shop_luncheonette_screen
19:56:28 | INFO: Blender create Mesh node F01_OWN_SHOP_LUNCHEONETTE_retail_shop_luncheonette_terracotta
19:56:28 | INFO: Blender create Mesh node F01_OWN_SHOP_LUNCHEONETTE_retail_shop_luncheonette_terrazzo-col
19:56:28 | INFO: Blender create Mesh node F01_OWN_SHOP_LUNCHEONETTE_retail_shop_luncheonette_timber-col
19:56:28 | INFO: Blender create Mesh node F01_OWN_SHOP_LUNCHEONETTE_retail_shop_luncheonette_tin_ceiling-col
19:56:28 | INFO: Blender create Mesh node F01_OWN_SHOP_LUNCHEONETTE_retail_shop_luncheonette_trim-col
19:56:28 | INFO: Blender create Mesh node F01_OWN_SHOP_LUNCHEONETTE_retail_shop_luncheonette_vinyl_oxblood-col
19:56:28 | INFO: Blender create Mesh node F01_OWN_SHOP_LUNCHEONETTE_retail_shop_luncheonette_wainscot-col
19:56:28 | INFO: Blender create Mesh node F01_OWN_SHOP_LUNCHEONETTE_retail_shop_luncheonette_wood_dark-col
19:56:28 | INFO: Blender create Mesh node F01_OWN_SHOP_LUNCHEONETTE_wear_fx_scuff
19:56:28 | INFO: glTF import finished in 0.12s
00:04.469  render           | Saved: 'C:\PleaseRemainOnTheLine\tmp\v2-finish-review\diner-counter-native\customer_front.png'
00:06.110  render           | Saved: 'C:\PleaseRemainOnTheLine\tmp\v2-finish-review\diner-counter-native\service_rear.png'
00:07.594  render           | Saved: 'C:\PleaseRemainOnTheLine\tmp\v2-finish-review\diner-counter-native\front_end.png'
00:09.125  render           | Saved: 'C:\PleaseRemainOnTheLine\tmp\v2-finish-review\diner-counter-native\back_end.png'
00:11.563  render           | Saved: 'C:\PleaseRemainOnTheLine\tmp\v2-finish-review\diner-counter-native\folded_kick.png'
00:13.625  render           | Saved: 'C:\PleaseRemainOnTheLine\tmp\v2-finish-review\diner-counter-native\framed_floor_feet.png'
00:15.766  render           | Saved: 'C:\PleaseRemainOnTheLine\tmp\v2-finish-review\diner-counter-native\serving_edge.png'
00:18.719  render           | Saved: 'C:\PleaseRemainOnTheLine\tmp\v2-finish-review\diner-counter-native\ledger_seat.png'
DINER COUNTER NATIVE QA 30 closed connected stocks; 2 joined assemblies; 8 actual contacts; 8 views

Blender quit
Error: Not freed memory blocks: 1, total unfreed memory 0.000023 MB
