00:00.047  reports          | WARNING Unable to open 'C:\Users\nate_\AppData\Roaming\Blender Foundation\Blender\5.2\config\userpref.blend': Permission denied
Blender 5.2.0 LTS (hash fbe6228777e7 built 2026-07-14 01:35:40)
Extensions: writing cache failed ([WinError 183] Cannot create a file when that file already exists: 'C:\\Users\\nate_\\AppData\\Roaming\\Blender Foundation\\Blender\\5.2\\extensions\\.cache').
Info: Saved as "diner_counter.blend"
INFO Draco is available, use library at C:\Program Files\Blender Foundation\Blender 5.2\5.2\scripts\addons_core\io_scene_gltf2\bf_intern_draco_bridge.dll
INFO MeshOptimizer is available, use library at C:\Program Files\Blender Foundation\Blender 5.2\5.2\scripts\addons_core\io_scene_gltf2\bf_intern_meshopt_bridge.dll
19:56:25 | INFO: Starting glTF 2.0 export
19:56:25 | INFO: Extracting primitive: storm_shop_luncheonette_counter__chrome
19:56:25 | INFO: Primitives created: 1
19:56:25 | INFO: Extracting primitive: storm_shop_luncheonette_counter__countertop
19:56:25 | INFO: Primitives created: 1
19:56:25 | INFO: Extracting primitive: storm_shop_luncheonette_counter__timber
19:56:25 | INFO: Primitives created: 1
19:56:25 | INFO: Extracting primitive: storm_shop_luncheonette_ledger__paper
19:56:25 | INFO: Primitives created: 1
19:56:25 | INFO: Extracting primitive: storm_shop_luncheonette_ledger__paper__cover
19:56:25 | INFO: Primitives created: 1
19:56:25 | INFO: Finished glTF 2.0 export in 0.016487598419189453 s

DINER COUNTER 4 original records; 2 assemblies; 30 closed stocks; 5 parts; 4760 triangles; 8 foot contacts

Blender quit
