Godot Engine v4.7.1.stable.official.a13da4feb - https://godotengine.org

[ACOUSTIC] 550 nodes loaded
[K6] START
[RENDER] forward_plus
[PASSAGE] 304 interior, 20 shell and 186 foreign F01 draws indexed
[VANTRY] 119 points, 7 floor batches, 3 static draws/floor
[HEIGHTMAP] 39 materials given parallax, 527 left flat
[SURFACE] 1003 surfaces layered (677 materials)
[BUILDING] 7 resident stories rehung off a bathroom wall
[DOMESTIC RADIO] 18 receivers across 18 occupied units; 0 unresolved
[DOOR GLOW] 107 closed doors, 9 leaking light (skipped: { "no_circulation": 86, "asleep": 12 })
[STATION] 37 clips, 6 machines (5 projectors, 1 sets), all dark
[ARCADE] 10 cabinet(s) from a catalog of 12: SOMETHING IN THE HALL (mystery_serial), OPERATIONS (farm_and_market), STEP SEQUENCE (variety_hour), NIGHT MAIL (aviation_hour), COUNTY LEAGUE (sporting_wire), THE THOUSAND (motor_racing), TOWER OF ASH (adventure_serial), OUTER RIM (night_sky), DO NOT ANSWER (mystery_serial), OVERTIME (sporting_wire)
[ARCADE] all of them are running arcade_pit
[BUILDING] 488 functional props spawned
[FURNITURE INTERACTION] 72 baked mechanisms restored
[BUILDING] exterior finish: 381 batched details, 11 decals, 8 puddles
[PASSAGE HOURS] AFTER_HOURS; 10 grilles drawn
[PASSAGE HOURS] 11 shopfronts, 10 close after 02:00, HARDWARE PAINT keeps night service
[PASSAGE FINISH] 6 gated draws, 3 handcarts, hours active
[MOVES] personal library: res://assets/characters/teresa_vale/teresa_vale_moves.glb
[MOVES] personal library: res://assets/characters/mina_vale/mina_vale_moves.glb
[MOVES] personal library: res://assets/characters/lena_ortiz/lena_ortiz_moves.glb
[MOVES] personal library: res://assets/characters/juno_kells/juno_kells_moves.glb
[MOVES] personal library: res://assets/characters/malcolm_reed/malcolm_reed_moves.glb
[MOVES] personal library: res://assets/characters/omar_bell/omar_bell_moves.glb
[MOVES] personal library: res://assets/characters/rhea_sato/rhea_sato_moves.glb
[MOVES] personal library: res://assets/characters/peter_wren/peter_wren_moves.glb
[MOVES] personal library: res://assets/characters/cam_ortiz/cam_ortiz_moves.glb
[MOVES] personal library: res://assets/characters/noel_price/noel_price_moves.glb
[MOVES] personal library: res://assets/characters/transient_guests/transient_guests_moves.glb
[MOVES] personal library: res://assets/characters/nadia_quell/nadia_quell_moves.glb
[MOVES] personal library: res://assets/characters/cal_dwyer/cal_dwyer_moves.glb
[MOVES] personal library: res://assets/characters/iris_bell/iris_bell_moves.glb
[MOVES] personal library: res://assets/characters/sacha_reed/sacha_reed_moves.glb
[MOVES] personal library: res://assets/characters/jonah_price/jonah_price_moves.glb
[MOVES] personal library: res://assets/characters/mae_kessler/mae_kessler_moves.glb
[BUILDING] 18 residents spawned (18 rigged, 0 sprite fallbacks)
[NAV] 4 schedule anchors installed in PASSAGE
[NAV] 540 nodes across 8 floors; 7 stair links; elevator linked; 65 wall-crossing edges rejected; 1516 safe links restored
[ROUTINES] evelyn_marsh: 48 clips
[ROUTINES] evelyn_marsh upgraded to a mesh
[MOVES] personal library: res://assets/characters/teresa_vale/teresa_vale_moves.glb
[ROUTINES] teresa_vale: 49 clips
[ROUTINES] teresa_vale upgraded to a mesh
[MOVES] personal library: res://assets/characters/mina_vale/mina_vale_moves.glb
[ROUTINES] mina_vale: 49 clips
[ROUTINES] mina_vale upgraded to a mesh
[MOVES] personal library: res://assets/characters/lena_ortiz/lena_ortiz_moves.glb
[ROUTINES] lena_ortiz: 49 clips
[ROUTINES] lena_ortiz upgraded to a mesh
[MOVES] personal library: res://assets/characters/juno_kells/juno_kells_moves.glb
[ROUTINES] juno_kells: 49 clips
[ROUTINES] juno_kells upgraded to a mesh
[MOVES] personal library: res://assets/characters/malcolm_reed/malcolm_reed_moves.glb
[ROUTINES] malcolm_reed: 49 clips
[ROUTINES] malcolm_reed upgraded to a mesh
[MOVES] personal library: res://assets/characters/omar_bell/omar_bell_moves.glb
[ROUTINES] omar_bell: 49 clips
[ROUTINES] omar_bell upgraded to a mesh
[MOVES] personal library: res://assets/characters/rhea_sato/rhea_sato_moves.glb
[ROUTINES] rhea_sato: 49 clips
[ROUTINES] rhea_sato upgraded to a mesh
[MOVES] personal library: res://assets/characters/peter_wren/peter_wren_moves.glb
[ROUTINES] peter_wren: 49 clips
[ROUTINES] peter_wren upgraded to a mesh
[MOVES] personal library: res://assets/characters/cam_ortiz/cam_ortiz_moves.glb
[ROUTINES] cam_ortiz: 49 clips
[ROUTINES] cam_ortiz upgraded to a mesh
[MOVES] personal library: res://assets/characters/noel_price/noel_price_moves.glb
[ROUTINES] noel_price: 49 clips
[ROUTINES] noel_price upgraded to a mesh
[MOVES] personal library: res://assets/characters/transient_guests/transient_guests_moves.glb
[ROUTINES] transient_guests: 49 clips
[ROUTINES] transient_guests upgraded to a mesh
[MOVES] personal library: res://assets/characters/nadia_quell/nadia_quell_moves.glb
[ROUTINES] nadia_quell: 49 clips
[ROUTINES] nadia_quell upgraded to a mesh
[MOVES] personal library: res://assets/characters/cal_dwyer/cal_dwyer_moves.glb
[ROUTINES] cal_dwyer: 49 clips
[ROUTINES] cal_dwyer upgraded to a mesh
[MOVES] personal library: res://assets/characters/iris_bell/iris_bell_moves.glb
[ROUTINES] iris_bell: 49 clips
[ROUTINES] iris_bell upgraded to a mesh
[MOVES] personal library: res://assets/characters/sacha_reed/sacha_reed_moves.glb
[ROUTINES] sacha_reed: 49 clips
[ROUTINES] sacha_reed upgraded to a mesh
[MOVES] personal library: res://assets/characters/jonah_price/jonah_price_moves.glb
[ROUTINES] jonah_price: 49 clips
[ROUTINES] jonah_price upgraded to a mesh
[MOVES] personal library: res://assets/characters/mae_kessler/mae_kessler_moves.glb
[ROUTINES] mae_kessler: 49 clips
[ROUTINES] mae_kessler upgraded to a mesh
[ROUTINES] 18 residents with somewhere to be
[SWITCHES] 157 fixtures wired across 119 rooms, 87 exterior
[SWITCHES] 215 live plates
[MOON] 70 windowed rooms
[BUILDING] 18 apartment reality controllers ready
[WAYFINDING] 17 brass unit numbers, 7 directories, 8 fire signs, 1 spine plates, 6 stair pairs, 6 landing plates
[BUILDING] 62 reality-affected props placed
[WITNESS] 18 clocks and 20 other domestic anomalies placed and rigged
[ENCROACH] living field on F02 binds 74 materials
[ENCROACH] living field on F04 binds 79 materials
[ENCROACH] living field on F06 binds 77 materials
[ENCROACH] living field on F05 binds 82 materials
[ENCROACH] living field on F03 binds 85 materials
[ENCROACH] 22 finish surfaces across 6 case flats, 6 beachheads
[INCIDENTS] 15 flats on 5 living storeys can report
[BUILDING] 20 character memory artworks placed
[BUILDING] 20 character-specific wall artworks placed
[BUILDING] 8 hallway artworks placed
[BUILDING] 7 stair-landing pieces hung
[BUILDING] found art: 17 walls, 7 print props, 1 billboards
[BUILDING] front-door exterior light and signage placed
[BUILDING] maintenance headquarters ready: 18 trophy slots, 6 gear tiers
[LIGHT RIG] budgets resolved: 64 active / 5 shadow
[SCHEDULE] director inert: 18 residents on the clock
[HARUKIYA] 9 interactables placed
[BUILDING] Orison assembled: 8 floors, 565 windows lit, 292 railing details, player in lobby
[BUILDING] 197 low-overhead environment details and 26 story decals
[BUILDING] 64 atmospheric evidence decals
[PASSAGE] late sweep: 117 interior, 761 foreign, 2 shared late-built F01 draws registered
[PASSAGE] root sweep: 17 interior, 973 foreign draws, 37 foreign lights registered
[STREET] 1611 enclosed F01 draws indexed
[SURFACE] 3946 prop draws layered in triplanar mode (936 materials)
[ENCROACH] 926 prop draws reached across 6 case flats
[ENCROACH] living field on F02 binds 405 materials
[ENCROACH] living field on F04 binds 251 materials
[ENCROACH] living field on F06 binds 231 materials
[ENCROACH] living field on F05 binds 225 materials
[ENCROACH] living field on F03 binds 262 materials
[LIGHTING] 254 sources active in system; 254 full personalities; profiles steady/breathe/mains/beat/dropout=[55, 54, 49, 45, 51]
[NAV] collision audit: 404 edges cut by real geometry, 2 island nodes relinked, 0 stair legs obstructed
[SANITY] peter_form_corridor rung 2 (pressure 0.24, 1 acts)
[SURFACE] 3946 prop draws layered in triplanar mode (936 materials)
[ENCROACH] 926 prop draws reached across 6 case flats
[ENCROACH] living field on F02 binds 405 materials
[ENCROACH] living field on F04 binds 251 materials
[ENCROACH] living field on F06 binds 231 materials
[ENCROACH] living field on F05 binds 225 materials
[ENCROACH] living field on F03 binds 262 materials
[K6 BLOCK] origin_convergence wall=21.317s split=21.317s
[K6 BLOCK] boundary_idle wall=21.323s split=0.006s
  [k6 ok] the loop opens idle with no job and a silent ledger
  [k6 ok] checkpoint idle destroys the live state
  [k6 ok] checkpoint idle rebinds presentation from facts
[K6 BLOCK] complaint wall=21.356s split=0.033s
  [k6 ok] the complaint conversation genuinely locks the player
  [k6 ok] the drained complaint conversation releases the lock
  [k6 ok] checkpoint issued writes real serialized state
  [k6 ok] checkpoint issued destroys the live state
  [k6 ok] checkpoint issued restores through the real load path
  [k6 ok] checkpoint issued rebinds presentation from facts
  [k6 ok] no conversation or dream request exists this early
[K6 BLOCK] inspection wall=21.409s split=0.053s
  [k6 ok] the 2A entry admits the maintenance key
  [k6 ok] the corridor walk reaches the flat
  [k6 ok] checkpoint awaiting_part writes real serialized state
  [k6 ok] checkpoint awaiting_part destroys the live state
  [k6 ok] checkpoint awaiting_part restores through the real load path
  [k6 ok] checkpoint awaiting_part rebinds presentation from facts
[K6 BLOCK] errand_out wall=22.441s split=1.032s
[PASSAGE HOURS] OPEN; 10 grilles folded
  [k6 ok] the descent reaches the lobby floor
[STREET] 110 enclosed F01 draws indexed
[ELEVATOR] F01 -> F04 (8.0s)
[STREET] shoved by a motor_car
[PASSAGE] root sweep: 0 interior, 0 foreign draws, 15 foreign lights registered
[SURFACE] 3946 prop draws layered in triplanar mode (936 materials)
[ENCROACH] 926 prop draws reached across 6 case flats
[ENCROACH] living field on F02 binds 405 materials
[ENCROACH] living field on F04 binds 251 materials
[ENCROACH] living field on F06 binds 231 materials
[ENCROACH] living field on F05 binds 225 materials
[ENCROACH] living field on F03 binds 262 materials
[SANITY] unwitnessed (1 in a row)
[ELEVATOR] F04 -> F01 (8.0s)
  [k6 ok] the walked route reaches HARDWARE PAINT's customer floor
[K6 BLOCK] acquisition wall=37.919s split=15.478s
  [k6 ok] a second buy cannot duplicate the capsule
  [k6 ok] checkpoint repairable writes real serialized state
  [k6 ok] checkpoint repairable destroys the live state
  [k6 ok] checkpoint repairable restores through the real load path
  [k6 ok] checkpoint repairable rebinds presentation from facts
[K6 BLOCK] return_leg wall=37.960s split=0.041s
[SANITY] evelyn_paper_jam rung 2 (pressure 0.24, 2 acts)
[ELEVATOR] F01 -> F04 (8.0s)
[PASSAGE] late sweep: 0 interior, 0 foreign, 1446 shared late-built F01 draws registered
[PASSAGE] root sweep: 2 interior, 0 foreign draws, 0 foreign lights registered
[SURFACE] 3946 prop draws layered in triplanar mode (936 materials)
[ENCROACH] 926 prop draws reached across 6 case flats
[ENCROACH] living field on F02 binds 405 materials
[ENCROACH] living field on F04 binds 251 materials
[ENCROACH] living field on F06 binds 231 materials
[ENCROACH] living field on F05 binds 225 materials
[ENCROACH] living field on F03 binds 262 materials
[ELEVATOR] F04 -> F01 (8.0s)
[ELEVATOR] F01 -> F04 (8.0s)
[ELEVATOR] F04 -> F01 (8.0s)
  [k6 ok] the walked return reaches 2A again
[K6 BLOCK] repair wall=52.761s split=14.801s
  [k6 ok] checkpoint conversation_pending writes real serialized state
  [k6 ok] checkpoint conversation_pending destroys the live state
  [k6 ok] checkpoint conversation_pending restores through the real load path
  [k6 ok] checkpoint conversation_pending rebinds presentation from facts
[K6 BLOCK] first_conversation wall=52.801s split=0.040s
[K6 BLOCK] recurrence wall=52.846s split=0.045s
[SANITY] unwitnessed (2 in a row)
  [k6 ok] the production caption objects accept three factual observations
[K6 BLOCK] integration wall=53.720s split=0.874s
  [k6 ok] checkpoint conversation_complete writes real serialized state
  [k6 ok] checkpoint conversation_complete destroys the live state
  [k6 ok] checkpoint conversation_complete restores through the real load path
  [k6 ok] checkpoint conversation_complete rebinds presentation from facts
  [k6 ok] the dream cannot interrupt Mina before integration
  [k6 ok] the real-talk panel releases without arming the dream
  [k6 ok] the integration conversation releases before the final action
  [k6 ok] checkpoint dream_pending writes real serialized state
  [k6 ok] checkpoint dream_pending destroys the live state
  [k6 ok] checkpoint dream_pending restores through the real load path
  [k6 ok] checkpoint dream_pending rebinds presentation from facts
[K6 BLOCK] wake wall=54.155s split=0.435s
  [k6 ok] wake applies one factual residue at Mina's authored refrigerator
  [k6 ok] checkpoint wake_complete writes real serialized state
  [k6 ok] checkpoint wake_complete destroys the live state
  [k6 ok] checkpoint wake_complete restores through the real load path
  [k6 ok] checkpoint wake_complete rebinds presentation from facts
  [k6 ok] the waking residue survives the real save boundary exactly once
[K6 BLOCK] cleanup wall=54.293s split=0.138s
  [k6 ok] the test save resolved inside the dedicated test directory
  [k6 ok] the test save file is removed and the player save untouched
[K6] BLOCKS: ["origin_convergence", "boundary_idle", "complaint", "inspection", "errand_out", "acquisition", "return_leg", "repair", "first_conversation", "recurrence", "integration", "wake", "cleanup"] (ok)
[K6] CHECKS: 85/87 fails=37
[K6] TRACE: idle | issued | awaiting_part | repairable | conversation_pending | conversation_complete | dream_pending | wake_complete
[K6] COMPLETE: FAIL
