Godot Engine v4.7.1.stable.official.a13da4feb - https://godotengine.org

[ACOUSTIC] 550 nodes loaded
VISIT CLOCK: earned visit clock enabled = true
VISIT CLOCK: visit actually recurs once = true
VISIT CLOCK: visit reaches the next actual 23:43 = true
VISIT CLOCK: civil date follows midnight rollover = true
VISIT CLOCK: one persisted snapshot contains both clock jump and recurrence = true
VISIT CLOCK: disabled clock cannot advance the visit twice = true
VISIT CLOCK: actual disk reload restores time and visit together = true
VISIT CLOCK: earned visit clock enabled = true
VISIT CLOCK: visit actually recurs once = true
VISIT CLOCK: visit reaches the next actual 23:43 = true
VISIT CLOCK: civil date follows midnight rollover = true
VISIT CLOCK: one persisted snapshot contains both clock jump and recurrence = true
VISIT CLOCK: disabled clock cannot advance the visit twice = true
VISIT CLOCK: actual disk reload restores time and visit together = true
VISIT CLOCK: earned visit clock enabled = true
VISIT CLOCK: visit actually recurs once = true
VISIT CLOCK: visit reaches the next actual 23:43 = true
VISIT CLOCK: civil date follows midnight rollover = true
VISIT CLOCK: one persisted snapshot contains both clock jump and recurrence = true
VISIT CLOCK: disabled clock cannot advance the visit twice = true
VISIT CLOCK: actual disk reload restores time and visit together = true
MINA VISIT CLOCK: 21 checks; 0 failures
