Info: Saved as "street_paving_details.blend"
INFO Draco is available, use library at C:\Program Files\Blender Foundation\Blender 5.2\5.2\scripts\addons_core\io_scene_gltf2\bf_intern_draco_bridge.dll
INFO MeshOptimizer is available, use library at C:\Program Files\Blender Foundation\Blender 5.2\5.2\scripts\addons_core\io_scene_gltf2\bf_intern_meshopt_bridge.dll
16:49:58 | INFO: Starting glTF 2.0 export
16:49:58 | INFO: Extracting primitive: curb_coping_east
16:49:58 | INFO: Primitives created: 1
16:49:58 | INFO: Extracting primitive: curb_coping_middle
16:49:58 | INFO: Primitives created: 1
16:49:58 | INFO: Extracting primitive: curb_coping_mideast
16:49:58 | INFO: Primitives created: 1
16:49:58 | INFO: Extracting primitive: curb_coping_midwest
16:49:58 | INFO: Primitives created: 1
16:49:58 | INFO: Extracting primitive: curb_coping_west
16:49:58 | INFO: Primitives created: 1
16:49:58 | INFO: Extracting primitive: passage_pavement_slab_arcade
16:49:58 | INFO: Primitives created: 1
16:49:58 | INFO: Extracting primitive: passage_pavement_slab_east
16:49:58 | INFO: Primitives created: 1
16:49:58 | INFO: Extracting primitive: passage_pavement_slab_street
16:49:58 | INFO: Primitives created: 1
16:49:58 | INFO: Extracting primitive: passage_pavement_slab_west
16:49:58 | INFO: Primitives created: 1
16:49:58 | INFO: Extracting primitive: pavement_cross_joint_01
16:49:58 | INFO: Primitives created: 1
16:49:58 | INFO: Extracting primitive: pavement_cross_joint_02
16:49:58 | INFO: Primitives created: 1
16:49:58 | INFO: Extracting primitive: pavement_cross_joint_03
16:49:58 | INFO: Primitives created: 1
16:49:58 | INFO: Extracting primitive: pavement_cross_joint_04
16:49:58 | INFO: Primitives created: 1
16:49:58 | INFO: Extracting primitive: pavement_cross_joint_05
16:49:58 | INFO: Primitives created: 1
16:49:58 | INFO: Extracting primitive: pavement_cross_joint_06
16:49:58 | INFO: Primitives created: 1
16:49:58 | INFO: Extracting primitive: pavement_cross_joint_07
16:49:58 | INFO: Primitives created: 1
16:49:58 | INFO: Extracting primitive: pavement_long_joint
16:49:58 | INFO: Primitives created: 1
16:49:58 | INFO: Extracting primitive: pavement_wet_east
16:49:58 | INFO: Primitives created: 1
16:49:58 | INFO: Extracting primitive: pavement_wet_middle
16:49:58 | INFO: Primitives created: 1
16:49:58 | INFO: Extracting primitive: pavement_wet_west
16:49:58 | INFO: Primitives created: 1
16:49:58 | INFO: Finished glTF 2.0 export in 0.043579816818237305 s

STREET DETAIL: 20 parts 186 closed stocks {'asset': 'C:\\PleaseRemainOnTheLine\\game\\assets\\props\\street_paving_details.glb', 'primitives': 20, 'triangles': 9048, 'minimum_tangent_agreement': 0.9999999620389141, 'status': 'PASS'}
Blender 5.2.0 LTS (hash fbe6228777e7 built 2026-07-14 01:35:40)

Blender quit
