{
  "actual_engine_exit": 0,
  "elapsed_seconds": 6.348,
  "gate": {
    "diagnostic_gate_exit": 0,
    "reasons": [],
    "unpair_errors": 0,
    "soft_shadow_underflows": 0,
    "non_inherited_error_headers": {},
    "inherited_manifest_errors": [
      {
        "header": "ERROR: GENERAL - Message Id Number: 0 | Message Id Name: Loader Message",
        "detail": "loader_get_json: Failed to open JSON file C:\\Program Files\\TikTok LIVE Studio\\0.49.6\\resources\\app\\electron\\sdk\\lib\\LiveStudioVulkanLayer64.json"
      },
      {
        "header": "ERROR: GENERAL - Message Id Number: 0 | Message Id Name: Loader Message",
        "detail": "loader_get_json: Failed to open JSON file C:\\Program Files (x86)\\Epic Games\\Launcher\\Portal\\Extras\\Overlay\\EOSOverlayVkLayer-Win32.json"
      },
      {
        "header": "ERROR: GENERAL - Message Id Number: 0 | Message Id Name: Loader Message",
        "detail": "loader_get_json: Failed to open JSON file C:\\Program Files (x86)\\Epic Games\\Launcher\\Portal\\Extras\\Overlay\\EOSOverlayVkLayer-Win64.json"
      },
      {
        "header": "ERROR: GENERAL - Message Id Number: 0 | Message Id Name: Loader Message",
        "detail": "loader_get_json: Failed to open JSON file C:\\Program Files\\TikTok LIVE Studio\\0.49.6\\resources\\app\\electron\\sdk\\lib\\LiveStudioVulkanLayer32.json"
      },
      {
        "header": "ERROR: GENERAL - Message Id Number: 0 | Message Id Name: Loader Message",
        "detail": "loader_get_json: Failed to open JSON file C:\\Program Files\\TikTok LIVE Studio\\0.49.6\\resources\\app\\electron\\sdk\\lib\\LiveStudioVulkanLayer64.json"
      }
    ],
    "warnings": {
      "WARNING: GENERAL - Message Id Number: 0 | Message Id Name: Loader Message": 2,
      "WARNING: Image format RGB8 not supported by hardware, converting to RGBA8.": 39
    },
    "retention": [],
    "functional_checks_meaningful": true,
    "expected_unpair_red_observed": false,
    "expected_viewport_guard_red_observed": false,
    "execution_scope": "full",
    "full_candidate_scope_completed": true,
    "native_phase_attribution": "stdout phase markers retained; separate stdout/stderr buffering does not establish exact native-error phase or causal ownership"
  }
}
