Godot Engine v4.7.1.stable.official.a13da4feb - https://godotengine.org
Vulkan 1.4.341 - Forward+ - Using Device #0: NVIDIA - NVIDIA GeForce RTX 4080

[ACOUSTIC] 550 nodes loaded
EARNED BOUNDARY: physically earned input save exists = true
EARNED BOUNDARY: loaded earned case remains resolved = true
ORISON V2 BLOCKOUT: 62 spaces / 27 doors / 94 anchors
[SURFACE] 320 surfaces layered (293 materials)
[PASSAGE HOURS] OPEN; 10 grilles folded
[PASSAGE HOURS] 11 shopfronts, 10 close after 02:00, HARDWARE PAINT keeps night service
[PASSAGE FINISH] 6 gated draws, 3 handcarts, hours active
[V2 PASSAGE] 13 resident cells; 11 doors; 1 shared-service counters
[SCHEDULE] director live: 18 residents on the clock
[MOVES] personal library: res://assets/characters/mina_vale/mina_vale_moves.glb
[ORISON V2 RUNTIME] ready startup_ms=4325.911
[LIGHTING] 58 sources active in system; 58 full personalities; profiles steady/breathe/mains/beat/dropout=[12, 10, 12, 17, 7]
EARNED BOUNDARY: actual V2 reconstructs exclusively = true
EARNED BOUNDARY: earned request arms on reconstruction = true
EARNED BOUNDARY: public dream entry accepts earned transaction = true
EARNED BOUNDARY: real Dream root replaces V2 exclusively = true
EARNED BOUNDARY: retired V2 root is released = true
EARNED BOUNDARY: public outcome commits return transaction = true
ORISON V2 BLOCKOUT: 62 spaces / 27 doors / 94 anchors
[SURFACE] 320 surfaces layered (293 materials)
[PASSAGE HOURS] OPEN; 10 grilles folded
[PASSAGE HOURS] 11 shopfronts, 10 close after 02:00, HARDWARE PAINT keeps night service
[PASSAGE FINISH] 6 gated draws, 3 handcarts, hours active
[V2 PASSAGE] 13 resident cells; 11 doors; 1 shared-service counters
[SCHEDULE] director live: 18 residents on the clock
[MOVES] personal library: res://assets/characters/mina_vale/mina_vale_moves.glb
[ORISON V2 RUNTIME] ready startup_ms=3036.299
[LIGHTING] 58 sources active in system; 58 full personalities; profiles steady/breathe/mains/beat/dropout=[12, 10, 12, 17, 7]
EARNED BOUNDARY: actual V2 reconstructs after dream = true
EARNED BOUNDARY: retired Dream root is released = true
EARNED BOUNDARY: wake transaction completes = true
EARNED BOUNDARY: wake lands at V2 authored bedside = true
EARNED BOUNDARY: wake preserves earned work and resolution = true
EARNED BOUNDARY: wake records the factual Mina residue = false
V2 EARNED DREAM BOUNDARY: 14 checks; 1 failures
