Godot Engine v4.7.1.stable.official.a13da4feb - https://godotengine.org
Vulkan 1.4.341 - Forward+ - Using Device #0: NVIDIA - NVIDIA GeForce RTX 4080

[ACOUSTIC] 550 nodes loaded
[DREAM ZOO WAREHOUSE] PASS controller has eight authored records
[DREAM ZOO WAREHOUSE] PASS seam_grazer retains its authored anatomy and long exhibit life
[DREAM ZOO WAREHOUSE] PASS crystal_listener retains its authored anatomy and long exhibit life
[DREAM ZOO WAREHOUSE] PASS fold_crab retains its authored anatomy and long exhibit life
[DREAM ZOO WAREHOUSE] PASS tardigrade retains its authored anatomy and long exhibit life
[DREAM ZOO WAREHOUSE] PASS stentor retains its authored anatomy and long exhibit life
[DREAM ZOO WAREHOUSE] PASS lacrymaria retains its authored anatomy and long exhibit life
[DREAM ZOO WAREHOUSE] PASS vorticella retains its authored anatomy and long exhibit life
[DREAM ZOO WAREHOUSE] PASS euplotes retains its authored anatomy and long exhibit life
[DREAM ZOO WAREHOUSE] PASS one controller mesh owns one shared material
[DREAM ZOO WAREHOUSE] PASS both controller bindings use the exact world texture
[DREAM ZOO WAREHOUSE] PASS packed draw slots cover the eight live animals within capacity
[DREAM ZOO WAREHOUSE] PASS controller has eight authored records
[DREAM ZOO WAREHOUSE] PASS spirostomum retains its authored anatomy and long exhibit life
[DREAM ZOO WAREHOUSE] PASS heliozoan retains its authored anatomy and long exhibit life
[DREAM ZOO WAREHOUSE] PASS euglena retains its authored anatomy and long exhibit life
[DREAM ZOO WAREHOUSE] PASS volvox retains its authored anatomy and long exhibit life
[DREAM ZOO WAREHOUSE] PASS noctiluca retains its authored anatomy and long exhibit life
[DREAM ZOO WAREHOUSE] PASS bacillaria retains its authored anatomy and long exhibit life
[DREAM ZOO WAREHOUSE] PASS salpingoeca retains its authored anatomy and long exhibit life
[DREAM ZOO WAREHOUSE] PASS mesodinium retains its authored anatomy and long exhibit life
[DREAM ZOO WAREHOUSE] PASS one controller mesh owns one shared material
[DREAM ZOO WAREHOUSE] PASS both controller bindings use the exact world texture
[DREAM ZOO WAREHOUSE] PASS packed draw slots cover the eight live animals within capacity
[DREAM ZOO WAREHOUSE] PASS all sixteen enum kinds are unique animals and actual shader kind IDs
[DREAM ZOO WAREHOUSE] PASS sixteen animals retain two primary controller meshes and materials
[DREAM ZOO WAREHOUSE] PASS the one exposure texture is the existing RG8 world grid
[DREAM ZOO WAREHOUSE] PASS both warehouse batches admit the Blender presentation
[DREAM ZOO WAREHOUSE] PASS compiled batch has one real render surface
[DREAM ZOO WAREHOUSE] PASS compiled batch has one real render surface
[DREAM ZOO WAREHOUSE] PASS two batches retain exactly one shared pose atlas
[DREAM ZOO WAREHOUSE] PASS species 0 LOD0 imported absolute poses match GPU atlas
[DREAM ZOO WAREHOUSE] PASS species 0 LOD0 is within its triangle budget
[DREAM ZOO WAREHOUSE] PASS species 0 LOD1 imported absolute poses match GPU atlas
[DREAM ZOO WAREHOUSE] PASS species 0 LOD1 is within its triangle budget
[DREAM ZOO WAREHOUSE] PASS species 1 LOD0 imported absolute poses match GPU atlas
[DREAM ZOO WAREHOUSE] PASS species 1 LOD0 is within its triangle budget
[DREAM ZOO WAREHOUSE] PASS species 1 LOD1 imported absolute poses match GPU atlas
[DREAM ZOO WAREHOUSE] PASS species 1 LOD1 is within its triangle budget
[DREAM ZOO WAREHOUSE] PASS species 2 LOD0 imported absolute poses match GPU atlas
[DREAM ZOO WAREHOUSE] PASS species 2 LOD0 is within its triangle budget
[DREAM ZOO WAREHOUSE] PASS species 2 LOD1 imported absolute poses match GPU atlas
[DREAM ZOO WAREHOUSE] PASS species 2 LOD1 is within its triangle budget
[DREAM ZOO WAREHOUSE] PASS species 3 LOD0 imported absolute poses match GPU atlas
[DREAM ZOO WAREHOUSE] PASS species 3 LOD0 is within its triangle budget
[DREAM ZOO WAREHOUSE] PASS species 3 LOD1 imported absolute poses match GPU atlas
[DREAM ZOO WAREHOUSE] PASS species 3 LOD1 is within its triangle budget
[DREAM ZOO WAREHOUSE] PASS species 4 LOD0 imported absolute poses match GPU atlas
[DREAM ZOO WAREHOUSE] PASS species 4 LOD0 is within its triangle budget
[DREAM ZOO WAREHOUSE] PASS species 4 LOD1 imported absolute poses match GPU atlas
[DREAM ZOO WAREHOUSE] PASS species 4 LOD1 is within its triangle budget
[DREAM ZOO WAREHOUSE] PASS species 5 LOD0 imported absolute poses match GPU atlas
[DREAM ZOO WAREHOUSE] PASS species 5 LOD0 is within its triangle budget
[DREAM ZOO WAREHOUSE] PASS species 5 LOD1 imported absolute poses match GPU atlas
[DREAM ZOO WAREHOUSE] PASS species 5 LOD1 is within its triangle budget
[DREAM ZOO WAREHOUSE] PASS species 6 LOD0 imported absolute poses match GPU atlas
[DREAM ZOO WAREHOUSE] PASS species 6 LOD0 is within its triangle budget
[DREAM ZOO WAREHOUSE] PASS species 6 LOD1 imported absolute poses match GPU atlas
[DREAM ZOO WAREHOUSE] PASS species 6 LOD1 is within its triangle budget
[DREAM ZOO WAREHOUSE] PASS species 7 LOD0 imported absolute poses match GPU atlas
[DREAM ZOO WAREHOUSE] PASS species 7 LOD0 is within its triangle budget
[DREAM ZOO WAREHOUSE] PASS species 7 LOD1 imported absolute poses match GPU atlas
[DREAM ZOO WAREHOUSE] PASS species 7 LOD1 is within its triangle budget
[DREAM ZOO WAREHOUSE] PASS species 8 LOD0 imported absolute poses match GPU atlas
[DREAM ZOO WAREHOUSE] PASS species 8 LOD0 is within its triangle budget
[DREAM ZOO WAREHOUSE] PASS species 8 LOD1 imported absolute poses match GPU atlas
[DREAM ZOO WAREHOUSE] PASS species 8 LOD1 is within its triangle budget
[DREAM ZOO WAREHOUSE] PASS species 9 LOD0 imported absolute poses match GPU atlas
[DREAM ZOO WAREHOUSE] PASS species 9 LOD0 is within its triangle budget
[DREAM ZOO WAREHOUSE] PASS species 9 LOD1 imported absolute poses match GPU atlas
[DREAM ZOO WAREHOUSE] PASS species 9 LOD1 is within its triangle budget
[DREAM ZOO WAREHOUSE] PASS species 10 LOD0 imported absolute poses match GPU atlas
[DREAM ZOO WAREHOUSE] PASS species 10 LOD0 is within its triangle budget
[DREAM ZOO WAREHOUSE] PASS species 10 LOD1 imported absolute poses match GPU atlas
[DREAM ZOO WAREHOUSE] PASS species 10 LOD1 is within its triangle budget
[DREAM ZOO WAREHOUSE] PASS species 11 LOD0 imported absolute poses match GPU atlas
[DREAM ZOO WAREHOUSE] PASS species 11 LOD0 is within its triangle budget
[DREAM ZOO WAREHOUSE] PASS species 11 LOD1 imported absolute poses match GPU atlas
[DREAM ZOO WAREHOUSE] PASS species 11 LOD1 is within its triangle budget
[DREAM ZOO WAREHOUSE] PASS species 12 LOD0 imported absolute poses match GPU atlas
[DREAM ZOO WAREHOUSE] PASS species 12 LOD0 is within its triangle budget
[DREAM ZOO WAREHOUSE] PASS species 12 LOD1 imported absolute poses match GPU atlas
[DREAM ZOO WAREHOUSE] PASS species 12 LOD1 is within its triangle budget
[DREAM ZOO WAREHOUSE] PASS species 13 LOD0 imported absolute poses match GPU atlas
[DREAM ZOO WAREHOUSE] PASS species 13 LOD0 is within its triangle budget
[DREAM ZOO WAREHOUSE] PASS species 13 LOD1 imported absolute poses match GPU atlas
[DREAM ZOO WAREHOUSE] PASS species 13 LOD1 is within its triangle budget
[DREAM ZOO WAREHOUSE] PASS species 14 LOD0 imported absolute poses match GPU atlas
[DREAM ZOO WAREHOUSE] PASS species 14 LOD0 is within its triangle budget
[DREAM ZOO WAREHOUSE] PASS species 14 LOD1 imported absolute poses match GPU atlas
[DREAM ZOO WAREHOUSE] PASS species 14 LOD1 is within its triangle budget
[DREAM ZOO WAREHOUSE] PASS species 15 LOD0 imported absolute poses match GPU atlas
[DREAM ZOO WAREHOUSE] PASS species 15 LOD0 is within its triangle budget
[DREAM ZOO WAREHOUSE] PASS species 15 LOD1 imported absolute poses match GPU atlas
[DREAM ZOO WAREHOUSE] PASS species 15 LOD1 is within its triangle budget
[DREAM ZOO WAREHOUSE] PASS pose texture is nearest-ready full precision without mipmaps
[DREAM ZOO WAREHOUSE] PASS kind0 LOD0 foot atlas ownership matches manifest count
[DREAM ZOO WAREHOUSE] PASS kind0 LOD0 cilium atlas ownership matches manifest count
[DREAM ZOO WAREHOUSE] PASS kind0 LOD0 cilium roots match every manifest pose
[DREAM ZOO WAREHOUSE] PASS kind0 LOD1 foot atlas ownership matches manifest count
[DREAM ZOO WAREHOUSE] PASS kind0 LOD1 cilium atlas ownership matches manifest count
[DREAM ZOO WAREHOUSE] PASS kind0 LOD1 cilium roots match every manifest pose
[DREAM ZOO WAREHOUSE] PASS kind1 LOD0 foot atlas ownership matches manifest count
[DREAM ZOO WAREHOUSE] PASS kind1 LOD0 cilium atlas ownership matches manifest count
[DREAM ZOO WAREHOUSE] PASS kind1 LOD0 cilium roots match every manifest pose
[DREAM ZOO WAREHOUSE] PASS kind1 LOD1 foot atlas ownership matches manifest count
[DREAM ZOO WAREHOUSE] PASS kind1 LOD1 cilium atlas ownership matches manifest count
[DREAM ZOO WAREHOUSE] PASS kind1 LOD1 cilium roots match every manifest pose
[DREAM ZOO WAREHOUSE] PASS kind2 LOD0 foot atlas ownership matches manifest count
[DREAM ZOO WAREHOUSE] PASS kind2 LOD0 foot roots match every manifest pose
[DREAM ZOO WAREHOUSE] PASS kind2 LOD0 cilium atlas ownership matches manifest count
[DREAM ZOO WAREHOUSE] PASS kind2 LOD0 cilium roots match every manifest pose
[DREAM ZOO WAREHOUSE] PASS kind2 LOD1 foot atlas ownership matches manifest count
[DREAM ZOO WAREHOUSE] PASS kind2 LOD1 foot roots match every manifest pose
[DREAM ZOO WAREHOUSE] PASS kind2 LOD1 cilium atlas ownership matches manifest count
[DREAM ZOO WAREHOUSE] PASS kind2 LOD1 cilium roots match every manifest pose
[DREAM ZOO WAREHOUSE] PASS kind3 LOD0 foot atlas ownership matches manifest count
[DREAM ZOO WAREHOUSE] PASS kind3 LOD0 foot roots match every manifest pose
[DREAM ZOO WAREHOUSE] PASS kind3 LOD0 cilium atlas ownership matches manifest count
[DREAM ZOO WAREHOUSE] PASS kind3 LOD1 foot atlas ownership matches manifest count
[DREAM ZOO WAREHOUSE] PASS kind3 LOD1 foot roots match every manifest pose
[DREAM ZOO WAREHOUSE] PASS kind3 LOD1 cilium atlas ownership matches manifest count
[DREAM ZOO WAREHOUSE] PASS kind4 LOD0 foot atlas ownership matches manifest count
[DREAM ZOO WAREHOUSE] PASS kind4 LOD0 cilium atlas ownership matches manifest count
[DREAM ZOO WAREHOUSE] PASS kind4 LOD0 cilium roots match every manifest pose
[DREAM ZOO WAREHOUSE] PASS kind4 LOD1 foot atlas ownership matches manifest count
[DREAM ZOO WAREHOUSE] PASS kind4 LOD1 cilium atlas ownership matches manifest count
[DREAM ZOO WAREHOUSE] PASS kind4 LOD1 cilium roots match every manifest pose
[DREAM ZOO WAREHOUSE] PASS kind5 LOD0 foot atlas ownership matches manifest count
[DREAM ZOO WAREHOUSE] PASS kind5 LOD0 cilium atlas ownership matches manifest count
[DREAM ZOO WAREHOUSE] PASS kind5 LOD1 foot atlas ownership matches manifest count
[DREAM ZOO WAREHOUSE] PASS kind5 LOD1 cilium atlas ownership matches manifest count
[DREAM ZOO WAREHOUSE] PASS kind6 LOD0 foot atlas ownership matches manifest count
[DREAM ZOO WAREHOUSE] PASS kind6 LOD0 cilium atlas ownership matches manifest count
[DREAM ZOO WAREHOUSE] PASS kind6 LOD0 cilium roots match every manifest pose
[DREAM ZOO WAREHOUSE] PASS kind6 LOD1 foot atlas ownership matches manifest count
[DREAM ZOO WAREHOUSE] PASS kind6 LOD1 cilium atlas ownership matches manifest count
[DREAM ZOO WAREHOUSE] PASS kind6 LOD1 cilium roots match every manifest pose
[DREAM ZOO WAREHOUSE] PASS kind7 LOD0 foot atlas ownership matches manifest count
[DREAM ZOO WAREHOUSE] PASS kind7 LOD0 cilium atlas ownership matches manifest count
[DREAM ZOO WAREHOUSE] PASS kind7 LOD0 cilium roots match every manifest pose
[DREAM ZOO WAREHOUSE] PASS kind7 LOD1 foot atlas ownership matches manifest count
[DREAM ZOO WAREHOUSE] PASS kind7 LOD1 cilium atlas ownership matches manifest count
[DREAM ZOO WAREHOUSE] PASS kind7 LOD1 cilium roots match every manifest pose
[DREAM ZOO WAREHOUSE] PASS kind8 LOD0 foot atlas ownership matches manifest count
[DREAM ZOO WAREHOUSE] PASS kind8 LOD0 cilium atlas ownership matches manifest count
[DREAM ZOO WAREHOUSE] PASS kind8 LOD0 cilium roots match every manifest pose
[DREAM ZOO WAREHOUSE] PASS kind8 LOD1 foot atlas ownership matches manifest count
[DREAM ZOO WAREHOUSE] PASS kind8 LOD1 cilium atlas ownership matches manifest count
[DREAM ZOO WAREHOUSE] PASS kind8 LOD1 cilium roots match every manifest pose
[DREAM ZOO WAREHOUSE] PASS kind9 LOD0 foot atlas ownership matches manifest count
[DREAM ZOO WAREHOUSE] PASS kind9 LOD0 cilium atlas ownership matches manifest count
[DREAM ZOO WAREHOUSE] PASS kind9 LOD1 foot atlas ownership matches manifest count
[DREAM ZOO WAREHOUSE] PASS kind9 LOD1 cilium atlas ownership matches manifest count
[DREAM ZOO WAREHOUSE] PASS kind10 LOD0 foot atlas ownership matches manifest count
[DREAM ZOO WAREHOUSE] PASS kind10 LOD0 cilium atlas ownership matches manifest count
[DREAM ZOO WAREHOUSE] PASS kind10 LOD0 cilium roots match every manifest pose
[DREAM ZOO WAREHOUSE] PASS kind10 LOD1 foot atlas ownership matches manifest count
[DREAM ZOO WAREHOUSE] PASS kind10 LOD1 cilium atlas ownership matches manifest count
[DREAM ZOO WAREHOUSE] PASS kind10 LOD1 cilium roots match every manifest pose
[DREAM ZOO WAREHOUSE] PASS kind11 LOD0 foot atlas ownership matches manifest count
[DREAM ZOO WAREHOUSE] PASS kind11 LOD0 cilium atlas ownership matches manifest count
[DREAM ZOO WAREHOUSE] PASS kind11 LOD0 cilium roots match every manifest pose
[DREAM ZOO WAREHOUSE] PASS kind11 LOD1 foot atlas ownership matches manifest count
[DREAM ZOO WAREHOUSE] PASS kind11 LOD1 cilium atlas ownership matches manifest count
[DREAM ZOO WAREHOUSE] PASS kind11 LOD1 cilium roots match every manifest pose
[DREAM ZOO WAREHOUSE] PASS kind12 LOD0 foot atlas ownership matches manifest count
[DREAM ZOO WAREHOUSE] PASS kind12 LOD0 cilium atlas ownership matches manifest count
[DREAM ZOO WAREHOUSE] PASS kind12 LOD0 cilium roots match every manifest pose
[DREAM ZOO WAREHOUSE] PASS kind12 LOD1 foot atlas ownership matches manifest count
[DREAM ZOO WAREHOUSE] PASS kind12 LOD1 cilium atlas ownership matches manifest count
[DREAM ZOO WAREHOUSE] PASS kind12 LOD1 cilium roots match every manifest pose
[DREAM ZOO WAREHOUSE] PASS kind13 LOD0 foot atlas ownership matches manifest count
[DREAM ZOO WAREHOUSE] PASS kind13 LOD0 cilium atlas ownership matches manifest count
[DREAM ZOO WAREHOUSE] PASS kind13 LOD1 foot atlas ownership matches manifest count
[DREAM ZOO WAREHOUSE] PASS kind13 LOD1 cilium atlas ownership matches manifest count
[DREAM ZOO WAREHOUSE] PASS kind14 LOD0 foot atlas ownership matches manifest count
[DREAM ZOO WAREHOUSE] PASS kind14 LOD0 cilium atlas ownership matches manifest count
[DREAM ZOO WAREHOUSE] PASS kind14 LOD1 foot atlas ownership matches manifest count
[DREAM ZOO WAREHOUSE] PASS kind14 LOD1 cilium atlas ownership matches manifest count
[DREAM ZOO WAREHOUSE] PASS kind15 LOD0 foot atlas ownership matches manifest count
[DREAM ZOO WAREHOUSE] PASS kind15 LOD0 cilium atlas ownership matches manifest count
[DREAM ZOO WAREHOUSE] PASS kind15 LOD0 cilium roots match every manifest pose
[DREAM ZOO WAREHOUSE] PASS kind15 LOD1 foot atlas ownership matches manifest count
[DREAM ZOO WAREHOUSE] PASS kind15 LOD1 cilium atlas ownership matches manifest count
[DREAM ZOO WAREHOUSE] PASS kind15 LOD1 cilium roots match every manifest pose
[DREAM ZOO WAREHOUSE] PASS kind0 LOD0 prop declares exact source row count
[DREAM ZOO WAREHOUSE] PASS kind0 LOD0 joint declares exact source row count
[DREAM ZOO WAREHOUSE] PASS kind0 LOD0 manipulator declares exact source row count
[DREAM ZOO WAREHOUSE] PASS kind0 LOD1 prop declares exact source row count
[DREAM ZOO WAREHOUSE] PASS kind0 LOD1 joint declares exact source row count
[DREAM ZOO WAREHOUSE] PASS kind0 LOD1 manipulator declares exact source row count
[DREAM ZOO WAREHOUSE] PASS kind1 LOD0 prop declares exact source row count
[DREAM ZOO WAREHOUSE] PASS kind1 LOD0 prop rows match source manifest
[DREAM ZOO WAREHOUSE] PASS kind1 LOD0 joint declares exact source row count
[DREAM ZOO WAREHOUSE] PASS kind1 LOD0 manipulator declares exact source row count
[DREAM ZOO WAREHOUSE] PASS kind1 LOD1 prop declares exact source row count
[DREAM ZOO WAREHOUSE] PASS kind1 LOD1 prop rows match source manifest
[DREAM ZOO WAREHOUSE] PASS kind1 LOD1 joint declares exact source row count
[DREAM ZOO WAREHOUSE] PASS kind1 LOD1 manipulator declares exact source row count
[DREAM ZOO WAREHOUSE] PASS kind2 LOD0 prop declares exact source row count
[DREAM ZOO WAREHOUSE] PASS kind2 LOD0 joint declares exact source row count
[DREAM ZOO WAREHOUSE] PASS kind2 LOD0 joint rows match source manifest
[DREAM ZOO WAREHOUSE] PASS kind2 LOD0 manipulator declares exact source row count
[DREAM ZOO WAREHOUSE] PASS kind2 LOD0 manipulator rows match source manifest
[DREAM ZOO WAREHOUSE] PASS kind2 LOD1 prop declares exact source row count
[DREAM ZOO WAREHOUSE] PASS kind2 LOD1 joint declares exact source row count
[DREAM ZOO WAREHOUSE] PASS kind2 LOD1 joint rows match source manifest
[DREAM ZOO WAREHOUSE] PASS kind2 LOD1 manipulator declares exact source row count
[DREAM ZOO WAREHOUSE] PASS kind2 LOD1 manipulator rows match source manifest
[DREAM ZOO WAREHOUSE] PASS kind3 LOD0 prop declares exact source row count
[DREAM ZOO WAREHOUSE] PASS kind3 LOD0 joint declares exact source row count
[DREAM ZOO WAREHOUSE] PASS kind3 LOD0 manipulator declares exact source row count
[DREAM ZOO WAREHOUSE] PASS kind3 LOD1 prop declares exact source row count
[DREAM ZOO WAREHOUSE] PASS kind3 LOD1 joint declares exact source row count
[DREAM ZOO WAREHOUSE] PASS kind3 LOD1 manipulator declares exact source row count
[DREAM ZOO WAREHOUSE] PASS kind4 LOD0 prop declares exact source row count
[DREAM ZOO WAREHOUSE] PASS kind4 LOD0 joint declares exact source row count
[DREAM ZOO WAREHOUSE] PASS kind4 LOD0 manipulator declares exact source row count
[DREAM ZOO WAREHOUSE] PASS kind4 LOD1 prop declares exact source row count
[DREAM ZOO WAREHOUSE] PASS kind4 LOD1 joint declares exact source row count
[DREAM ZOO WAREHOUSE] PASS kind4 LOD1 manipulator declares exact source row count
[DREAM ZOO WAREHOUSE] PASS kind5 LOD0 prop declares exact source row count
[DREAM ZOO WAREHOUSE] PASS kind5 LOD0 joint declares exact source row count
[DREAM ZOO WAREHOUSE] PASS kind5 LOD0 manipulator declares exact source row count
[DREAM ZOO WAREHOUSE] PASS kind5 LOD1 prop declares exact source row count
[DREAM ZOO WAREHOUSE] PASS kind5 LOD1 joint declares exact source row count
[DREAM ZOO WAREHOUSE] PASS kind5 LOD1 manipulator declares exact source row count
[DREAM ZOO WAREHOUSE] PASS kind6 LOD0 prop declares exact source row count
[DREAM ZOO WAREHOUSE] PASS kind6 LOD0 joint declares exact source row count
[DREAM ZOO WAREHOUSE] PASS kind6 LOD0 manipulator declares exact source row count
[DREAM ZOO WAREHOUSE] PASS kind6 LOD1 prop declares exact source row count
[DREAM ZOO WAREHOUSE] PASS kind6 LOD1 joint declares exact source row count
[DREAM ZOO WAREHOUSE] PASS kind6 LOD1 manipulator declares exact source row count
[DREAM ZOO WAREHOUSE] PASS kind7 LOD0 prop declares exact source row count
[DREAM ZOO WAREHOUSE] PASS kind7 LOD0 joint declares exact source row count
[DREAM ZOO WAREHOUSE] PASS kind7 LOD0 manipulator declares exact source row count
[DREAM ZOO WAREHOUSE] PASS kind7 LOD1 prop declares exact source row count
[DREAM ZOO WAREHOUSE] PASS kind7 LOD1 joint declares exact source row count
[DREAM ZOO WAREHOUSE] PASS kind7 LOD1 manipulator declares exact source row count
[DREAM ZOO WAREHOUSE] PASS kind8 LOD0 prop declares exact source row count
[DREAM ZOO WAREHOUSE] PASS kind8 LOD0 joint declares exact source row count
[DREAM ZOO WAREHOUSE] PASS kind8 LOD0 manipulator declares exact source row count
[DREAM ZOO WAREHOUSE] PASS kind8 LOD1 prop declares exact source row count
[DREAM ZOO WAREHOUSE] PASS kind8 LOD1 joint declares exact source row count
[DREAM ZOO WAREHOUSE] PASS kind8 LOD1 manipulator declares exact source row count
[DREAM ZOO WAREHOUSE] PASS kind9 LOD0 prop declares exact source row count
[DREAM ZOO WAREHOUSE] PASS kind9 LOD0 joint declares exact source row count
[DREAM ZOO WAREHOUSE] PASS kind9 LOD0 manipulator declares exact source row count
[DREAM ZOO WAREHOUSE] PASS kind9 LOD1 prop declares exact source row count
[DREAM ZOO WAREHOUSE] PASS kind9 LOD1 joint declares exact source row count
[DREAM ZOO WAREHOUSE] PASS kind9 LOD1 manipulator declares exact source row count
[DREAM ZOO WAREHOUSE] PASS kind10 LOD0 prop declares exact source row count
[DREAM ZOO WAREHOUSE] PASS kind10 LOD0 joint declares exact source row count
[DREAM ZOO WAREHOUSE] PASS kind10 LOD0 manipulator declares exact source row count
[DREAM ZOO WAREHOUSE] PASS kind10 LOD1 prop declares exact source row count
[DREAM ZOO WAREHOUSE] PASS kind10 LOD1 joint declares exact source row count
[DREAM ZOO WAREHOUSE] PASS kind10 LOD1 manipulator declares exact source row count
[DREAM ZOO WAREHOUSE] PASS kind11 LOD0 prop declares exact source row count
[DREAM ZOO WAREHOUSE] PASS kind11 LOD0 joint declares exact source row count
[DREAM ZOO WAREHOUSE] PASS kind11 LOD0 manipulator declares exact source row count
[DREAM ZOO WAREHOUSE] PASS kind11 LOD1 prop declares exact source row count
[DREAM ZOO WAREHOUSE] PASS kind11 LOD1 joint declares exact source row count
[DREAM ZOO WAREHOUSE] PASS kind11 LOD1 manipulator declares exact source row count
[DREAM ZOO WAREHOUSE] PASS kind12 LOD0 prop declares exact source row count
[DREAM ZOO WAREHOUSE] PASS kind12 LOD0 joint declares exact source row count
[DREAM ZOO WAREHOUSE] PASS kind12 LOD0 manipulator declares exact source row count
[DREAM ZOO WAREHOUSE] PASS kind12 LOD1 prop declares exact source row count
[DREAM ZOO WAREHOUSE] PASS kind12 LOD1 joint declares exact source row count
[DREAM ZOO WAREHOUSE] PASS kind12 LOD1 manipulator declares exact source row count
[DREAM ZOO WAREHOUSE] PASS kind13 LOD0 prop declares exact source row count
[DREAM ZOO WAREHOUSE] PASS kind13 LOD0 joint declares exact source row count
[DREAM ZOO WAREHOUSE] PASS kind13 LOD0 manipulator declares exact source row count
[DREAM ZOO WAREHOUSE] PASS kind13 LOD1 prop declares exact source row count
[DREAM ZOO WAREHOUSE] PASS kind13 LOD1 joint declares exact source row count
[DREAM ZOO WAREHOUSE] PASS kind13 LOD1 manipulator declares exact source row count
[DREAM ZOO WAREHOUSE] PASS kind14 LOD0 prop declares exact source row count
[DREAM ZOO WAREHOUSE] PASS kind14 LOD0 joint declares exact source row count
[DREAM ZOO WAREHOUSE] PASS kind14 LOD0 manipulator declares exact source row count
[DREAM ZOO WAREHOUSE] PASS kind14 LOD1 prop declares exact source row count
[DREAM ZOO WAREHOUSE] PASS kind14 LOD1 joint declares exact source row count
[DREAM ZOO WAREHOUSE] PASS kind14 LOD1 manipulator declares exact source row count
[DREAM ZOO WAREHOUSE] PASS kind15 LOD0 prop declares exact source row count
[DREAM ZOO WAREHOUSE] PASS kind15 LOD0 joint declares exact source row count
[DREAM ZOO WAREHOUSE] PASS kind15 LOD0 manipulator declares exact source row count
[DREAM ZOO WAREHOUSE] PASS kind15 LOD1 prop declares exact source row count
[DREAM ZOO WAREHOUSE] PASS kind15 LOD1 joint declares exact source row count
[DREAM ZOO WAREHOUSE] PASS kind15 LOD1 manipulator declares exact source row count
[DREAM ZOO WAREHOUSE] PASS actual listener prop anchors satisfy nineteen poses
[DREAM ZOO WAREHOUSE] PASS missing listener phase-anchor row refused
[DREAM ZOO WAREHOUSE] PASS non-finite listener anchor refused
[DREAM ZOO WAREHOUSE] PASS actual Fold eight joint chains become forty atlas rows
[DREAM ZOO WAREHOUSE] PASS truncated Fold chain refused
[DREAM ZOO WAREHOUSE] PASS zero-length Fold joint segment refused
[DREAM ZOO WAREHOUSE] PASS non-finite Fold mouth rest point refused
[DREAM ZOO WAREHOUSE] PASS Fold jaw roles admitted while undeclared role gaps are refused
[DREAM ZOO WAREHOUSE] PASS Euplotes has six oral branches and no CPU foot roles
[DREAM ZOO WAREHOUSE] PASS actual Fold GLB retains endpoints and mouth rest geometry
[DREAM ZOO WAREHOUSE] PASS moving Fold jaw in crease atlas refused
[DREAM ZOO WAREHOUSE] PASS shifted canonical Fold socket refused
[DREAM ZOO WAREHOUSE] PASS moving Fold phase foot anchor refused
[DREAM ZOO WAREHOUSE] PASS wrong fourteen-to-eight Euplotes mapping refused
[DREAM ZOO WAREHOUSE] PASS fractional Euplotes control refused
[DREAM ZOO WAREHOUSE] PASS string Euplotes control refused
[DREAM ZOO WAREHOUSE] PASS membrane shares its controller frame, world field and pose atlas
[DREAM ZOO WAREHOUSE] PASS thin-window triangles and solid triangles form a bounded disjoint partition
[DREAM ZOO WAREHOUSE] PASS paused membrane unbind releases the shared field immediately
[DREAM ZOO WAREHOUSE] PASS paused membrane rebind restores the same field immediately
[DREAM ZOO WAREHOUSE] PASS membrane shares its controller frame, world field and pose atlas
[DREAM ZOO WAREHOUSE] PASS thin-window triangles and solid triangles form a bounded disjoint partition
[DREAM ZOO WAREHOUSE] PASS paused membrane unbind releases the shared field immediately
[DREAM ZOO WAREHOUSE] PASS paused membrane rebind restores the same field immediately
[DREAM ZOO WAREHOUSE] PASS eye reordering preserves compiled mesh and maps every stable section to its species
[DREAM ZOO WAREHOUSE] PASS retiring an animal removes all compiled sections for its identity
[DREAM ZOO WAREHOUSE] PASS inspection selects the detailed mesh within the original batch triangle cap
[DREAM ZOO WAREHOUSE] PASS reset and replacement preserve material, atlas and single world field
[DREAM ZOO WAREHOUSE] PASS frame measurement records 240 finite intervals
[DREAM ZOO WAREHOUSE] PASS species 0 retains its actual live controller clock
[DREAM ZOO WAREHOUSE] PASS species 1 retains its actual live controller clock
[DREAM ZOO WAREHOUSE] PASS species 2 retains its actual live controller clock
[DREAM ZOO WAREHOUSE] PASS species 3 retains its actual live controller clock
[DREAM ZOO WAREHOUSE] PASS species 4 retains its actual live controller clock
[DREAM ZOO WAREHOUSE] PASS species 5 retains its actual live controller clock
[DREAM ZOO WAREHOUSE] PASS species 6 retains its actual live controller clock
[DREAM ZOO WAREHOUSE] PASS species 7 retains its actual live controller clock
[DREAM ZOO WAREHOUSE] PASS species 8 retains its actual live controller clock
[DREAM ZOO WAREHOUSE] PASS species 9 retains its actual live controller clock
[DREAM ZOO WAREHOUSE] PASS species 10 retains its actual live controller clock
[DREAM ZOO WAREHOUSE] PASS species 11 retains its actual live controller clock
[DREAM ZOO WAREHOUSE] PASS species 12 retains its actual live controller clock
[DREAM ZOO WAREHOUSE] PASS species 13 retains its actual live controller clock
[DREAM ZOO WAREHOUSE] PASS species 14 retains its actual live controller clock
[DREAM ZOO WAREHOUSE] PASS species 15 retains its actual live controller clock
[DREAM ZOO WAREHOUSE] PASS capture writes species_00_neutral_000.png
[DREAM ZOO WAREHOUSE] PASS capture writes species_00_neutral_050.png
[DREAM ZOO WAREHOUSE] PASS capture writes species_00_cutaway_050.png
[DREAM ZOO WAREHOUSE] PASS capture writes species_00_neutral_100.png
[DREAM ZOO WAREHOUSE] PASS capture writes species_00_cilia_03.png
[DREAM ZOO WAREHOUSE] PASS capture writes species_00_cilia_06.png
[DREAM ZOO WAREHOUSE] PASS capture writes species_00_cilia_08.png
[DREAM ZOO WAREHOUSE] PASS capture writes species_00_dark.png
[DREAM ZOO WAREHOUSE] PASS capture writes species_00_oblique.png
[DREAM ZOO WAREHOUSE] PASS capture writes species_00_full_beam.png
[DREAM ZOO WAREHOUSE] PASS capture writes species_01_neutral_000.png
[DREAM ZOO WAREHOUSE] PASS capture writes species_01_neutral_050.png
[DREAM ZOO WAREHOUSE] PASS capture writes species_01_cutaway_050.png
[DREAM ZOO WAREHOUSE] PASS capture writes species_01_neutral_100.png
[DREAM ZOO WAREHOUSE] PASS capture writes species_01_cilia_05.png
[DREAM ZOO WAREHOUSE] PASS capture writes species_01_cilia_09.png
[DREAM ZOO WAREHOUSE] PASS capture writes species_01_cilia_12.png
[DREAM ZOO WAREHOUSE] PASS capture writes species_01_limbs_03.png
[DREAM ZOO WAREHOUSE] PASS capture writes species_01_limbs_04.png
[DREAM ZOO WAREHOUSE] PASS capture writes species_01_limbs_05.png
[DREAM ZOO WAREHOUSE] PASS capture writes species_01_dark.png
[DREAM ZOO WAREHOUSE] PASS capture writes species_01_oblique.png
[DREAM ZOO WAREHOUSE] PASS capture writes species_01_full_beam.png
[DREAM ZOO WAREHOUSE] PASS capture writes species_02_neutral_000.png
[DREAM ZOO WAREHOUSE] PASS capture writes species_02_neutral_050.png
[DREAM ZOO WAREHOUSE] PASS capture writes species_02_cutaway_050.png
[DREAM ZOO WAREHOUSE] PASS capture writes species_02_neutral_100.png
[DREAM ZOO WAREHOUSE] PASS capture writes species_02_cilia_02.png
[DREAM ZOO WAREHOUSE] PASS capture writes species_02_cilia_04.png
[DREAM ZOO WAREHOUSE] PASS capture writes species_02_cilia_05.png
[DREAM ZOO WAREHOUSE] PASS capture writes species_02_limbs_06.png
[DREAM ZOO WAREHOUSE] PASS capture writes species_02_limbs_07.png
[DREAM ZOO WAREHOUSE] PASS capture writes species_02_limbs_08.png
[DREAM ZOO WAREHOUSE] PASS capture writes species_02_jaws_000.png
[DREAM ZOO WAREHOUSE] PASS capture writes species_02_jaws_100.png
[DREAM ZOO WAREHOUSE] PASS capture writes species_02_dark.png
[DREAM ZOO WAREHOUSE] PASS capture writes species_02_oblique.png
[DREAM ZOO WAREHOUSE] PASS capture writes species_02_full_beam.png
[DREAM ZOO WAREHOUSE] PASS capture writes species_03_neutral_000.png
[DREAM ZOO WAREHOUSE] PASS capture writes species_03_neutral_050.png
[DREAM ZOO WAREHOUSE] PASS capture writes species_03_cutaway_050.png
[DREAM ZOO WAREHOUSE] PASS capture writes species_03_neutral_100.png
[DREAM ZOO WAREHOUSE] PASS capture writes species_03_dark.png
[DREAM ZOO WAREHOUSE] PASS capture writes species_03_oblique.png
[DREAM ZOO WAREHOUSE] PASS capture writes species_03_full_beam.png
[DREAM ZOO WAREHOUSE] PASS capture writes species_04_neutral_000.png
[DREAM ZOO WAREHOUSE] PASS capture writes species_04_neutral_050.png
[DREAM ZOO WAREHOUSE] PASS capture writes species_04_cutaway_050.png
[DREAM ZOO WAREHOUSE] PASS capture writes species_04_neutral_100.png
[DREAM ZOO WAREHOUSE] PASS capture writes species_04_cilia_10.png
[DREAM ZOO WAREHOUSE] PASS capture writes species_04_cilia_12.png
[DREAM ZOO WAREHOUSE] PASS capture writes species_04_dark.png
[DREAM ZOO WAREHOUSE] PASS capture writes species_04_oblique.png
[DREAM ZOO WAREHOUSE] PASS capture writes species_04_full_beam.png
[DREAM ZOO WAREHOUSE] PASS capture writes species_05_neutral_000.png
[DREAM ZOO WAREHOUSE] PASS capture writes species_05_neutral_050.png
[DREAM ZOO WAREHOUSE] PASS capture writes species_05_cutaway_050.png
[DREAM ZOO WAREHOUSE] PASS capture writes species_05_neutral_100.png
[DREAM ZOO WAREHOUSE] PASS capture writes species_05_dark.png
[DREAM ZOO WAREHOUSE] PASS capture writes species_05_oblique.png
[DREAM ZOO WAREHOUSE] PASS capture writes species_05_full_beam.png
[DREAM ZOO WAREHOUSE] PASS capture writes species_05_search_00.png
[DREAM ZOO WAREHOUSE] PASS capture writes species_05_search_01.png
[DREAM ZOO WAREHOUSE] PASS capture writes species_05_search_02.png
[DREAM ZOO WAREHOUSE] PASS capture writes species_06_neutral_000.png
[DREAM ZOO WAREHOUSE] PASS capture writes species_06_neutral_050.png
[DREAM ZOO WAREHOUSE] PASS capture writes species_06_cutaway_050.png
[DREAM ZOO WAREHOUSE] PASS capture writes species_06_neutral_100.png
[DREAM ZOO WAREHOUSE] PASS capture writes species_06_cilia_10.png
[DREAM ZOO WAREHOUSE] PASS capture writes species_06_cilia_11.png
[DREAM ZOO WAREHOUSE] PASS capture writes species_06_cilia_12.png
[DREAM ZOO WAREHOUSE] PASS capture writes species_06_dark.png
[DREAM ZOO WAREHOUSE] PASS capture writes species_06_oblique.png
[DREAM ZOO WAREHOUSE] PASS capture writes species_06_full_beam.png
[DREAM ZOO WAREHOUSE] PASS capture writes species_07_neutral_000.png
[DREAM ZOO WAREHOUSE] PASS capture writes species_07_neutral_050.png
[DREAM ZOO WAREHOUSE] PASS capture writes species_07_cutaway_050.png
[DREAM ZOO WAREHOUSE] PASS capture writes species_07_neutral_100.png
[DREAM ZOO WAREHOUSE] PASS capture writes species_07_cilia_03.png
[DREAM ZOO WAREHOUSE] PASS capture writes species_07_cilia_05.png
[DREAM ZOO WAREHOUSE] PASS capture writes species_07_cilia_06.png
[DREAM ZOO WAREHOUSE] PASS capture writes species_07_dark.png
[DREAM ZOO WAREHOUSE] PASS capture writes species_07_oblique.png
[DREAM ZOO WAREHOUSE] PASS capture writes species_07_full_beam.png
[DREAM ZOO WAREHOUSE] PASS capture writes species_08_neutral_000.png
[DREAM ZOO WAREHOUSE] PASS capture writes species_08_neutral_050.png
[DREAM ZOO WAREHOUSE] PASS capture writes species_08_cutaway_050.png
[DREAM ZOO WAREHOUSE] PASS capture writes species_08_neutral_100.png
[DREAM ZOO WAREHOUSE] PASS capture writes species_08_cilia_10.png
[DREAM ZOO WAREHOUSE] PASS capture writes species_08_cilia_12.png
[DREAM ZOO WAREHOUSE] PASS capture writes species_08_dark.png
[DREAM ZOO WAREHOUSE] PASS capture writes species_08_oblique.png
[DREAM ZOO WAREHOUSE] PASS capture writes species_08_full_beam.png
[DREAM ZOO WAREHOUSE] PASS capture writes species_09_neutral_000.png
[DREAM ZOO WAREHOUSE] PASS capture writes species_09_neutral_050.png
[DREAM ZOO WAREHOUSE] PASS capture writes species_09_cutaway_050.png
[DREAM ZOO WAREHOUSE] PASS capture writes species_09_neutral_100.png
[DREAM ZOO WAREHOUSE] PASS capture writes species_09_dark.png
[DREAM ZOO WAREHOUSE] PASS capture writes species_09_oblique.png
[DREAM ZOO WAREHOUSE] PASS capture writes species_09_full_beam.png
[DREAM ZOO WAREHOUSE] PASS capture writes species_10_neutral_000.png
[DREAM ZOO WAREHOUSE] PASS capture writes species_10_neutral_050.png
[DREAM ZOO WAREHOUSE] PASS capture writes species_10_cutaway_050.png
[DREAM ZOO WAREHOUSE] PASS capture writes species_10_neutral_100.png
[DREAM ZOO WAREHOUSE] PASS capture writes species_10_cilia_01.png
[DREAM ZOO WAREHOUSE] PASS capture writes species_10_dark.png
[DREAM ZOO WAREHOUSE] PASS capture writes species_10_oblique.png
[DREAM ZOO WAREHOUSE] PASS capture writes species_10_full_beam.png
[DREAM ZOO WAREHOUSE] PASS capture writes species_11_neutral_000.png
[DREAM ZOO WAREHOUSE] PASS capture writes species_11_neutral_050.png
[DREAM ZOO WAREHOUSE] PASS capture writes species_11_cutaway_050.png
[DREAM ZOO WAREHOUSE] PASS capture writes species_11_neutral_100.png
[DREAM ZOO WAREHOUSE] PASS capture writes species_11_cilia_10.png
[DREAM ZOO WAREHOUSE] PASS capture writes species_11_cilia_12.png
[DREAM ZOO WAREHOUSE] PASS capture writes species_11_dark.png
[DREAM ZOO WAREHOUSE] PASS capture writes species_11_oblique.png
[DREAM ZOO WAREHOUSE] PASS capture writes species_11_full_beam.png
[DREAM ZOO WAREHOUSE] PASS capture writes species_12_neutral_000.png
[DREAM ZOO WAREHOUSE] PASS capture writes species_12_neutral_050.png
[DREAM ZOO WAREHOUSE] PASS capture writes species_12_cutaway_050.png
[DREAM ZOO WAREHOUSE] PASS capture writes species_12_neutral_100.png
[DREAM ZOO WAREHOUSE] PASS capture writes species_12_cilia_01.png
[DREAM ZOO WAREHOUSE] PASS capture writes species_12_cilia_02.png
[DREAM ZOO WAREHOUSE] PASS capture writes species_12_dark.png
[DREAM ZOO WAREHOUSE] PASS capture writes species_12_oblique.png
[DREAM ZOO WAREHOUSE] PASS capture writes species_12_full_beam.png
[DREAM ZOO WAREHOUSE] PASS capture writes species_12_debug_flash.png
[DREAM ZOO WAREHOUSE] PASS capture writes species_13_neutral_000.png
[DREAM ZOO WAREHOUSE] PASS capture writes species_13_neutral_050.png
[DREAM ZOO WAREHOUSE] PASS capture writes species_13_cutaway_050.png
[DREAM ZOO WAREHOUSE] PASS capture writes species_13_neutral_100.png
[DREAM ZOO WAREHOUSE] PASS capture writes species_13_dark.png
[DREAM ZOO WAREHOUSE] PASS capture writes species_13_oblique.png
[DREAM ZOO WAREHOUSE] PASS capture writes species_13_full_beam.png
[DREAM ZOO WAREHOUSE] PASS capture writes species_14_neutral_000.png
[DREAM ZOO WAREHOUSE] PASS capture writes species_14_neutral_050.png
[DREAM ZOO WAREHOUSE] PASS capture writes species_14_cutaway_050.png
[DREAM ZOO WAREHOUSE] PASS capture writes species_14_neutral_100.png
[DREAM ZOO WAREHOUSE] PASS capture writes species_14_dark.png
[DREAM ZOO WAREHOUSE] PASS capture writes species_14_oblique.png
[DREAM ZOO WAREHOUSE] PASS capture writes species_14_full_beam.png
[DREAM ZOO WAREHOUSE] PASS capture writes species_15_neutral_000.png
[DREAM ZOO WAREHOUSE] PASS capture writes species_15_neutral_050.png
[DREAM ZOO WAREHOUSE] PASS capture writes species_15_cutaway_050.png
[DREAM ZOO WAREHOUSE] PASS capture writes species_15_neutral_100.png
[DREAM ZOO WAREHOUSE] PASS capture writes species_15_cilia_10.png
[DREAM ZOO WAREHOUSE] PASS capture writes species_15_cilia_12.png
[DREAM ZOO WAREHOUSE] PASS capture writes species_15_dark.png
[DREAM ZOO WAREHOUSE] PASS capture writes species_15_oblique.png
[DREAM ZOO WAREHOUSE] PASS capture writes species_15_full_beam.png
[DREAM ZOO WAREHOUSE] PASS departed providers and the shared atlas are released
[DREAM ZOO WAREHOUSE] PASS retained materials release both world and pose samplers
[DREAM ZOO WAREHOUSE] PASS no native script, shader or runtime errors
[DREAM BLENDER CRITTERS] 486/486 passed
