Godot Engine v4.7.1.stable.official.a13da4feb - https://godotengine.org
Vulkan 1.4.341 - Forward+ - Using Device #0: NVIDIA - NVIDIA GeForce RTX 4080

[ACOUSTIC] 550 nodes loaded
[V2 UPPER EQUIPMENT TIMING] stage=setup elapsed=0.001 remaining=53.999
[V2 UPPER EQUIPMENT BUDGET] stage=setup outstanding=14 reserve=6.900 slack=47.096
ORISON V2 BLOCKOUT: 136 spaces / 65 doors / 775 anchors
[SURFACE] 323 surfaces layered (296 materials)
[PASSAGE HOURS] OPEN; 10 grilles folded
[PASSAGE HOURS] 11 shopfronts, 10 close after 02:00, HARDWARE PAINT keeps night service
[PASSAGE FINISH] 6 gated draws, 3 handcarts, hours active
[V2 PASSAGE] 13 resident cells; 11 doors; 1 shared-service counters
[SCHEDULE] director live: 18 residents on the clock
[MOVES] personal library: res://assets/characters/mina_vale/mina_vale_moves.glb
[ORISON V2 RUNTIME] ready startup_ms=10321.974
[LIGHTING] 133 sources active in system; 133 full personalities; profiles steady/breathe/mains/beat/dropout=[30, 25, 28, 28, 22]
[V2 UPPER EQUIPMENT TIMING] stage=5A_pins1 elapsed=11.164 remaining=42.836
[V2 UPPER EQUIPMENT BUDGET] stage=5A_pins1 outstanding=14 reserve=6.900 slack=35.935
[V2 UPPER EQUIPMENT CAPTURE] 1/14 label=5A_pins1 elapsed=11.477 path=C:\PleaseRemainOnTheLine-astra\design\astra\evidence\v2_upper_equipment_01\equipment_01/5A_pins1.png
[V2 UPPER EQUIPMENT TIMING] stage=5A_pins2 elapsed=12.694 remaining=41.306
[V2 UPPER EQUIPMENT BUDGET] stage=5A_pins2 outstanding=13 reserve=6.550 slack=34.751
[V2 UPPER EQUIPMENT CAPTURE] 2/14 label=5A_pins2 elapsed=13.012 path=C:\PleaseRemainOnTheLine-astra\design\astra\evidence\v2_upper_equipment_01\equipment_01/5A_pins2.png
[V2 UPPER EQUIPMENT TIMING] stage=5A_floorstack elapsed=14.235 remaining=39.765
[V2 UPPER EQUIPMENT BUDGET] stage=5A_floorstack outstanding=12 reserve=6.200 slack=33.559
[V2 UPPER EQUIPMENT CAPTURE] 3/14 label=5A_floorstack elapsed=14.579 path=C:\PleaseRemainOnTheLine-astra\design\astra\evidence\v2_upper_equipment_01\equipment_01/5A_floorstack.png
[V2 UPPER EQUIPMENT TIMING] stage=5B_k_hob_radio0 elapsed=15.778 remaining=38.222
[V2 UPPER EQUIPMENT BUDGET] stage=5B_k_hob_radio0 outstanding=11 reserve=5.850 slack=32.371
[V2 UPPER EQUIPMENT CAPTURE] 4/14 label=5B_k_hob_radio0 elapsed=16.094 path=C:\PleaseRemainOnTheLine-astra\design\astra\evidence\v2_upper_equipment_01\equipment_01/5B_k_hob_radio0.png
[V2 UPPER EQUIPMENT TIMING] stage=5B_k_hob_radio1 elapsed=17.339 remaining=36.661
[V2 UPPER EQUIPMENT BUDGET] stage=5B_k_hob_radio1 outstanding=10 reserve=5.500 slack=31.160
[V2 UPPER EQUIPMENT CAPTURE] 5/14 label=5B_k_hob_radio1 elapsed=17.659 path=C:\PleaseRemainOnTheLine-astra\design\astra\evidence\v2_upper_equipment_01\equipment_01/5B_k_hob_radio1.png
[V2 UPPER EQUIPMENT TIMING] stage=5B_story_radio elapsed=18.880 remaining=35.120
[V2 UPPER EQUIPMENT BUDGET] stage=5B_story_radio outstanding=9 reserve=5.150 slack=29.969
[V2 UPPER EQUIPMENT CAPTURE] 6/14 label=5B_story_radio elapsed=19.171 path=C:\PleaseRemainOnTheLine-astra\design\astra\evidence\v2_upper_equipment_01\equipment_01/5B_story_radio.png
[V2 UPPER EQUIPMENT TIMING] stage=5C_story_colorboard elapsed=20.440 remaining=33.560
[V2 UPPER EQUIPMENT BUDGET] stage=5C_story_colorboard outstanding=8 reserve=4.800 slack=28.759
[V2 UPPER EQUIPMENT CAPTURE] 7/14 label=5C_story_colorboard elapsed=20.781 path=C:\PleaseRemainOnTheLine-astra\design\astra\evidence\v2_upper_equipment_01\equipment_01/5C_story_colorboard.png
[V2 UPPER EQUIPMENT TIMING] stage=6A_tripod elapsed=22.000 remaining=32.000
[V2 UPPER EQUIPMENT BUDGET] stage=6A_tripod outstanding=7 reserve=4.450 slack=27.549
[V2 UPPER EQUIPMENT CAPTURE] 8/14 label=6A_tripod elapsed=22.295 path=C:\PleaseRemainOnTheLine-astra\design\astra\evidence\v2_upper_equipment_01\equipment_01/6A_tripod.png
[V2 UPPER EQUIPMENT TIMING] stage=6A_soft1 elapsed=23.559 remaining=30.441
[V2 UPPER EQUIPMENT BUDGET] stage=6A_soft1 outstanding=6 reserve=4.100 slack=26.337
[V2 UPPER EQUIPMENT CAPTURE] 9/14 label=6A_soft1 elapsed=23.873 path=C:\PleaseRemainOnTheLine-astra\design\astra\evidence\v2_upper_equipment_01\equipment_01/6A_soft1.png
[V2 UPPER EQUIPMENT TIMING] stage=6A_soft2 elapsed=25.102 remaining=28.898
[V2 UPPER EQUIPMENT BUDGET] stage=6A_soft2 outstanding=5 reserve=3.750 slack=25.135
[V2 UPPER EQUIPMENT CAPTURE] 10/14 label=6A_soft2 elapsed=25.422 path=C:\PleaseRemainOnTheLine-astra\design\astra\evidence\v2_upper_equipment_01\equipment_01/6A_soft2.png
[V2 UPPER EQUIPMENT TIMING] stage=6A_gearcrate elapsed=26.662 remaining=27.338
[V2 UPPER EQUIPMENT BUDGET] stage=6A_gearcrate outstanding=4 reserve=3.400 slack=23.937
[V2 UPPER EQUIPMENT CAPTURE] 11/14 label=6A_gearcrate elapsed=27.003 path=C:\PleaseRemainOnTheLine-astra\design\astra\evidence\v2_upper_equipment_01\equipment_01/6A_gearcrate.png
[V2 UPPER EQUIPMENT TIMING] stage=6A_coil1 elapsed=28.222 remaining=25.778
[V2 UPPER EQUIPMENT BUDGET] stage=6A_coil1 outstanding=3 reserve=3.050 slack=22.727
[V2 UPPER EQUIPMENT CAPTURE] 12/14 label=6A_coil1 elapsed=28.559 path=C:\PleaseRemainOnTheLine-astra\design\astra\evidence\v2_upper_equipment_01\equipment_01/6A_coil1.png
[V2 UPPER EQUIPMENT TIMING] stage=6A_coil2 elapsed=29.762 remaining=24.238
[V2 UPPER EQUIPMENT BUDGET] stage=6A_coil2 outstanding=2 reserve=2.700 slack=21.536
[V2 UPPER EQUIPMENT CAPTURE] 13/14 label=6A_coil2 elapsed=30.094 path=C:\PleaseRemainOnTheLine-astra\design\astra\evidence\v2_upper_equipment_01\equipment_01/6A_coil2.png
[V2 UPPER EQUIPMENT TIMING] stage=6C_story_old_radio elapsed=31.303 remaining=22.697
[V2 UPPER EQUIPMENT BUDGET] stage=6C_story_old_radio outstanding=1 reserve=2.350 slack=20.345
[V2 UPPER EQUIPMENT CAPTURE] 14/14 label=6C_story_old_radio elapsed=31.614 path=C:\PleaseRemainOnTheLine-astra\design\astra\evidence\v2_upper_equipment_01\equipment_01/6C_story_old_radio.png
[V2 UPPER EQUIPMENT TIMING] stage=finish elapsed=31.616 remaining=22.384
[V2 UPPER EQUIPMENT BUDGET] stage=finish outstanding=0 reserve=2.000 slack=20.383
[V2 UPPER EQUIPMENT] RESULT: PASS captures=14 expected=14 elapsed=31.619
