Godot Engine v4.7.1.stable.official.a13da4feb - https://godotengine.org

[ACOUSTIC] 550 nodes loaded
  PASS  production exterior module scene loads
  PASS  authoritative source reader returns canonical SHOP_BODEGA
  PASS  every durable bodega source field is consumed
  PASS  two shop identities use one registry and durable bucket path
[SCHEDULE] director live: 18 residents on the clock
  PASS  resident timetable facts drive pure two-bucket catch-up
  PASS  same-target shop advancement is idempotent
  PASS  backward, duplicate, missing-lineage, and malformed records refuse atomically
  PASS  authored hardware-paint provenance refuses a bodega grant while MaintenanceInventory and WorkOrders remain authoritative
  PASS  bounded production exterior cell starts from authoritative sources
  PASS  one production player, work-order, inventory, and shop authority is composed
  PASS  public surfaces, threshold, and both semantic routes resolve
  PASS  generic builder consumes every declared primary geometry record
  PASS  explicit source-authored route-guide visuals can be enabled
  PASS  stocked fixture presentation reads the existing durable bodega bucket
  PASS  hidden guides preserve collision, threshold identity, routes, and semantic reconstruction
  PASS  accepted route has five named nodes in each direction
  PASS  public semantic initial-placement contract places the player at ORISON_EXIT
  PASS  PlayerController ray opens the real storefront leaf
  PASS  production PlayerController traverses collision-bearing street and threshold
  PASS  public bodega counter transaction refuses an unrelated maintenance part without mutating authorities
  PASS  same collision-bearing controller follows the semantic return to Orison
[SCHEDULE] director live: 18 residents on the clock
  PASS  public timetable advancement hides only depleted stock-role visuals
  PASS  primary module and PlayerController release after public teardown
  PASS  public teardown is deterministic, idempotent, and clears strong references
  PASS  reconstruction composes an externally parented production PlayerController
  PASS  reconstructed module and injected controller release through public teardown
  PASS  disposable second street and shop construct through the same production paths
  PASS  nonzero-yaw shop remains attached to its named owning surface and routes
  PASS  rotated second instance has identical node, mesh, and collision cost
  PASS  both shops expose one public counter and one durable simulation bucket
  PASS  piece-two fixture remains absent from production and human evidence source
  PASS  rotated expansion module releases without retained scene owners
  PASS  both layouts, selector, and every floor GLTF/BIN hash are unchanged
  PASS  committed and absent-session production selector remain v1
  PASS  teardown retains zero orphan nodes
  PASS  teardown retains zero ObjectDB instances
  PASS  teardown retains zero resources
[M11A RECEIPT] C:\PleaseRemainOnTheLine-astra\design\astra\evidence\m11b_runtime\m11a_exterior.objective_receipt.json
ORISON V2 M11A FIRST EXTERIOR CELL: FAIL (3) checks=40
