Godot Engine v4.7.1.stable.official.a13da4feb - https://godotengine.org

[ACOUSTIC] 550 nodes loaded
  PASS  authoritative blockout source parses
  PASS  production blockout scene loads
  PASS  F02_SERVICE_HALL_CORE_OPENING is declared exactly once
  PASS  F02_SERVICE_HALL_CORE_OPENING names the existing hall and core endpoints
  PASS  F02_SERVICE_HALL_CORE_OPENING endpoints have the required service/core classes and level
  PASS  F02_SERVICE_HALL_CORE_OPENING endpoints share a positive wall
  PASS  F02_SERVICE_HALL_CORE_OPENING lies on the independently derived wall
  PASS  F02_SERVICE_HALL_CORE_OPENING entire width lies on the shared boundary
  PASS  F02_SERVICE_HALL_CORE_OPENING clears the maintenance minimum and production capsule
  PASS  F02_SERVICE_HALL_CORE_OPENING assigns the one physical shared wall to the core
  PASS  F02_SERVICE_HALL_CORE_OPENING avoids the service-lift landing envelope
  PASS  F02_SERVICE_HALL_CORE_OPENING avoids all live riser and shaft footprints
  PASS  F02_SERVICE_HALL_CORE_OPENING avoids stair starts, flights, void, and half-landing footprint
  PASS  F02_SERVICE_HALL_CORE_OPENING avoids the service landing return
  PASS  F02_SERVICE_HALL_CORE_OPENING avoids every same-level door swing
  PASS  F02_SERVICE_HALL_CORE_OPENING avoids every same-level required clearance envelope
  PASS  F04_SERVICE_HALL_CORE_OPENING is declared exactly once
  PASS  F04_SERVICE_HALL_CORE_OPENING names the existing hall and core endpoints
  PASS  F04_SERVICE_HALL_CORE_OPENING endpoints have the required service/core classes and level
  PASS  F04_SERVICE_HALL_CORE_OPENING endpoints share a positive wall
  PASS  F04_SERVICE_HALL_CORE_OPENING lies on the independently derived wall
  PASS  F04_SERVICE_HALL_CORE_OPENING entire width lies on the shared boundary
  PASS  F04_SERVICE_HALL_CORE_OPENING clears the maintenance minimum and production capsule
  PASS  F04_SERVICE_HALL_CORE_OPENING assigns the one physical shared wall to the core
  PASS  F04_SERVICE_HALL_CORE_OPENING avoids the service-lift landing envelope
  PASS  F04_SERVICE_HALL_CORE_OPENING avoids all live riser and shaft footprints
  PASS  F04_SERVICE_HALL_CORE_OPENING avoids stair starts, flights, void, and half-landing footprint
  PASS  F04_SERVICE_HALL_CORE_OPENING avoids the service landing return
  PASS  F04_SERVICE_HALL_CORE_OPENING avoids every same-level door swing
  PASS  F04_SERVICE_HALL_CORE_OPENING avoids every same-level required clearance envelope
  PASS  both focused opening contracts derive independently
ORISON V2 BLOCKOUT: 50 spaces / 21 doors / 48 anchors
ORISON V2 BLOCKOUT: 50 spaces / 21 doors / 48 anchors
  PASS  F02_SERVICE_HALL_CORE_OPENING production blockout builds without schema refusal
  PASS  F02_SERVICE_HALL_CORE_OPENING endpoint runtime nodes both exist
  PASS  F02_SERVICE_HALL_CORE_OPENING has one generic three-piece non-colliding cased reveal
  PASS  F02_SERVICE_HALL_CORE_OPENING has one generic source-owned non-colliding service practical
  PASS  F02_SERVICE_HALL_CORE_OPENING core authors one cut as two jamb runs plus one colliding head
  PASS  F02_SERVICE_HALL_CORE_OPENING hall omits the overlapping partition instead of duplicating it
  PASS  F02_SERVICE_HALL_CORE_OPENING hall wall outside the shared interval remains collision-bearing
  PASS  F02_SERVICE_HALL_CORE_OPENING collision is absent throughout the aperture prism
  PASS  F02_SERVICE_HALL_CORE_OPENING production capsule clears the wall plane and both approaches
  PASS  F02_SERVICE_HALL_CORE_OPENING adjacent shared-wall collision remains on both sides
  PASS  F02_SERVICE_HALL_CORE_OPENING head collision remains above the opening
  PASS  F02_SERVICE_HALL_CORE_OPENING floor support remains on both traversal sides
  PASS  F02_SERVICE_HALL_CORE_OPENING introduces no floor or ceiling subtraction
  PASS  F02_SERVICE_HALL_CORE_OPENING uses the live production capsule with collision enabled
  PASS  F02_SERVICE_HALL_CORE_OPENING initial service-landing stance is grounded
  PASS  F02 service landing/core -> opening -> service hall traverses
  PASS  F02 service hall -> opening -> core/landing traverses
  PASS  F02_SERVICE_HALL_CORE_OPENING records one aperture-plane crossing in each direction
  PASS  F02_SERVICE_HALL_CORE_OPENING traversal stays grounded with no noclip or teleport
  PASS  F02_SERVICE_HALL_CORE_OPENING world, blockout, and controller weakrefs release
ORISON V2 BLOCKOUT: 50 spaces / 21 doors / 48 anchors
  PASS  F04_SERVICE_HALL_CORE_OPENING production blockout builds without schema refusal
  PASS  F04_SERVICE_HALL_CORE_OPENING endpoint runtime nodes both exist
  PASS  F04_SERVICE_HALL_CORE_OPENING has one generic three-piece non-colliding cased reveal
  PASS  F04_SERVICE_HALL_CORE_OPENING has one generic source-owned non-colliding service practical
  PASS  F04_SERVICE_HALL_CORE_OPENING core authors one cut as two jamb runs plus one colliding head
  PASS  F04_SERVICE_HALL_CORE_OPENING hall omits the overlapping partition instead of duplicating it
  PASS  F04_SERVICE_HALL_CORE_OPENING hall wall outside the shared interval remains collision-bearing
  PASS  F04_SERVICE_HALL_CORE_OPENING collision is absent throughout the aperture prism
  PASS  F04_SERVICE_HALL_CORE_OPENING production capsule clears the wall plane and both approaches
  PASS  F04_SERVICE_HALL_CORE_OPENING adjacent shared-wall collision remains on both sides
  PASS  F04_SERVICE_HALL_CORE_OPENING head collision remains above the opening
  PASS  F04_SERVICE_HALL_CORE_OPENING floor support remains on both traversal sides
  PASS  F04_SERVICE_HALL_CORE_OPENING introduces no floor or ceiling subtraction
  PASS  F04_SERVICE_HALL_CORE_OPENING uses the live production capsule with collision enabled
  PASS  F04_SERVICE_HALL_CORE_OPENING initial service-landing stance is grounded
  PASS  F04 service landing/core -> opening -> service hall traverses
  PASS  F04 service hall -> opening -> core/landing traverses
  PASS  F04_SERVICE_HALL_CORE_OPENING records one aperture-plane crossing in each direction
  PASS  F04_SERVICE_HALL_CORE_OPENING traversal stays grounded with no noclip or teleport
  PASS  F04_SERVICE_HALL_CORE_OPENING world, blockout, and controller weakrefs release
  PASS  both fresh worlds and PlayerControllers release through public queue_free
  PASS  second warmed cycle causes no ObjectDB, resource, or orphan amplification
  PASS  final teardown returns to the warmed ownership baseline
  PASS  F04 is piece two: the same generic topology and build cost as F02
[M11B RECEIPT] C:\PleaseRemainOnTheLine-astra\design\astra\evidence\m11b_runtime\m11b_openings.objective_receipt.json
ORISON V2 M11B SERVICE OPENINGS: PASS checks=75
