FABRICATION STAGE: art/blender/scripts/build_household_fridges.py
C:\PleaseRemainOnTheLine\art\blender\scripts\build_household_fridges.py:72: DeprecationWarning: 'Material.use_nodes' is expected to be removed in Blender 6.0
  mat=bpy.data.materials.new(key);mat.use_nodes=True;materials[key]=mat
Info: Saved as "household_fridges.blend"
INFO Draco is available, use library at C:\Program Files\Blender Foundation\Blender 5.2\5.2\scripts\addons_core\io_scene_gltf2\bf_intern_draco_bridge.dll
INFO MeshOptimizer is available, use library at C:\Program Files\Blender Foundation\Blender 5.2\5.2\scripts\addons_core\io_scene_gltf2\bf_intern_meshopt_bridge.dll
02:13:35 | INFO: Starting glTF 2.0 export
02:13:35 | INFO: Extracting primitive: FridgeIcebox__Body_ON_brass
02:13:35 | INFO: Primitives created: 1
02:13:35 | INFO: Extracting primitive: FridgeIcebox__Body_ON_liner
02:13:35 | INFO: Primitives created: 1
02:13:35 | INFO: Extracting primitive: FridgeIcebox__Body_ON_nickel
02:13:35 | INFO: Primitives created: 1
02:13:35 | INFO: Extracting primitive: FridgeIcebox__Body_ON_oak
02:13:35 | INFO: Primitives created: 1
02:13:35 | INFO: Extracting primitive: FridgeIcebox__Door_ON_brass
02:13:35 | INFO: Primitives created: 1
02:13:35 | INFO: Extracting primitive: FridgeIcebox__Door_ON_liner
02:13:35 | INFO: Primitives created: 1
02:13:35 | INFO: Extracting primitive: FridgeIcebox__Door_ON_oak
02:13:35 | INFO: Primitives created: 1
02:13:35 | INFO: Extracting primitive: FridgeIcebox__DripTray_ON_brass
02:13:35 | INFO: Primitives created: 1
02:13:35 | INFO: Extracting primitive: FridgeIcebox__DripTray_ON_liner
02:13:35 | INFO: Primitives created: 1
02:13:35 | INFO: Extracting primitive: FridgeIcebox__DripTray_ON_oak
02:13:35 | INFO: Primitives created: 1
02:13:35 | INFO: Extracting primitive: FridgeIcebox__IceDoor_ON_brass
02:13:35 | INFO: Primitives created: 1
02:13:35 | INFO: Extracting primitive: FridgeIcebox__IceDoor_ON_liner
02:13:35 | INFO: Primitives created: 1
02:13:35 | INFO: Extracting primitive: FridgeIcebox__IceDoor_ON_oak
02:13:35 | INFO: Primitives created: 1
02:13:35 | INFO: Extracting primitive: FridgeItem_01__Body_ON_food
02:13:35 | INFO: Primitives created: 1
02:13:35 | INFO: Extracting primitive: FridgeItem_01__Body_ON_nickel
02:13:35 | INFO: Primitives created: 1
02:13:35 | INFO: Extracting primitive: FridgeItem_01__Body_ON_paper
02:13:35 | INFO: Primitives created: 1
02:13:35 | INFO: Extracting primitive: FridgeItem_02__Body_ON_brass
02:13:35 | INFO: Primitives created: 1
02:13:35 | INFO: Extracting primitive: FridgeItem_02__Body_ON_food
02:13:35 | INFO: Primitives created: 1
02:13:35 | INFO: Extracting primitive: FridgeItem_02__Body_ON_paper
02:13:35 | INFO: Primitives created: 1
02:13:35 | INFO: Extracting primitive: FridgeItem_03__Body_ON_food
02:13:35 | INFO: Primitives created: 1
02:13:35 | INFO: Extracting primitive: FridgeItem_03__Body_ON_paper
02:13:35 | INFO: Primitives created: 1
02:13:35 | INFO: Extracting primitive: FridgeItem_04__Body_ON_paper
02:13:35 | INFO: Primitives created: 1
02:13:35 | INFO: Extracting primitive: FridgeItem_05__Body_ON_food
02:13:35 | INFO: Primitives created: 1
02:13:35 | INFO: Extracting primitive: FridgeItem_06__Body_ON_paper
02:13:35 | INFO: Primitives created: 1
02:13:35 | INFO: Extracting primitive: FridgeItem_07__Body_ON_brass
02:13:35 | INFO: Primitives created: 1
02:13:35 | INFO: Extracting primitive: FridgeItem_07__Body_ON_food
02:13:35 | INFO: Primitives created: 1
02:13:35 | INFO: Extracting primitive: FridgeItem_08__Body_ON_brass
02:13:35 | INFO: Primitives created: 1
02:13:35 | INFO: Extracting primitive: FridgeItem_08__Body_ON_food
02:13:35 | INFO: Primitives created: 1
02:13:35 | INFO: Extracting primitive: FridgeItem_09__Body_ON_brass
02:13:35 | INFO: Primitives created: 1
02:13:35 | INFO: Extracting primitive: FridgeItem_09__Body_ON_food
02:13:35 | INFO: Primitives created: 1
02:13:35 | INFO: Extracting primitive: FridgeItem_09__Body_ON_paper
02:13:35 | INFO: Primitives created: 1
02:13:35 | INFO: Extracting primitive: FridgeItem_10__Body_ON_brass
02:13:35 | INFO: Primitives created: 1
02:13:35 | INFO: Extracting primitive: FridgeItem_10__Body_ON_food
02:13:35 | INFO: Primitives created: 1
02:13:35 | INFO: Extracting primitive: FridgeItem_10__Body_ON_paper
02:13:35 | INFO: Primitives created: 1
02:13:35 | INFO: Extracting primitive: FridgeItem_11__Body_ON_paper
02:13:35 | INFO: Primitives created: 1
02:13:35 | INFO: Extracting primitive: FridgeItem_12__Body_ON_food
02:13:35 | INFO: Primitives created: 1
02:13:35 | INFO: Extracting primitive: FridgeItem_12__Body_ON_nickel
02:13:35 | INFO: Primitives created: 1
02:13:35 | INFO: Extracting primitive: FridgeItem_12__Body_ON_paper
02:13:35 | INFO: Primitives created: 1
02:13:35 | INFO: Extracting primitive: FridgeItem_13__Body_ON_paper
02:13:35 | INFO: Primitives created: 1
02:13:35 | INFO: Extracting primitive: FridgeItem_14__Body_ON_paper
02:13:35 | INFO: Primitives created: 1
02:13:35 | INFO: Extracting primitive: FridgeItem_15__Body_ON_food
02:13:35 | INFO: Primitives created: 1
02:13:35 | INFO: Extracting primitive: FridgeItem_15__Body_ON_nickel
02:13:35 | INFO: Primitives created: 1
02:13:35 | INFO: Extracting primitive: FridgeItem_15__Body_ON_paper
02:13:35 | INFO: Primitives created: 1
02:13:35 | INFO: Extracting primitive: FridgeItem_16__Body_ON_paper
02:13:35 | INFO: Primitives created: 1
02:13:35 | INFO: Extracting primitive: FridgeItem_17__Body_ON_food
02:13:35 | INFO: Primitives created: 1
02:13:35 | INFO: Extracting primitive: FridgeItem_17__Body_ON_paper
02:13:35 | INFO: Primitives created: 1
02:13:35 | INFO: Extracting primitive: FridgeItem_18__Body_ON_food
02:13:35 | INFO: Primitives created: 1
02:13:35 | INFO: Extracting primitive: FridgeItem_18__Body_ON_paper
02:13:35 | INFO: Primitives created: 1
02:13:35 | INFO: Extracting primitive: FridgeItem_19__Body_ON_paper
02:13:35 | INFO: Primitives created: 1
02:13:35 | INFO: Extracting primitive: FridgeItem_20__Body_ON_paper
02:13:35 | INFO: Primitives created: 1
02:13:35 | INFO: Extracting primitive: FridgeItem_21__Body_ON_paper
02:13:35 | INFO: Primitives created: 1
02:13:35 | INFO: Extracting primitive: FridgeItem_22__Body_ON_food
02:13:35 | INFO: Primitives created: 1
02:13:35 | INFO: Extracting primitive: FridgeItem_22__Body_ON_paper
02:13:35 | INFO: Primitives created: 1
02:13:35 | INFO: Extracting primitive: FridgeMonitor__Body_ON_brass
02:13:35 | INFO: Primitives created: 1
02:13:35 | INFO: Extracting primitive: FridgeMonitor__Body_ON_copper
02:13:35 | INFO: Primitives created: 1
02:13:35 | INFO: Extracting primitive: FridgeMonitor__Body_ON_dark
02:13:35 | INFO: Primitives created: 1
02:13:35 | INFO: Extracting primitive: FridgeMonitor__Body_ON_enamel
02:13:35 | INFO: Primitives created: 1
02:13:35 | INFO: Extracting primitive: FridgeMonitor__Body_ON_nickel
02:13:35 | INFO: Primitives created: 1
02:13:35 | INFO: Extracting primitive: FridgeMonitor__Door_ON_enamel
02:13:35 | INFO: Primitives created: 1
02:13:35 | INFO: Extracting primitive: FridgeMonitor__Door_ON_nickel
02:13:35 | INFO: Primitives created: 1
02:13:35 | INFO: Finished glTF 2.0 export in 0.2364203929901123 s

HOUSEHOLD FRIDGES 18 original records; 24 assemblies; 428 closed stocks; 60 parts; 102560 triangles; 8 foot contacts
FABRICATION STAGE: art/blender/scripts/inspect_household_fridges.py
00:08.312  blend            | Read blend: "C:\PleaseRemainOnTheLine\art\blender\household_fridges.blend"
Traceback (most recent call last):
  File "C:\PleaseRemainOnTheLine\art\blender\scripts\run_fabrication_batch.py", line 79, in <module>
    if __name__ == '__main__': main()
                               ~~~~^^
  File "C:\PleaseRemainOnTheLine\art\blender\scripts\run_fabrication_batch.py", line 72, in main
    results = execute(stages)
  File "C:\PleaseRemainOnTheLine\art\blender\scripts\run_fabrication_batch.py", line 47, in execute
    runpy.run_path(sys.argv[0], run_name='__main__')
    ~~~~~~~~~~~~~~^^^^^^^^^^^^^^^^^^^^^^^^^^^^^^^^^^
  File "<frozen runpy>", line 287, in run_path
  File "<frozen runpy>", line 98, in _run_module_code
  File "<frozen runpy>", line 88, in _run_code
  File "C:\PleaseRemainOnTheLine\art\blender\scripts\inspect_household_fridges.py", line 57, in <module>
    assert not join_failures,join_failures
           ^^^^^^^^^^^^^^^^^
AssertionError: [('FridgeItem_04_LarderObject', 'disconnected', ['FridgeItem_04_Fold-1', 'FridgeItem_04_Fold1']), ('FridgeItem_11_LarderObject', 'disconnected', ['FridgeItem_11_Fold-1', 'FridgeItem_11_Fold1']), ('FridgeItem_16_LarderObject', 'disconnected', ['FridgeItem_16_Fold-1', 'FridgeItem_16_Fold1']), ('FridgeItem_17_LarderObject', 'disconnected', ['FridgeItem_17_Fold-1', 'FridgeItem_17_Fold1']), ('FridgeItem_21_LarderObject', 'disconnected', ['FridgeItem_21_Fold-1', 'FridgeItem_21_Fold1'])]

Error: script failed, file: 'art/blender/scripts/run_fabrication_batch.py', exiting.
Blender 5.2.0 LTS (hash fbe6228777e7 built 2026-07-14 01:35:40)

Blender quit
