Godot Engine v4.7.1.stable.official.a13da4feb - https://godotengine.org
Vulkan 1.4.341 - Forward+ - Using Device #0: NVIDIA - NVIDIA GeForce RTX 4080

[ACOUSTIC] 550 nodes loaded
ORISON V2 BLOCKOUT: 200 spaces / 111 doors / 1104 anchors
[V2 FRONT COURT ROOF] three seated girders; retained roof slabs; mapped exterior concrete
[V2 BODEGA POWER] independent inlet; four existing fittings; 20 bearings
[SURFACE] 1311 surfaces layered (478 materials)
[PASSAGE HOURS] OPEN; 10 grilles folded
[PASSAGE HOURS] 11 shopfronts, 10 close after 02:00, HARDWARE PAINT keeps night service
[PASSAGE FINISH] 6 gated draws, 3 handcarts, hours active
[V2 PASSAGE] 13 resident cells; 11 doors; 1 shared-service counters
[SURFACE] 170 surfaces layered (81 materials)
[HARUKIYA] 9 interactables placed
[ARCADE] 2 cabinet(s) from a catalog of 12: SOMETHING IN THE HALL (mystery_serial), OPERATIONS (farm_and_market)
[ARCADE] all of them are running arcade_pit
[V2 BAR] retained cell; 29 registered markers; 3 doors
[V2 FRONT FACADE] native entrance, original landmark hardware, glazed marquee and fitted blade
[SCHEDULE] director live: 18 residents on the clock
[MOVES] personal library: res://assets/characters/mina_vale/mina_vale_moves.glb
SOURCE PARAPET MATERIAL ROOF_PARAPET_EAST brick 
SOURCE PARAPET MATERIAL ROOF_PARAPET_NORTH brick 
SOURCE PARAPET MATERIAL ROOF_PARAPET_SOUTH brick 
SOURCE PARAPET MATERIAL ROOF_PARAPET_WEST brick 
[ORISON V2 RUNTIME] ready startup_ms=31589.987
[LIGHTING] 211 sources active in system; 211 full personalities; profiles steady/breathe/mains/beat/dropout=[50, 49, 36, 42, 34]
CAP MAPPING: mesh=household_fridges_FridgeMonitor__Body_ON_brass valid_basis=true max_uv_excess=0.0000000752043 widest=1.00010312592889 vertices=1013 derivatives=true bad_derivatives=0 min_determinant=0.00000009599681 worst_dot=0.99999988079071
CAP MAPPING: mesh=household_fridges_FridgeMonitor__Body_ON_copper valid_basis=true max_uv_excess=0.00000007962808 widest=1.0000505263391 vertices=16494 derivatives=true bad_derivatives=0 min_determinant=0.00000018045126 worst_dot=0.99999982118607
CAP MAPPING: mesh=household_fridges_FridgeMonitor__Body_ON_dark valid_basis=true max_uv_excess=0.00000234413892 widest=1.00018104740079 vertices=5647 derivatives=true bad_derivatives=0 min_determinant=0.00004628466913 worst_dot=0.99999982118607
CAP MAPPING: mesh=household_fridges_FridgeMonitor__Body_ON_enamel valid_basis=true max_uv_excess=0.00000319257379 widest=1.00018069498623 vertices=8385 derivatives=true bad_derivatives=0 min_determinant=0.00000011566076 worst_dot=0.99999982118607
CAP MAPPING: mesh=household_fridges_FridgeMonitor__Body_ON_nickel valid_basis=true max_uv_excess=0.00000170734711 widest=1.00072690204757 vertices=57624 derivatives=true bad_derivatives=0 min_determinant=0.00000002007202 worst_dot=0.99999934434891
CAP MAPPING: mesh=household_fridges_FridgeMonitor__Door_ON_enamel valid_basis=true max_uv_excess=0.00000011920929 widest=1.00005356978932 vertices=1462 derivatives=true bad_derivatives=0 min_determinant=0.0000009068355 worst_dot=0.99999982118607
CAP MAPPING: mesh=household_fridges_FridgeMonitor__Door_ON_nickel valid_basis=true max_uv_excess=0.0000018030405 widest=1.00076689687418 vertices=15696 derivatives=true bad_derivatives=0 min_determinant=0.00000002889105 worst_dot=0.99999976158142
CAP MAPPING: mesh=household_fridges_FridgeItem_06__Body_ON_paper valid_basis=true max_uv_excess=0.00000006851042 widest=1.00013253985092 vertices=992 derivatives=true bad_derivatives=0 min_determinant=0.00000011566842 worst_dot=0.99999982118607
CAP MAPPING: mesh=household_fridges_FridgeItem_01__Body_ON_bottle valid_basis=true max_uv_excess=0.00000420864671 widest=1.00072165533847 vertices=4495 derivatives=true bad_derivatives=0 min_determinant=0.00000597177738 worst_dot=0.99999982118607
CAP MAPPING: mesh=household_fridges_FridgeItem_01__Body_ON_nickel valid_basis=true max_uv_excess=0.00000208453275 widest=1.00072198591043 vertices=875 derivatives=true bad_derivatives=0 min_determinant=0.00000459510638 worst_dot=0.99999988079071
CAP MAPPING: mesh=household_fridges_FridgeItem_01__Body_ON_paper valid_basis=true max_uv_excess=0.00000424869359 widest=1.00071835762104 vertices=1762 derivatives=true bad_derivatives=0 min_determinant=0.00000104076469 worst_dot=0.99999964237213
CAP MAPPING: mesh=household_fridges_FridgeItem_07__Body_ON_bottle valid_basis=true max_uv_excess=0.00000220024958 widest=1.00073619057953 vertices=4556 derivatives=true bad_derivatives=0 min_determinant=0.00000306849765 worst_dot=0.99999982118607
CAP MAPPING: mesh=household_fridges_FridgeItem_07__Body_ON_nickel valid_basis=true max_uv_excess=0.00000200257637 widest=1.00071532465601 vertices=895 derivatives=true bad_derivatives=0 min_determinant=0.0000029827957 worst_dot=0.99999988079071
CAP MAPPING: mesh=household_fridges_FridgeItem_08__Body_ON_bottle valid_basis=true max_uv_excess=0.00000220374204 widest=1.00073619057953 vertices=4544 derivatives=true bad_derivatives=0 min_determinant=0.00000283248703 worst_dot=0.99999982118607
CAP MAPPING: mesh=household_fridges_FridgeItem_08__Body_ON_nickel valid_basis=true max_uv_excess=0.00000200257637 widest=1.00071532465601 vertices=879 derivatives=true bad_derivatives=0 min_determinant=0.00000287086959 worst_dot=0.99999988079071
CAP MAPPING: mesh=household_fridges_FridgeIcebox__Body_ON_brass valid_basis=true max_uv_excess=0.00000008451752 widest=1.00032700191269 vertices=2520 derivatives=true bad_derivatives=0 min_determinant=0.00000002007202 worst_dot=0.99999934434891
CAP MAPPING: mesh=household_fridges_FridgeIcebox__Body_ON_liner valid_basis=true max_uv_excess=0.00000008405186 widest=1.00016079726618 vertices=4374 derivatives=true bad_derivatives=0 min_determinant=0.00000008028806 worst_dot=0.99999928474426
CAP MAPPING: mesh=household_fridges_FridgeIcebox__Body_ON_nickel valid_basis=true max_uv_excess=0.00000008696225 widest=1.00023161896996 vertices=51317 derivatives=true bad_derivatives=0 min_determinant=0.00000004459136 worst_dot=0.9999988079071
CAP MAPPING: mesh=household_fridges_FridgeIcebox__Body_ON_oak valid_basis=true max_uv_excess=0.00000011920929 widest=1.00015336431998 vertices=5567 derivatives=true bad_derivatives=0 min_determinant=0.00000011566076 worst_dot=0.99999982118607
CAP MAPPING: mesh=household_fridges_FridgeIcebox__Door_ON_brass valid_basis=true max_uv_excess=0.00000185519457 widest=1.00076689687418 vertices=15483 derivatives=true bad_derivatives=0 min_determinant=0.00000002889958 worst_dot=0.99999976158142
CAP MAPPING: mesh=household_fridges_FridgeIcebox__Door_ON_liner valid_basis=true max_uv_excess=0.00000006798655 widest=1.00005654076544 vertices=479 derivatives=true bad_derivatives=0 min_determinant=0.00000090683055 worst_dot=0.99999988079071
CAP MAPPING: mesh=household_fridges_FridgeIcebox__Door_ON_oak valid_basis=true max_uv_excess=0.00000007310882 widest=1.00002275310371 vertices=989 derivatives=true bad_derivatives=0 min_determinant=0.00000416401377 worst_dot=0.99999982118607
CAP MAPPING: mesh=household_fridges_FridgeIcebox__DripTray_ON_brass valid_basis=true max_uv_excess=0.00000148639083 widest=1.00073273206838 vertices=1674 derivatives=true bad_derivatives=0 min_determinant=0.00000022245 worst_dot=0.99999988079071
CAP MAPPING: mesh=household_fridges_FridgeIcebox__DripTray_ON_liner valid_basis=true max_uv_excess=0.00000008288771 widest=1.00015680108584 vertices=2490 derivatives=true bad_derivatives=0 min_determinant=0.00000011567019 worst_dot=0.99999982118607
CAP MAPPING: mesh=household_fridges_FridgeIcebox__DripTray_ON_oak valid_basis=true max_uv_excess=0.00000005640322 widest=1.00010002045004 vertices=511 derivatives=true bad_derivatives=0 min_determinant=0.00000026021819 worst_dot=0.99999988079071
CAP MAPPING: mesh=household_fridges_FridgeIcebox__IceDoor_ON_brass valid_basis=true max_uv_excess=0.00000197254121 widest=1.00076689687418 vertices=10195 derivatives=true bad_derivatives=0 min_determinant=0.0000000288887 worst_dot=0.99999982118607
CAP MAPPING: mesh=household_fridges_FridgeIcebox__IceDoor_ON_liner valid_basis=true max_uv_excess=0.00000005960464 widest=1.00003965280869 vertices=498 derivatives=true bad_derivatives=0 min_determinant=0.00000090676955 worst_dot=0.99999982118607
CAP MAPPING: mesh=household_fridges_FridgeIcebox__IceDoor_ON_oak valid_basis=true max_uv_excess=0.0000000607688 widest=1.00002357215144 vertices=1038 derivatives=true bad_derivatives=0 min_determinant=0.00000416412519 worst_dot=0.99999988079071
CAP MAPPING: mesh=household_fridges_FridgeItem_15__Body_ON_bottle valid_basis=true max_uv_excess=0.00000237720087 widest=1.00073524467414 vertices=4531 derivatives=true bad_derivatives=0 min_determinant=0.00000272828335 worst_dot=0.99999982118607
CAP MAPPING: mesh=household_fridges_FridgeItem_15__Body_ON_nickel valid_basis=true max_uv_excess=0.00000117125455 widest=1.00073020327898 vertices=918 derivatives=true bad_derivatives=0 min_determinant=0.00000198081873 worst_dot=0.99999982118607
CAP MAPPING: mesh=household_fridges_FridgeItem_15__Body_ON_paper valid_basis=true max_uv_excess=0.00000238791108 widest=1.00071871380502 vertices=1757 derivatives=true bad_derivatives=0 min_determinant=0.00000057510599 worst_dot=0.99999970197678
CAP MAPPING: mesh=household_fridges_FridgeItem_16__Body_ON_paper valid_basis=true max_uv_excess=0.0000000782311 widest=1.00029173787088 vertices=1089 derivatives=true bad_derivatives=0 min_determinant=0.00000001850742 worst_dot=0.99999982118607
CAP MAPPING: mesh=household_fridges_FridgeItem_12__Body_ON_bottle valid_basis=true max_uv_excess=0.00000280514359 widest=1.00072266596101 vertices=4520 derivatives=true bad_derivatives=0 min_determinant=0.00000313092557 worst_dot=0.99999982118607
CAP MAPPING: mesh=household_fridges_FridgeItem_12__Body_ON_nickel valid_basis=true max_uv_excess=0.00000139989424 widest=1.0007272882105 vertices=888 derivatives=true bad_derivatives=0 min_determinant=0.00000233924357 worst_dot=0.99999988079071
CAP MAPPING: mesh=household_fridges_FridgeItem_12__Body_ON_paper valid_basis=true max_uv_excess=0.00000284565613 widest=1.00072001713562 vertices=1748 derivatives=true bad_derivatives=0 min_determinant=0.00000069147608 worst_dot=0.99999964237213
CAP MAPPING: mesh=household_fridges_FridgeItem_04__Body_ON_paper valid_basis=true max_uv_excess=0.00000007361814 widest=1.00037109120988 vertices=1093 derivatives=true bad_derivatives=0 min_determinant=0.00000001850648 worst_dot=0.99999988079071
CAP MAPPING: mesh=household_fridges_FridgeItem_09__Body_ON_bottle valid_basis=true max_uv_excess=0.00000291736796 widest=1.00072599210139 vertices=4549 derivatives=true bad_derivatives=0 min_determinant=0.00000534811537 worst_dot=0.99999976158142
CAP MAPPING: mesh=household_fridges_FridgeItem_09__Body_ON_nickel valid_basis=true max_uv_excess=0.00000268011354 widest=1.00071800682652 vertices=905 derivatives=true bad_derivatives=0 min_determinant=0.00000525227073 worst_dot=0.99999988079071
CAP MAPPING: mesh=household_fridges_FridgeItem_09__Body_ON_paper valid_basis=true max_uv_excess=0.00000292574987 widest=1.0007214406777 vertices=1749 derivatives=true bad_derivatives=0 min_determinant=0.00000071015188 worst_dot=0.99999970197678
CAP MAPPING: mesh=household_fridges_FridgeItem_10__Body_ON_bottle valid_basis=true max_uv_excess=0.00000220141374 widest=1.00073619057953 vertices=4544 derivatives=true bad_derivatives=0 min_determinant=0.00000236316158 worst_dot=0.99999982118607
CAP MAPPING: mesh=household_fridges_FridgeItem_10__Body_ON_nickel valid_basis=true max_uv_excess=0.00000200257637 widest=1.00071532465601 vertices=891 derivatives=true bad_derivatives=0 min_determinant=0.00000266239929 worst_dot=0.99999982118607
CAP MAPPING: mesh=household_fridges_FridgeItem_10__Body_ON_paper valid_basis=true max_uv_excess=0.00000221887603 widest=1.00072183287683 vertices=1767 derivatives=true bad_derivatives=0 min_determinant=0.00000053087193 worst_dot=0.99999964237213
CAP MAPPING: mesh=household_fridges_FridgeItem_11__Body_ON_paper valid_basis=true max_uv_excess=0.00000004841422 widest=1.00024404227308 vertices=1089 derivatives=true bad_derivatives=0 min_determinant=0.00000001850648 worst_dot=0.99999988079071
CAP MAPPING: mesh=household_fridges_FridgeItem_14__Body_ON_paper valid_basis=true max_uv_excess=0.00000005518086 widest=1.0000975193817 vertices=980 derivatives=true bad_derivatives=0 min_determinant=0.00000011566931 worst_dot=0.99999982118607
CAP MAPPING: mesh=household_fridges_FridgeItem_17__Body_ON_food valid_basis=true max_uv_excess=0.00000005727634 widest=1.00003615456251 vertices=495 derivatives=true bad_derivatives=0 min_determinant=0.00000185070305 worst_dot=0.99999988079071
CAP MAPPING: mesh=household_fridges_FridgeItem_17__Body_ON_paper valid_basis=true max_uv_excess=0.00000007361814 widest=1.00037109120988 vertices=579 derivatives=true bad_derivatives=0 min_determinant=0.00000001850648 worst_dot=0.99999988079071
CAP MAPPING: mesh=household_fridges_FridgeItem_18__Body_ON_food valid_basis=true max_uv_excess=0.00000005727634 widest=1.00003655274633 vertices=507 derivatives=true bad_derivatives=0 min_determinant=0.00000185070777 worst_dot=0.99999988079071
CAP MAPPING: mesh=household_fridges_FridgeItem_18__Body_ON_paper valid_basis=true max_uv_excess=0.00000005334732 widest=1.00025618579607 vertices=568 derivatives=true bad_derivatives=0 min_determinant=0.00000001850695 worst_dot=0.99999982118607
CAP MAPPING: mesh=household_fridges_FridgeItem_13__Body_ON_paper valid_basis=true max_uv_excess=0.0000000607688 widest=1.0001055157607 vertices=1038 derivatives=true bad_derivatives=0 min_determinant=0.00000011566784 worst_dot=0.99999982118607
CAP MAPPING: mesh=household_fridges_FridgeItem_21__Body_ON_paper valid_basis=true max_uv_excess=0.00000005518086 widest=1.00025400340403 vertices=1083 derivatives=true bad_derivatives=0 min_determinant=0.00000001850648 worst_dot=0.99999988079071
CAP MAPPING: mesh=household_fridges_FridgeItem_03__Body_ON_food valid_basis=true max_uv_excess=0.00000193971209 widest=1.00073393696881 vertices=57929 derivatives=true bad_derivatives=0 min_determinant=0.00000033308957 worst_dot=0.99999976158142
CAP MAPPING: mesh=household_fridges_FridgeItem_03__Body_ON_paper valid_basis=true max_uv_excess=0.00000007473864 widest=1.00005023190396 vertices=520 derivatives=true bad_derivatives=0 min_determinant=0.00000104100344 worst_dot=0.99999982118607
CAP MAPPING: mesh=household_fridges_FridgeItem_02__Body_ON_bottle valid_basis=true max_uv_excess=0.00000254320912 widest=1.00072620574747 vertices=4582 derivatives=true bad_derivatives=0 min_determinant=0.00000303176964 worst_dot=0.99999982118607
CAP MAPPING: mesh=household_fridges_FridgeItem_02__Body_ON_nickel valid_basis=true max_uv_excess=0.00000235671178 widest=1.00072156233858 vertices=907 derivatives=true bad_derivatives=0 min_determinant=0.00000354868299 worst_dot=0.99999982118607
CAP MAPPING: mesh=household_fridges_FridgeItem_02__Body_ON_paper valid_basis=true max_uv_excess=0.00000257254578 widest=1.00071908018652 vertices=1760 derivatives=true bad_derivatives=0 min_determinant=0.00000062047856 worst_dot=0.99999976158142
CAP MAPPING: mesh=household_fridges_FridgeItem_22__Body_ON_food valid_basis=true max_uv_excess=0.00000005343463 widest=1.00003655274633 vertices=510 derivatives=true bad_derivatives=0 min_determinant=0.00000185070482 worst_dot=0.99999988079071
CAP MAPPING: mesh=household_fridges_FridgeItem_22__Body_ON_paper valid_basis=true max_uv_excess=0.00000005227048 widest=1.00024543630411 vertices=584 derivatives=true bad_derivatives=0 min_determinant=0.00000001850695 worst_dot=0.99999982118607
CAP MAPPING: mesh=household_fridges_FridgeItem_19__Body_ON_paper valid_basis=true max_uv_excess=0.00000005867332 widest=1.00016054623947 vertices=991 derivatives=true bad_derivatives=0 min_determinant=0.00000011566857 worst_dot=0.99999982118607
CAP MAPPING: mesh=household_fridges_FridgeItem_20__Body_ON_paper valid_basis=true max_uv_excess=0.00000006949995 widest=1.00013445419031 vertices=996 derivatives=true bad_derivatives=0 min_determinant=0.00000011566754 worst_dot=0.99999982118607
CAP MAPPING: mesh=household_fridges_FridgeItem_05__Body_ON_food valid_basis=true max_uv_excess=0.00000194087625 widest=1.00073445671613 vertices=9647 derivatives=true bad_derivatives=0 min_determinant=0.00000081259299 worst_dot=0.99999976158142
[HARUKIYA] OPEN, 18 fixtures
FABRICATION BATCH: worlds=1 modules=1 module_checks=1705 failures=2 elapsed_ms=47236
