FABRICATION STAGE: art/blender/scripts/render_household_fridges.py
00:01.344  blend            | Read blend: "C:\PleaseRemainOnTheLine\art\blender\household_fridges.blend"
C:\PleaseRemainOnTheLine\art\blender\scripts\render_household_fridges.py:12: DeprecationWarning: 'World.use_nodes' is expected to be removed in Blender 6.0
  scene.world=bpy.data.worlds.new('Neutral inspection');scene.world.use_nodes=True
00:03.969  render           | Saved: 'C:\PleaseRemainOnTheLine\tmp\v2-finish-review\household-fridges-native\FridgeIcebox_closed.png'
00:07.078  render           | Saved: 'C:\PleaseRemainOnTheLine\tmp\v2-finish-review\household-fridges-native\FridgeIcebox_open.png'
00:09.250  render           | Saved: 'C:\PleaseRemainOnTheLine\tmp\v2-finish-review\household-fridges-native\FridgeMonitor_closed.png'
00:11.969  render           | Saved: 'C:\PleaseRemainOnTheLine\tmp\v2-finish-review\household-fridges-native\FridgeMonitor_open.png'
00:14.000  render           | Saved: 'C:\PleaseRemainOnTheLine\tmp\v2-finish-review\household-fridges-native\FridgeItem_01_stock.png'
00:16.172  render           | Saved: 'C:\PleaseRemainOnTheLine\tmp\v2-finish-review\household-fridges-native\FridgeItem_02_stock.png'
00:18.640  render           | Saved: 'C:\PleaseRemainOnTheLine\tmp\v2-finish-review\household-fridges-native\FridgeItem_03_stock.png'
00:21.140  render           | Saved: 'C:\PleaseRemainOnTheLine\tmp\v2-finish-review\household-fridges-native\FridgeItem_04_stock.png'
00:23.156  render           | Saved: 'C:\PleaseRemainOnTheLine\tmp\v2-finish-review\household-fridges-native\FridgeItem_05_stock.png'
00:25.672  render           | Saved: 'C:\PleaseRemainOnTheLine\tmp\v2-finish-review\household-fridges-native\FridgeItem_06_stock.png'
00:27.687  render           | Saved: 'C:\PleaseRemainOnTheLine\tmp\v2-finish-review\household-fridges-native\FridgeItem_07_stock.png'
00:29.719  render           | Saved: 'C:\PleaseRemainOnTheLine\tmp\v2-finish-review\household-fridges-native\FridgeItem_08_stock.png'
00:31.719  render           | Saved: 'C:\PleaseRemainOnTheLine\tmp\v2-finish-review\household-fridges-native\FridgeItem_09_stock.png'
00:33.812  render           | Saved: 'C:\PleaseRemainOnTheLine\tmp\v2-finish-review\household-fridges-native\FridgeItem_10_stock.png'
00:36.359  render           | Saved: 'C:\PleaseRemainOnTheLine\tmp\v2-finish-review\household-fridges-native\FridgeItem_11_stock.png'
00:38.312  render           | Saved: 'C:\PleaseRemainOnTheLine\tmp\v2-finish-review\household-fridges-native\FridgeItem_12_stock.png'
00:40.781  render           | Saved: 'C:\PleaseRemainOnTheLine\tmp\v2-finish-review\household-fridges-native\FridgeItem_13_stock.png'
00:43.125  render           | Saved: 'C:\PleaseRemainOnTheLine\tmp\v2-finish-review\household-fridges-native\FridgeItem_14_stock.png'
00:45.015  render           | Saved: 'C:\PleaseRemainOnTheLine\tmp\v2-finish-review\household-fridges-native\FridgeItem_15_stock.png'
00:47.531  render           | Saved: 'C:\PleaseRemainOnTheLine\tmp\v2-finish-review\household-fridges-native\FridgeItem_16_stock.png'
00:50.437  render           | Saved: 'C:\PleaseRemainOnTheLine\tmp\v2-finish-review\household-fridges-native\FridgeItem_17_stock.png'
00:53.109  render           | Saved: 'C:\PleaseRemainOnTheLine\tmp\v2-finish-review\household-fridges-native\FridgeItem_18_stock.png'
00:55.609  render           | Saved: 'C:\PleaseRemainOnTheLine\tmp\v2-finish-review\household-fridges-native\FridgeItem_19_stock.png'
00:58.094  render           | Saved: 'C:\PleaseRemainOnTheLine\tmp\v2-finish-review\household-fridges-native\FridgeItem_20_stock.png'
01:00.625  render           | Saved: 'C:\PleaseRemainOnTheLine\tmp\v2-finish-review\household-fridges-native\FridgeItem_21_stock.png'
01:03.484  render           | Saved: 'C:\PleaseRemainOnTheLine\tmp\v2-finish-review\household-fridges-native\FridgeItem_22_stock.png'
{"completed_stages": 1, "elapsed_s": 62.196}
Blender 5.2.0 LTS (hash fbe6228777e7 built 2026-07-14 01:35:40)

Blender quit
