FABRICATION STAGE: art/blender/scripts/render_household_fridges.py
00:01.344  blend            | Read blend: "C:\PleaseRemainOnTheLine\art\blender\household_fridges.blend"
C:\PleaseRemainOnTheLine\art\blender\scripts\render_household_fridges.py:12: DeprecationWarning: 'World.use_nodes' is expected to be removed in Blender 6.0
  scene.world=bpy.data.worlds.new('Neutral inspection');scene.world.use_nodes=True
00:03.969  render           | Saved: 'C:\PleaseRemainOnTheLine\tmp\v2-finish-review\household-fridges-native\FridgeIcebox_closed.png'
00:07.062  render           | Saved: 'C:\PleaseRemainOnTheLine\tmp\v2-finish-review\household-fridges-native\FridgeIcebox_open.png'
00:09.203  render           | Saved: 'C:\PleaseRemainOnTheLine\tmp\v2-finish-review\household-fridges-native\FridgeMonitor_closed.png'
00:11.812  render           | Saved: 'C:\PleaseRemainOnTheLine\tmp\v2-finish-review\household-fridges-native\FridgeMonitor_open.png'
00:13.797  render           | Saved: 'C:\PleaseRemainOnTheLine\tmp\v2-finish-review\household-fridges-native\FridgeItem_01_stock.png'
00:15.922  render           | Saved: 'C:\PleaseRemainOnTheLine\tmp\v2-finish-review\household-fridges-native\FridgeItem_02_stock.png'
00:18.281  render           | Saved: 'C:\PleaseRemainOnTheLine\tmp\v2-finish-review\household-fridges-native\FridgeItem_03_stock.png'
00:20.703  render           | Saved: 'C:\PleaseRemainOnTheLine\tmp\v2-finish-review\household-fridges-native\FridgeItem_04_stock.png'
00:22.734  render           | Saved: 'C:\PleaseRemainOnTheLine\tmp\v2-finish-review\household-fridges-native\FridgeItem_05_stock.png'
00:25.234  render           | Saved: 'C:\PleaseRemainOnTheLine\tmp\v2-finish-review\household-fridges-native\FridgeItem_06_stock.png'
00:27.250  render           | Saved: 'C:\PleaseRemainOnTheLine\tmp\v2-finish-review\household-fridges-native\FridgeItem_07_stock.png'
00:29.265  render           | Saved: 'C:\PleaseRemainOnTheLine\tmp\v2-finish-review\household-fridges-native\FridgeItem_08_stock.png'
00:31.265  render           | Saved: 'C:\PleaseRemainOnTheLine\tmp\v2-finish-review\household-fridges-native\FridgeItem_09_stock.png'
00:33.375  render           | Saved: 'C:\PleaseRemainOnTheLine\tmp\v2-finish-review\household-fridges-native\FridgeItem_10_stock.png'
00:35.812  render           | Saved: 'C:\PleaseRemainOnTheLine\tmp\v2-finish-review\household-fridges-native\FridgeItem_11_stock.png'
00:37.750  render           | Saved: 'C:\PleaseRemainOnTheLine\tmp\v2-finish-review\household-fridges-native\FridgeItem_12_stock.png'
00:40.203  render           | Saved: 'C:\PleaseRemainOnTheLine\tmp\v2-finish-review\household-fridges-native\FridgeItem_13_stock.png'
00:42.562  render           | Saved: 'C:\PleaseRemainOnTheLine\tmp\v2-finish-review\household-fridges-native\FridgeItem_14_stock.png'
00:44.453  render           | Saved: 'C:\PleaseRemainOnTheLine\tmp\v2-finish-review\household-fridges-native\FridgeItem_15_stock.png'
00:46.906  render           | Saved: 'C:\PleaseRemainOnTheLine\tmp\v2-finish-review\household-fridges-native\FridgeItem_16_stock.png'
00:49.703  render           | Saved: 'C:\PleaseRemainOnTheLine\tmp\v2-finish-review\household-fridges-native\FridgeItem_17_stock.png'
00:52.328  render           | Saved: 'C:\PleaseRemainOnTheLine\tmp\v2-finish-review\household-fridges-native\FridgeItem_18_stock.png'
00:54.812  render           | Saved: 'C:\PleaseRemainOnTheLine\tmp\v2-finish-review\household-fridges-native\FridgeItem_19_stock.png'
00:57.281  render           | Saved: 'C:\PleaseRemainOnTheLine\tmp\v2-finish-review\household-fridges-native\FridgeItem_20_stock.png'
00:59.750  render           | Saved: 'C:\PleaseRemainOnTheLine\tmp\v2-finish-review\household-fridges-native\FridgeItem_21_stock.png'
01:02.547  render           | Saved: 'C:\PleaseRemainOnTheLine\tmp\v2-finish-review\household-fridges-native\FridgeItem_22_stock.png'
{"completed_stages": 1, "elapsed_s": 61.266}
Blender 5.2.0 LTS (hash fbe6228777e7 built 2026-07-14 01:35:40)

Blender quit
