FABRICATION STAGE: art/blender/scripts/build_household_fridges.py
C:\PleaseRemainOnTheLine\art\blender\scripts\build_household_fridges.py:72: DeprecationWarning: 'Material.use_nodes' is expected to be removed in Blender 6.0
  mat=bpy.data.materials.new(key);mat.use_nodes=True;materials[key]=mat
Info: Saved as "household_fridges.blend"
INFO Draco is available, use library at C:\Program Files\Blender Foundation\Blender 5.2\5.2\scripts\addons_core\io_scene_gltf2\bf_intern_draco_bridge.dll
INFO MeshOptimizer is available, use library at C:\Program Files\Blender Foundation\Blender 5.2\5.2\scripts\addons_core\io_scene_gltf2\bf_intern_meshopt_bridge.dll
02:30:41 | INFO: Starting glTF 2.0 export
02:30:41 | INFO: Extracting primitive: FridgeIcebox__Body_ON_brass
02:30:41 | INFO: Primitives created: 1
02:30:41 | INFO: Extracting primitive: FridgeIcebox__Body_ON_liner
02:30:41 | INFO: Primitives created: 1
02:30:41 | INFO: Extracting primitive: FridgeIcebox__Body_ON_nickel
02:30:41 | INFO: Primitives created: 1
02:30:41 | INFO: Extracting primitive: FridgeIcebox__Body_ON_oak
02:30:41 | INFO: Primitives created: 1
02:30:41 | INFO: Extracting primitive: FridgeIcebox__Door_ON_brass
02:30:41 | INFO: Primitives created: 1
02:30:41 | INFO: Extracting primitive: FridgeIcebox__Door_ON_liner
02:30:41 | INFO: Primitives created: 1
02:30:41 | INFO: Extracting primitive: FridgeIcebox__Door_ON_oak
02:30:41 | INFO: Primitives created: 1
02:30:41 | INFO: Extracting primitive: FridgeIcebox__DripTray_ON_brass
02:30:41 | INFO: Primitives created: 1
02:30:41 | INFO: Extracting primitive: FridgeIcebox__DripTray_ON_liner
02:30:41 | INFO: Primitives created: 1
02:30:41 | INFO: Extracting primitive: FridgeIcebox__DripTray_ON_oak
02:30:41 | INFO: Primitives created: 1
02:30:41 | INFO: Extracting primitive: FridgeIcebox__IceDoor_ON_brass
02:30:41 | INFO: Primitives created: 1
02:30:41 | INFO: Extracting primitive: FridgeIcebox__IceDoor_ON_liner
02:30:41 | INFO: Primitives created: 1
02:30:41 | INFO: Extracting primitive: FridgeIcebox__IceDoor_ON_oak
02:30:41 | INFO: Primitives created: 1
02:30:41 | INFO: Extracting primitive: FridgeItem_01__Body_ON_bottle
02:30:41 | INFO: Primitives created: 1
02:30:41 | INFO: Extracting primitive: FridgeItem_01__Body_ON_nickel
02:30:41 | INFO: Primitives created: 1
02:30:41 | INFO: Extracting primitive: FridgeItem_01__Body_ON_paper
02:30:41 | INFO: Primitives created: 1
02:30:41 | INFO: Extracting primitive: FridgeItem_02__Body_ON_bottle
02:30:41 | INFO: Primitives created: 1
02:30:41 | INFO: Extracting primitive: FridgeItem_02__Body_ON_nickel
02:30:41 | INFO: Primitives created: 1
02:30:41 | INFO: Extracting primitive: FridgeItem_02__Body_ON_paper
02:30:41 | INFO: Primitives created: 1
02:30:41 | INFO: Extracting primitive: FridgeItem_03__Body_ON_food
02:30:41 | INFO: Primitives created: 1
02:30:41 | INFO: Extracting primitive: FridgeItem_03__Body_ON_paper
02:30:41 | INFO: Primitives created: 1
02:30:41 | INFO: Extracting primitive: FridgeItem_04__Body_ON_paper
02:30:41 | INFO: Primitives created: 1
02:30:41 | INFO: Extracting primitive: FridgeItem_05__Body_ON_food
02:30:41 | INFO: Primitives created: 1
02:30:41 | INFO: Extracting primitive: FridgeItem_06__Body_ON_paper
02:30:41 | INFO: Primitives created: 1
02:30:41 | INFO: Extracting primitive: FridgeItem_07__Body_ON_bottle
02:30:41 | INFO: Primitives created: 1
02:30:41 | INFO: Extracting primitive: FridgeItem_07__Body_ON_nickel
02:30:41 | INFO: Primitives created: 1
02:30:41 | INFO: Extracting primitive: FridgeItem_08__Body_ON_bottle
02:30:41 | INFO: Primitives created: 1
02:30:41 | INFO: Extracting primitive: FridgeItem_08__Body_ON_nickel
02:30:41 | INFO: Primitives created: 1
02:30:41 | INFO: Extracting primitive: FridgeItem_09__Body_ON_bottle
02:30:41 | INFO: Primitives created: 1
02:30:41 | INFO: Extracting primitive: FridgeItem_09__Body_ON_nickel
02:30:41 | INFO: Primitives created: 1
02:30:41 | INFO: Extracting primitive: FridgeItem_09__Body_ON_paper
02:30:41 | INFO: Primitives created: 1
02:30:41 | INFO: Extracting primitive: FridgeItem_10__Body_ON_bottle
02:30:41 | INFO: Primitives created: 1
02:30:41 | INFO: Extracting primitive: FridgeItem_10__Body_ON_nickel
02:30:41 | INFO: Primitives created: 1
02:30:41 | INFO: Extracting primitive: FridgeItem_10__Body_ON_paper
02:30:41 | INFO: Primitives created: 1
02:30:41 | INFO: Extracting primitive: FridgeItem_11__Body_ON_paper
02:30:41 | INFO: Primitives created: 1
02:30:41 | INFO: Extracting primitive: FridgeItem_12__Body_ON_bottle
02:30:41 | INFO: Primitives created: 1
02:30:41 | INFO: Extracting primitive: FridgeItem_12__Body_ON_nickel
02:30:41 | INFO: Primitives created: 1
02:30:41 | INFO: Extracting primitive: FridgeItem_12__Body_ON_paper
02:30:41 | INFO: Primitives created: 1
02:30:41 | INFO: Extracting primitive: FridgeItem_13__Body_ON_paper
02:30:41 | INFO: Primitives created: 1
02:30:41 | INFO: Extracting primitive: FridgeItem_14__Body_ON_paper
02:30:41 | INFO: Primitives created: 1
02:30:41 | INFO: Extracting primitive: FridgeItem_15__Body_ON_bottle
02:30:41 | INFO: Primitives created: 1
02:30:41 | INFO: Extracting primitive: FridgeItem_15__Body_ON_nickel
02:30:41 | INFO: Primitives created: 1
02:30:41 | INFO: Extracting primitive: FridgeItem_15__Body_ON_paper
02:30:41 | INFO: Primitives created: 1
02:30:41 | INFO: Extracting primitive: FridgeItem_16__Body_ON_paper
02:30:41 | INFO: Primitives created: 1
02:30:41 | INFO: Extracting primitive: FridgeItem_17__Body_ON_food
02:30:41 | INFO: Primitives created: 1
02:30:41 | INFO: Extracting primitive: FridgeItem_17__Body_ON_paper
02:30:41 | INFO: Primitives created: 1
02:30:41 | INFO: Extracting primitive: FridgeItem_18__Body_ON_food
02:30:41 | INFO: Primitives created: 1
02:30:41 | INFO: Extracting primitive: FridgeItem_18__Body_ON_paper
02:30:41 | INFO: Primitives created: 1
02:30:41 | INFO: Extracting primitive: FridgeItem_19__Body_ON_paper
02:30:41 | INFO: Primitives created: 1
02:30:41 | INFO: Extracting primitive: FridgeItem_20__Body_ON_paper
02:30:41 | INFO: Primitives created: 1
02:30:41 | INFO: Extracting primitive: FridgeItem_21__Body_ON_paper
02:30:41 | INFO: Primitives created: 1
02:30:41 | INFO: Extracting primitive: FridgeItem_22__Body_ON_food
02:30:41 | INFO: Primitives created: 1
02:30:41 | INFO: Extracting primitive: FridgeItem_22__Body_ON_paper
02:30:41 | INFO: Primitives created: 1
02:30:41 | INFO: Extracting primitive: FridgeMonitor__Body_ON_brass
02:30:41 | INFO: Primitives created: 1
02:30:41 | INFO: Extracting primitive: FridgeMonitor__Body_ON_copper
02:30:41 | INFO: Primitives created: 1
02:30:41 | INFO: Extracting primitive: FridgeMonitor__Body_ON_dark
02:30:41 | INFO: Primitives created: 1
02:30:41 | INFO: Extracting primitive: FridgeMonitor__Body_ON_enamel
02:30:41 | INFO: Primitives created: 1
02:30:41 | INFO: Extracting primitive: FridgeMonitor__Body_ON_nickel
02:30:42 | INFO: Primitives created: 1
02:30:42 | INFO: Extracting primitive: FridgeMonitor__Door_ON_enamel
02:30:42 | INFO: Primitives created: 1
02:30:42 | INFO: Extracting primitive: FridgeMonitor__Door_ON_nickel
02:30:42 | INFO: Primitives created: 1
02:30:42 | INFO: Finished glTF 2.0 export in 0.29886674880981445 s

HOUSEHOLD FRIDGES 18 original records; 24 assemblies; 502 closed stocks; 60 parts; 140808 triangles; 8 foot contacts
FABRICATION STAGE: art/blender/scripts/inspect_household_fridges.py
00:05.359  blend            | Read blend: "C:\PleaseRemainOnTheLine\art\blender\household_fridges.blend"
HOUSEHOLD FRIDGES LOCAL: 502 closed stocks; 24 physical groups; 8 local bearings; 60 mapped parts
FABRICATION STAGE: art/blender/scripts/inspect_household_fridge_motion.py
00:09.765  blend            | Read blend: "C:\PleaseRemainOnTheLine\art\blender\household_fridges.blend"
REFRIGERATOR MOTION: 20 nearby native door pairs clear
FABRICATION STAGE: art/blender/scripts/inspect_household_fridges_context.py
00:15.875  blend            | Read blend: "C:\PleaseRemainOnTheLine\art\blender\household_fridges.blend"
REFRIGERATORS CONTEXT: 72 floor bearings; 50 full food placement envelopes
{"completed_stages": 4, "elapsed_s": 17.341}
Blender 5.2.0 LTS (hash fbe6228777e7 built 2026-07-14 01:35:40)

Blender quit
