FABRICATION STAGE: art/blender/scripts/render_household_fridges.py
00:01.421  blend            | Read blend: "C:\PleaseRemainOnTheLine\art\blender\household_fridges.blend"
C:\PleaseRemainOnTheLine\art\blender\scripts\render_household_fridges.py:12: DeprecationWarning: 'World.use_nodes' is expected to be removed in Blender 6.0
  scene.world=bpy.data.worlds.new('Neutral inspection');scene.world.use_nodes=True
00:04.156  render           | Saved: 'C:\PleaseRemainOnTheLine\tmp\v2-finish-review\household-fridges-native\FridgeIcebox_closed.png'
00:07.328  render           | Saved: 'C:\PleaseRemainOnTheLine\tmp\v2-finish-review\household-fridges-native\FridgeIcebox_open.png'
00:09.468  render           | Saved: 'C:\PleaseRemainOnTheLine\tmp\v2-finish-review\household-fridges-native\FridgeMonitor_closed.png'
00:12.125  render           | Saved: 'C:\PleaseRemainOnTheLine\tmp\v2-finish-review\household-fridges-native\FridgeMonitor_open.png'
00:14.281  render           | Saved: 'C:\PleaseRemainOnTheLine\tmp\v2-finish-review\household-fridges-native\FridgeItem_01_stock.png'
00:16.593  render           | Saved: 'C:\PleaseRemainOnTheLine\tmp\v2-finish-review\household-fridges-native\FridgeItem_02_stock.png'
00:19.093  render           | Saved: 'C:\PleaseRemainOnTheLine\tmp\v2-finish-review\household-fridges-native\FridgeItem_03_stock.png'
00:21.625  render           | Saved: 'C:\PleaseRemainOnTheLine\tmp\v2-finish-review\household-fridges-native\FridgeItem_04_stock.png'
00:23.781  render           | Saved: 'C:\PleaseRemainOnTheLine\tmp\v2-finish-review\household-fridges-native\FridgeItem_05_stock.png'
00:26.453  render           | Saved: 'C:\PleaseRemainOnTheLine\tmp\v2-finish-review\household-fridges-native\FridgeItem_06_stock.png'
00:28.609  render           | Saved: 'C:\PleaseRemainOnTheLine\tmp\v2-finish-review\household-fridges-native\FridgeItem_07_stock.png'
00:30.718  render           | Saved: 'C:\PleaseRemainOnTheLine\tmp\v2-finish-review\household-fridges-native\FridgeItem_08_stock.png'
00:32.859  render           | Saved: 'C:\PleaseRemainOnTheLine\tmp\v2-finish-review\household-fridges-native\FridgeItem_09_stock.png'
00:35.109  render           | Saved: 'C:\PleaseRemainOnTheLine\tmp\v2-finish-review\household-fridges-native\FridgeItem_10_stock.png'
00:37.531  render           | Saved: 'C:\PleaseRemainOnTheLine\tmp\v2-finish-review\household-fridges-native\FridgeItem_11_stock.png'
00:39.500  render           | Saved: 'C:\PleaseRemainOnTheLine\tmp\v2-finish-review\household-fridges-native\FridgeItem_12_stock.png'
00:41.890  render           | Saved: 'C:\PleaseRemainOnTheLine\tmp\v2-finish-review\household-fridges-native\FridgeItem_13_stock.png'
00:44.218  render           | Saved: 'C:\PleaseRemainOnTheLine\tmp\v2-finish-review\household-fridges-native\FridgeItem_14_stock.png'
00:46.109  render           | Saved: 'C:\PleaseRemainOnTheLine\tmp\v2-finish-review\household-fridges-native\FridgeItem_15_stock.png'
00:48.500  render           | Saved: 'C:\PleaseRemainOnTheLine\tmp\v2-finish-review\household-fridges-native\FridgeItem_16_stock.png'
00:51.250  render           | Saved: 'C:\PleaseRemainOnTheLine\tmp\v2-finish-review\household-fridges-native\FridgeItem_17_stock.png'
00:53.796  render           | Saved: 'C:\PleaseRemainOnTheLine\tmp\v2-finish-review\household-fridges-native\FridgeItem_18_stock.png'
00:56.281  render           | Saved: 'C:\PleaseRemainOnTheLine\tmp\v2-finish-review\household-fridges-native\FridgeItem_19_stock.png'
00:58.703  render           | Saved: 'C:\PleaseRemainOnTheLine\tmp\v2-finish-review\household-fridges-native\FridgeItem_20_stock.png'
01:01.125  render           | Saved: 'C:\PleaseRemainOnTheLine\tmp\v2-finish-review\household-fridges-native\FridgeItem_21_stock.png'
01:03.843  render           | Saved: 'C:\PleaseRemainOnTheLine\tmp\v2-finish-review\household-fridges-native\FridgeItem_22_stock.png'
{"completed_stages": 1, "elapsed_s": 62.51}
Blender 5.2.0 LTS (hash fbe6228777e7 built 2026-07-14 01:35:40)

Blender quit
