FABRICATION STAGE: art/blender/scripts/build_household_fridges.py
C:\PleaseRemainOnTheLine\art\blender\scripts\build_household_fridges.py:72: DeprecationWarning: 'Material.use_nodes' is expected to be removed in Blender 6.0
  mat=bpy.data.materials.new(key);mat.use_nodes=True;materials[key]=mat
Info: Saved as "household_fridges.blend"
INFO Draco is available, use library at C:\Program Files\Blender Foundation\Blender 5.2\5.2\scripts\addons_core\io_scene_gltf2\bf_intern_draco_bridge.dll
INFO MeshOptimizer is available, use library at C:\Program Files\Blender Foundation\Blender 5.2\5.2\scripts\addons_core\io_scene_gltf2\bf_intern_meshopt_bridge.dll
02:16:10 | INFO: Starting glTF 2.0 export
02:16:10 | INFO: Extracting primitive: FridgeIcebox__Body_ON_brass
02:16:10 | INFO: Primitives created: 1
02:16:10 | INFO: Extracting primitive: FridgeIcebox__Body_ON_liner
02:16:10 | INFO: Primitives created: 1
02:16:10 | INFO: Extracting primitive: FridgeIcebox__Body_ON_nickel
02:16:10 | INFO: Primitives created: 1
02:16:10 | INFO: Extracting primitive: FridgeIcebox__Body_ON_oak
02:16:10 | INFO: Primitives created: 1
02:16:10 | INFO: Extracting primitive: FridgeIcebox__Door_ON_brass
02:16:10 | INFO: Primitives created: 1
02:16:10 | INFO: Extracting primitive: FridgeIcebox__Door_ON_liner
02:16:10 | INFO: Primitives created: 1
02:16:10 | INFO: Extracting primitive: FridgeIcebox__Door_ON_oak
02:16:10 | INFO: Primitives created: 1
02:16:10 | INFO: Extracting primitive: FridgeIcebox__DripTray_ON_brass
02:16:10 | INFO: Primitives created: 1
02:16:10 | INFO: Extracting primitive: FridgeIcebox__DripTray_ON_liner
02:16:10 | INFO: Primitives created: 1
02:16:10 | INFO: Extracting primitive: FridgeIcebox__DripTray_ON_oak
02:16:10 | INFO: Primitives created: 1
02:16:10 | INFO: Extracting primitive: FridgeIcebox__IceDoor_ON_brass
02:16:10 | INFO: Primitives created: 1
02:16:10 | INFO: Extracting primitive: FridgeIcebox__IceDoor_ON_liner
02:16:10 | INFO: Primitives created: 1
02:16:10 | INFO: Extracting primitive: FridgeIcebox__IceDoor_ON_oak
02:16:10 | INFO: Primitives created: 1
02:16:10 | INFO: Extracting primitive: FridgeItem_01__Body_ON_food
02:16:10 | INFO: Primitives created: 1
02:16:10 | INFO: Extracting primitive: FridgeItem_01__Body_ON_nickel
02:16:10 | INFO: Primitives created: 1
02:16:10 | INFO: Extracting primitive: FridgeItem_01__Body_ON_paper
02:16:10 | INFO: Primitives created: 1
02:16:10 | INFO: Extracting primitive: FridgeItem_02__Body_ON_brass
02:16:10 | INFO: Primitives created: 1
02:16:10 | INFO: Extracting primitive: FridgeItem_02__Body_ON_food
02:16:10 | INFO: Primitives created: 1
02:16:10 | INFO: Extracting primitive: FridgeItem_02__Body_ON_paper
02:16:10 | INFO: Primitives created: 1
02:16:10 | INFO: Extracting primitive: FridgeItem_03__Body_ON_food
02:16:10 | INFO: Primitives created: 1
02:16:10 | INFO: Extracting primitive: FridgeItem_03__Body_ON_paper
02:16:10 | INFO: Primitives created: 1
02:16:10 | INFO: Extracting primitive: FridgeItem_04__Body_ON_paper
02:16:10 | INFO: Primitives created: 1
02:16:10 | INFO: Extracting primitive: FridgeItem_05__Body_ON_food
02:16:10 | INFO: Primitives created: 1
02:16:10 | INFO: Extracting primitive: FridgeItem_06__Body_ON_paper
02:16:10 | INFO: Primitives created: 1
02:16:10 | INFO: Extracting primitive: FridgeItem_07__Body_ON_brass
02:16:10 | INFO: Primitives created: 1
02:16:10 | INFO: Extracting primitive: FridgeItem_07__Body_ON_food
02:16:10 | INFO: Primitives created: 1
02:16:10 | INFO: Extracting primitive: FridgeItem_08__Body_ON_brass
02:16:10 | INFO: Primitives created: 1
02:16:10 | INFO: Extracting primitive: FridgeItem_08__Body_ON_food
02:16:10 | INFO: Primitives created: 1
02:16:10 | INFO: Extracting primitive: FridgeItem_09__Body_ON_brass
02:16:10 | INFO: Primitives created: 1
02:16:10 | INFO: Extracting primitive: FridgeItem_09__Body_ON_food
02:16:10 | INFO: Primitives created: 1
02:16:10 | INFO: Extracting primitive: FridgeItem_09__Body_ON_paper
02:16:10 | INFO: Primitives created: 1
02:16:10 | INFO: Extracting primitive: FridgeItem_10__Body_ON_brass
02:16:10 | INFO: Primitives created: 1
02:16:10 | INFO: Extracting primitive: FridgeItem_10__Body_ON_food
02:16:10 | INFO: Primitives created: 1
02:16:10 | INFO: Extracting primitive: FridgeItem_10__Body_ON_paper
02:16:10 | INFO: Primitives created: 1
02:16:10 | INFO: Extracting primitive: FridgeItem_11__Body_ON_paper
02:16:10 | INFO: Primitives created: 1
02:16:10 | INFO: Extracting primitive: FridgeItem_12__Body_ON_food
02:16:10 | INFO: Primitives created: 1
02:16:10 | INFO: Extracting primitive: FridgeItem_12__Body_ON_nickel
02:16:10 | INFO: Primitives created: 1
02:16:10 | INFO: Extracting primitive: FridgeItem_12__Body_ON_paper
02:16:10 | INFO: Primitives created: 1
02:16:10 | INFO: Extracting primitive: FridgeItem_13__Body_ON_paper
02:16:10 | INFO: Primitives created: 1
02:16:10 | INFO: Extracting primitive: FridgeItem_14__Body_ON_paper
02:16:10 | INFO: Primitives created: 1
02:16:10 | INFO: Extracting primitive: FridgeItem_15__Body_ON_food
02:16:10 | INFO: Primitives created: 1
02:16:10 | INFO: Extracting primitive: FridgeItem_15__Body_ON_nickel
02:16:10 | INFO: Primitives created: 1
02:16:10 | INFO: Extracting primitive: FridgeItem_15__Body_ON_paper
02:16:10 | INFO: Primitives created: 1
02:16:10 | INFO: Extracting primitive: FridgeItem_16__Body_ON_paper
02:16:10 | INFO: Primitives created: 1
02:16:10 | INFO: Extracting primitive: FridgeItem_17__Body_ON_food
02:16:10 | INFO: Primitives created: 1
02:16:10 | INFO: Extracting primitive: FridgeItem_17__Body_ON_paper
02:16:10 | INFO: Primitives created: 1
02:16:10 | INFO: Extracting primitive: FridgeItem_18__Body_ON_food
02:16:10 | INFO: Primitives created: 1
02:16:10 | INFO: Extracting primitive: FridgeItem_18__Body_ON_paper
02:16:10 | INFO: Primitives created: 1
02:16:10 | INFO: Extracting primitive: FridgeItem_19__Body_ON_paper
02:16:10 | INFO: Primitives created: 1
02:16:10 | INFO: Extracting primitive: FridgeItem_20__Body_ON_paper
02:16:10 | INFO: Primitives created: 1
02:16:10 | INFO: Extracting primitive: FridgeItem_21__Body_ON_paper
02:16:10 | INFO: Primitives created: 1
02:16:10 | INFO: Extracting primitive: FridgeItem_22__Body_ON_food
02:16:10 | INFO: Primitives created: 1
02:16:10 | INFO: Extracting primitive: FridgeItem_22__Body_ON_paper
02:16:10 | INFO: Primitives created: 1
02:16:10 | INFO: Extracting primitive: FridgeMonitor__Body_ON_brass
02:16:10 | INFO: Primitives created: 1
02:16:10 | INFO: Extracting primitive: FridgeMonitor__Body_ON_copper
02:16:10 | INFO: Primitives created: 1
02:16:10 | INFO: Extracting primitive: FridgeMonitor__Body_ON_dark
02:16:10 | INFO: Primitives created: 1
02:16:10 | INFO: Extracting primitive: FridgeMonitor__Body_ON_enamel
02:16:10 | INFO: Primitives created: 1
02:16:10 | INFO: Extracting primitive: FridgeMonitor__Body_ON_nickel
02:16:10 | INFO: Primitives created: 1
02:16:10 | INFO: Extracting primitive: FridgeMonitor__Door_ON_enamel
02:16:10 | INFO: Primitives created: 1
02:16:10 | INFO: Extracting primitive: FridgeMonitor__Door_ON_nickel
02:16:10 | INFO: Primitives created: 1
02:16:10 | INFO: Finished glTF 2.0 export in 0.25327539443969727 s

HOUSEHOLD FRIDGES 18 original records; 24 assemblies; 488 closed stocks; 60 parts; 113840 triangles; 8 foot contacts
FABRICATION STAGE: art/blender/scripts/inspect_household_fridges.py
00:04.984  blend            | Read blend: "C:\PleaseRemainOnTheLine\art\blender\household_fridges.blend"
HOUSEHOLD FRIDGES LOCAL: 488 closed stocks; 24 physical groups; 8 local bearings; 60 mapped parts
FABRICATION STAGE: art/blender/scripts/inspect_household_fridge_motion.py
00:08.797  blend            | Read blend: "C:\PleaseRemainOnTheLine\art\blender\household_fridges.blend"
REFRIGERATOR MOTION: 20 nearby native door pairs clear
FABRICATION STAGE: art/blender/scripts/inspect_household_fridges_context.py
00:15.015  blend            | Read blend: "C:\PleaseRemainOnTheLine\art\blender\household_fridges.blend"
Traceback (most recent call last):
  File "C:\PleaseRemainOnTheLine\art\blender\scripts\run_fabrication_batch.py", line 79, in <module>
    if __name__ == '__main__': main()
                               ~~~~^^
  File "C:\PleaseRemainOnTheLine\art\blender\scripts\run_fabrication_batch.py", line 72, in main
    results = execute(stages)
  File "C:\PleaseRemainOnTheLine\art\blender\scripts\run_fabrication_batch.py", line 47, in execute
    runpy.run_path(sys.argv[0], run_name='__main__')
    ~~~~~~~~~~~~~~^^^^^^^^^^^^^^^^^^^^^^^^^^^^^^^^^^
  File "<frozen runpy>", line 287, in run_path
  File "<frozen runpy>", line 98, in _run_module_code
  File "<frozen runpy>", line 88, in _run_code
  File "C:\PleaseRemainOnTheLine\art\blender\scripts\inspect_household_fridges_context.py", line 31, in <module>
    assert top<=next_surface+.00003,(row['id'],name,'upper shelf',top,next_surface)
           ^^^^^^^^^^^^^^^^^^^^^^^^
AssertionError: ('F04_B_FRIDGE_01', 'PEERLESS LAGER', 'upper shelf', np.float32(0.7145), 0.663)

Error: script failed, file: 'art/blender/scripts/run_fabrication_batch.py', exiting.
Blender 5.2.0 LTS (hash fbe6228777e7 built 2026-07-14 01:35:40)

Blender quit
