00:00.047  reports          | WARNING Unable to open 'C:\Users\nate_\AppData\Roaming\Blender Foundation\Blender\5.2\config\userpref.blend': Permission denied
Blender 5.2.0 LTS (hash fbe6228777e7 built 2026-07-14 01:35:40)
C:\PleaseRemainOnTheLine\art\blender\scripts\build_diner_apparatus.py:63: DeprecationWarning: 'Material.use_nodes' is expected to be removed in Blender 6.0
  mat=bpy.data.materials.new(key);mat.use_nodes=True;materials[key]=mat
Extensions: writing cache failed ([WinError 183] Cannot create a file when that file already exists: 'C:\\Users\\nate_\\AppData\\Roaming\\Blender Foundation\\Blender\\5.2\\extensions\\.cache').
Info: Saved as "diner_apparatus.blend"
INFO Draco is available, use library at C:\Program Files\Blender Foundation\Blender 5.2\5.2\scripts\addons_core\io_scene_gltf2\bf_intern_draco_bridge.dll
INFO MeshOptimizer is available, use library at C:\Program Files\Blender Foundation\Blender 5.2\5.2\scripts\addons_core\io_scene_gltf2\bf_intern_meshopt_bridge.dll
21:57:57 | INFO: Starting glTF 2.0 export
21:57:57 | INFO: Extracting primitive: storm_shop_luncheonette_griddle__cast_iron
21:57:57 | INFO: Primitives created: 1
21:57:57 | INFO: Extracting primitive: storm_shop_luncheonette_griddle__metal
21:57:57 | INFO: Primitives created: 1
21:57:57 | INFO: Extracting primitive: storm_shop_luncheonette_mixer_base__enamel
21:57:57 | INFO: Primitives created: 1
21:57:57 | INFO: Extracting primitive: storm_shop_luncheonette_mixer_base__nickel_plated
21:57:57 | INFO: Primitives created: 1
21:57:57 | INFO: Extracting primitive: storm_shop_luncheonette_soda_fount__marble_lobby
21:57:57 | INFO: Primitives created: 1
21:57:57 | INFO: Extracting primitive: storm_shop_luncheonette_soda_fount__nickel_plated
21:57:57 | INFO: Primitives created: 1
21:57:57 | INFO: Finished glTF 2.0 export in 0.04376935958862305 s

DINER APPARATUS 10 original records; 3 assemblies; 76 closed stocks; 6 parts; 21240 triangles; 32 foot contacts

Blender quit
