ERROR: actual blank plunger retains the original 1.42m maximum
   at: push_error (core/variant/variant_utility.cpp:1023)
   GDScript backtrace (most recent call first):
       [0] check (res://tests/orison_v2_floor_surface_test.gd:5)
       [1] check (res://tests/orison_v2_ventilation_throat_test.gd:9)
       [2] _check_apparatus_details (res://tests/orison_v2_diner_apparatus_test.gd:132)
       [3] _run (res://tests/orison_v2_diner_apparatus_test.gd:84)
ERROR: actual blank plunger retains the original 1.42m maximum
   at: push_error (core/variant/variant_utility.cpp:1023)
   GDScript backtrace (most recent call first):
       [0] check (res://tests/orison_v2_floor_surface_test.gd:5)
       [1] check (res://tests/orison_v2_ventilation_throat_test.gd:9)
       [2] _check_apparatus_details (res://tests/orison_v2_diner_apparatus_test.gd:132)
       [3] _run (res://tests/orison_v2_diner_apparatus_test.gd:84)
ERROR: actual blank plunger retains the original 1.42m maximum
   at: push_error (core/variant/variant_utility.cpp:1023)
   GDScript backtrace (most recent call first):
       [0] check (res://tests/orison_v2_floor_surface_test.gd:5)
       [1] check (res://tests/orison_v2_ventilation_throat_test.gd:9)
       [2] _check_apparatus_details (res://tests/orison_v2_diner_apparatus_test.gd:132)
       [3] _run (res://tests/orison_v2_diner_apparatus_test.gd:84)
ERROR: actual blank plunger retains the original 1.42m maximum
   at: push_error (core/variant/variant_utility.cpp:1023)
   GDScript backtrace (most recent call first):
       [0] check (res://tests/orison_v2_floor_surface_test.gd:5)
       [1] check (res://tests/orison_v2_ventilation_throat_test.gd:9)
       [2] _check_apparatus_details (res://tests/orison_v2_diner_apparatus_test.gd:132)
       [3] _run (res://tests/orison_v2_diner_apparatus_test.gd:84)
ERROR: actual blank plunger retains the original 1.42m maximum
   at: push_error (core/variant/variant_utility.cpp:1023)
   GDScript backtrace (most recent call first):
       [0] check (res://tests/orison_v2_floor_surface_test.gd:5)
       [1] check (res://tests/orison_v2_ventilation_throat_test.gd:9)
       [2] _check_apparatus_details (res://tests/orison_v2_diner_apparatus_test.gd:132)
       [3] _run (res://tests/orison_v2_diner_apparatus_test.gd:84)
WARNING: 7 RIDs of type "Texture" were leaked.
   at: finalize (servers/rendering/rendering_device.cpp:8900)
