Godot Engine v4.7.1.stable.official.a13da4feb - https://godotengine.org
Vulkan 1.4.341 - Forward+ - Using Device #0: NVIDIA - NVIDIA GeForce RTX 4080

[ACOUSTIC] 550 nodes loaded
ORISON V2 BLOCKOUT: 200 spaces / 111 doors / 1104 anchors
[V2 FRONT COURT ROOF] three seated girders; retained roof slabs; mapped exterior concrete
[V2 BODEGA POWER] independent inlet; four existing fittings; 20 bearings
[SURFACE] 386 surfaces layered (258 materials)
[PASSAGE HOURS] OPEN; 10 grilles folded
[PASSAGE HOURS] 11 shopfronts, 10 close after 02:00, HARDWARE PAINT keeps night service
[PASSAGE FINISH] 6 gated draws, 3 handcarts, hours active
[V2 PASSAGE] 13 resident cells; 11 doors; 1 shared-service counters
[SURFACE] 215 surfaces layered (108 materials)
[HARUKIYA] 9 interactables placed
[ARCADE] 2 cabinet(s) from a catalog of 12: SOMETHING IN THE HALL (mystery_serial), OPERATIONS (farm_and_market)
[ARCADE] all of them are running arcade_pit
[V2 BAR] retained cell; 29 registered markers; 3 doors
[V2 FRONT FACADE] native entrance, original landmark hardware, glazed marquee and fitted blade
[SCHEDULE] director live: 18 residents on the clock
[MOVES] personal library: res://assets/characters/mina_vale/mina_vale_moves.glb
SOURCE PARAPET MATERIAL ROOF_PARAPET_EAST brick 
SOURCE PARAPET MATERIAL ROOF_PARAPET_NORTH brick 
SOURCE PARAPET MATERIAL ROOF_PARAPET_SOUTH brick 
SOURCE PARAPET MATERIAL ROOF_PARAPET_WEST brick 
[ORISON V2 RUNTIME] ready startup_ms=34803.911
[LIGHTING] 211 sources active in system; 211 full personalities; profiles steady/breathe/mains/beat/dropout=[50, 49, 36, 42, 34]
[HARUKIYA] OPEN, 18 fixtures
CAP MAPPING: mesh=household_wardrobes_Wardrobe00__Body_ON_brass valid_basis=true max_uv_excess=0.00000008294592 widest=1.00099888619065 vertices=3446 derivatives=true bad_derivatives=0 min_determinant=0.00000000462756 worst_dot=0.99999892711639
CAP MAPPING: mesh=household_wardrobes_Wardrobe00__Body_ON_fabric_cool valid_basis=true max_uv_excess=0.00000008195639 widest=1.00033565442813 vertices=18998 derivatives=true bad_derivatives=0 min_determinant=0.00000002685981 worst_dot=0.99999958276749
CAP MAPPING: mesh=household_wardrobes_Wardrobe00__Body_ON_fabric_green valid_basis=true max_uv_excess=0.00000008381903 widest=1.00031129070163 vertices=19029 derivatives=true bad_derivatives=0 min_determinant=0.00000002710093 worst_dot=0.99999982118607
CAP MAPPING: mesh=household_wardrobes_Wardrobe00__Body_ON_fabric_warm valid_basis=true max_uv_excess=0.00000008422649 widest=1.00034693123919 vertices=18973 derivatives=true bad_derivatives=0 min_determinant=0.00000002710334 worst_dot=0.99999976158142
CAP MAPPING: mesh=household_wardrobes_Wardrobe00__Body_ON_linen valid_basis=true max_uv_excess=0.00000008847564 widest=1.00034280908324 vertices=18972 derivatives=true bad_derivatives=0 min_determinant=0.00000002710985 worst_dot=0.99999982118607
CAP MAPPING: mesh=household_wardrobes_Wardrobe00__Body_ON_metal valid_basis=true max_uv_excess=0.00000008766074 widest=1.00010819873476 vertices=12094 derivatives=true bad_derivatives=0 min_determinant=0.00000030130301 worst_dot=0.99999976158142
CAP MAPPING: mesh=household_wardrobes_Wardrobe00__Body_ON_oak_quartered valid_basis=true max_uv_excess=0.00000011920929 widest=1.00042779961388 vertices=7711 derivatives=true bad_derivatives=0 min_determinant=0.0000000288887 worst_dot=0.99999976158142
CAP MAPPING: mesh=household_wardrobes_Wardrobe00__LeftLeaf_ON_brass valid_basis=true max_uv_excess=0.00000153202564 widest=1.00076471531876 vertices=6662 derivatives=true bad_derivatives=0 min_determinant=0.00000001039982 worst_dot=0.99999976158142
CAP MAPPING: mesh=household_wardrobes_Wardrobe00__LeftLeaf_ON_oak_quartered valid_basis=true max_uv_excess=0.00000011920929 widest=1.00030697773124 vertices=3125 derivatives=true bad_derivatives=0 min_determinant=0.00000004161626 worst_dot=0.99999690055847
CAP MAPPING: mesh=household_wardrobes_Wardrobe00__RightLeaf_ON_brass valid_basis=true max_uv_excess=0.00000153062865 widest=1.00076475887845 vertices=6627 derivatives=true bad_derivatives=0 min_determinant=0.00000001039841 worst_dot=0.99999976158142
CAP MAPPING: mesh=household_wardrobes_Wardrobe00__RightLeaf_ON_oak_quartered valid_basis=true max_uv_excess=0.00000011920929 widest=1.00032137768102 vertices=3134 derivatives=true bad_derivatives=0 min_determinant=0.00000004161626 worst_dot=0.99999666213989
CAP MAPPING: mesh=household_wardrobes_Wardrobe01__Body_ON_brass valid_basis=true max_uv_excess=0.00000008294592 widest=1.00099888619065 vertices=3446 derivatives=true bad_derivatives=0 min_determinant=0.00000000462756 worst_dot=0.99999892711639
CAP MAPPING: mesh=household_wardrobes_Wardrobe01__Body_ON_fabric_cool valid_basis=true max_uv_excess=0.00000008940697 widest=1.00030136290422 vertices=19043 derivatives=true bad_derivatives=0 min_determinant=0.00000002709063 worst_dot=0.99999958276749
CAP MAPPING: mesh=household_wardrobes_Wardrobe01__Body_ON_fabric_green valid_basis=true max_uv_excess=0.00000008940697 widest=1.00034900903618 vertices=19001 derivatives=true bad_derivatives=0 min_determinant=0.00000002710584 worst_dot=0.99999958276749
CAP MAPPING: mesh=household_wardrobes_Wardrobe01__Body_ON_fabric_warm valid_basis=true max_uv_excess=0.00000008940697 widest=1.00032092107657 vertices=19006 derivatives=true bad_derivatives=0 min_determinant=0.00000002710584 worst_dot=0.99999940395355
CAP MAPPING: mesh=household_wardrobes_Wardrobe01__Body_ON_linen valid_basis=true max_uv_excess=0.00000008940697 widest=1.00036883382285 vertices=18965 derivatives=true bad_derivatives=0 min_determinant=0.00000002710404 worst_dot=0.99999970197678
CAP MAPPING: mesh=household_wardrobes_Wardrobe01__Body_ON_metal valid_basis=true max_uv_excess=0.00000008766074 widest=1.00010819873476 vertices=12092 derivatives=true bad_derivatives=0 min_determinant=0.00000030130301 worst_dot=0.99999976158142
CAP MAPPING: mesh=household_wardrobes_Wardrobe01__Body_ON_wood_dark valid_basis=true max_uv_excess=0.00000011920929 widest=1.00042779961388 vertices=7711 derivatives=true bad_derivatives=0 min_determinant=0.0000000288887 worst_dot=0.99999976158142
CAP MAPPING: mesh=household_wardrobes_Wardrobe01__LeftLeaf_ON_brass valid_basis=true max_uv_excess=0.00000153202564 widest=1.00076471531876 vertices=6662 derivatives=true bad_derivatives=0 min_determinant=0.00000001039982 worst_dot=0.99999976158142
CAP MAPPING: mesh=household_wardrobes_Wardrobe01__LeftLeaf_ON_wood_dark valid_basis=true max_uv_excess=0.00000011920929 widest=1.00030697773124 vertices=3125 derivatives=true bad_derivatives=0 min_determinant=0.00000004161626 worst_dot=0.99999690055847
CAP MAPPING: mesh=household_wardrobes_Wardrobe01__RightLeaf_ON_brass valid_basis=true max_uv_excess=0.00000153062865 widest=1.00076475887845 vertices=6627 derivatives=true bad_derivatives=0 min_determinant=0.00000001039841 worst_dot=0.99999976158142
CAP MAPPING: mesh=household_wardrobes_Wardrobe01__RightLeaf_ON_wood_dark valid_basis=true max_uv_excess=0.00000011920929 widest=1.00032137768102 vertices=3134 derivatives=true bad_derivatives=0 min_determinant=0.00000004161626 worst_dot=0.99999666213989
CAP MAPPING: mesh=household_wardrobes_Wardrobe02__Body_ON_brass valid_basis=true max_uv_excess=0.00000008294592 widest=1.00099888619065 vertices=3446 derivatives=true bad_derivatives=0 min_determinant=0.00000000462756 worst_dot=0.99999892711639
CAP MAPPING: mesh=household_wardrobes_Wardrobe02__Body_ON_fabric_cool valid_basis=true max_uv_excess=0.00000008568168 widest=1.00036256882889 vertices=19027 derivatives=true bad_derivatives=0 min_determinant=0.00000002710584 worst_dot=0.99999928474426
CAP MAPPING: mesh=household_wardrobes_Wardrobe02__Body_ON_fabric_green valid_basis=true max_uv_excess=0.00000008568168 widest=1.00030635269884 vertices=19030 derivatives=true bad_derivatives=0 min_determinant=0.00000002711255 worst_dot=0.99999952316284
CAP MAPPING: mesh=household_wardrobes_Wardrobe02__Body_ON_fabric_warm valid_basis=true max_uv_excess=0.00000008940697 widest=1.00029888995782 vertices=18989 derivatives=true bad_derivatives=0 min_determinant=0.00000002710404 worst_dot=0.99999940395355
CAP MAPPING: mesh=household_wardrobes_Wardrobe02__Body_ON_linen valid_basis=true max_uv_excess=0.00000008603092 widest=1.0002828261948 vertices=18969 derivatives=true bad_derivatives=0 min_determinant=0.00000002710584 worst_dot=0.99999952316284
CAP MAPPING: mesh=household_wardrobes_Wardrobe02__Body_ON_metal valid_basis=true max_uv_excess=0.00000008766074 widest=1.00010819873476 vertices=12092 derivatives=true bad_derivatives=0 min_determinant=0.00000030130301 worst_dot=0.99999976158142
CAP MAPPING: mesh=household_wardrobes_Wardrobe02__Body_ON_wood_dark valid_basis=true max_uv_excess=0.00000011920929 widest=1.00042779961388 vertices=7711 derivatives=true bad_derivatives=0 min_determinant=0.0000000288887 worst_dot=0.99999976158142
CAP MAPPING: mesh=household_wardrobes_Wardrobe02__LeftLeaf_ON_brass valid_basis=true max_uv_excess=0.00000153202564 widest=1.00076471531876 vertices=6662 derivatives=true bad_derivatives=0 min_determinant=0.00000001039982 worst_dot=0.99999976158142
CAP MAPPING: mesh=household_wardrobes_Wardrobe02__LeftLeaf_ON_wood_dark valid_basis=true max_uv_excess=0.00000011920929 widest=1.00030697773124 vertices=3125 derivatives=true bad_derivatives=0 min_determinant=0.00000004161626 worst_dot=0.99999690055847
CAP MAPPING: mesh=household_wardrobes_Wardrobe02__RightLeaf_ON_brass valid_basis=true max_uv_excess=0.00000153062865 widest=1.00076475887845 vertices=6627 derivatives=true bad_derivatives=0 min_determinant=0.00000001039841 worst_dot=0.99999976158142
CAP MAPPING: mesh=household_wardrobes_Wardrobe02__RightLeaf_ON_wood_dark valid_basis=true max_uv_excess=0.00000011920929 widest=1.00032137768102 vertices=3134 derivatives=true bad_derivatives=0 min_determinant=0.00000004161626 worst_dot=0.99999666213989
CAP MAPPING: mesh=household_wardrobes_Wardrobe03__Body_ON_brass valid_basis=true max_uv_excess=0.00000008294592 widest=1.00099888619065 vertices=3446 derivatives=true bad_derivatives=0 min_determinant=0.00000000462756 worst_dot=0.99999892711639
CAP MAPPING: mesh=household_wardrobes_Wardrobe03__Body_ON_fabric_cool valid_basis=true max_uv_excess=0.00000008940697 widest=1.00033824515989 vertices=18992 derivatives=true bad_derivatives=0 min_determinant=0.00000002710896 worst_dot=0.99999982118607
CAP MAPPING: mesh=household_wardrobes_Wardrobe03__Body_ON_fabric_green valid_basis=true max_uv_excess=0.00000008568168 widest=1.00036577549774 vertices=18978 derivatives=true bad_derivatives=0 min_determinant=0.00000002710861 worst_dot=0.99999982118607
CAP MAPPING: mesh=household_wardrobes_Wardrobe03__Body_ON_fabric_warm valid_basis=true max_uv_excess=0.00000008579809 widest=1.00033641706249 vertices=18980 derivatives=true bad_derivatives=0 min_determinant=0.00000002685128 worst_dot=0.99999982118607
CAP MAPPING: mesh=household_wardrobes_Wardrobe03__Body_ON_linen valid_basis=true max_uv_excess=0.00000008568168 widest=1.00033807233849 vertices=18965 derivatives=true bad_derivatives=0 min_determinant=0.00000002710404 worst_dot=0.99999982118607
CAP MAPPING: mesh=household_wardrobes_Wardrobe03__Body_ON_metal valid_basis=true max_uv_excess=0.00000008766074 widest=1.00010819873476 vertices=12095 derivatives=true bad_derivatives=0 min_determinant=0.00000030130301 worst_dot=0.99999976158142
CAP MAPPING: mesh=household_wardrobes_Wardrobe03__Body_ON_oak_quartered valid_basis=true max_uv_excess=0.00000011920929 widest=1.00042779961388 vertices=7711 derivatives=true bad_derivatives=0 min_determinant=0.0000000288887 worst_dot=0.99999976158142
CAP MAPPING: mesh=household_wardrobes_Wardrobe03__LeftLeaf_ON_brass valid_basis=true max_uv_excess=0.00000153202564 widest=1.00076471531876 vertices=6662 derivatives=true bad_derivatives=0 min_determinant=0.00000001039982 worst_dot=0.99999976158142
CAP MAPPING: mesh=household_wardrobes_Wardrobe03__LeftLeaf_ON_oak_quartered valid_basis=true max_uv_excess=0.00000011920929 widest=1.00030697773124 vertices=3125 derivatives=true bad_derivatives=0 min_determinant=0.00000004161626 worst_dot=0.99999690055847
CAP MAPPING: mesh=household_wardrobes_Wardrobe03__RightLeaf_ON_brass valid_basis=true max_uv_excess=0.00000153062865 widest=1.00076475887845 vertices=6627 derivatives=true bad_derivatives=0 min_determinant=0.00000001039841 worst_dot=0.99999976158142
CAP MAPPING: mesh=household_wardrobes_Wardrobe03__RightLeaf_ON_oak_quartered valid_basis=true max_uv_excess=0.00000011920929 widest=1.00032137768102 vertices=3134 derivatives=true bad_derivatives=0 min_determinant=0.00000004161626 worst_dot=0.99999666213989
CAP MAPPING: mesh=household_wardrobes_Wardrobe04__Body_ON_brass valid_basis=true max_uv_excess=0.00000008294592 widest=1.00099888619065 vertices=3446 derivatives=true bad_derivatives=0 min_determinant=0.00000000462756 worst_dot=0.99999892711639
CAP MAPPING: mesh=household_wardrobes_Wardrobe04__Body_ON_fabric_cool valid_basis=true max_uv_excess=0.00000008568168 widest=1.00031115907818 vertices=19006 derivatives=true bad_derivatives=0 min_determinant=0.00000002709555 worst_dot=0.99999976158142
CAP MAPPING: mesh=household_wardrobes_Wardrobe04__Body_ON_fabric_green valid_basis=true max_uv_excess=0.00000008568168 widest=1.00033452778709 vertices=19035 derivatives=true bad_derivatives=0 min_determinant=0.00000002710861 worst_dot=0.99999970197678
CAP MAPPING: mesh=household_wardrobes_Wardrobe04__Body_ON_fabric_warm valid_basis=true max_uv_excess=0.00000008568168 widest=1.00029597328564 vertices=19026 derivatives=true bad_derivatives=0 min_determinant=0.00000002683476 worst_dot=0.99999952316284
CAP MAPPING: mesh=household_wardrobes_Wardrobe04__Body_ON_linen valid_basis=true max_uv_excess=0.00000008568168 widest=1.00031656786339 vertices=18971 derivatives=true bad_derivatives=0 min_determinant=0.00000002710404 worst_dot=0.9999994635582
CAP MAPPING: mesh=household_wardrobes_Wardrobe04__Body_ON_metal valid_basis=true max_uv_excess=0.00000008766074 widest=1.00010819873476 vertices=12091 derivatives=true bad_derivatives=0 min_determinant=0.00000030130301 worst_dot=0.99999976158142
CAP MAPPING: mesh=household_wardrobes_Wardrobe04__Body_ON_wood_dark valid_basis=true max_uv_excess=0.00000011920929 widest=1.00042779961388 vertices=7711 derivatives=true bad_derivatives=0 min_determinant=0.0000000288887 worst_dot=0.99999976158142
CAP MAPPING: mesh=household_wardrobes_Wardrobe04__LeftLeaf_ON_brass valid_basis=true max_uv_excess=0.00000153202564 widest=1.00076471531876 vertices=6662 derivatives=true bad_derivatives=0 min_determinant=0.00000001039982 worst_dot=0.99999976158142
CAP MAPPING: mesh=household_wardrobes_Wardrobe04__LeftLeaf_ON_wood_dark valid_basis=true max_uv_excess=0.00000011920929 widest=1.00030697773124 vertices=3125 derivatives=true bad_derivatives=0 min_determinant=0.00000004161626 worst_dot=0.99999690055847
CAP MAPPING: mesh=household_wardrobes_Wardrobe04__RightLeaf_ON_brass valid_basis=true max_uv_excess=0.00000153062865 widest=1.00076475887845 vertices=6627 derivatives=true bad_derivatives=0 min_determinant=0.00000001039841 worst_dot=0.99999976158142
CAP MAPPING: mesh=household_wardrobes_Wardrobe04__RightLeaf_ON_wood_dark valid_basis=true max_uv_excess=0.00000011920929 widest=1.00032137768102 vertices=3134 derivatives=true bad_derivatives=0 min_determinant=0.00000004161626 worst_dot=0.99999666213989
CAP MAPPING: mesh=household_wardrobes_Wardrobe05__Body_ON_brass valid_basis=true max_uv_excess=0.00000008294592 widest=1.00099888619065 vertices=3446 derivatives=true bad_derivatives=0 min_determinant=0.00000000462756 worst_dot=0.99999892711639
CAP MAPPING: mesh=household_wardrobes_Wardrobe05__Body_ON_fabric_cool valid_basis=true max_uv_excess=0.00000008940697 widest=1.00036409025219 vertices=19002 derivatives=true bad_derivatives=0 min_determinant=0.00000002710093 worst_dot=0.99999940395355
CAP MAPPING: mesh=household_wardrobes_Wardrobe05__Body_ON_fabric_green valid_basis=true max_uv_excess=0.00000008568168 widest=1.00028254959814 vertices=19037 derivatives=true bad_derivatives=0 min_determinant=0.00000002711566 worst_dot=0.9999994635582
CAP MAPPING: mesh=household_wardrobes_Wardrobe05__Body_ON_fabric_warm valid_basis=true max_uv_excess=0.00000008568168 widest=1.00035902907256 vertices=19020 derivatives=true bad_derivatives=0 min_determinant=0.00000002686651 worst_dot=0.99999976158142
CAP MAPPING: mesh=household_wardrobes_Wardrobe05__Body_ON_linen valid_basis=true max_uv_excess=0.00000008940697 widest=1.00036115348386 vertices=18988 derivatives=true bad_derivatives=0 min_determinant=0.00000002710404 worst_dot=0.99999940395355
CAP MAPPING: mesh=household_wardrobes_Wardrobe05__Body_ON_metal valid_basis=true max_uv_excess=0.00000008766074 widest=1.00010819873476 vertices=12095 derivatives=true bad_derivatives=0 min_determinant=0.00000030130301 worst_dot=0.99999976158142
CAP MAPPING: mesh=household_wardrobes_Wardrobe05__Body_ON_oak_quartered valid_basis=true max_uv_excess=0.00000011920929 widest=1.00042779961388 vertices=7711 derivatives=true bad_derivatives=0 min_determinant=0.0000000288887 worst_dot=0.99999976158142
CAP MAPPING: mesh=household_wardrobes_Wardrobe05__LeftLeaf_ON_brass valid_basis=true max_uv_excess=0.00000153202564 widest=1.00076471531876 vertices=6662 derivatives=true bad_derivatives=0 min_determinant=0.00000001039982 worst_dot=0.99999976158142
CAP MAPPING: mesh=household_wardrobes_Wardrobe05__LeftLeaf_ON_oak_quartered valid_basis=true max_uv_excess=0.00000011920929 widest=1.00030697773124 vertices=3125 derivatives=true bad_derivatives=0 min_determinant=0.00000004161626 worst_dot=0.99999690055847
CAP MAPPING: mesh=household_wardrobes_Wardrobe05__RightLeaf_ON_brass valid_basis=true max_uv_excess=0.00000153062865 widest=1.00076475887845 vertices=6627 derivatives=true bad_derivatives=0 min_determinant=0.00000001039841 worst_dot=0.99999976158142
CAP MAPPING: mesh=household_wardrobes_Wardrobe05__RightLeaf_ON_oak_quartered valid_basis=true max_uv_excess=0.00000011920929 widest=1.00032137768102 vertices=3134 derivatives=true bad_derivatives=0 min_determinant=0.00000004161626 worst_dot=0.99999666213989
CAP MAPPING: mesh=household_wardrobes_Wardrobe06__Body_ON_brass valid_basis=true max_uv_excess=0.00000008294592 widest=1.00099888619065 vertices=3446 derivatives=true bad_derivatives=0 min_determinant=0.00000000462756 worst_dot=0.99999892711639
CAP MAPPING: mesh=household_wardrobes_Wardrobe06__Body_ON_fabric_cool valid_basis=true max_uv_excess=0.00000008795178 widest=1.00032769105657 vertices=18983 derivatives=true bad_derivatives=0 min_determinant=0.00000002710404 worst_dot=0.99999976158142
CAP MAPPING: mesh=household_wardrobes_Wardrobe06__Body_ON_fabric_green valid_basis=true max_uv_excess=0.00000008940697 widest=1.00035669400009 vertices=19019 derivatives=true bad_derivatives=0 min_determinant=0.00000002710681 worst_dot=0.99999940395355
CAP MAPPING: mesh=household_wardrobes_Wardrobe06__Body_ON_fabric_warm valid_basis=true max_uv_excess=0.00000008300412 widest=1.0003186997052 vertices=19004 derivatives=true bad_derivatives=0 min_determinant=0.00000002710501 worst_dot=0.99999952316284
CAP MAPPING: mesh=household_wardrobes_Wardrobe06__Body_ON_linen valid_basis=true max_uv_excess=0.00000008684583 widest=1.00035682096508 vertices=19008 derivatives=true bad_derivatives=0 min_determinant=0.00000002709422 worst_dot=0.99999940395355
CAP MAPPING: mesh=household_wardrobes_Wardrobe06__Body_ON_metal valid_basis=true max_uv_excess=0.00000008766074 widest=1.00010819873476 vertices=12097 derivatives=true bad_derivatives=0 min_determinant=0.00000030130301 worst_dot=0.99999976158142
CAP MAPPING: mesh=household_wardrobes_Wardrobe06__Body_ON_oak_quartered valid_basis=true max_uv_excess=0.00000011920929 widest=1.00042779961388 vertices=7711 derivatives=true bad_derivatives=0 min_determinant=0.0000000288887 worst_dot=0.99999976158142
CAP MAPPING: mesh=household_wardrobes_Wardrobe06__LeftLeaf_ON_brass valid_basis=true max_uv_excess=0.00000153202564 widest=1.00076471531876 vertices=6662 derivatives=true bad_derivatives=0 min_determinant=0.00000001039982 worst_dot=0.99999976158142
CAP MAPPING: mesh=household_wardrobes_Wardrobe06__LeftLeaf_ON_oak_quartered valid_basis=true max_uv_excess=0.00000011920929 widest=1.00030697773124 vertices=3125 derivatives=true bad_derivatives=0 min_determinant=0.00000004161626 worst_dot=0.99999690055847
CAP MAPPING: mesh=household_wardrobes_Wardrobe06__RightLeaf_ON_brass valid_basis=true max_uv_excess=0.00000153062865 widest=1.00076475887845 vertices=6627 derivatives=true bad_derivatives=0 min_determinant=0.00000001039841 worst_dot=0.99999976158142
CAP MAPPING: mesh=household_wardrobes_Wardrobe06__RightLeaf_ON_oak_quartered valid_basis=true max_uv_excess=0.00000011920929 widest=1.00032137768102 vertices=3134 derivatives=true bad_derivatives=0 min_determinant=0.00000004161626 worst_dot=0.99999666213989
CAP MAPPING: mesh=household_wardrobes_Wardrobe07__Body_ON_brass valid_basis=true max_uv_excess=0.00000008294592 widest=1.00099888619065 vertices=3446 derivatives=true bad_derivatives=0 min_determinant=0.00000000462756 worst_dot=0.99999892711639
CAP MAPPING: mesh=household_wardrobes_Wardrobe07__Body_ON_fabric_cool valid_basis=true max_uv_excess=0.00000008940697 widest=1.00030801204378 vertices=19006 derivatives=true bad_derivatives=0 min_determinant=0.00000002684147 worst_dot=0.99999940395355
CAP MAPPING: mesh=household_wardrobes_Wardrobe07__Body_ON_fabric_green valid_basis=true max_uv_excess=0.00000009313226 widest=1.00032252126615 vertices=19015 derivatives=true bad_derivatives=0 min_determinant=0.00000002710584 worst_dot=0.9999994635582
CAP MAPPING: mesh=household_wardrobes_Wardrobe07__Body_ON_fabric_warm valid_basis=true max_uv_excess=0.00000008940697 widest=1.00035875818817 vertices=19031 derivatives=true bad_derivatives=0 min_determinant=0.00000002709422 worst_dot=0.99999940395355
CAP MAPPING: mesh=household_wardrobes_Wardrobe07__Body_ON_linen valid_basis=true max_uv_excess=0.00000008568168 widest=1.00029301472029 vertices=19009 derivatives=true bad_derivatives=0 min_determinant=0.00000002709422 worst_dot=0.99999952316284
CAP MAPPING: mesh=household_wardrobes_Wardrobe07__Body_ON_metal valid_basis=true max_uv_excess=0.00000008766074 widest=1.00010819873476 vertices=12088 derivatives=true bad_derivatives=0 min_determinant=0.00000030130301 worst_dot=0.99999976158142
CAP MAPPING: mesh=household_wardrobes_Wardrobe07__Body_ON_oak_quartered valid_basis=true max_uv_excess=0.00000011920929 widest=1.00042779961388 vertices=7711 derivatives=true bad_derivatives=0 min_determinant=0.0000000288887 worst_dot=0.99999976158142
CAP MAPPING: mesh=household_wardrobes_Wardrobe07__LeftLeaf_ON_brass valid_basis=true max_uv_excess=0.00000153202564 widest=1.00076471531876 vertices=6662 derivatives=true bad_derivatives=0 min_determinant=0.00000001039982 worst_dot=0.99999976158142
CAP MAPPING: mesh=household_wardrobes_Wardrobe07__LeftLeaf_ON_oak_quartered valid_basis=true max_uv_excess=0.00000011920929 widest=1.00030697773124 vertices=3125 derivatives=true bad_derivatives=0 min_determinant=0.00000004161626 worst_dot=0.99999690055847
CAP MAPPING: mesh=household_wardrobes_Wardrobe07__RightLeaf_ON_brass valid_basis=true max_uv_excess=0.00000153062865 widest=1.00076475887845 vertices=6627 derivatives=true bad_derivatives=0 min_determinant=0.00000001039841 worst_dot=0.99999976158142
CAP MAPPING: mesh=household_wardrobes_Wardrobe07__RightLeaf_ON_oak_quartered valid_basis=true max_uv_excess=0.00000011920929 widest=1.00032137768102 vertices=3134 derivatives=true bad_derivatives=0 min_determinant=0.00000004161626 worst_dot=0.99999666213989
CAP MAPPING: mesh=household_wardrobes_Wardrobe08__Body_ON_brass valid_basis=true max_uv_excess=0.00000008294592 widest=1.00099888619065 vertices=3446 derivatives=true bad_derivatives=0 min_determinant=0.00000000462756 worst_dot=0.99999892711639
CAP MAPPING: mesh=household_wardrobes_Wardrobe08__Body_ON_fabric_cool valid_basis=true max_uv_excess=0.00000008940697 widest=1.00031675977929 vertices=19000 derivatives=true bad_derivatives=0 min_determinant=0.00000002710501 worst_dot=0.99999952316284
CAP MAPPING: mesh=household_wardrobes_Wardrobe08__Body_ON_fabric_green valid_basis=true max_uv_excess=0.00000008940697 widest=1.00030494576295 vertices=19004 derivatives=true bad_derivatives=0 min_determinant=0.00000002682561 worst_dot=0.99999964237213
CAP MAPPING: mesh=household_wardrobes_Wardrobe08__Body_ON_fabric_warm valid_basis=true max_uv_excess=0.00000009685755 widest=1.00032963620037 vertices=18977 derivatives=true bad_derivatives=0 min_determinant=0.00000002710404 worst_dot=0.99999940395355
CAP MAPPING: mesh=household_wardrobes_Wardrobe08__Body_ON_linen valid_basis=true max_uv_excess=0.00000008568168 widest=1.00029245289681 vertices=18991 derivatives=true bad_derivatives=0 min_determinant=0.00000002684131 worst_dot=0.99999958276749
CAP MAPPING: mesh=household_wardrobes_Wardrobe08__Body_ON_metal valid_basis=true max_uv_excess=0.00000008766074 widest=1.00010819873476 vertices=12091 derivatives=true bad_derivatives=0 min_determinant=0.00000030130301 worst_dot=0.99999976158142
CAP MAPPING: mesh=household_wardrobes_Wardrobe08__Body_ON_oak_quartered valid_basis=true max_uv_excess=0.00000011920929 widest=1.00042779961388 vertices=7711 derivatives=true bad_derivatives=0 min_determinant=0.0000000288887 worst_dot=0.99999976158142
CAP MAPPING: mesh=household_wardrobes_Wardrobe08__LeftLeaf_ON_brass valid_basis=true max_uv_excess=0.00000153202564 widest=1.00076471531876 vertices=6662 derivatives=true bad_derivatives=0 min_determinant=0.00000001039982 worst_dot=0.99999976158142
CAP MAPPING: mesh=household_wardrobes_Wardrobe08__LeftLeaf_ON_oak_quartered valid_basis=true max_uv_excess=0.00000011920929 widest=1.00030697773124 vertices=3125 derivatives=true bad_derivatives=0 min_determinant=0.00000004161626 worst_dot=0.99999690055847
CAP MAPPING: mesh=household_wardrobes_Wardrobe08__RightLeaf_ON_brass valid_basis=true max_uv_excess=0.00000153062865 widest=1.00076475887845 vertices=6627 derivatives=true bad_derivatives=0 min_determinant=0.00000001039841 worst_dot=0.99999976158142
CAP MAPPING: mesh=household_wardrobes_Wardrobe08__RightLeaf_ON_oak_quartered valid_basis=true max_uv_excess=0.00000011920929 widest=1.00032137768102 vertices=3134 derivatives=true bad_derivatives=0 min_determinant=0.00000004161626 worst_dot=0.99999666213989
CAP MAPPING: mesh=household_wardrobes_Wardrobe09__Body_ON_brass valid_basis=true max_uv_excess=0.00000008294592 widest=1.00099888619065 vertices=3446 derivatives=true bad_derivatives=0 min_determinant=0.00000000462756 worst_dot=0.99999892711639
CAP MAPPING: mesh=household_wardrobes_Wardrobe09__Body_ON_fabric_cool valid_basis=true max_uv_excess=0.00000008568168 widest=1.00031262531774 vertices=19003 derivatives=true bad_derivatives=0 min_determinant=0.00000002711004 worst_dot=0.99999958276749
CAP MAPPING: mesh=household_wardrobes_Wardrobe09__Body_ON_fabric_green valid_basis=true max_uv_excess=0.00000008940697 widest=1.00027895291226 vertices=19043 derivatives=true bad_derivatives=0 min_determinant=0.00000002686309 worst_dot=0.99999952316284
CAP MAPPING: mesh=household_wardrobes_Wardrobe09__Body_ON_fabric_warm valid_basis=true max_uv_excess=0.00000008312054 widest=1.00024414860408 vertices=19007 derivatives=true bad_derivatives=0 min_determinant=0.00000002710584 worst_dot=0.99999976158142
CAP MAPPING: mesh=household_wardrobes_Wardrobe09__Body_ON_linen valid_basis=true max_uv_excess=0.00000008568168 widest=1.00034486525288 vertices=18972 derivatives=true bad_derivatives=0 min_determinant=0.00000002683658 worst_dot=0.99999982118607
CAP MAPPING: mesh=household_wardrobes_Wardrobe09__Body_ON_metal valid_basis=true max_uv_excess=0.00000008911593 widest=1.00011477106621 vertices=12087 derivatives=true bad_derivatives=0 min_determinant=0.00000030130301 worst_dot=0.99999976158142
CAP MAPPING: mesh=household_wardrobes_Wardrobe09__Body_ON_wood_dark valid_basis=true max_uv_excess=0.00000011920929 widest=1.00042779961388 vertices=7711 derivatives=true bad_derivatives=0 min_determinant=0.0000000288887 worst_dot=0.99999976158142
CAP MAPPING: mesh=household_wardrobes_Wardrobe09__LeftLeaf_ON_brass valid_basis=true max_uv_excess=0.00000153202564 widest=1.00076471531876 vertices=6662 derivatives=true bad_derivatives=0 min_determinant=0.00000001039982 worst_dot=0.99999976158142
CAP MAPPING: mesh=household_wardrobes_Wardrobe09__LeftLeaf_ON_wood_dark valid_basis=true max_uv_excess=0.00000011920929 widest=1.00030697773124 vertices=3125 derivatives=true bad_derivatives=0 min_determinant=0.00000004161626 worst_dot=0.99999690055847
CAP MAPPING: mesh=household_wardrobes_Wardrobe09__RightLeaf_ON_brass valid_basis=true max_uv_excess=0.00000153062865 widest=1.00076475887845 vertices=6627 derivatives=true bad_derivatives=0 min_determinant=0.00000001039841 worst_dot=0.99999976158142
CAP MAPPING: mesh=household_wardrobes_Wardrobe09__RightLeaf_ON_wood_dark valid_basis=true max_uv_excess=0.00000011920929 widest=1.00032137768102 vertices=3134 derivatives=true bad_derivatives=0 min_determinant=0.00000004161626 worst_dot=0.99999666213989
CAP MAPPING: mesh=household_wardrobes_Wardrobe10__Body_ON_brass valid_basis=true max_uv_excess=0.00000008294592 widest=1.00099888619065 vertices=3446 derivatives=true bad_derivatives=0 min_determinant=0.00000000462756 worst_dot=0.99999892711639
CAP MAPPING: mesh=household_wardrobes_Wardrobe10__Body_ON_fabric_cool valid_basis=true max_uv_excess=0.00000008405186 widest=1.00035294345956 vertices=18993 derivatives=true bad_derivatives=0 min_determinant=0.00000002709713 worst_dot=0.99999958276749
CAP MAPPING: mesh=household_wardrobes_Wardrobe10__Body_ON_fabric_green valid_basis=true max_uv_excess=0.00000008632196 widest=1.00031384457669 vertices=19029 derivatives=true bad_derivatives=0 min_determinant=0.00000002683658 worst_dot=0.99999964237213
CAP MAPPING: mesh=household_wardrobes_Wardrobe10__Body_ON_fabric_warm valid_basis=true max_uv_excess=0.00000008568168 widest=1.00033207306581 vertices=18981 derivatives=true bad_derivatives=0 min_determinant=0.00000002710759 worst_dot=0.99999976158142
CAP MAPPING: mesh=household_wardrobes_Wardrobe10__Body_ON_linen valid_basis=true max_uv_excess=0.00000008940697 widest=1.00031647009345 vertices=18978 derivatives=true bad_derivatives=0 min_determinant=0.00000002709195 worst_dot=0.99999964237213
CAP MAPPING: mesh=household_wardrobes_Wardrobe10__Body_ON_metal valid_basis=true max_uv_excess=0.00000008766074 widest=1.00010819873476 vertices=12093 derivatives=true bad_derivatives=0 min_determinant=0.00000030130301 worst_dot=0.99999976158142
CAP MAPPING: mesh=household_wardrobes_Wardrobe10__Body_ON_wood_dark valid_basis=true max_uv_excess=0.00000011920929 widest=1.00042779961388 vertices=7711 derivatives=true bad_derivatives=0 min_determinant=0.0000000288887 worst_dot=0.99999976158142
CAP MAPPING: mesh=household_wardrobes_Wardrobe10__LeftLeaf_ON_brass valid_basis=true max_uv_excess=0.00000153202564 widest=1.00076471531876 vertices=6662 derivatives=true bad_derivatives=0 min_determinant=0.00000001039982 worst_dot=0.99999976158142
CAP MAPPING: mesh=household_wardrobes_Wardrobe10__LeftLeaf_ON_wood_dark valid_basis=true max_uv_excess=0.00000011920929 widest=1.00030697773124 vertices=3125 derivatives=true bad_derivatives=0 min_determinant=0.00000004161626 worst_dot=0.99999690055847
CAP MAPPING: mesh=household_wardrobes_Wardrobe10__RightLeaf_ON_brass valid_basis=true max_uv_excess=0.00000153062865 widest=1.00076475887845 vertices=6627 derivatives=true bad_derivatives=0 min_determinant=0.00000001039841 worst_dot=0.99999976158142
CAP MAPPING: mesh=household_wardrobes_Wardrobe10__RightLeaf_ON_wood_dark valid_basis=true max_uv_excess=0.00000011920929 widest=1.00032137768102 vertices=3134 derivatives=true bad_derivatives=0 min_determinant=0.00000004161626 worst_dot=0.99999666213989
CAP MAPPING: mesh=household_wardrobes_Wardrobe11__Body_ON_brass valid_basis=true max_uv_excess=0.00000008294592 widest=1.00099888619065 vertices=3446 derivatives=true bad_derivatives=0 min_determinant=0.00000000462756 worst_dot=0.99999892711639
CAP MAPPING: mesh=household_wardrobes_Wardrobe11__Body_ON_fabric_cool valid_basis=true max_uv_excess=0.0000000835862 widest=1.00032667457594 vertices=19006 derivatives=true bad_derivatives=0 min_determinant=0.00000002709914 worst_dot=0.99999976158142
CAP MAPPING: mesh=household_wardrobes_Wardrobe11__Body_ON_fabric_green valid_basis=true max_uv_excess=0.00000008568168 widest=1.0003170243974 vertices=18977 derivatives=true bad_derivatives=0 min_determinant=0.00000002710759 worst_dot=0.99999976158142
CAP MAPPING: mesh=household_wardrobes_Wardrobe11__Body_ON_fabric_warm valid_basis=true max_uv_excess=0.00000008277129 widest=1.00032441079694 vertices=18956 derivatives=true bad_derivatives=0 min_determinant=0.00000002710225 worst_dot=0.99999964237213
CAP MAPPING: mesh=household_wardrobes_Wardrobe11__Body_ON_linen valid_basis=true max_uv_excess=0.00000008940697 widest=1.00032291587857 vertices=18981 derivatives=true bad_derivatives=0 min_determinant=0.00000002709832 worst_dot=0.99999982118607
CAP MAPPING: mesh=household_wardrobes_Wardrobe11__Body_ON_metal valid_basis=true max_uv_excess=0.00000008766074 widest=1.00010819873476 vertices=12094 derivatives=true bad_derivatives=0 min_determinant=0.00000030130301 worst_dot=0.99999976158142
CAP MAPPING: mesh=household_wardrobes_Wardrobe11__Body_ON_wood_dark valid_basis=true max_uv_excess=0.00000011920929 widest=1.00042779961388 vertices=7711 derivatives=true bad_derivatives=0 min_determinant=0.0000000288887 worst_dot=0.99999976158142
CAP MAPPING: mesh=household_wardrobes_Wardrobe11__LeftLeaf_ON_brass valid_basis=true max_uv_excess=0.00000153202564 widest=1.00076471531876 vertices=6662 derivatives=true bad_derivatives=0 min_determinant=0.00000001039982 worst_dot=0.99999976158142
CAP MAPPING: mesh=household_wardrobes_Wardrobe11__LeftLeaf_ON_wood_dark valid_basis=true max_uv_excess=0.00000011920929 widest=1.00030697773124 vertices=3125 derivatives=true bad_derivatives=0 min_determinant=0.00000004161626 worst_dot=0.99999690055847
CAP MAPPING: mesh=household_wardrobes_Wardrobe11__RightLeaf_ON_brass valid_basis=true max_uv_excess=0.00000153062865 widest=1.00076475887845 vertices=6627 derivatives=true bad_derivatives=0 min_determinant=0.00000001039841 worst_dot=0.99999976158142
CAP MAPPING: mesh=household_wardrobes_Wardrobe11__RightLeaf_ON_wood_dark valid_basis=true max_uv_excess=0.00000011920929 widest=1.00032137768102 vertices=3134 derivatives=true bad_derivatives=0 min_determinant=0.00000004161626 worst_dot=0.99999666213989
CAP MAPPING: mesh=household_wardrobes_Wardrobe12__Body_ON_brass valid_basis=true max_uv_excess=0.00000008294592 widest=1.00099888619065 vertices=3446 derivatives=true bad_derivatives=0 min_determinant=0.00000000462756 worst_dot=0.99999892711639
CAP MAPPING: mesh=household_wardrobes_Wardrobe12__Body_ON_fabric_cool valid_basis=true max_uv_excess=0.00000008568168 widest=1.00032304124953 vertices=19021 derivatives=true bad_derivatives=0 min_determinant=0.00000002710896 worst_dot=0.99999976158142
CAP MAPPING: mesh=household_wardrobes_Wardrobe12__Body_ON_fabric_green valid_basis=true max_uv_excess=0.00000008931966 widest=1.00038326197904 vertices=19032 derivatives=true bad_derivatives=0 min_determinant=0.0000000268656 worst_dot=0.99999976158142
CAP MAPPING: mesh=household_wardrobes_Wardrobe12__Body_ON_fabric_warm valid_basis=true max_uv_excess=0.00000008686038 widest=1.00037259389332 vertices=18963 derivatives=true bad_derivatives=0 min_determinant=0.00000002710404 worst_dot=0.99999976158142
CAP MAPPING: mesh=household_wardrobes_Wardrobe12__Body_ON_linen valid_basis=true max_uv_excess=0.00000008940697 widest=1.00037183371761 vertices=18989 derivatives=true bad_derivatives=0 min_determinant=0.00000002710985 worst_dot=0.99999976158142
CAP MAPPING: mesh=household_wardrobes_Wardrobe12__Body_ON_metal valid_basis=true max_uv_excess=0.00000008766074 widest=1.00010819873476 vertices=12096 derivatives=true bad_derivatives=0 min_determinant=0.00000030130301 worst_dot=0.99999976158142
CAP MAPPING: mesh=household_wardrobes_Wardrobe12__Body_ON_wood_dark valid_basis=true max_uv_excess=0.00000011920929 widest=1.00042779961388 vertices=7711 derivatives=true bad_derivatives=0 min_determinant=0.0000000288887 worst_dot=0.99999976158142
CAP MAPPING: mesh=household_wardrobes_Wardrobe12__LeftLeaf_ON_brass valid_basis=true max_uv_excess=0.00000153202564 widest=1.00076471531876 vertices=6662 derivatives=true bad_derivatives=0 min_determinant=0.00000001039982 worst_dot=0.99999976158142
CAP MAPPING: mesh=household_wardrobes_Wardrobe12__LeftLeaf_ON_wood_dark valid_basis=true max_uv_excess=0.00000011920929 widest=1.00030697773124 vertices=3125 derivatives=true bad_derivatives=0 min_determinant=0.00000004161626 worst_dot=0.99999690055847
CAP MAPPING: mesh=household_wardrobes_Wardrobe12__RightLeaf_ON_brass valid_basis=true max_uv_excess=0.00000153062865 widest=1.00076475887845 vertices=6627 derivatives=true bad_derivatives=0 min_determinant=0.00000001039841 worst_dot=0.99999976158142
CAP MAPPING: mesh=household_wardrobes_Wardrobe12__RightLeaf_ON_wood_dark valid_basis=true max_uv_excess=0.00000011920929 widest=1.00032137768102 vertices=3134 derivatives=true bad_derivatives=0 min_determinant=0.00000004161626 worst_dot=0.99999666213989
CAP MAPPING: mesh=domestic_objects_DomesticObject00__Body_ON_brass valid_basis=true max_uv_excess=0.00000189413549 widest=1.00297930152463 vertices=5239 derivatives=true bad_derivatives=0 min_determinant=0.00000025864131 worst_dot=0.99999982118607
CAP MAPPING: mesh=domestic_objects_DomesticObject00__Body_ON_paper valid_basis=true max_uv_excess=0.00000008801362 widest=1.00114287281831 vertices=7717 derivatives=true bad_derivatives=0 min_determinant=0.00000000073811 worst_dot=0.99999642372131
CAP MAPPING: mesh=domestic_objects_DomesticObject00__Body_ON_timber valid_basis=true max_uv_excess=0.00000006299524 widest=1.00028727766093 vertices=506 derivatives=true bad_derivatives=0 min_determinant=0.00000004163674 worst_dot=0.99999982118607
CAP MAPPING: mesh=domestic_objects_DomesticObject00__Body_ON_wood_dark valid_basis=true max_uv_excess=0.00000007223571 widest=1.00027425700011 vertices=3599 derivatives=true bad_derivatives=0 min_determinant=0.00000002889958 worst_dot=0.99999976158142
CAP MAPPING: mesh=domestic_objects_DomesticObject01__Body_ON_timber valid_basis=true max_uv_excess=0.00000006885966 widest=1.00018729705411 vertices=530 derivatives=true bad_derivatives=0 min_determinant=0.00000004162933 worst_dot=0.99999988079071
CAP MAPPING: mesh=domestic_objects_DomesticObject01__Body_ON_wood_dark valid_basis=true max_uv_excess=0.00000007689232 widest=1.00026956964619 vertices=3603 derivatives=true bad_derivatives=0 min_determinant=0.00000002889958 worst_dot=0.99999982118607
CAP MAPPING: mesh=domestic_objects_DomesticObject02__Body_ON_brass valid_basis=true max_uv_excess=0.00000049686059 widest=1.00081544590526 vertices=4381 derivatives=true bad_derivatives=0 min_determinant=0.0000008146988 worst_dot=0.99999988079071
CAP MAPPING: mesh=domestic_objects_DomesticObject02__Body_ON_metal valid_basis=true max_uv_excess=0.00000097311568 widest=1.00080879726905 vertices=8859 derivatives=true bad_derivatives=0 min_determinant=0.00000120567276 worst_dot=0.99999988079071
CAP MAPPING: mesh=domestic_objects_DomesticObject02__Body_ON_plywood valid_basis=true max_uv_excess=0.00000011920929 widest=1.0002118172876 vertices=506 derivatives=true bad_derivatives=0 min_determinant=0.00000011563898 worst_dot=0.99999982118607
CAP MAPPING: mesh=domestic_objects_DomesticObject02__Body_ON_rubber_aged valid_basis=true max_uv_excess=0.00000007078052 widest=1.00001359357296 vertices=4606 derivatives=true bad_derivatives=0 min_determinant=0.00002102858646 worst_dot=0.99999982118607
CAP MAPPING: mesh=domestic_objects_DomesticObject02__Body_ON_timber valid_basis=true max_uv_excess=0.00000005355105 widest=1.00002477360305 vertices=534 derivatives=true bad_derivatives=0 min_determinant=0.00000185072309 worst_dot=0.99999988079071
CAP MAPPING: mesh=domestic_objects_DomesticObject02__Body_ON_wood_dark valid_basis=true max_uv_excess=0.00000007118797 widest=1.00032691062136 vertices=1028 derivatives=true bad_derivatives=0 min_determinant=0.0000000289043 worst_dot=0.99999982118607
CAP MAPPING: mesh=domestic_objects_DomesticObject03__Body_ON_metal valid_basis=true max_uv_excess=0.00000005960464 widest=1.00070710916987 vertices=2994 derivatives=true bad_derivatives=0 min_determinant=0.00000000462179 worst_dot=0.99999964237213
CAP MAPPING: mesh=domestic_objects_DomesticObject03__Body_ON_timber valid_basis=true max_uv_excess=0.00000006263144 widest=1.0001569603556 vertices=3555 derivatives=true bad_derivatives=0 min_determinant=0.00000011566076 worst_dot=0.99999982118607
CAP MAPPING: mesh=domestic_objects_DomesticObject04__Body_ON_bakelite valid_basis=true max_uv_excess=0.00000094890129 widest=1.00072542725316 vertices=2318 derivatives=true bad_derivatives=0 min_determinant=0.00000011567019 worst_dot=0.99999988079071
CAP MAPPING: mesh=domestic_objects_DomesticObject04__Body_ON_enamel valid_basis=true max_uv_excess=0.00000281073153 widest=1.00071625927542 vertices=1815 derivatives=true bad_derivatives=0 min_determinant=0.00000817670497 worst_dot=0.99999982118607
CAP MAPPING: mesh=domestic_objects_DomesticObject04__Body_ON_metal valid_basis=true max_uv_excess=0.00000057736179 widest=1.00073564918575 vertices=10584 derivatives=true bad_derivatives=0 min_determinant=0.00000002891519 worst_dot=0.99999982118607
CAP MAPPING: mesh=domestic_objects_DomesticObject04__Body_ON_paper valid_basis=true max_uv_excess=0.00000008483767 widest=1.00082062571655 vertices=998 derivatives=true bad_derivatives=0 min_determinant=0.00000000462568 worst_dot=0.99999964237213
CAP MAPPING: mesh=domestic_objects_DomesticObject04__Body_ON_rubber_aged valid_basis=true max_uv_excess=0.00000113528222 widest=1.00018813035343 vertices=7249 derivatives=true bad_derivatives=0 min_determinant=0.0000011999393 worst_dot=0.99999976158142
CAP MAPPING: mesh=domestic_objects_DomesticObject04__Body_ON_soot valid_basis=true max_uv_excess=0.00000384496525 widest=1.00072245950876 vertices=23629 derivatives=true bad_derivatives=0 min_determinant=0.00000000028856 worst_dot=0.9999960064888
CAP MAPPING: mesh=domestic_objects_DomesticObject05__Body_ON_cane valid_basis=true max_uv_excess=0.00000008568168 widest=1.00006915071398 vertices=4752 derivatives=true bad_derivatives=0 min_determinant=0.00000008538683 worst_dot=0.99999982118607
CAP MAPPING: mesh=domestic_objects_DomesticObject05__Body_ON_leaf_rib valid_basis=true max_uv_excess=0.00000048964284 widest=1.00120822440756 vertices=61990 derivatives=true bad_derivatives=0 min_determinant=0.00000000252952 worst_dot=0.99999392032623
CAP MAPPING: mesh=domestic_objects_DomesticObject05__Body_ON_plant valid_basis=true max_uv_excess=0.00000008940697 widest=1.00007062213875 vertices=13316 derivatives=true bad_derivatives=0 min_determinant=0.00000253745105 worst_dot=0.99999982118607
CAP MAPPING: mesh=domestic_objects_DomesticObject05__Body_ON_soil valid_basis=true max_uv_excess=0.00000242795795 widest=1.00017599185016 vertices=3238 derivatives=true bad_derivatives=0 min_determinant=0.00024232362139 worst_dot=0.99999982118607
CAP MAPPING: mesh=domestic_objects_DomesticObject05__Body_ON_terracotta valid_basis=true max_uv_excess=0.00000314041972 widest=1.00017953849024 vertices=8640 derivatives=true bad_derivatives=0 min_determinant=0.00017641100062 worst_dot=0.99999982118607
CAP MAPPING: mesh=domestic_objects_DomesticObject06__Body_ON_brass valid_basis=true max_uv_excess=0.00000189611455 widest=1.0030945941556 vertices=6283 derivatives=true bad_derivatives=0 min_determinant=0.00000025796558 worst_dot=0.99999982118607
CAP MAPPING: mesh=domestic_objects_DomesticObject06__Body_ON_paper valid_basis=true max_uv_excess=0.00000007437484 widest=1.00114287281831 vertices=9289 derivatives=true bad_derivatives=0 min_determinant=0.00000000073811 worst_dot=0.99999636411667
CAP MAPPING: mesh=domestic_objects_DomesticObject06__Body_ON_timber valid_basis=true max_uv_excess=0.00000011920929 widest=1.000190222068 vertices=525 derivatives=true bad_derivatives=0 min_determinant=0.00000004161802 worst_dot=0.99999982118607
CAP MAPPING: mesh=domestic_objects_DomesticObject06__Body_ON_wood_dark valid_basis=true max_uv_excess=0.00000007869676 widest=1.00025832529717 vertices=3527 derivatives=true bad_derivatives=0 min_determinant=0.00000002889958 worst_dot=0.99999982118607
CAP MAPPING: mesh=domestic_objects_DomesticObject07__Body_ON_brass valid_basis=true max_uv_excess=0.00000189803541 widest=1.00308126882815 vertices=4918 derivatives=true bad_derivatives=0 min_determinant=0.00000025796558 worst_dot=0.99999982118607
CAP MAPPING: mesh=domestic_objects_DomesticObject07__Body_ON_paper valid_basis=true max_uv_excess=0.00000008412826 widest=1.00132967161072 vertices=7196 derivatives=true bad_derivatives=0 min_determinant=0.00000000073811 worst_dot=0.999995470047
CAP MAPPING: mesh=domestic_objects_DomesticObject07__Body_ON_timber valid_basis=true max_uv_excess=0.00000006299524 widest=1.00028727766093 vertices=529 derivatives=true bad_derivatives=0 min_determinant=0.00000004163674 worst_dot=0.99999988079071
CAP MAPPING: mesh=domestic_objects_DomesticObject07__Body_ON_wood_dark valid_basis=true max_uv_excess=0.00000011920929 widest=1.00032691062136 vertices=3617 derivatives=true bad_derivatives=0 min_determinant=0.00000002891047 worst_dot=0.99999976158142
CAP MAPPING: mesh=domestic_objects_DomesticObject08__Body_ON_book_brown valid_basis=true max_uv_excess=0.00000003839523 widest=1.00035018766595 vertices=1515 derivatives=true bad_derivatives=0 min_determinant=0.0000000104106 worst_dot=0.99999976158142
CAP MAPPING: mesh=domestic_objects_DomesticObject08__Body_ON_book_burgundy valid_basis=true max_uv_excess=0.00000005407492 widest=1.00036343584976 vertices=1517 derivatives=true bad_derivatives=0 min_determinant=0.0000000104106 worst_dot=0.99999976158142
CAP MAPPING: mesh=domestic_objects_DomesticObject08__Body_ON_book_green valid_basis=true max_uv_excess=0.00000004470348 widest=1.00034534163073 vertices=1528 derivatives=true bad_derivatives=0 min_determinant=0.0000000104106 worst_dot=0.99999982118607
CAP MAPPING: mesh=domestic_objects_DomesticObject08__Body_ON_book_navy valid_basis=true max_uv_excess=0.00000004470348 widest=1.00032137768102 vertices=1533 derivatives=true bad_derivatives=0 min_determinant=0.0000000104106 worst_dot=0.99999982118607
CAP MAPPING: mesh=domestic_objects_DomesticObject08__Body_ON_book_ochre valid_basis=true max_uv_excess=0.00000003523746 widest=1.00032137768102 vertices=1542 derivatives=true bad_derivatives=0 min_determinant=0.0000000104106 worst_dot=0.99999982118607
CAP MAPPING: mesh=domestic_objects_DomesticObject08__Body_ON_book_teal valid_basis=true max_uv_excess=0.00000003365858 widest=1.00030697773124 vertices=1520 derivatives=true bad_derivatives=0 min_determinant=0.0000000104106 worst_dot=0.99999976158142
CAP MAPPING: mesh=domestic_objects_DomesticObject08__Body_ON_paper valid_basis=true max_uv_excess=0.00000006169284 widest=1.00084403020591 vertices=3010 derivatives=true bad_derivatives=0 min_determinant=0.00000000462238 worst_dot=0.99999964237213
CAP MAPPING: mesh=domestic_objects_DomesticObject09__Body_ON_brass valid_basis=true max_uv_excess=0.00000189611455 widest=1.00298594281688 vertices=7646 derivatives=true bad_derivatives=0 min_determinant=0.00000025864131 worst_dot=0.99999982118607
CAP MAPPING: mesh=domestic_objects_DomesticObject09__Body_ON_paper valid_basis=true max_uv_excess=0.00000008030838 widest=1.00114287281831 vertices=11278 derivatives=true bad_derivatives=0 min_determinant=0.00000000073792 worst_dot=0.99999535083771
CAP MAPPING: mesh=domestic_objects_DomesticObject09__Body_ON_timber valid_basis=true max_uv_excess=0.00000005438051 widest=1.00024803205448 vertices=514 derivatives=true bad_derivatives=0 min_determinant=0.00000004162933 worst_dot=0.99999988079071
CAP MAPPING: mesh=domestic_objects_DomesticObject09__Body_ON_wood_dark valid_basis=true max_uv_excess=0.00000007648487 widest=1.00029466970755 vertices=3669 derivatives=true bad_derivatives=0 min_determinant=0.0000000289043 worst_dot=0.99999982118607
CAP MAPPING: mesh=domestic_objects_DomesticObject10__Body_ON_metal valid_basis=true max_uv_excess=0.00000883731991 widest=1.0007338972434 vertices=8356 derivatives=true bad_derivatives=0 min_determinant=0.00000001849776 worst_dot=0.99999982118607
CAP MAPPING: mesh=domestic_objects_DomesticObject10__Body_ON_milk_glass valid_basis=true max_uv_excess=0.00000161980279 widest=1.00049476436847 vertices=1529 derivatives=true bad_derivatives=0 min_determinant=0.00000002889341 worst_dot=0.99999982118607
CAP MAPPING: mesh=domestic_objects_DomesticObject10__Body_ON_rubber_aged valid_basis=true max_uv_excess=0.00000139325857 widest=1.00071008593772 vertices=2030 derivatives=true bad_derivatives=0 min_determinant=0.00000612993519 worst_dot=0.99999982118607
CAP MAPPING: mesh=domestic_objects_DomesticObject10__Body_ON_soot valid_basis=true max_uv_excess=0.00000206148252 widest=1.00071635544499 vertices=4313 derivatives=true bad_derivatives=0 min_determinant=0.00000005524898 worst_dot=0.99999982118607
CAP MAPPING: mesh=domestic_objects_DomesticObject11__Body_ON_linen valid_basis=true max_uv_excess=0.00000007962808 widest=1.00032006524456 vertices=8405 derivatives=true bad_derivatives=0 min_determinant=0.00000001631331 worst_dot=0.99999988079071
CAP MAPPING: mesh=domestic_objects_DomesticObject11__Body_ON_metal valid_basis=true max_uv_excess=0.0000014025718 widest=1.00072993426142 vertices=3348 derivatives=true bad_derivatives=0 min_determinant=0.0000001089123 worst_dot=0.99999976158142
CAP MAPPING: mesh=domestic_objects_DomesticObject11__Body_ON_rubber_aged valid_basis=true max_uv_excess=0.00000139139593 widest=1.00071129982958 vertices=2032 derivatives=true bad_derivatives=0 min_determinant=0.00000612991823 worst_dot=0.99999988079071
CAP MAPPING: mesh=domestic_objects_DomesticObject11__Body_ON_soot valid_basis=true max_uv_excess=0.00000160373747 widest=1.00072757898142 vertices=2151 derivatives=true bad_derivatives=0 min_determinant=0.00000005524898 worst_dot=0.99999898672104
CAP MAPPING: mesh=domestic_objects_DomesticObject12__Body_ON_metal valid_basis=true max_uv_excess=0.00000007522613 widest=1.00075753646235 vertices=1481 derivatives=true bad_derivatives=0 min_determinant=0.00000000462568 worst_dot=0.99999958276749
CAP MAPPING: mesh=domestic_objects_DomesticObject12__Body_ON_soot valid_basis=true max_uv_excess=0.00000005960464 widest=1.00006577841387 vertices=1481 derivatives=true bad_derivatives=0 min_determinant=0.00000046266191 worst_dot=0.99999988079071
CAP MAPPING: mesh=domestic_objects_DomesticObject12__Body_ON_timber valid_basis=true max_uv_excess=0.0000000888831 widest=1.00014955322765 vertices=3547 derivatives=true bad_derivatives=0 min_determinant=0.00000011566076 worst_dot=0.99999982118607
CAP MAPPING: mesh=domestic_objects_DomesticObject13__Body_ON_rubber_aged valid_basis=true max_uv_excess=0.00000007916242 widest=1.00004254947378 vertices=17556 derivatives=true bad_derivatives=0 min_determinant=0.00000143322106 worst_dot=0.99999976158142
CAP MAPPING: mesh=domestic_objects_DomesticObject14__Body_ON_rubber_aged valid_basis=true max_uv_excess=0.00000008288771 widest=1.0001588438935 vertices=17556 derivatives=true bad_derivatives=0 min_determinant=0.00000074475025 worst_dot=0.99999982118607
CAP MAPPING: mesh=domestic_objects_DomesticObject15__Body_ON_brass valid_basis=true max_uv_excess=0.00000049686059 widest=1.00081544590526 vertices=4381 derivatives=true bad_derivatives=0 min_determinant=0.0000008146988 worst_dot=0.99999988079071
CAP MAPPING: mesh=domestic_objects_DomesticObject15__Body_ON_metal valid_basis=true max_uv_excess=0.00000097311568 widest=1.00080879726905 vertices=11191 derivatives=true bad_derivatives=0 min_determinant=0.00000001850589 worst_dot=0.99999988079071
CAP MAPPING: mesh=domestic_objects_DomesticObject15__Body_ON_plywood valid_basis=true max_uv_excess=0.00000011920929 widest=1.0002118172876 vertices=506 derivatives=true bad_derivatives=0 min_determinant=0.00000011563898 worst_dot=0.99999982118607
CAP MAPPING: mesh=domestic_objects_DomesticObject15__Body_ON_rubber_aged valid_basis=true max_uv_excess=0.00000007078052 widest=1.00001359357296 vertices=4606 derivatives=true bad_derivatives=0 min_determinant=0.00002102858646 worst_dot=0.99999982118607
CAP MAPPING: mesh=domestic_objects_DomesticObject15__Body_ON_timber valid_basis=true max_uv_excess=0.00000005355105 widest=1.00002477360305 vertices=534 derivatives=true bad_derivatives=0 min_determinant=0.00000185072309 worst_dot=0.99999988079071
FABRICATION BATCH: worlds=1 modules=4 module_checks=9911 failures=1 elapsed_ms=54312
