SCRIPT ERROR: Invalid type in function '_watch' in base 'Node (astra_m08f_audio_probe.gd)'. The Object-derived class of argument 1 (AudioStreamPlaybackOggVorbis) is not a subclass of the expected argument class.
   at: _check (res://tests/astra_m08f_audio_probe.gd:14)
   GDScript backtrace (most recent call first):
       [0] _check (res://tests/astra_m08f_audio_probe.gd:14)
       [1] _ready (res://tests/orison_v2_m08f_runtime_test.gd:60)
SCRIPT ERROR: Invalid type in function '_watch' in base 'Node (astra_m08f_audio_probe.gd)'. The Object-derived class of argument 1 (AudioStreamPlaybackOggVorbis) is not a subclass of the expected argument class.
   at: _check (res://tests/astra_m08f_audio_probe.gd:14)
   GDScript backtrace (most recent call first):
       [0] _check (res://tests/astra_m08f_audio_probe.gd:14)
       [1] _ready (res://tests/orison_v2_m08f_runtime_test.gd:65)
SCRIPT ERROR: Invalid type in function '_watch' in base 'Node (astra_m08f_audio_probe.gd)'. The Object-derived class of argument 1 (AudioStreamPlaybackOggVorbis) is not a subclass of the expected argument class.
   at: _check (res://tests/astra_m08f_audio_probe.gd:14)
   GDScript backtrace (most recent call first):
       [0] _check (res://tests/astra_m08f_audio_probe.gd:14)
       [1] _ready (res://tests/orison_v2_m08f_runtime_test.gd:72)
SCRIPT ERROR: Invalid type in function '_watch' in base 'Node (astra_m08f_audio_probe.gd)'. The Object-derived class of argument 1 (AudioStreamPlaybackOggVorbis) is not a subclass of the expected argument class.
   at: _check (res://tests/astra_m08f_audio_probe.gd:14)
   GDScript backtrace (most recent call first):
       [0] _check (res://tests/astra_m08f_audio_probe.gd:14)
       [1] _ready (res://tests/orison_v2_m08f_runtime_test.gd:77)
SCRIPT ERROR: Invalid type in function '_watch' in base 'Node (astra_m08f_audio_probe.gd)'. The Object-derived class of argument 1 (AudioStreamPlaybackOggVorbis) is not a subclass of the expected argument class.
   at: _check (res://tests/astra_m08f_audio_probe.gd:14)
   GDScript backtrace (most recent call first):
       [0] _check (res://tests/astra_m08f_audio_probe.gd:14)
       [1] _ready (res://tests/orison_v2_m08f_runtime_test.gd:85)
SCRIPT ERROR: Invalid type in function '_watch' in base 'Node (astra_m08f_audio_probe.gd)'. The Object-derived class of argument 1 (AudioStreamPlaybackOggVorbis) is not a subclass of the expected argument class.
   at: _check (res://tests/astra_m08f_audio_probe.gd:14)
   GDScript backtrace (most recent call first):
       [0] _check (res://tests/astra_m08f_audio_probe.gd:14)
       [1] _ready (res://tests/orison_v2_m08f_runtime_test.gd:89)
SCRIPT ERROR: Invalid type in function '_watch' in base 'Node (astra_m08f_audio_probe.gd)'. The Object-derived class of argument 1 (AudioStreamPlaybackOggVorbis) is not a subclass of the expected argument class.
   at: _check (res://tests/astra_m08f_audio_probe.gd:14)
   GDScript backtrace (most recent call first):
       [0] _check (res://tests/astra_m08f_audio_probe.gd:14)
       [1] _ready (res://tests/orison_v2_m08f_runtime_test.gd:93)
SCRIPT ERROR: Invalid type in function '_watch' in base 'Node (astra_m08f_audio_probe.gd)'. The Object-derived class of argument 1 (AudioStreamPlaybackOggVorbis) is not a subclass of the expected argument class.
   at: _check (res://tests/astra_m08f_audio_probe.gd:14)
   GDScript backtrace (most recent call first):
       [0] _check (res://tests/astra_m08f_audio_probe.gd:14)
       [1] _ready (res://tests/orison_v2_m08f_runtime_test.gd:97)
SCRIPT ERROR: Invalid type in function '_watch' in base 'Node (astra_m08f_audio_probe.gd)'. The Object-derived class of argument 1 (AudioStreamPlaybackOggVorbis) is not a subclass of the expected argument class.
   at: _check (res://tests/astra_m08f_audio_probe.gd:14)
   GDScript backtrace (most recent call first):
       [0] _check (res://tests/astra_m08f_audio_probe.gd:14)
       [1] _ready (res://tests/orison_v2_m08f_runtime_test.gd:99)
SCRIPT ERROR: Invalid type in function '_watch' in base 'Node (astra_m08f_audio_probe.gd)'. The Object-derived class of argument 1 (AudioStreamPlaybackOggVorbis) is not a subclass of the expected argument class.
   at: _check (res://tests/astra_m08f_audio_probe.gd:14)
   GDScript backtrace (most recent call first):
       [0] _check (res://tests/astra_m08f_audio_probe.gd:14)
       [1] _ready (res://tests/orison_v2_m08f_runtime_test.gd:130)
SCRIPT ERROR: Invalid type in function '_watch' in base 'Node (astra_m08f_audio_probe.gd)'. The Object-derived class of argument 1 (AudioStreamPlaybackOggVorbis) is not a subclass of the expected argument class.
   at: _check (res://tests/astra_m08f_audio_probe.gd:14)
   GDScript backtrace (most recent call first):
       [0] _check (res://tests/astra_m08f_audio_probe.gd:14)
       [1] _ready (res://tests/orison_v2_m08f_runtime_test.gd:133)
SCRIPT ERROR: Invalid type in function '_watch' in base 'Node (astra_m08f_audio_probe.gd)'. The Object-derived class of argument 1 (AudioStreamPlaybackOggVorbis) is not a subclass of the expected argument class.
   at: _check (res://tests/astra_m08f_audio_probe.gd:14)
   GDScript backtrace (most recent call first):
       [0] _check (res://tests/astra_m08f_audio_probe.gd:14)
       [1] _ready (res://tests/orison_v2_m08f_runtime_test.gd:156)
SCRIPT ERROR: Invalid type in function '_watch' in base 'Node (astra_m08f_audio_probe.gd)'. The Object-derived class of argument 1 (AudioStreamPlaybackOggVorbis) is not a subclass of the expected argument class.
   at: _check (res://tests/astra_m08f_audio_probe.gd:14)
   GDScript backtrace (most recent call first):
       [0] _check (res://tests/astra_m08f_audio_probe.gd:14)
       [1] _ready (res://tests/orison_v2_m08f_runtime_test.gd:159)
WARNING: 4 ObjectDB instances were leaked at exit (run with `--verbose` for details).
   at: cleanup (core/object/object.cpp:2536)
ERROR: 2 resources still in use at exit.
   at: clear (core/io/resource.cpp:817)
