Godot Engine v4.7.1.stable.official.a13da4feb - https://godotengine.org
Vulkan 1.4.341 - Forward+ - Using Device #0: NVIDIA - NVIDIA GeForce RTX 4080

[ACOUSTIC] 550 nodes loaded
[IRRADIANCE] START
  [irradiance ok] gutter begins inside the unchanged ON state
  [irradiance ok] gutter never counterfeits darkness
  [irradiance ok] gutter spans the ruled painterly range
  [irradiance ok] 180-second mean keeps dwell tuning honest
  [irradiance ok] sampled waveform stays under the 0.30/s photosensitivity ceiling
  [irradiance ok] same campaign seed and run clock reproduce the same gutter
  [irradiance ok] a complete gutter trace creates zero lamp boolean edges
  [irradiance ok] diagnostic pin freezes one proof phase
  [irradiance ok] proof pin survives elapsed time without becoming configuration
  [irradiance ok] the one real open edge still schedules Juno's partition
  [irradiance ok] mean-energy sustain preserves Juno's ruled elapsed release
  [irradiance ok] guttering an open channel creates no phantom Juno edge
  [irradiance ok] delivered energy cannot change boolean pursuit acquisition
  [irradiance ok] one gutter cycle family changes zero hazard conditions
  [irradiance ok] same gutter trace accrues identical exposure and irradiance
  [irradiance ok] delivered average energy reaches both existing field meanings
DREAM IRRADIANCE TEST: PASS (16/16)
