Godot Engine v4.7.1.stable.official.a13da4feb - https://godotengine.org
Vulkan 1.4.341 - Forward+ - Using Device #0: NVIDIA - NVIDIA GeForce RTX 4080

[ACOUSTIC] 550 nodes loaded
[ORISON-RR-F01-SERVICE TIMING] stage=setup elapsed=0.001 remaining=53.999
[ORISON-RR-F01-SERVICE BUDGET] stage=setup outstanding=7 reserve=4.450 slack=49.546
[RENDER] forward_plus
[PASSAGE] 304 interior, 20 shell and 186 foreign F01 draws indexed
[VANTRY] 119 points, 7 floor batches, 3 static draws/floor
[HEIGHTMAP] 39 materials given parallax, 528 left flat
[SURFACE] 1003 surfaces layered (677 materials)
[BUILDING] 7 resident stories rehung off a bathroom wall
[DOMESTIC RADIO] 18 receivers across 18 occupied units; 0 unresolved
[DOOR GLOW] 107 closed doors, 9 leaking light (skipped: { "no_circulation": 86, "asleep": 12 })
[STATION] 37 clips, 6 machines (5 projectors, 1 sets), all dark
[ARCADE] 10 cabinet(s) from a catalog of 12: SOMETHING IN THE HALL (mystery_serial), OPERATIONS (farm_and_market), STEP SEQUENCE (variety_hour), NIGHT MAIL (aviation_hour), COUNTY LEAGUE (sporting_wire), THE THOUSAND (motor_racing), TOWER OF ASH (adventure_serial), OUTER RIM (night_sky), DO NOT ANSWER (mystery_serial), OVERTIME (sporting_wire)
[ARCADE] all of them are running arcade_pit
[BUILDING] 488 functional props spawned
[FURNITURE INTERACTION] 73 baked mechanisms restored
[BUILDING] exterior finish: 381 batched details, 11 decals, 8 puddles
[PASSAGE HOURS] AFTER_HOURS; 10 grilles drawn
[PASSAGE HOURS] 11 shopfronts, 10 close after 02:00, HARDWARE PAINT keeps night service
[PASSAGE FINISH] 6 gated draws, 3 handcarts, hours active
[MOVES] personal library: res://assets/characters/teresa_vale/teresa_vale_moves.glb
[MOVES] personal library: res://assets/characters/mina_vale/mina_vale_moves.glb
[MOVES] personal library: res://assets/characters/lena_ortiz/lena_ortiz_moves.glb
[MOVES] personal library: res://assets/characters/juno_kells/juno_kells_moves.glb
[MOVES] personal library: res://assets/characters/malcolm_reed/malcolm_reed_moves.glb
[MOVES] personal library: res://assets/characters/omar_bell/omar_bell_moves.glb
[MOVES] personal library: res://assets/characters/rhea_sato/rhea_sato_moves.glb
[MOVES] personal library: res://assets/characters/peter_wren/peter_wren_moves.glb
[MOVES] personal library: res://assets/characters/cam_ortiz/cam_ortiz_moves.glb
[MOVES] personal library: res://assets/characters/noel_price/noel_price_moves.glb
[MOVES] personal library: res://assets/characters/transient_guests/transient_guests_moves.glb
[MOVES] personal library: res://assets/characters/nadia_quell/nadia_quell_moves.glb
[MOVES] personal library: res://assets/characters/cal_dwyer/cal_dwyer_moves.glb
[MOVES] personal library: res://assets/characters/iris_bell/iris_bell_moves.glb
[MOVES] personal library: res://assets/characters/sacha_reed/sacha_reed_moves.glb
[MOVES] personal library: res://assets/characters/jonah_price/jonah_price_moves.glb
[MOVES] personal library: res://assets/characters/mae_kessler/mae_kessler_moves.glb
[BUILDING] 18 residents spawned (18 rigged, 0 sprite fallbacks)
[NAV] 4 schedule anchors installed in PASSAGE
[NAV] 336 nodes across 8 floors; 7 stair links; elevator linked; 57 wall-crossing edges rejected; 323 safe links restored
[ROUTINES] evelyn_marsh: 48 clips
[ROUTINES] evelyn_marsh upgraded to a mesh
[MOVES] personal library: res://assets/characters/teresa_vale/teresa_vale_moves.glb
[ROUTINES] teresa_vale: 49 clips
[ROUTINES] teresa_vale upgraded to a mesh
[MOVES] personal library: res://assets/characters/mina_vale/mina_vale_moves.glb
[ROUTINES] mina_vale: 49 clips
[ROUTINES] mina_vale upgraded to a mesh
[MOVES] personal library: res://assets/characters/lena_ortiz/lena_ortiz_moves.glb
[ROUTINES] lena_ortiz: 49 clips
[ROUTINES] lena_ortiz upgraded to a mesh
[MOVES] personal library: res://assets/characters/juno_kells/juno_kells_moves.glb
[ROUTINES] juno_kells: 49 clips
[ROUTINES] juno_kells upgraded to a mesh
[MOVES] personal library: res://assets/characters/malcolm_reed/malcolm_reed_moves.glb
[ROUTINES] malcolm_reed: 49 clips
[ROUTINES] malcolm_reed upgraded to a mesh
[MOVES] personal library: res://assets/characters/omar_bell/omar_bell_moves.glb
[ROUTINES] omar_bell: 49 clips
[ROUTINES] omar_bell upgraded to a mesh
[MOVES] personal library: res://assets/characters/rhea_sato/rhea_sato_moves.glb
[ROUTINES] rhea_sato: 49 clips
[ROUTINES] rhea_sato upgraded to a mesh
[MOVES] personal library: res://assets/characters/peter_wren/peter_wren_moves.glb
[ROUTINES] peter_wren: 49 clips
[ROUTINES] peter_wren upgraded to a mesh
[MOVES] personal library: res://assets/characters/cam_ortiz/cam_ortiz_moves.glb
[ROUTINES] cam_ortiz: 49 clips
[ROUTINES] cam_ortiz upgraded to a mesh
[MOVES] personal library: res://assets/characters/noel_price/noel_price_moves.glb
[ROUTINES] noel_price: 49 clips
[ROUTINES] noel_price upgraded to a mesh
[MOVES] personal library: res://assets/characters/transient_guests/transient_guests_moves.glb
[ROUTINES] transient_guests: 49 clips
[ROUTINES] transient_guests upgraded to a mesh
[MOVES] personal library: res://assets/characters/nadia_quell/nadia_quell_moves.glb
[ROUTINES] nadia_quell: 49 clips
[ROUTINES] nadia_quell upgraded to a mesh
[MOVES] personal library: res://assets/characters/cal_dwyer/cal_dwyer_moves.glb
[ROUTINES] cal_dwyer: 49 clips
[ROUTINES] cal_dwyer upgraded to a mesh
[MOVES] personal library: res://assets/characters/iris_bell/iris_bell_moves.glb
[ROUTINES] iris_bell: 49 clips
[ROUTINES] iris_bell upgraded to a mesh
[MOVES] personal library: res://assets/characters/sacha_reed/sacha_reed_moves.glb
[ROUTINES] sacha_reed: 49 clips
[ROUTINES] sacha_reed upgraded to a mesh
[MOVES] personal library: res://assets/characters/jonah_price/jonah_price_moves.glb
[ROUTINES] jonah_price: 49 clips
[ROUTINES] jonah_price upgraded to a mesh
[MOVES] personal library: res://assets/characters/mae_kessler/mae_kessler_moves.glb
[ROUTINES] mae_kessler: 49 clips
[ROUTINES] mae_kessler upgraded to a mesh
[ROUTINES] 18 residents with somewhere to be
[SWITCHES] 157 fixtures wired across 119 rooms, 87 exterior
[SWITCHES] 215 live plates
[MOON] 70 windowed rooms
[BUILDING] 18 apartment reality controllers ready
[WAYFINDING] 17 brass unit numbers, 7 directories, 8 fire signs, 1 spine plates, 6 stair pairs, 6 landing plates
[BUILDING] 62 reality-affected props placed
[WITNESS] 18 clocks and 20 other domestic anomalies placed and rigged
[ENCROACH] living field on F02 binds 77 materials
[ENCROACH] living field on F04 binds 84 materials
[ENCROACH] living field on F06 binds 81 materials
[ENCROACH] living field on F05 binds 86 materials
[ENCROACH] living field on F03 binds 89 materials
[ENCROACH] 22 finish surfaces across 6 case flats, 6 beachheads
[INCIDENTS] 15 flats on 5 living storeys can report
[BUILDING] 20 character memory artworks placed
[BUILDING] 20 character-specific wall artworks placed
[BUILDING] 8 hallway artworks placed
[BUILDING] 7 stair-landing pieces hung
[BUILDING] found art: 17 walls, 7 print props, 1 billboards
[BUILDING] front-door exterior light and signage placed
[BUILDING] maintenance headquarters ready: 18 trophy slots, 6 gear tiers
[LIGHT RIG] budgets resolved: 64 active / 5 shadow
[SCHEDULE] director inert: 18 residents on the clock
[HARUKIYA] 9 interactables placed
[BUILDING] Orison assembled: 8 floors, 565 windows lit, 292 railing details, player in lobby
[BUILDING] 197 low-overhead environment details and 26 story decals
[BUILDING] 64 atmospheric evidence decals
[PASSAGE] late sweep: 117 interior, 756 foreign, 4 shared late-built F01 draws registered
[PASSAGE] root sweep: 17 interior, 941 foreign draws, 37 foreign lights registered
[STREET] 1631 enclosed F01 draws indexed
[SURFACE] 3906 prop draws layered in triplanar mode (939 materials)
[ENCROACH] 932 prop draws reached across 6 case flats
[ENCROACH] living field on F02 binds 580 materials
[ENCROACH] living field on F04 binds 413 materials
[ENCROACH] living field on F06 binds 376 materials
[ENCROACH] living field on F05 binds 389 materials
[ENCROACH] living field on F03 binds 405 materials
[LIGHTING] 254 sources active in system; 254 full personalities; profiles steady/breathe/mains/beat/dropout=[55, 54, 49, 45, 51]
[NAV] collision audit: 369 edges cut by real geometry, 71 island nodes relinked, 0 stair legs obstructed
[ORISON-RR-F01-SERVICE TIMING] stage=production_ready elapsed=28.057 remaining=25.943
[ORISON-RR-F01-SERVICE BUDGET] stage=production_ready outstanding=7 reserve=4.450 slack=21.477
[SWITCHES] F01_STORAGE_C -> off (1 fixtures)
[SWITCHES] F01_STORAGE_C -> on (1 fixtures)
[SWITCHES] F01_UTILITY -> off (1 fixtures)
[SWITCHES] F01_UTILITY -> on (1 fixtures)
[SWITCHES] F01_HALL -> off (1 fixtures)
[SWITCHES] F01_HALL -> on (1 fixtures)
[SWITCHES] F01_ATRIUM -> off (1 fixtures)
[SWITCHES] F01_ATRIUM -> on (1 fixtures)
[ORISON-RR-F01-SERVICE TIMING] stage=service_rooms_lit elapsed=32.458 remaining=21.542
[ORISON-RR-F01-SERVICE BUDGET] stage=service_rooms_lit outstanding=7 reserve=4.450 slack=17.088
[ORISON-RR-F01-SERVICE CAPTURE] 1/7 label=00_storage_south elapsed=32.788 path=C:\PleaseRemainOnTheLine\art\renders\orison_room_reconstruction\f01_service_circulation_checkpoint_03/00_storage_south.png
[ORISON-RR-F01-SERVICE CAPTURE] 2/7 label=01_storage_north elapsed=33.129 path=C:\PleaseRemainOnTheLine\art\renders\orison_room_reconstruction\f01_service_circulation_checkpoint_03/01_storage_north.png
[ORISON-RR-F01-SERVICE CAPTURE] 3/7 label=02_utility_from_door elapsed=33.610 path=C:\PleaseRemainOnTheLine\art\renders\orison_room_reconstruction\f01_service_circulation_checkpoint_03/02_utility_from_door.png
[ORISON-RR-F01-SERVICE CAPTURE] 4/7 label=03_utility_reverse elapsed=33.949 path=C:\PleaseRemainOnTheLine\art\renders\orison_room_reconstruction\f01_service_circulation_checkpoint_03/03_utility_reverse.png
[ORISON-RR-F01-SERVICE CAPTURE] 5/7 label=04_hall_lift_approach elapsed=34.306 path=C:\PleaseRemainOnTheLine\art\renders\orison_room_reconstruction\f01_service_circulation_checkpoint_03/04_hall_lift_approach.png
[ORISON-RR-F01-SERVICE CAPTURE] 6/7 label=05_hall_art_wall elapsed=34.548 path=C:\PleaseRemainOnTheLine\art\renders\orison_room_reconstruction\f01_service_circulation_checkpoint_03/05_hall_art_wall.png
[SURFACE] 3906 prop draws layered in triplanar mode (939 materials)
[ENCROACH] 932 prop draws reached across 6 case flats
[ENCROACH] living field on F02 binds 703 materials
[ENCROACH] living field on F04 binds 540 materials
[ENCROACH] living field on F06 binds 491 materials
[ENCROACH] living field on F05 binds 516 materials
[ENCROACH] living field on F03 binds 526 materials
[ORISON-RR-F01-SERVICE CAPTURE] 7/7 label=06_atrium_from_southwest elapsed=35.458 path=C:\PleaseRemainOnTheLine\art\renders\orison_room_reconstruction\f01_service_circulation_checkpoint_03/06_atrium_from_southwest.png
[ORISON-RR-F01-SERVICE TIMING] stage=finish elapsed=35.459 remaining=18.541
[ORISON-RR-F01-SERVICE BUDGET] stage=finish outstanding=0 reserve=2.000 slack=16.540
[ORISON-RR-F01-SERVICE] RESULT: PASS captures=7 expected=7 elapsed=35.461
