Godot Engine v4.7.1.stable.official.a13da4feb - https://godotengine.org
OpenGL API 3.3.0 NVIDIA 560.94 - Compatibility - Using Device: NVIDIA - NVIDIA GeForce RTX 4080

[ACOUSTIC] 550 nodes loaded
[FLOOR COVERAGE] 26 of 26 floor surfaces re-covered (26 materials)
[PASSAGE] 304 interior, 20 shell and 187 foreign F01 draws indexed
[VANTRY] 119 points, 7 floor batches, 3 static draws/floor
[HEIGHTMAP] 31 materials given parallax, 536 left flat
[BUILDING] 7 resident stories rehung off a bathroom wall
[DOOR GLOW] 107 closed doors, 9 leaking light (skipped: { "no_circulation": 86, "asleep": 12 })
[STATION] 37 clips, 6 machines (5 projectors, 1 sets), all dark
[ARCADE] 12 cabinet(s) from a catalog of 12: SOMETHING IN THE HALL (mystery_serial), OPERATIONS (farm_and_market), STEP SEQUENCE (variety_hour), NIGHT MAIL (aviation_hour), COUNTY LEAGUE (sporting_wire), THE THOUSAND (motor_racing), TOWER OF ASH (adventure_serial), OUTER RIM (night_sky), DO NOT ANSWER (mystery_serial), OVERTIME (sporting_wire), THE LONG TALLY (farm_and_market), THE MIDNIGHT CORRESPONDENT (mystery_serial)
[ARCADE] all of them are running arcade_pit
[BUILDING] 488 functional props spawned
[FURNITURE INTERACTION] 73 baked mechanisms restored
[BUILDING] exterior finish: 194 batched details, 11 decals, 8 puddles
[PASSAGE HOURS] AFTER_HOURS; 10 grilles drawn
[PASSAGE HOURS] 11 shopfronts, 10 close after 02:00, HARDWARE PAINT keeps night service
[PASSAGE FINISH] 6 gated draws, 3 handcarts, hours active
[MOVES] personal library: res://assets/characters/teresa_vale/teresa_vale_moves.glb
[MOVES] personal library: res://assets/characters/mina_vale/mina_vale_moves.glb
[MOVES] personal library: res://assets/characters/lena_ortiz/lena_ortiz_moves.glb
[MOVES] personal library: res://assets/characters/juno_kells/juno_kells_moves.glb
[MOVES] personal library: res://assets/characters/malcolm_reed/malcolm_reed_moves.glb
[MOVES] personal library: res://assets/characters/omar_bell/omar_bell_moves.glb
[MOVES] personal library: res://assets/characters/rhea_sato/rhea_sato_moves.glb
[MOVES] personal library: res://assets/characters/peter_wren/peter_wren_moves.glb
[MOVES] personal library: res://assets/characters/cam_ortiz/cam_ortiz_moves.glb
[MOVES] personal library: res://assets/characters/noel_price/noel_price_moves.glb
[MOVES] personal library: res://assets/characters/transient_guests/transient_guests_moves.glb
[MOVES] personal library: res://assets/characters/nadia_quell/nadia_quell_moves.glb
[MOVES] personal library: res://assets/characters/cal_dwyer/cal_dwyer_moves.glb
[MOVES] personal library: res://assets/characters/iris_bell/iris_bell_moves.glb
[MOVES] personal library: res://assets/characters/sacha_reed/sacha_reed_moves.glb
[MOVES] personal library: res://assets/characters/jonah_price/jonah_price_moves.glb
[MOVES] personal library: res://assets/characters/mae_kessler/mae_kessler_moves.glb
[BUILDING] 18 residents spawned (18 rigged, 0 sprite fallbacks)
[NAV] 4 schedule anchors installed in PASSAGE
[NAV] 336 nodes across 8 floors; 7 stair links; elevator linked; 57 wall-crossing edges rejected; 323 safe links restored
[ROUTINES] evelyn_marsh: 48 clips
[ROUTINES] evelyn_marsh upgraded to a mesh
[MOVES] personal library: res://assets/characters/teresa_vale/teresa_vale_moves.glb
[ROUTINES] teresa_vale: 49 clips
[ROUTINES] teresa_vale upgraded to a mesh
[MOVES] personal library: res://assets/characters/mina_vale/mina_vale_moves.glb
[ROUTINES] mina_vale: 49 clips
[ROUTINES] mina_vale upgraded to a mesh
[MOVES] personal library: res://assets/characters/lena_ortiz/lena_ortiz_moves.glb
[ROUTINES] lena_ortiz: 49 clips
[ROUTINES] lena_ortiz upgraded to a mesh
[MOVES] personal library: res://assets/characters/juno_kells/juno_kells_moves.glb
[ROUTINES] juno_kells: 49 clips
[ROUTINES] juno_kells upgraded to a mesh
[MOVES] personal library: res://assets/characters/malcolm_reed/malcolm_reed_moves.glb
[ROUTINES] malcolm_reed: 49 clips
[ROUTINES] malcolm_reed upgraded to a mesh
[MOVES] personal library: res://assets/characters/omar_bell/omar_bell_moves.glb
[ROUTINES] omar_bell: 49 clips
[ROUTINES] omar_bell upgraded to a mesh
[MOVES] personal library: res://assets/characters/rhea_sato/rhea_sato_moves.glb
[ROUTINES] rhea_sato: 49 clips
[ROUTINES] rhea_sato upgraded to a mesh
[MOVES] personal library: res://assets/characters/peter_wren/peter_wren_moves.glb
[ROUTINES] peter_wren: 49 clips
[ROUTINES] peter_wren upgraded to a mesh
[MOVES] personal library: res://assets/characters/cam_ortiz/cam_ortiz_moves.glb
[ROUTINES] cam_ortiz: 49 clips
[ROUTINES] cam_ortiz upgraded to a mesh
[MOVES] personal library: res://assets/characters/noel_price/noel_price_moves.glb
[ROUTINES] noel_price: 49 clips
[ROUTINES] noel_price upgraded to a mesh
[MOVES] personal library: res://assets/characters/transient_guests/transient_guests_moves.glb
[ROUTINES] transient_guests: 49 clips
[ROUTINES] transient_guests upgraded to a mesh
[MOVES] personal library: res://assets/characters/nadia_quell/nadia_quell_moves.glb
[ROUTINES] nadia_quell: 49 clips
[ROUTINES] nadia_quell upgraded to a mesh
[MOVES] personal library: res://assets/characters/cal_dwyer/cal_dwyer_moves.glb
[ROUTINES] cal_dwyer: 49 clips
[ROUTINES] cal_dwyer upgraded to a mesh
[MOVES] personal library: res://assets/characters/iris_bell/iris_bell_moves.glb
[ROUTINES] iris_bell: 49 clips
[ROUTINES] iris_bell upgraded to a mesh
[MOVES] personal library: res://assets/characters/sacha_reed/sacha_reed_moves.glb
[ROUTINES] sacha_reed: 49 clips
[ROUTINES] sacha_reed upgraded to a mesh
[MOVES] personal library: res://assets/characters/jonah_price/jonah_price_moves.glb
[ROUTINES] jonah_price: 49 clips
[ROUTINES] jonah_price upgraded to a mesh
[MOVES] personal library: res://assets/characters/mae_kessler/mae_kessler_moves.glb
[ROUTINES] mae_kessler: 49 clips
[ROUTINES] mae_kessler upgraded to a mesh
[ROUTINES] 18 residents with somewhere to be
[SWITCHES] 157 fixtures wired across 119 rooms, 87 exterior
[SWITCHES] 215 live plates
[MOON] 70 windowed rooms
[BUILDING] 18 apartment reality controllers ready
[WAYFINDING] 17 brass unit numbers, 7 directories, 8 fire signs
[BUILDING] 62 reality-affected props placed
[WITNESS] 18 clocks and 20 other domestic anomalies placed and rigged
[BUILDING] 20 character memory artworks placed
[BUILDING] 20 character-specific wall artworks placed
[BUILDING] 8 hallway artworks placed
[BUILDING] 7 stair-landing pieces hung
WARNING: no legal wall for found piece cam_noel_witches
   at: push_warning (core/variant/variant_utility.cpp:1033)
   GDScript backtrace (most recent call first):
       [0] _place_wall_piece (res://scripts/building/found_art_pass.gd:54)
       [1] build (res://scripts/building/found_art_pass.gd:21)
       [2] _ready (res://scripts/building/building_root.gd:474)
       [3] _ready (res://tests/perf_probe.gd:160)
[BUILDING] found art: 17 walls, 7 print props, 1 billboards
[BUILDING] front-door exterior light and signage placed
[BUILDING] maintenance headquarters ready: 18 trophy slots, 6 gear tiers
[LIGHT RIG] budgets resolved: 64 active / 16 shadow
[SCHEDULE] director inert: 18 residents on the clock
[HARUKIYA] 9 interactables placed
[BUILDING] Orison assembled: 8 floors, 565 windows lit, 292 railing details, player in lobby
[BUILDING] 134 low-overhead environment details and 26 story decals
[BUILDING] 64 atmospheric evidence decals
[PASSAGE] late sweep: 114 interior, 430 foreign, 6 shared late-built F01 draws registered
[PASSAGE] root sweep: 17 interior, 871 foreign draws, 40 foreign lights registered
[STREET] 1331 enclosed F01 draws indexed
[LIGHT RIG] budgets resolved: 64 active / 16 shadow
[LIGHTING] 254 sources active in system; 254 full personalities; profiles steady/breathe/mains/beat/dropout=[55, 54, 49, 45, 51]
[NAV] collision audit: 368 edges cut by real geometry, 71 island nodes relinked, 0 stair legs obstructed
PERF: viewport (2560.0, 1421.0); resolved light/shadow budget 64/16
[SANITY] evelyn_paper_jam rung 2 (pressure 0.31, 3 acts)
ERROR: No wall-safe resident route on F03: (9.7428, 6.43, 3.205) -> (1.9, 6.43, 5.6)
   at: push_error (core/variant/variant_utility.cpp:1023)
   GDScript backtrace (most recent call first):
       [0] route (res://scripts/characters/resident_nav.gd:381)
       [1] _set_route (res://scripts/characters/resident_routines.gd:1019)
       [2] _begin_trip (res://scripts/characters/resident_routines.gd:957)
       [3] _step (res://scripts/characters/resident_routines.gd:717)
       [4] _process (res://scripts/characters/resident_routines.gd:645)
[ELEVATOR] F01 -> F03 (5.3s)
[STREET] 114 enclosed F01 draws indexed
[PASSAGE] late sweep: 0 interior, 1017 foreign, 0 shared late-built F01 draws registered
[PASSAGE] root sweep: 0 interior, 3 foreign draws, 0 foreign lights registered
ERROR: No wall-safe resident route on F01: (9.7428, 0.03, 3.205) -> (-2.45, 0.03, 9.22)
   at: push_error (core/variant/variant_utility.cpp:1023)
   GDScript backtrace (most recent call first):
       [0] route (res://scripts/characters/resident_nav.gd:381)
       [1] _set_route (res://scripts/characters/resident_routines.gd:1019)
       [2] _begin_trip (res://scripts/characters/resident_routines.gd:936)
       [3] _step (res://scripts/characters/resident_routines.gd:717)
       [4] _process (res://scripts/characters/resident_routines.gd:645)
PERF census: 4475 floor meshes, 5230 prop meshes across 608 props (8.6 each), 9705 total
   stove                18 props    846 meshes (47.0 each)
   cage_bulb            77 props    616 meshes (8.0 each)
   door                120 props    575 meshes (4.8 each)
   flush_dome           90 props    540 meshes (6.0 each)
   sink                 43 props    492 meshes (11.4 each)
   shower               23 props    368 meshes (16.0 each)
   fridge               18 props    236 meshes (13.1 each)
   toaster              14 props    182 meshes (13.0 each)
   pendant_shade        29 props    174 meshes (6.0 each)
   radiator             23 props    161 meshes (7.0 each)
   mirror               23 props    150 meshes (6.5 each)
   sconce_globe         28 props    140 meshes (5.0 each)
   neon_sign             3 props     95 meshes (31.7 each)
   chandelier            1 props     69 meshes (69.0 each)
   speaker               7 props     63 meshes (9.0 each)
   lamp                  5 props     50 meshes (10.0 each)
   kettle                6 props     48 meshes (8.0 each)
   bar_signage           1 props     45 meshes (45.0 each)
   bookshelf             8 props     41 meshes (5.1 each)
   eye_pendant           8 props     40 meshes (5.0 each)
   kitchen_linear       10 props     40 meshes (4.0 each)
station                     objs   calls     prims       ms     fps
[PASSAGE] late sweep: 0 interior, 420 foreign, 0 shared late-built F01 draws registered
ERROR: No wall-safe resident route on F04: (9.7428, 9.63, 3.205) -> (1.9, 9.63, 5.6)
   at: push_error (core/variant/variant_utility.cpp:1023)
   GDScript backtrace (most recent call first):
       [0] route (res://scripts/characters/resident_nav.gd:381)
       [1] _set_route (res://scripts/characters/resident_routines.gd:1019)
       [2] _begin_trip (res://scripts/characters/resident_routines.gd:957)
       [3] _step (res://scripts/characters/resident_routines.gd:717)
       [4] _process (res://scripts/characters/resident_routines.gd:645)
lobby                      17352   20934  20423937    29.57    33.8  OVER
[ELEVATOR] F03 -> F05 (5.3s)
atrium eye (7 storeys)     26259   27803  36996523    41.02    24.4  OVER
[SANITY] unwitnessed (1 in a row)
[ELEVATOR] F05 -> F04 (2.7s)
corridor F04               16370   18399  19463377    27.98    35.7  OVER
apartment 4B                3974    5102   5632632    16.97    58.9  OVER
[ELEVATOR] F04 -> F01 (8.0s)
street elevation           16634   19989  12804438    39.98    25.0  OVER
roof                        2331    2750    608356    20.63    48.5  OVER
harukiya (16 fixtures)      4050    5336   3876594    10.75    93.0
arcade cluster (5 live)     3024    3499   3285698    12.30    81.3
[PASSAGE] late sweep: 0 interior, 816 foreign, 0 shared late-built F01 draws registered
passage throat reveal       2207    2665    729842    12.00    83.3
passage hall southbound     2580    3201    654336    10.58    94.5
[ELEVATOR] F01 -> F04 (8.0s)
passage hall northbound     3789    5655   1410889    13.66    73.2
PERF RESULT: FAIL (6/11 stations over 16.6 ms)
