Godot Engine v4.7.1.stable.official.a13da4feb - https://godotengine.org
Vulkan 1.4.341 - Forward+ - Using Device #0: NVIDIA - NVIDIA GeForce RTX 4080

[ACOUSTIC] 550 nodes loaded
ORISON V2 BLOCKOUT: 62 spaces / 27 doors / 101 anchors
[SURFACE] 320 surfaces layered (293 materials)
[PASSAGE HOURS] OPEN; 10 grilles folded
[PASSAGE HOURS] 11 shopfronts, 10 close after 02:00, HARDWARE PAINT keeps night service
[PASSAGE FINISH] 6 gated draws, 3 handcarts, hours active
[V2 PASSAGE] 13 resident cells; 11 doors; 1 shared-service counters
[SCHEDULE] director live: 18 residents on the clock
[MOVES] personal library: res://assets/characters/mina_vale/mina_vale_moves.glb
[ORISON V2 RUNTIME] ready startup_ms=4405.053
[LIGHTING] 59 sources active in system; 59 full personalities; profiles steady/breathe/mains/beat/dropout=[12, 10, 12, 17, 8]
CONNECTED EXTERIOR CHECK: actual 2A refrigerator is mounted = true
CONNECTED EXTERIOR CHECK: unearned residue stays hidden = true
CONNECTED EXTERIOR CHECK: earned wake input exists = true
CONNECTED EXTERIOR CHECK: real loaded wake reveals the physical caption = true
CONNECTED EXTERIOR CHECK: caption belongs to the moving food door = true
CONNECTED EXTERIOR CHECK: actual player ray/prompt reaches refrigerator_closed = true
CONNECTED EXTERIOR CHECK: physical opening carries the caption with the door = true
CONNECTED EXTERIOR CHECK: actual player ray/prompt reaches refrigerator_close = true
CONNECTED EXTERIOR CHECK: door closure restores the caption transform = true
CONNECTED EXTERIOR CHECK: door interaction leaves the factual record unchanged = true
CONNECTED EXTERIOR CHECK: remote display rejects absent and semantic-only subjects: active = true
CONNECTED EXTERIOR CHECK: remote display ignores other cases and weak arrivals: active = true
CONNECTED EXTERIOR CHECK: remote arrival follows case visibility: active = true
CONNECTED EXTERIOR CHECK: remote caption follows actual V2 subject: active = true
CONNECTED EXTERIOR CHECK: remote recurrence replaces factual noun: active = true
CONNECTED EXTERIOR CHECK: repeated arrival reuses one caption: active = true
CONNECTED EXTERIOR CHECK: remote display leaves case facts unchanged: active = true
CONNECTED EXTERIOR CHECK: caption visibility active/0 = true
CONNECTED EXTERIOR CHECK: authored caption text active/0 = true
CONNECTED EXTERIOR CHECK: caption visibility active/1 = true
CONNECTED EXTERIOR CHECK: authored caption text active/1 = true
CONNECTED EXTERIOR CHECK: caption visibility active/2 = true
CONNECTED EXTERIOR CHECK: authored caption text active/2 = true
CONNECTED EXTERIOR CHECK: caption visibility active/3 = true
CONNECTED EXTERIOR CHECK: authored caption text active/3 = true
CONNECTED EXTERIOR CHECK: remote display rejects absent and semantic-only subjects: reopened = true
CONNECTED EXTERIOR CHECK: remote display ignores other cases and weak arrivals: reopened = true
CONNECTED EXTERIOR CHECK: remote arrival follows case visibility: reopened = true
CONNECTED EXTERIOR CHECK: remote caption follows actual V2 subject: reopened = true
CONNECTED EXTERIOR CHECK: remote recurrence replaces factual noun: reopened = true
CONNECTED EXTERIOR CHECK: repeated arrival reuses one caption: reopened = true
CONNECTED EXTERIOR CHECK: remote display leaves case facts unchanged: reopened = true
CONNECTED EXTERIOR CHECK: caption visibility reopened/0 = true
CONNECTED EXTERIOR CHECK: authored caption text reopened/0 = true
CONNECTED EXTERIOR CHECK: caption visibility reopened/1 = true
CONNECTED EXTERIOR CHECK: authored caption text reopened/1 = true
CONNECTED EXTERIOR CHECK: caption visibility reopened/2 = true
CONNECTED EXTERIOR CHECK: authored caption text reopened/2 = true
CONNECTED EXTERIOR CHECK: caption visibility reopened/3 = true
CONNECTED EXTERIOR CHECK: authored caption text reopened/3 = true
CONNECTED EXTERIOR CHECK: remote display rejects absent and semantic-only subjects: stabilized = true
CONNECTED EXTERIOR CHECK: remote display ignores other cases and weak arrivals: stabilized = true
CONNECTED EXTERIOR CHECK: remote arrival follows case visibility: stabilized = true
CONNECTED EXTERIOR CHECK: remote display leaves case facts unchanged: stabilized = true
CONNECTED EXTERIOR CHECK: caption visibility stabilized/0 = true
CONNECTED EXTERIOR CHECK: authored caption text stabilized/0 = true
CONNECTED EXTERIOR CHECK: caption visibility stabilized/1 = true
CONNECTED EXTERIOR CHECK: authored caption text stabilized/1 = true
CONNECTED EXTERIOR CHECK: caption visibility stabilized/2 = true
CONNECTED EXTERIOR CHECK: authored caption text stabilized/2 = true
CONNECTED EXTERIOR CHECK: caption visibility stabilized/3 = true
CONNECTED EXTERIOR CHECK: authored caption text stabilized/3 = true
CONNECTED EXTERIOR CHECK: remote display rejects absent and semantic-only subjects: resolved = true
CONNECTED EXTERIOR CHECK: remote display ignores other cases and weak arrivals: resolved = true
CONNECTED EXTERIOR CHECK: remote arrival follows case visibility: resolved = true
CONNECTED EXTERIOR CHECK: remote display leaves case facts unchanged: resolved = true
CONNECTED EXTERIOR CHECK: caption visibility resolved/0 = true
CONNECTED EXTERIOR CHECK: authored caption text resolved/0 = true
CONNECTED EXTERIOR CHECK: caption visibility resolved/1 = true
CONNECTED EXTERIOR CHECK: authored caption text resolved/1 = true
CONNECTED EXTERIOR CHECK: caption visibility resolved/2 = true
CONNECTED EXTERIOR CHECK: authored caption text resolved/2 = true
CONNECTED EXTERIOR CHECK: caption visibility resolved/3 = true
CONNECTED EXTERIOR CHECK: authored caption text resolved/3 = true
CONNECTED EXTERIOR CHECK: resolution restores the already-earned refrigerator residue = true
V2 MINA PHYSICAL RESIDUE: 20 waypoints; 0 failures
