Godot Engine v4.7.1.stable.official.a13da4feb - https://godotengine.org
Vulkan 1.4.341 - Forward+ - Using Device #0: NVIDIA - NVIDIA GeForce RTX 4080

[ACOUSTIC] 550 nodes loaded
ORISON V2 BLOCKOUT: 200 spaces / 111 doors / 1104 anchors
[V2 FRONT COURT ROOF] three seated girders; retained roof slabs; mapped exterior concrete
[V2 BODEGA POWER] independent inlet; four existing fittings; 20 bearings
[SURFACE] 1263 surfaces layered (437 materials)
[PASSAGE HOURS] OPEN; 10 grilles folded
[PASSAGE HOURS] 11 shopfronts, 10 close after 02:00, HARDWARE PAINT keeps night service
[PASSAGE FINISH] 6 gated draws, 3 handcarts, hours active
[V2 PASSAGE] 13 resident cells; 11 doors; 1 shared-service counters
[SURFACE] 170 surfaces layered (81 materials)
[HARUKIYA] 9 interactables placed
[ARCADE] 2 cabinet(s) from a catalog of 12: SOMETHING IN THE HALL (mystery_serial), OPERATIONS (farm_and_market)
[ARCADE] all of them are running arcade_pit
[V2 BAR] retained cell; 29 registered markers; 3 doors
[V2 FRONT FACADE] native entrance, original landmark hardware, glazed marquee and fitted blade
[SCHEDULE] director live: 18 residents on the clock
[MOVES] personal library: res://assets/characters/mina_vale/mina_vale_moves.glb
SOURCE PARAPET MATERIAL ROOF_PARAPET_EAST brick 
SOURCE PARAPET MATERIAL ROOF_PARAPET_NORTH brick 
SOURCE PARAPET MATERIAL ROOF_PARAPET_SOUTH brick 
SOURCE PARAPET MATERIAL ROOF_PARAPET_WEST brick 
[ORISON V2 RUNTIME] ready startup_ms=29010.190
[LIGHTING] 207 sources active in system; 207 full personalities; profiles steady/breathe/mains/beat/dropout=[50, 45, 36, 42, 34]
CAP MAPPING: mesh=pawn_clocks_storm_shop_pawnbroker_clock0__brass_dull valid_basis=true max_uv_excess=0.000000086613 widest=1.00003688083327 vertices=906 derivatives=true bad_derivatives=0 min_determinant=0.0000014273719 worst_dot=0.99999988079071
CAP MAPPING: mesh=pawn_clocks_storm_shop_pawnbroker_clock0__glassish valid_basis=true max_uv_excess=0.00000010989606 widest=1.00000848371436 vertices=392 derivatives=true bad_derivatives=0 min_determinant=0.00001941862342 worst_dot=0.99999994039536
CAP MAPPING: mesh=pawn_clocks_storm_shop_pawnbroker_clock0__iron_blackened valid_basis=true max_uv_excess=0.00000006845221 widest=1.00002281957771 vertices=336 derivatives=true bad_derivatives=0 min_determinant=0.00000420482593 worst_dot=1.0
CAP MAPPING: mesh=pawn_clocks_storm_shop_pawnbroker_clock0__porcelain valid_basis=true max_uv_excess=0.00000006426126 widest=1.00000513605828 vertices=386 derivatives=true bad_derivatives=0 min_determinant=0.00005006524952 worst_dot=0.99999994039536
CAP MAPPING: mesh=pawn_clocks_storm_shop_pawnbroker_clock0__wood_dark valid_basis=true max_uv_excess=0.00000006658956 widest=1.00001094621786 vertices=250 derivatives=true bad_derivatives=0 min_determinant=0.00046859154941 worst_dot=0.99999988079071
CAP MAPPING: mesh=pawn_clocks_storm_shop_pawnbroker_clock1__brass_dull valid_basis=true max_uv_excess=0.00000008381903 widest=1.00003476701199 vertices=2933 derivatives=true bad_derivatives=0 min_determinant=0.0000014273719 worst_dot=0.99999988079071
CAP MAPPING: mesh=pawn_clocks_storm_shop_pawnbroker_clock1__glassish valid_basis=true max_uv_excess=0.00000006239861 widest=1.00000481709525 vertices=394 derivatives=true bad_derivatives=0 min_determinant=0.00001941862342 worst_dot=0.99999994039536
CAP MAPPING: mesh=pawn_clocks_storm_shop_pawnbroker_clock1__iron_blackened valid_basis=true max_uv_excess=0.00000006845221 widest=1.00002281957771 vertices=336 derivatives=true bad_derivatives=0 min_determinant=0.00000420582865 worst_dot=1.0
CAP MAPPING: mesh=pawn_clocks_storm_shop_pawnbroker_clock1__porcelain valid_basis=true max_uv_excess=0.00000006426126 widest=1.00000513605828 vertices=389 derivatives=true bad_derivatives=0 min_determinant=0.00005006477249 worst_dot=0.99999994039536
CAP MAPPING: mesh=pawn_clocks_storm_shop_pawnbroker_clock2__brass_dull valid_basis=true max_uv_excess=0.00000007578637 widest=1.0000483110107 vertices=906 derivatives=true bad_derivatives=0 min_determinant=0.0000014273719 worst_dot=0.99999994039536
CAP MAPPING: mesh=pawn_clocks_storm_shop_pawnbroker_clock2__glassish valid_basis=true max_uv_excess=0.00000010523945 widest=1.00000812363394 vertices=394 derivatives=true bad_derivatives=0 min_determinant=0.00001941884682 worst_dot=0.99999994039536
CAP MAPPING: mesh=pawn_clocks_storm_shop_pawnbroker_clock2__iron_blackened valid_basis=true max_uv_excess=0.00000006845221 widest=1.00002281957771 vertices=338 derivatives=true bad_derivatives=0 min_determinant=0.00000420625838 worst_dot=0.99999994039536
CAP MAPPING: mesh=pawn_clocks_storm_shop_pawnbroker_clock2__porcelain valid_basis=true max_uv_excess=0.0000000493601 widest=1.00000394491441 vertices=389 derivatives=true bad_derivatives=0 min_determinant=0.00005006524952 worst_dot=0.99999988079071
CAP MAPPING: mesh=pawn_clocks_storm_shop_pawnbroker_clock2__wood_dark valid_basis=true max_uv_excess=0.00000005960464 widest=1.00000604726867 vertices=257 derivatives=true bad_derivatives=0 min_determinant=0.00046859166866 worst_dot=0.99999988079071
CAP MAPPING: mesh=pawn_clocks_storm_shop_pawnbroker_clock3__brass_dull valid_basis=true max_uv_excess=0.00000008195639 widest=1.00004307784999 vertices=2912 derivatives=true bad_derivatives=0 min_determinant=0.0000014273719 worst_dot=0.99999988079071
CAP MAPPING: mesh=pawn_clocks_storm_shop_pawnbroker_clock3__glassish valid_basis=true max_uv_excess=0.00000010617077 widest=1.00000819597762 vertices=396 derivatives=true bad_derivatives=0 min_determinant=0.00001941862342 worst_dot=0.99999994039536
CAP MAPPING: mesh=pawn_clocks_storm_shop_pawnbroker_clock3__iron_blackened valid_basis=true max_uv_excess=0.00000004516914 widest=1.00001358376623 vertices=336 derivatives=true bad_derivatives=0 min_determinant=0.00000420797733 worst_dot=1.0
CAP MAPPING: mesh=pawn_clocks_storm_shop_pawnbroker_clock3__porcelain valid_basis=true max_uv_excess=0.00000006426126 widest=1.00000513605828 vertices=386 derivatives=true bad_derivatives=0 min_determinant=0.00005006477249 worst_dot=0.99999994039536
CAP MAPPING: mesh=pawn_clocks_storm_shop_pawnbroker_clock4__brass_dull valid_basis=true max_uv_excess=0.0000000797445 widest=1.00005086134996 vertices=906 derivatives=true bad_derivatives=0 min_determinant=0.0000014273719 worst_dot=0.99999994039536
CAP MAPPING: mesh=pawn_clocks_storm_shop_pawnbroker_clock4__glassish valid_basis=true max_uv_excess=0.00000008195639 widest=1.00000632705708 vertices=394 derivatives=true bad_derivatives=0 min_determinant=0.0000194186681 worst_dot=0.99999994039536
CAP MAPPING: mesh=pawn_clocks_storm_shop_pawnbroker_clock4__iron_blackened valid_basis=true max_uv_excess=0.00000006845221 widest=1.00002281957771 vertices=338 derivatives=true bad_derivatives=0 min_determinant=0.00000420625838 worst_dot=1.0
CAP MAPPING: mesh=pawn_clocks_storm_shop_pawnbroker_clock4__porcelain valid_basis=true max_uv_excess=0.00000005215406 widest=1.00000416805354 vertices=386 derivatives=true bad_derivatives=0 min_determinant=0.00005006453398 worst_dot=0.99999994039536
CAP MAPPING: mesh=pawn_clocks_storm_shop_pawnbroker_clock4__wood_dark valid_basis=true max_uv_excess=0.00000005960464 widest=1.00000895611092 vertices=263 derivatives=true bad_derivatives=0 min_determinant=0.00046859154941 worst_dot=0.99999988079071
CAP MAPPING: mesh=pawn_clocks_storm_shop_pawnbroker_clock5__brass_dull valid_basis=true max_uv_excess=0.000000086613 widest=1.00003933418068 vertices=2866 derivatives=true bad_derivatives=0 min_determinant=0.0000014273719 worst_dot=0.99999988079071
CAP MAPPING: mesh=pawn_clocks_storm_shop_pawnbroker_clock5__glassish valid_basis=true max_uv_excess=0.00000010244548 widest=1.00000790854274 vertices=386 derivatives=true bad_derivatives=0 min_determinant=0.00001941864576 worst_dot=0.99999994039536
CAP MAPPING: mesh=pawn_clocks_storm_shop_pawnbroker_clock5__iron_blackened valid_basis=true max_uv_excess=0.00000003911555 widest=1.00000434650594 vertices=336 derivatives=true bad_derivatives=0 min_determinant=0.00000420582865 worst_dot=1.0
CAP MAPPING: mesh=pawn_clocks_storm_shop_pawnbroker_clock5__porcelain valid_basis=true max_uv_excess=0.00000004190952 widest=1.00000334967703 vertices=386 derivatives=true bad_derivatives=0 min_determinant=0.00005006524952 worst_dot=0.99999988079071
CAP MAPPING: mesh=pawn_clocks_storm_shop_pawnbroker_clock6__brass_dull valid_basis=true max_uv_excess=0.00000006752089 widest=1.00004307784999 vertices=878 derivatives=true bad_derivatives=0 min_determinant=0.0000014273719 worst_dot=0.99999988079071
CAP MAPPING: mesh=pawn_clocks_storm_shop_pawnbroker_clock6__glassish valid_basis=true max_uv_excess=0.00000010617077 widest=1.00000819597762 vertices=386 derivatives=true bad_derivatives=0 min_determinant=0.00001941862342 worst_dot=0.99999994039536
CAP MAPPING: mesh=pawn_clocks_storm_shop_pawnbroker_clock6__iron_blackened valid_basis=true max_uv_excess=0.00000003911555 widest=1.00000434650594 vertices=336 derivatives=true bad_derivatives=0 min_determinant=0.00000420482593 worst_dot=1.0
CAP MAPPING: mesh=pawn_clocks_storm_shop_pawnbroker_clock6__porcelain valid_basis=true max_uv_excess=0.00000005681068 widest=1.00000454039752 vertices=389 derivatives=true bad_derivatives=0 min_determinant=0.00005006453398 worst_dot=0.99999994039536
CAP MAPPING: mesh=pawn_clocks_storm_shop_pawnbroker_clock6__wood_dark valid_basis=true max_uv_excess=0.0000000661239 widest=1.00000622047029 vertices=250 derivatives=true bad_derivatives=0 min_determinant=0.00046859166866 worst_dot=0.99999988079071
CAP MAPPING: mesh=pawn_clocks_storm_shop_pawnbroker_clock7__brass_dull valid_basis=true max_uv_excess=0.000000086613 widest=1.00003933418068 vertices=2879 derivatives=true bad_derivatives=0 min_determinant=0.0000014273719 worst_dot=0.99999988079071
CAP MAPPING: mesh=pawn_clocks_storm_shop_pawnbroker_clock7__glassish valid_basis=true max_uv_excess=0.00000010244548 widest=1.0000079083244 vertices=386 derivatives=true bad_derivatives=0 min_determinant=0.0000194188915 worst_dot=0.99999994039536
CAP MAPPING: mesh=pawn_clocks_storm_shop_pawnbroker_clock7__iron_blackened valid_basis=true max_uv_excess=0.00000004470348 widest=1.0000053909895 vertices=336 derivatives=true bad_derivatives=0 min_determinant=0.00000420366206 worst_dot=1.0
CAP MAPPING: mesh=pawn_clocks_storm_shop_pawnbroker_clock7__porcelain valid_basis=true max_uv_excess=0.0000000493601 widest=1.00000394491441 vertices=389 derivatives=true bad_derivatives=0 min_determinant=0.00005006524952 worst_dot=0.99999994039536
CAP MAPPING: mesh=pawn_clocks_storm_shop_pawnbroker_clock8__brass_dull valid_basis=true max_uv_excess=0.000000086613 widest=1.00004307784999 vertices=876 derivatives=true bad_derivatives=0 min_determinant=0.0000014273719 worst_dot=0.99999988079071
CAP MAPPING: mesh=pawn_clocks_storm_shop_pawnbroker_clock8__glassish valid_basis=true max_uv_excess=0.00000009965152 widest=1.00000769306594 vertices=389 derivatives=true bad_derivatives=0 min_determinant=0.00001941862342 worst_dot=0.99999994039536
CAP MAPPING: mesh=pawn_clocks_storm_shop_pawnbroker_clock8__iron_blackened valid_basis=true max_uv_excess=0.00000005867332 widest=1.00000451368 vertices=336 derivatives=true bad_derivatives=0 min_determinant=0.00000420733272 worst_dot=1.0
CAP MAPPING: mesh=pawn_clocks_storm_shop_pawnbroker_clock8__porcelain valid_basis=true max_uv_excess=0.00000005867332 widest=1.00000468910735 vertices=386 derivatives=true bad_derivatives=0 min_determinant=0.00005006453398 worst_dot=0.99999988079071
CAP MAPPING: mesh=pawn_clocks_storm_shop_pawnbroker_clock8__wood_dark valid_basis=true max_uv_excess=0.00000005960464 widest=1.00000560718449 vertices=263 derivatives=true bad_derivatives=0 min_determinant=0.00046859131089 worst_dot=0.99999988079071
CAP MAPPING: mesh=pawn_clocks_storm_shop_pawnbroker_clock9__brass_dull valid_basis=true max_uv_excess=0.00000007636845 widest=1.00003933418068 vertices=2881 derivatives=true bad_derivatives=0 min_determinant=0.0000014273719 worst_dot=0.99999988079071
CAP MAPPING: mesh=pawn_clocks_storm_shop_pawnbroker_clock9__glassish valid_basis=true max_uv_excess=0.00000010244548 widest=1.0000079083244 vertices=386 derivatives=true bad_derivatives=0 min_determinant=0.00001941862342 worst_dot=0.99999994039536
CAP MAPPING: mesh=pawn_clocks_storm_shop_pawnbroker_clock9__iron_blackened valid_basis=true max_uv_excess=0.00000006845221 widest=1.00002281867089 vertices=336 derivatives=true bad_derivatives=0 min_determinant=0.00000420647325 worst_dot=0.99999994039536
CAP MAPPING: mesh=pawn_clocks_storm_shop_pawnbroker_clock9__porcelain valid_basis=true max_uv_excess=0.00000005215406 widest=1.00000416813296 vertices=386 derivatives=true bad_derivatives=0 min_determinant=0.00005006429546 worst_dot=1.0
CAP MAPPING: mesh=pawn_clocks_storm_shop_pawnbroker_clock10__brass_dull valid_basis=true max_uv_excess=0.00000006938353 widest=1.00002397806384 vertices=902 derivatives=true bad_derivatives=0 min_determinant=0.0000014273719 worst_dot=0.99999988079071
CAP MAPPING: mesh=pawn_clocks_storm_shop_pawnbroker_clock10__glassish valid_basis=true max_uv_excess=0.00000009220093 widest=1.00000711748633 vertices=386 derivatives=true bad_derivatives=0 min_determinant=0.00001941871278 worst_dot=0.99999994039536
CAP MAPPING: mesh=pawn_clocks_storm_shop_pawnbroker_clock10__iron_blackened valid_basis=true max_uv_excess=0.00000006845221 widest=1.00002281867089 vertices=336 derivatives=true bad_derivatives=0 min_determinant=0.00000420511242 worst_dot=1.0
CAP MAPPING: mesh=pawn_clocks_storm_shop_pawnbroker_clock10__porcelain valid_basis=true max_uv_excess=0.00000004190952 widest=1.00000334967703 vertices=386 derivatives=true bad_derivatives=0 min_determinant=0.00005006524952 worst_dot=0.99999988079071
CAP MAPPING: mesh=pawn_clocks_storm_shop_pawnbroker_clock10__wood_dark valid_basis=true max_uv_excess=0.00000006705523 widest=1.00001094621786 vertices=250 derivatives=true bad_derivatives=0 min_determinant=0.00046859154941 worst_dot=0.99999988079071
CAP MAPPING: mesh=pawn_clocks_storm_shop_pawnbroker_clock11__brass_dull valid_basis=true max_uv_excess=0.00000008195639 widest=1.00002234865672 vertices=2921 derivatives=true bad_derivatives=0 min_determinant=0.0000014273719 worst_dot=0.99999988079071
CAP MAPPING: mesh=pawn_clocks_storm_shop_pawnbroker_clock11__glassish valid_basis=true max_uv_excess=0.00000010523945 widest=1.00000812453109 vertices=386 derivatives=true bad_derivatives=0 min_determinant=0.00001941853407 worst_dot=0.99999994039536
CAP MAPPING: mesh=pawn_clocks_storm_shop_pawnbroker_clock11__iron_blackened valid_basis=true max_uv_excess=0.00000006845221 widest=1.00002281867089 vertices=338 derivatives=true bad_derivatives=0 min_determinant=0.00000420482593 worst_dot=1.0
CAP MAPPING: mesh=pawn_clocks_storm_shop_pawnbroker_clock11__porcelain valid_basis=true max_uv_excess=0.00000005681068 widest=1.00000454039752 vertices=389 derivatives=true bad_derivatives=0 min_determinant=0.00005006429546 worst_dot=0.99999994039536
CAP MAPPING: mesh=pawn_clocks_storm_shop_pawnbroker_clock12__brass_dull valid_basis=true max_uv_excess=0.00000006938353 widest=1.00002190061027 vertices=898 derivatives=true bad_derivatives=0 min_determinant=0.0000014273719 worst_dot=0.99999988079071
CAP MAPPING: mesh=pawn_clocks_storm_shop_pawnbroker_clock12__glassish valid_basis=true max_uv_excess=0.00000010244548 widest=1.0000079083244 vertices=386 derivatives=true bad_derivatives=0 min_determinant=0.00001941880214 worst_dot=0.99999994039536
CAP MAPPING: mesh=pawn_clocks_storm_shop_pawnbroker_clock12__iron_blackened valid_basis=true max_uv_excess=0.00000005867332 widest=1.00000451368 vertices=336 derivatives=true bad_derivatives=0 min_determinant=0.00000420742225 worst_dot=1.0
CAP MAPPING: mesh=pawn_clocks_storm_shop_pawnbroker_clock12__porcelain valid_basis=true max_uv_excess=0.00000005867332 widest=1.00000468910735 vertices=389 derivatives=true bad_derivatives=0 min_determinant=0.00005006524952 worst_dot=0.99999994039536
CAP MAPPING: mesh=pawn_clocks_storm_shop_pawnbroker_clock12__wood_dark valid_basis=true max_uv_excess=0.00000006332994 widest=1.00000595763352 vertices=257 derivatives=true bad_derivatives=0 min_determinant=0.00046859154941 worst_dot=0.99999988079071
CAP MAPPING: mesh=pawn_clocks_storm_shop_pawnbroker_clock13__brass_dull valid_basis=true max_uv_excess=0.00000008172356 widest=1.00003476701199 vertices=2898 derivatives=true bad_derivatives=0 min_determinant=0.0000014273719 worst_dot=0.99999988079071
CAP MAPPING: mesh=pawn_clocks_storm_shop_pawnbroker_clock13__glassish valid_basis=true max_uv_excess=0.00000009126961 widest=1.00000704578654 vertices=389 derivatives=true bad_derivatives=0 min_determinant=0.00001941853407 worst_dot=0.99999994039536
CAP MAPPING: mesh=pawn_clocks_storm_shop_pawnbroker_clock13__iron_blackened valid_basis=true max_uv_excess=0.00000006845221 widest=1.00002281867089 vertices=340 derivatives=true bad_derivatives=0 min_determinant=0.00000420640163 worst_dot=1.0
CAP MAPPING: mesh=pawn_clocks_storm_shop_pawnbroker_clock13__porcelain valid_basis=true max_uv_excess=0.00000005029142 widest=1.00000401940449 vertices=386 derivatives=true bad_derivatives=0 min_determinant=0.00005006453398 worst_dot=0.99999988079071
CAP MAPPING: mesh=pawn_clocks_storm_shop_pawnbroker_clock14__brass_dull valid_basis=true max_uv_excess=0.00000008486677 widest=1.000054124418 vertices=900 derivatives=true bad_derivatives=0 min_determinant=0.0000014273719 worst_dot=0.99999988079071
CAP MAPPING: mesh=pawn_clocks_storm_shop_pawnbroker_clock14__glassish valid_basis=true max_uv_excess=0.00000010989606 widest=1.00000848371436 vertices=386 derivatives=true bad_derivatives=0 min_determinant=0.00001941862342 worst_dot=0.99999994039536
CAP MAPPING: mesh=pawn_clocks_storm_shop_pawnbroker_clock14__iron_blackened valid_basis=true max_uv_excess=0.00000005867332 widest=1.00000451368 vertices=340 derivatives=true bad_derivatives=0 min_determinant=0.00000420611514 worst_dot=0.99999994039536
CAP MAPPING: mesh=pawn_clocks_storm_shop_pawnbroker_clock14__porcelain valid_basis=true max_uv_excess=0.00000005681068 widest=1.00000454039752 vertices=386 derivatives=true bad_derivatives=0 min_determinant=0.00005006453398 worst_dot=0.99999994039536
CAP MAPPING: mesh=pawn_clocks_storm_shop_pawnbroker_clock14__wood_dark valid_basis=true max_uv_excess=0.00000005960464 widest=1.00000895611092 vertices=263 derivatives=true bad_derivatives=0 min_determinant=0.00046859107238 worst_dot=0.99999988079071
PAWN CLOCKS: checks=1002 parts=68 triangles=27816 removed=180 supports=30 failures=0
CAP MAPPING: mesh=pawn_display_storm_shop_pawnbroker_case_e__brass_dull valid_basis=true max_uv_excess=0.00000047683716 widest=1.00023186322969 vertices=5564 derivatives=true bad_derivatives=0 min_determinant=0.00000005665506 worst_dot=0.99999988079071
CAP MAPPING: mesh=pawn_display_storm_shop_pawnbroker_case_e__fabric_warm valid_basis=true max_uv_excess=0.00000011920929 widest=1.00049067918559 vertices=534 derivatives=true bad_derivatives=0 min_determinant=0.00000001851025 worst_dot=0.99999988079071
CAP MAPPING: mesh=pawn_display_storm_shop_pawnbroker_case_e__glassish valid_basis=true max_uv_excess=0.00000011920929 widest=1.00000024835292 vertices=120 derivatives=true bad_derivatives=0 min_determinant=0.00188696266378 worst_dot=1.0
CAP MAPPING: mesh=pawn_display_storm_shop_pawnbroker_case_e__wood_dark valid_basis=true max_uv_excess=0.00000023841858 widest=1.00026923777996 vertices=15980 derivatives=true bad_derivatives=0 min_determinant=0.00000011561069 worst_dot=0.99999982118607
CAP MAPPING: mesh=pawn_display_storm_shop_pawnbroker_case_w__brass_dull valid_basis=true max_uv_excess=0.00000008940697 widest=1.0002413038904 vertices=5536 derivatives=true bad_derivatives=0 min_determinant=0.00000005664928 worst_dot=0.99999988079071
CAP MAPPING: mesh=pawn_display_storm_shop_pawnbroker_case_w__fabric_warm valid_basis=true max_uv_excess=0.00000023841858 widest=1.00036909105907 vertices=540 derivatives=true bad_derivatives=0 min_determinant=0.00000001849399 worst_dot=0.99999988079071
CAP MAPPING: mesh=pawn_display_storm_shop_pawnbroker_case_w__glassish valid_basis=true max_uv_excess=0.00000005960464 widest=1.00000012417646 vertices=120 derivatives=true bad_derivatives=0 min_determinant=0.00188696266378 worst_dot=1.0
CAP MAPPING: mesh=pawn_display_storm_shop_pawnbroker_case_w__wood_dark valid_basis=true max_uv_excess=0.00000047683716 widest=1.0003170016676 vertices=15972 derivatives=true bad_derivatives=0 min_determinant=0.00000011560126 worst_dot=0.99999958276749
CAP MAPPING: mesh=pawn_display_storm_shop_pawnbroker_window_plinth__bakelite_black valid_basis=true max_uv_excess=0.0000000661239 widest=1.00001257099973 vertices=3207 derivatives=true bad_derivatives=0 min_determinant=0.00000361796992 worst_dot=0.99999988079071
CAP MAPPING: mesh=pawn_display_storm_shop_pawnbroker_window_plinth__brass_dull valid_basis=true max_uv_excess=0.000000086613 widest=1.00013706978039 vertices=7186 derivatives=true bad_derivatives=0 min_determinant=0.00000046266191 worst_dot=0.99999988079071
CAP MAPPING: mesh=pawn_display_storm_shop_pawnbroker_window_plinth__fabric_warm valid_basis=true max_uv_excess=0.00000007584458 widest=1.00019726698027 vertices=994 derivatives=true bad_derivatives=0 min_determinant=0.00000011563898 worst_dot=0.99999988079071
CAP MAPPING: mesh=pawn_display_storm_shop_pawnbroker_window_plinth__glassish valid_basis=true max_uv_excess=0.00000010337681 widest=1.00002026416808 vertices=614 derivatives=true bad_derivatives=0 min_determinant=0.00001530392438 worst_dot=1.0
CAP MAPPING: mesh=pawn_display_storm_shop_pawnbroker_window_plinth__iron_blackened valid_basis=true max_uv_excess=0.00000007636845 widest=1.00007673018078 vertices=731 derivatives=true bad_derivatives=0 min_determinant=0.00000069972841 worst_dot=0.99999988079071
CAP MAPPING: mesh=pawn_display_storm_shop_pawnbroker_window_plinth__plywood valid_basis=true max_uv_excess=0.00000011920929 widest=1.00021395852256 vertices=512 derivatives=true bad_derivatives=0 min_determinant=0.00000011562012 worst_dot=0.99999988079071
CAP MAPPING: mesh=pawn_display_storm_shop_pawnbroker_window_plinth__porcelain valid_basis=true max_uv_excess=0.00000005122274 widest=1.00001583246643 vertices=293 derivatives=true bad_derivatives=0 min_determinant=0.00001360371486 worst_dot=1.0
CAP MAPPING: mesh=pawn_display_storm_shop_pawnbroker_window_plinth__wood_dark valid_basis=true max_uv_excess=0.0000001200242 widest=1.00024040385299 vertices=13790 derivatives=true bad_derivatives=0 min_determinant=0.00000011562663 worst_dot=0.99999982118607
PAWN DISPLAY: checks=312 parts=16 triangles=28296 removed=96 supports=14 failures=0
CAP MAPPING: mesh=pawn_fittings_storm_shop_pawnbroker_balance_base__brass_dull valid_basis=true max_uv_excess=0.00000011920929 widest=1.0000317596779 vertices=3384 derivatives=true bad_derivatives=0 min_determinant=0.00000133969598 worst_dot=0.99999988079071
CAP MAPPING: mesh=pawn_fittings_storm_shop_pawnbroker_balance_base__glassish valid_basis=true max_uv_excess=0.00000012852252 widest=1.00001832486682 vertices=7275 derivatives=true bad_derivatives=0 min_determinant=0.00022974802141 worst_dot=0.99999982118607
CAP MAPPING: mesh=pawn_fittings_storm_shop_pawnbroker_coat__bakelite_black valid_basis=true max_uv_excess=0.00000004144385 widest=1.00001378212687 vertices=375 derivatives=true bad_derivatives=0 min_determinant=0.00000400292879 worst_dot=1.0
CAP MAPPING: mesh=pawn_fittings_storm_shop_pawnbroker_coat__brass_dull valid_basis=true max_uv_excess=0.00000006332994 widest=1.00001941017948 vertices=214 derivatives=true bad_derivatives=0 min_determinant=0.00000562644709 worst_dot=0.99999988079071
CAP MAPPING: mesh=pawn_fittings_storm_shop_pawnbroker_coat__fabric_warm valid_basis=true max_uv_excess=0.00000008940697 widest=1.00004837632642 vertices=9101 derivatives=true bad_derivatives=0 min_determinant=0.00000000222638 worst_dot=0.99999642372131
CAP MAPPING: mesh=pawn_fittings_storm_shop_pawnbroker_coat__iron_blackened valid_basis=true max_uv_excess=0.00000007241033 widest=1.00002311127216 vertices=243 derivatives=true bad_derivatives=0 min_determinant=0.0000025379012 worst_dot=0.99999988079071
CAP MAPPING: mesh=pawn_fittings_storm_shop_pawnbroker_coat__timber valid_basis=true max_uv_excess=0.00000004470348 widest=1.00000632608736 vertices=128 derivatives=true bad_derivatives=0 min_determinant=0.00065181376083 worst_dot=0.99999988079071
CAP MAPPING: mesh=pawn_fittings_storm_shop_pawnbroker_grille_counter__brass_dull valid_basis=true max_uv_excess=0.00000006251503 widest=1.00006673980436 vertices=6368 derivatives=true bad_derivatives=0 min_determinant=0.00000046263721 worst_dot=0.99999988079071
CAP MAPPING: mesh=pawn_fittings_storm_shop_pawnbroker_grille_counter__countertop valid_basis=true max_uv_excess=0.00000007590279 widest=1.00003826097081 vertices=510 derivatives=true bad_derivatives=0 min_determinant=0.0000018505605 worst_dot=0.99999988079071
CAP MAPPING: mesh=pawn_fittings_storm_shop_pawnbroker_grille_counter__wood_dark valid_basis=true max_uv_excess=0.0000001147273 widest=1.0001569603556 vertices=9113 derivatives=true bad_derivatives=0 min_determinant=0.00000046259364 worst_dot=0.99999988079071
CAP MAPPING: mesh=pawn_fittings_storm_shop_pawnbroker_ledger__bakelite_black valid_basis=true max_uv_excess=0.00000005681068 widest=1.00003639361364 vertices=144 derivatives=true bad_derivatives=0 min_determinant=0.00000093092164 worst_dot=0.99999994039536
CAP MAPPING: mesh=pawn_fittings_storm_shop_pawnbroker_ledger__fabric_warm valid_basis=true max_uv_excess=0.00000008440111 widest=1.00008164021843 vertices=501 derivatives=true bad_derivatives=0 min_determinant=0.00000046266191 worst_dot=0.99999982118607
CAP MAPPING: mesh=pawn_fittings_storm_shop_pawnbroker_ledger__linen valid_basis=true max_uv_excess=0.0 widest=1.0 vertices=96 derivatives=true bad_derivatives=0 min_determinant=0.00000399942019 worst_dot=1.0
CAP MAPPING: mesh=pawn_fittings_storm_shop_pawnbroker_ledger__paper valid_basis=true max_uv_excess=0.00000008183997 widest=1.000158328341 vertices=514 derivatives=true bad_derivatives=0 min_determinant=0.00000011567344 worst_dot=0.99999994039536
CAP MAPPING: mesh=pawn_fittings_storm_shop_pawnbroker_ledger__wood_dark valid_basis=true max_uv_excess=0.00000009173527 widest=1.00009248428999 vertices=1002 derivatives=true bad_derivatives=0 min_determinant=0.00000046262778 worst_dot=0.99999988079071
CAP MAPPING: mesh=pawn_fittings_storm_shop_pawnbroker_loupe__bakelite_black valid_basis=true max_uv_excess=0.0000000782311 widest=1.00000826604311 vertices=1824 derivatives=true bad_derivatives=0 min_determinant=0.00001937496475 worst_dot=0.99999988079071
CAP MAPPING: mesh=pawn_fittings_storm_shop_pawnbroker_loupe__glassish valid_basis=true max_uv_excess=0.00000009918585 widest=1.00003446952772 vertices=446 derivatives=true bad_derivatives=0 min_determinant=0.00001149925686 worst_dot=0.99999988079071
CAP MAPPING: mesh=pawn_fittings_storm_shop_pawnbroker_loupe__linen valid_basis=true max_uv_excess=0.00000007543713 widest=1.00004814125328 vertices=1582 derivatives=true bad_derivatives=0 min_determinant=0.00000165424962 worst_dot=0.99999988079071
CAP MAPPING: mesh=pawn_fittings_storm_shop_pawnbroker_pledge_shelf0__iron_blackened valid_basis=true max_uv_excess=0.00000011920929 widest=1.00000723552029 vertices=322 derivatives=true bad_derivatives=0 min_determinant=0.00001490181353 worst_dot=0.99999994039536
CAP MAPPING: mesh=pawn_fittings_storm_shop_pawnbroker_pledge_shelf0__linen valid_basis=true max_uv_excess=0.00000008940697 widest=1.00004521326662 vertices=21931 derivatives=true bad_derivatives=0 min_determinant=0.00001563287804 worst_dot=0.99999988079071
CAP MAPPING: mesh=pawn_fittings_storm_shop_pawnbroker_pledge_shelf0__paper valid_basis=true max_uv_excess=0.00000008373172 widest=1.0003472181021 vertices=18114 derivatives=true bad_derivatives=0 min_determinant=0.00000002887781 worst_dot=0.99999982118607
CAP MAPPING: mesh=pawn_fittings_storm_shop_pawnbroker_pledge_shelf0__timber valid_basis=true max_uv_excess=0.00000047683716 widest=1.00008760468561 vertices=13220 derivatives=true bad_derivatives=0 min_determinant=0.00000046254064 worst_dot=0.99999988079071
CAP MAPPING: mesh=pawn_fittings_storm_shop_pawnbroker_safe__brass_dull valid_basis=true max_uv_excess=0.00000007590279 widest=1.00002258686134 vertices=1168 derivatives=true bad_derivatives=0 min_determinant=0.00000253379767 worst_dot=0.99999988079071
CAP MAPPING: mesh=pawn_fittings_storm_shop_pawnbroker_safe__cast_iron valid_basis=true max_uv_excess=0.00000011920929 widest=1.00005672838559 vertices=5386 derivatives=true bad_derivatives=0 min_determinant=0.00000104091855 worst_dot=0.99999988079071
CAP MAPPING: mesh=pawn_fittings_storm_shop_pawnbroker_safe__iron_blackened valid_basis=true max_uv_excess=0.00000008125789 widest=1.00010933239157 vertices=3394 derivatives=true bad_derivatives=0 min_determinant=0.00000046262778 worst_dot=0.99999988079071
CAP MAPPING: mesh=pawn_fittings_storm_shop_pawnbroker_sewing_case__brass_dull valid_basis=true max_uv_excess=0.00000007398194 widest=1.00014915434999 vertices=1073 derivatives=true bad_derivatives=0 min_determinant=0.00000011567019 worst_dot=0.99999988079071
CAP MAPPING: mesh=pawn_fittings_storm_shop_pawnbroker_sewing_case__enamel valid_basis=true max_uv_excess=0.00000007776543 widest=1.00003819842435 vertices=2263 derivatives=true bad_derivatives=0 min_determinant=0.00000176782472 worst_dot=0.99999988079071
CAP MAPPING: mesh=pawn_fittings_storm_shop_pawnbroker_sewing_case__iron_blackened valid_basis=true max_uv_excess=0.00000006984919 widest=1.00002137600414 vertices=1276 derivatives=true bad_derivatives=0 min_determinant=0.00000481498398 worst_dot=0.99999988079071
CAP MAPPING: mesh=pawn_fittings_storm_shop_pawnbroker_sewing_case__linen valid_basis=true max_uv_excess=0.00000004097819 widest=1.00000836208751 vertices=222 derivatives=true bad_derivatives=0 min_determinant=0.00000467917562 worst_dot=0.99999988079071
CAP MAPPING: mesh=pawn_fittings_storm_shop_pawnbroker_sewing_case__wood_dark valid_basis=true max_uv_excess=0.00000009988435 widest=1.00004810442225 vertices=516 derivatives=true bad_derivatives=0 min_determinant=0.00000185058408 worst_dot=0.99999988079071
CAP MAPPING: mesh=pawn_fittings_storm_shop_pawnbroker_violin_case__bakelite_black valid_basis=true max_uv_excess=0.00000007450581 widest=1.00004334853493 vertices=1212 derivatives=true bad_derivatives=0 min_determinant=0.00000192818338 worst_dot=0.99999988079071
CAP MAPPING: mesh=pawn_fittings_storm_shop_pawnbroker_violin_case__brass_dull valid_basis=true max_uv_excess=0.00000005960464 widest=1.00005472857722 vertices=996 derivatives=true bad_derivatives=0 min_determinant=0.00000046261834 worst_dot=0.99999988079071
CAP MAPPING: mesh=pawn_fittings_storm_shop_pawnbroker_violin_case__wood_dark valid_basis=true max_uv_excess=0.00000010128133 widest=1.00004937762848 vertices=1540 derivatives=true bad_derivatives=0 min_determinant=0.00000185063596 worst_dot=0.99999988079071
[HARUKIYA] OPEN, 18 fixtures
PAWN FITTINGS: checks=559 parts=33 triangles=44672 removed=480 supports=23 failures=0
FABRICATION BATCH: worlds=1 modules=3 module_checks=1873 failures=0 elapsed_ms=43101
