WorkerThreadPool: 24 threads, 7 max low-priority.
Godot Engine v4.7.1.stable.official.a13da4feb - https://godotengine.org
TextServer: Added interface "Dummy"
TextServer: Added interface "ICU / HarfBuzz / Graphite (Built-in)"
Using "default" pen tablet driver...

TextServer: Primary interface set to: "ICU / HarfBuzz / Graphite (Built-in)".
CORE API HASH: 3769296884
EDITOR API HASH: 3146738256
SceneTreeFTI: traversal method DEFAULT
Loading resource: res://scripts/game_boot.gd remapped: res://scripts/game_boot.gd
Completed load for: 'res://scripts/game_boot.gd' remapped 'res://scripts/game_boot.gd' at thread -1
Loading resource: res://scripts/audio/conductor_clock.gd remapped: res://scripts/audio/conductor_clock.gd
Completed load for: 'res://scripts/audio/conductor_clock.gd' remapped 'res://scripts/audio/conductor_clock.gd' at thread -1
Loading resource: res://scripts/audio/audio_policy.gd remapped: res://scripts/audio/audio_policy.gd
Completed load for: 'res://scripts/audio/audio_policy.gd' remapped 'res://scripts/audio/audio_policy.gd' at thread -1
Loading resource: res://scripts/game/campaign_clock_driver.gd remapped: res://scripts/game/campaign_clock_driver.gd
Completed load for: 'res://scripts/game/campaign_clock_driver.gd' remapped 'res://scripts/game/campaign_clock_driver.gd' at thread -1
Loading resource: res://scripts/ui/save_status_notice.gd remapped: res://scripts/ui/save_status_notice.gd
Completed load for: 'res://scripts/ui/save_status_notice.gd' remapped 'res://scripts/ui/save_status_notice.gd' at thread -1
Loading resource: res://scripts/game/reality_case_manager.gd remapped: res://scripts/game/reality_case_manager.gd
Completed load for: 'res://scripts/game/reality_case_manager.gd' remapped 'res://scripts/game/reality_case_manager.gd' at thread -1
Loading resource: res://scripts/game/reality_rule_director.gd remapped: res://scripts/game/reality_rule_director.gd
Completed load for: 'res://scripts/game/reality_rule_director.gd' remapped 'res://scripts/game/reality_rule_director.gd' at thread -1
Loaded system CA certificates
Loading resource: res://tests/WorldTimeCoherenceTest.tscn remapped: res://tests/WorldTimeCoherenceTest.tscn
Loading resource: res://tests/world_time_coherence_test.gd remapped: res://tests/world_time_coherence_test.gd
Loading resource: res://scenes/building/orison_v2_runtime.tscn remapped: res://scenes/building/orison_v2_runtime.tscn
Loading resource: res://scripts/building/orison_v2_runtime_root.gd remapped: res://scripts/building/orison_v2_runtime_root.gd
Loading resource: res://scenes/building/orison_v2_blockout.tscn remapped: res://scenes/building/orison_v2_blockout.tscn
Loading resource: res://scripts/building/orison_v2_blockout.gd remapped: res://scripts/building/orison_v2_blockout.gd
Completed load for: 'res://scripts/building/orison_v2_blockout.gd' remapped 'res://scripts/building/orison_v2_blockout.gd' at thread -1
Completed load for: 'res://scenes/building/orison_v2_blockout.tscn' remapped 'res://scenes/building/orison_v2_blockout.tscn' at thread -1
Loading resource: res://assets/ui/telegram/telegram_paper_stock_v1.png remapped: res://assets/ui/telegram/telegram_paper_stock_v1.png
Loading resource: res://.godot/imported/telegram_paper_stock_v1.png-6da8e34d237a3bb83d7695aa967c7cff.ctex remapped: res://.godot/imported/telegram_paper_stock_v1.png-6da8e34d237a3bb83d7695aa967c7cff.ctex
Completed load for: 'res://assets/ui/telegram/telegram_paper_stock_v1.png' remapped 'res://assets/ui/telegram/telegram_paper_stock_v1.png' at thread -1
Loading resource: res://assets/fonts/courier_prime/CourierPrime-Regular.ttf remapped: res://assets/fonts/courier_prime/CourierPrime-Regular.ttf
Loading resource: res://.godot/imported/CourierPrime-Regular.ttf-b33a163554302b210ef6aef62fa4168a.fontdata remapped: res://.godot/imported/CourierPrime-Regular.ttf-b33a163554302b210ef6aef62fa4168a.fontdata
Completed load for: 'res://assets/fonts/courier_prime/CourierPrime-Regular.ttf' remapped 'res://assets/fonts/courier_prime/CourierPrime-Regular.ttf' at thread -1
Loading resource: res://assets/fonts/courier_prime/CourierPrime-Bold.ttf remapped: res://assets/fonts/courier_prime/CourierPrime-Bold.ttf
Loading resource: res://.godot/imported/CourierPrime-Bold.ttf-bf7a7031d9489227399d79b38e4a3e43.fontdata remapped: res://.godot/imported/CourierPrime-Bold.ttf-bf7a7031d9489227399d79b38e4a3e43.fontdata
Completed load for: 'res://assets/fonts/courier_prime/CourierPrime-Bold.ttf' remapped 'res://assets/fonts/courier_prime/CourierPrime-Bold.ttf' at thread -1
Loading resource: res://assets/audio/viral_seed.ogg remapped: res://assets/audio/viral_seed.ogg
Loading resource: res://.godot/imported/viral_seed.ogg-befc5f05d706188204c710ae7bb333d9.oggvorbisstr remapped: res://.godot/imported/viral_seed.ogg-befc5f05d706188204c710ae7bb333d9.oggvorbisstr
Completed load for: 'res://assets/audio/viral_seed.ogg' remapped 'res://assets/audio/viral_seed.ogg' at thread -1
Completed load for: 'res://scripts/building/orison_v2_runtime_root.gd' remapped 'res://scripts/building/orison_v2_runtime_root.gd' at thread -1
Completed load for: 'res://scenes/building/orison_v2_runtime.tscn' remapped 'res://scenes/building/orison_v2_runtime.tscn' at thread -1
Completed load for: 'res://tests/world_time_coherence_test.gd' remapped 'res://tests/world_time_coherence_test.gd' at thread -1
Completed load for: 'res://tests/WorldTimeCoherenceTest.tscn' remapped 'res://tests/WorldTimeCoherenceTest.tscn' at thread -1
[ACOUSTIC] 550 nodes loaded
[WORLD TIME] PASS two-day duration retains all 2885 minutes
[WORLD TIME] PASS absolute event timestamp retains its day
[WORLD TIME] PASS attention duration does not wrap after midnight or a full day
[WORLD TIME] PASS Saturday20:00 campaign fixture configured
[SCHEDULE] director live: 18 residents on the clock
[WORLD TIME] PASS V2 presence uses campaign Saturday20:00 bar visit, not stale03:00 ecosystem
[WORLD TIME] PASS V2 presence distinguishes Sunday20:00 at home from Saturday bar visit
[WORLD TIME] PASS sky presentation override cannot change schedule minute
[WORLD TIME] PASS explicit schedule test minute remains available
[WORLD TIME] PASS legacy facts and original timestamps survive with unresolved-day annotation
[WORLD TIME] PASS ambiguous legacy offer cannot manufacture a neglect duration
[WORLD TIME] PASS new attested attention establishes a valid deadline without resetting old facts
[WORLD TIME] PASS observation history preserves unknown legacy days and dates new facts absolutely
[WORLD TIME] PASS unknown legacy porter deadline retains intent without inventing departure
[WORLD TIME] PASS migration save parent created by harness
[WORLD TIME] PASS legacy timestamp ambiguity survives real save/load without reset
[WORLD TIME] PASS no waking root means no automatic campaign advance
[WORLD TIME] PASS overlapping roots advance once despite presentation overrides
[WORLD TIME] PASS explicit campaign freeze stops automatic advancement
[WORLD TIME] PASS game pause freezes campaign advancement
[WORLD TIME] PASS deterministic test freeze hook is independent of presentation
Loading resource: res://assets/audio/freesound/processed/mechanical/mechanical_hum_loop.ogg remapped: res://assets/audio/freesound/processed/mechanical/mechanical_hum_loop.ogg
Loading resource: res://.godot/imported/mechanical_hum_loop.ogg-16d994b76a10c4bbddeae4185625eb8c.oggvorbisstr remapped: res://.godot/imported/mechanical_hum_loop.ogg-16d994b76a10c4bbddeae4185625eb8c.oggvorbisstr
Completed load for: 'res://assets/audio/freesound/processed/mechanical/mechanical_hum_loop.ogg' remapped 'res://assets/audio/freesound/processed/mechanical/mechanical_hum_loop.ogg' at thread -1
Loading resource: res://scenes/building/orison_root.tscn remapped: res://scenes/building/orison_root.tscn
Loading resource: res://scripts/building/building_root.gd remapped: res://scripts/building/building_root.gd
Loading resource: res://shaders/planar_mirror.gdshader remapped: res://shaders/planar_mirror.gdshader
Completed load for: 'res://shaders/planar_mirror.gdshader' remapped 'res://shaders/planar_mirror.gdshader' at thread -1
Loading resource: res://assets/building/textures/signage/orison_century_entry_door_albedo_v1.png remapped: res://assets/building/textures/signage/orison_century_entry_door_albedo_v1.png
Loading resource: res://.godot/imported/orison_century_entry_door_albedo_v1.png-f053c4e781246c464c942ce8f396e3df.ctex remapped: res://.godot/imported/orison_century_entry_door_albedo_v1.png-f053c4e781246c464c942ce8f396e3df.ctex
Completed load for: 'res://assets/building/textures/signage/orison_century_entry_door_albedo_v1.png' remapped 'res://assets/building/textures/signage/orison_century_entry_door_albedo_v1.png' at thread -1
Loading resource: res://shaders/floor_coverage.gdshader remapped: res://shaders/floor_coverage.gdshader
Completed load for: 'res://shaders/floor_coverage.gdshader' remapped 'res://shaders/floor_coverage.gdshader' at thread -1
Loading resource: res://shaders/orison_surface.gdshader remapped: res://shaders/orison_surface.gdshader
Loading resource: res://shaders/orison_surface.gdshaderinc remapped: res://shaders/orison_surface.gdshaderinc
Loading resource: res://shaders/dream_corruption_layers.gdshaderinc remapped: res://shaders/dream_corruption_layers.gdshaderinc
Completed load for: 'res://shaders/dream_corruption_layers.gdshaderinc' remapped 'res://shaders/dream_corruption_layers.gdshaderinc' at thread -1
Completed load for: 'res://shaders/orison_surface.gdshaderinc' remapped 'res://shaders/orison_surface.gdshaderinc' at thread -1
Completed load for: 'res://shaders/orison_surface.gdshader' remapped 'res://shaders/orison_surface.gdshader' at thread -1
Loading resource: res://shaders/orison_surface_cutout.gdshader remapped: res://shaders/orison_surface_cutout.gdshader
Completed load for: 'res://shaders/orison_surface_cutout.gdshader' remapped 'res://shaders/orison_surface_cutout.gdshader' at thread -1
Loading resource: res://assets/building/textures/signage/aged_brass_quadrants_v1.png remapped: res://assets/building/textures/signage/aged_brass_quadrants_v1.png
Loading resource: res://.godot/imported/aged_brass_quadrants_v1.png-28266065a4bd3b6eebe0e9b1e3ddbe36.ctex remapped: res://.godot/imported/aged_brass_quadrants_v1.png-28266065a4bd3b6eebe0e9b1e3ddbe36.ctex
Completed load for: 'res://assets/building/textures/signage/aged_brass_quadrants_v1.png' remapped 'res://assets/building/textures/signage/aged_brass_quadrants_v1.png' at thread -1
Loading resource: res://assets/building/textures/signage/engraved_plates.png remapped: res://assets/building/textures/signage/engraved_plates.png
Loading resource: res://.godot/imported/engraved_plates.png-d216d7c3d1741022a73ce58ea4a3cfa6.ctex remapped: res://.godot/imported/engraved_plates.png-d216d7c3d1741022a73ce58ea4a3cfa6.ctex
Completed load for: 'res://assets/building/textures/signage/engraved_plates.png' remapped 'res://assets/building/textures/signage/engraved_plates.png' at thread -1
Loading resource: res://shaders/dream_tentacle.gdshader remapped: res://shaders/dream_tentacle.gdshader
Loading resource: res://shaders/dream_entity_surface.gdshaderinc remapped: res://shaders/dream_entity_surface.gdshaderinc
Completed load for: 'res://shaders/dream_entity_surface.gdshaderinc' remapped 'res://shaders/dream_entity_surface.gdshaderinc' at thread -1
Completed load for: 'res://shaders/dream_tentacle.gdshader' remapped 'res://shaders/dream_tentacle.gdshader' at thread -1
Loading resource: res://shaders/dream_eye.gdshader remapped: res://shaders/dream_eye.gdshader
Completed load for: 'res://shaders/dream_eye.gdshader' remapped 'res://shaders/dream_eye.gdshader' at thread -1
Loading resource: res://shaders/dream_eyelid.gdshader remapped: res://shaders/dream_eyelid.gdshader
Completed load for: 'res://shaders/dream_eyelid.gdshader' remapped 'res://shaders/dream_eyelid.gdshader' at thread -1
Loading resource: res://shaders/dream_cilia.gdshader remapped: res://shaders/dream_cilia.gdshader
Completed load for: 'res://shaders/dream_cilia.gdshader' remapped 'res://shaders/dream_cilia.gdshader' at thread -1
Loading resource: res://shaders/dream_crystal.gdshader remapped: res://shaders/dream_crystal.gdshader
Completed load for: 'res://shaders/dream_crystal.gdshader' remapped 'res://shaders/dream_crystal.gdshader' at thread -1
Loading resource: res://shaders/dream_gold.gdshader remapped: res://shaders/dream_gold.gdshader
Completed load for: 'res://shaders/dream_gold.gdshader' remapped 'res://shaders/dream_gold.gdshader' at thread -1
Loading resource: res://shaders/dream_sucker.gdshader remapped: res://shaders/dream_sucker.gdshader
Completed load for: 'res://shaders/dream_sucker.gdshader' remapped 'res://shaders/dream_sucker.gdshader' at thread -1
Loading resource: res://shaders/dream_membrane.gdshader remapped: res://shaders/dream_membrane.gdshader
Completed load for: 'res://shaders/dream_membrane.gdshader' remapped 'res://shaders/dream_membrane.gdshader' at thread -1
Loading resource: res://shaders/dream_tendrils.gdshader remapped: res://shaders/dream_tendrils.gdshader
Completed load for: 'res://shaders/dream_tendrils.gdshader' remapped 'res://shaders/dream_tendrils.gdshader' at thread -1
Loading resource: res://assets/dream/tentacle/dream_tentacle.glb remapped: res://assets/dream/tentacle/dream_tentacle.glb
Loading resource: res://.godot/imported/dream_tentacle.glb-163cd22d73288c3d2a827fb5c0d691fa.scn remapped: res://.godot/imported/dream_tentacle.glb-163cd22d73288c3d2a827fb5c0d691fa.scn
Completed load for: 'res://assets/dream/tentacle/dream_tentacle.glb' remapped 'res://assets/dream/tentacle/dream_tentacle.glb' at thread -1
Loading resource: res://shaders/dream_hero_skin.gdshader remapped: res://shaders/dream_hero_skin.gdshader
Completed load for: 'res://shaders/dream_hero_skin.gdshader' remapped 'res://shaders/dream_hero_skin.gdshader' at thread -1
Loading resource: res://assets/dream/tentacle/T_dream_hero_anatomy.png remapped: res://assets/dream/tentacle/T_dream_hero_anatomy.png
Loading resource: res://.godot/imported/T_dream_hero_anatomy.png-e735c6abb05508b4e4c43633a35d83f1.ctex remapped: res://.godot/imported/T_dream_hero_anatomy.png-e735c6abb05508b4e4c43633a35d83f1.ctex
Completed load for: 'res://assets/dream/tentacle/T_dream_hero_anatomy.png' remapped 'res://assets/dream/tentacle/T_dream_hero_anatomy.png' at thread -1
Loading resource: res://shaders/dream_residue.gdshader remapped: res://shaders/dream_residue.gdshader
Completed load for: 'res://shaders/dream_residue.gdshader' remapped 'res://shaders/dream_residue.gdshader' at thread -1
Loading resource: res://shaders/dream_critter.gdshader remapped: res://shaders/dream_critter.gdshader
Completed load for: 'res://shaders/dream_critter.gdshader' remapped 'res://shaders/dream_critter.gdshader' at thread -1
Loading resource: res://shaders/dream_palp.gdshader remapped: res://shaders/dream_palp.gdshader
Completed load for: 'res://shaders/dream_palp.gdshader' remapped 'res://shaders/dream_palp.gdshader' at thread -1
Loading resource: res://assets/ui/title/orison_original_advert_lobby_v1.png remapped: res://assets/ui/title/orison_original_advert_lobby_v1.png
Loading resource: res://.godot/imported/orison_original_advert_lobby_v1.png-b45097ae2b0f24de00c2e9d66019c2c3.ctex remapped: res://.godot/imported/orison_original_advert_lobby_v1.png-b45097ae2b0f24de00c2e9d66019c2c3.ctex
Completed load for: 'res://assets/ui/title/orison_original_advert_lobby_v1.png' remapped 'res://assets/ui/title/orison_original_advert_lobby_v1.png' at thread -1
Completed load for: 'res://scripts/building/building_root.gd' remapped 'res://scripts/building/building_root.gd' at thread -1
Completed load for: 'res://scenes/building/orison_root.tscn' remapped 'res://scenes/building/orison_root.tscn' at thread -1
[WORLD TIME] PASS invalid calendar refuses active world publication: orison_root.tscn
[WORLD TIME] PASS invalid calendar creates no ecosystem or knowledge: orison_root.tscn
[WORLD TIME] PASS invalid calendar refuses active world publication: orison_v2_runtime.tscn
[WORLD TIME] PASS invalid calendar creates no ecosystem or knowledge: orison_v2_runtime.tscn
ORISON V2 BLOCKOUT: 50 spaces / 21 doors / 48 anchors
Loading resource: res://assets/building/textures/T_ai_materials_bakelite_black_albedo.png remapped: res://assets/building/textures/T_ai_materials_bakelite_black_albedo.png
Loading resource: res://.godot/imported/T_ai_materials_bakelite_black_albedo.png-7d9915a4f20c2a48a3bbf6eef983ade1.ctex remapped: res://.godot/imported/T_ai_materials_bakelite_black_albedo.png-7d9915a4f20c2a48a3bbf6eef983ade1.ctex
Completed load for: 'res://assets/building/textures/T_ai_materials_bakelite_black_albedo.png' remapped 'res://assets/building/textures/T_ai_materials_bakelite_black_albedo.png' at thread -1
Loading resource: res://assets/building/textures/T_ai_materials_bakelite_black_rough.png remapped: res://assets/building/textures/T_ai_materials_bakelite_black_rough.png
Loading resource: res://.godot/imported/T_ai_materials_bakelite_black_rough.png-25bb9c71631ef93ae27c874974165856.ctex remapped: res://.godot/imported/T_ai_materials_bakelite_black_rough.png-25bb9c71631ef93ae27c874974165856.ctex
Completed load for: 'res://assets/building/textures/T_ai_materials_bakelite_black_rough.png' remapped 'res://assets/building/textures/T_ai_materials_bakelite_black_rough.png' at thread -1
Loading resource: res://assets/building/textures/T_ai_materials_bakelite_black_normal.png remapped: res://assets/building/textures/T_ai_materials_bakelite_black_normal.png
Loading resource: res://.godot/imported/T_ai_materials_bakelite_black_normal.png-f57083d47cf1ccd9352715d03c58d0a9.ctex remapped: res://.godot/imported/T_ai_materials_bakelite_black_normal.png-f57083d47cf1ccd9352715d03c58d0a9.ctex
Completed load for: 'res://assets/building/textures/T_ai_materials_bakelite_black_normal.png' remapped 'res://assets/building/textures/T_ai_materials_bakelite_black_normal.png' at thread -1
Loading resource: res://assets/building/textures/T_ai_materials_brass_mesh_albedo.png remapped: res://assets/building/textures/T_ai_materials_brass_mesh_albedo.png
Loading resource: res://.godot/imported/T_ai_materials_brass_mesh_albedo.png-c6e686cb0c9a5d6fd0e7711f79633540.ctex remapped: res://.godot/imported/T_ai_materials_brass_mesh_albedo.png-c6e686cb0c9a5d6fd0e7711f79633540.ctex
Completed load for: 'res://assets/building/textures/T_ai_materials_brass_mesh_albedo.png' remapped 'res://assets/building/textures/T_ai_materials_brass_mesh_albedo.png' at thread -1
Loading resource: res://assets/building/textures/T_ai_materials_brass_mesh_rough.png remapped: res://assets/building/textures/T_ai_materials_brass_mesh_rough.png
Loading resource: res://.godot/imported/T_ai_materials_brass_mesh_rough.png-da4a57e83ece6ad8139c99e49634de6a.ctex remapped: res://.godot/imported/T_ai_materials_brass_mesh_rough.png-da4a57e83ece6ad8139c99e49634de6a.ctex
Completed load for: 'res://assets/building/textures/T_ai_materials_brass_mesh_rough.png' remapped 'res://assets/building/textures/T_ai_materials_brass_mesh_rough.png' at thread -1
Loading resource: res://assets/building/textures/T_ai_materials_brass_mesh_normal.png remapped: res://assets/building/textures/T_ai_materials_brass_mesh_normal.png
Loading resource: res://.godot/imported/T_ai_materials_brass_mesh_normal.png-14a5899c95c8dd051fba5fe946de3dbf.ctex remapped: res://.godot/imported/T_ai_materials_brass_mesh_normal.png-14a5899c95c8dd051fba5fe946de3dbf.ctex
Completed load for: 'res://assets/building/textures/T_ai_materials_brass_mesh_normal.png' remapped 'res://assets/building/textures/T_ai_materials_brass_mesh_normal.png' at thread -1
Loading resource: res://assets/building/textures/T_library_furniture_linen_albedo.png remapped: res://assets/building/textures/T_library_furniture_linen_albedo.png
Loading resource: res://.godot/imported/T_library_furniture_linen_albedo.png-5db9f5a1934f31d2b298659aee188e18.ctex remapped: res://.godot/imported/T_library_furniture_linen_albedo.png-5db9f5a1934f31d2b298659aee188e18.ctex
Completed load for: 'res://assets/building/textures/T_library_furniture_linen_albedo.png' remapped 'res://assets/building/textures/T_library_furniture_linen_albedo.png' at thread -1
Loading resource: res://assets/building/textures/T_library_furniture_linen_rough.png remapped: res://assets/building/textures/T_library_furniture_linen_rough.png
Loading resource: res://.godot/imported/T_library_furniture_linen_rough.png-78935a8eb3b841d9708cb704d43364ff.ctex remapped: res://.godot/imported/T_library_furniture_linen_rough.png-78935a8eb3b841d9708cb704d43364ff.ctex
Completed load for: 'res://assets/building/textures/T_library_furniture_linen_rough.png' remapped 'res://assets/building/textures/T_library_furniture_linen_rough.png' at thread -1
Loading resource: res://assets/building/textures/T_library_furniture_linen_normal.png remapped: res://assets/building/textures/T_library_furniture_linen_normal.png
Loading resource: res://.godot/imported/T_library_furniture_linen_normal.png-af81f5ff4c6ed27e88a7a06666829584.ctex remapped: res://.godot/imported/T_library_furniture_linen_normal.png-af81f5ff4c6ed27e88a7a06666829584.ctex
Completed load for: 'res://assets/building/textures/T_library_furniture_linen_normal.png' remapped 'res://assets/building/textures/T_library_furniture_linen_normal.png' at thread -1
Loading resource: res://assets/building/textures/T_ai_materials_copper_aged_albedo.png remapped: res://assets/building/textures/T_ai_materials_copper_aged_albedo.png
Loading resource: res://.godot/imported/T_ai_materials_copper_aged_albedo.png-12131203a862c3eef154ff62c653650c.ctex remapped: res://.godot/imported/T_ai_materials_copper_aged_albedo.png-12131203a862c3eef154ff62c653650c.ctex
Completed load for: 'res://assets/building/textures/T_ai_materials_copper_aged_albedo.png' remapped 'res://assets/building/textures/T_ai_materials_copper_aged_albedo.png' at thread -1
Loading resource: res://assets/building/textures/T_ai_materials_copper_aged_rough.png remapped: res://assets/building/textures/T_ai_materials_copper_aged_rough.png
Loading resource: res://.godot/imported/T_ai_materials_copper_aged_rough.png-57c4fbd07216e6a35e054e82bc4ee93d.ctex remapped: res://.godot/imported/T_ai_materials_copper_aged_rough.png-57c4fbd07216e6a35e054e82bc4ee93d.ctex
Completed load for: 'res://assets/building/textures/T_ai_materials_copper_aged_rough.png' remapped 'res://assets/building/textures/T_ai_materials_copper_aged_rough.png' at thread -1
Loading resource: res://assets/building/textures/T_ai_materials_copper_aged_normal.png remapped: res://assets/building/textures/T_ai_materials_copper_aged_normal.png
Loading resource: res://.godot/imported/T_ai_materials_copper_aged_normal.png-84ca44fb676922a225473347f3b0fded.ctex remapped: res://.godot/imported/T_ai_materials_copper_aged_normal.png-84ca44fb676922a225473347f3b0fded.ctex
Completed load for: 'res://assets/building/textures/T_ai_materials_copper_aged_normal.png' remapped 'res://assets/building/textures/T_ai_materials_copper_aged_normal.png' at thread -1
Loading resource: res://assets/building/textures/T_ai_materials_indicator_enamel_albedo.png remapped: res://assets/building/textures/T_ai_materials_indicator_enamel_albedo.png
Loading resource: res://.godot/imported/T_ai_materials_indicator_enamel_albedo.png-40900fe57bfb2590b507fecbe427ec4e.ctex remapped: res://.godot/imported/T_ai_materials_indicator_enamel_albedo.png-40900fe57bfb2590b507fecbe427ec4e.ctex
Completed load for: 'res://assets/building/textures/T_ai_materials_indicator_enamel_albedo.png' remapped 'res://assets/building/textures/T_ai_materials_indicator_enamel_albedo.png' at thread -1
Loading resource: res://assets/building/textures/T_ai_materials_indicator_enamel_rough.png remapped: res://assets/building/textures/T_ai_materials_indicator_enamel_rough.png
Loading resource: res://.godot/imported/T_ai_materials_indicator_enamel_rough.png-7af5ab0518475e7fe6b57661c8df9479.ctex remapped: res://.godot/imported/T_ai_materials_indicator_enamel_rough.png-7af5ab0518475e7fe6b57661c8df9479.ctex
Completed load for: 'res://assets/building/textures/T_ai_materials_indicator_enamel_rough.png' remapped 'res://assets/building/textures/T_ai_materials_indicator_enamel_rough.png' at thread -1
Loading resource: res://assets/building/textures/T_ai_materials_indicator_enamel_normal.png remapped: res://assets/building/textures/T_ai_materials_indicator_enamel_normal.png
Loading resource: res://.godot/imported/T_ai_materials_indicator_enamel_normal.png-6ef0fd147fe1d0bcbf5b046d278689fb.ctex remapped: res://.godot/imported/T_ai_materials_indicator_enamel_normal.png-6ef0fd147fe1d0bcbf5b046d278689fb.ctex
Completed load for: 'res://assets/building/textures/T_ai_materials_indicator_enamel_normal.png' remapped 'res://assets/building/textures/T_ai_materials_indicator_enamel_normal.png' at thread -1
Loading resource: res://assets/building/textures/mailbank/T_mailbank_brass_albedo.png remapped: res://assets/building/textures/mailbank/T_mailbank_brass_albedo.png
Loading resource: res://.godot/imported/T_mailbank_brass_albedo.png-2142dc3953217707fae96d1ab5cdd41d.ctex remapped: res://.godot/imported/T_mailbank_brass_albedo.png-2142dc3953217707fae96d1ab5cdd41d.ctex
Completed load for: 'res://assets/building/textures/mailbank/T_mailbank_brass_albedo.png' remapped 'res://assets/building/textures/mailbank/T_mailbank_brass_albedo.png' at thread -1
Loading resource: res://assets/building/textures/mailbank/T_mailbank_brass_rough.png remapped: res://assets/building/textures/mailbank/T_mailbank_brass_rough.png
Loading resource: res://.godot/imported/T_mailbank_brass_rough.png-d033f41385e15a8726aa7e6e3416e6cd.ctex remapped: res://.godot/imported/T_mailbank_brass_rough.png-d033f41385e15a8726aa7e6e3416e6cd.ctex
Completed load for: 'res://assets/building/textures/mailbank/T_mailbank_brass_rough.png' remapped 'res://assets/building/textures/mailbank/T_mailbank_brass_rough.png' at thread -1
Loading resource: res://assets/building/textures/mailbank/T_mailbank_header.png remapped: res://assets/building/textures/mailbank/T_mailbank_header.png
Loading resource: res://.godot/imported/T_mailbank_header.png-109a1e3b1aa88fa9a6043ad8a67b8bb0.ctex remapped: res://.godot/imported/T_mailbank_header.png-109a1e3b1aa88fa9a6043ad8a67b8bb0.ctex
Completed load for: 'res://assets/building/textures/mailbank/T_mailbank_header.png' remapped 'res://assets/building/textures/mailbank/T_mailbank_header.png' at thread -1
Loading resource: res://assets/building/textures/mailbank/T_mailbank_cards.png remapped: res://assets/building/textures/mailbank/T_mailbank_cards.png
Loading resource: res://.godot/imported/T_mailbank_cards.png-204f4958038d9befcc58fecf0e91adc3.ctex remapped: res://.godot/imported/T_mailbank_cards.png-204f4958038d9befcc58fecf0e91adc3.ctex
Completed load for: 'res://assets/building/textures/mailbank/T_mailbank_cards.png' remapped 'res://assets/building/textures/mailbank/T_mailbank_cards.png' at thread -1
Loading resource: res://assets/audio/freesound/processed/mechanical/metal_tick.ogg remapped: res://assets/audio/freesound/processed/mechanical/metal_tick.ogg
Loading resource: res://.godot/imported/metal_tick.ogg-b1c95a215b3a6ae349163e1f09294533.oggvorbisstr remapped: res://.godot/imported/metal_tick.ogg-b1c95a215b3a6ae349163e1f09294533.oggvorbisstr
Completed load for: 'res://assets/audio/freesound/processed/mechanical/metal_tick.ogg' remapped 'res://assets/audio/freesound/processed/mechanical/metal_tick.ogg' at thread -1
Loading resource: res://assets/audio/freesound/processed/mechanical/pipe_knock.ogg remapped: res://assets/audio/freesound/processed/mechanical/pipe_knock.ogg
Loading resource: res://.godot/imported/pipe_knock.ogg-896a926570ba74a7f6738c1157bd70e5.oggvorbisstr remapped: res://.godot/imported/pipe_knock.ogg-896a926570ba74a7f6738c1157bd70e5.oggvorbisstr
Completed load for: 'res://assets/audio/freesound/processed/mechanical/pipe_knock.ogg' remapped 'res://assets/audio/freesound/processed/mechanical/pipe_knock.ogg' at thread -1
Loading resource: res://assets/audio/freesound/processed/mechanical/appliance_pop.ogg remapped: res://assets/audio/freesound/processed/mechanical/appliance_pop.ogg
Loading resource: res://.godot/imported/appliance_pop.ogg-4f80c379b9967c5c068128cb15ae7a4d.oggvorbisstr remapped: res://.godot/imported/appliance_pop.ogg-4f80c379b9967c5c068128cb15ae7a4d.oggvorbisstr
Completed load for: 'res://assets/audio/freesound/processed/mechanical/appliance_pop.ogg' remapped 'res://assets/audio/freesound/processed/mechanical/appliance_pop.ogg' at thread -1
Loading resource: res://assets/building/textures/T_ai_materials_cast_iron_albedo.png remapped: res://assets/building/textures/T_ai_materials_cast_iron_albedo.png
Loading resource: res://.godot/imported/T_ai_materials_cast_iron_albedo.png-57e1e054c7e682f012f7d336fdfafae3.ctex remapped: res://.godot/imported/T_ai_materials_cast_iron_albedo.png-57e1e054c7e682f012f7d336fdfafae3.ctex
Completed load for: 'res://assets/building/textures/T_ai_materials_cast_iron_albedo.png' remapped 'res://assets/building/textures/T_ai_materials_cast_iron_albedo.png' at thread -1
Loading resource: res://assets/building/textures/T_ai_materials_cast_iron_rough.png remapped: res://assets/building/textures/T_ai_materials_cast_iron_rough.png
Loading resource: res://.godot/imported/T_ai_materials_cast_iron_rough.png-b74900f724ba3730c064ef87fba03915.ctex remapped: res://.godot/imported/T_ai_materials_cast_iron_rough.png-b74900f724ba3730c064ef87fba03915.ctex
Completed load for: 'res://assets/building/textures/T_ai_materials_cast_iron_rough.png' remapped 'res://assets/building/textures/T_ai_materials_cast_iron_rough.png' at thread -1
Loading resource: res://assets/building/textures/T_ai_materials_cast_iron_normal.png remapped: res://assets/building/textures/T_ai_materials_cast_iron_normal.png
Loading resource: res://.godot/imported/T_ai_materials_cast_iron_normal.png-ed572bca8a831db5f0b075724bdbe756.ctex remapped: res://.godot/imported/T_ai_materials_cast_iron_normal.png-ed572bca8a831db5f0b075724bdbe756.ctex
Completed load for: 'res://assets/building/textures/T_ai_materials_cast_iron_normal.png' remapped 'res://assets/building/textures/T_ai_materials_cast_iron_normal.png' at thread -1
Loading resource: res://assets/building/textures/T_library_appliances_galvanized_metal_worn_metal_albedo.png remapped: res://assets/building/textures/T_library_appliances_galvanized_metal_worn_metal_albedo.png
Loading resource: res://.godot/imported/T_library_appliances_galvanized_metal_worn_metal_albedo.png-0e65725f039934d0e52144a560b63b64.ctex remapped: res://.godot/imported/T_library_appliances_galvanized_metal_worn_metal_albedo.png-0e65725f039934d0e52144a560b63b64.ctex
Completed load for: 'res://assets/building/textures/T_library_appliances_galvanized_metal_worn_metal_albedo.png' remapped 'res://assets/building/textures/T_library_appliances_galvanized_metal_worn_metal_albedo.png' at thread -1
Loading resource: res://assets/building/textures/T_library_appliances_galvanized_metal_worn_metal_rough.png remapped: res://assets/building/textures/T_library_appliances_galvanized_metal_worn_metal_rough.png
Loading resource: res://.godot/imported/T_library_appliances_galvanized_metal_worn_metal_rough.png-3ce7d1a7640581cc5ddd8c689701dd1d.ctex remapped: res://.godot/imported/T_library_appliances_galvanized_metal_worn_metal_rough.png-3ce7d1a7640581cc5ddd8c689701dd1d.ctex
Completed load for: 'res://assets/building/textures/T_library_appliances_galvanized_metal_worn_metal_rough.png' remapped 'res://assets/building/textures/T_library_appliances_galvanized_metal_worn_metal_rough.png' at thread -1
Loading resource: res://assets/building/textures/T_library_appliances_galvanized_metal_normal.png remapped: res://assets/building/textures/T_library_appliances_galvanized_metal_normal.png
Loading resource: res://.godot/imported/T_library_appliances_galvanized_metal_normal.png-304b9a3634b3ee78f216e936acaadb71.ctex remapped: res://.godot/imported/T_library_appliances_galvanized_metal_normal.png-304b9a3634b3ee78f216e936acaadb71.ctex
Completed load for: 'res://assets/building/textures/T_library_appliances_galvanized_metal_normal.png' remapped 'res://assets/building/textures/T_library_appliances_galvanized_metal_normal.png' at thread -1
Loading resource: res://assets/building/textures/T_ai_materials_brass_dull_albedo.png remapped: res://assets/building/textures/T_ai_materials_brass_dull_albedo.png
Loading resource: res://.godot/imported/T_ai_materials_brass_dull_albedo.png-e8b0b415c8630a055006aeb0757adc6f.ctex remapped: res://.godot/imported/T_ai_materials_brass_dull_albedo.png-e8b0b415c8630a055006aeb0757adc6f.ctex
Completed load for: 'res://assets/building/textures/T_ai_materials_brass_dull_albedo.png' remapped 'res://assets/building/textures/T_ai_materials_brass_dull_albedo.png' at thread -1
Loading resource: res://assets/building/textures/T_ai_materials_brass_dull_rough.png remapped: res://assets/building/textures/T_ai_materials_brass_dull_rough.png
Loading resource: res://.godot/imported/T_ai_materials_brass_dull_rough.png-1660078479110e73cfb16b45fb078227.ctex remapped: res://.godot/imported/T_ai_materials_brass_dull_rough.png-1660078479110e73cfb16b45fb078227.ctex
Completed load for: 'res://assets/building/textures/T_ai_materials_brass_dull_rough.png' remapped 'res://assets/building/textures/T_ai_materials_brass_dull_rough.png' at thread -1
Loading resource: res://assets/building/textures/T_ai_materials_brass_dull_normal.png remapped: res://assets/building/textures/T_ai_materials_brass_dull_normal.png
Loading resource: res://.godot/imported/T_ai_materials_brass_dull_normal.png-3cb54c21bda657c056106237601c5117.ctex remapped: res://.godot/imported/T_ai_materials_brass_dull_normal.png-3cb54c21bda657c056106237601c5117.ctex
Completed load for: 'res://assets/building/textures/T_ai_materials_brass_dull_normal.png' remapped 'res://assets/building/textures/T_ai_materials_brass_dull_normal.png' at thread -1
Loading resource: res://assets/audio/freesound/processed/events/radiator_whistle.ogg remapped: res://assets/audio/freesound/processed/events/radiator_whistle.ogg
Loading resource: res://.godot/imported/radiator_whistle.ogg-3123443dfdfae1c6faad0154f9675c54.oggvorbisstr remapped: res://.godot/imported/radiator_whistle.ogg-3123443dfdfae1c6faad0154f9675c54.oggvorbisstr
Completed load for: 'res://assets/audio/freesound/processed/events/radiator_whistle.ogg' remapped 'res://assets/audio/freesound/processed/events/radiator_whistle.ogg' at thread -1
Loading resource: res://assets/building/textures/T_ai_materials_soot_worn_soot_albedo.png remapped: res://assets/building/textures/T_ai_materials_soot_worn_soot_albedo.png
Loading resource: res://.godot/imported/T_ai_materials_soot_worn_soot_albedo.png-e4a5924385b9e7a0e69affd4b6ff667c.ctex remapped: res://.godot/imported/T_ai_materials_soot_worn_soot_albedo.png-e4a5924385b9e7a0e69affd4b6ff667c.ctex
Completed load for: 'res://assets/building/textures/T_ai_materials_soot_worn_soot_albedo.png' remapped 'res://assets/building/textures/T_ai_materials_soot_worn_soot_albedo.png' at thread -1
Loading resource: res://assets/building/textures/T_ai_materials_soot_worn_soot_rough.png remapped: res://assets/building/textures/T_ai_materials_soot_worn_soot_rough.png
Loading resource: res://.godot/imported/T_ai_materials_soot_worn_soot_rough.png-d0f0b537724fc4c0b22d04bb08056193.ctex remapped: res://.godot/imported/T_ai_materials_soot_worn_soot_rough.png-d0f0b537724fc4c0b22d04bb08056193.ctex
Completed load for: 'res://assets/building/textures/T_ai_materials_soot_worn_soot_rough.png' remapped 'res://assets/building/textures/T_ai_materials_soot_worn_soot_rough.png' at thread -1
Loading resource: res://assets/building/textures/T_ai_materials_soot_normal.png remapped: res://assets/building/textures/T_ai_materials_soot_normal.png
Loading resource: res://.godot/imported/T_ai_materials_soot_normal.png-7fe43d97ecb5c52915f6ce58f6a9d294.ctex remapped: res://.godot/imported/T_ai_materials_soot_normal.png-7fe43d97ecb5c52915f6ce58f6a9d294.ctex
Completed load for: 'res://assets/building/textures/T_ai_materials_soot_normal.png' remapped 'res://assets/building/textures/T_ai_materials_soot_normal.png' at thread -1
Loading resource: res://assets/building/textures/T_library_furniture_aged_paper_albedo.png remapped: res://assets/building/textures/T_library_furniture_aged_paper_albedo.png
Loading resource: res://.godot/imported/T_library_furniture_aged_paper_albedo.png-47800aaa1e76686a6c8999b19e868e9d.s3tc.ctex remapped: res://.godot/imported/T_library_furniture_aged_paper_albedo.png-47800aaa1e76686a6c8999b19e868e9d.s3tc.ctex
Completed load for: 'res://assets/building/textures/T_library_furniture_aged_paper_albedo.png' remapped 'res://assets/building/textures/T_library_furniture_aged_paper_albedo.png' at thread -1
Loading resource: res://assets/building/textures/T_library_furniture_aged_paper_rough.png remapped: res://assets/building/textures/T_library_furniture_aged_paper_rough.png
Loading resource: res://.godot/imported/T_library_furniture_aged_paper_rough.png-d3ba2c4cb9358bc849e4635d88c48402.s3tc.ctex remapped: res://.godot/imported/T_library_furniture_aged_paper_rough.png-d3ba2c4cb9358bc849e4635d88c48402.s3tc.ctex
Completed load for: 'res://assets/building/textures/T_library_furniture_aged_paper_rough.png' remapped 'res://assets/building/textures/T_library_furniture_aged_paper_rough.png' at thread -1
Loading resource: res://assets/building/textures/T_library_furniture_aged_paper_normal.png remapped: res://assets/building/textures/T_library_furniture_aged_paper_normal.png
Loading resource: res://.godot/imported/T_library_furniture_aged_paper_normal.png-ca70786f182c2b579a11006603977590.s3tc.ctex remapped: res://.godot/imported/T_library_furniture_aged_paper_normal.png-ca70786f182c2b579a11006603977590.s3tc.ctex
Completed load for: 'res://assets/building/textures/T_library_furniture_aged_paper_normal.png' remapped 'res://assets/building/textures/T_library_furniture_aged_paper_normal.png' at thread -1
Loading resource: res://assets/audio/freesound/processed/mechanical/building_thud.ogg remapped: res://assets/audio/freesound/processed/mechanical/building_thud.ogg
Loading resource: res://.godot/imported/building_thud.ogg-b432e72d9b9718bff14d9dc0283ae814.oggvorbisstr remapped: res://.godot/imported/building_thud.ogg-b432e72d9b9718bff14d9dc0283ae814.oggvorbisstr
Completed load for: 'res://assets/audio/freesound/processed/mechanical/building_thud.ogg' remapped 'res://assets/audio/freesound/processed/mechanical/building_thud.ogg' at thread -1
Loading resource: res://assets/audio/freesound/processed/mechanical/timber_creak.ogg remapped: res://assets/audio/freesound/processed/mechanical/timber_creak.ogg
Loading resource: res://.godot/imported/timber_creak.ogg-681095ada9a99fb7d42195d25947d161.oggvorbisstr remapped: res://.godot/imported/timber_creak.ogg-681095ada9a99fb7d42195d25947d161.oggvorbisstr
Completed load for: 'res://assets/audio/freesound/processed/mechanical/timber_creak.ogg' remapped 'res://assets/audio/freesound/processed/mechanical/timber_creak.ogg' at thread -1
Loading resource: res://assets/building/textures/T_library_furniture_walnut_albedo.png remapped: res://assets/building/textures/T_library_furniture_walnut_albedo.png
Loading resource: res://.godot/imported/T_library_furniture_walnut_albedo.png-9d83e6768b0b08d28ab2f9a5e8fa017b.ctex remapped: res://.godot/imported/T_library_furniture_walnut_albedo.png-9d83e6768b0b08d28ab2f9a5e8fa017b.ctex
Completed load for: 'res://assets/building/textures/T_library_furniture_walnut_albedo.png' remapped 'res://assets/building/textures/T_library_furniture_walnut_albedo.png' at thread -1
Loading resource: res://assets/building/textures/T_library_furniture_walnut_rough.png remapped: res://assets/building/textures/T_library_furniture_walnut_rough.png
Loading resource: res://.godot/imported/T_library_furniture_walnut_rough.png-9759cde251b5cc10585a4adbb6b9e116.ctex remapped: res://.godot/imported/T_library_furniture_walnut_rough.png-9759cde251b5cc10585a4adbb6b9e116.ctex
Completed load for: 'res://assets/building/textures/T_library_furniture_walnut_rough.png' remapped 'res://assets/building/textures/T_library_furniture_walnut_rough.png' at thread -1
Loading resource: res://assets/building/textures/T_library_furniture_walnut_normal.png remapped: res://assets/building/textures/T_library_furniture_walnut_normal.png
Loading resource: res://.godot/imported/T_library_furniture_walnut_normal.png-8dcc8541e83592102708038ba88600d5.ctex remapped: res://.godot/imported/T_library_furniture_walnut_normal.png-8dcc8541e83592102708038ba88600d5.ctex
Completed load for: 'res://assets/building/textures/T_library_furniture_walnut_normal.png' remapped 'res://assets/building/textures/T_library_furniture_walnut_normal.png' at thread -1
Loading resource: res://assets/building/textures/T_ai_materials_nickel_plated_albedo.png remapped: res://assets/building/textures/T_ai_materials_nickel_plated_albedo.png
Loading resource: res://.godot/imported/T_ai_materials_nickel_plated_albedo.png-1cdc3be90d017453cd38c4307784907e.ctex remapped: res://.godot/imported/T_ai_materials_nickel_plated_albedo.png-1cdc3be90d017453cd38c4307784907e.ctex
Completed load for: 'res://assets/building/textures/T_ai_materials_nickel_plated_albedo.png' remapped 'res://assets/building/textures/T_ai_materials_nickel_plated_albedo.png' at thread -1
Loading resource: res://assets/building/textures/T_ai_materials_nickel_plated_rough.png remapped: res://assets/building/textures/T_ai_materials_nickel_plated_rough.png
Loading resource: res://.godot/imported/T_ai_materials_nickel_plated_rough.png-7424ed96526f67ec95e9fd94aaeeab83.ctex remapped: res://.godot/imported/T_ai_materials_nickel_plated_rough.png-7424ed96526f67ec95e9fd94aaeeab83.ctex
Completed load for: 'res://assets/building/textures/T_ai_materials_nickel_plated_rough.png' remapped 'res://assets/building/textures/T_ai_materials_nickel_plated_rough.png' at thread -1
Loading resource: res://assets/building/textures/T_ai_materials_nickel_plated_normal.png remapped: res://assets/building/textures/T_ai_materials_nickel_plated_normal.png
Loading resource: res://.godot/imported/T_ai_materials_nickel_plated_normal.png-7d5daef5795cee1f492e39e2111bec14.ctex remapped: res://.godot/imported/T_ai_materials_nickel_plated_normal.png-7d5daef5795cee1f492e39e2111bec14.ctex
Completed load for: 'res://assets/building/textures/T_ai_materials_nickel_plated_normal.png' remapped 'res://assets/building/textures/T_ai_materials_nickel_plated_normal.png' at thread -1
Loading resource: res://assets/ui/phone/mask_clean.png remapped: res://assets/ui/phone/mask_clean.png
Loading resource: res://.godot/imported/mask_clean.png-9754816ed019fdae3e3e5bb028d18c89.ctex remapped: res://.godot/imported/mask_clean.png-9754816ed019fdae3e3e5bb028d18c89.ctex
Completed load for: 'res://assets/ui/phone/mask_clean.png' remapped 'res://assets/ui/phone/mask_clean.png' at thread -1
Loading resource: res://assets/ui/phone/mask_cracked.png remapped: res://assets/ui/phone/mask_cracked.png
Loading resource: res://.godot/imported/mask_cracked.png-183f1d84ab4944c64107e0f51581b7c2.ctex remapped: res://.godot/imported/mask_cracked.png-183f1d84ab4944c64107e0f51581b7c2.ctex
Completed load for: 'res://assets/ui/phone/mask_cracked.png' remapped 'res://assets/ui/phone/mask_cracked.png' at thread -1
Loading resource: res://assets/ui/phone/mask_haze.png remapped: res://assets/ui/phone/mask_haze.png
Loading resource: res://.godot/imported/mask_haze.png-5f23b5b3aad4fa9fe7f497b52174a3ed.ctex remapped: res://.godot/imported/mask_haze.png-5f23b5b3aad4fa9fe7f497b52174a3ed.ctex
Completed load for: 'res://assets/ui/phone/mask_haze.png' remapped 'res://assets/ui/phone/mask_haze.png' at thread -1
Loading resource: res://assets/audio/freesound/processed/mechanical/line_murmur_loop.ogg remapped: res://assets/audio/freesound/processed/mechanical/line_murmur_loop.ogg
Loading resource: res://.godot/imported/line_murmur_loop.ogg-58dc2a86d2b9e887623cad7a05a443c3.oggvorbisstr remapped: res://.godot/imported/line_murmur_loop.ogg-58dc2a86d2b9e887623cad7a05a443c3.oggvorbisstr
Completed load for: 'res://assets/audio/freesound/processed/mechanical/line_murmur_loop.ogg' remapped 'res://assets/audio/freesound/processed/mechanical/line_murmur_loop.ogg' at thread -1
Loading resource: res://assets/audio/freesound/processed/mechanical/distant_breath.ogg remapped: res://assets/audio/freesound/processed/mechanical/distant_breath.ogg
Loading resource: res://.godot/imported/distant_breath.ogg-af2a52e68bd22f8abb30fdf9517346e3.oggvorbisstr remapped: res://.godot/imported/distant_breath.ogg-af2a52e68bd22f8abb30fdf9517346e3.oggvorbisstr
Completed load for: 'res://assets/audio/freesound/processed/mechanical/distant_breath.ogg' remapped 'res://assets/audio/freesound/processed/mechanical/distant_breath.ogg' at thread -1
Loading resource: res://assets/audio/freesound/processed/mechanical/operator_whistle.ogg remapped: res://assets/audio/freesound/processed/mechanical/operator_whistle.ogg
Loading resource: res://.godot/imported/operator_whistle.ogg-184bf106cc8a40bda770eae3695fc798.oggvorbisstr remapped: res://.godot/imported/operator_whistle.ogg-184bf106cc8a40bda770eae3695fc798.oggvorbisstr
Completed load for: 'res://assets/audio/freesound/processed/mechanical/operator_whistle.ogg' remapped 'res://assets/audio/freesound/processed/mechanical/operator_whistle.ogg' at thread -1
[SCHEDULE] director live: 18 residents on the clock
[ORISON V2 RUNTIME] ready startup_ms=717.174
[WORLD TIME] PASS real V2 root injects the absolute campaign clock into its ecosystem
[WORLD TIME] PASS real V2 root resolves Saturday evening presence from campaign time
[WORLD TIME] PASS real V2 situation retains multi-day duration on the shared provider
WORLD TIME COHERENCE: PASS 27/27
XR: Clearing primary interface
XR: Removed interface "Native mobile"
XR: Removed interface "OpenXR"
