C:\PleaseRemainOnTheLine\art\blender\scripts\build_laundry_fittings.py:63: DeprecationWarning: 'Material.use_nodes' is expected to be removed in Blender 6.0
  mat=bpy.data.materials.new(key);mat.use_nodes=True;materials[key]=mat
Info: Saved as "laundry_fittings.blend"
INFO Draco is available, use library at C:\Program Files\Blender Foundation\Blender 5.2\5.2\scripts\addons_core\io_scene_gltf2\bf_intern_draco_bridge.dll
INFO MeshOptimizer is available, use library at C:\Program Files\Blender Foundation\Blender 5.2\5.2\scripts\addons_core\io_scene_gltf2\bf_intern_meshopt_bridge.dll
17:01:18 | INFO: Starting glTF 2.0 export
17:01:18 | INFO: Extracting primitive: storm_shop_model_laundry_iron_pad__linen
17:01:18 | INFO: Primitives created: 1
17:01:18 | INFO: Extracting primitive: storm_shop_model_laundry_iron_table__timber
17:01:18 | INFO: Primitives created: 1
17:01:18 | INFO: Extracting primitive: storm_shop_model_laundry_parcel0_0__linen
17:01:18 | INFO: Primitives created: 1
17:01:18 | INFO: Extracting primitive: storm_shop_model_laundry_parcel0_1__linen
17:01:18 | INFO: Primitives created: 1
17:01:18 | INFO: Extracting primitive: storm_shop_model_laundry_parcel0_1__paper
17:01:18 | INFO: Primitives created: 1
17:01:18 | INFO: Extracting primitive: storm_shop_model_laundry_parcel0_2__linen
17:01:18 | INFO: Primitives created: 1
17:01:18 | INFO: Extracting primitive: storm_shop_model_laundry_parcel0_2__paper
17:01:18 | INFO: Primitives created: 1
17:01:18 | INFO: Extracting primitive: storm_shop_model_laundry_parcel0_3__linen
17:01:18 | INFO: Primitives created: 1
17:01:18 | INFO: Extracting primitive: storm_shop_model_laundry_parcel0_4__linen
17:01:18 | INFO: Primitives created: 1
17:01:18 | INFO: Extracting primitive: storm_shop_model_laundry_parcel0_4__paper
17:01:18 | INFO: Primitives created: 1
17:01:18 | INFO: Extracting primitive: storm_shop_model_laundry_parcel0_5__linen
17:01:18 | INFO: Primitives created: 1
17:01:18 | INFO: Extracting primitive: storm_shop_model_laundry_parcel0_5__paper
17:01:18 | INFO: Primitives created: 1
17:01:18 | INFO: Extracting primitive: storm_shop_model_laundry_parcel0_6__linen
17:01:18 | INFO: Primitives created: 1
17:01:18 | INFO: Extracting primitive: storm_shop_model_laundry_parcel0_7__linen
17:01:18 | INFO: Primitives created: 1
17:01:18 | INFO: Extracting primitive: storm_shop_model_laundry_parcel0_7__paper
17:01:18 | INFO: Primitives created: 1
17:01:18 | INFO: Extracting primitive: storm_shop_model_laundry_parcel1_0__linen
17:01:18 | INFO: Primitives created: 1
17:01:18 | INFO: Extracting primitive: storm_shop_model_laundry_parcel1_0__paper
17:01:18 | INFO: Primitives created: 1
17:01:18 | INFO: Extracting primitive: storm_shop_model_laundry_parcel1_1__linen
17:01:18 | INFO: Primitives created: 1
17:01:18 | INFO: Extracting primitive: storm_shop_model_laundry_parcel1_1__paper
17:01:18 | INFO: Primitives created: 1
17:01:18 | INFO: Extracting primitive: storm_shop_model_laundry_parcel1_2__linen
17:01:18 | INFO: Primitives created: 1
17:01:18 | INFO: Extracting primitive: storm_shop_model_laundry_parcel1_3__linen
17:01:18 | INFO: Primitives created: 1
17:01:18 | INFO: Extracting primitive: storm_shop_model_laundry_parcel1_3__paper
17:01:18 | INFO: Primitives created: 1
17:01:18 | INFO: Extracting primitive: storm_shop_model_laundry_parcel1_4__linen
17:01:18 | INFO: Primitives created: 1
17:01:18 | INFO: Extracting primitive: storm_shop_model_laundry_parcel1_4__paper
17:01:18 | INFO: Primitives created: 1
17:01:18 | INFO: Extracting primitive: storm_shop_model_laundry_parcel1_5__linen
17:01:18 | INFO: Primitives created: 1
17:01:18 | INFO: Extracting primitive: storm_shop_model_laundry_parcel1_6__linen
17:01:18 | INFO: Primitives created: 1
17:01:18 | INFO: Extracting primitive: storm_shop_model_laundry_parcel1_6__paper
17:01:18 | INFO: Primitives created: 1
17:01:18 | INFO: Extracting primitive: storm_shop_model_laundry_parcel1_7__linen
17:01:18 | INFO: Primitives created: 1
17:01:18 | INFO: Extracting primitive: storm_shop_model_laundry_parcel1_7__paper
17:01:18 | INFO: Primitives created: 1
17:01:18 | INFO: Extracting primitive: storm_shop_model_laundry_parcel2_0__linen
17:01:18 | INFO: Primitives created: 1
17:01:18 | INFO: Extracting primitive: storm_shop_model_laundry_parcel2_0__paper
17:01:18 | INFO: Primitives created: 1
17:01:18 | INFO: Extracting primitive: storm_shop_model_laundry_parcel2_1__linen
17:01:18 | INFO: Primitives created: 1
17:01:18 | INFO: Extracting primitive: storm_shop_model_laundry_parcel2_2__linen
17:01:18 | INFO: Primitives created: 1
17:01:18 | INFO: Extracting primitive: storm_shop_model_laundry_parcel2_2__paper
17:01:18 | INFO: Primitives created: 1
17:01:18 | INFO: Extracting primitive: storm_shop_model_laundry_parcel2_3__linen
17:01:18 | INFO: Primitives created: 1
17:01:18 | INFO: Extracting primitive: storm_shop_model_laundry_parcel2_3__paper
17:01:18 | INFO: Primitives created: 1
17:01:18 | INFO: Extracting primitive: storm_shop_model_laundry_parcel2_4__linen
17:01:18 | INFO: Primitives created: 1
17:01:18 | INFO: Extracting primitive: storm_shop_model_laundry_parcel2_5__linen
17:01:18 | INFO: Primitives created: 1
17:01:18 | INFO: Extracting primitive: storm_shop_model_laundry_parcel2_5__paper
17:01:18 | INFO: Primitives created: 1
17:01:18 | INFO: Extracting primitive: storm_shop_model_laundry_parcel2_6__linen
17:01:18 | INFO: Primitives created: 1
17:01:18 | INFO: Extracting primitive: storm_shop_model_laundry_parcel2_6__paper
17:01:18 | INFO: Primitives created: 1
17:01:18 | INFO: Extracting primitive: storm_shop_model_laundry_parcel2_7__linen
17:01:18 | INFO: Primitives created: 1
17:01:18 | INFO: Extracting primitive: storm_shop_model_laundry_parcel3_0__linen
17:01:18 | INFO: Primitives created: 1
17:01:18 | INFO: Extracting primitive: storm_shop_model_laundry_parcel3_1__linen
17:01:18 | INFO: Primitives created: 1
17:01:18 | INFO: Extracting primitive: storm_shop_model_laundry_parcel3_1__paper
17:01:18 | INFO: Primitives created: 1
17:01:18 | INFO: Extracting primitive: storm_shop_model_laundry_parcel3_2__linen
17:01:18 | INFO: Primitives created: 1
17:01:18 | INFO: Extracting primitive: storm_shop_model_laundry_parcel3_2__paper
17:01:18 | INFO: Primitives created: 1
17:01:18 | INFO: Extracting primitive: storm_shop_model_laundry_parcel3_3__linen
17:01:18 | INFO: Primitives created: 1
17:01:18 | INFO: Extracting primitive: storm_shop_model_laundry_parcel3_4__linen
17:01:18 | INFO: Primitives created: 1
17:01:18 | INFO: Extracting primitive: storm_shop_model_laundry_parcel3_4__paper
17:01:18 | INFO: Primitives created: 1
17:01:18 | INFO: Extracting primitive: storm_shop_model_laundry_parcel3_5__linen
17:01:18 | INFO: Primitives created: 1
17:01:18 | INFO: Extracting primitive: storm_shop_model_laundry_parcel3_5__paper
17:01:18 | INFO: Primitives created: 1
17:01:18 | INFO: Extracting primitive: storm_shop_model_laundry_parcel3_6__linen
17:01:18 | INFO: Primitives created: 1
17:01:18 | INFO: Extracting primitive: storm_shop_model_laundry_parcel3_7__linen
17:01:18 | INFO: Primitives created: 1
17:01:18 | INFO: Extracting primitive: storm_shop_model_laundry_parcel3_7__paper
17:01:18 | INFO: Primitives created: 1
17:01:18 | INFO: Extracting primitive: storm_shop_model_laundry_parcel4_0__linen
17:01:18 | INFO: Primitives created: 1
17:01:18 | INFO: Extracting primitive: storm_shop_model_laundry_parcel4_0__paper
17:01:18 | INFO: Primitives created: 1
17:01:18 | INFO: Extracting primitive: storm_shop_model_laundry_parcel4_1__linen
17:01:18 | INFO: Primitives created: 1
17:01:18 | INFO: Extracting primitive: storm_shop_model_laundry_parcel4_1__paper
17:01:18 | INFO: Primitives created: 1
17:01:18 | INFO: Extracting primitive: storm_shop_model_laundry_parcel4_2__linen
17:01:18 | INFO: Primitives created: 1
17:01:18 | INFO: Extracting primitive: storm_shop_model_laundry_parcel4_3__linen
17:01:18 | INFO: Primitives created: 1
17:01:18 | INFO: Extracting primitive: storm_shop_model_laundry_parcel4_3__paper
17:01:18 | INFO: Primitives created: 1
17:01:18 | INFO: Extracting primitive: storm_shop_model_laundry_parcel4_4__linen
17:01:18 | INFO: Primitives created: 1
17:01:18 | INFO: Extracting primitive: storm_shop_model_laundry_parcel4_4__paper
17:01:18 | INFO: Primitives created: 1
17:01:18 | INFO: Extracting primitive: storm_shop_model_laundry_parcel4_5__linen
17:01:18 | INFO: Primitives created: 1
17:01:18 | INFO: Extracting primitive: storm_shop_model_laundry_parcel4_6__linen
17:01:18 | INFO: Primitives created: 1
17:01:18 | INFO: Extracting primitive: storm_shop_model_laundry_parcel4_6__paper
17:01:18 | INFO: Primitives created: 1
17:01:18 | INFO: Extracting primitive: storm_shop_model_laundry_parcel4_7__linen
17:01:18 | INFO: Primitives created: 1
17:01:18 | INFO: Extracting primitive: storm_shop_model_laundry_parcel4_7__paper
17:01:18 | INFO: Primitives created: 1
17:01:18 | INFO: Extracting primitive: storm_shop_model_laundry_rail__chrome
17:01:18 | INFO: Primitives created: 1
17:01:18 | INFO: Extracting primitive: storm_shop_model_laundry_shirt0__chrome
17:01:18 | INFO: Primitives created: 1
17:01:18 | INFO: Extracting primitive: storm_shop_model_laundry_shirt0__linen
17:01:18 | INFO: Primitives created: 1
17:01:18 | INFO: Extracting primitive: storm_shop_model_laundry_shirt0__timber
17:01:18 | INFO: Primitives created: 1
17:01:18 | INFO: Extracting primitive: storm_shop_model_laundry_shirt1__chrome
17:01:18 | INFO: Primitives created: 1
17:01:18 | INFO: Extracting primitive: storm_shop_model_laundry_shirt1__linen
17:01:18 | INFO: Primitives created: 1
17:01:18 | INFO: Extracting primitive: storm_shop_model_laundry_shirt1__timber
17:01:18 | INFO: Primitives created: 1
17:01:18 | INFO: Extracting primitive: storm_shop_model_laundry_shirt2__chrome
17:01:18 | INFO: Primitives created: 1
17:01:18 | INFO: Extracting primitive: storm_shop_model_laundry_shirt2__linen
17:01:18 | INFO: Primitives created: 1
17:01:18 | INFO: Extracting primitive: storm_shop_model_laundry_shirt2__timber
17:01:18 | INFO: Primitives created: 1
17:01:18 | INFO: Extracting primitive: storm_shop_model_laundry_shirt3__chrome
17:01:18 | INFO: Primitives created: 1
17:01:18 | INFO: Extracting primitive: storm_shop_model_laundry_shirt3__linen
17:01:18 | INFO: Primitives created: 1
17:01:18 | INFO: Extracting primitive: storm_shop_model_laundry_shirt3__timber
17:01:18 | INFO: Primitives created: 1
17:01:18 | INFO: Extracting primitive: storm_shop_model_laundry_shirt4__chrome
17:01:18 | INFO: Primitives created: 1
17:01:18 | INFO: Extracting primitive: storm_shop_model_laundry_shirt4__linen
17:01:18 | INFO: Primitives created: 1
17:01:18 | INFO: Extracting primitive: storm_shop_model_laundry_shirt4__timber
17:01:18 | INFO: Primitives created: 1
17:01:18 | INFO: Extracting primitive: storm_shop_model_laundry_shirt5__chrome
17:01:18 | INFO: Primitives created: 1
17:01:18 | INFO: Extracting primitive: storm_shop_model_laundry_shirt5__linen
17:01:18 | INFO: Primitives created: 1
17:01:18 | INFO: Extracting primitive: storm_shop_model_laundry_shirt5__timber
17:01:18 | INFO: Primitives created: 1
17:01:18 | INFO: Extracting primitive: storm_shop_model_laundry_shirt6__chrome
17:01:18 | INFO: Primitives created: 1
17:01:18 | INFO: Extracting primitive: storm_shop_model_laundry_shirt6__linen
17:01:18 | INFO: Primitives created: 1
17:01:18 | INFO: Extracting primitive: storm_shop_model_laundry_shirt6__timber
17:01:18 | INFO: Primitives created: 1
17:01:18 | INFO: Extracting primitive: storm_shop_model_laundry_shirt7__chrome
17:01:18 | INFO: Primitives created: 1
17:01:18 | INFO: Extracting primitive: storm_shop_model_laundry_shirt7__linen
17:01:18 | INFO: Primitives created: 1
17:01:18 | INFO: Extracting primitive: storm_shop_model_laundry_shirt7__timber
17:01:18 | INFO: Primitives created: 1
17:01:18 | INFO: Extracting primitive: storm_shop_model_laundry_shirt8__chrome
17:01:18 | INFO: Primitives created: 1
17:01:18 | INFO: Extracting primitive: storm_shop_model_laundry_shirt8__linen
17:01:18 | INFO: Primitives created: 1
17:01:18 | INFO: Extracting primitive: storm_shop_model_laundry_shirt8__timber
17:01:18 | INFO: Primitives created: 1
17:01:18 | INFO: Extracting primitive: storm_shop_model_laundry_sleeve_board__linen
17:01:18 | INFO: Primitives created: 1
17:01:18 | INFO: Extracting primitive: storm_shop_model_laundry_sleeve_board__timber
17:01:18 | INFO: Primitives created: 1
17:01:18 | INFO: Finished glTF 2.0 export in 0.270794153213501 s

LAUNDRY FITTINGS 53 original records; 53 assemblies; 370 closed stocks; 99 parts; 83928 triangles; 57 foot contacts
Blender 5.2.0 LTS (hash fbe6228777e7 built 2026-07-14 01:35:40)

Blender quit
