00:01.266  blend            | Read blend: "C:\PleaseRemainOnTheLine\art\blender\laundry_fittings.blend"
C:\PleaseRemainOnTheLine\art\blender\scripts\inspect_laundry_fittings.py:42: DeprecationWarning: 'World.use_nodes' is expected to be removed in Blender 6.0
  scene.world=bpy.data.worlds.new('Inspection');scene.world.use_nodes=True;scene.world.node_tree.nodes['Background'].inputs[0].default_value=(.5,.55,.6,1);scene.world.node_tree.nodes['Background'].inputs[1].default_value=.7
00:03.563  render           | Saved: 'C:\PleaseRemainOnTheLine\tmp\v2-finish-review\laundry-receiving-native\storm_shop_model_laundry_parcel0_0_front.png'
00:05.531  render           | Saved: 'C:\PleaseRemainOnTheLine\tmp\v2-finish-review\laundry-receiving-native\storm_shop_model_laundry_parcel0_0_rear.png'
00:07.406  render           | Saved: 'C:\PleaseRemainOnTheLine\tmp\v2-finish-review\laundry-receiving-native\storm_shop_model_laundry_parcel4_7_front.png'
00:09.359  render           | Saved: 'C:\PleaseRemainOnTheLine\tmp\v2-finish-review\laundry-receiving-native\storm_shop_model_laundry_parcel4_7_rear.png'
00:11.047  render           | Saved: 'C:\PleaseRemainOnTheLine\tmp\v2-finish-review\laundry-receiving-native\storm_shop_model_laundry_shirt0_front.png'
00:12.766  render           | Saved: 'C:\PleaseRemainOnTheLine\tmp\v2-finish-review\laundry-receiving-native\storm_shop_model_laundry_shirt0_rear.png'
00:14.438  render           | Saved: 'C:\PleaseRemainOnTheLine\tmp\v2-finish-review\laundry-receiving-native\storm_shop_model_laundry_shirt8_front.png'
00:16.156  render           | Saved: 'C:\PleaseRemainOnTheLine\tmp\v2-finish-review\laundry-receiving-native\storm_shop_model_laundry_shirt8_rear.png'
00:17.688  render           | Saved: 'C:\PleaseRemainOnTheLine\tmp\v2-finish-review\laundry-receiving-native\storm_shop_model_laundry_rail_front.png'
00:19.203  render           | Saved: 'C:\PleaseRemainOnTheLine\tmp\v2-finish-review\laundry-receiving-native\storm_shop_model_laundry_rail_rear.png'
00:20.875  render           | Saved: 'C:\PleaseRemainOnTheLine\tmp\v2-finish-review\laundry-receiving-native\storm_shop_model_laundry_iron_table_front.png'
00:22.547  render           | Saved: 'C:\PleaseRemainOnTheLine\tmp\v2-finish-review\laundry-receiving-native\storm_shop_model_laundry_iron_table_rear.png'
17:02:46 | INFO: Data are loaded, start creating Blender stuff
17:02:46 | INFO: Blender create Mesh node F01_OWN_SHOP_MODEL_LAUNDRY_retail_shop_model_laundry_awning_vinyl-col
17:02:46 | INFO: Blender create Mesh node F01_OWN_SHOP_MODEL_LAUNDRY_retail_shop_model_laundry_bakelite
17:02:46 | INFO: Blender create Mesh node F01_OWN_SHOP_MODEL_LAUNDRY_retail_shop_model_laundry_bakelite_black
17:02:46 | INFO: Blender create Mesh node F01_OWN_SHOP_MODEL_LAUNDRY_retail_shop_model_laundry_book_teal-col
17:02:46 | INFO: Blender create Mesh node F01_OWN_SHOP_MODEL_LAUNDRY_retail_shop_model_laundry_brass
17:02:46 | INFO: Blender create Mesh node F01_OWN_SHOP_MODEL_LAUNDRY_retail_shop_model_laundry_brass_bright-col
17:02:46 | INFO: Blender create Mesh node F01_OWN_SHOP_MODEL_LAUNDRY_retail_shop_model_laundry_brass_dull-col
17:02:46 | INFO: Blender create Mesh node F01_OWN_SHOP_MODEL_LAUNDRY_retail_shop_model_laundry_cast_iron-col
17:02:46 | INFO: Blender create Mesh node F01_OWN_SHOP_MODEL_LAUNDRY_retail_shop_model_laundry_chrome-col
17:02:46 | INFO: Blender create Mesh node F01_OWN_SHOP_MODEL_LAUNDRY_retail_shop_model_laundry_concrete-col
17:02:46 | INFO: Blender create Mesh node F01_OWN_SHOP_MODEL_LAUNDRY_retail_shop_model_laundry_countertop-col
17:02:46 | INFO: Blender create Mesh node F01_OWN_SHOP_MODEL_LAUNDRY_retail_shop_model_laundry_enamel
17:02:46 | INFO: Blender create Mesh node F01_OWN_SHOP_MODEL_LAUNDRY_retail_shop_model_laundry_fx_shadow
17:02:46 | INFO: Blender create Mesh node F01_OWN_SHOP_MODEL_LAUNDRY_retail_shop_model_laundry_glassish-col
17:02:46 | INFO: Blender create Mesh node F01_OWN_SHOP_MODEL_LAUNDRY_retail_shop_model_laundry_hull-colonly
17:02:46 | INFO: Blender create Mesh node F01_OWN_SHOP_MODEL_LAUNDRY_retail_shop_model_laundry_linen-col
17:02:46 | INFO: Blender create Mesh node F01_OWN_SHOP_MODEL_LAUNDRY_retail_shop_model_laundry_metal
17:02:46 | INFO: Blender create Mesh node F01_OWN_SHOP_MODEL_LAUNDRY_retail_shop_model_laundry_metal-col
17:02:46 | INFO: Blender create Mesh node F01_OWN_SHOP_MODEL_LAUNDRY_retail_shop_model_laundry_milk_glass
17:02:46 | INFO: Blender create Mesh node F01_OWN_SHOP_MODEL_LAUNDRY_retail_shop_model_laundry_paper-col
17:02:46 | INFO: Blender create Mesh node F01_OWN_SHOP_MODEL_LAUNDRY_retail_shop_model_laundry_plaster-col
17:02:46 | INFO: Blender create Mesh node F01_OWN_SHOP_MODEL_LAUNDRY_retail_shop_model_laundry_plaster_stained-col
17:02:46 | INFO: Blender create Mesh node F01_OWN_SHOP_MODEL_LAUNDRY_retail_shop_model_laundry_plywood-col
17:02:46 | INFO: Blender create Mesh node F01_OWN_SHOP_MODEL_LAUNDRY_retail_shop_model_laundry_quarry_tile-col
17:02:46 | INFO: Blender create Mesh node F01_OWN_SHOP_MODEL_LAUNDRY_retail_shop_model_laundry_rubber_aged-col
17:02:46 | INFO: Blender create Mesh node F01_OWN_SHOP_MODEL_LAUNDRY_retail_shop_model_laundry_screen
17:02:46 | INFO: Blender create Mesh node F01_OWN_SHOP_MODEL_LAUNDRY_retail_shop_model_laundry_terracotta
17:02:46 | INFO: Blender create Mesh node F01_OWN_SHOP_MODEL_LAUNDRY_retail_shop_model_laundry_timber-col
17:02:46 | INFO: Blender create Mesh node F01_OWN_SHOP_MODEL_LAUNDRY_retail_shop_model_laundry_trim-col
17:02:46 | INFO: Blender create Mesh node F01_OWN_SHOP_MODEL_LAUNDRY_retail_shop_model_laundry_wainscot-col
17:02:46 | INFO: Blender create Mesh node F01_OWN_SHOP_MODEL_LAUNDRY_retail_shop_model_laundry_wood_dark-col
17:02:46 | INFO: Blender create Mesh node F01_OWN_SHOP_MODEL_LAUNDRY_retail_shop_model_laundry_zinc_liner-col
17:02:46 | INFO: Blender create Mesh node F01_OWN_SHOP_MODEL_LAUNDRY_wear_fx_scuff
17:02:46 | INFO: glTF import finished in 0.10s
00:29.641  render           | Saved: 'C:\PleaseRemainOnTheLine\tmp\v2-finish-review\laundry-receiving-native\receiver_table_front.png'
00:37.734  render           | Saved: 'C:\PleaseRemainOnTheLine\tmp\v2-finish-review\laundry-receiving-native\receiver_table_supports.png'
LAUNDRY NATIVE QA 370 closed connected stocks; 53 joined assemblies; 14 views
Blender 5.2.0 LTS (hash fbe6228777e7 built 2026-07-14 01:35:40)

Blender quit
