C:\PleaseRemainOnTheLine\art\blender\scripts\build_news_fittings.py:45: DeprecationWarning: 'Material.use_nodes' is expected to be removed in Blender 6.0
  mat=bpy.data.materials.new(key);mat.use_nodes=True;materials[key]=mat
Extensions: writing cache failed ([WinError 183] Cannot create a file when that file already exists: 'C:\\Users\\nate_\\AppData\\Roaming\\Blender Foundation\\Blender\\5.2\\extensions\\.cache').
Info: Saved as "news_fittings.blend"
INFO Draco is available, use library at C:\Program Files\Blender Foundation\Blender 5.2\5.2\scripts\addons_core\io_scene_gltf2\bf_intern_draco_bridge.dll
INFO MeshOptimizer is available, use library at C:\Program Files\Blender Foundation\Blender 5.2\5.2\scripts\addons_core\io_scene_gltf2\bf_intern_meshopt_bridge.dll
17:30:16 | INFO: Starting glTF 2.0 export
17:30:16 | INFO: Extracting primitive: storm_shop_news_cigars_candy_jar0__bakelite_black
17:30:16 | INFO: Primitives created: 1
17:30:16 | INFO: Extracting primitive: storm_shop_news_cigars_candy_jar0__candy
17:30:16 | INFO: Primitives created: 1
17:30:16 | INFO: Extracting primitive: storm_shop_news_cigars_candy_jar0__cast_iron
17:30:16 | INFO: Primitives created: 1
17:30:16 | INFO: Extracting primitive: storm_shop_news_cigars_candy_jar0__glassish
17:30:16 | INFO: Primitives created: 1
17:30:16 | INFO: Extracting primitive: storm_shop_news_cigars_candy_jar1__bakelite_black
17:30:16 | INFO: Primitives created: 1
17:30:16 | INFO: Extracting primitive: storm_shop_news_cigars_candy_jar1__candy
17:30:16 | INFO: Primitives created: 1
17:30:16 | INFO: Extracting primitive: storm_shop_news_cigars_candy_jar1__cast_iron
17:30:16 | INFO: Primitives created: 1
17:30:16 | INFO: Extracting primitive: storm_shop_news_cigars_candy_jar1__glassish
17:30:16 | INFO: Primitives created: 1
17:30:16 | INFO: Extracting primitive: storm_shop_news_cigars_candy_jar2__bakelite_black
17:30:16 | INFO: Primitives created: 1
17:30:16 | INFO: Extracting primitive: storm_shop_news_cigars_candy_jar2__candy
17:30:16 | INFO: Primitives created: 1
17:30:16 | INFO: Extracting primitive: storm_shop_news_cigars_candy_jar2__cast_iron
17:30:16 | INFO: Primitives created: 1
17:30:16 | INFO: Extracting primitive: storm_shop_news_cigars_candy_jar2__glassish
17:30:16 | INFO: Primitives created: 1
17:30:16 | INFO: Extracting primitive: storm_shop_news_cigars_candy_jar3__bakelite_black
17:30:16 | INFO: Primitives created: 1
17:30:16 | INFO: Extracting primitive: storm_shop_news_cigars_candy_jar3__candy
17:30:16 | INFO: Primitives created: 1
17:30:16 | INFO: Extracting primitive: storm_shop_news_cigars_candy_jar3__cast_iron
17:30:16 | INFO: Primitives created: 1
17:30:16 | INFO: Extracting primitive: storm_shop_news_cigars_candy_jar3__glassish
17:30:16 | INFO: Primitives created: 1
17:30:16 | INFO: Extracting primitive: storm_shop_news_cigars_chair_hollow__soot
17:30:16 | INFO: Primitives created: 1
17:30:16 | INFO: Extracting primitive: storm_shop_news_cigars_cigars__glassish
17:30:16 | INFO: Primitives created: 1
17:30:16 | INFO: Extracting primitive: storm_shop_news_cigars_cigars__paper
17:30:16 | INFO: Primitives created: 1
17:30:16 | INFO: Extracting primitive: storm_shop_news_cigars_cigars__timber
17:30:16 | INFO: Primitives created: 1
17:30:16 | INFO: Extracting primitive: storm_shop_news_cigars_cigars__tobacco
17:30:16 | INFO: Primitives created: 1
17:30:16 | INFO: Extracting primitive: storm_shop_news_cigars_cigars__wood_dark
17:30:16 | INFO: Primitives created: 1
17:30:16 | INFO: Extracting primitive: storm_shop_news_cigars_counter__cast_iron
17:30:16 | INFO: Primitives created: 1
17:30:16 | INFO: Extracting primitive: storm_shop_news_cigars_counter__countertop
17:30:16 | INFO: Primitives created: 1
17:30:16 | INFO: Extracting primitive: storm_shop_news_cigars_counter__paper
17:30:16 | INFO: Primitives created: 1
17:30:16 | INFO: Extracting primitive: storm_shop_news_cigars_counter__timber
17:30:16 | INFO: Primitives created: 1
17:30:16 | INFO: Extracting primitive: storm_shop_news_cigars_counter__wood_dark
17:30:16 | INFO: Primitives created: 1
17:30:16 | INFO: Extracting primitive: storm_shop_news_cigars_pipe_rack__bakelite_black
17:30:16 | INFO: Primitives created: 1
17:30:16 | INFO: Extracting primitive: storm_shop_news_cigars_pipe_rack__wood_dark
17:30:16 | INFO: Primitives created: 1
17:30:16 | INFO: Extracting primitive: storm_shop_news_cigars_punchboard__paper
17:30:16 | INFO: Primitives created: 1
17:30:16 | INFO: Extracting primitive: storm_shop_news_cigars_punchboard__wood_dark
17:30:16 | INFO: Primitives created: 1
17:30:16 | INFO: Extracting primitive: storm_shop_news_cigars_rack0__paper
17:30:16 | INFO: Primitives created: 1
17:30:16 | INFO: Extracting primitive: storm_shop_news_cigars_rack0__timber
17:30:16 | INFO: Primitives created: 1
17:30:16 | INFO: Extracting primitive: storm_shop_news_cigars_service_hatch__timber
17:30:16 | INFO: Primitives created: 1
17:30:16 | INFO: Extracting primitive: storm_shop_news_cigars_service_hatch__wood_dark
17:30:16 | INFO: Primitives created: 1
17:30:16 | INFO: Extracting primitive: storm_shop_news_cigars_shelf0__timber
17:30:16 | INFO: Primitives created: 1
17:30:16 | INFO: Extracting primitive: storm_shop_news_cigars_stool__wood_dark
17:30:16 | INFO: Primitives created: 1
17:30:16 | INFO: Finished glTF 2.0 export in 0.10724568367004395 s

NEWS FITTINGS 38 original records; 13 assemblies; 215 closed stocks; 37 parts; 41656 triangles; 25 foot contacts
Blender 5.2.0 LTS (hash fbe6228777e7 built 2026-07-14 01:35:40)

Blender quit
