00:01.391  blend            | Read blend: "C:\PleaseRemainOnTheLine\tmp\v2-finish-review\photo-process-stage\art\blender\photo_process.blend"
C:\PleaseRemainOnTheLine\tmp\v2-finish-review\photo-process-stage\art\blender\scripts\inspect_photo_process.py:44: DeprecationWarning: 'World.use_nodes' is expected to be removed in Blender 6.0
  scene.world=bpy.data.worlds.new('Inspection');scene.world.use_nodes=True;scene.world.node_tree.nodes['Background'].inputs[0].default_value=(.5,.55,.6,1);scene.world.node_tree.nodes['Background'].inputs[1].default_value=.7
00:05.484  render           | Saved: 'C:\PleaseRemainOnTheLine\tmp\v2-finish-review\photo-process-native\storm_shop_photo_supplies_dev_tray0_front.png'
00:09.188  render           | Saved: 'C:\PleaseRemainOnTheLine\tmp\v2-finish-review\photo-process-native\storm_shop_photo_supplies_dev_tray0_rear.png'
00:13.000  render           | Saved: 'C:\PleaseRemainOnTheLine\tmp\v2-finish-review\photo-process-native\storm_shop_photo_supplies_dev_tray1_front.png'
00:16.750  render           | Saved: 'C:\PleaseRemainOnTheLine\tmp\v2-finish-review\photo-process-native\storm_shop_photo_supplies_dev_tray1_rear.png'
00:20.547  render           | Saved: 'C:\PleaseRemainOnTheLine\tmp\v2-finish-review\photo-process-native\storm_shop_photo_supplies_dev_tray2_front.png'
00:24.297  render           | Saved: 'C:\PleaseRemainOnTheLine\tmp\v2-finish-review\photo-process-native\storm_shop_photo_supplies_dev_tray2_rear.png'
00:28.125  render           | Saved: 'C:\PleaseRemainOnTheLine\tmp\v2-finish-review\photo-process-native\storm_shop_photo_supplies_dev_tray3_front.png'
00:31.859  render           | Saved: 'C:\PleaseRemainOnTheLine\tmp\v2-finish-review\photo-process-native\storm_shop_photo_supplies_dev_tray3_rear.png'
00:35.906  render           | Saved: 'C:\PleaseRemainOnTheLine\tmp\v2-finish-review\photo-process-native\storm_shop_photo_supplies_tank0_front.png'
00:39.844  render           | Saved: 'C:\PleaseRemainOnTheLine\tmp\v2-finish-review\photo-process-native\storm_shop_photo_supplies_tank0_rear.png'
00:43.859  render           | Saved: 'C:\PleaseRemainOnTheLine\tmp\v2-finish-review\photo-process-native\storm_shop_photo_supplies_tank1_front.png'
00:47.797  render           | Saved: 'C:\PleaseRemainOnTheLine\tmp\v2-finish-review\photo-process-native\storm_shop_photo_supplies_tank1_rear.png'
00:51.828  render           | Saved: 'C:\PleaseRemainOnTheLine\tmp\v2-finish-review\photo-process-native\storm_shop_photo_supplies_tank2_front.png'
00:55.750  render           | Saved: 'C:\PleaseRemainOnTheLine\tmp\v2-finish-review\photo-process-native\storm_shop_photo_supplies_tank2_rear.png'
01:03.125  render           | Saved: 'C:\PleaseRemainOnTheLine\tmp\v2-finish-review\photo-process-native\storm_shop_photo_supplies_print_dryer_front.png'
01:07.969  render           | Saved: 'C:\PleaseRemainOnTheLine\tmp\v2-finish-review\photo-process-native\storm_shop_photo_supplies_print_dryer_rear.png'
01:11.516  render           | Saved: 'C:\PleaseRemainOnTheLine\tmp\v2-finish-review\photo-process-native\storm_shop_photo_supplies_tripod0_front.png'
01:15.063  render           | Saved: 'C:\PleaseRemainOnTheLine\tmp\v2-finish-review\photo-process-native\storm_shop_photo_supplies_tripod0_rear.png'
01:18.594  render           | Saved: 'C:\PleaseRemainOnTheLine\tmp\v2-finish-review\photo-process-native\storm_shop_photo_supplies_tripod1_front.png'
01:22.141  render           | Saved: 'C:\PleaseRemainOnTheLine\tmp\v2-finish-review\photo-process-native\storm_shop_photo_supplies_tripod1_rear.png'
01:25.750  render           | Saved: 'C:\PleaseRemainOnTheLine\tmp\v2-finish-review\photo-process-native\storm_shop_photo_supplies_tripod2_front.png'
01:29.266  render           | Saved: 'C:\PleaseRemainOnTheLine\tmp\v2-finish-review\photo-process-native\storm_shop_photo_supplies_tripod2_rear.png'
01:32.766  render           | Saved: 'C:\PleaseRemainOnTheLine\tmp\v2-finish-review\photo-process-native\storm_shop_photo_supplies_tripod3_front.png'
01:36.281  render           | Saved: 'C:\PleaseRemainOnTheLine\tmp\v2-finish-review\photo-process-native\storm_shop_photo_supplies_tripod3_rear.png'
01:40.500  render           | Saved: 'C:\PleaseRemainOnTheLine\tmp\v2-finish-review\photo-process-native\storm_shop_photo_supplies_flash_tin0_front.png'
01:44.609  render           | Saved: 'C:\PleaseRemainOnTheLine\tmp\v2-finish-review\photo-process-native\storm_shop_photo_supplies_flash_tin0_rear.png'
PHOTO PROCESS NATIVE QA 130 closed connected stocks; 13 joined assemblies; 26 views
Blender 5.2.0 LTS (hash fbe6228777e7 built 2026-07-14 01:35:40)

Blender quit
