C:\PleaseRemainOnTheLine\tmp\v2-finish-review\photo-process-stage\art\blender\scripts\build_photo_process.py:45: DeprecationWarning: 'Material.use_nodes' is expected to be removed in Blender 6.0
  mat=bpy.data.materials.new(key);mat.use_nodes=True;materials[key]=mat
Extensions: writing cache failed ([WinError 183] Cannot create a file when that file already exists: 'C:\\Users\\nate_\\AppData\\Roaming\\Blender Foundation\\Blender\\5.2\\extensions\\.cache').
Info: Saved as "photo_process.blend"
INFO Draco is available, use library at C:\Program Files\Blender Foundation\Blender 5.2\5.2\scripts\addons_core\io_scene_gltf2\bf_intern_draco_bridge.dll
INFO MeshOptimizer is available, use library at C:\Program Files\Blender Foundation\Blender 5.2\5.2\scripts\addons_core\io_scene_gltf2\bf_intern_meshopt_bridge.dll
22:11:12 | INFO: Starting glTF 2.0 export
22:11:12 | INFO: Extracting primitive: storm_shop_photo_supplies_dev_tray0__enamel_finish
22:11:12 | INFO: Primitives created: 1
22:11:12 | INFO: Extracting primitive: storm_shop_photo_supplies_dev_tray0__iron
22:11:12 | INFO: Primitives created: 1
22:11:12 | INFO: Extracting primitive: storm_shop_photo_supplies_dev_tray1__enamel_finish
22:11:12 | INFO: Primitives created: 1
22:11:12 | INFO: Extracting primitive: storm_shop_photo_supplies_dev_tray1__iron
22:11:12 | INFO: Primitives created: 1
22:11:12 | INFO: Extracting primitive: storm_shop_photo_supplies_dev_tray2__enamel_finish
22:11:12 | INFO: Primitives created: 1
22:11:12 | INFO: Extracting primitive: storm_shop_photo_supplies_dev_tray2__iron
22:11:12 | INFO: Primitives created: 1
22:11:12 | INFO: Extracting primitive: storm_shop_photo_supplies_dev_tray3__enamel_finish
22:11:12 | INFO: Primitives created: 1
22:11:12 | INFO: Extracting primitive: storm_shop_photo_supplies_dev_tray3__iron
22:11:12 | INFO: Primitives created: 1
22:11:12 | INFO: Extracting primitive: storm_shop_photo_supplies_flash_tin0__tin
22:11:12 | INFO: Primitives created: 1
22:11:12 | INFO: Extracting primitive: storm_shop_photo_supplies_flash_tin0__wood
22:11:12 | INFO: Primitives created: 1
22:11:12 | INFO: Extracting primitive: storm_shop_photo_supplies_print_dryer__enamel_finish
22:11:12 | INFO: Primitives created: 1
22:11:12 | INFO: Extracting primitive: storm_shop_photo_supplies_print_dryer__iron
22:11:12 | INFO: Primitives created: 1
22:11:12 | INFO: Extracting primitive: storm_shop_photo_supplies_print_dryer__nickel_plated
22:11:12 | INFO: Primitives created: 1
22:11:12 | INFO: Extracting primitive: storm_shop_photo_supplies_tank0__dark
22:11:12 | INFO: Primitives created: 1
22:11:12 | INFO: Extracting primitive: storm_shop_photo_supplies_tank0__iron
22:11:12 | INFO: Primitives created: 1
22:11:12 | INFO: Extracting primitive: storm_shop_photo_supplies_tank0__nickel_plated
22:11:12 | INFO: Primitives created: 1
22:11:12 | INFO: Extracting primitive: storm_shop_photo_supplies_tank1__dark
22:11:12 | INFO: Primitives created: 1
22:11:12 | INFO: Extracting primitive: storm_shop_photo_supplies_tank1__iron
22:11:12 | INFO: Primitives created: 1
22:11:12 | INFO: Extracting primitive: storm_shop_photo_supplies_tank1__nickel_plated
22:11:12 | INFO: Primitives created: 1
22:11:12 | INFO: Extracting primitive: storm_shop_photo_supplies_tank2__dark
22:11:12 | INFO: Primitives created: 1
22:11:12 | INFO: Extracting primitive: storm_shop_photo_supplies_tank2__iron
22:11:12 | INFO: Primitives created: 1
22:11:12 | INFO: Extracting primitive: storm_shop_photo_supplies_tank2__nickel_plated
22:11:12 | INFO: Primitives created: 1
22:11:12 | INFO: Extracting primitive: storm_shop_photo_supplies_tripod0__iron
22:11:12 | INFO: Primitives created: 1
22:11:12 | INFO: Extracting primitive: storm_shop_photo_supplies_tripod0__wood
22:11:12 | INFO: Primitives created: 1
22:11:12 | INFO: Extracting primitive: storm_shop_photo_supplies_tripod1__iron
22:11:12 | INFO: Primitives created: 1
22:11:12 | INFO: Extracting primitive: storm_shop_photo_supplies_tripod1__wood
22:11:12 | INFO: Primitives created: 1
22:11:12 | INFO: Extracting primitive: storm_shop_photo_supplies_tripod2__iron
22:11:12 | INFO: Primitives created: 1
22:11:12 | INFO: Extracting primitive: storm_shop_photo_supplies_tripod2__wood
22:11:12 | INFO: Primitives created: 1
22:11:12 | INFO: Extracting primitive: storm_shop_photo_supplies_tripod3__iron
22:11:12 | INFO: Primitives created: 1
22:11:12 | INFO: Extracting primitive: storm_shop_photo_supplies_tripod3__wood
22:11:12 | INFO: Primitives created: 1
22:11:12 | INFO: Finished glTF 2.0 export in 0.07298946380615234 s

PHOTO PROCESS 16 original records; 13 assemblies; 130 closed stocks; 30 parts; 24496 triangles; 49 foot contacts
Blender 5.2.0 LTS (hash fbe6228777e7 built 2026-07-14 01:35:40)

Blender quit
