00:01.375  blend            | Read blend: "C:\PleaseRemainOnTheLine\art\blender\photo_stock.blend"
C:\PleaseRemainOnTheLine\art\blender\scripts\inspect_photo_stock.py:44: DeprecationWarning: 'World.use_nodes' is expected to be removed in Blender 6.0
  scene.world=bpy.data.worlds.new('Inspection');scene.world.use_nodes=True;scene.world.node_tree.nodes['Background'].inputs[0].default_value=(.5,.55,.6,1);scene.world.node_tree.nodes['Background'].inputs[1].default_value=.7
00:05.828  render           | Saved: 'C:\PleaseRemainOnTheLine\tmp\v2-finish-review\photo-stock-native\storm_shop_photo_supplies_cab_sh0_front.png'
00:10.125  render           | Saved: 'C:\PleaseRemainOnTheLine\tmp\v2-finish-review\photo-stock-native\storm_shop_photo_supplies_cab_sh0_rear.png'
00:14.281  render           | Saved: 'C:\PleaseRemainOnTheLine\tmp\v2-finish-review\photo-stock-native\storm_shop_photo_supplies_box0_front.png'
00:18.297  render           | Saved: 'C:\PleaseRemainOnTheLine\tmp\v2-finish-review\photo-stock-native\storm_shop_photo_supplies_box0_rear.png'
00:22.437  render           | Saved: 'C:\PleaseRemainOnTheLine\tmp\v2-finish-review\photo-stock-native\storm_shop_photo_supplies_box1_front.png'
00:26.437  render           | Saved: 'C:\PleaseRemainOnTheLine\tmp\v2-finish-review\photo-stock-native\storm_shop_photo_supplies_box1_rear.png'
00:30.578  render           | Saved: 'C:\PleaseRemainOnTheLine\tmp\v2-finish-review\photo-stock-native\storm_shop_photo_supplies_box2_front.png'
00:34.625  render           | Saved: 'C:\PleaseRemainOnTheLine\tmp\v2-finish-review\photo-stock-native\storm_shop_photo_supplies_box2_rear.png'
00:38.781  render           | Saved: 'C:\PleaseRemainOnTheLine\tmp\v2-finish-review\photo-stock-native\storm_shop_photo_supplies_box3_front.png'
00:42.812  render           | Saved: 'C:\PleaseRemainOnTheLine\tmp\v2-finish-review\photo-stock-native\storm_shop_photo_supplies_box3_rear.png'
00:46.922  render           | Saved: 'C:\PleaseRemainOnTheLine\tmp\v2-finish-review\photo-stock-native\storm_shop_photo_supplies_box4_front.png'
00:51.000  render           | Saved: 'C:\PleaseRemainOnTheLine\tmp\v2-finish-review\photo-stock-native\storm_shop_photo_supplies_box4_rear.png'
00:55.156  render           | Saved: 'C:\PleaseRemainOnTheLine\tmp\v2-finish-review\photo-stock-native\storm_shop_photo_supplies_box5_front.png'
00:59.203  render           | Saved: 'C:\PleaseRemainOnTheLine\tmp\v2-finish-review\photo-stock-native\storm_shop_photo_supplies_box5_rear.png'
01:03.406  render           | Saved: 'C:\PleaseRemainOnTheLine\tmp\v2-finish-review\photo-stock-native\storm_shop_photo_supplies_box6_front.png'
01:07.500  render           | Saved: 'C:\PleaseRemainOnTheLine\tmp\v2-finish-review\photo-stock-native\storm_shop_photo_supplies_box6_rear.png'
01:11.765  render           | Saved: 'C:\PleaseRemainOnTheLine\tmp\v2-finish-review\photo-stock-native\storm_shop_photo_supplies_box7_front.png'
01:15.797  render           | Saved: 'C:\PleaseRemainOnTheLine\tmp\v2-finish-review\photo-stock-native\storm_shop_photo_supplies_box7_rear.png'
01:19.984  render           | Saved: 'C:\PleaseRemainOnTheLine\tmp\v2-finish-review\photo-stock-native\storm_shop_photo_supplies_box8_front.png'
01:24.094  render           | Saved: 'C:\PleaseRemainOnTheLine\tmp\v2-finish-review\photo-stock-native\storm_shop_photo_supplies_box8_rear.png'
01:28.375  render           | Saved: 'C:\PleaseRemainOnTheLine\tmp\v2-finish-review\photo-stock-native\storm_shop_photo_supplies_box9_front.png'
01:32.437  render           | Saved: 'C:\PleaseRemainOnTheLine\tmp\v2-finish-review\photo-stock-native\storm_shop_photo_supplies_box9_rear.png'
01:36.625  render           | Saved: 'C:\PleaseRemainOnTheLine\tmp\v2-finish-review\photo-stock-native\storm_shop_photo_supplies_box10_front.png'
01:40.734  render           | Saved: 'C:\PleaseRemainOnTheLine\tmp\v2-finish-review\photo-stock-native\storm_shop_photo_supplies_box10_rear.png'
01:45.015  render           | Saved: 'C:\PleaseRemainOnTheLine\tmp\v2-finish-review\photo-stock-native\storm_shop_photo_supplies_box11_front.png'
01:49.172  render           | Saved: 'C:\PleaseRemainOnTheLine\tmp\v2-finish-review\photo-stock-native\storm_shop_photo_supplies_box11_rear.png'
01:53.359  render           | Saved: 'C:\PleaseRemainOnTheLine\tmp\v2-finish-review\photo-stock-native\storm_shop_photo_supplies_box12_front.png'
01:57.437  render           | Saved: 'C:\PleaseRemainOnTheLine\tmp\v2-finish-review\photo-stock-native\storm_shop_photo_supplies_box12_rear.png'
02:01.594  render           | Saved: 'C:\PleaseRemainOnTheLine\tmp\v2-finish-review\photo-stock-native\storm_shop_photo_supplies_box13_front.png'
02:05.578  render           | Saved: 'C:\PleaseRemainOnTheLine\tmp\v2-finish-review\photo-stock-native\storm_shop_photo_supplies_box13_rear.png'
02:09.765  render           | Saved: 'C:\PleaseRemainOnTheLine\tmp\v2-finish-review\photo-stock-native\storm_shop_photo_supplies_box14_front.png'
02:13.797  render           | Saved: 'C:\PleaseRemainOnTheLine\tmp\v2-finish-review\photo-stock-native\storm_shop_photo_supplies_box14_rear.png'
PHOTO STOCK NATIVE QA 101 closed connected stocks; 16 joined assemblies; 32 views
Blender 5.2.0 LTS (hash fbe6228777e7 built 2026-07-14 01:35:40)

Blender quit
