C:\PleaseRemainOnTheLine\tmp\v2-finish-review\photo-stock-stage\art\blender\scripts\build_photo_stock.py:48: DeprecationWarning: 'Material.use_nodes' is expected to be removed in Blender 6.0
  mat=bpy.data.materials.new(key);mat.use_nodes=True;materials[key]=mat
Extensions: writing cache failed ([WinError 183] Cannot create a file when that file already exists: 'C:\\Users\\nate_\\AppData\\Roaming\\Blender Foundation\\Blender\\5.2\\extensions\\.cache').
Info: Saved as "photo_stock.blend"
INFO Draco is available, use library at C:\Program Files\Blender Foundation\Blender 5.2\5.2\scripts\addons_core\io_scene_gltf2\bf_intern_draco_bridge.dll
INFO MeshOptimizer is available, use library at C:\Program Files\Blender Foundation\Blender 5.2\5.2\scripts\addons_core\io_scene_gltf2\bf_intern_meshopt_bridge.dll
21:31:15 | INFO: Starting glTF 2.0 export
21:31:15 | INFO: Extracting primitive: storm_shop_photo_supplies_box0__book_ochre
21:31:15 | INFO: Primitives created: 1
21:31:15 | INFO: Extracting primitive: storm_shop_photo_supplies_box1__book_teal
21:31:15 | INFO: Primitives created: 1
21:31:15 | INFO: Extracting primitive: storm_shop_photo_supplies_box2__lacquer_red
21:31:15 | INFO: Primitives created: 1
21:31:15 | INFO: Extracting primitive: storm_shop_photo_supplies_box3__book_ochre
21:31:15 | INFO: Primitives created: 1
21:31:15 | INFO: Extracting primitive: storm_shop_photo_supplies_box4__book_teal
21:31:15 | INFO: Primitives created: 1
21:31:15 | INFO: Extracting primitive: storm_shop_photo_supplies_box5__lacquer_red
21:31:15 | INFO: Primitives created: 1
21:31:15 | INFO: Extracting primitive: storm_shop_photo_supplies_box6__book_ochre
21:31:15 | INFO: Primitives created: 1
21:31:15 | INFO: Extracting primitive: storm_shop_photo_supplies_box7__book_teal
21:31:15 | INFO: Primitives created: 1
21:31:15 | INFO: Extracting primitive: storm_shop_photo_supplies_box8__lacquer_red
21:31:15 | INFO: Primitives created: 1
21:31:15 | INFO: Extracting primitive: storm_shop_photo_supplies_box9__book_ochre
21:31:15 | INFO: Primitives created: 1
21:31:15 | INFO: Extracting primitive: storm_shop_photo_supplies_box10__book_teal
21:31:15 | INFO: Primitives created: 1
21:31:15 | INFO: Extracting primitive: storm_shop_photo_supplies_box11__lacquer_red
21:31:15 | INFO: Primitives created: 1
21:31:15 | INFO: Extracting primitive: storm_shop_photo_supplies_box12__book_ochre
21:31:15 | INFO: Primitives created: 1
21:31:15 | INFO: Extracting primitive: storm_shop_photo_supplies_box13__book_teal
21:31:15 | INFO: Primitives created: 1
21:31:15 | INFO: Extracting primitive: storm_shop_photo_supplies_box14__lacquer_red
21:31:15 | INFO: Primitives created: 1
21:31:15 | INFO: Extracting primitive: storm_shop_photo_supplies_cab_sh0__timber
21:31:15 | INFO: Primitives created: 1
21:31:15 | INFO: Finished glTF 2.0 export in 0.05440640449523926 s

PHOTO STOCK 20 original records; 16 assemblies; 101 closed stocks; 16 parts; 18988 triangles; 19 foot contacts
Blender 5.2.0 LTS (hash fbe6228777e7 built 2026-07-14 01:35:40)

Blender quit
