00:01.484  blend            | Read blend: "C:\PleaseRemainOnTheLine\tmp\v2-finish-review\photo-stock-stage\art\blender\photo_stock.blend"
C:\PleaseRemainOnTheLine\tmp\v2-finish-review\photo-stock-stage\art\blender\scripts\inspect_photo_stock.py:44: DeprecationWarning: 'World.use_nodes' is expected to be removed in Blender 6.0
  scene.world=bpy.data.worlds.new('Inspection');scene.world.use_nodes=True;scene.world.node_tree.nodes['Background'].inputs[0].default_value=(.5,.55,.6,1);scene.world.node_tree.nodes['Background'].inputs[1].default_value=.7
00:06.656  render           | Saved: 'C:\PleaseRemainOnTheLine\tmp\v2-finish-review\photo-stock-native\storm_shop_photo_supplies_cab_sh0_front.png'
00:12.000  render           | Saved: 'C:\PleaseRemainOnTheLine\tmp\v2-finish-review\photo-stock-native\storm_shop_photo_supplies_cab_sh0_rear.png'
00:16.187  render           | Saved: 'C:\PleaseRemainOnTheLine\tmp\v2-finish-review\photo-stock-native\storm_shop_photo_supplies_box0_front.png'
00:20.203  render           | Saved: 'C:\PleaseRemainOnTheLine\tmp\v2-finish-review\photo-stock-native\storm_shop_photo_supplies_box0_rear.png'
00:24.312  render           | Saved: 'C:\PleaseRemainOnTheLine\tmp\v2-finish-review\photo-stock-native\storm_shop_photo_supplies_box1_front.png'
00:28.437  render           | Saved: 'C:\PleaseRemainOnTheLine\tmp\v2-finish-review\photo-stock-native\storm_shop_photo_supplies_box1_rear.png'
00:32.687  render           | Saved: 'C:\PleaseRemainOnTheLine\tmp\v2-finish-review\photo-stock-native\storm_shop_photo_supplies_box2_front.png'
00:37.047  render           | Saved: 'C:\PleaseRemainOnTheLine\tmp\v2-finish-review\photo-stock-native\storm_shop_photo_supplies_box2_rear.png'
00:41.281  render           | Saved: 'C:\PleaseRemainOnTheLine\tmp\v2-finish-review\photo-stock-native\storm_shop_photo_supplies_box3_front.png'
00:45.422  render           | Saved: 'C:\PleaseRemainOnTheLine\tmp\v2-finish-review\photo-stock-native\storm_shop_photo_supplies_box3_rear.png'
00:49.640  render           | Saved: 'C:\PleaseRemainOnTheLine\tmp\v2-finish-review\photo-stock-native\storm_shop_photo_supplies_box4_front.png'
00:53.797  render           | Saved: 'C:\PleaseRemainOnTheLine\tmp\v2-finish-review\photo-stock-native\storm_shop_photo_supplies_box4_rear.png'
00:58.109  render           | Saved: 'C:\PleaseRemainOnTheLine\tmp\v2-finish-review\photo-stock-native\storm_shop_photo_supplies_box5_front.png'
01:02.250  render           | Saved: 'C:\PleaseRemainOnTheLine\tmp\v2-finish-review\photo-stock-native\storm_shop_photo_supplies_box5_rear.png'
01:06.484  render           | Saved: 'C:\PleaseRemainOnTheLine\tmp\v2-finish-review\photo-stock-native\storm_shop_photo_supplies_box6_front.png'
01:10.625  render           | Saved: 'C:\PleaseRemainOnTheLine\tmp\v2-finish-review\photo-stock-native\storm_shop_photo_supplies_box6_rear.png'
01:14.875  render           | Saved: 'C:\PleaseRemainOnTheLine\tmp\v2-finish-review\photo-stock-native\storm_shop_photo_supplies_box7_front.png'
01:18.984  render           | Saved: 'C:\PleaseRemainOnTheLine\tmp\v2-finish-review\photo-stock-native\storm_shop_photo_supplies_box7_rear.png'
01:23.375  render           | Saved: 'C:\PleaseRemainOnTheLine\tmp\v2-finish-review\photo-stock-native\storm_shop_photo_supplies_box8_front.png'
01:27.547  render           | Saved: 'C:\PleaseRemainOnTheLine\tmp\v2-finish-review\photo-stock-native\storm_shop_photo_supplies_box8_rear.png'
01:31.812  render           | Saved: 'C:\PleaseRemainOnTheLine\tmp\v2-finish-review\photo-stock-native\storm_shop_photo_supplies_box9_front.png'
01:36.187  render           | Saved: 'C:\PleaseRemainOnTheLine\tmp\v2-finish-review\photo-stock-native\storm_shop_photo_supplies_box9_rear.png'
01:40.484  render           | Saved: 'C:\PleaseRemainOnTheLine\tmp\v2-finish-review\photo-stock-native\storm_shop_photo_supplies_box10_front.png'
01:44.719  render           | Saved: 'C:\PleaseRemainOnTheLine\tmp\v2-finish-review\photo-stock-native\storm_shop_photo_supplies_box10_rear.png'
01:49.047  render           | Saved: 'C:\PleaseRemainOnTheLine\tmp\v2-finish-review\photo-stock-native\storm_shop_photo_supplies_box11_front.png'
01:53.328  render           | Saved: 'C:\PleaseRemainOnTheLine\tmp\v2-finish-review\photo-stock-native\storm_shop_photo_supplies_box11_rear.png'
01:57.547  render           | Saved: 'C:\PleaseRemainOnTheLine\tmp\v2-finish-review\photo-stock-native\storm_shop_photo_supplies_box12_front.png'
02:01.672  render           | Saved: 'C:\PleaseRemainOnTheLine\tmp\v2-finish-review\photo-stock-native\storm_shop_photo_supplies_box12_rear.png'
02:05.906  render           | Saved: 'C:\PleaseRemainOnTheLine\tmp\v2-finish-review\photo-stock-native\storm_shop_photo_supplies_box13_front.png'
02:10.047  render           | Saved: 'C:\PleaseRemainOnTheLine\tmp\v2-finish-review\photo-stock-native\storm_shop_photo_supplies_box13_rear.png'
02:14.359  render           | Saved: 'C:\PleaseRemainOnTheLine\tmp\v2-finish-review\photo-stock-native\storm_shop_photo_supplies_box14_front.png'
02:18.437  render           | Saved: 'C:\PleaseRemainOnTheLine\tmp\v2-finish-review\photo-stock-native\storm_shop_photo_supplies_box14_rear.png'
PHOTO STOCK NATIVE QA 101 closed connected stocks; 16 joined assemblies; 32 views
Blender 5.2.0 LTS (hash fbe6228777e7 built 2026-07-14 01:35:40)

Blender quit
