FABRICATION STAGE: art/blender/scripts/build_fixed_lighting.py
C:\PleaseRemainOnTheLine\art\blender\scripts\build_fixed_lighting.py:72: DeprecationWarning: 'Material.use_nodes' is expected to be removed in Blender 6.0
  mat=bpy.data.materials.new(key);mat.use_nodes=True;materials[key]=mat
Info: Saved as "fixed_lighting.blend"
INFO Draco is available, use library at C:\Program Files\Blender Foundation\Blender 5.2\5.2\scripts\addons_core\io_scene_gltf2\bf_intern_draco_bridge.dll
INFO MeshOptimizer is available, use library at C:\Program Files\Blender Foundation\Blender 5.2\5.2\scripts\addons_core\io_scene_gltf2\bf_intern_meshopt_bridge.dll
23:03:17 | INFO: Starting glTF 2.0 export
23:03:17 | INFO: Extracting primitive: cage_bulb__Body_ON_brass
23:03:17 | INFO: Primitives created: 1
23:03:17 | INFO: Extracting primitive: cage_bulb__Body_ON_enamel
23:03:17 | INFO: Primitives created: 1
23:03:17 | INFO: Extracting primitive: cage_bulb__Body_ON_iron
23:03:17 | INFO: Primitives created: 1
23:03:17 | INFO: Extracting primitive: cage_bulb__Body_ON_rubber
23:03:17 | INFO: Primitives created: 1
23:03:17 | INFO: Extracting primitive: cage_bulb__Bulb_ON_bulb
23:03:17 | INFO: Primitives created: 1
23:03:17 | INFO: Extracting primitive: chandelier__Body_ON_brass
23:03:17 | INFO: Primitives created: 1
23:03:17 | INFO: Extracting primitive: chandelier__Body_ON_enamel
23:03:17 | INFO: Primitives created: 1
23:03:17 | INFO: Extracting primitive: chandelier__Bulb_ON_bulb
23:03:17 | INFO: Primitives created: 1
23:03:17 | INFO: Extracting primitive: entry_lantern__Body_ON_brass
23:03:17 | INFO: Primitives created: 1
23:03:17 | INFO: Extracting primitive: entry_lantern__Bulb_ON_bulb
23:03:17 | INFO: Primitives created: 1
23:03:17 | INFO: Extracting primitive: entry_lantern__Stained_ON_stained
23:03:17 | INFO: Primitives created: 1
23:03:17 | INFO: Extracting primitive: eye_pendant__Body_ON_brass
23:03:17 | INFO: Primitives created: 1
23:03:17 | INFO: Extracting primitive: eye_pendant__Bulb_ON_bulb
23:03:18 | INFO: Primitives created: 1
23:03:18 | INFO: Extracting primitive: flush_dome__Body_ON_brass
23:03:18 | INFO: Primitives created: 1
23:03:18 | INFO: Extracting primitive: flush_dome__Bulb_ON_bulb
23:03:18 | INFO: Primitives created: 1
23:03:18 | INFO: Extracting primitive: flush_dome_rise100__Body_ON_brass
23:03:18 | INFO: Primitives created: 1
23:03:18 | INFO: Extracting primitive: flush_dome_rise100__Bulb_ON_bulb
23:03:18 | INFO: Primitives created: 1
23:03:18 | INFO: Extracting primitive: flush_dome_rise150__Body_ON_brass
23:03:18 | INFO: Primitives created: 1
23:03:18 | INFO: Extracting primitive: flush_dome_rise150__Bulb_ON_bulb
23:03:18 | INFO: Primitives created: 1
23:03:18 | INFO: Extracting primitive: kitchen_linear__Body_ON_brass
23:03:18 | INFO: Primitives created: 1
23:03:18 | INFO: Extracting primitive: kitchen_linear__Body_ON_enamel
23:03:18 | INFO: Primitives created: 1
23:03:18 | INFO: Extracting primitive: kitchen_linear__Bulb_ON_bulb
23:03:18 | INFO: Primitives created: 1
23:03:18 | INFO: Extracting primitive: kitchen_linear_rise100__Body_ON_brass
23:03:18 | INFO: Primitives created: 1
23:03:18 | INFO: Extracting primitive: kitchen_linear_rise100__Body_ON_enamel
23:03:18 | INFO: Primitives created: 1
23:03:18 | INFO: Extracting primitive: kitchen_linear_rise100__Bulb_ON_bulb
23:03:18 | INFO: Primitives created: 1
23:03:18 | INFO: Extracting primitive: pendant_shade__Body_ON_brass
23:03:18 | INFO: Primitives created: 1
23:03:18 | INFO: Extracting primitive: pendant_shade__Body_ON_enamel
23:03:18 | INFO: Primitives created: 1
23:03:18 | INFO: Extracting primitive: pendant_shade__Body_ON_linen
23:03:18 | INFO: Primitives created: 1
23:03:18 | INFO: Extracting primitive: pendant_shade__Body_ON_rubber
23:03:18 | INFO: Primitives created: 1
23:03:18 | INFO: Extracting primitive: pendant_shade__Bulb_ON_bulb
23:03:18 | INFO: Primitives created: 1
23:03:18 | INFO: Extracting primitive: pendant_shade_rise100__Body_ON_brass
23:03:18 | INFO: Primitives created: 1
23:03:18 | INFO: Extracting primitive: pendant_shade_rise100__Body_ON_enamel
23:03:18 | INFO: Primitives created: 1
23:03:18 | INFO: Extracting primitive: pendant_shade_rise100__Body_ON_linen
23:03:18 | INFO: Primitives created: 1
23:03:18 | INFO: Extracting primitive: pendant_shade_rise100__Body_ON_rubber
23:03:18 | INFO: Primitives created: 1
23:03:18 | INFO: Extracting primitive: pendant_shade_rise100__Bulb_ON_bulb
23:03:18 | INFO: Primitives created: 1
23:03:18 | INFO: Extracting primitive: pendant_shade_rise360__Body_ON_brass
23:03:18 | INFO: Primitives created: 1
23:03:18 | INFO: Extracting primitive: pendant_shade_rise360__Body_ON_enamel
23:03:18 | INFO: Primitives created: 1
23:03:18 | INFO: Extracting primitive: pendant_shade_rise360__Body_ON_linen
23:03:18 | INFO: Primitives created: 1
23:03:18 | INFO: Extracting primitive: pendant_shade_rise360__Body_ON_rubber
23:03:18 | INFO: Primitives created: 1
23:03:18 | INFO: Extracting primitive: pendant_shade_rise360__Bulb_ON_bulb
23:03:18 | INFO: Primitives created: 1
23:03:18 | INFO: Extracting primitive: sconce_globe__Body_ON_brass
23:03:18 | INFO: Primitives created: 1
23:03:18 | INFO: Extracting primitive: sconce_globe__Body_ON_enamel
23:03:18 | INFO: Primitives created: 1
23:03:18 | INFO: Extracting primitive: sconce_globe__Bulb_ON_bulb
23:03:18 | INFO: Primitives created: 1
23:03:18 | INFO: Extracting primitive: street_lamp__Body_ON_iron
23:03:18 | INFO: Primitives created: 1
23:03:18 | INFO: Extracting primitive: street_lamp__Bulb_ON_bulb
23:03:18 | INFO: Primitives created: 1
23:03:18 | INFO: Extracting primitive: street_lamp__Stained_ON_stained
23:03:18 | INFO: Primitives created: 1
23:03:18 | INFO: Finished glTF 2.0 export in 0.7290353775024414 s

FIXED LIGHTING 248 original records; 14 assemblies; 217 closed stocks; 46 parts; 358988 triangles; 26 foot contacts
FABRICATION STAGE: art/blender/scripts/inspect_fixed_lighting.py
00:10.562  blend            | Read blend: "C:\PleaseRemainOnTheLine\art\blender\fixed_lighting.blend"
FIXED LIGHTING LOCAL: 217 closed stocks; 0 physical groups; 26 local bearings; 46 mapped parts
FABRICATION STAGE: art/blender/scripts/inspect_fixed_lighting_context.py
Traceback (most recent call last):
  File "C:\PleaseRemainOnTheLine\art\blender\scripts\run_fabrication_batch.py", line 79, in <module>
    if __name__ == '__main__': main()
                               ~~~~^^
  File "C:\PleaseRemainOnTheLine\art\blender\scripts\run_fabrication_batch.py", line 72, in main
    results = execute(stages)
  File "C:\PleaseRemainOnTheLine\art\blender\scripts\run_fabrication_batch.py", line 47, in execute
    runpy.run_path(sys.argv[0], run_name='__main__')
    ~~~~~~~~~~~~~~^^^^^^^^^^^^^^^^^^^^^^^^^^^^^^^^^^
  File "<frozen runpy>", line 287, in run_path
  File "<frozen runpy>", line 98, in _run_module_code
  File "<frozen runpy>", line 88, in _run_code
  File "C:\PleaseRemainOnTheLine\art\blender\scripts\inspect_fixed_lighting_context.py", line 37, in <module>
    assert not failures,failures
           ^^^^^^^^^^^^
AssertionError: [{'id': '3B_LT_SCONCE', 'variant': 'sconce_globe', 'point': [15.554499626159668, 7.965000629425049, -11.100000381469727], 'owner': 'wall', 'matches': []}, {'id': '3B_LT_SCONCE', 'variant': 'sconce_globe', 'point': [15.554499626159668, 8.075000762939453, -11.100000381469727], 'owner': 'wall', 'matches': []}, {'id': 'B1_SERVICE_CORE_LT', 'variant': 'flush_dome_rise150', 'point': [11.325000762939453, -0.2000000774860382, 7.25], 'owner': 'ceiling', 'matches': []}, {'id': 'B1_SERVICE_CORE_LT', 'variant': 'flush_dome_rise150', 'point': [11.375, -0.2000000774860382, 7.25], 'owner': 'ceiling', 'matches': []}]
Blender 5.2.0 LTS (hash fbe6228777e7 built 2026-07-14 01:35:40)

Blender quit
