FABRICATION STAGE: art/blender/scripts/build_fixed_lighting.py
C:\PleaseRemainOnTheLine\art\blender\scripts\build_fixed_lighting.py:73: DeprecationWarning: 'Material.use_nodes' is expected to be removed in Blender 6.0
  mat=bpy.data.materials.new(key);mat.use_nodes=True;materials[key]=mat
Info: Saved as "fixed_lighting.blend"
INFO Draco is available, use library at C:\Program Files\Blender Foundation\Blender 5.2\5.2\scripts\addons_core\io_scene_gltf2\bf_intern_draco_bridge.dll
INFO MeshOptimizer is available, use library at C:\Program Files\Blender Foundation\Blender 5.2\5.2\scripts\addons_core\io_scene_gltf2\bf_intern_meshopt_bridge.dll
23:34:20 | INFO: Starting glTF 2.0 export
23:34:20 | INFO: Extracting primitive: cage_bulb_rise60__Body_ON_brass
23:34:20 | INFO: Primitives created: 1
23:34:20 | INFO: Extracting primitive: cage_bulb_rise60__Body_ON_enamel
23:34:20 | INFO: Primitives created: 1
23:34:20 | INFO: Extracting primitive: cage_bulb_rise60__Body_ON_iron
23:34:20 | INFO: Primitives created: 1
23:34:20 | INFO: Extracting primitive: cage_bulb_rise60__Body_ON_rubber
23:34:20 | INFO: Primitives created: 1
23:34:20 | INFO: Extracting primitive: cage_bulb_rise60__Bulb_ON_bulb
23:34:20 | INFO: Primitives created: 1
23:34:20 | INFO: Extracting primitive: cage_bulb_rise60__Mount_ON_brass
23:34:20 | INFO: Primitives created: 1
23:34:20 | INFO: Extracting primitive: cage_bulb_rise140__Body_ON_brass
23:34:20 | INFO: Primitives created: 1
23:34:20 | INFO: Extracting primitive: cage_bulb_rise140__Body_ON_enamel
23:34:20 | INFO: Primitives created: 1
23:34:20 | INFO: Extracting primitive: cage_bulb_rise140__Body_ON_iron
23:34:20 | INFO: Primitives created: 1
23:34:20 | INFO: Extracting primitive: cage_bulb_rise140__Body_ON_rubber
23:34:20 | INFO: Primitives created: 1
23:34:20 | INFO: Extracting primitive: cage_bulb_rise140__Bulb_ON_bulb
23:34:20 | INFO: Primitives created: 1
23:34:20 | INFO: Extracting primitive: cage_bulb_rise140__Mount_ON_brass
23:34:20 | INFO: Primitives created: 1
23:34:20 | INFO: Extracting primitive: cage_bulb_rise160__Body_ON_brass
23:34:20 | INFO: Primitives created: 1
23:34:20 | INFO: Extracting primitive: cage_bulb_rise160__Body_ON_enamel
23:34:20 | INFO: Primitives created: 1
23:34:20 | INFO: Extracting primitive: cage_bulb_rise160__Body_ON_iron
23:34:20 | INFO: Primitives created: 1
23:34:20 | INFO: Extracting primitive: cage_bulb_rise160__Body_ON_rubber
23:34:20 | INFO: Primitives created: 1
23:34:20 | INFO: Extracting primitive: cage_bulb_rise160__Bulb_ON_bulb
23:34:20 | INFO: Primitives created: 1
23:34:20 | INFO: Extracting primitive: cage_bulb_rise160__Mount_ON_brass
23:34:20 | INFO: Primitives created: 1
23:34:20 | INFO: Extracting primitive: cage_bulb_rise250__Body_ON_brass
23:34:20 | INFO: Primitives created: 1
23:34:20 | INFO: Extracting primitive: cage_bulb_rise250__Body_ON_enamel
23:34:20 | INFO: Primitives created: 1
23:34:20 | INFO: Extracting primitive: cage_bulb_rise250__Body_ON_iron
23:34:20 | INFO: Primitives created: 1
23:34:20 | INFO: Extracting primitive: cage_bulb_rise250__Body_ON_rubber
23:34:20 | INFO: Primitives created: 1
23:34:20 | INFO: Extracting primitive: cage_bulb_rise250__Bulb_ON_bulb
23:34:20 | INFO: Primitives created: 1
23:34:20 | INFO: Extracting primitive: cage_bulb_rise250__Mount_ON_brass
23:34:20 | INFO: Primitives created: 1
23:34:20 | INFO: Extracting primitive: cage_bulb_rise300__Body_ON_brass
23:34:20 | INFO: Primitives created: 1
23:34:20 | INFO: Extracting primitive: cage_bulb_rise300__Body_ON_enamel
23:34:20 | INFO: Primitives created: 1
23:34:20 | INFO: Extracting primitive: cage_bulb_rise300__Body_ON_iron
23:34:20 | INFO: Primitives created: 1
23:34:20 | INFO: Extracting primitive: cage_bulb_rise300__Body_ON_rubber
23:34:20 | INFO: Primitives created: 1
23:34:20 | INFO: Extracting primitive: cage_bulb_rise300__Bulb_ON_bulb
23:34:20 | INFO: Primitives created: 1
23:34:20 | INFO: Extracting primitive: cage_bulb_rise300__Mount_ON_brass
23:34:20 | INFO: Primitives created: 1
23:34:20 | INFO: Extracting primitive: cage_bulb_rise380__Body_ON_brass
23:34:20 | INFO: Primitives created: 1
23:34:20 | INFO: Extracting primitive: cage_bulb_rise380__Body_ON_enamel
23:34:20 | INFO: Primitives created: 1
23:34:20 | INFO: Extracting primitive: cage_bulb_rise380__Body_ON_iron
23:34:20 | INFO: Primitives created: 1
23:34:20 | INFO: Extracting primitive: cage_bulb_rise380__Body_ON_rubber
23:34:20 | INFO: Primitives created: 1
23:34:20 | INFO: Extracting primitive: cage_bulb_rise380__Bulb_ON_bulb
23:34:20 | INFO: Primitives created: 1
23:34:20 | INFO: Extracting primitive: cage_bulb_rise380__Mount_ON_brass
23:34:20 | INFO: Primitives created: 1
23:34:20 | INFO: Extracting primitive: cage_bulb_rise800__Body_ON_brass
23:34:20 | INFO: Primitives created: 1
23:34:20 | INFO: Extracting primitive: cage_bulb_rise800__Body_ON_enamel
23:34:20 | INFO: Primitives created: 1
23:34:20 | INFO: Extracting primitive: cage_bulb_rise800__Body_ON_iron
23:34:20 | INFO: Primitives created: 1
23:34:20 | INFO: Extracting primitive: cage_bulb_rise800__Body_ON_rubber
23:34:20 | INFO: Primitives created: 1
23:34:20 | INFO: Extracting primitive: cage_bulb_rise800__Bulb_ON_bulb
23:34:20 | INFO: Primitives created: 1
23:34:20 | INFO: Extracting primitive: cage_bulb_rise800__Mount_ON_brass
23:34:20 | INFO: Primitives created: 1
23:34:20 | INFO: Extracting primitive: cage_bulb_rise960__Body_ON_brass
23:34:20 | INFO: Primitives created: 1
23:34:20 | INFO: Extracting primitive: cage_bulb_rise960__Body_ON_enamel
23:34:20 | INFO: Primitives created: 1
23:34:20 | INFO: Extracting primitive: cage_bulb_rise960__Body_ON_iron
23:34:20 | INFO: Primitives created: 1
23:34:20 | INFO: Extracting primitive: cage_bulb_rise960__Body_ON_rubber
23:34:20 | INFO: Primitives created: 1
23:34:20 | INFO: Extracting primitive: cage_bulb_rise960__Bulb_ON_bulb
23:34:20 | INFO: Primitives created: 1
23:34:20 | INFO: Extracting primitive: cage_bulb_rise960__Mount_ON_brass
23:34:20 | INFO: Primitives created: 1
23:34:20 | INFO: Extracting primitive: cage_bulb_rise2000__Body_ON_brass
23:34:20 | INFO: Primitives created: 1
23:34:20 | INFO: Extracting primitive: cage_bulb_rise2000__Body_ON_enamel
23:34:20 | INFO: Primitives created: 1
23:34:20 | INFO: Extracting primitive: cage_bulb_rise2000__Body_ON_iron
23:34:20 | INFO: Primitives created: 1
23:34:20 | INFO: Extracting primitive: cage_bulb_rise2000__Body_ON_rubber
23:34:20 | INFO: Primitives created: 1
23:34:20 | INFO: Extracting primitive: cage_bulb_rise2000__Bulb_ON_bulb
23:34:20 | INFO: Primitives created: 1
23:34:20 | INFO: Extracting primitive: cage_bulb_rise2000__Mount_ON_brass
23:34:20 | INFO: Primitives created: 1
23:34:20 | INFO: Extracting primitive: cage_bulb_wall0x200__Body_ON_brass
23:34:20 | INFO: Primitives created: 1
23:34:20 | INFO: Extracting primitive: cage_bulb_wall0x200__Body_ON_enamel
23:34:20 | INFO: Primitives created: 1
23:34:20 | INFO: Extracting primitive: cage_bulb_wall0x200__Body_ON_iron
23:34:20 | INFO: Primitives created: 1
23:34:20 | INFO: Extracting primitive: cage_bulb_wall0x200__Body_ON_rubber
23:34:20 | INFO: Primitives created: 1
23:34:20 | INFO: Extracting primitive: cage_bulb_wall0x200__Bulb_ON_bulb
23:34:20 | INFO: Primitives created: 1
23:34:20 | INFO: Extracting primitive: cage_bulb_wall0x200__Mount_ON_brass
23:34:20 | INFO: Primitives created: 1
23:34:20 | INFO: Extracting primitive: cage_bulb_wall0x-255__Body_ON_brass
23:34:20 | INFO: Primitives created: 1
23:34:20 | INFO: Extracting primitive: cage_bulb_wall0x-255__Body_ON_enamel
23:34:20 | INFO: Primitives created: 1
23:34:20 | INFO: Extracting primitive: cage_bulb_wall0x-255__Body_ON_iron
23:34:20 | INFO: Primitives created: 1
23:34:20 | INFO: Extracting primitive: cage_bulb_wall0x-255__Body_ON_rubber
23:34:20 | INFO: Primitives created: 1
23:34:20 | INFO: Extracting primitive: cage_bulb_wall0x-255__Bulb_ON_bulb
23:34:20 | INFO: Primitives created: 1
23:34:20 | INFO: Extracting primitive: cage_bulb_wall0x-255__Mount_ON_brass
23:34:20 | INFO: Primitives created: 1
23:34:20 | INFO: Extracting primitive: flush_dome__Body_ON_brass
23:34:20 | INFO: Primitives created: 1
23:34:20 | INFO: Extracting primitive: flush_dome__Bulb_ON_bulb
23:34:20 | INFO: Primitives created: 1
23:34:20 | INFO: Extracting primitive: flush_dome_rise100__Body_ON_brass
23:34:20 | INFO: Primitives created: 1
23:34:20 | INFO: Extracting primitive: flush_dome_rise100__Bulb_ON_bulb
23:34:20 | INFO: Primitives created: 1
23:34:20 | INFO: Extracting primitive: flush_dome_rise100__Mount_ON_brass
23:34:20 | INFO: Primitives created: 1
23:34:20 | INFO: Extracting primitive: flush_dome_rise150__Body_ON_brass
23:34:20 | INFO: Primitives created: 1
23:34:20 | INFO: Extracting primitive: flush_dome_rise150__Bulb_ON_bulb
23:34:20 | INFO: Primitives created: 1
23:34:20 | INFO: Extracting primitive: flush_dome_rise150__Mount_ON_brass
23:34:20 | INFO: Primitives created: 1
23:34:20 | INFO: Extracting primitive: kitchen_linear__Body_ON_brass
23:34:20 | INFO: Primitives created: 1
23:34:20 | INFO: Extracting primitive: kitchen_linear__Body_ON_enamel
23:34:20 | INFO: Primitives created: 1
23:34:20 | INFO: Extracting primitive: kitchen_linear__Bulb_ON_bulb
23:34:20 | INFO: Primitives created: 1
23:34:20 | INFO: Extracting primitive: kitchen_linear_rise80__Body_ON_brass
23:34:20 | INFO: Primitives created: 1
23:34:20 | INFO: Extracting primitive: kitchen_linear_rise80__Body_ON_enamel
23:34:20 | INFO: Primitives created: 1
23:34:20 | INFO: Extracting primitive: kitchen_linear_rise80__Bulb_ON_bulb
23:34:20 | INFO: Primitives created: 1
23:34:20 | INFO: Extracting primitive: kitchen_linear_rise80__Mount_ON_brass
23:34:20 | INFO: Primitives created: 1
23:34:20 | INFO: Extracting primitive: kitchen_linear_rise100__Body_ON_brass
23:34:20 | INFO: Primitives created: 1
23:34:20 | INFO: Extracting primitive: kitchen_linear_rise100__Body_ON_enamel
23:34:20 | INFO: Primitives created: 1
23:34:20 | INFO: Extracting primitive: kitchen_linear_rise100__Bulb_ON_bulb
23:34:20 | INFO: Primitives created: 1
23:34:20 | INFO: Extracting primitive: kitchen_linear_rise100__Mount_ON_brass
23:34:20 | INFO: Primitives created: 1
23:34:20 | INFO: Extracting primitive: pendant_shade__Body_ON_brass
23:34:20 | INFO: Primitives created: 1
23:34:20 | INFO: Extracting primitive: pendant_shade__Body_ON_enamel
23:34:20 | INFO: Primitives created: 1
23:34:20 | INFO: Extracting primitive: pendant_shade__Body_ON_linen
23:34:20 | INFO: Primitives created: 1
23:34:20 | INFO: Extracting primitive: pendant_shade__Body_ON_rubber
23:34:20 | INFO: Primitives created: 1
23:34:20 | INFO: Extracting primitive: pendant_shade__Bulb_ON_bulb
23:34:20 | INFO: Primitives created: 1
23:34:20 | INFO: Extracting primitive: pendant_shade__Mount_ON_brass
23:34:20 | INFO: Primitives created: 1
23:34:20 | INFO: Extracting primitive: pendant_shade_rise100__Body_ON_brass
23:34:21 | INFO: Primitives created: 1
23:34:21 | INFO: Extracting primitive: pendant_shade_rise100__Body_ON_enamel
23:34:21 | INFO: Primitives created: 1
23:34:21 | INFO: Extracting primitive: pendant_shade_rise100__Body_ON_linen
23:34:21 | INFO: Primitives created: 1
23:34:21 | INFO: Extracting primitive: pendant_shade_rise100__Body_ON_rubber
23:34:21 | INFO: Primitives created: 1
23:34:21 | INFO: Extracting primitive: pendant_shade_rise100__Bulb_ON_bulb
23:34:21 | INFO: Primitives created: 1
23:34:21 | INFO: Extracting primitive: pendant_shade_rise100__Mount_ON_brass
23:34:21 | INFO: Primitives created: 1
23:34:21 | INFO: Extracting primitive: pendant_shade_rise360__Body_ON_brass
23:34:21 | INFO: Primitives created: 1
23:34:21 | INFO: Extracting primitive: pendant_shade_rise360__Body_ON_enamel
23:34:21 | INFO: Primitives created: 1
23:34:21 | INFO: Extracting primitive: pendant_shade_rise360__Body_ON_linen
23:34:21 | INFO: Primitives created: 1
23:34:21 | INFO: Extracting primitive: pendant_shade_rise360__Body_ON_rubber
23:34:21 | INFO: Primitives created: 1
23:34:21 | INFO: Extracting primitive: pendant_shade_rise360__Bulb_ON_bulb
23:34:21 | INFO: Primitives created: 1
23:34:21 | INFO: Extracting primitive: pendant_shade_rise360__Mount_ON_brass
23:34:21 | INFO: Primitives created: 1
23:34:21 | INFO: Extracting primitive: pendant_shade_rise450__Body_ON_brass
23:34:21 | INFO: Primitives created: 1
23:34:21 | INFO: Extracting primitive: pendant_shade_rise450__Body_ON_enamel
23:34:21 | INFO: Primitives created: 1
23:34:21 | INFO: Extracting primitive: pendant_shade_rise450__Body_ON_linen
23:34:21 | INFO: Primitives created: 1
23:34:21 | INFO: Extracting primitive: pendant_shade_rise450__Body_ON_rubber
23:34:21 | INFO: Primitives created: 1
23:34:21 | INFO: Extracting primitive: pendant_shade_rise450__Bulb_ON_bulb
23:34:21 | INFO: Primitives created: 1
23:34:21 | INFO: Extracting primitive: pendant_shade_rise450__Mount_ON_brass
23:34:21 | INFO: Primitives created: 1
23:34:21 | INFO: Extracting primitive: pendant_shade_rise470__Body_ON_brass
23:34:21 | INFO: Primitives created: 1
23:34:21 | INFO: Extracting primitive: pendant_shade_rise470__Body_ON_enamel
23:34:21 | INFO: Primitives created: 1
23:34:21 | INFO: Extracting primitive: pendant_shade_rise470__Body_ON_linen
23:34:21 | INFO: Primitives created: 1
23:34:21 | INFO: Extracting primitive: pendant_shade_rise470__Body_ON_rubber
23:34:21 | INFO: Primitives created: 1
23:34:21 | INFO: Extracting primitive: pendant_shade_rise470__Bulb_ON_bulb
23:34:21 | INFO: Primitives created: 1
23:34:21 | INFO: Extracting primitive: pendant_shade_rise470__Mount_ON_brass
23:34:21 | INFO: Primitives created: 1
23:34:21 | INFO: Extracting primitive: pendant_shade_rise3140__Body_ON_brass
23:34:21 | INFO: Primitives created: 1
23:34:21 | INFO: Extracting primitive: pendant_shade_rise3140__Body_ON_enamel
23:34:21 | INFO: Primitives created: 1
23:34:21 | INFO: Extracting primitive: pendant_shade_rise3140__Body_ON_linen
23:34:21 | INFO: Primitives created: 1
23:34:21 | INFO: Extracting primitive: pendant_shade_rise3140__Body_ON_rubber
23:34:21 | INFO: Primitives created: 1
23:34:21 | INFO: Extracting primitive: pendant_shade_rise3140__Bulb_ON_bulb
23:34:21 | INFO: Primitives created: 1
23:34:21 | INFO: Extracting primitive: pendant_shade_rise3140__Mount_ON_brass
23:34:21 | INFO: Primitives created: 1
23:34:21 | INFO: Extracting primitive: sconce_globe_back050__Body_ON_brass
23:34:21 | INFO: Primitives created: 1
23:34:21 | INFO: Extracting primitive: sconce_globe_back050__Body_ON_enamel
23:34:21 | INFO: Primitives created: 1
23:34:21 | INFO: Extracting primitive: sconce_globe_back050__Bulb_ON_bulb
23:34:21 | INFO: Primitives created: 1
23:34:21 | INFO: Extracting primitive: sconce_globe_back80__Body_ON_brass
23:34:21 | INFO: Primitives created: 1
23:34:21 | INFO: Extracting primitive: sconce_globe_back80__Body_ON_enamel
23:34:21 | INFO: Primitives created: 1
23:34:21 | INFO: Extracting primitive: sconce_globe_back80__Bulb_ON_bulb
23:34:21 | INFO: Primitives created: 1
23:34:21 | INFO: Extracting primitive: sconce_globe_back100__Body_ON_brass
23:34:21 | INFO: Primitives created: 1
23:34:21 | INFO: Extracting primitive: sconce_globe_back100__Body_ON_enamel
23:34:21 | INFO: Primitives created: 1
23:34:21 | INFO: Extracting primitive: sconce_globe_back100__Bulb_ON_bulb
23:34:21 | INFO: Primitives created: 1
23:34:21 | INFO: Extracting primitive: sconce_globe_back160__Body_ON_brass
23:34:21 | INFO: Primitives created: 1
23:34:21 | INFO: Extracting primitive: sconce_globe_back160__Body_ON_enamel
23:34:21 | INFO: Primitives created: 1
23:34:21 | INFO: Extracting primitive: sconce_globe_back160__Bulb_ON_bulb
23:34:21 | INFO: Primitives created: 1
23:34:21 | INFO: Finished glTF 2.0 export in 1.0288498401641846 s

FIXED LIGHTING 248 original records; 27 assemblies; 440 closed stocks; 133 parts; 481736 triangles; 54 foot contacts
FABRICATION STAGE: art/blender/scripts/inspect_fixed_lighting.py
00:08.859  blend            | Read blend: "C:\PleaseRemainOnTheLine\art\blender\fixed_lighting.blend"
FIXED LIGHTING LOCAL: 440 closed stocks; 27 physical groups; 54 local bearings; 133 mapped parts
FABRICATION STAGE: art/blender/scripts/inspect_fixed_lighting_context.py
FIXED LIGHTING ROOM CONTEXT: 199 actors; 266 source surface contacts
FABRICATION STAGE: art/blender/scripts/inspect_fixed_lighting_city_context.py
23:34:28 | INFO: Data are loaded, start creating Blender stuff
23:34:28 | INFO: Blender create Mesh node F01_OWN_INTERIOR_ceiling_plaster
23:34:28 | INFO: Blender create Mesh node F01_OWN_INTERIOR_ceiling_plaster_stained
23:34:28 | INFO: Blender create Mesh node F01_OWN_INTERIOR_ceiling_tin_ceiling
23:34:28 | INFO: Blender create Mesh node F01_OWN_INTERIOR_floors_ceramic
23:34:28 | INFO: Blender create Mesh node F01_OWN_INTERIOR_floors_concrete
23:34:28 | INFO: Blender create Mesh node F01_OWN_INTERIOR_floors_floor_oak
23:34:28 | INFO: Blender create Mesh node F01_OWN_INTERIOR_floors_terrazzo
23:34:28 | INFO: Blender create Mesh node F01_OWN_INTERIOR_furnish_bakelite_black
23:34:28 | INFO: Blender create Mesh node F01_OWN_INTERIOR_furnish_book_brown
23:34:28 | INFO: Blender create Mesh node F01_OWN_INTERIOR_furnish_book_burgundy
23:34:28 | INFO: Blender create Mesh node F01_OWN_INTERIOR_furnish_book_green
23:34:28 | INFO: Blender create Mesh node F01_OWN_INTERIOR_furnish_book_navy
23:34:28 | INFO: Blender create Mesh node F01_OWN_INTERIOR_furnish_book_ochre
23:34:28 | INFO: Blender create Mesh node F01_OWN_INTERIOR_furnish_book_teal
23:34:28 | INFO: Blender create Mesh node F01_OWN_INTERIOR_furnish_brass
23:34:28 | INFO: Blender create Mesh node F01_OWN_INTERIOR_furnish_brass_bright
23:34:28 | INFO: Blender create Mesh node F01_OWN_INTERIOR_furnish_brass_dull
23:34:28 | INFO: Blender create Mesh node F01_OWN_INTERIOR_furnish_ceramic
23:34:28 | INFO: Blender create Mesh node F01_OWN_INTERIOR_furnish_chrome
23:34:28 | INFO: Blender create Mesh node F01_OWN_INTERIOR_furnish_countertop
23:34:28 | INFO: Blender create Mesh node F01_OWN_INTERIOR_furnish_fabric_cool
23:34:28 | INFO: Blender create Mesh node F01_OWN_INTERIOR_furnish_fabric_green
23:34:28 | INFO: Blender create Mesh node F01_OWN_INTERIOR_furnish_fabric_warm
23:34:28 | INFO: Blender create Mesh node F01_OWN_INTERIOR_furnish_floor_oak
23:34:28 | INFO: Blender create Mesh node F01_OWN_INTERIOR_furnish_fx_shadow
23:34:28 | INFO: Blender create Mesh node F01_OWN_INTERIOR_furnish_glassish
23:34:28 | INFO: Blender create Mesh node F01_OWN_INTERIOR_furnish_hull-colonly
23:34:28 | INFO: Blender create Mesh node F01_OWN_INTERIOR_furnish_linen
23:34:28 | INFO: Blender create Mesh node F01_OWN_INTERIOR_furnish_metal
23:34:28 | INFO: Blender create Mesh node F01_OWN_INTERIOR_furnish_nickel_plated
23:34:29 | INFO: Blender create Mesh node F01_OWN_INTERIOR_furnish_oak_quartered
23:34:29 | INFO: Blender create Mesh node F01_OWN_INTERIOR_furnish_paper
23:34:29 | INFO: Blender create Mesh node F01_OWN_INTERIOR_furnish_plant
23:34:29 | INFO: Blender create Mesh node F01_OWN_INTERIOR_furnish_porcelain
23:34:29 | INFO: Blender create Mesh node F01_OWN_INTERIOR_furnish_soil
23:34:29 | INFO: Blender create Mesh node F01_OWN_INTERIOR_furnish_soot
23:34:29 | INFO: Blender create Mesh node F01_OWN_INTERIOR_furnish_terracotta
23:34:29 | INFO: Blender create Mesh node F01_OWN_INTERIOR_furnish_timber
23:34:29 | INFO: Blender create Mesh node F01_OWN_INTERIOR_furnish_trim
23:34:29 | INFO: Blender create Mesh node F01_OWN_INTERIOR_furnish_wood_dark
23:34:29 | INFO: Blender create Mesh node F01_OWN_INTERIOR_furniture_art
23:34:29 | INFO: Blender create Mesh node F01_OWN_INTERIOR_furniture_blind_slat
23:34:29 | INFO: Blender create Mesh node F01_OWN_INTERIOR_furniture_blind_slat-col
23:34:29 | INFO: Blender create Mesh node F01_OWN_INTERIOR_furniture_brass-col
23:34:29 | INFO: Blender create Mesh node F01_OWN_INTERIOR_furniture_brass_dull-col
23:34:29 | INFO: Blender create Mesh node F01_OWN_INTERIOR_furniture_ceramic-col
23:34:29 | INFO: Blender create Mesh node F01_OWN_INTERIOR_furniture_chrome-col
23:34:29 | INFO: Blender create Mesh node F01_OWN_INTERIOR_furniture_indicator_enamel-col
23:34:29 | INFO: Blender create Mesh node F01_OWN_INTERIOR_furniture_linen-col
23:34:29 | INFO: Blender create Mesh node F01_OWN_INTERIOR_furniture_linoleum-col
23:34:29 | INFO: Blender create Mesh node F01_OWN_INTERIOR_furniture_metal-col
23:34:29 | INFO: Blender create Mesh node F01_OWN_INTERIOR_furniture_rug_warm-col
23:34:29 | INFO: Blender create Mesh node F01_OWN_INTERIOR_furniture_trim-col
23:34:29 | INFO: Blender create Mesh node F01_OWN_INTERIOR_furniture_wood_dark-col
23:34:29 | INFO: Blender create Mesh node F01_OWN_INTERIOR_fx_ao_decal
23:34:29 | INFO: Blender create Mesh node F01_OWN_INTERIOR_slabs-col
23:34:29 | INFO: Blender create Mesh node F01_OWN_INTERIOR_stairs
23:34:29 | INFO: Blender create Mesh node F01_OWN_INTERIOR_stairs_bal
23:34:29 | INFO: Blender create Mesh node F01_OWN_INTERIOR_stairs_brass
23:34:29 | INFO: Blender create Mesh node F01_OWN_INTERIOR_stairs_guard-colonly
23:34:29 | INFO: Blender create Mesh node F01_OWN_INTERIOR_stairs_iron
23:34:29 | INFO: Blender create Mesh node F01_OWN_INTERIOR_stairs_landing
23:34:29 | INFO: Blender create Mesh node F01_OWN_INTERIOR_stairs_rail
23:34:29 | INFO: Blender create Mesh node F01_OWN_INTERIOR_stairs_ramp-colonly
23:34:29 | INFO: Blender create Mesh node F01_OWN_INTERIOR_stairs_soffit_failed
23:34:29 | INFO: Blender create Mesh node F01_OWN_INTERIOR_stairs_treads
23:34:29 | INFO: Blender create Mesh node F01_OWN_INTERIOR_trim
23:34:29 | INFO: Blender create Mesh node F01_OWN_INTERIOR_vent_register_screws
23:34:29 | INFO: Blender create Mesh node F01_OWN_INTERIOR_vent_register_throat
23:34:29 | INFO: Blender create Mesh node F01_OWN_INTERIOR_vent_register_trim
23:34:29 | INFO: Blender create Mesh node F01_OWN_INTERIOR_wainscot_marble_lobby
23:34:29 | INFO: Blender create Mesh node F01_OWN_INTERIOR_wainscot_subway_tile
23:34:29 | INFO: Blender create Mesh node F01_OWN_INTERIOR_wainscot_wainscot
23:34:29 | INFO: Blender create Mesh node F01_OWN_INTERIOR_walls-col
23:34:29 | INFO: Blender create Mesh node F01_OWN_INTERIOR_walls_conc-col
23:34:29 | INFO: Blender create Mesh node F01_OWN_INTERIOR_wear_ceiling_fx_drip
23:34:29 | INFO: Blender create Mesh node F01_OWN_INTERIOR_wear_fx_drip
23:34:29 | INFO: Blender create Mesh node F01_OWN_INTERIOR_wear_fx_grease
23:34:29 | INFO: Blender create Mesh node F01_OWN_INTERIOR_wear_fx_scuff
23:34:29 | INFO: Blender create Mesh node F01_OWN_INTERIOR_wear_fx_traffic
23:34:29 | INFO: glTF import finished in 0.36s
23:34:29 | INFO: Data are loaded, start creating Blender stuff
23:34:29 | INFO: Blender create Mesh node F01_OWN_FACADE_facade_rainwater
23:34:29 | INFO: Blender create Mesh node F01_OWN_FACADE_finish_f01_w00
23:34:29 | INFO: Blender create Mesh node F01_OWN_FACADE_finish_f01_w01
23:34:29 | INFO: Blender create Mesh node F01_OWN_FACADE_finish_f01_w02
23:34:29 | INFO: Blender create Mesh node F01_OWN_FACADE_finish_f01_w03
23:34:29 | INFO: Blender create Mesh node F01_OWN_FACADE_finish_f01_w04
23:34:29 | INFO: Blender create Mesh node F01_OWN_FACADE_finish_f01_w05
23:34:29 | INFO: Blender create Mesh node F01_OWN_FACADE_finish_f01_w06
23:34:29 | INFO: Blender create Mesh node F01_OWN_FACADE_finish_f01_w07
23:34:29 | INFO: Blender create Mesh node F01_OWN_FACADE_finish_f01_w08
23:34:29 | INFO: Blender create Mesh node F01_OWN_FACADE_finish_f01_w09
23:34:29 | INFO: Blender create Mesh node F01_OWN_FACADE_furnish_brass
23:34:29 | INFO: Blender create Mesh node F01_OWN_FACADE_furnish_cast_iron
23:34:29 | INFO: Blender create Mesh node F01_OWN_FACADE_furnish_glassish
23:34:29 | INFO: Blender create Mesh node F01_OWN_FACADE_furnish_metal
23:34:29 | INFO: Blender create Mesh node F01_OWN_FACADE_furnish_plywood
23:34:29 | INFO: Blender create Mesh node F01_OWN_FACADE_furnish_soot
23:34:29 | INFO: Blender create Mesh node F01_OWN_FACADE_furniture_brass-col
23:34:29 | INFO: Blender create Mesh node F01_OWN_FACADE_furniture_fx_damp-col
23:34:29 | INFO: Blender create Mesh node F01_OWN_FACADE_furniture_fx_drip-col
23:34:29 | INFO: Blender create Mesh node F01_OWN_FACADE_furniture_limestone-col
23:34:29 | INFO: Blender create Mesh node F01_OWN_FACADE_furniture_metal-col
23:34:29 | INFO: Blender create Mesh node F01_OWN_FACADE_fx_ao_decal
23:34:29 | INFO: Blender create Mesh node F01_OWN_FACADE_glazing-col
23:34:29 | INFO: Blender create Mesh node F01_OWN_FACADE_sash-col
23:34:29 | INFO: Blender create Mesh node F01_OWN_FACADE_stone_trim-col
23:34:29 | INFO: Blender create Mesh node F01_OWN_FACADE_trim
23:34:29 | INFO: Blender create Mesh node F01_OWN_FACADE_walls_cbrick-col
23:34:29 | INFO: Blender create Mesh node F01_OWN_FACADE_walls_fbrick-col
23:34:29 | INFO: Blender create Mesh node F01_OWN_FACADE_wear_fx_drip
23:34:29 | INFO: Blender create Mesh node F01_OWN_FACADE_wear_fx_scuff
23:34:29 | INFO: glTF import finished in 0.12s
23:34:29 | INFO: Data are loaded, start creating Blender stuff
23:34:29 | INFO: Blender create Mesh node F01_OWN_PASSAGE_retail_passage_shell_bakelite_black-col
23:34:29 | INFO: Blender create Mesh node F01_OWN_PASSAGE_retail_passage_shell_brass_dull
23:34:29 | INFO: Blender create Mesh node F01_OWN_PASSAGE_retail_passage_shell_brass_dull-col
23:34:29 | INFO: Blender create Mesh node F01_OWN_PASSAGE_retail_passage_shell_cast_iron
23:34:29 | INFO: Blender create Mesh node F01_OWN_PASSAGE_retail_passage_shell_cast_iron-col
23:34:29 | INFO: Blender create Mesh node F01_OWN_PASSAGE_retail_passage_shell_common_brick-col
23:34:29 | INFO: Blender create Mesh node F01_OWN_PASSAGE_retail_passage_shell_concrete-col
23:34:29 | INFO: Blender create Mesh node F01_OWN_PASSAGE_retail_passage_shell_glassish-col
23:34:29 | INFO: Blender create Mesh node F01_OWN_PASSAGE_retail_passage_shell_limestone-col
23:34:29 | INFO: Blender create Mesh node F01_OWN_PASSAGE_retail_passage_shell_metal
23:34:29 | INFO: Blender create Mesh node F01_OWN_PASSAGE_retail_passage_shell_milk_glass-col
23:34:29 | INFO: Blender create Mesh node F01_OWN_PASSAGE_retail_passage_shell_paper-col
23:34:29 | INFO: Blender create Mesh node F01_OWN_PASSAGE_retail_passage_shell_plaster-col
23:34:29 | INFO: Blender create Mesh node F01_OWN_PASSAGE_retail_passage_shell_plaster_stained-col
23:34:29 | INFO: Blender create Mesh node F01_OWN_PASSAGE_retail_passage_shell_soot-col
23:34:29 | INFO: Blender create Mesh node F01_OWN_PASSAGE_retail_passage_shell_terrazzo
23:34:29 | INFO: Blender create Mesh node F01_OWN_PASSAGE_retail_passage_shell_terrazzo-col
23:34:29 | INFO: Blender create Mesh node F01_OWN_PASSAGE_retail_passage_shell_terrazzo_dark
23:34:29 | INFO: Blender create Mesh node F01_OWN_PASSAGE_retail_passage_shell_trim-col
23:34:29 | INFO: Blender create Mesh node F01_OWN_PASSAGE_retail_passage_shell_wood_dark-col
23:34:29 | INFO: Blender create Mesh node F01_OWN_PASSAGE_retail_shop_funeral_parlour_limestone-col
23:34:29 | INFO: Blender create Mesh node F01_OWN_PASSAGE_retail_shop_hardware_paint_wood_dark-col
23:34:29 | INFO: Blender create Mesh node F01_OWN_PASSAGE_retail_shop_keys_cut_common_brick-col
23:34:29 | INFO: Blender create Mesh node F01_OWN_PASSAGE_retail_shop_luncheonette_chrome-col
23:34:29 | INFO: Blender create Mesh node F01_OWN_PASSAGE_retail_shop_model_laundry_plaster_stained-col
23:34:29 | INFO: Blender create Mesh node F01_OWN_PASSAGE_retail_shop_news_cigars_wood_dark-col
23:34:29 | INFO: Blender create Mesh node F01_OWN_PASSAGE_retail_shop_otis___son_limestone-col
23:34:29 | INFO: Blender create Mesh node F01_OWN_PASSAGE_retail_shop_pawnbroker_common_brick-col
23:34:29 | INFO: Blender create Mesh node F01_OWN_PASSAGE_retail_shop_photo_supplies_plaster_stained-col
23:34:29 | INFO: Blender create Mesh node F01_OWN_PASSAGE_retail_shop_radio_service_wood_dark-col
23:34:29 | INFO: Blender create Mesh node F01_OWN_PASSAGE_retail_shop_shoe_rebuilding_wood_dark-col
23:34:29 | INFO: glTF import finished in 0.07s
23:34:29 | INFO: Data are loaded, start creating Blender stuff
23:34:29 | INFO: Blender create Mesh node F01_OWN_SHOP_BAR_furnish_bakelite
23:34:29 | INFO: Blender create Mesh node F01_OWN_SHOP_BAR_furnish_bakelite_black
23:34:29 | INFO: Blender create Mesh node F01_OWN_SHOP_BAR_furnish_book_teal
23:34:29 | INFO: Blender create Mesh node F01_OWN_SHOP_BAR_furnish_brass
23:34:29 | INFO: Blender create Mesh node F01_OWN_SHOP_BAR_furnish_brass_bright
23:34:29 | INFO: Blender create Mesh node F01_OWN_SHOP_BAR_furnish_brass_mesh
23:34:29 | INFO: Blender create Mesh node F01_OWN_SHOP_BAR_furnish_cast_iron
23:34:29 | INFO: Blender create Mesh node F01_OWN_SHOP_BAR_furnish_chrome
23:34:29 | INFO: Blender create Mesh node F01_OWN_SHOP_BAR_furnish_enamel
23:34:29 | INFO: Blender create Mesh node F01_OWN_SHOP_BAR_furnish_fabric_cool
23:34:29 | INFO: Blender create Mesh node F01_OWN_SHOP_BAR_furnish_fabric_green
23:34:29 | INFO: Blender create Mesh node F01_OWN_SHOP_BAR_furnish_fabric_warm
23:34:29 | INFO: Blender create Mesh node F01_OWN_SHOP_BAR_furnish_felt_violet
23:34:29 | INFO: Blender create Mesh node F01_OWN_SHOP_BAR_furnish_floor_oak
23:34:29 | INFO: Blender create Mesh node F01_OWN_SHOP_BAR_furnish_fx_shadow
23:34:29 | INFO: Blender create Mesh node F01_OWN_SHOP_BAR_furnish_glassish
23:34:29 | INFO: Blender create Mesh node F01_OWN_SHOP_BAR_furnish_handrail_wood
23:34:29 | INFO: Blender create Mesh node F01_OWN_SHOP_BAR_furnish_hull-colonly
23:34:29 | INFO: Blender create Mesh node F01_OWN_SHOP_BAR_furnish_lacquer_red
23:34:29 | INFO: Blender create Mesh node F01_OWN_SHOP_BAR_furnish_linen
23:34:29 | INFO: Blender create Mesh node F01_OWN_SHOP_BAR_furnish_metal
23:34:29 | INFO: Blender create Mesh node F01_OWN_SHOP_BAR_furnish_milk_glass
23:34:29 | INFO: Blender create Mesh node F01_OWN_SHOP_BAR_furnish_oak_quartered
23:34:29 | INFO: Blender create Mesh node F01_OWN_SHOP_BAR_furnish_paper
23:34:29 | INFO: Blender create Mesh node F01_OWN_SHOP_BAR_furnish_plant
23:34:29 | INFO: Blender create Mesh node F01_OWN_SHOP_BAR_furnish_porcelain
23:34:29 | INFO: Blender create Mesh node F01_OWN_SHOP_BAR_furnish_rubber_aged
23:34:29 | INFO: Blender create Mesh node F01_OWN_SHOP_BAR_furnish_rug_warm
23:34:29 | INFO: Blender create Mesh node F01_OWN_SHOP_BAR_furnish_safety_orange
23:34:29 | INFO: Blender create Mesh node F01_OWN_SHOP_BAR_furnish_screen
23:34:29 | INFO: Blender create Mesh node F01_OWN_SHOP_BAR_furnish_soil
23:34:29 | INFO: Blender create Mesh node F01_OWN_SHOP_BAR_furnish_soot
23:34:29 | INFO: Blender create Mesh node F01_OWN_SHOP_BAR_furnish_stairwell_teal
23:34:29 | INFO: Blender create Mesh node F01_OWN_SHOP_BAR_furnish_terracotta
23:34:29 | INFO: Blender create Mesh node F01_OWN_SHOP_BAR_furnish_timber
23:34:29 | INFO: Blender create Mesh node F01_OWN_SHOP_BAR_furnish_trim
23:34:29 | INFO: Blender create Mesh node F01_OWN_SHOP_BAR_furnish_vinyl_oxblood
23:34:29 | INFO: Blender create Mesh node F01_OWN_SHOP_BAR_furnish_wood_dark
23:34:29 | INFO: Blender create Mesh node F01_OWN_SHOP_BAR_furniture_art
23:34:29 | INFO: Blender create Mesh node F01_OWN_SHOP_BAR_furniture_wood_dark-col
23:34:29 | INFO: Blender create Mesh node F01_OWN_SHOP_BAR_retail_bar_bakelite-col
23:34:29 | INFO: Blender create Mesh node F01_OWN_SHOP_BAR_retail_bar_bakelite_black-col
23:34:29 | INFO: Blender create Mesh node F01_OWN_SHOP_BAR_retail_bar_bar_wall-col
23:34:29 | INFO: Blender create Mesh node F01_OWN_SHOP_BAR_retail_bar_bar_wall_red-col
23:34:29 | INFO: Blender create Mesh node F01_OWN_SHOP_BAR_retail_bar_brass-col
23:34:29 | INFO: Blender create Mesh node F01_OWN_SHOP_BAR_retail_bar_cast_iron-col
23:34:29 | INFO: Blender create Mesh node F01_OWN_SHOP_BAR_retail_bar_chrome-col
23:34:29 | INFO: Blender create Mesh node F01_OWN_SHOP_BAR_retail_bar_common_brick-col
23:34:29 | INFO: Blender create Mesh node F01_OWN_SHOP_BAR_retail_bar_concrete-col
23:34:29 | INFO: Blender create Mesh node F01_OWN_SHOP_BAR_retail_bar_countertop-col
23:34:29 | INFO: Blender create Mesh node F01_OWN_SHOP_BAR_retail_bar_enamel-col
23:34:29 | INFO: Blender create Mesh node F01_OWN_SHOP_BAR_retail_bar_fabric_green-col
23:34:29 | INFO: Blender create Mesh node F01_OWN_SHOP_BAR_retail_bar_fabric_warm-col
23:34:29 | INFO: Blender create Mesh node F01_OWN_SHOP_BAR_retail_bar_felt_violet-col
23:34:29 | INFO: Blender create Mesh node F01_OWN_SHOP_BAR_retail_bar_glassish-col
23:34:29 | INFO: Blender create Mesh node F01_OWN_SHOP_BAR_retail_bar_lacquer_red-col
23:34:29 | INFO: Blender create Mesh node F01_OWN_SHOP_BAR_retail_bar_limestone-col
23:34:29 | INFO: Blender create Mesh node F01_OWN_SHOP_BAR_retail_bar_linen-col
23:34:29 | INFO: Blender create Mesh node F01_OWN_SHOP_BAR_retail_bar_metal-col
23:34:29 | INFO: Blender create Mesh node F01_OWN_SHOP_BAR_retail_bar_mirror_aged-col
23:34:29 | INFO: Blender create Mesh node F01_OWN_SHOP_BAR_retail_bar_oak_quartered-col
23:34:29 | INFO: Blender create Mesh node F01_OWN_SHOP_BAR_retail_bar_paper-col
23:34:29 | INFO: Blender create Mesh node F01_OWN_SHOP_BAR_retail_bar_plaster_stained-col
23:34:29 | INFO: Blender create Mesh node F01_OWN_SHOP_BAR_retail_bar_quarry_tile-col
23:34:29 | INFO: Blender create Mesh node F01_OWN_SHOP_BAR_retail_bar_rug_warm-col
23:34:29 | INFO: Blender create Mesh node F01_OWN_SHOP_BAR_retail_bar_soot-col
23:34:29 | INFO: Blender create Mesh node F01_OWN_SHOP_BAR_retail_bar_stairwell_teal-col
23:34:29 | INFO: Blender create Mesh node F01_OWN_SHOP_BAR_retail_bar_terracotta-col
23:34:29 | INFO: Blender create Mesh node F01_OWN_SHOP_BAR_retail_bar_timber-col
23:34:29 | INFO: Blender create Mesh node F01_OWN_SHOP_BAR_retail_bar_wallpaper_old-col
23:34:29 | INFO: Blender create Mesh node F01_OWN_SHOP_BAR_retail_bar_wood_dark-col
23:34:29 | INFO: Blender create Mesh node F01_OWN_SHOP_BAR_wear_fx_scuff
23:34:29 | INFO: glTF import finished in 0.18s
23:34:29 | INFO: Data are loaded, start creating Blender stuff
23:34:29 | INFO: Blender create Mesh node F01_OWN_SHOP_BODEGA_furnish_fx_shadow
23:34:29 | INFO: Blender create Mesh node F01_OWN_SHOP_BODEGA_furnish_glassish
23:34:29 | INFO: Blender create Mesh node F01_OWN_SHOP_BODEGA_furnish_hull-colonly
23:34:29 | INFO: Blender create Mesh node F01_OWN_SHOP_BODEGA_furnish_paper
23:34:29 | INFO: Blender create Mesh node F01_OWN_SHOP_BODEGA_furnish_soot
23:34:29 | INFO: Blender create Mesh node F01_OWN_SHOP_BODEGA_furnish_timber
23:34:29 | INFO: Blender create Mesh node F01_OWN_SHOP_BODEGA_retail_bod_awning_vinyl-col
23:34:29 | INFO: Blender create Mesh node F01_OWN_SHOP_BODEGA_retail_bod_bakelite-col
23:34:29 | INFO: Blender create Mesh node F01_OWN_SHOP_BODEGA_retail_bod_brass-col
23:34:29 | INFO: Blender create Mesh node F01_OWN_SHOP_BODEGA_retail_bod_chrome-col
23:34:29 | INFO: Blender create Mesh node F01_OWN_SHOP_BODEGA_retail_bod_countertop-col
23:34:29 | INFO: Blender create Mesh node F01_OWN_SHOP_BODEGA_retail_bod_enamel-col
23:34:29 | INFO: Blender create Mesh node F01_OWN_SHOP_BODEGA_retail_bod_fabric_green-col
23:34:29 | INFO: Blender create Mesh node F01_OWN_SHOP_BODEGA_retail_bod_glassish-col
23:34:29 | INFO: Blender create Mesh node F01_OWN_SHOP_BODEGA_retail_bod_linoleum-col
23:34:29 | INFO: Blender create Mesh node F01_OWN_SHOP_BODEGA_retail_bod_metal-col
23:34:29 | INFO: Blender create Mesh node F01_OWN_SHOP_BODEGA_retail_bod_paper-col
23:34:29 | INFO: Blender create Mesh node F01_OWN_SHOP_BODEGA_retail_bod_plaster-col
23:34:29 | INFO: Blender create Mesh node F01_OWN_SHOP_BODEGA_retail_bod_plaster_stained-col
23:34:29 | INFO: Blender create Mesh node F01_OWN_SHOP_BODEGA_retail_bod_safety_orange-col
23:34:29 | INFO: Blender create Mesh node F01_OWN_SHOP_BODEGA_retail_bod_terracotta-col
23:34:29 | INFO: Blender create Mesh node F01_OWN_SHOP_BODEGA_retail_bod_wood_dark-col
23:34:29 | INFO: Blender create Mesh node F01_OWN_SHOP_BODEGA_wear_fx_scuff
23:34:29 | INFO: glTF import finished in 0.06s
23:34:29 | INFO: Data are loaded, start creating Blender stuff
23:34:29 | INFO: Blender create Mesh node F01_OWN_SHOP_FUNERAL_PARLOUR_retail_shop_funeral_parlour_awning_vinyl-col
23:34:29 | INFO: Blender create Mesh node F01_OWN_SHOP_FUNERAL_PARLOUR_retail_shop_funeral_parlour_brass_bright-col
23:34:29 | INFO: Blender create Mesh node F01_OWN_SHOP_FUNERAL_PARLOUR_retail_shop_funeral_parlour_brass_dull-col
23:34:29 | INFO: Blender create Mesh node F01_OWN_SHOP_FUNERAL_PARLOUR_retail_shop_funeral_parlour_bronze-col
23:34:29 | INFO: Blender create Mesh node F01_OWN_SHOP_FUNERAL_PARLOUR_retail_shop_funeral_parlour_concrete-col
23:34:29 | INFO: Blender create Mesh node F01_OWN_SHOP_FUNERAL_PARLOUR_retail_shop_funeral_parlour_floor_oak-col
23:34:29 | INFO: Blender create Mesh node F01_OWN_SHOP_FUNERAL_PARLOUR_retail_shop_funeral_parlour_glassish-col
23:34:29 | INFO: Blender create Mesh node F01_OWN_SHOP_FUNERAL_PARLOUR_retail_shop_funeral_parlour_limestone-col
23:34:29 | INFO: Blender create Mesh node F01_OWN_SHOP_FUNERAL_PARLOUR_retail_shop_funeral_parlour_linen-col
23:34:29 | INFO: Blender create Mesh node F01_OWN_SHOP_FUNERAL_PARLOUR_retail_shop_funeral_parlour_metal-col
23:34:29 | INFO: Blender create Mesh node F01_OWN_SHOP_FUNERAL_PARLOUR_retail_shop_funeral_parlour_milk_glass-col
23:34:29 | INFO: Blender create Mesh node F01_OWN_SHOP_FUNERAL_PARLOUR_retail_shop_funeral_parlour_oak_quartered-col
23:34:29 | INFO: Blender create Mesh node F01_OWN_SHOP_FUNERAL_PARLOUR_retail_shop_funeral_parlour_paper-col
23:34:29 | INFO: Blender create Mesh node F01_OWN_SHOP_FUNERAL_PARLOUR_retail_shop_funeral_parlour_plant-col
23:34:29 | INFO: Blender create Mesh node F01_OWN_SHOP_FUNERAL_PARLOUR_retail_shop_funeral_parlour_plaster-col
23:34:29 | INFO: Blender create Mesh node F01_OWN_SHOP_FUNERAL_PARLOUR_retail_shop_funeral_parlour_plaster_stained-col
23:34:29 | INFO: Blender create Mesh node F01_OWN_SHOP_FUNERAL_PARLOUR_retail_shop_funeral_parlour_plywood-col
23:34:29 | INFO: Blender create Mesh node F01_OWN_SHOP_FUNERAL_PARLOUR_retail_shop_funeral_parlour_soot-col
23:34:29 | INFO: Blender create Mesh node F01_OWN_SHOP_FUNERAL_PARLOUR_retail_shop_funeral_parlour_tin_ceiling-col
23:34:29 | INFO: Blender create Mesh node F01_OWN_SHOP_FUNERAL_PARLOUR_retail_shop_funeral_parlour_trim-col
23:34:29 | INFO: Blender create Mesh node F01_OWN_SHOP_FUNERAL_PARLOUR_retail_shop_funeral_parlour_vinyl_oxblood-col
23:34:29 | INFO: Blender create Mesh node F01_OWN_SHOP_FUNERAL_PARLOUR_retail_shop_funeral_parlour_wainscot-col
23:34:29 | INFO: Blender create Mesh node F01_OWN_SHOP_FUNERAL_PARLOUR_retail_shop_funeral_parlour_wood_dark-col
23:34:29 | INFO: Blender create Mesh node F01_OWN_SHOP_FUNERAL_PARLOUR_wear_fx_scuff
23:34:29 | INFO: glTF import finished in 0.06s
23:34:29 | INFO: Data are loaded, start creating Blender stuff
23:34:29 | INFO: Blender create Mesh node F01_OWN_SHOP_HARDWARE_PAINT_retail_shop_hardware_paint_book_teal-col
23:34:29 | INFO: Blender create Mesh node F01_OWN_SHOP_HARDWARE_PAINT_retail_shop_hardware_paint_brass_bright-col
23:34:29 | INFO: Blender create Mesh node F01_OWN_SHOP_HARDWARE_PAINT_retail_shop_hardware_paint_brass_dull-col
23:34:29 | INFO: Blender create Mesh node F01_OWN_SHOP_HARDWARE_PAINT_retail_shop_hardware_paint_cast_iron-col
23:34:29 | INFO: Blender create Mesh node F01_OWN_SHOP_HARDWARE_PAINT_retail_shop_hardware_paint_concrete-col
23:34:29 | INFO: Blender create Mesh node F01_OWN_SHOP_HARDWARE_PAINT_retail_shop_hardware_paint_countertop-col
23:34:29 | INFO: Blender create Mesh node F01_OWN_SHOP_HARDWARE_PAINT_retail_shop_hardware_paint_fabric_green-col
23:34:30 | INFO: Blender create Mesh node F01_OWN_SHOP_HARDWARE_PAINT_retail_shop_hardware_paint_glassish-col
23:34:30 | INFO: Blender create Mesh node F01_OWN_SHOP_HARDWARE_PAINT_retail_shop_hardware_paint_lacquer_red-col
23:34:30 | INFO: Blender create Mesh node F01_OWN_SHOP_HARDWARE_PAINT_retail_shop_hardware_paint_metal-col
23:34:30 | INFO: Blender create Mesh node F01_OWN_SHOP_HARDWARE_PAINT_retail_shop_hardware_paint_oak_quartered-col
23:34:30 | INFO: Blender create Mesh node F01_OWN_SHOP_HARDWARE_PAINT_retail_shop_hardware_paint_paper-col
23:34:30 | INFO: Blender create Mesh node F01_OWN_SHOP_HARDWARE_PAINT_retail_shop_hardware_paint_plaster-col
23:34:30 | INFO: Blender create Mesh node F01_OWN_SHOP_HARDWARE_PAINT_retail_shop_hardware_paint_plaster_stained-col
23:34:30 | INFO: Blender create Mesh node F01_OWN_SHOP_HARDWARE_PAINT_retail_shop_hardware_paint_plywood-col
23:34:30 | INFO: Blender create Mesh node F01_OWN_SHOP_HARDWARE_PAINT_retail_shop_hardware_paint_safety_orange-col
23:34:30 | INFO: Blender create Mesh node F01_OWN_SHOP_HARDWARE_PAINT_retail_shop_hardware_paint_soot-col
23:34:30 | INFO: Blender create Mesh node F01_OWN_SHOP_HARDWARE_PAINT_retail_shop_hardware_paint_timber-col
23:34:30 | INFO: Blender create Mesh node F01_OWN_SHOP_HARDWARE_PAINT_retail_shop_hardware_paint_trim-col
23:34:30 | INFO: Blender create Mesh node F01_OWN_SHOP_HARDWARE_PAINT_retail_shop_hardware_paint_wainscot-col
23:34:30 | INFO: Blender create Mesh node F01_OWN_SHOP_HARDWARE_PAINT_retail_shop_hardware_paint_wood_dark-col
23:34:30 | INFO: Blender create Mesh node F01_OWN_SHOP_HARDWARE_PAINT_wear_fx_scuff
23:34:30 | INFO: glTF import finished in 0.07s
23:34:30 | INFO: Data are loaded, start creating Blender stuff
23:34:30 | INFO: Blender create Mesh node F01_OWN_SHOP_KEYS_CUT_retail_shop_keys_cut_brass-col
23:34:30 | INFO: Blender create Mesh node F01_OWN_SHOP_KEYS_CUT_retail_shop_keys_cut_brass_bright-col
23:34:30 | INFO: Blender create Mesh node F01_OWN_SHOP_KEYS_CUT_retail_shop_keys_cut_brass_dull-col
23:34:30 | INFO: Blender create Mesh node F01_OWN_SHOP_KEYS_CUT_retail_shop_keys_cut_cast_iron-col
23:34:30 | INFO: Blender create Mesh node F01_OWN_SHOP_KEYS_CUT_retail_shop_keys_cut_chrome-col
23:34:30 | INFO: Blender create Mesh node F01_OWN_SHOP_KEYS_CUT_retail_shop_keys_cut_common_brick-col
23:34:30 | INFO: Blender create Mesh node F01_OWN_SHOP_KEYS_CUT_retail_shop_keys_cut_concrete-col
23:34:30 | INFO: Blender create Mesh node F01_OWN_SHOP_KEYS_CUT_retail_shop_keys_cut_countertop-col
23:34:30 | INFO: Blender create Mesh node F01_OWN_SHOP_KEYS_CUT_retail_shop_keys_cut_glassish-col
23:34:30 | INFO: Blender create Mesh node F01_OWN_SHOP_KEYS_CUT_retail_shop_keys_cut_linen-col
23:34:30 | INFO: Blender create Mesh node F01_OWN_SHOP_KEYS_CUT_retail_shop_keys_cut_metal-col
23:34:30 | INFO: Blender create Mesh node F01_OWN_SHOP_KEYS_CUT_retail_shop_keys_cut_paper-col
23:34:30 | INFO: Blender create Mesh node F01_OWN_SHOP_KEYS_CUT_retail_shop_keys_cut_plaster-col
23:34:30 | INFO: Blender create Mesh node F01_OWN_SHOP_KEYS_CUT_retail_shop_keys_cut_plaster_stained-col
23:34:30 | INFO: Blender create Mesh node F01_OWN_SHOP_KEYS_CUT_retail_shop_keys_cut_plywood-col
23:34:30 | INFO: Blender create Mesh node F01_OWN_SHOP_KEYS_CUT_retail_shop_keys_cut_timber-col
23:34:30 | INFO: Blender create Mesh node F01_OWN_SHOP_KEYS_CUT_retail_shop_keys_cut_trim-col
23:34:30 | INFO: Blender create Mesh node F01_OWN_SHOP_KEYS_CUT_retail_shop_keys_cut_vinyl_oxblood-col
23:34:30 | INFO: Blender create Mesh node F01_OWN_SHOP_KEYS_CUT_retail_shop_keys_cut_wainscot-col
23:34:30 | INFO: Blender create Mesh node F01_OWN_SHOP_KEYS_CUT_retail_shop_keys_cut_wood_dark-col
23:34:30 | INFO: Blender create Mesh node F01_OWN_SHOP_KEYS_CUT_wear_fx_scuff
23:34:30 | INFO: glTF import finished in 0.06s
23:34:30 | INFO: Data are loaded, start creating Blender stuff
23:34:30 | INFO: Blender create Mesh node F01_OWN_SHOP_LUNCHEONETTE_retail_shop_luncheonette_awning_vinyl-col
23:34:30 | INFO: Blender create Mesh node F01_OWN_SHOP_LUNCHEONETTE_retail_shop_luncheonette_bakelite
23:34:30 | INFO: Blender create Mesh node F01_OWN_SHOP_LUNCHEONETTE_retail_shop_luncheonette_bakelite_black
23:34:30 | INFO: Blender create Mesh node F01_OWN_SHOP_LUNCHEONETTE_retail_shop_luncheonette_bakelite_black-col
23:34:30 | INFO: Blender create Mesh node F01_OWN_SHOP_LUNCHEONETTE_retail_shop_luncheonette_brass
23:34:30 | INFO: Blender create Mesh node F01_OWN_SHOP_LUNCHEONETTE_retail_shop_luncheonette_brass_bright-col
23:34:30 | INFO: Blender create Mesh node F01_OWN_SHOP_LUNCHEONETTE_retail_shop_luncheonette_brass_dull-col
23:34:30 | INFO: Blender create Mesh node F01_OWN_SHOP_LUNCHEONETTE_retail_shop_luncheonette_cast_iron-col
23:34:30 | INFO: Blender create Mesh node F01_OWN_SHOP_LUNCHEONETTE_retail_shop_luncheonette_chrome-col
23:34:30 | INFO: Blender create Mesh node F01_OWN_SHOP_LUNCHEONETTE_retail_shop_luncheonette_concrete-col
23:34:30 | INFO: Blender create Mesh node F01_OWN_SHOP_LUNCHEONETTE_retail_shop_luncheonette_countertop-col
23:34:30 | INFO: Blender create Mesh node F01_OWN_SHOP_LUNCHEONETTE_retail_shop_luncheonette_enamel
23:34:30 | INFO: Blender create Mesh node F01_OWN_SHOP_LUNCHEONETTE_retail_shop_luncheonette_enamel-col
23:34:30 | INFO: Blender create Mesh node F01_OWN_SHOP_LUNCHEONETTE_retail_shop_luncheonette_fabric_cool
23:34:30 | INFO: Blender create Mesh node F01_OWN_SHOP_LUNCHEONETTE_retail_shop_luncheonette_fx_shadow
23:34:30 | INFO: Blender create Mesh node F01_OWN_SHOP_LUNCHEONETTE_retail_shop_luncheonette_glassish-col
23:34:30 | INFO: Blender create Mesh node F01_OWN_SHOP_LUNCHEONETTE_retail_shop_luncheonette_hull-colonly
23:34:30 | INFO: Blender create Mesh node F01_OWN_SHOP_LUNCHEONETTE_retail_shop_luncheonette_lacquer_red-col
23:34:30 | INFO: Blender create Mesh node F01_OWN_SHOP_LUNCHEONETTE_retail_shop_luncheonette_marble_lobby-col
23:34:30 | INFO: Blender create Mesh node F01_OWN_SHOP_LUNCHEONETTE_retail_shop_luncheonette_metal-col
23:34:30 | INFO: Blender create Mesh node F01_OWN_SHOP_LUNCHEONETTE_retail_shop_luncheonette_milk_glass
23:34:30 | INFO: Blender create Mesh node F01_OWN_SHOP_LUNCHEONETTE_retail_shop_luncheonette_nickel_plated-col
23:34:30 | INFO: Blender create Mesh node F01_OWN_SHOP_LUNCHEONETTE_retail_shop_luncheonette_paper-col
23:34:30 | INFO: Blender create Mesh node F01_OWN_SHOP_LUNCHEONETTE_retail_shop_luncheonette_plaster-col
23:34:30 | INFO: Blender create Mesh node F01_OWN_SHOP_LUNCHEONETTE_retail_shop_luncheonette_plaster_stained-col
23:34:30 | INFO: Blender create Mesh node F01_OWN_SHOP_LUNCHEONETTE_retail_shop_luncheonette_screen
23:34:30 | INFO: Blender create Mesh node F01_OWN_SHOP_LUNCHEONETTE_retail_shop_luncheonette_terracotta
23:34:30 | INFO: Blender create Mesh node F01_OWN_SHOP_LUNCHEONETTE_retail_shop_luncheonette_terrazzo-col
23:34:30 | INFO: Blender create Mesh node F01_OWN_SHOP_LUNCHEONETTE_retail_shop_luncheonette_timber-col
23:34:30 | INFO: Blender create Mesh node F01_OWN_SHOP_LUNCHEONETTE_retail_shop_luncheonette_tin_ceiling-col
23:34:30 | INFO: Blender create Mesh node F01_OWN_SHOP_LUNCHEONETTE_retail_shop_luncheonette_trim-col
23:34:30 | INFO: Blender create Mesh node F01_OWN_SHOP_LUNCHEONETTE_retail_shop_luncheonette_vinyl_oxblood-col
23:34:30 | INFO: Blender create Mesh node F01_OWN_SHOP_LUNCHEONETTE_retail_shop_luncheonette_wainscot-col
23:34:30 | INFO: Blender create Mesh node F01_OWN_SHOP_LUNCHEONETTE_retail_shop_luncheonette_wood_dark-col
23:34:30 | INFO: Blender create Mesh node F01_OWN_SHOP_LUNCHEONETTE_wear_fx_scuff
23:34:30 | INFO: glTF import finished in 0.10s
23:34:30 | INFO: Data are loaded, start creating Blender stuff
23:34:30 | INFO: Blender create Mesh node F01_OWN_SHOP_MODEL_LAUNDRY_retail_shop_model_laundry_awning_vinyl-col
23:34:30 | INFO: Blender create Mesh node F01_OWN_SHOP_MODEL_LAUNDRY_retail_shop_model_laundry_bakelite
23:34:30 | INFO: Blender create Mesh node F01_OWN_SHOP_MODEL_LAUNDRY_retail_shop_model_laundry_bakelite_black
23:34:30 | INFO: Blender create Mesh node F01_OWN_SHOP_MODEL_LAUNDRY_retail_shop_model_laundry_book_teal-col
23:34:30 | INFO: Blender create Mesh node F01_OWN_SHOP_MODEL_LAUNDRY_retail_shop_model_laundry_brass
23:34:30 | INFO: Blender create Mesh node F01_OWN_SHOP_MODEL_LAUNDRY_retail_shop_model_laundry_brass_bright-col
23:34:30 | INFO: Blender create Mesh node F01_OWN_SHOP_MODEL_LAUNDRY_retail_shop_model_laundry_brass_dull-col
23:34:30 | INFO: Blender create Mesh node F01_OWN_SHOP_MODEL_LAUNDRY_retail_shop_model_laundry_cast_iron-col
23:34:30 | INFO: Blender create Mesh node F01_OWN_SHOP_MODEL_LAUNDRY_retail_shop_model_laundry_chrome-col
23:34:30 | INFO: Blender create Mesh node F01_OWN_SHOP_MODEL_LAUNDRY_retail_shop_model_laundry_concrete-col
23:34:30 | INFO: Blender create Mesh node F01_OWN_SHOP_MODEL_LAUNDRY_retail_shop_model_laundry_countertop-col
23:34:30 | INFO: Blender create Mesh node F01_OWN_SHOP_MODEL_LAUNDRY_retail_shop_model_laundry_enamel
23:34:30 | INFO: Blender create Mesh node F01_OWN_SHOP_MODEL_LAUNDRY_retail_shop_model_laundry_fx_shadow
23:34:30 | INFO: Blender create Mesh node F01_OWN_SHOP_MODEL_LAUNDRY_retail_shop_model_laundry_glassish-col
23:34:30 | INFO: Blender create Mesh node F01_OWN_SHOP_MODEL_LAUNDRY_retail_shop_model_laundry_hull-colonly
23:34:30 | INFO: Blender create Mesh node F01_OWN_SHOP_MODEL_LAUNDRY_retail_shop_model_laundry_linen-col
23:34:30 | INFO: Blender create Mesh node F01_OWN_SHOP_MODEL_LAUNDRY_retail_shop_model_laundry_metal
23:34:30 | INFO: Blender create Mesh node F01_OWN_SHOP_MODEL_LAUNDRY_retail_shop_model_laundry_metal-col
23:34:30 | INFO: Blender create Mesh node F01_OWN_SHOP_MODEL_LAUNDRY_retail_shop_model_laundry_milk_glass
23:34:30 | INFO: Blender create Mesh node F01_OWN_SHOP_MODEL_LAUNDRY_retail_shop_model_laundry_paper-col
23:34:30 | INFO: Blender create Mesh node F01_OWN_SHOP_MODEL_LAUNDRY_retail_shop_model_laundry_plaster-col
23:34:30 | INFO: Blender create Mesh node F01_OWN_SHOP_MODEL_LAUNDRY_retail_shop_model_laundry_plaster_stained-col
23:34:30 | INFO: Blender create Mesh node F01_OWN_SHOP_MODEL_LAUNDRY_retail_shop_model_laundry_plywood-col
23:34:30 | INFO: Blender create Mesh node F01_OWN_SHOP_MODEL_LAUNDRY_retail_shop_model_laundry_quarry_tile-col
23:34:30 | INFO: Blender create Mesh node F01_OWN_SHOP_MODEL_LAUNDRY_retail_shop_model_laundry_rubber_aged-col
23:34:30 | INFO: Blender create Mesh node F01_OWN_SHOP_MODEL_LAUNDRY_retail_shop_model_laundry_screen
23:34:30 | INFO: Blender create Mesh node F01_OWN_SHOP_MODEL_LAUNDRY_retail_shop_model_laundry_terracotta
23:34:30 | INFO: Blender create Mesh node F01_OWN_SHOP_MODEL_LAUNDRY_retail_shop_model_laundry_timber-col
23:34:30 | INFO: Blender create Mesh node F01_OWN_SHOP_MODEL_LAUNDRY_retail_shop_model_laundry_trim-col
23:34:30 | INFO: Blender create Mesh node F01_OWN_SHOP_MODEL_LAUNDRY_retail_shop_model_laundry_wainscot-col
23:34:30 | INFO: Blender create Mesh node F01_OWN_SHOP_MODEL_LAUNDRY_retail_shop_model_laundry_wood_dark-col
23:34:30 | INFO: Blender create Mesh node F01_OWN_SHOP_MODEL_LAUNDRY_retail_shop_model_laundry_zinc_liner-col
23:34:30 | INFO: Blender create Mesh node F01_OWN_SHOP_MODEL_LAUNDRY_wear_fx_scuff
23:34:30 | INFO: glTF import finished in 0.10s
23:34:30 | INFO: Data are loaded, start creating Blender stuff
23:34:30 | INFO: Blender create Mesh node F01_OWN_SHOP_NEWS_CIGARS_retail_shop_news_cigars_bakelite
23:34:30 | INFO: Blender create Mesh node F01_OWN_SHOP_NEWS_CIGARS_retail_shop_news_cigars_bakelite_black
23:34:30 | INFO: Blender create Mesh node F01_OWN_SHOP_NEWS_CIGARS_retail_shop_news_cigars_bakelite_black-col
23:34:30 | INFO: Blender create Mesh node F01_OWN_SHOP_NEWS_CIGARS_retail_shop_news_cigars_brass
23:34:30 | INFO: Blender create Mesh node F01_OWN_SHOP_NEWS_CIGARS_retail_shop_news_cigars_brass_bright-col
23:34:30 | INFO: Blender create Mesh node F01_OWN_SHOP_NEWS_CIGARS_retail_shop_news_cigars_brass_dull-col
23:34:30 | INFO: Blender create Mesh node F01_OWN_SHOP_NEWS_CIGARS_retail_shop_news_cigars_concrete-col
23:34:30 | INFO: Blender create Mesh node F01_OWN_SHOP_NEWS_CIGARS_retail_shop_news_cigars_countertop-col
23:34:30 | INFO: Blender create Mesh node F01_OWN_SHOP_NEWS_CIGARS_retail_shop_news_cigars_enamel
23:34:30 | INFO: Blender create Mesh node F01_OWN_SHOP_NEWS_CIGARS_retail_shop_news_cigars_fx_shadow
23:34:30 | INFO: Blender create Mesh node F01_OWN_SHOP_NEWS_CIGARS_retail_shop_news_cigars_glassish-col
23:34:30 | INFO: Blender create Mesh node F01_OWN_SHOP_NEWS_CIGARS_retail_shop_news_cigars_hull-colonly
23:34:30 | INFO: Blender create Mesh node F01_OWN_SHOP_NEWS_CIGARS_retail_shop_news_cigars_linoleum-col
23:34:30 | INFO: Blender create Mesh node F01_OWN_SHOP_NEWS_CIGARS_retail_shop_news_cigars_metal
23:34:30 | INFO: Blender create Mesh node F01_OWN_SHOP_NEWS_CIGARS_retail_shop_news_cigars_metal-col
23:34:30 | INFO: Blender create Mesh node F01_OWN_SHOP_NEWS_CIGARS_retail_shop_news_cigars_milk_glass
23:34:30 | INFO: Blender create Mesh node F01_OWN_SHOP_NEWS_CIGARS_retail_shop_news_cigars_paper-col
23:34:30 | INFO: Blender create Mesh node F01_OWN_SHOP_NEWS_CIGARS_retail_shop_news_cigars_plaster-col
23:34:30 | INFO: Blender create Mesh node F01_OWN_SHOP_NEWS_CIGARS_retail_shop_news_cigars_plaster_stained-col
23:34:30 | INFO: Blender create Mesh node F01_OWN_SHOP_NEWS_CIGARS_retail_shop_news_cigars_safety_orange-col
23:34:30 | INFO: Blender create Mesh node F01_OWN_SHOP_NEWS_CIGARS_retail_shop_news_cigars_screen
23:34:30 | INFO: Blender create Mesh node F01_OWN_SHOP_NEWS_CIGARS_retail_shop_news_cigars_soot-col
23:34:30 | INFO: Blender create Mesh node F01_OWN_SHOP_NEWS_CIGARS_retail_shop_news_cigars_terracotta
23:34:30 | INFO: Blender create Mesh node F01_OWN_SHOP_NEWS_CIGARS_retail_shop_news_cigars_timber-col
23:34:30 | INFO: Blender create Mesh node F01_OWN_SHOP_NEWS_CIGARS_retail_shop_news_cigars_trim-col
23:34:30 | INFO: Blender create Mesh node F01_OWN_SHOP_NEWS_CIGARS_retail_shop_news_cigars_wainscot-col
23:34:30 | INFO: Blender create Mesh node F01_OWN_SHOP_NEWS_CIGARS_retail_shop_news_cigars_wood_dark-col
23:34:30 | INFO: Blender create Mesh node F01_OWN_SHOP_NEWS_CIGARS_wear_fx_scuff
23:34:30 | INFO: glTF import finished in 0.09s
23:34:30 | INFO: Data are loaded, start creating Blender stuff
23:34:30 | INFO: Blender create Mesh node F01_OWN_SHOP_OTIS_SON_retail_shop_otis___son_awning_vinyl-col
23:34:30 | INFO: Blender create Mesh node F01_OWN_SHOP_OTIS_SON_retail_shop_otis___son_bakelite_black-col
23:34:30 | INFO: Blender create Mesh node F01_OWN_SHOP_OTIS_SON_retail_shop_otis___son_book_ochre-col
23:34:30 | INFO: Blender create Mesh node F01_OWN_SHOP_OTIS_SON_retail_shop_otis___son_book_teal-col
23:34:30 | INFO: Blender create Mesh node F01_OWN_SHOP_OTIS_SON_retail_shop_otis___son_brass_bright-col
23:34:30 | INFO: Blender create Mesh node F01_OWN_SHOP_OTIS_SON_retail_shop_otis___son_brass_dull-col
23:34:30 | INFO: Blender create Mesh node F01_OWN_SHOP_OTIS_SON_retail_shop_otis___son_bronze-col
23:34:30 | INFO: Blender create Mesh node F01_OWN_SHOP_OTIS_SON_retail_shop_otis___son_chrome-col
23:34:30 | INFO: Blender create Mesh node F01_OWN_SHOP_OTIS_SON_retail_shop_otis___son_concrete-col
23:34:30 | INFO: Blender create Mesh node F01_OWN_SHOP_OTIS_SON_retail_shop_otis___son_countertop-col
23:34:30 | INFO: Blender create Mesh node F01_OWN_SHOP_OTIS_SON_retail_shop_otis___son_fabric_green-col
23:34:30 | INFO: Blender create Mesh node F01_OWN_SHOP_OTIS_SON_retail_shop_otis___son_glassish-col
23:34:30 | INFO: Blender create Mesh node F01_OWN_SHOP_OTIS_SON_retail_shop_otis___son_lacquer_red-col
23:34:30 | INFO: Blender create Mesh node F01_OWN_SHOP_OTIS_SON_retail_shop_otis___son_limestone-col
23:34:30 | INFO: Blender create Mesh node F01_OWN_SHOP_OTIS_SON_retail_shop_otis___son_marble_lobby-col
23:34:30 | INFO: Blender create Mesh node F01_OWN_SHOP_OTIS_SON_retail_shop_otis___son_metal-col
23:34:30 | INFO: Blender create Mesh node F01_OWN_SHOP_OTIS_SON_retail_shop_otis___son_milk_glass-col
23:34:30 | INFO: Blender create Mesh node F01_OWN_SHOP_OTIS_SON_retail_shop_otis___son_oak_quartered-col
23:34:30 | INFO: Blender create Mesh node F01_OWN_SHOP_OTIS_SON_retail_shop_otis___son_paper-col
23:34:30 | INFO: Blender create Mesh node F01_OWN_SHOP_OTIS_SON_retail_shop_otis___son_plaster-col
23:34:30 | INFO: Blender create Mesh node F01_OWN_SHOP_OTIS_SON_retail_shop_otis___son_plaster_stained-col
23:34:30 | INFO: Blender create Mesh node F01_OWN_SHOP_OTIS_SON_retail_shop_otis___son_plywood-col
23:34:30 | INFO: Blender create Mesh node F01_OWN_SHOP_OTIS_SON_retail_shop_otis___son_porcelain-col
23:34:30 | INFO: Blender create Mesh node F01_OWN_SHOP_OTIS_SON_retail_shop_otis___son_terrazzo-col
23:34:30 | INFO: Blender create Mesh node F01_OWN_SHOP_OTIS_SON_retail_shop_otis___son_timber-col
23:34:30 | INFO: Blender create Mesh node F01_OWN_SHOP_OTIS_SON_retail_shop_otis___son_tin_ceiling-col
23:34:30 | INFO: Blender create Mesh node F01_OWN_SHOP_OTIS_SON_retail_shop_otis___son_trim-col
23:34:30 | INFO: Blender create Mesh node F01_OWN_SHOP_OTIS_SON_retail_shop_otis___son_vinyl_oxblood-col
23:34:30 | INFO: Blender create Mesh node F01_OWN_SHOP_OTIS_SON_retail_shop_otis___son_wainscot-col
23:34:30 | INFO: Blender create Mesh node F01_OWN_SHOP_OTIS_SON_retail_shop_otis___son_wood_dark-col
23:34:30 | INFO: Blender create Mesh node F01_OWN_SHOP_OTIS_SON_wear_fx_scuff
23:34:30 | INFO: glTF import finished in 0.11s
23:34:30 | INFO: Data are loaded, start creating Blender stuff
23:34:30 | INFO: Blender create Mesh node F01_OWN_SHOP_PAWNBROKER_retail_shop_pawnbroker_bakelite
23:34:30 | INFO: Blender create Mesh node F01_OWN_SHOP_PAWNBROKER_retail_shop_pawnbroker_bakelite_black
23:34:30 | INFO: Blender create Mesh node F01_OWN_SHOP_PAWNBROKER_retail_shop_pawnbroker_bakelite_black-col
23:34:30 | INFO: Blender create Mesh node F01_OWN_SHOP_PAWNBROKER_retail_shop_pawnbroker_brass
23:34:30 | INFO: Blender create Mesh node F01_OWN_SHOP_PAWNBROKER_retail_shop_pawnbroker_brass_bright-col
23:34:30 | INFO: Blender create Mesh node F01_OWN_SHOP_PAWNBROKER_retail_shop_pawnbroker_brass_dull-col
23:34:30 | INFO: Blender create Mesh node F01_OWN_SHOP_PAWNBROKER_retail_shop_pawnbroker_brass_mesh-col
23:34:30 | INFO: Blender create Mesh node F01_OWN_SHOP_PAWNBROKER_retail_shop_pawnbroker_bronze-col
23:34:30 | INFO: Blender create Mesh node F01_OWN_SHOP_PAWNBROKER_retail_shop_pawnbroker_cast_iron-col
23:34:30 | INFO: Blender create Mesh node F01_OWN_SHOP_PAWNBROKER_retail_shop_pawnbroker_common_brick-col
23:34:30 | INFO: Blender create Mesh node F01_OWN_SHOP_PAWNBROKER_retail_shop_pawnbroker_concrete-col
23:34:30 | INFO: Blender create Mesh node F01_OWN_SHOP_PAWNBROKER_retail_shop_pawnbroker_countertop-col
23:34:30 | INFO: Blender create Mesh node F01_OWN_SHOP_PAWNBROKER_retail_shop_pawnbroker_enamel
23:34:30 | INFO: Blender create Mesh node F01_OWN_SHOP_PAWNBROKER_retail_shop_pawnbroker_enamel-col
23:34:30 | INFO: Blender create Mesh node F01_OWN_SHOP_PAWNBROKER_retail_shop_pawnbroker_fabric_cool
23:34:30 | INFO: Blender create Mesh node F01_OWN_SHOP_PAWNBROKER_retail_shop_pawnbroker_fabric_warm-col
23:34:30 | INFO: Blender create Mesh node F01_OWN_SHOP_PAWNBROKER_retail_shop_pawnbroker_floor_oak-col
23:34:30 | INFO: Blender create Mesh node F01_OWN_SHOP_PAWNBROKER_retail_shop_pawnbroker_fx_shadow
23:34:30 | INFO: Blender create Mesh node F01_OWN_SHOP_PAWNBROKER_retail_shop_pawnbroker_glassish-col
23:34:30 | INFO: Blender create Mesh node F01_OWN_SHOP_PAWNBROKER_retail_shop_pawnbroker_hull-colonly
23:34:30 | INFO: Blender create Mesh node F01_OWN_SHOP_PAWNBROKER_retail_shop_pawnbroker_linen-col
23:34:30 | INFO: Blender create Mesh node F01_OWN_SHOP_PAWNBROKER_retail_shop_pawnbroker_metal-col
23:34:30 | INFO: Blender create Mesh node F01_OWN_SHOP_PAWNBROKER_retail_shop_pawnbroker_milk_glass
23:34:30 | INFO: Blender create Mesh node F01_OWN_SHOP_PAWNBROKER_retail_shop_pawnbroker_paper-col
23:34:30 | INFO: Blender create Mesh node F01_OWN_SHOP_PAWNBROKER_retail_shop_pawnbroker_plaster-col
23:34:30 | INFO: Blender create Mesh node F01_OWN_SHOP_PAWNBROKER_retail_shop_pawnbroker_plaster_stained-col
23:34:30 | INFO: Blender create Mesh node F01_OWN_SHOP_PAWNBROKER_retail_shop_pawnbroker_plywood-col
23:34:30 | INFO: Blender create Mesh node F01_OWN_SHOP_PAWNBROKER_retail_shop_pawnbroker_screen
23:34:30 | INFO: Blender create Mesh node F01_OWN_SHOP_PAWNBROKER_retail_shop_pawnbroker_terracotta
23:34:30 | INFO: Blender create Mesh node F01_OWN_SHOP_PAWNBROKER_retail_shop_pawnbroker_timber-col
23:34:30 | INFO: Blender create Mesh node F01_OWN_SHOP_PAWNBROKER_retail_shop_pawnbroker_tin_ceiling-col
23:34:30 | INFO: Blender create Mesh node F01_OWN_SHOP_PAWNBROKER_retail_shop_pawnbroker_trim-col
23:34:30 | INFO: Blender create Mesh node F01_OWN_SHOP_PAWNBROKER_retail_shop_pawnbroker_wainscot-col
23:34:30 | INFO: Blender create Mesh node F01_OWN_SHOP_PAWNBROKER_retail_shop_pawnbroker_wood_dark-col
23:34:30 | INFO: Blender create Mesh node F01_OWN_SHOP_PAWNBROKER_wear_fx_scuff
23:34:30 | INFO: glTF import finished in 0.12s
23:34:30 | INFO: Data are loaded, start creating Blender stuff
23:34:30 | INFO: Blender create Mesh node F01_OWN_SHOP_PHOTO_SUPPLIES_retail_shop_photo_supplies_awning_vinyl-col
23:34:30 | INFO: Blender create Mesh node F01_OWN_SHOP_PHOTO_SUPPLIES_retail_shop_photo_supplies_bakelite
23:34:30 | INFO: Blender create Mesh node F01_OWN_SHOP_PHOTO_SUPPLIES_retail_shop_photo_supplies_bakelite_black
23:34:30 | INFO: Blender create Mesh node F01_OWN_SHOP_PHOTO_SUPPLIES_retail_shop_photo_supplies_bakelite_black-col
23:34:30 | INFO: Blender create Mesh node F01_OWN_SHOP_PHOTO_SUPPLIES_retail_shop_photo_supplies_book_ochre-col
23:34:30 | INFO: Blender create Mesh node F01_OWN_SHOP_PHOTO_SUPPLIES_retail_shop_photo_supplies_book_teal-col
23:34:30 | INFO: Blender create Mesh node F01_OWN_SHOP_PHOTO_SUPPLIES_retail_shop_photo_supplies_brass
23:34:30 | INFO: Blender create Mesh node F01_OWN_SHOP_PHOTO_SUPPLIES_retail_shop_photo_supplies_brass_bright-col
23:34:30 | INFO: Blender create Mesh node F01_OWN_SHOP_PHOTO_SUPPLIES_retail_shop_photo_supplies_brass_dull-col
23:34:30 | INFO: Blender create Mesh node F01_OWN_SHOP_PHOTO_SUPPLIES_retail_shop_photo_supplies_cast_iron-col
23:34:30 | INFO: Blender create Mesh node F01_OWN_SHOP_PHOTO_SUPPLIES_retail_shop_photo_supplies_chrome
23:34:30 | INFO: Blender create Mesh node F01_OWN_SHOP_PHOTO_SUPPLIES_retail_shop_photo_supplies_concrete-col
23:34:30 | INFO: Blender create Mesh node F01_OWN_SHOP_PHOTO_SUPPLIES_retail_shop_photo_supplies_enamel
23:34:30 | INFO: Blender create Mesh node F01_OWN_SHOP_PHOTO_SUPPLIES_retail_shop_photo_supplies_enamel-col
23:34:30 | INFO: Blender create Mesh node F01_OWN_SHOP_PHOTO_SUPPLIES_retail_shop_photo_supplies_felt_violet-col
23:34:30 | INFO: Blender create Mesh node F01_OWN_SHOP_PHOTO_SUPPLIES_retail_shop_photo_supplies_fx_shadow
23:34:30 | INFO: Blender create Mesh node F01_OWN_SHOP_PHOTO_SUPPLIES_retail_shop_photo_supplies_glassish-col
23:34:30 | INFO: Blender create Mesh node F01_OWN_SHOP_PHOTO_SUPPLIES_retail_shop_photo_supplies_hull-colonly
23:34:30 | INFO: Blender create Mesh node F01_OWN_SHOP_PHOTO_SUPPLIES_retail_shop_photo_supplies_lacquer_red-col
23:34:30 | INFO: Blender create Mesh node F01_OWN_SHOP_PHOTO_SUPPLIES_retail_shop_photo_supplies_linoleum-col
23:34:30 | INFO: Blender create Mesh node F01_OWN_SHOP_PHOTO_SUPPLIES_retail_shop_photo_supplies_metal-col
23:34:30 | INFO: Blender create Mesh node F01_OWN_SHOP_PHOTO_SUPPLIES_retail_shop_photo_supplies_milk_glass
23:34:30 | INFO: Blender create Mesh node F01_OWN_SHOP_PHOTO_SUPPLIES_retail_shop_photo_supplies_nickel_plated-col
23:34:30 | INFO: Blender create Mesh node F01_OWN_SHOP_PHOTO_SUPPLIES_retail_shop_photo_supplies_paper-col
23:34:30 | INFO: Blender create Mesh node F01_OWN_SHOP_PHOTO_SUPPLIES_retail_shop_photo_supplies_plaster-col
23:34:30 | INFO: Blender create Mesh node F01_OWN_SHOP_PHOTO_SUPPLIES_retail_shop_photo_supplies_plaster_stained-col
23:34:30 | INFO: Blender create Mesh node F01_OWN_SHOP_PHOTO_SUPPLIES_retail_shop_photo_supplies_plywood-col
23:34:30 | INFO: Blender create Mesh node F01_OWN_SHOP_PHOTO_SUPPLIES_retail_shop_photo_supplies_screen
23:34:30 | INFO: Blender create Mesh node F01_OWN_SHOP_PHOTO_SUPPLIES_retail_shop_photo_supplies_terracotta
23:34:30 | INFO: Blender create Mesh node F01_OWN_SHOP_PHOTO_SUPPLIES_retail_shop_photo_supplies_timber-col
23:34:30 | INFO: Blender create Mesh node F01_OWN_SHOP_PHOTO_SUPPLIES_retail_shop_photo_supplies_tin_ceiling-col
23:34:30 | INFO: Blender create Mesh node F01_OWN_SHOP_PHOTO_SUPPLIES_retail_shop_photo_supplies_trim-col
23:34:30 | INFO: Blender create Mesh node F01_OWN_SHOP_PHOTO_SUPPLIES_retail_shop_photo_supplies_wainscot-col
23:34:30 | INFO: Blender create Mesh node F01_OWN_SHOP_PHOTO_SUPPLIES_retail_shop_photo_supplies_wood_dark-col
23:34:30 | INFO: Blender create Mesh node F01_OWN_SHOP_PHOTO_SUPPLIES_wear_fx_scuff
23:34:30 | INFO: glTF import finished in 0.14s
23:34:30 | INFO: Data are loaded, start creating Blender stuff
23:34:30 | INFO: Blender create Mesh node F01_OWN_SHOP_RADIO_SERVICE_retail_shop_radio_service_appliance-col
23:34:30 | INFO: Blender create Mesh node F01_OWN_SHOP_RADIO_SERVICE_retail_shop_radio_service_awning_vinyl-col
23:34:30 | INFO: Blender create Mesh node F01_OWN_SHOP_RADIO_SERVICE_retail_shop_radio_service_bakelite
23:34:30 | INFO: Blender create Mesh node F01_OWN_SHOP_RADIO_SERVICE_retail_shop_radio_service_bakelite_black
23:34:30 | INFO: Blender create Mesh node F01_OWN_SHOP_RADIO_SERVICE_retail_shop_radio_service_bakelite_black-col
23:34:30 | INFO: Blender create Mesh node F01_OWN_SHOP_RADIO_SERVICE_retail_shop_radio_service_brass
23:34:30 | INFO: Blender create Mesh node F01_OWN_SHOP_RADIO_SERVICE_retail_shop_radio_service_brass_bright-col
23:34:30 | INFO: Blender create Mesh node F01_OWN_SHOP_RADIO_SERVICE_retail_shop_radio_service_brass_dull-col
23:34:30 | INFO: Blender create Mesh node F01_OWN_SHOP_RADIO_SERVICE_retail_shop_radio_service_cast_iron-col
23:34:30 | INFO: Blender create Mesh node F01_OWN_SHOP_RADIO_SERVICE_retail_shop_radio_service_chrome
23:34:30 | INFO: Blender create Mesh node F01_OWN_SHOP_RADIO_SERVICE_retail_shop_radio_service_concrete-col
23:34:30 | INFO: Blender create Mesh node F01_OWN_SHOP_RADIO_SERVICE_retail_shop_radio_service_copper_aged-col
23:34:30 | INFO: Blender create Mesh node F01_OWN_SHOP_RADIO_SERVICE_retail_shop_radio_service_countertop-col
23:34:30 | INFO: Blender create Mesh node F01_OWN_SHOP_RADIO_SERVICE_retail_shop_radio_service_enamel
23:34:30 | INFO: Blender create Mesh node F01_OWN_SHOP_RADIO_SERVICE_retail_shop_radio_service_fabric_warm-col
23:34:30 | INFO: Blender create Mesh node F01_OWN_SHOP_RADIO_SERVICE_retail_shop_radio_service_fx_shadow
23:34:30 | INFO: Blender create Mesh node F01_OWN_SHOP_RADIO_SERVICE_retail_shop_radio_service_glassish-col
23:34:30 | INFO: Blender create Mesh node F01_OWN_SHOP_RADIO_SERVICE_retail_shop_radio_service_hull-colonly
23:34:30 | INFO: Blender create Mesh node F01_OWN_SHOP_RADIO_SERVICE_retail_shop_radio_service_linoleum-col
23:34:30 | INFO: Blender create Mesh node F01_OWN_SHOP_RADIO_SERVICE_retail_shop_radio_service_metal-col
23:34:30 | INFO: Blender create Mesh node F01_OWN_SHOP_RADIO_SERVICE_retail_shop_radio_service_milk_glass
23:34:30 | INFO: Blender create Mesh node F01_OWN_SHOP_RADIO_SERVICE_retail_shop_radio_service_milk_glass-col
23:34:30 | INFO: Blender create Mesh node F01_OWN_SHOP_RADIO_SERVICE_retail_shop_radio_service_nickel_plated-col
23:34:30 | INFO: Blender create Mesh node F01_OWN_SHOP_RADIO_SERVICE_retail_shop_radio_service_paper-col
23:34:30 | INFO: Blender create Mesh node F01_OWN_SHOP_RADIO_SERVICE_retail_shop_radio_service_plaster-col
23:34:30 | INFO: Blender create Mesh node F01_OWN_SHOP_RADIO_SERVICE_retail_shop_radio_service_plaster_stained-col
23:34:30 | INFO: Blender create Mesh node F01_OWN_SHOP_RADIO_SERVICE_retail_shop_radio_service_plywood-col
23:34:30 | INFO: Blender create Mesh node F01_OWN_SHOP_RADIO_SERVICE_retail_shop_radio_service_screen
23:34:30 | INFO: Blender create Mesh node F01_OWN_SHOP_RADIO_SERVICE_retail_shop_radio_service_screen-col
23:34:30 | INFO: Blender create Mesh node F01_OWN_SHOP_RADIO_SERVICE_retail_shop_radio_service_stairwell_teal-col
23:34:30 | INFO: Blender create Mesh node F01_OWN_SHOP_RADIO_SERVICE_retail_shop_radio_service_terracotta
23:34:30 | INFO: Blender create Mesh node F01_OWN_SHOP_RADIO_SERVICE_retail_shop_radio_service_timber-col
23:34:30 | INFO: Blender create Mesh node F01_OWN_SHOP_RADIO_SERVICE_retail_shop_radio_service_trim-col
23:34:30 | INFO: Blender create Mesh node F01_OWN_SHOP_RADIO_SERVICE_retail_shop_radio_service_wainscot-col
23:34:30 | INFO: Blender create Mesh node F01_OWN_SHOP_RADIO_SERVICE_retail_shop_radio_service_wood_dark-col
23:34:30 | INFO: Blender create Mesh node F01_OWN_SHOP_RADIO_SERVICE_wear_fx_scuff
23:34:30 | INFO: glTF import finished in 0.15s
23:34:30 | INFO: Data are loaded, start creating Blender stuff
23:34:30 | INFO: Blender create Mesh node F01_OWN_SHOP_SHOE_REBUILDING_retail_shop_shoe_rebuilding_brass_bright-col
23:34:30 | INFO: Blender create Mesh node F01_OWN_SHOP_SHOE_REBUILDING_retail_shop_shoe_rebuilding_brass_dull-col
23:34:31 | INFO: Blender create Mesh node F01_OWN_SHOP_SHOE_REBUILDING_retail_shop_shoe_rebuilding_cast_iron-col
23:34:31 | INFO: Blender create Mesh node F01_OWN_SHOP_SHOE_REBUILDING_retail_shop_shoe_rebuilding_concrete-col
23:34:31 | INFO: Blender create Mesh node F01_OWN_SHOP_SHOE_REBUILDING_retail_shop_shoe_rebuilding_countertop-col
23:34:31 | INFO: Blender create Mesh node F01_OWN_SHOP_SHOE_REBUILDING_retail_shop_shoe_rebuilding_floor_oak-col
23:34:31 | INFO: Blender create Mesh node F01_OWN_SHOP_SHOE_REBUILDING_retail_shop_shoe_rebuilding_glassish-col
23:34:31 | INFO: Blender create Mesh node F01_OWN_SHOP_SHOE_REBUILDING_retail_shop_shoe_rebuilding_lacquer_red-col
23:34:31 | INFO: Blender create Mesh node F01_OWN_SHOP_SHOE_REBUILDING_retail_shop_shoe_rebuilding_metal-col
23:34:31 | INFO: Blender create Mesh node F01_OWN_SHOP_SHOE_REBUILDING_retail_shop_shoe_rebuilding_paper-col
23:34:31 | INFO: Blender create Mesh node F01_OWN_SHOP_SHOE_REBUILDING_retail_shop_shoe_rebuilding_plaster-col
23:34:31 | INFO: Blender create Mesh node F01_OWN_SHOP_SHOE_REBUILDING_retail_shop_shoe_rebuilding_plaster_stained-col
23:34:31 | INFO: Blender create Mesh node F01_OWN_SHOP_SHOE_REBUILDING_retail_shop_shoe_rebuilding_plywood-col
23:34:31 | INFO: Blender create Mesh node F01_OWN_SHOP_SHOE_REBUILDING_retail_shop_shoe_rebuilding_rubber_aged-col
23:34:31 | INFO: Blender create Mesh node F01_OWN_SHOP_SHOE_REBUILDING_retail_shop_shoe_rebuilding_soot-col
23:34:31 | INFO: Blender create Mesh node F01_OWN_SHOP_SHOE_REBUILDING_retail_shop_shoe_rebuilding_timber-col
23:34:31 | INFO: Blender create Mesh node F01_OWN_SHOP_SHOE_REBUILDING_retail_shop_shoe_rebuilding_trim-col
23:34:31 | INFO: Blender create Mesh node F01_OWN_SHOP_SHOE_REBUILDING_retail_shop_shoe_rebuilding_vinyl_oxblood-col
23:34:31 | INFO: Blender create Mesh node F01_OWN_SHOP_SHOE_REBUILDING_retail_shop_shoe_rebuilding_wainscot-col
23:34:31 | INFO: Blender create Mesh node F01_OWN_SHOP_SHOE_REBUILDING_retail_shop_shoe_rebuilding_wood_dark-col
23:34:31 | INFO: Blender create Mesh node F01_OWN_SHOP_SHOE_REBUILDING_wear_fx_scuff
23:34:31 | INFO: glTF import finished in 0.11s
23:34:31 | INFO: Data are loaded, start creating Blender stuff
23:34:31 | INFO: Blender create Mesh node F01_OWN_STREET_furnish_brass_dull
23:34:31 | INFO: Blender create Mesh node F01_OWN_STREET_furnish_bronze
23:34:31 | INFO: Blender create Mesh node F01_OWN_STREET_furnish_cast_iron
23:34:31 | INFO: Blender create Mesh node F01_OWN_STREET_furnish_concrete
23:34:31 | INFO: Blender create Mesh node F01_OWN_STREET_furnish_fx_shadow
23:34:31 | INFO: Blender create Mesh node F01_OWN_STREET_furnish_glassish
23:34:31 | INFO: Blender create Mesh node F01_OWN_STREET_furnish_hull-colonly
23:34:31 | INFO: Blender create Mesh node F01_OWN_STREET_furnish_metal
23:34:31 | INFO: Blender create Mesh node F01_OWN_STREET_furnish_soot
23:34:31 | INFO: Blender create Mesh node F01_OWN_STREET_furnish_timber
23:34:31 | INFO: Blender create Mesh node F01_OWN_STREET_furniture_asphalt-col
23:34:31 | INFO: Blender create Mesh node F01_OWN_STREET_furniture_brass_mesh-col
23:34:31 | INFO: Blender create Mesh node F01_OWN_STREET_furniture_brick_patched-col
23:34:31 | INFO: Blender create Mesh node F01_OWN_STREET_furniture_bronze-col
23:34:31 | INFO: Blender create Mesh node F01_OWN_STREET_furniture_common_brick-col
23:34:31 | INFO: Blender create Mesh node F01_OWN_STREET_furniture_concrete-col
23:34:31 | INFO: Blender create Mesh node F01_OWN_STREET_furniture_fabric_cool-col
23:34:31 | INFO: Blender create Mesh node F01_OWN_STREET_furniture_face_brick-col
23:34:31 | INFO: Blender create Mesh node F01_OWN_STREET_furniture_glassish-col
23:34:31 | INFO: Blender create Mesh node F01_OWN_STREET_furniture_lacquer_red-col
23:34:31 | INFO: Blender create Mesh node F01_OWN_STREET_furniture_leaf_fall-col
23:34:31 | INFO: Blender create Mesh node F01_OWN_STREET_furniture_limestone-col
23:34:31 | INFO: Blender create Mesh node F01_OWN_STREET_furniture_linen-col
23:34:31 | INFO: Blender create Mesh node F01_OWN_STREET_furniture_metal-col
23:34:31 | INFO: Blender create Mesh node F01_OWN_STREET_furniture_puddle-col
23:34:31 | INFO: Blender create Mesh node F01_OWN_STREET_furniture_sidewalk_grout-col
23:34:31 | INFO: Blender create Mesh node F01_OWN_STREET_furniture_sidewalk_haunted
23:34:31 | INFO: Blender create Mesh node F01_OWN_STREET_furniture_sidewalk_kerb-col
23:34:31 | INFO: Blender create Mesh node F01_OWN_STREET_furniture_soot-col
23:34:31 | INFO: Blender create Mesh node F01_OWN_STREET_furniture_timber-col
23:34:31 | INFO: Blender create Mesh node F01_OWN_STREET_furniture_wet_asphalt-col
23:34:31 | INFO: Blender create Mesh node F01_OWN_STREET_retail_passage_proxy_common_brick-col
23:34:31 | INFO: Blender create Mesh node F01_OWN_STREET_retail_passage_proxy_gateway_cast_iron
23:34:31 | INFO: Blender create Mesh node F01_OWN_STREET_retail_passage_proxy_gateway_cast_iron-col
23:34:31 | INFO: Blender create Mesh node F01_OWN_STREET_retail_passage_proxy_gateway_common_brick-col
23:34:31 | INFO: Blender create Mesh node F01_OWN_STREET_retail_passage_proxy_gateway_face_brick-col
23:34:31 | INFO: Blender create Mesh node F01_OWN_STREET_retail_passage_proxy_gateway_glassish-col
23:34:31 | INFO: Blender create Mesh node F01_OWN_STREET_retail_passage_proxy_gateway_limestone-col
23:34:31 | INFO: Blender create Mesh node F01_OWN_STREET_retail_passage_proxy_gateway_soot-col
23:34:31 | INFO: Blender create Mesh node F01_OWN_STREET_retail_passage_proxy_gateway_subway_tile-col
23:34:31 | INFO: Blender create Mesh node F01_OWN_STREET_retail_passage_proxy_glassish-col
23:34:31 | INFO: Blender create Mesh node F01_OWN_STREET_retail_passage_proxy_limestone-col
23:34:31 | INFO: Blender create Mesh node F01_OWN_STREET_retail_passage_proxy_metal-col
23:34:31 | INFO: Blender create Mesh node F01_OWN_STREET_retail_site_metal-col
23:34:31 | INFO: Blender create Mesh node F01_OWN_STREET_retail_site_plywood-col
23:34:31 | INFO: Blender create Mesh node F01_OWN_STREET_retail_site_road_paint-col
23:34:31 | INFO: Blender create Mesh node F01_OWN_STREET_retail_site_soot-col
23:34:31 | INFO: Blender create Mesh node F01_OWN_STREET_transit_shelter_cast_iron-col
23:34:31 | INFO: Blender create Mesh node F01_OWN_STREET_transit_shelter_glassish-col
23:34:31 | INFO: Blender create Mesh node F01_OWN_STREET_transit_shelter_timber-col
23:34:31 | INFO: Blender create Mesh node F01_OWN_STREET_transit_shelter_zinc_liner-col
23:34:31 | INFO: glTF import finished in 0.27s
23:34:31 | INFO: Data are loaded, start creating Blender stuff
23:34:31 | INFO: Blender create Mesh node F01_OWN_STREET_retail_passage_proxy_common_brick-col
23:34:31 | INFO: Blender create Mesh node F01_OWN_STREET_retail_passage_proxy_gateway_cast_iron
23:34:31 | INFO: Blender create Mesh node F01_OWN_STREET_retail_passage_proxy_gateway_cast_iron-col
23:34:31 | INFO: Blender create Mesh node F01_OWN_STREET_retail_passage_proxy_gateway_common_brick-col
23:34:31 | INFO: Blender create Mesh node F01_OWN_STREET_retail_passage_proxy_gateway_face_brick-col
23:34:31 | INFO: Blender create Mesh node F01_OWN_STREET_retail_passage_proxy_gateway_glassish-col
23:34:31 | INFO: Blender create Mesh node F01_OWN_STREET_retail_passage_proxy_gateway_limestone-col
23:34:31 | INFO: Blender create Mesh node F01_OWN_STREET_retail_passage_proxy_gateway_soot-col
23:34:31 | INFO: Blender create Mesh node F01_OWN_STREET_retail_passage_proxy_gateway_subway_tile-col
23:34:31 | INFO: Blender create Mesh node F01_OWN_STREET_retail_passage_proxy_glassish-col
23:34:31 | INFO: Blender create Mesh node F01_OWN_STREET_retail_passage_proxy_limestone-col
23:34:31 | INFO: Blender create Mesh node F01_OWN_STREET_retail_passage_proxy_metal-col
23:34:31 | INFO: glTF import finished in 0.08s
FIXED LIGHTING CITY CONTEXT: 66 actors; 132 actual exported surface bearings
FABRICATION STAGE: art/blender/scripts/render_fixed_lighting.py
00:18.359  blend            | Read blend: "C:\PleaseRemainOnTheLine\art\blender\fixed_lighting.blend"
C:\PleaseRemainOnTheLine\art\blender\scripts\render_fixed_lighting.py:12: DeprecationWarning: 'World.use_nodes' is expected to be removed in Blender 6.0
  scene.world=bpy.data.worlds.new('Neutral light inspection');scene.world.use_nodes=True
00:20.703  render           | Saved: 'C:\PleaseRemainOnTheLine\tmp\v2-finish-review\fixed-lighting-native\pendant_shade.png'
00:23.218  render           | Saved: 'C:\PleaseRemainOnTheLine\tmp\v2-finish-review\fixed-lighting-native\flush_dome.png'
00:25.156  render           | Saved: 'C:\PleaseRemainOnTheLine\tmp\v2-finish-review\fixed-lighting-native\kitchen_linear.png'
00:27.468  render           | Saved: 'C:\PleaseRemainOnTheLine\tmp\v2-finish-review\fixed-lighting-native\flush_dome_rise150.png'
00:29.406  render           | Saved: 'C:\PleaseRemainOnTheLine\tmp\v2-finish-review\fixed-lighting-native\pendant_shade_rise360.png'
00:31.437  render           | Saved: 'C:\PleaseRemainOnTheLine\tmp\v2-finish-review\fixed-lighting-native\pendant_shade_rise100.png'
00:33.375  render           | Saved: 'C:\PleaseRemainOnTheLine\tmp\v2-finish-review\fixed-lighting-native\kitchen_linear_rise100.png'
00:35.875  render           | Saved: 'C:\PleaseRemainOnTheLine\tmp\v2-finish-review\fixed-lighting-native\flush_dome_rise100.png'
00:38.172  render           | Saved: 'C:\PleaseRemainOnTheLine\tmp\v2-finish-review\fixed-lighting-native\sconce_globe_back050.png'
00:40.031  render           | Saved: 'C:\PleaseRemainOnTheLine\tmp\v2-finish-review\fixed-lighting-native\cage_bulb_rise960.png'
00:41.984  render           | Saved: 'C:\PleaseRemainOnTheLine\tmp\v2-finish-review\fixed-lighting-native\cage_bulb_wall0x-255.png'
00:43.875  render           | Saved: 'C:\PleaseRemainOnTheLine\tmp\v2-finish-review\fixed-lighting-native\cage_bulb_rise160.png'
00:45.750  render           | Saved: 'C:\PleaseRemainOnTheLine\tmp\v2-finish-review\fixed-lighting-native\cage_bulb_rise140.png'
00:47.609  render           | Saved: 'C:\PleaseRemainOnTheLine\tmp\v2-finish-review\fixed-lighting-native\cage_bulb_rise250.png'
00:49.500  render           | Saved: 'C:\PleaseRemainOnTheLine\tmp\v2-finish-review\fixed-lighting-native\cage_bulb_rise60.png'
00:51.297  render           | Saved: 'C:\PleaseRemainOnTheLine\tmp\v2-finish-review\fixed-lighting-native\cage_bulb_rise2000.png'
00:53.234  render           | Saved: 'C:\PleaseRemainOnTheLine\tmp\v2-finish-review\fixed-lighting-native\kitchen_linear_rise80.png'
00:55.172  render           | Saved: 'C:\PleaseRemainOnTheLine\tmp\v2-finish-review\fixed-lighting-native\pendant_shade_rise450.png'
00:57.093  render           | Saved: 'C:\PleaseRemainOnTheLine\tmp\v2-finish-review\fixed-lighting-native\pendant_shade_rise470.png'
00:58.890  render           | Saved: 'C:\PleaseRemainOnTheLine\tmp\v2-finish-review\fixed-lighting-native\pendant_shade_rise3140.png'
01:00.718  render           | Saved: 'C:\PleaseRemainOnTheLine\tmp\v2-finish-review\fixed-lighting-native\cage_bulb_rise800.png'
01:02.937  render           | Saved: 'C:\PleaseRemainOnTheLine\tmp\v2-finish-review\fixed-lighting-native\sconce_globe_back80.png'
01:05.156  render           | Saved: 'C:\PleaseRemainOnTheLine\tmp\v2-finish-review\fixed-lighting-native\sconce_globe_back100.png'
01:07.000  render           | Saved: 'C:\PleaseRemainOnTheLine\tmp\v2-finish-review\fixed-lighting-native\cage_bulb_rise300.png'
01:08.906  render           | Saved: 'C:\PleaseRemainOnTheLine\tmp\v2-finish-review\fixed-lighting-native\cage_bulb_wall0x200.png'
01:10.765  render           | Saved: 'C:\PleaseRemainOnTheLine\tmp\v2-finish-review\fixed-lighting-native\cage_bulb_rise380.png'
01:12.859  render           | Saved: 'C:\PleaseRemainOnTheLine\tmp\v2-finish-review\fixed-lighting-native\sconce_globe_back160.png'
{"completed_stages": 5, "elapsed_s": 71.501}
Blender 5.2.0 LTS (hash fbe6228777e7 built 2026-07-14 01:35:40)

Blender quit
