FABRICATION STAGE: art/blender/scripts/build_fixed_lighting.py
C:\PleaseRemainOnTheLine\art\blender\scripts\build_fixed_lighting.py:73: DeprecationWarning: 'Material.use_nodes' is expected to be removed in Blender 6.0
  mat=bpy.data.materials.new(key);mat.use_nodes=True;materials[key]=mat
Info: Saved as "fixed_lighting.blend"
INFO Draco is available, use library at C:\Program Files\Blender Foundation\Blender 5.2\5.2\scripts\addons_core\io_scene_gltf2\bf_intern_draco_bridge.dll
INFO MeshOptimizer is available, use library at C:\Program Files\Blender Foundation\Blender 5.2\5.2\scripts\addons_core\io_scene_gltf2\bf_intern_meshopt_bridge.dll
01:44:25 | INFO: Starting glTF 2.0 export
01:44:25 | INFO: Extracting primitive: cage_bulb_rise60__Body_ON_brass
01:44:25 | INFO: Primitives created: 1
01:44:25 | INFO: Extracting primitive: cage_bulb_rise60__Body_ON_enamel
01:44:25 | INFO: Primitives created: 1
01:44:25 | INFO: Extracting primitive: cage_bulb_rise60__Body_ON_iron
01:44:25 | INFO: Primitives created: 1
01:44:25 | INFO: Extracting primitive: cage_bulb_rise60__Body_ON_rubber
01:44:25 | INFO: Primitives created: 1
01:44:25 | INFO: Extracting primitive: cage_bulb_rise60__Bulb_ON_bulb
01:44:25 | INFO: Primitives created: 1
01:44:26 | INFO: Extracting primitive: cage_bulb_rise60__Mount_ON_brass
01:44:26 | INFO: Primitives created: 1
01:44:26 | INFO: Extracting primitive: cage_bulb_rise140__Body_ON_brass
01:44:26 | INFO: Primitives created: 1
01:44:26 | INFO: Extracting primitive: cage_bulb_rise140__Body_ON_enamel
01:44:26 | INFO: Primitives created: 1
01:44:26 | INFO: Extracting primitive: cage_bulb_rise140__Body_ON_iron
01:44:26 | INFO: Primitives created: 1
01:44:26 | INFO: Extracting primitive: cage_bulb_rise140__Body_ON_rubber
01:44:26 | INFO: Primitives created: 1
01:44:26 | INFO: Extracting primitive: cage_bulb_rise140__Bulb_ON_bulb
01:44:26 | INFO: Primitives created: 1
01:44:26 | INFO: Extracting primitive: cage_bulb_rise140__Mount_ON_brass
01:44:26 | INFO: Primitives created: 1
01:44:26 | INFO: Extracting primitive: cage_bulb_rise160__Body_ON_brass
01:44:26 | INFO: Primitives created: 1
01:44:26 | INFO: Extracting primitive: cage_bulb_rise160__Body_ON_enamel
01:44:26 | INFO: Primitives created: 1
01:44:26 | INFO: Extracting primitive: cage_bulb_rise160__Body_ON_iron
01:44:26 | INFO: Primitives created: 1
01:44:26 | INFO: Extracting primitive: cage_bulb_rise160__Body_ON_rubber
01:44:26 | INFO: Primitives created: 1
01:44:26 | INFO: Extracting primitive: cage_bulb_rise160__Bulb_ON_bulb
01:44:26 | INFO: Primitives created: 1
01:44:26 | INFO: Extracting primitive: cage_bulb_rise160__Mount_ON_brass
01:44:26 | INFO: Primitives created: 1
01:44:26 | INFO: Extracting primitive: cage_bulb_rise250__Body_ON_brass
01:44:26 | INFO: Primitives created: 1
01:44:26 | INFO: Extracting primitive: cage_bulb_rise250__Body_ON_enamel
01:44:26 | INFO: Primitives created: 1
01:44:26 | INFO: Extracting primitive: cage_bulb_rise250__Body_ON_iron
01:44:26 | INFO: Primitives created: 1
01:44:26 | INFO: Extracting primitive: cage_bulb_rise250__Body_ON_rubber
01:44:26 | INFO: Primitives created: 1
01:44:26 | INFO: Extracting primitive: cage_bulb_rise250__Bulb_ON_bulb
01:44:26 | INFO: Primitives created: 1
01:44:26 | INFO: Extracting primitive: cage_bulb_rise250__Mount_ON_brass
01:44:26 | INFO: Primitives created: 1
01:44:26 | INFO: Extracting primitive: cage_bulb_rise300__Body_ON_brass
01:44:26 | INFO: Primitives created: 1
01:44:26 | INFO: Extracting primitive: cage_bulb_rise300__Body_ON_enamel
01:44:26 | INFO: Primitives created: 1
01:44:26 | INFO: Extracting primitive: cage_bulb_rise300__Body_ON_iron
01:44:26 | INFO: Primitives created: 1
01:44:26 | INFO: Extracting primitive: cage_bulb_rise300__Body_ON_rubber
01:44:26 | INFO: Primitives created: 1
01:44:26 | INFO: Extracting primitive: cage_bulb_rise300__Bulb_ON_bulb
01:44:26 | INFO: Primitives created: 1
01:44:26 | INFO: Extracting primitive: cage_bulb_rise300__Mount_ON_brass
01:44:26 | INFO: Primitives created: 1
01:44:26 | INFO: Extracting primitive: cage_bulb_rise380__Body_ON_brass
01:44:26 | INFO: Primitives created: 1
01:44:26 | INFO: Extracting primitive: cage_bulb_rise380__Body_ON_enamel
01:44:26 | INFO: Primitives created: 1
01:44:26 | INFO: Extracting primitive: cage_bulb_rise380__Body_ON_iron
01:44:26 | INFO: Primitives created: 1
01:44:26 | INFO: Extracting primitive: cage_bulb_rise380__Body_ON_rubber
01:44:26 | INFO: Primitives created: 1
01:44:26 | INFO: Extracting primitive: cage_bulb_rise380__Bulb_ON_bulb
01:44:26 | INFO: Primitives created: 1
01:44:26 | INFO: Extracting primitive: cage_bulb_rise380__Mount_ON_brass
01:44:26 | INFO: Primitives created: 1
01:44:26 | INFO: Extracting primitive: cage_bulb_rise800__Body_ON_brass
01:44:26 | INFO: Primitives created: 1
01:44:26 | INFO: Extracting primitive: cage_bulb_rise800__Body_ON_enamel
01:44:26 | INFO: Primitives created: 1
01:44:26 | INFO: Extracting primitive: cage_bulb_rise800__Body_ON_iron
01:44:26 | INFO: Primitives created: 1
01:44:26 | INFO: Extracting primitive: cage_bulb_rise800__Body_ON_rubber
01:44:26 | INFO: Primitives created: 1
01:44:26 | INFO: Extracting primitive: cage_bulb_rise800__Bulb_ON_bulb
01:44:26 | INFO: Primitives created: 1
01:44:26 | INFO: Extracting primitive: cage_bulb_rise800__Mount_ON_brass
01:44:26 | INFO: Primitives created: 1
01:44:26 | INFO: Extracting primitive: cage_bulb_rise960__Body_ON_brass
01:44:26 | INFO: Primitives created: 1
01:44:26 | INFO: Extracting primitive: cage_bulb_rise960__Body_ON_enamel
01:44:26 | INFO: Primitives created: 1
01:44:26 | INFO: Extracting primitive: cage_bulb_rise960__Body_ON_iron
01:44:26 | INFO: Primitives created: 1
01:44:26 | INFO: Extracting primitive: cage_bulb_rise960__Body_ON_rubber
01:44:26 | INFO: Primitives created: 1
01:44:26 | INFO: Extracting primitive: cage_bulb_rise960__Bulb_ON_bulb
01:44:26 | INFO: Primitives created: 1
01:44:26 | INFO: Extracting primitive: cage_bulb_rise960__Mount_ON_brass
01:44:26 | INFO: Primitives created: 1
01:44:26 | INFO: Extracting primitive: cage_bulb_rise2000__Body_ON_brass
01:44:26 | INFO: Primitives created: 1
01:44:26 | INFO: Extracting primitive: cage_bulb_rise2000__Body_ON_enamel
01:44:26 | INFO: Primitives created: 1
01:44:26 | INFO: Extracting primitive: cage_bulb_rise2000__Body_ON_iron
01:44:26 | INFO: Primitives created: 1
01:44:26 | INFO: Extracting primitive: cage_bulb_rise2000__Body_ON_rubber
01:44:26 | INFO: Primitives created: 1
01:44:26 | INFO: Extracting primitive: cage_bulb_rise2000__Bulb_ON_bulb
01:44:26 | INFO: Primitives created: 1
01:44:26 | INFO: Extracting primitive: cage_bulb_rise2000__Mount_ON_brass
01:44:26 | INFO: Primitives created: 1
01:44:26 | INFO: Extracting primitive: cage_bulb_wall0x200__Body_ON_brass
01:44:26 | INFO: Primitives created: 1
01:44:26 | INFO: Extracting primitive: cage_bulb_wall0x200__Body_ON_enamel
01:44:26 | INFO: Primitives created: 1
01:44:26 | INFO: Extracting primitive: cage_bulb_wall0x200__Body_ON_iron
01:44:26 | INFO: Primitives created: 1
01:44:26 | INFO: Extracting primitive: cage_bulb_wall0x200__Body_ON_rubber
01:44:26 | INFO: Primitives created: 1
01:44:26 | INFO: Extracting primitive: cage_bulb_wall0x200__Bulb_ON_bulb
01:44:26 | INFO: Primitives created: 1
01:44:26 | INFO: Extracting primitive: cage_bulb_wall0x200__Mount_ON_brass
01:44:26 | INFO: Primitives created: 1
01:44:26 | INFO: Extracting primitive: cage_bulb_wall0x-255__Body_ON_brass
01:44:26 | INFO: Primitives created: 1
01:44:26 | INFO: Extracting primitive: cage_bulb_wall0x-255__Body_ON_enamel
01:44:26 | INFO: Primitives created: 1
01:44:26 | INFO: Extracting primitive: cage_bulb_wall0x-255__Body_ON_iron
01:44:26 | INFO: Primitives created: 1
01:44:26 | INFO: Extracting primitive: cage_bulb_wall0x-255__Body_ON_rubber
01:44:26 | INFO: Primitives created: 1
01:44:26 | INFO: Extracting primitive: cage_bulb_wall0x-255__Bulb_ON_bulb
01:44:26 | INFO: Primitives created: 1
01:44:26 | INFO: Extracting primitive: cage_bulb_wall0x-255__Mount_ON_brass
01:44:26 | INFO: Primitives created: 1
01:44:26 | INFO: Extracting primitive: flush_dome__Body_ON_brass
01:44:26 | INFO: Primitives created: 1
01:44:26 | INFO: Extracting primitive: flush_dome__Bulb_ON_bulb
01:44:26 | INFO: Primitives created: 1
01:44:26 | INFO: Extracting primitive: flush_dome_rise100__Body_ON_brass
01:44:26 | INFO: Primitives created: 1
01:44:26 | INFO: Extracting primitive: flush_dome_rise100__Bulb_ON_bulb
01:44:26 | INFO: Primitives created: 1
01:44:26 | INFO: Extracting primitive: flush_dome_rise100__Mount_ON_brass
01:44:26 | INFO: Primitives created: 1
01:44:26 | INFO: Extracting primitive: flush_dome_rise150__Body_ON_brass
01:44:26 | INFO: Primitives created: 1
01:44:26 | INFO: Extracting primitive: flush_dome_rise150__Bulb_ON_bulb
01:44:26 | INFO: Primitives created: 1
01:44:26 | INFO: Extracting primitive: flush_dome_rise150__Mount_ON_brass
01:44:26 | INFO: Primitives created: 1
01:44:26 | INFO: Extracting primitive: kitchen_linear__Body_ON_brass
01:44:26 | INFO: Primitives created: 1
01:44:26 | INFO: Extracting primitive: kitchen_linear__Body_ON_enamel
01:44:26 | INFO: Primitives created: 1
01:44:26 | INFO: Extracting primitive: kitchen_linear__Bulb_ON_bulb
01:44:26 | INFO: Primitives created: 1
01:44:26 | INFO: Extracting primitive: kitchen_linear_rise80__Body_ON_brass
01:44:26 | INFO: Primitives created: 1
01:44:26 | INFO: Extracting primitive: kitchen_linear_rise80__Body_ON_enamel
01:44:26 | INFO: Primitives created: 1
01:44:26 | INFO: Extracting primitive: kitchen_linear_rise80__Bulb_ON_bulb
01:44:26 | INFO: Primitives created: 1
01:44:26 | INFO: Extracting primitive: kitchen_linear_rise80__Mount_ON_brass
01:44:26 | INFO: Primitives created: 1
01:44:26 | INFO: Extracting primitive: kitchen_linear_rise100__Body_ON_brass
01:44:26 | INFO: Primitives created: 1
01:44:26 | INFO: Extracting primitive: kitchen_linear_rise100__Body_ON_enamel
01:44:26 | INFO: Primitives created: 1
01:44:26 | INFO: Extracting primitive: kitchen_linear_rise100__Bulb_ON_bulb
01:44:26 | INFO: Primitives created: 1
01:44:26 | INFO: Extracting primitive: kitchen_linear_rise100__Mount_ON_brass
01:44:26 | INFO: Primitives created: 1
01:44:26 | INFO: Extracting primitive: pendant_shade__Body_ON_brass
01:44:26 | INFO: Primitives created: 1
01:44:26 | INFO: Extracting primitive: pendant_shade__Body_ON_enamel
01:44:26 | INFO: Primitives created: 1
01:44:26 | INFO: Extracting primitive: pendant_shade__Body_ON_linen
01:44:26 | INFO: Primitives created: 1
01:44:26 | INFO: Extracting primitive: pendant_shade__Body_ON_rubber
01:44:26 | INFO: Primitives created: 1
01:44:26 | INFO: Extracting primitive: pendant_shade__Bulb_ON_bulb
01:44:26 | INFO: Primitives created: 1
01:44:26 | INFO: Extracting primitive: pendant_shade__Mount_ON_brass
01:44:26 | INFO: Primitives created: 1
01:44:26 | INFO: Extracting primitive: pendant_shade_retained_rod__Body_ON_brass
01:44:26 | INFO: Primitives created: 1
01:44:26 | INFO: Extracting primitive: pendant_shade_retained_rod__Body_ON_enamel
01:44:26 | INFO: Primitives created: 1
01:44:26 | INFO: Extracting primitive: pendant_shade_retained_rod__Body_ON_linen
01:44:26 | INFO: Primitives created: 1
01:44:26 | INFO: Extracting primitive: pendant_shade_retained_rod__Body_ON_rubber
01:44:26 | INFO: Primitives created: 1
01:44:26 | INFO: Extracting primitive: pendant_shade_retained_rod__Bulb_ON_bulb
01:44:26 | INFO: Primitives created: 1
01:44:26 | INFO: Extracting primitive: pendant_shade_retained_rod__Mount_ON_brass
01:44:26 | INFO: Primitives created: 1
01:44:26 | INFO: Extracting primitive: pendant_shade_rise100__Body_ON_brass
01:44:26 | INFO: Primitives created: 1
01:44:26 | INFO: Extracting primitive: pendant_shade_rise100__Body_ON_enamel
01:44:26 | INFO: Primitives created: 1
01:44:26 | INFO: Extracting primitive: pendant_shade_rise100__Body_ON_linen
01:44:26 | INFO: Primitives created: 1
01:44:26 | INFO: Extracting primitive: pendant_shade_rise100__Body_ON_rubber
01:44:26 | INFO: Primitives created: 1
01:44:26 | INFO: Extracting primitive: pendant_shade_rise100__Bulb_ON_bulb
01:44:26 | INFO: Primitives created: 1
01:44:26 | INFO: Extracting primitive: pendant_shade_rise100__Mount_ON_brass
01:44:26 | INFO: Primitives created: 1
01:44:26 | INFO: Extracting primitive: pendant_shade_rise360__Body_ON_brass
01:44:26 | INFO: Primitives created: 1
01:44:26 | INFO: Extracting primitive: pendant_shade_rise360__Body_ON_enamel
01:44:26 | INFO: Primitives created: 1
01:44:26 | INFO: Extracting primitive: pendant_shade_rise360__Body_ON_linen
01:44:26 | INFO: Primitives created: 1
01:44:26 | INFO: Extracting primitive: pendant_shade_rise360__Body_ON_rubber
01:44:26 | INFO: Primitives created: 1
01:44:26 | INFO: Extracting primitive: pendant_shade_rise360__Bulb_ON_bulb
01:44:26 | INFO: Primitives created: 1
01:44:26 | INFO: Extracting primitive: pendant_shade_rise360__Mount_ON_brass
01:44:26 | INFO: Primitives created: 1
01:44:26 | INFO: Extracting primitive: pendant_shade_rise450__Body_ON_brass
01:44:26 | INFO: Primitives created: 1
01:44:26 | INFO: Extracting primitive: pendant_shade_rise450__Body_ON_enamel
01:44:26 | INFO: Primitives created: 1
01:44:26 | INFO: Extracting primitive: pendant_shade_rise450__Body_ON_linen
01:44:26 | INFO: Primitives created: 1
01:44:26 | INFO: Extracting primitive: pendant_shade_rise450__Body_ON_rubber
01:44:26 | INFO: Primitives created: 1
01:44:26 | INFO: Extracting primitive: pendant_shade_rise450__Bulb_ON_bulb
01:44:26 | INFO: Primitives created: 1
01:44:26 | INFO: Extracting primitive: pendant_shade_rise450__Mount_ON_brass
01:44:26 | INFO: Primitives created: 1
01:44:26 | INFO: Extracting primitive: pendant_shade_rise470__Body_ON_brass
01:44:27 | INFO: Primitives created: 1
01:44:27 | INFO: Extracting primitive: pendant_shade_rise470__Body_ON_enamel
01:44:27 | INFO: Primitives created: 1
01:44:27 | INFO: Extracting primitive: pendant_shade_rise470__Body_ON_linen
01:44:27 | INFO: Primitives created: 1
01:44:27 | INFO: Extracting primitive: pendant_shade_rise470__Body_ON_rubber
01:44:27 | INFO: Primitives created: 1
01:44:27 | INFO: Extracting primitive: pendant_shade_rise470__Bulb_ON_bulb
01:44:27 | INFO: Primitives created: 1
01:44:27 | INFO: Extracting primitive: pendant_shade_rise470__Mount_ON_brass
01:44:27 | INFO: Primitives created: 1
01:44:27 | INFO: Extracting primitive: sconce_globe_back050__Body_ON_brass
01:44:27 | INFO: Primitives created: 1
01:44:27 | INFO: Extracting primitive: sconce_globe_back050__Body_ON_enamel
01:44:27 | INFO: Primitives created: 1
01:44:27 | INFO: Extracting primitive: sconce_globe_back050__Bulb_ON_bulb
01:44:27 | INFO: Primitives created: 1
01:44:27 | INFO: Extracting primitive: sconce_globe_back80__Body_ON_brass
01:44:27 | INFO: Primitives created: 1
01:44:27 | INFO: Extracting primitive: sconce_globe_back80__Body_ON_enamel
01:44:27 | INFO: Primitives created: 1
01:44:27 | INFO: Extracting primitive: sconce_globe_back80__Bulb_ON_bulb
01:44:27 | INFO: Primitives created: 1
01:44:27 | INFO: Extracting primitive: sconce_globe_back100__Body_ON_brass
01:44:27 | INFO: Primitives created: 1
01:44:27 | INFO: Extracting primitive: sconce_globe_back100__Body_ON_enamel
01:44:27 | INFO: Primitives created: 1
01:44:27 | INFO: Extracting primitive: sconce_globe_back100__Bulb_ON_bulb
01:44:27 | INFO: Primitives created: 1
01:44:27 | INFO: Extracting primitive: sconce_globe_back160__Body_ON_brass
01:44:27 | INFO: Primitives created: 1
01:44:27 | INFO: Extracting primitive: sconce_globe_back160__Body_ON_enamel
01:44:27 | INFO: Primitives created: 1
01:44:27 | INFO: Extracting primitive: sconce_globe_back160__Bulb_ON_bulb
01:44:27 | INFO: Primitives created: 1
01:44:27 | INFO: Finished glTF 2.0 export in 1.6861448287963867 s

FIXED LIGHTING 248 original records; 27 assemblies; 438 closed stocks; 133 parts; 480680 triangles; 54 foot contacts
FABRICATION STAGE: art/blender/scripts/inspect_fixed_lighting.py
00:14.453  blend            | Read blend: "C:\PleaseRemainOnTheLine\art\blender\fixed_lighting.blend"
FIXED LIGHTING LOCAL: 438 closed stocks; 27 physical groups; 54 local bearings; 133 mapped parts
FABRICATION STAGE: art/blender/scripts/inspect_fixed_lighting_context.py
FIXED LIGHTING ROOM CONTEXT: 133 actors; 266 source surface contacts
FABRICATION STAGE: art/blender/scripts/inspect_fixed_lighting_city_context.py
01:44:41 | INFO: Data are loaded, start creating Blender stuff
01:44:41 | INFO: Blender create Mesh node F01_OWN_INTERIOR_ceiling_plaster
01:44:41 | INFO: Blender create Mesh node F01_OWN_INTERIOR_ceiling_plaster_stained
01:44:41 | INFO: Blender create Mesh node F01_OWN_INTERIOR_ceiling_tin_ceiling
01:44:41 | INFO: Blender create Mesh node F01_OWN_INTERIOR_floors_ceramic
01:44:41 | INFO: Blender create Mesh node F01_OWN_INTERIOR_floors_concrete
01:44:41 | INFO: Blender create Mesh node F01_OWN_INTERIOR_floors_floor_oak
01:44:41 | INFO: Blender create Mesh node F01_OWN_INTERIOR_floors_terrazzo
01:44:41 | INFO: Blender create Mesh node F01_OWN_INTERIOR_furnish_bakelite_black
01:44:41 | INFO: Blender create Mesh node F01_OWN_INTERIOR_furnish_book_brown
01:44:41 | INFO: Blender create Mesh node F01_OWN_INTERIOR_furnish_book_burgundy
01:44:41 | INFO: Blender create Mesh node F01_OWN_INTERIOR_furnish_book_green
01:44:41 | INFO: Blender create Mesh node F01_OWN_INTERIOR_furnish_book_navy
01:44:41 | INFO: Blender create Mesh node F01_OWN_INTERIOR_furnish_book_ochre
01:44:41 | INFO: Blender create Mesh node F01_OWN_INTERIOR_furnish_book_teal
01:44:41 | INFO: Blender create Mesh node F01_OWN_INTERIOR_furnish_brass
01:44:41 | INFO: Blender create Mesh node F01_OWN_INTERIOR_furnish_brass_bright
01:44:41 | INFO: Blender create Mesh node F01_OWN_INTERIOR_furnish_brass_dull
01:44:41 | INFO: Blender create Mesh node F01_OWN_INTERIOR_furnish_ceramic
01:44:41 | INFO: Blender create Mesh node F01_OWN_INTERIOR_furnish_chrome
01:44:41 | INFO: Blender create Mesh node F01_OWN_INTERIOR_furnish_countertop
01:44:41 | INFO: Blender create Mesh node F01_OWN_INTERIOR_furnish_fabric_cool
01:44:41 | INFO: Blender create Mesh node F01_OWN_INTERIOR_furnish_fabric_green
01:44:41 | INFO: Blender create Mesh node F01_OWN_INTERIOR_furnish_fabric_warm
01:44:41 | INFO: Blender create Mesh node F01_OWN_INTERIOR_furnish_floor_oak
01:44:41 | INFO: Blender create Mesh node F01_OWN_INTERIOR_furnish_fx_shadow
01:44:41 | INFO: Blender create Mesh node F01_OWN_INTERIOR_furnish_glassish
01:44:41 | INFO: Blender create Mesh node F01_OWN_INTERIOR_furnish_hull-colonly
01:44:41 | INFO: Blender create Mesh node F01_OWN_INTERIOR_furnish_linen
01:44:41 | INFO: Blender create Mesh node F01_OWN_INTERIOR_furnish_metal
01:44:41 | INFO: Blender create Mesh node F01_OWN_INTERIOR_furnish_nickel_plated
01:44:41 | INFO: Blender create Mesh node F01_OWN_INTERIOR_furnish_oak_quartered
01:44:41 | INFO: Blender create Mesh node F01_OWN_INTERIOR_furnish_paper
01:44:41 | INFO: Blender create Mesh node F01_OWN_INTERIOR_furnish_plant
01:44:41 | INFO: Blender create Mesh node F01_OWN_INTERIOR_furnish_porcelain
01:44:41 | INFO: Blender create Mesh node F01_OWN_INTERIOR_furnish_soil
01:44:41 | INFO: Blender create Mesh node F01_OWN_INTERIOR_furnish_soot
01:44:41 | INFO: Blender create Mesh node F01_OWN_INTERIOR_furnish_terracotta
01:44:41 | INFO: Blender create Mesh node F01_OWN_INTERIOR_furnish_timber
01:44:41 | INFO: Blender create Mesh node F01_OWN_INTERIOR_furnish_trim
01:44:41 | INFO: Blender create Mesh node F01_OWN_INTERIOR_furnish_wood_dark
01:44:41 | INFO: Blender create Mesh node F01_OWN_INTERIOR_furniture_art
01:44:41 | INFO: Blender create Mesh node F01_OWN_INTERIOR_furniture_blind_slat
01:44:41 | INFO: Blender create Mesh node F01_OWN_INTERIOR_furniture_blind_slat-col
01:44:41 | INFO: Blender create Mesh node F01_OWN_INTERIOR_furniture_brass-col
01:44:41 | INFO: Blender create Mesh node F01_OWN_INTERIOR_furniture_brass_dull-col
01:44:41 | INFO: Blender create Mesh node F01_OWN_INTERIOR_furniture_ceramic-col
01:44:41 | INFO: Blender create Mesh node F01_OWN_INTERIOR_furniture_chrome-col
01:44:41 | INFO: Blender create Mesh node F01_OWN_INTERIOR_furniture_indicator_enamel-col
01:44:41 | INFO: Blender create Mesh node F01_OWN_INTERIOR_furniture_linen-col
01:44:41 | INFO: Blender create Mesh node F01_OWN_INTERIOR_furniture_linoleum-col
01:44:41 | INFO: Blender create Mesh node F01_OWN_INTERIOR_furniture_metal-col
01:44:41 | INFO: Blender create Mesh node F01_OWN_INTERIOR_furniture_rug_warm-col
01:44:41 | INFO: Blender create Mesh node F01_OWN_INTERIOR_furniture_trim-col
01:44:41 | INFO: Blender create Mesh node F01_OWN_INTERIOR_furniture_wood_dark-col
01:44:41 | INFO: Blender create Mesh node F01_OWN_INTERIOR_fx_ao_decal
01:44:41 | INFO: Blender create Mesh node F01_OWN_INTERIOR_slabs-col
01:44:41 | INFO: Blender create Mesh node F01_OWN_INTERIOR_stairs
01:44:41 | INFO: Blender create Mesh node F01_OWN_INTERIOR_stairs_bal
01:44:41 | INFO: Blender create Mesh node F01_OWN_INTERIOR_stairs_brass
01:44:41 | INFO: Blender create Mesh node F01_OWN_INTERIOR_stairs_guard-colonly
01:44:41 | INFO: Blender create Mesh node F01_OWN_INTERIOR_stairs_iron
01:44:41 | INFO: Blender create Mesh node F01_OWN_INTERIOR_stairs_landing
01:44:41 | INFO: Blender create Mesh node F01_OWN_INTERIOR_stairs_rail
01:44:41 | INFO: Blender create Mesh node F01_OWN_INTERIOR_stairs_ramp-colonly
01:44:41 | INFO: Blender create Mesh node F01_OWN_INTERIOR_stairs_soffit_failed
01:44:41 | INFO: Blender create Mesh node F01_OWN_INTERIOR_stairs_treads
01:44:41 | INFO: Blender create Mesh node F01_OWN_INTERIOR_trim
01:44:42 | INFO: Blender create Mesh node F01_OWN_INTERIOR_vent_register_screws
01:44:42 | INFO: Blender create Mesh node F01_OWN_INTERIOR_vent_register_throat
01:44:42 | INFO: Blender create Mesh node F01_OWN_INTERIOR_vent_register_trim
01:44:42 | INFO: Blender create Mesh node F01_OWN_INTERIOR_wainscot_marble_lobby
01:44:42 | INFO: Blender create Mesh node F01_OWN_INTERIOR_wainscot_subway_tile
01:44:42 | INFO: Blender create Mesh node F01_OWN_INTERIOR_wainscot_wainscot
01:44:42 | INFO: Blender create Mesh node F01_OWN_INTERIOR_walls-col
01:44:42 | INFO: Blender create Mesh node F01_OWN_INTERIOR_walls_conc-col
01:44:42 | INFO: Blender create Mesh node F01_OWN_INTERIOR_wear_ceiling_fx_drip
01:44:42 | INFO: Blender create Mesh node F01_OWN_INTERIOR_wear_fx_drip
01:44:42 | INFO: Blender create Mesh node F01_OWN_INTERIOR_wear_fx_grease
01:44:42 | INFO: Blender create Mesh node F01_OWN_INTERIOR_wear_fx_scuff
01:44:42 | INFO: Blender create Mesh node F01_OWN_INTERIOR_wear_fx_traffic
01:44:42 | INFO: glTF import finished in 0.65s
01:44:42 | INFO: Data are loaded, start creating Blender stuff
01:44:42 | INFO: Blender create Mesh node F01_OWN_FACADE_facade_rainwater
01:44:42 | INFO: Blender create Mesh node F01_OWN_FACADE_finish_f01_w00
01:44:42 | INFO: Blender create Mesh node F01_OWN_FACADE_finish_f01_w01
01:44:42 | INFO: Blender create Mesh node F01_OWN_FACADE_finish_f01_w02
01:44:42 | INFO: Blender create Mesh node F01_OWN_FACADE_finish_f01_w03
01:44:42 | INFO: Blender create Mesh node F01_OWN_FACADE_finish_f01_w04
01:44:42 | INFO: Blender create Mesh node F01_OWN_FACADE_finish_f01_w05
01:44:42 | INFO: Blender create Mesh node F01_OWN_FACADE_finish_f01_w06
01:44:42 | INFO: Blender create Mesh node F01_OWN_FACADE_finish_f01_w07
01:44:42 | INFO: Blender create Mesh node F01_OWN_FACADE_finish_f01_w08
01:44:42 | INFO: Blender create Mesh node F01_OWN_FACADE_finish_f01_w09
01:44:42 | INFO: Blender create Mesh node F01_OWN_FACADE_furnish_brass
01:44:42 | INFO: Blender create Mesh node F01_OWN_FACADE_furnish_cast_iron
01:44:42 | INFO: Blender create Mesh node F01_OWN_FACADE_furnish_glassish
01:44:42 | INFO: Blender create Mesh node F01_OWN_FACADE_furnish_metal
01:44:42 | INFO: Blender create Mesh node F01_OWN_FACADE_furnish_plywood
01:44:42 | INFO: Blender create Mesh node F01_OWN_FACADE_furnish_soot
01:44:42 | INFO: Blender create Mesh node F01_OWN_FACADE_furniture_brass-col
01:44:42 | INFO: Blender create Mesh node F01_OWN_FACADE_furniture_fx_damp-col
01:44:42 | INFO: Blender create Mesh node F01_OWN_FACADE_furniture_fx_drip-col
01:44:42 | INFO: Blender create Mesh node F01_OWN_FACADE_furniture_limestone-col
01:44:42 | INFO: Blender create Mesh node F01_OWN_FACADE_furniture_metal-col
01:44:42 | INFO: Blender create Mesh node F01_OWN_FACADE_fx_ao_decal
01:44:42 | INFO: Blender create Mesh node F01_OWN_FACADE_glazing-col
01:44:42 | INFO: Blender create Mesh node F01_OWN_FACADE_sash-col
01:44:42 | INFO: Blender create Mesh node F01_OWN_FACADE_stone_trim-col
01:44:42 | INFO: Blender create Mesh node F01_OWN_FACADE_trim
01:44:42 | INFO: Blender create Mesh node F01_OWN_FACADE_walls_cbrick-col
01:44:42 | INFO: Blender create Mesh node F01_OWN_FACADE_walls_fbrick-col
01:44:42 | INFO: Blender create Mesh node F01_OWN_FACADE_wear_fx_drip
01:44:42 | INFO: Blender create Mesh node F01_OWN_FACADE_wear_fx_scuff
01:44:42 | INFO: glTF import finished in 0.21s
01:44:42 | INFO: Data are loaded, start creating Blender stuff
01:44:42 | INFO: Blender create Mesh node F01_OWN_PASSAGE_retail_passage_shell_bakelite_black-col
01:44:42 | INFO: Blender create Mesh node F01_OWN_PASSAGE_retail_passage_shell_brass_dull
01:44:42 | INFO: Blender create Mesh node F01_OWN_PASSAGE_retail_passage_shell_brass_dull-col
01:44:42 | INFO: Blender create Mesh node F01_OWN_PASSAGE_retail_passage_shell_cast_iron
01:44:42 | INFO: Blender create Mesh node F01_OWN_PASSAGE_retail_passage_shell_cast_iron-col
01:44:42 | INFO: Blender create Mesh node F01_OWN_PASSAGE_retail_passage_shell_common_brick-col
01:44:42 | INFO: Blender create Mesh node F01_OWN_PASSAGE_retail_passage_shell_concrete-col
01:44:42 | INFO: Blender create Mesh node F01_OWN_PASSAGE_retail_passage_shell_glassish-col
01:44:42 | INFO: Blender create Mesh node F01_OWN_PASSAGE_retail_passage_shell_limestone-col
01:44:42 | INFO: Blender create Mesh node F01_OWN_PASSAGE_retail_passage_shell_metal
01:44:42 | INFO: Blender create Mesh node F01_OWN_PASSAGE_retail_passage_shell_milk_glass-col
01:44:42 | INFO: Blender create Mesh node F01_OWN_PASSAGE_retail_passage_shell_paper-col
01:44:42 | INFO: Blender create Mesh node F01_OWN_PASSAGE_retail_passage_shell_plaster-col
01:44:42 | INFO: Blender create Mesh node F01_OWN_PASSAGE_retail_passage_shell_plaster_stained-col
01:44:42 | INFO: Blender create Mesh node F01_OWN_PASSAGE_retail_passage_shell_soot-col
01:44:42 | INFO: Blender create Mesh node F01_OWN_PASSAGE_retail_passage_shell_terrazzo
01:44:42 | INFO: Blender create Mesh node F01_OWN_PASSAGE_retail_passage_shell_terrazzo-col
01:44:42 | INFO: Blender create Mesh node F01_OWN_PASSAGE_retail_passage_shell_terrazzo_dark
01:44:42 | INFO: Blender create Mesh node F01_OWN_PASSAGE_retail_passage_shell_trim-col
01:44:42 | INFO: Blender create Mesh node F01_OWN_PASSAGE_retail_passage_shell_wood_dark-col
01:44:42 | INFO: Blender create Mesh node F01_OWN_PASSAGE_retail_shop_funeral_parlour_limestone-col
01:44:42 | INFO: Blender create Mesh node F01_OWN_PASSAGE_retail_shop_hardware_paint_wood_dark-col
01:44:42 | INFO: Blender create Mesh node F01_OWN_PASSAGE_retail_shop_keys_cut_common_brick-col
01:44:42 | INFO: Blender create Mesh node F01_OWN_PASSAGE_retail_shop_luncheonette_chrome-col
01:44:42 | INFO: Blender create Mesh node F01_OWN_PASSAGE_retail_shop_model_laundry_plaster_stained-col
01:44:42 | INFO: Blender create Mesh node F01_OWN_PASSAGE_retail_shop_news_cigars_wood_dark-col
01:44:42 | INFO: Blender create Mesh node F01_OWN_PASSAGE_retail_shop_otis___son_limestone-col
01:44:42 | INFO: Blender create Mesh node F01_OWN_PASSAGE_retail_shop_pawnbroker_common_brick-col
01:44:42 | INFO: Blender create Mesh node F01_OWN_PASSAGE_retail_shop_photo_supplies_plaster_stained-col
01:44:42 | INFO: Blender create Mesh node F01_OWN_PASSAGE_retail_shop_radio_service_wood_dark-col
01:44:42 | INFO: Blender create Mesh node F01_OWN_PASSAGE_retail_shop_shoe_rebuilding_wood_dark-col
01:44:42 | INFO: glTF import finished in 0.13s
01:44:42 | INFO: Data are loaded, start creating Blender stuff
01:44:42 | INFO: Blender create Mesh node F01_OWN_SHOP_BAR_furnish_bakelite
01:44:42 | INFO: Blender create Mesh node F01_OWN_SHOP_BAR_furnish_bakelite_black
01:44:42 | INFO: Blender create Mesh node F01_OWN_SHOP_BAR_furnish_book_teal
01:44:42 | INFO: Blender create Mesh node F01_OWN_SHOP_BAR_furnish_brass
01:44:42 | INFO: Blender create Mesh node F01_OWN_SHOP_BAR_furnish_brass_bright
01:44:42 | INFO: Blender create Mesh node F01_OWN_SHOP_BAR_furnish_brass_mesh
01:44:42 | INFO: Blender create Mesh node F01_OWN_SHOP_BAR_furnish_cast_iron
01:44:42 | INFO: Blender create Mesh node F01_OWN_SHOP_BAR_furnish_chrome
01:44:42 | INFO: Blender create Mesh node F01_OWN_SHOP_BAR_furnish_enamel
01:44:42 | INFO: Blender create Mesh node F01_OWN_SHOP_BAR_furnish_fabric_cool
01:44:42 | INFO: Blender create Mesh node F01_OWN_SHOP_BAR_furnish_fabric_green
01:44:42 | INFO: Blender create Mesh node F01_OWN_SHOP_BAR_furnish_fabric_warm
01:44:42 | INFO: Blender create Mesh node F01_OWN_SHOP_BAR_furnish_felt_violet
01:44:42 | INFO: Blender create Mesh node F01_OWN_SHOP_BAR_furnish_floor_oak
01:44:42 | INFO: Blender create Mesh node F01_OWN_SHOP_BAR_furnish_fx_shadow
01:44:42 | INFO: Blender create Mesh node F01_OWN_SHOP_BAR_furnish_glassish
01:44:42 | INFO: Blender create Mesh node F01_OWN_SHOP_BAR_furnish_handrail_wood
01:44:42 | INFO: Blender create Mesh node F01_OWN_SHOP_BAR_furnish_hull-colonly
01:44:42 | INFO: Blender create Mesh node F01_OWN_SHOP_BAR_furnish_lacquer_red
01:44:42 | INFO: Blender create Mesh node F01_OWN_SHOP_BAR_furnish_linen
01:44:42 | INFO: Blender create Mesh node F01_OWN_SHOP_BAR_furnish_metal
01:44:42 | INFO: Blender create Mesh node F01_OWN_SHOP_BAR_furnish_milk_glass
01:44:42 | INFO: Blender create Mesh node F01_OWN_SHOP_BAR_furnish_oak_quartered
01:44:42 | INFO: Blender create Mesh node F01_OWN_SHOP_BAR_furnish_paper
01:44:42 | INFO: Blender create Mesh node F01_OWN_SHOP_BAR_furnish_plant
01:44:42 | INFO: Blender create Mesh node F01_OWN_SHOP_BAR_furnish_porcelain
01:44:42 | INFO: Blender create Mesh node F01_OWN_SHOP_BAR_furnish_rubber_aged
01:44:42 | INFO: Blender create Mesh node F01_OWN_SHOP_BAR_furnish_rug_warm
01:44:42 | INFO: Blender create Mesh node F01_OWN_SHOP_BAR_furnish_safety_orange
01:44:42 | INFO: Blender create Mesh node F01_OWN_SHOP_BAR_furnish_screen
01:44:42 | INFO: Blender create Mesh node F01_OWN_SHOP_BAR_furnish_soil
01:44:42 | INFO: Blender create Mesh node F01_OWN_SHOP_BAR_furnish_soot
01:44:42 | INFO: Blender create Mesh node F01_OWN_SHOP_BAR_furnish_stairwell_teal
01:44:42 | INFO: Blender create Mesh node F01_OWN_SHOP_BAR_furnish_terracotta
01:44:42 | INFO: Blender create Mesh node F01_OWN_SHOP_BAR_furnish_timber
01:44:42 | INFO: Blender create Mesh node F01_OWN_SHOP_BAR_furnish_trim
01:44:42 | INFO: Blender create Mesh node F01_OWN_SHOP_BAR_furnish_vinyl_oxblood
01:44:42 | INFO: Blender create Mesh node F01_OWN_SHOP_BAR_furnish_wood_dark
01:44:42 | INFO: Blender create Mesh node F01_OWN_SHOP_BAR_furniture_art
01:44:42 | INFO: Blender create Mesh node F01_OWN_SHOP_BAR_furniture_wood_dark-col
01:44:42 | INFO: Blender create Mesh node F01_OWN_SHOP_BAR_retail_bar_bakelite-col
01:44:42 | INFO: Blender create Mesh node F01_OWN_SHOP_BAR_retail_bar_bakelite_black-col
01:44:42 | INFO: Blender create Mesh node F01_OWN_SHOP_BAR_retail_bar_bar_wall-col
01:44:42 | INFO: Blender create Mesh node F01_OWN_SHOP_BAR_retail_bar_bar_wall_red-col
01:44:42 | INFO: Blender create Mesh node F01_OWN_SHOP_BAR_retail_bar_brass-col
01:44:42 | INFO: Blender create Mesh node F01_OWN_SHOP_BAR_retail_bar_cast_iron-col
01:44:42 | INFO: Blender create Mesh node F01_OWN_SHOP_BAR_retail_bar_chrome-col
01:44:42 | INFO: Blender create Mesh node F01_OWN_SHOP_BAR_retail_bar_common_brick-col
01:44:42 | INFO: Blender create Mesh node F01_OWN_SHOP_BAR_retail_bar_concrete-col
01:44:42 | INFO: Blender create Mesh node F01_OWN_SHOP_BAR_retail_bar_countertop-col
01:44:42 | INFO: Blender create Mesh node F01_OWN_SHOP_BAR_retail_bar_enamel-col
01:44:42 | INFO: Blender create Mesh node F01_OWN_SHOP_BAR_retail_bar_fabric_green-col
01:44:42 | INFO: Blender create Mesh node F01_OWN_SHOP_BAR_retail_bar_fabric_warm-col
01:44:42 | INFO: Blender create Mesh node F01_OWN_SHOP_BAR_retail_bar_felt_violet-col
01:44:42 | INFO: Blender create Mesh node F01_OWN_SHOP_BAR_retail_bar_glassish-col
01:44:42 | INFO: Blender create Mesh node F01_OWN_SHOP_BAR_retail_bar_lacquer_red-col
01:44:42 | INFO: Blender create Mesh node F01_OWN_SHOP_BAR_retail_bar_limestone-col
01:44:42 | INFO: Blender create Mesh node F01_OWN_SHOP_BAR_retail_bar_linen-col
01:44:42 | INFO: Blender create Mesh node F01_OWN_SHOP_BAR_retail_bar_metal-col
01:44:42 | INFO: Blender create Mesh node F01_OWN_SHOP_BAR_retail_bar_mirror_aged-col
01:44:42 | INFO: Blender create Mesh node F01_OWN_SHOP_BAR_retail_bar_oak_quartered-col
01:44:42 | INFO: Blender create Mesh node F01_OWN_SHOP_BAR_retail_bar_paper-col
01:44:42 | INFO: Blender create Mesh node F01_OWN_SHOP_BAR_retail_bar_plaster_stained-col
01:44:42 | INFO: Blender create Mesh node F01_OWN_SHOP_BAR_retail_bar_quarry_tile-col
01:44:42 | INFO: Blender create Mesh node F01_OWN_SHOP_BAR_retail_bar_rug_warm-col
01:44:42 | INFO: Blender create Mesh node F01_OWN_SHOP_BAR_retail_bar_soot-col
01:44:42 | INFO: Blender create Mesh node F01_OWN_SHOP_BAR_retail_bar_stairwell_teal-col
01:44:42 | INFO: Blender create Mesh node F01_OWN_SHOP_BAR_retail_bar_terracotta-col
01:44:42 | INFO: Blender create Mesh node F01_OWN_SHOP_BAR_retail_bar_timber-col
01:44:42 | INFO: Blender create Mesh node F01_OWN_SHOP_BAR_retail_bar_wallpaper_old-col
01:44:42 | INFO: Blender create Mesh node F01_OWN_SHOP_BAR_retail_bar_wood_dark-col
01:44:42 | INFO: Blender create Mesh node F01_OWN_SHOP_BAR_wear_fx_scuff
01:44:43 | INFO: glTF import finished in 0.32s
01:44:43 | INFO: Data are loaded, start creating Blender stuff
01:44:43 | INFO: Blender create Mesh node F01_OWN_SHOP_BODEGA_furnish_fx_shadow
01:44:43 | INFO: Blender create Mesh node F01_OWN_SHOP_BODEGA_furnish_glassish
01:44:43 | INFO: Blender create Mesh node F01_OWN_SHOP_BODEGA_furnish_hull-colonly
01:44:43 | INFO: Blender create Mesh node F01_OWN_SHOP_BODEGA_furnish_paper
01:44:43 | INFO: Blender create Mesh node F01_OWN_SHOP_BODEGA_furnish_soot
01:44:43 | INFO: Blender create Mesh node F01_OWN_SHOP_BODEGA_furnish_timber
01:44:43 | INFO: Blender create Mesh node F01_OWN_SHOP_BODEGA_retail_bod_awning_vinyl-col
01:44:43 | INFO: Blender create Mesh node F01_OWN_SHOP_BODEGA_retail_bod_bakelite-col
01:44:43 | INFO: Blender create Mesh node F01_OWN_SHOP_BODEGA_retail_bod_brass-col
01:44:43 | INFO: Blender create Mesh node F01_OWN_SHOP_BODEGA_retail_bod_chrome-col
01:44:43 | INFO: Blender create Mesh node F01_OWN_SHOP_BODEGA_retail_bod_countertop-col
01:44:43 | INFO: Blender create Mesh node F01_OWN_SHOP_BODEGA_retail_bod_enamel-col
01:44:43 | INFO: Blender create Mesh node F01_OWN_SHOP_BODEGA_retail_bod_fabric_green-col
01:44:43 | INFO: Blender create Mesh node F01_OWN_SHOP_BODEGA_retail_bod_glassish-col
01:44:43 | INFO: Blender create Mesh node F01_OWN_SHOP_BODEGA_retail_bod_linoleum-col
01:44:43 | INFO: Blender create Mesh node F01_OWN_SHOP_BODEGA_retail_bod_metal-col
01:44:43 | INFO: Blender create Mesh node F01_OWN_SHOP_BODEGA_retail_bod_paper-col
01:44:43 | INFO: Blender create Mesh node F01_OWN_SHOP_BODEGA_retail_bod_plaster-col
01:44:43 | INFO: Blender create Mesh node F01_OWN_SHOP_BODEGA_retail_bod_plaster_stained-col
01:44:43 | INFO: Blender create Mesh node F01_OWN_SHOP_BODEGA_retail_bod_safety_orange-col
01:44:43 | INFO: Blender create Mesh node F01_OWN_SHOP_BODEGA_retail_bod_terracotta-col
01:44:43 | INFO: Blender create Mesh node F01_OWN_SHOP_BODEGA_retail_bod_wood_dark-col
01:44:43 | INFO: Blender create Mesh node F01_OWN_SHOP_BODEGA_wear_fx_scuff
01:44:43 | INFO: glTF import finished in 0.10s
01:44:43 | INFO: Data are loaded, start creating Blender stuff
01:44:43 | INFO: Blender create Mesh node F01_OWN_SHOP_FUNERAL_PARLOUR_retail_shop_funeral_parlour_awning_vinyl-col
01:44:43 | INFO: Blender create Mesh node F01_OWN_SHOP_FUNERAL_PARLOUR_retail_shop_funeral_parlour_brass_bright-col
01:44:43 | INFO: Blender create Mesh node F01_OWN_SHOP_FUNERAL_PARLOUR_retail_shop_funeral_parlour_brass_dull-col
01:44:43 | INFO: Blender create Mesh node F01_OWN_SHOP_FUNERAL_PARLOUR_retail_shop_funeral_parlour_bronze-col
01:44:43 | INFO: Blender create Mesh node F01_OWN_SHOP_FUNERAL_PARLOUR_retail_shop_funeral_parlour_concrete-col
01:44:43 | INFO: Blender create Mesh node F01_OWN_SHOP_FUNERAL_PARLOUR_retail_shop_funeral_parlour_floor_oak-col
01:44:43 | INFO: Blender create Mesh node F01_OWN_SHOP_FUNERAL_PARLOUR_retail_shop_funeral_parlour_glassish-col
01:44:43 | INFO: Blender create Mesh node F01_OWN_SHOP_FUNERAL_PARLOUR_retail_shop_funeral_parlour_limestone-col
01:44:43 | INFO: Blender create Mesh node F01_OWN_SHOP_FUNERAL_PARLOUR_retail_shop_funeral_parlour_linen-col
01:44:43 | INFO: Blender create Mesh node F01_OWN_SHOP_FUNERAL_PARLOUR_retail_shop_funeral_parlour_metal-col
01:44:43 | INFO: Blender create Mesh node F01_OWN_SHOP_FUNERAL_PARLOUR_retail_shop_funeral_parlour_milk_glass-col
01:44:43 | INFO: Blender create Mesh node F01_OWN_SHOP_FUNERAL_PARLOUR_retail_shop_funeral_parlour_oak_quartered-col
01:44:43 | INFO: Blender create Mesh node F01_OWN_SHOP_FUNERAL_PARLOUR_retail_shop_funeral_parlour_paper-col
01:44:43 | INFO: Blender create Mesh node F01_OWN_SHOP_FUNERAL_PARLOUR_retail_shop_funeral_parlour_plant-col
01:44:43 | INFO: Blender create Mesh node F01_OWN_SHOP_FUNERAL_PARLOUR_retail_shop_funeral_parlour_plaster-col
01:44:43 | INFO: Blender create Mesh node F01_OWN_SHOP_FUNERAL_PARLOUR_retail_shop_funeral_parlour_plaster_stained-col
01:44:43 | INFO: Blender create Mesh node F01_OWN_SHOP_FUNERAL_PARLOUR_retail_shop_funeral_parlour_plywood-col
01:44:43 | INFO: Blender create Mesh node F01_OWN_SHOP_FUNERAL_PARLOUR_retail_shop_funeral_parlour_soot-col
01:44:43 | INFO: Blender create Mesh node F01_OWN_SHOP_FUNERAL_PARLOUR_retail_shop_funeral_parlour_tin_ceiling-col
01:44:43 | INFO: Blender create Mesh node F01_OWN_SHOP_FUNERAL_PARLOUR_retail_shop_funeral_parlour_trim-col
01:44:43 | INFO: Blender create Mesh node F01_OWN_SHOP_FUNERAL_PARLOUR_retail_shop_funeral_parlour_vinyl_oxblood-col
01:44:43 | INFO: Blender create Mesh node F01_OWN_SHOP_FUNERAL_PARLOUR_retail_shop_funeral_parlour_wainscot-col
01:44:43 | INFO: Blender create Mesh node F01_OWN_SHOP_FUNERAL_PARLOUR_retail_shop_funeral_parlour_wood_dark-col
01:44:43 | INFO: Blender create Mesh node F01_OWN_SHOP_FUNERAL_PARLOUR_wear_fx_scuff
01:44:43 | INFO: glTF import finished in 0.11s
01:44:43 | INFO: Data are loaded, start creating Blender stuff
01:44:43 | INFO: Blender create Mesh node F01_OWN_SHOP_HARDWARE_PAINT_retail_shop_hardware_paint_book_teal-col
01:44:43 | INFO: Blender create Mesh node F01_OWN_SHOP_HARDWARE_PAINT_retail_shop_hardware_paint_brass_bright-col
01:44:43 | INFO: Blender create Mesh node F01_OWN_SHOP_HARDWARE_PAINT_retail_shop_hardware_paint_brass_dull-col
01:44:43 | INFO: Blender create Mesh node F01_OWN_SHOP_HARDWARE_PAINT_retail_shop_hardware_paint_cast_iron-col
01:44:43 | INFO: Blender create Mesh node F01_OWN_SHOP_HARDWARE_PAINT_retail_shop_hardware_paint_concrete-col
01:44:43 | INFO: Blender create Mesh node F01_OWN_SHOP_HARDWARE_PAINT_retail_shop_hardware_paint_countertop-col
01:44:43 | INFO: Blender create Mesh node F01_OWN_SHOP_HARDWARE_PAINT_retail_shop_hardware_paint_fabric_green-col
01:44:43 | INFO: Blender create Mesh node F01_OWN_SHOP_HARDWARE_PAINT_retail_shop_hardware_paint_glassish-col
01:44:43 | INFO: Blender create Mesh node F01_OWN_SHOP_HARDWARE_PAINT_retail_shop_hardware_paint_lacquer_red-col
01:44:43 | INFO: Blender create Mesh node F01_OWN_SHOP_HARDWARE_PAINT_retail_shop_hardware_paint_metal-col
01:44:43 | INFO: Blender create Mesh node F01_OWN_SHOP_HARDWARE_PAINT_retail_shop_hardware_paint_oak_quartered-col
01:44:43 | INFO: Blender create Mesh node F01_OWN_SHOP_HARDWARE_PAINT_retail_shop_hardware_paint_paper-col
01:44:43 | INFO: Blender create Mesh node F01_OWN_SHOP_HARDWARE_PAINT_retail_shop_hardware_paint_plaster-col
01:44:43 | INFO: Blender create Mesh node F01_OWN_SHOP_HARDWARE_PAINT_retail_shop_hardware_paint_plaster_stained-col
01:44:43 | INFO: Blender create Mesh node F01_OWN_SHOP_HARDWARE_PAINT_retail_shop_hardware_paint_plywood-col
01:44:43 | INFO: Blender create Mesh node F01_OWN_SHOP_HARDWARE_PAINT_retail_shop_hardware_paint_safety_orange-col
01:44:43 | INFO: Blender create Mesh node F01_OWN_SHOP_HARDWARE_PAINT_retail_shop_hardware_paint_soot-col
01:44:43 | INFO: Blender create Mesh node F01_OWN_SHOP_HARDWARE_PAINT_retail_shop_hardware_paint_timber-col
01:44:43 | INFO: Blender create Mesh node F01_OWN_SHOP_HARDWARE_PAINT_retail_shop_hardware_paint_trim-col
01:44:43 | INFO: Blender create Mesh node F01_OWN_SHOP_HARDWARE_PAINT_retail_shop_hardware_paint_wainscot-col
01:44:43 | INFO: Blender create Mesh node F01_OWN_SHOP_HARDWARE_PAINT_retail_shop_hardware_paint_wood_dark-col
01:44:43 | INFO: Blender create Mesh node F01_OWN_SHOP_HARDWARE_PAINT_wear_fx_scuff
01:44:43 | INFO: glTF import finished in 0.11s
01:44:43 | INFO: Data are loaded, start creating Blender stuff
01:44:43 | INFO: Blender create Mesh node F01_OWN_SHOP_KEYS_CUT_retail_shop_keys_cut_brass-col
01:44:43 | INFO: Blender create Mesh node F01_OWN_SHOP_KEYS_CUT_retail_shop_keys_cut_brass_bright-col
01:44:43 | INFO: Blender create Mesh node F01_OWN_SHOP_KEYS_CUT_retail_shop_keys_cut_brass_dull-col
01:44:43 | INFO: Blender create Mesh node F01_OWN_SHOP_KEYS_CUT_retail_shop_keys_cut_cast_iron-col
01:44:43 | INFO: Blender create Mesh node F01_OWN_SHOP_KEYS_CUT_retail_shop_keys_cut_chrome-col
01:44:43 | INFO: Blender create Mesh node F01_OWN_SHOP_KEYS_CUT_retail_shop_keys_cut_common_brick-col
01:44:43 | INFO: Blender create Mesh node F01_OWN_SHOP_KEYS_CUT_retail_shop_keys_cut_concrete-col
01:44:43 | INFO: Blender create Mesh node F01_OWN_SHOP_KEYS_CUT_retail_shop_keys_cut_countertop-col
01:44:43 | INFO: Blender create Mesh node F01_OWN_SHOP_KEYS_CUT_retail_shop_keys_cut_glassish-col
01:44:43 | INFO: Blender create Mesh node F01_OWN_SHOP_KEYS_CUT_retail_shop_keys_cut_linen-col
01:44:43 | INFO: Blender create Mesh node F01_OWN_SHOP_KEYS_CUT_retail_shop_keys_cut_metal-col
01:44:43 | INFO: Blender create Mesh node F01_OWN_SHOP_KEYS_CUT_retail_shop_keys_cut_paper-col
01:44:43 | INFO: Blender create Mesh node F01_OWN_SHOP_KEYS_CUT_retail_shop_keys_cut_plaster-col
01:44:43 | INFO: Blender create Mesh node F01_OWN_SHOP_KEYS_CUT_retail_shop_keys_cut_plaster_stained-col
01:44:43 | INFO: Blender create Mesh node F01_OWN_SHOP_KEYS_CUT_retail_shop_keys_cut_plywood-col
01:44:43 | INFO: Blender create Mesh node F01_OWN_SHOP_KEYS_CUT_retail_shop_keys_cut_timber-col
01:44:43 | INFO: Blender create Mesh node F01_OWN_SHOP_KEYS_CUT_retail_shop_keys_cut_trim-col
01:44:43 | INFO: Blender create Mesh node F01_OWN_SHOP_KEYS_CUT_retail_shop_keys_cut_vinyl_oxblood-col
01:44:43 | INFO: Blender create Mesh node F01_OWN_SHOP_KEYS_CUT_retail_shop_keys_cut_wainscot-col
01:44:43 | INFO: Blender create Mesh node F01_OWN_SHOP_KEYS_CUT_retail_shop_keys_cut_wood_dark-col
01:44:43 | INFO: Blender create Mesh node F01_OWN_SHOP_KEYS_CUT_wear_fx_scuff
01:44:43 | INFO: glTF import finished in 0.10s
01:44:43 | INFO: Data are loaded, start creating Blender stuff
01:44:43 | INFO: Blender create Mesh node F01_OWN_SHOP_LUNCHEONETTE_retail_shop_luncheonette_awning_vinyl-col
01:44:43 | INFO: Blender create Mesh node F01_OWN_SHOP_LUNCHEONETTE_retail_shop_luncheonette_bakelite
01:44:43 | INFO: Blender create Mesh node F01_OWN_SHOP_LUNCHEONETTE_retail_shop_luncheonette_bakelite_black
01:44:43 | INFO: Blender create Mesh node F01_OWN_SHOP_LUNCHEONETTE_retail_shop_luncheonette_bakelite_black-col
01:44:43 | INFO: Blender create Mesh node F01_OWN_SHOP_LUNCHEONETTE_retail_shop_luncheonette_brass
01:44:43 | INFO: Blender create Mesh node F01_OWN_SHOP_LUNCHEONETTE_retail_shop_luncheonette_brass_bright-col
01:44:43 | INFO: Blender create Mesh node F01_OWN_SHOP_LUNCHEONETTE_retail_shop_luncheonette_brass_dull-col
01:44:43 | INFO: Blender create Mesh node F01_OWN_SHOP_LUNCHEONETTE_retail_shop_luncheonette_cast_iron-col
01:44:43 | INFO: Blender create Mesh node F01_OWN_SHOP_LUNCHEONETTE_retail_shop_luncheonette_chrome-col
01:44:43 | INFO: Blender create Mesh node F01_OWN_SHOP_LUNCHEONETTE_retail_shop_luncheonette_concrete-col
01:44:43 | INFO: Blender create Mesh node F01_OWN_SHOP_LUNCHEONETTE_retail_shop_luncheonette_countertop-col
01:44:43 | INFO: Blender create Mesh node F01_OWN_SHOP_LUNCHEONETTE_retail_shop_luncheonette_enamel
01:44:43 | INFO: Blender create Mesh node F01_OWN_SHOP_LUNCHEONETTE_retail_shop_luncheonette_enamel-col
01:44:43 | INFO: Blender create Mesh node F01_OWN_SHOP_LUNCHEONETTE_retail_shop_luncheonette_fabric_cool
01:44:43 | INFO: Blender create Mesh node F01_OWN_SHOP_LUNCHEONETTE_retail_shop_luncheonette_fx_shadow
01:44:43 | INFO: Blender create Mesh node F01_OWN_SHOP_LUNCHEONETTE_retail_shop_luncheonette_glassish-col
01:44:43 | INFO: Blender create Mesh node F01_OWN_SHOP_LUNCHEONETTE_retail_shop_luncheonette_hull-colonly
01:44:43 | INFO: Blender create Mesh node F01_OWN_SHOP_LUNCHEONETTE_retail_shop_luncheonette_lacquer_red-col
01:44:43 | INFO: Blender create Mesh node F01_OWN_SHOP_LUNCHEONETTE_retail_shop_luncheonette_marble_lobby-col
01:44:43 | INFO: Blender create Mesh node F01_OWN_SHOP_LUNCHEONETTE_retail_shop_luncheonette_metal-col
01:44:43 | INFO: Blender create Mesh node F01_OWN_SHOP_LUNCHEONETTE_retail_shop_luncheonette_milk_glass
01:44:43 | INFO: Blender create Mesh node F01_OWN_SHOP_LUNCHEONETTE_retail_shop_luncheonette_nickel_plated-col
01:44:43 | INFO: Blender create Mesh node F01_OWN_SHOP_LUNCHEONETTE_retail_shop_luncheonette_paper-col
01:44:43 | INFO: Blender create Mesh node F01_OWN_SHOP_LUNCHEONETTE_retail_shop_luncheonette_plaster-col
01:44:43 | INFO: Blender create Mesh node F01_OWN_SHOP_LUNCHEONETTE_retail_shop_luncheonette_plaster_stained-col
01:44:43 | INFO: Blender create Mesh node F01_OWN_SHOP_LUNCHEONETTE_retail_shop_luncheonette_screen
01:44:43 | INFO: Blender create Mesh node F01_OWN_SHOP_LUNCHEONETTE_retail_shop_luncheonette_terracotta
01:44:43 | INFO: Blender create Mesh node F01_OWN_SHOP_LUNCHEONETTE_retail_shop_luncheonette_terrazzo-col
01:44:43 | INFO: Blender create Mesh node F01_OWN_SHOP_LUNCHEONETTE_retail_shop_luncheonette_timber-col
01:44:43 | INFO: Blender create Mesh node F01_OWN_SHOP_LUNCHEONETTE_retail_shop_luncheonette_tin_ceiling-col
01:44:43 | INFO: Blender create Mesh node F01_OWN_SHOP_LUNCHEONETTE_retail_shop_luncheonette_trim-col
01:44:43 | INFO: Blender create Mesh node F01_OWN_SHOP_LUNCHEONETTE_retail_shop_luncheonette_vinyl_oxblood-col
01:44:43 | INFO: Blender create Mesh node F01_OWN_SHOP_LUNCHEONETTE_retail_shop_luncheonette_wainscot-col
01:44:43 | INFO: Blender create Mesh node F01_OWN_SHOP_LUNCHEONETTE_retail_shop_luncheonette_wood_dark-col
01:44:43 | INFO: Blender create Mesh node F01_OWN_SHOP_LUNCHEONETTE_wear_fx_scuff
01:44:43 | INFO: glTF import finished in 0.15s
01:44:43 | INFO: Data are loaded, start creating Blender stuff
01:44:43 | INFO: Blender create Mesh node F01_OWN_SHOP_MODEL_LAUNDRY_retail_shop_model_laundry_awning_vinyl-col
01:44:43 | INFO: Blender create Mesh node F01_OWN_SHOP_MODEL_LAUNDRY_retail_shop_model_laundry_bakelite
01:44:43 | INFO: Blender create Mesh node F01_OWN_SHOP_MODEL_LAUNDRY_retail_shop_model_laundry_bakelite_black
01:44:43 | INFO: Blender create Mesh node F01_OWN_SHOP_MODEL_LAUNDRY_retail_shop_model_laundry_book_teal-col
01:44:43 | INFO: Blender create Mesh node F01_OWN_SHOP_MODEL_LAUNDRY_retail_shop_model_laundry_brass
01:44:43 | INFO: Blender create Mesh node F01_OWN_SHOP_MODEL_LAUNDRY_retail_shop_model_laundry_brass_bright-col
01:44:43 | INFO: Blender create Mesh node F01_OWN_SHOP_MODEL_LAUNDRY_retail_shop_model_laundry_brass_dull-col
01:44:43 | INFO: Blender create Mesh node F01_OWN_SHOP_MODEL_LAUNDRY_retail_shop_model_laundry_cast_iron-col
01:44:43 | INFO: Blender create Mesh node F01_OWN_SHOP_MODEL_LAUNDRY_retail_shop_model_laundry_chrome-col
01:44:43 | INFO: Blender create Mesh node F01_OWN_SHOP_MODEL_LAUNDRY_retail_shop_model_laundry_concrete-col
01:44:43 | INFO: Blender create Mesh node F01_OWN_SHOP_MODEL_LAUNDRY_retail_shop_model_laundry_countertop-col
01:44:43 | INFO: Blender create Mesh node F01_OWN_SHOP_MODEL_LAUNDRY_retail_shop_model_laundry_enamel
01:44:43 | INFO: Blender create Mesh node F01_OWN_SHOP_MODEL_LAUNDRY_retail_shop_model_laundry_fx_shadow
01:44:43 | INFO: Blender create Mesh node F01_OWN_SHOP_MODEL_LAUNDRY_retail_shop_model_laundry_glassish-col
01:44:43 | INFO: Blender create Mesh node F01_OWN_SHOP_MODEL_LAUNDRY_retail_shop_model_laundry_hull-colonly
01:44:43 | INFO: Blender create Mesh node F01_OWN_SHOP_MODEL_LAUNDRY_retail_shop_model_laundry_linen-col
01:44:43 | INFO: Blender create Mesh node F01_OWN_SHOP_MODEL_LAUNDRY_retail_shop_model_laundry_metal
01:44:43 | INFO: Blender create Mesh node F01_OWN_SHOP_MODEL_LAUNDRY_retail_shop_model_laundry_metal-col
01:44:43 | INFO: Blender create Mesh node F01_OWN_SHOP_MODEL_LAUNDRY_retail_shop_model_laundry_milk_glass
01:44:43 | INFO: Blender create Mesh node F01_OWN_SHOP_MODEL_LAUNDRY_retail_shop_model_laundry_paper-col
01:44:43 | INFO: Blender create Mesh node F01_OWN_SHOP_MODEL_LAUNDRY_retail_shop_model_laundry_plaster-col
01:44:43 | INFO: Blender create Mesh node F01_OWN_SHOP_MODEL_LAUNDRY_retail_shop_model_laundry_plaster_stained-col
01:44:43 | INFO: Blender create Mesh node F01_OWN_SHOP_MODEL_LAUNDRY_retail_shop_model_laundry_plywood-col
01:44:43 | INFO: Blender create Mesh node F01_OWN_SHOP_MODEL_LAUNDRY_retail_shop_model_laundry_quarry_tile-col
01:44:43 | INFO: Blender create Mesh node F01_OWN_SHOP_MODEL_LAUNDRY_retail_shop_model_laundry_rubber_aged-col
01:44:43 | INFO: Blender create Mesh node F01_OWN_SHOP_MODEL_LAUNDRY_retail_shop_model_laundry_screen
01:44:43 | INFO: Blender create Mesh node F01_OWN_SHOP_MODEL_LAUNDRY_retail_shop_model_laundry_terracotta
01:44:43 | INFO: Blender create Mesh node F01_OWN_SHOP_MODEL_LAUNDRY_retail_shop_model_laundry_timber-col
01:44:43 | INFO: Blender create Mesh node F01_OWN_SHOP_MODEL_LAUNDRY_retail_shop_model_laundry_trim-col
01:44:43 | INFO: Blender create Mesh node F01_OWN_SHOP_MODEL_LAUNDRY_retail_shop_model_laundry_wainscot-col
01:44:43 | INFO: Blender create Mesh node F01_OWN_SHOP_MODEL_LAUNDRY_retail_shop_model_laundry_wood_dark-col
01:44:43 | INFO: Blender create Mesh node F01_OWN_SHOP_MODEL_LAUNDRY_retail_shop_model_laundry_zinc_liner-col
01:44:43 | INFO: Blender create Mesh node F01_OWN_SHOP_MODEL_LAUNDRY_wear_fx_scuff
01:44:43 | INFO: glTF import finished in 0.16s
01:44:43 | INFO: Data are loaded, start creating Blender stuff
01:44:43 | INFO: Blender create Mesh node F01_OWN_SHOP_NEWS_CIGARS_retail_shop_news_cigars_bakelite
01:44:43 | INFO: Blender create Mesh node F01_OWN_SHOP_NEWS_CIGARS_retail_shop_news_cigars_bakelite_black
01:44:43 | INFO: Blender create Mesh node F01_OWN_SHOP_NEWS_CIGARS_retail_shop_news_cigars_bakelite_black-col
01:44:43 | INFO: Blender create Mesh node F01_OWN_SHOP_NEWS_CIGARS_retail_shop_news_cigars_brass
01:44:43 | INFO: Blender create Mesh node F01_OWN_SHOP_NEWS_CIGARS_retail_shop_news_cigars_brass_bright-col
01:44:43 | INFO: Blender create Mesh node F01_OWN_SHOP_NEWS_CIGARS_retail_shop_news_cigars_brass_dull-col
01:44:43 | INFO: Blender create Mesh node F01_OWN_SHOP_NEWS_CIGARS_retail_shop_news_cigars_concrete-col
01:44:43 | INFO: Blender create Mesh node F01_OWN_SHOP_NEWS_CIGARS_retail_shop_news_cigars_countertop-col
01:44:43 | INFO: Blender create Mesh node F01_OWN_SHOP_NEWS_CIGARS_retail_shop_news_cigars_enamel
01:44:43 | INFO: Blender create Mesh node F01_OWN_SHOP_NEWS_CIGARS_retail_shop_news_cigars_fx_shadow
01:44:43 | INFO: Blender create Mesh node F01_OWN_SHOP_NEWS_CIGARS_retail_shop_news_cigars_glassish-col
01:44:43 | INFO: Blender create Mesh node F01_OWN_SHOP_NEWS_CIGARS_retail_shop_news_cigars_hull-colonly
01:44:43 | INFO: Blender create Mesh node F01_OWN_SHOP_NEWS_CIGARS_retail_shop_news_cigars_linoleum-col
01:44:43 | INFO: Blender create Mesh node F01_OWN_SHOP_NEWS_CIGARS_retail_shop_news_cigars_metal
01:44:43 | INFO: Blender create Mesh node F01_OWN_SHOP_NEWS_CIGARS_retail_shop_news_cigars_metal-col
01:44:43 | INFO: Blender create Mesh node F01_OWN_SHOP_NEWS_CIGARS_retail_shop_news_cigars_milk_glass
01:44:43 | INFO: Blender create Mesh node F01_OWN_SHOP_NEWS_CIGARS_retail_shop_news_cigars_paper-col
01:44:43 | INFO: Blender create Mesh node F01_OWN_SHOP_NEWS_CIGARS_retail_shop_news_cigars_plaster-col
01:44:43 | INFO: Blender create Mesh node F01_OWN_SHOP_NEWS_CIGARS_retail_shop_news_cigars_plaster_stained-col
01:44:43 | INFO: Blender create Mesh node F01_OWN_SHOP_NEWS_CIGARS_retail_shop_news_cigars_safety_orange-col
01:44:43 | INFO: Blender create Mesh node F01_OWN_SHOP_NEWS_CIGARS_retail_shop_news_cigars_screen
01:44:43 | INFO: Blender create Mesh node F01_OWN_SHOP_NEWS_CIGARS_retail_shop_news_cigars_soot-col
01:44:43 | INFO: Blender create Mesh node F01_OWN_SHOP_NEWS_CIGARS_retail_shop_news_cigars_terracotta
01:44:43 | INFO: Blender create Mesh node F01_OWN_SHOP_NEWS_CIGARS_retail_shop_news_cigars_timber-col
01:44:43 | INFO: Blender create Mesh node F01_OWN_SHOP_NEWS_CIGARS_retail_shop_news_cigars_trim-col
01:44:43 | INFO: Blender create Mesh node F01_OWN_SHOP_NEWS_CIGARS_retail_shop_news_cigars_wainscot-col
01:44:43 | INFO: Blender create Mesh node F01_OWN_SHOP_NEWS_CIGARS_retail_shop_news_cigars_wood_dark-col
01:44:43 | INFO: Blender create Mesh node F01_OWN_SHOP_NEWS_CIGARS_wear_fx_scuff
01:44:44 | INFO: glTF import finished in 0.14s
01:44:44 | INFO: Data are loaded, start creating Blender stuff
01:44:44 | INFO: Blender create Mesh node F01_OWN_SHOP_OTIS_SON_retail_shop_otis___son_awning_vinyl-col
01:44:44 | INFO: Blender create Mesh node F01_OWN_SHOP_OTIS_SON_retail_shop_otis___son_bakelite_black-col
01:44:44 | INFO: Blender create Mesh node F01_OWN_SHOP_OTIS_SON_retail_shop_otis___son_book_ochre-col
01:44:44 | INFO: Blender create Mesh node F01_OWN_SHOP_OTIS_SON_retail_shop_otis___son_book_teal-col
01:44:44 | INFO: Blender create Mesh node F01_OWN_SHOP_OTIS_SON_retail_shop_otis___son_brass_bright-col
01:44:44 | INFO: Blender create Mesh node F01_OWN_SHOP_OTIS_SON_retail_shop_otis___son_brass_dull-col
01:44:44 | INFO: Blender create Mesh node F01_OWN_SHOP_OTIS_SON_retail_shop_otis___son_bronze-col
01:44:44 | INFO: Blender create Mesh node F01_OWN_SHOP_OTIS_SON_retail_shop_otis___son_chrome-col
01:44:44 | INFO: Blender create Mesh node F01_OWN_SHOP_OTIS_SON_retail_shop_otis___son_concrete-col
01:44:44 | INFO: Blender create Mesh node F01_OWN_SHOP_OTIS_SON_retail_shop_otis___son_countertop-col
01:44:44 | INFO: Blender create Mesh node F01_OWN_SHOP_OTIS_SON_retail_shop_otis___son_fabric_green-col
01:44:44 | INFO: Blender create Mesh node F01_OWN_SHOP_OTIS_SON_retail_shop_otis___son_glassish-col
01:44:44 | INFO: Blender create Mesh node F01_OWN_SHOP_OTIS_SON_retail_shop_otis___son_lacquer_red-col
01:44:44 | INFO: Blender create Mesh node F01_OWN_SHOP_OTIS_SON_retail_shop_otis___son_limestone-col
01:44:44 | INFO: Blender create Mesh node F01_OWN_SHOP_OTIS_SON_retail_shop_otis___son_marble_lobby-col
01:44:44 | INFO: Blender create Mesh node F01_OWN_SHOP_OTIS_SON_retail_shop_otis___son_metal-col
01:44:44 | INFO: Blender create Mesh node F01_OWN_SHOP_OTIS_SON_retail_shop_otis___son_milk_glass-col
01:44:44 | INFO: Blender create Mesh node F01_OWN_SHOP_OTIS_SON_retail_shop_otis___son_oak_quartered-col
01:44:44 | INFO: Blender create Mesh node F01_OWN_SHOP_OTIS_SON_retail_shop_otis___son_paper-col
01:44:44 | INFO: Blender create Mesh node F01_OWN_SHOP_OTIS_SON_retail_shop_otis___son_plaster-col
01:44:44 | INFO: Blender create Mesh node F01_OWN_SHOP_OTIS_SON_retail_shop_otis___son_plaster_stained-col
01:44:44 | INFO: Blender create Mesh node F01_OWN_SHOP_OTIS_SON_retail_shop_otis___son_plywood-col
01:44:44 | INFO: Blender create Mesh node F01_OWN_SHOP_OTIS_SON_retail_shop_otis___son_porcelain-col
01:44:44 | INFO: Blender create Mesh node F01_OWN_SHOP_OTIS_SON_retail_shop_otis___son_terrazzo-col
01:44:44 | INFO: Blender create Mesh node F01_OWN_SHOP_OTIS_SON_retail_shop_otis___son_timber-col
01:44:44 | INFO: Blender create Mesh node F01_OWN_SHOP_OTIS_SON_retail_shop_otis___son_tin_ceiling-col
01:44:44 | INFO: Blender create Mesh node F01_OWN_SHOP_OTIS_SON_retail_shop_otis___son_trim-col
01:44:44 | INFO: Blender create Mesh node F01_OWN_SHOP_OTIS_SON_retail_shop_otis___son_vinyl_oxblood-col
01:44:44 | INFO: Blender create Mesh node F01_OWN_SHOP_OTIS_SON_retail_shop_otis___son_wainscot-col
01:44:44 | INFO: Blender create Mesh node F01_OWN_SHOP_OTIS_SON_retail_shop_otis___son_wood_dark-col
01:44:44 | INFO: Blender create Mesh node F01_OWN_SHOP_OTIS_SON_wear_fx_scuff
01:44:44 | INFO: glTF import finished in 0.17s
01:44:44 | INFO: Data are loaded, start creating Blender stuff
01:44:44 | INFO: Blender create Mesh node F01_OWN_SHOP_PAWNBROKER_retail_shop_pawnbroker_bakelite
01:44:44 | INFO: Blender create Mesh node F01_OWN_SHOP_PAWNBROKER_retail_shop_pawnbroker_bakelite_black
01:44:44 | INFO: Blender create Mesh node F01_OWN_SHOP_PAWNBROKER_retail_shop_pawnbroker_bakelite_black-col
01:44:44 | INFO: Blender create Mesh node F01_OWN_SHOP_PAWNBROKER_retail_shop_pawnbroker_brass
01:44:44 | INFO: Blender create Mesh node F01_OWN_SHOP_PAWNBROKER_retail_shop_pawnbroker_brass_bright-col
01:44:44 | INFO: Blender create Mesh node F01_OWN_SHOP_PAWNBROKER_retail_shop_pawnbroker_brass_dull-col
01:44:44 | INFO: Blender create Mesh node F01_OWN_SHOP_PAWNBROKER_retail_shop_pawnbroker_brass_mesh-col
01:44:44 | INFO: Blender create Mesh node F01_OWN_SHOP_PAWNBROKER_retail_shop_pawnbroker_bronze-col
01:44:44 | INFO: Blender create Mesh node F01_OWN_SHOP_PAWNBROKER_retail_shop_pawnbroker_cast_iron-col
01:44:44 | INFO: Blender create Mesh node F01_OWN_SHOP_PAWNBROKER_retail_shop_pawnbroker_common_brick-col
01:44:44 | INFO: Blender create Mesh node F01_OWN_SHOP_PAWNBROKER_retail_shop_pawnbroker_concrete-col
01:44:44 | INFO: Blender create Mesh node F01_OWN_SHOP_PAWNBROKER_retail_shop_pawnbroker_countertop-col
01:44:44 | INFO: Blender create Mesh node F01_OWN_SHOP_PAWNBROKER_retail_shop_pawnbroker_enamel
01:44:44 | INFO: Blender create Mesh node F01_OWN_SHOP_PAWNBROKER_retail_shop_pawnbroker_enamel-col
01:44:44 | INFO: Blender create Mesh node F01_OWN_SHOP_PAWNBROKER_retail_shop_pawnbroker_fabric_cool
01:44:44 | INFO: Blender create Mesh node F01_OWN_SHOP_PAWNBROKER_retail_shop_pawnbroker_fabric_warm-col
01:44:44 | INFO: Blender create Mesh node F01_OWN_SHOP_PAWNBROKER_retail_shop_pawnbroker_floor_oak-col
01:44:44 | INFO: Blender create Mesh node F01_OWN_SHOP_PAWNBROKER_retail_shop_pawnbroker_fx_shadow
01:44:44 | INFO: Blender create Mesh node F01_OWN_SHOP_PAWNBROKER_retail_shop_pawnbroker_glassish-col
01:44:44 | INFO: Blender create Mesh node F01_OWN_SHOP_PAWNBROKER_retail_shop_pawnbroker_hull-colonly
01:44:44 | INFO: Blender create Mesh node F01_OWN_SHOP_PAWNBROKER_retail_shop_pawnbroker_linen-col
01:44:44 | INFO: Blender create Mesh node F01_OWN_SHOP_PAWNBROKER_retail_shop_pawnbroker_metal-col
01:44:44 | INFO: Blender create Mesh node F01_OWN_SHOP_PAWNBROKER_retail_shop_pawnbroker_milk_glass
01:44:44 | INFO: Blender create Mesh node F01_OWN_SHOP_PAWNBROKER_retail_shop_pawnbroker_paper-col
01:44:44 | INFO: Blender create Mesh node F01_OWN_SHOP_PAWNBROKER_retail_shop_pawnbroker_plaster-col
01:44:44 | INFO: Blender create Mesh node F01_OWN_SHOP_PAWNBROKER_retail_shop_pawnbroker_plaster_stained-col
01:44:44 | INFO: Blender create Mesh node F01_OWN_SHOP_PAWNBROKER_retail_shop_pawnbroker_plywood-col
01:44:44 | INFO: Blender create Mesh node F01_OWN_SHOP_PAWNBROKER_retail_shop_pawnbroker_screen
01:44:44 | INFO: Blender create Mesh node F01_OWN_SHOP_PAWNBROKER_retail_shop_pawnbroker_terracotta
01:44:44 | INFO: Blender create Mesh node F01_OWN_SHOP_PAWNBROKER_retail_shop_pawnbroker_timber-col
01:44:44 | INFO: Blender create Mesh node F01_OWN_SHOP_PAWNBROKER_retail_shop_pawnbroker_tin_ceiling-col
01:44:44 | INFO: Blender create Mesh node F01_OWN_SHOP_PAWNBROKER_retail_shop_pawnbroker_trim-col
01:44:44 | INFO: Blender create Mesh node F01_OWN_SHOP_PAWNBROKER_retail_shop_pawnbroker_wainscot-col
01:44:44 | INFO: Blender create Mesh node F01_OWN_SHOP_PAWNBROKER_retail_shop_pawnbroker_wood_dark-col
01:44:44 | INFO: Blender create Mesh node F01_OWN_SHOP_PAWNBROKER_wear_fx_scuff
01:44:44 | INFO: glTF import finished in 0.18s
01:44:44 | INFO: Data are loaded, start creating Blender stuff
01:44:44 | INFO: Blender create Mesh node F01_OWN_SHOP_PHOTO_SUPPLIES_retail_shop_photo_supplies_awning_vinyl-col
01:44:44 | INFO: Blender create Mesh node F01_OWN_SHOP_PHOTO_SUPPLIES_retail_shop_photo_supplies_bakelite
01:44:44 | INFO: Blender create Mesh node F01_OWN_SHOP_PHOTO_SUPPLIES_retail_shop_photo_supplies_bakelite_black
01:44:44 | INFO: Blender create Mesh node F01_OWN_SHOP_PHOTO_SUPPLIES_retail_shop_photo_supplies_bakelite_black-col
01:44:44 | INFO: Blender create Mesh node F01_OWN_SHOP_PHOTO_SUPPLIES_retail_shop_photo_supplies_book_ochre-col
01:44:44 | INFO: Blender create Mesh node F01_OWN_SHOP_PHOTO_SUPPLIES_retail_shop_photo_supplies_book_teal-col
01:44:44 | INFO: Blender create Mesh node F01_OWN_SHOP_PHOTO_SUPPLIES_retail_shop_photo_supplies_brass
01:44:44 | INFO: Blender create Mesh node F01_OWN_SHOP_PHOTO_SUPPLIES_retail_shop_photo_supplies_brass_bright-col
01:44:44 | INFO: Blender create Mesh node F01_OWN_SHOP_PHOTO_SUPPLIES_retail_shop_photo_supplies_brass_dull-col
01:44:44 | INFO: Blender create Mesh node F01_OWN_SHOP_PHOTO_SUPPLIES_retail_shop_photo_supplies_cast_iron-col
01:44:44 | INFO: Blender create Mesh node F01_OWN_SHOP_PHOTO_SUPPLIES_retail_shop_photo_supplies_chrome
01:44:44 | INFO: Blender create Mesh node F01_OWN_SHOP_PHOTO_SUPPLIES_retail_shop_photo_supplies_concrete-col
01:44:44 | INFO: Blender create Mesh node F01_OWN_SHOP_PHOTO_SUPPLIES_retail_shop_photo_supplies_enamel
01:44:44 | INFO: Blender create Mesh node F01_OWN_SHOP_PHOTO_SUPPLIES_retail_shop_photo_supplies_enamel-col
01:44:44 | INFO: Blender create Mesh node F01_OWN_SHOP_PHOTO_SUPPLIES_retail_shop_photo_supplies_felt_violet-col
01:44:44 | INFO: Blender create Mesh node F01_OWN_SHOP_PHOTO_SUPPLIES_retail_shop_photo_supplies_fx_shadow
01:44:44 | INFO: Blender create Mesh node F01_OWN_SHOP_PHOTO_SUPPLIES_retail_shop_photo_supplies_glassish-col
01:44:44 | INFO: Blender create Mesh node F01_OWN_SHOP_PHOTO_SUPPLIES_retail_shop_photo_supplies_hull-colonly
01:44:44 | INFO: Blender create Mesh node F01_OWN_SHOP_PHOTO_SUPPLIES_retail_shop_photo_supplies_lacquer_red-col
01:44:44 | INFO: Blender create Mesh node F01_OWN_SHOP_PHOTO_SUPPLIES_retail_shop_photo_supplies_linoleum-col
01:44:44 | INFO: Blender create Mesh node F01_OWN_SHOP_PHOTO_SUPPLIES_retail_shop_photo_supplies_metal-col
01:44:44 | INFO: Blender create Mesh node F01_OWN_SHOP_PHOTO_SUPPLIES_retail_shop_photo_supplies_milk_glass
01:44:44 | INFO: Blender create Mesh node F01_OWN_SHOP_PHOTO_SUPPLIES_retail_shop_photo_supplies_nickel_plated-col
01:44:44 | INFO: Blender create Mesh node F01_OWN_SHOP_PHOTO_SUPPLIES_retail_shop_photo_supplies_paper-col
01:44:44 | INFO: Blender create Mesh node F01_OWN_SHOP_PHOTO_SUPPLIES_retail_shop_photo_supplies_plaster-col
01:44:44 | INFO: Blender create Mesh node F01_OWN_SHOP_PHOTO_SUPPLIES_retail_shop_photo_supplies_plaster_stained-col
01:44:44 | INFO: Blender create Mesh node F01_OWN_SHOP_PHOTO_SUPPLIES_retail_shop_photo_supplies_plywood-col
01:44:44 | INFO: Blender create Mesh node F01_OWN_SHOP_PHOTO_SUPPLIES_retail_shop_photo_supplies_screen
01:44:44 | INFO: Blender create Mesh node F01_OWN_SHOP_PHOTO_SUPPLIES_retail_shop_photo_supplies_terracotta
01:44:44 | INFO: Blender create Mesh node F01_OWN_SHOP_PHOTO_SUPPLIES_retail_shop_photo_supplies_timber-col
01:44:44 | INFO: Blender create Mesh node F01_OWN_SHOP_PHOTO_SUPPLIES_retail_shop_photo_supplies_tin_ceiling-col
01:44:44 | INFO: Blender create Mesh node F01_OWN_SHOP_PHOTO_SUPPLIES_retail_shop_photo_supplies_trim-col
01:44:44 | INFO: Blender create Mesh node F01_OWN_SHOP_PHOTO_SUPPLIES_retail_shop_photo_supplies_wainscot-col
01:44:44 | INFO: Blender create Mesh node F01_OWN_SHOP_PHOTO_SUPPLIES_retail_shop_photo_supplies_wood_dark-col
01:44:44 | INFO: Blender create Mesh node F01_OWN_SHOP_PHOTO_SUPPLIES_wear_fx_scuff
01:44:44 | INFO: glTF import finished in 0.21s
01:44:44 | INFO: Data are loaded, start creating Blender stuff
01:44:44 | INFO: Blender create Mesh node F01_OWN_SHOP_RADIO_SERVICE_retail_shop_radio_service_appliance-col
01:44:44 | INFO: Blender create Mesh node F01_OWN_SHOP_RADIO_SERVICE_retail_shop_radio_service_awning_vinyl-col
01:44:44 | INFO: Blender create Mesh node F01_OWN_SHOP_RADIO_SERVICE_retail_shop_radio_service_bakelite
01:44:44 | INFO: Blender create Mesh node F01_OWN_SHOP_RADIO_SERVICE_retail_shop_radio_service_bakelite_black
01:44:44 | INFO: Blender create Mesh node F01_OWN_SHOP_RADIO_SERVICE_retail_shop_radio_service_bakelite_black-col
01:44:44 | INFO: Blender create Mesh node F01_OWN_SHOP_RADIO_SERVICE_retail_shop_radio_service_brass
01:44:44 | INFO: Blender create Mesh node F01_OWN_SHOP_RADIO_SERVICE_retail_shop_radio_service_brass_bright-col
01:44:44 | INFO: Blender create Mesh node F01_OWN_SHOP_RADIO_SERVICE_retail_shop_radio_service_brass_dull-col
01:44:44 | INFO: Blender create Mesh node F01_OWN_SHOP_RADIO_SERVICE_retail_shop_radio_service_cast_iron-col
01:44:44 | INFO: Blender create Mesh node F01_OWN_SHOP_RADIO_SERVICE_retail_shop_radio_service_chrome
01:44:44 | INFO: Blender create Mesh node F01_OWN_SHOP_RADIO_SERVICE_retail_shop_radio_service_concrete-col
01:44:44 | INFO: Blender create Mesh node F01_OWN_SHOP_RADIO_SERVICE_retail_shop_radio_service_copper_aged-col
01:44:44 | INFO: Blender create Mesh node F01_OWN_SHOP_RADIO_SERVICE_retail_shop_radio_service_countertop-col
01:44:44 | INFO: Blender create Mesh node F01_OWN_SHOP_RADIO_SERVICE_retail_shop_radio_service_enamel
01:44:44 | INFO: Blender create Mesh node F01_OWN_SHOP_RADIO_SERVICE_retail_shop_radio_service_fabric_warm-col
01:44:44 | INFO: Blender create Mesh node F01_OWN_SHOP_RADIO_SERVICE_retail_shop_radio_service_fx_shadow
01:44:44 | INFO: Blender create Mesh node F01_OWN_SHOP_RADIO_SERVICE_retail_shop_radio_service_glassish-col
01:44:44 | INFO: Blender create Mesh node F01_OWN_SHOP_RADIO_SERVICE_retail_shop_radio_service_hull-colonly
01:44:44 | INFO: Blender create Mesh node F01_OWN_SHOP_RADIO_SERVICE_retail_shop_radio_service_linoleum-col
01:44:44 | INFO: Blender create Mesh node F01_OWN_SHOP_RADIO_SERVICE_retail_shop_radio_service_metal-col
01:44:44 | INFO: Blender create Mesh node F01_OWN_SHOP_RADIO_SERVICE_retail_shop_radio_service_milk_glass
01:44:44 | INFO: Blender create Mesh node F01_OWN_SHOP_RADIO_SERVICE_retail_shop_radio_service_milk_glass-col
01:44:44 | INFO: Blender create Mesh node F01_OWN_SHOP_RADIO_SERVICE_retail_shop_radio_service_nickel_plated-col
01:44:44 | INFO: Blender create Mesh node F01_OWN_SHOP_RADIO_SERVICE_retail_shop_radio_service_paper-col
01:44:44 | INFO: Blender create Mesh node F01_OWN_SHOP_RADIO_SERVICE_retail_shop_radio_service_plaster-col
01:44:44 | INFO: Blender create Mesh node F01_OWN_SHOP_RADIO_SERVICE_retail_shop_radio_service_plaster_stained-col
01:44:44 | INFO: Blender create Mesh node F01_OWN_SHOP_RADIO_SERVICE_retail_shop_radio_service_plywood-col
01:44:44 | INFO: Blender create Mesh node F01_OWN_SHOP_RADIO_SERVICE_retail_shop_radio_service_screen
01:44:44 | INFO: Blender create Mesh node F01_OWN_SHOP_RADIO_SERVICE_retail_shop_radio_service_screen-col
01:44:44 | INFO: Blender create Mesh node F01_OWN_SHOP_RADIO_SERVICE_retail_shop_radio_service_stairwell_teal-col
01:44:44 | INFO: Blender create Mesh node F01_OWN_SHOP_RADIO_SERVICE_retail_shop_radio_service_terracotta
01:44:44 | INFO: Blender create Mesh node F01_OWN_SHOP_RADIO_SERVICE_retail_shop_radio_service_timber-col
01:44:44 | INFO: Blender create Mesh node F01_OWN_SHOP_RADIO_SERVICE_retail_shop_radio_service_trim-col
01:44:44 | INFO: Blender create Mesh node F01_OWN_SHOP_RADIO_SERVICE_retail_shop_radio_service_wainscot-col
01:44:44 | INFO: Blender create Mesh node F01_OWN_SHOP_RADIO_SERVICE_retail_shop_radio_service_wood_dark-col
01:44:44 | INFO: Blender create Mesh node F01_OWN_SHOP_RADIO_SERVICE_wear_fx_scuff
01:44:44 | INFO: glTF import finished in 0.20s
01:44:44 | INFO: Data are loaded, start creating Blender stuff
01:44:44 | INFO: Blender create Mesh node F01_OWN_SHOP_SHOE_REBUILDING_retail_shop_shoe_rebuilding_brass_bright-col
01:44:44 | INFO: Blender create Mesh node F01_OWN_SHOP_SHOE_REBUILDING_retail_shop_shoe_rebuilding_brass_dull-col
01:44:44 | INFO: Blender create Mesh node F01_OWN_SHOP_SHOE_REBUILDING_retail_shop_shoe_rebuilding_cast_iron-col
01:44:44 | INFO: Blender create Mesh node F01_OWN_SHOP_SHOE_REBUILDING_retail_shop_shoe_rebuilding_concrete-col
01:44:44 | INFO: Blender create Mesh node F01_OWN_SHOP_SHOE_REBUILDING_retail_shop_shoe_rebuilding_countertop-col
01:44:44 | INFO: Blender create Mesh node F01_OWN_SHOP_SHOE_REBUILDING_retail_shop_shoe_rebuilding_floor_oak-col
01:44:44 | INFO: Blender create Mesh node F01_OWN_SHOP_SHOE_REBUILDING_retail_shop_shoe_rebuilding_glassish-col
01:44:44 | INFO: Blender create Mesh node F01_OWN_SHOP_SHOE_REBUILDING_retail_shop_shoe_rebuilding_lacquer_red-col
01:44:44 | INFO: Blender create Mesh node F01_OWN_SHOP_SHOE_REBUILDING_retail_shop_shoe_rebuilding_metal-col
01:44:44 | INFO: Blender create Mesh node F01_OWN_SHOP_SHOE_REBUILDING_retail_shop_shoe_rebuilding_paper-col
01:44:44 | INFO: Blender create Mesh node F01_OWN_SHOP_SHOE_REBUILDING_retail_shop_shoe_rebuilding_plaster-col
01:44:44 | INFO: Blender create Mesh node F01_OWN_SHOP_SHOE_REBUILDING_retail_shop_shoe_rebuilding_plaster_stained-col
01:44:44 | INFO: Blender create Mesh node F01_OWN_SHOP_SHOE_REBUILDING_retail_shop_shoe_rebuilding_plywood-col
01:44:44 | INFO: Blender create Mesh node F01_OWN_SHOP_SHOE_REBUILDING_retail_shop_shoe_rebuilding_rubber_aged-col
01:44:44 | INFO: Blender create Mesh node F01_OWN_SHOP_SHOE_REBUILDING_retail_shop_shoe_rebuilding_soot-col
01:44:44 | INFO: Blender create Mesh node F01_OWN_SHOP_SHOE_REBUILDING_retail_shop_shoe_rebuilding_timber-col
01:44:44 | INFO: Blender create Mesh node F01_OWN_SHOP_SHOE_REBUILDING_retail_shop_shoe_rebuilding_trim-col
01:44:44 | INFO: Blender create Mesh node F01_OWN_SHOP_SHOE_REBUILDING_retail_shop_shoe_rebuilding_vinyl_oxblood-col
01:44:44 | INFO: Blender create Mesh node F01_OWN_SHOP_SHOE_REBUILDING_retail_shop_shoe_rebuilding_wainscot-col
01:44:44 | INFO: Blender create Mesh node F01_OWN_SHOP_SHOE_REBUILDING_retail_shop_shoe_rebuilding_wood_dark-col
01:44:44 | INFO: Blender create Mesh node F01_OWN_SHOP_SHOE_REBUILDING_wear_fx_scuff
01:44:45 | INFO: glTF import finished in 0.18s
01:44:45 | INFO: Data are loaded, start creating Blender stuff
01:44:45 | INFO: Blender create Mesh node F01_OWN_STREET_furnish_brass_dull
01:44:45 | INFO: Blender create Mesh node F01_OWN_STREET_furnish_bronze
01:44:45 | INFO: Blender create Mesh node F01_OWN_STREET_furnish_cast_iron
01:44:45 | INFO: Blender create Mesh node F01_OWN_STREET_furnish_concrete
01:44:45 | INFO: Blender create Mesh node F01_OWN_STREET_furnish_fx_shadow
01:44:45 | INFO: Blender create Mesh node F01_OWN_STREET_furnish_glassish
01:44:45 | INFO: Blender create Mesh node F01_OWN_STREET_furnish_hull-colonly
01:44:45 | INFO: Blender create Mesh node F01_OWN_STREET_furnish_metal
01:44:45 | INFO: Blender create Mesh node F01_OWN_STREET_furnish_soot
01:44:45 | INFO: Blender create Mesh node F01_OWN_STREET_furnish_timber
01:44:45 | INFO: Blender create Mesh node F01_OWN_STREET_furniture_asphalt-col
01:44:45 | INFO: Blender create Mesh node F01_OWN_STREET_furniture_brass_mesh-col
01:44:45 | INFO: Blender create Mesh node F01_OWN_STREET_furniture_brick_patched-col
01:44:45 | INFO: Blender create Mesh node F01_OWN_STREET_furniture_bronze-col
01:44:45 | INFO: Blender create Mesh node F01_OWN_STREET_furniture_common_brick-col
01:44:45 | INFO: Blender create Mesh node F01_OWN_STREET_furniture_concrete-col
01:44:45 | INFO: Blender create Mesh node F01_OWN_STREET_furniture_fabric_cool-col
01:44:45 | INFO: Blender create Mesh node F01_OWN_STREET_furniture_face_brick-col
01:44:45 | INFO: Blender create Mesh node F01_OWN_STREET_furniture_glassish-col
01:44:45 | INFO: Blender create Mesh node F01_OWN_STREET_furniture_lacquer_red-col
01:44:45 | INFO: Blender create Mesh node F01_OWN_STREET_furniture_leaf_fall-col
01:44:45 | INFO: Blender create Mesh node F01_OWN_STREET_furniture_limestone-col
01:44:45 | INFO: Blender create Mesh node F01_OWN_STREET_furniture_linen-col
01:44:45 | INFO: Blender create Mesh node F01_OWN_STREET_furniture_metal-col
01:44:45 | INFO: Blender create Mesh node F01_OWN_STREET_furniture_puddle-col
01:44:45 | INFO: Blender create Mesh node F01_OWN_STREET_furniture_sidewalk_grout-col
01:44:45 | INFO: Blender create Mesh node F01_OWN_STREET_furniture_sidewalk_haunted
01:44:45 | INFO: Blender create Mesh node F01_OWN_STREET_furniture_sidewalk_kerb-col
01:44:45 | INFO: Blender create Mesh node F01_OWN_STREET_furniture_soot-col
01:44:45 | INFO: Blender create Mesh node F01_OWN_STREET_furniture_timber-col
01:44:45 | INFO: Blender create Mesh node F01_OWN_STREET_furniture_wet_asphalt-col
01:44:45 | INFO: Blender create Mesh node F01_OWN_STREET_retail_passage_proxy_common_brick-col
01:44:45 | INFO: Blender create Mesh node F01_OWN_STREET_retail_passage_proxy_gateway_cast_iron
01:44:45 | INFO: Blender create Mesh node F01_OWN_STREET_retail_passage_proxy_gateway_cast_iron-col
01:44:45 | INFO: Blender create Mesh node F01_OWN_STREET_retail_passage_proxy_gateway_common_brick-col
01:44:45 | INFO: Blender create Mesh node F01_OWN_STREET_retail_passage_proxy_gateway_face_brick-col
01:44:45 | INFO: Blender create Mesh node F01_OWN_STREET_retail_passage_proxy_gateway_glassish-col
01:44:45 | INFO: Blender create Mesh node F01_OWN_STREET_retail_passage_proxy_gateway_limestone-col
01:44:45 | INFO: Blender create Mesh node F01_OWN_STREET_retail_passage_proxy_gateway_soot-col
01:44:45 | INFO: Blender create Mesh node F01_OWN_STREET_retail_passage_proxy_gateway_subway_tile-col
01:44:45 | INFO: Blender create Mesh node F01_OWN_STREET_retail_passage_proxy_glassish-col
01:44:45 | INFO: Blender create Mesh node F01_OWN_STREET_retail_passage_proxy_limestone-col
01:44:45 | INFO: Blender create Mesh node F01_OWN_STREET_retail_passage_proxy_metal-col
01:44:45 | INFO: Blender create Mesh node F01_OWN_STREET_retail_site_metal-col
01:44:45 | INFO: Blender create Mesh node F01_OWN_STREET_retail_site_plywood-col
01:44:45 | INFO: Blender create Mesh node F01_OWN_STREET_retail_site_road_paint-col
01:44:45 | INFO: Blender create Mesh node F01_OWN_STREET_retail_site_soot-col
01:44:45 | INFO: Blender create Mesh node F01_OWN_STREET_transit_shelter_cast_iron-col
01:44:45 | INFO: Blender create Mesh node F01_OWN_STREET_transit_shelter_glassish-col
01:44:45 | INFO: Blender create Mesh node F01_OWN_STREET_transit_shelter_timber-col
01:44:45 | INFO: Blender create Mesh node F01_OWN_STREET_transit_shelter_zinc_liner-col
01:44:45 | INFO: glTF import finished in 0.45s
01:44:45 | INFO: Data are loaded, start creating Blender stuff
01:44:45 | INFO: Blender create Mesh node F01_OWN_STREET_retail_passage_proxy_common_brick-col
01:44:45 | INFO: Blender create Mesh node F01_OWN_STREET_retail_passage_proxy_gateway_cast_iron
01:44:45 | INFO: Blender create Mesh node F01_OWN_STREET_retail_passage_proxy_gateway_cast_iron-col
01:44:45 | INFO: Blender create Mesh node F01_OWN_STREET_retail_passage_proxy_gateway_common_brick-col
01:44:45 | INFO: Blender create Mesh node F01_OWN_STREET_retail_passage_proxy_gateway_face_brick-col
01:44:45 | INFO: Blender create Mesh node F01_OWN_STREET_retail_passage_proxy_gateway_glassish-col
01:44:45 | INFO: Blender create Mesh node F01_OWN_STREET_retail_passage_proxy_gateway_limestone-col
01:44:45 | INFO: Blender create Mesh node F01_OWN_STREET_retail_passage_proxy_gateway_soot-col
01:44:45 | INFO: Blender create Mesh node F01_OWN_STREET_retail_passage_proxy_gateway_subway_tile-col
01:44:45 | INFO: Blender create Mesh node F01_OWN_STREET_retail_passage_proxy_glassish-col
01:44:45 | INFO: Blender create Mesh node F01_OWN_STREET_retail_passage_proxy_limestone-col
01:44:45 | INFO: Blender create Mesh node F01_OWN_STREET_retail_passage_proxy_metal-col
01:44:45 | INFO: glTF import finished in 0.12s
FIXED LIGHTING CITY CONTEXT: 66 actors; 132 actual exported surface bearings
{"completed_stages": 4, "elapsed_s": 30.342}
Blender 5.2.0 LTS (hash fbe6228777e7 built 2026-07-14 01:35:40)

Blender quit
