ERROR: original emission frame and photometric settings retained
   at: push_error (core/variant/variant_utility.cpp:1023)
   GDScript backtrace (most recent call first):
       [0] check (res://tests/orison_v2_floor_surface_test.gd:5)
       [1] check (res://tests/orison_v2_ventilation_throat_test.gd:9)
       [2] validate_in_world (res://tests/orison_v2_fixed_lighting_test.gd:24)
       [3] _run (res://tests/orison_v2_fabrication_batch.gd:104)
ERROR: original emission frame and photometric settings retained
   at: push_error (core/variant/variant_utility.cpp:1023)
   GDScript backtrace (most recent call first):
       [0] check (res://tests/orison_v2_floor_surface_test.gd:5)
       [1] check (res://tests/orison_v2_ventilation_throat_test.gd:9)
       [2] validate_in_world (res://tests/orison_v2_fixed_lighting_test.gd:24)
       [3] _run (res://tests/orison_v2_fabrication_batch.gd:104)
ERROR: original emission frame and photometric settings retained
   at: push_error (core/variant/variant_utility.cpp:1023)
   GDScript backtrace (most recent call first):
       [0] check (res://tests/orison_v2_floor_surface_test.gd:5)
       [1] check (res://tests/orison_v2_ventilation_throat_test.gd:9)
       [2] validate_in_world (res://tests/orison_v2_fixed_lighting_test.gd:24)
       [3] _run (res://tests/orison_v2_fabrication_batch.gd:104)
ERROR: original emission frame and photometric settings retained
   at: push_error (core/variant/variant_utility.cpp:1023)
   GDScript backtrace (most recent call first):
       [0] check (res://tests/orison_v2_floor_surface_test.gd:5)
       [1] check (res://tests/orison_v2_ventilation_throat_test.gd:9)
       [2] validate_in_world (res://tests/orison_v2_fixed_lighting_test.gd:24)
       [3] _run (res://tests/orison_v2_fabrication_batch.gd:104)
ERROR: original emission frame and photometric settings retained
   at: push_error (core/variant/variant_utility.cpp:1023)
   GDScript backtrace (most recent call first):
       [0] check (res://tests/orison_v2_floor_surface_test.gd:5)
       [1] check (res://tests/orison_v2_ventilation_throat_test.gd:9)
       [2] validate_in_world (res://tests/orison_v2_fixed_lighting_test.gd:24)
       [3] _run (res://tests/orison_v2_fabrication_batch.gd:104)
ERROR: actual collision-bearing light attachment: 3B_LT_SCONCE
   at: push_error (core/variant/variant_utility.cpp:1023)
   GDScript backtrace (most recent call first):
       [0] check (res://tests/orison_v2_floor_surface_test.gd:5)
       [1] check (res://tests/orison_v2_ventilation_throat_test.gd:9)
       [2] validate_in_world (res://tests/orison_v2_fixed_lighting_test.gd:60)
       [3] _run (res://tests/orison_v2_fabrication_batch.gd:104)
ERROR: actual collision-bearing light attachment: 3B_LT_SCONCE
   at: push_error (core/variant/variant_utility.cpp:1023)
   GDScript backtrace (most recent call first):
       [0] check (res://tests/orison_v2_floor_surface_test.gd:5)
       [1] check (res://tests/orison_v2_ventilation_throat_test.gd:9)
       [2] validate_in_world (res://tests/orison_v2_fixed_lighting_test.gd:60)
       [3] _run (res://tests/orison_v2_fabrication_batch.gd:104)
ERROR: original emission frame and photometric settings retained
   at: push_error (core/variant/variant_utility.cpp:1023)
   GDScript backtrace (most recent call first):
       [0] check (res://tests/orison_v2_floor_surface_test.gd:5)
       [1] check (res://tests/orison_v2_ventilation_throat_test.gd:9)
       [2] validate_in_world (res://tests/orison_v2_fixed_lighting_test.gd:24)
       [3] _run (res://tests/orison_v2_fabrication_batch.gd:104)
ERROR: original emission frame and photometric settings retained
   at: push_error (core/variant/variant_utility.cpp:1023)
   GDScript backtrace (most recent call first):
       [0] check (res://tests/orison_v2_floor_surface_test.gd:5)
       [1] check (res://tests/orison_v2_ventilation_throat_test.gd:9)
       [2] validate_in_world (res://tests/orison_v2_fixed_lighting_test.gd:24)
       [3] _run (res://tests/orison_v2_fabrication_batch.gd:104)
ERROR: original emission frame and photometric settings retained
   at: push_error (core/variant/variant_utility.cpp:1023)
   GDScript backtrace (most recent call first):
       [0] check (res://tests/orison_v2_floor_surface_test.gd:5)
       [1] check (res://tests/orison_v2_ventilation_throat_test.gd:9)
       [2] validate_in_world (res://tests/orison_v2_fixed_lighting_test.gd:24)
       [3] _run (res://tests/orison_v2_fabrication_batch.gd:104)
ERROR: original emission frame and photometric settings retained
   at: push_error (core/variant/variant_utility.cpp:1023)
   GDScript backtrace (most recent call first):
       [0] check (res://tests/orison_v2_floor_surface_test.gd:5)
       [1] check (res://tests/orison_v2_ventilation_throat_test.gd:9)
       [2] validate_in_world (res://tests/orison_v2_fixed_lighting_test.gd:24)
       [3] _run (res://tests/orison_v2_fabrication_batch.gd:104)
ERROR: original emission frame and photometric settings retained
   at: push_error (core/variant/variant_utility.cpp:1023)
   GDScript backtrace (most recent call first):
       [0] check (res://tests/orison_v2_floor_surface_test.gd:5)
       [1] check (res://tests/orison_v2_ventilation_throat_test.gd:9)
       [2] validate_in_world (res://tests/orison_v2_fixed_lighting_test.gd:24)
       [3] _run (res://tests/orison_v2_fabrication_batch.gd:104)
ERROR: original emission frame and photometric settings retained
   at: push_error (core/variant/variant_utility.cpp:1023)
   GDScript backtrace (most recent call first):
       [0] check (res://tests/orison_v2_floor_surface_test.gd:5)
       [1] check (res://tests/orison_v2_ventilation_throat_test.gd:9)
       [2] validate_in_world (res://tests/orison_v2_fixed_lighting_test.gd:24)
       [3] _run (res://tests/orison_v2_fabrication_batch.gd:104)
ERROR: original emission frame and photometric settings retained
   at: push_error (core/variant/variant_utility.cpp:1023)
   GDScript backtrace (most recent call first):
       [0] check (res://tests/orison_v2_floor_surface_test.gd:5)
       [1] check (res://tests/orison_v2_ventilation_throat_test.gd:9)
       [2] validate_in_world (res://tests/orison_v2_fixed_lighting_test.gd:24)
       [3] _run (res://tests/orison_v2_fabrication_batch.gd:104)
ERROR: original emission frame and photometric settings retained
   at: push_error (core/variant/variant_utility.cpp:1023)
   GDScript backtrace (most recent call first):
       [0] check (res://tests/orison_v2_floor_surface_test.gd:5)
       [1] check (res://tests/orison_v2_ventilation_throat_test.gd:9)
       [2] validate_in_world (res://tests/orison_v2_fixed_lighting_test.gd:24)
       [3] _run (res://tests/orison_v2_fabrication_batch.gd:104)
ERROR: original emission frame and photometric settings retained
   at: push_error (core/variant/variant_utility.cpp:1023)
   GDScript backtrace (most recent call first):
       [0] check (res://tests/orison_v2_floor_surface_test.gd:5)
       [1] check (res://tests/orison_v2_ventilation_throat_test.gd:9)
       [2] validate_in_world (res://tests/orison_v2_fixed_lighting_test.gd:24)
       [3] _run (res://tests/orison_v2_fabrication_batch.gd:104)
ERROR: original emission frame and photometric settings retained
   at: push_error (core/variant/variant_utility.cpp:1023)
   GDScript backtrace (most recent call first):
       [0] check (res://tests/orison_v2_floor_surface_test.gd:5)
       [1] check (res://tests/orison_v2_ventilation_throat_test.gd:9)
       [2] validate_in_world (res://tests/orison_v2_fixed_lighting_test.gd:24)
       [3] _run (res://tests/orison_v2_fabrication_batch.gd:104)
ERROR: original emission frame and photometric settings retained
   at: push_error (core/variant/variant_utility.cpp:1023)
   GDScript backtrace (most recent call first):
       [0] check (res://tests/orison_v2_floor_surface_test.gd:5)
       [1] check (res://tests/orison_v2_ventilation_throat_test.gd:9)
       [2] validate_in_world (res://tests/orison_v2_fixed_lighting_test.gd:24)
       [3] _run (res://tests/orison_v2_fabrication_batch.gd:104)
ERROR: original emission frame and photometric settings retained
   at: push_error (core/variant/variant_utility.cpp:1023)
   GDScript backtrace (most recent call first):
       [0] check (res://tests/orison_v2_floor_surface_test.gd:5)
       [1] check (res://tests/orison_v2_ventilation_throat_test.gd:9)
       [2] validate_in_world (res://tests/orison_v2_fixed_lighting_test.gd:24)
       [3] _run (res://tests/orison_v2_fabrication_batch.gd:104)
ERROR: original emission frame and photometric settings retained
   at: push_error (core/variant/variant_utility.cpp:1023)
   GDScript backtrace (most recent call first):
       [0] check (res://tests/orison_v2_floor_surface_test.gd:5)
       [1] check (res://tests/orison_v2_ventilation_throat_test.gd:9)
       [2] validate_in_world (res://tests/orison_v2_fixed_lighting_test.gd:24)
       [3] _run (res://tests/orison_v2_fabrication_batch.gd:104)
ERROR: original emission frame and photometric settings retained
   at: push_error (core/variant/variant_utility.cpp:1023)
   GDScript backtrace (most recent call first):
       [0] check (res://tests/orison_v2_floor_surface_test.gd:5)
       [1] check (res://tests/orison_v2_ventilation_throat_test.gd:9)
       [2] validate_in_world (res://tests/orison_v2_fixed_lighting_test.gd:24)
       [3] _run (res://tests/orison_v2_fabrication_batch.gd:104)
ERROR: original emission frame and photometric settings retained
   at: push_error (core/variant/variant_utility.cpp:1023)
   GDScript backtrace (most recent call first):
       [0] check (res://tests/orison_v2_floor_surface_test.gd:5)
       [1] check (res://tests/orison_v2_ventilation_throat_test.gd:9)
       [2] validate_in_world (res://tests/orison_v2_fixed_lighting_test.gd:24)
       [3] _run (res://tests/orison_v2_fabrication_batch.gd:104)
ERROR: original emission frame and photometric settings retained
   at: push_error (core/variant/variant_utility.cpp:1023)
   GDScript backtrace (most recent call first):
       [0] check (res://tests/orison_v2_floor_surface_test.gd:5)
       [1] check (res://tests/orison_v2_ventilation_throat_test.gd:9)
       [2] validate_in_world (res://tests/orison_v2_fixed_lighting_test.gd:24)
       [3] _run (res://tests/orison_v2_fabrication_batch.gd:104)
ERROR: original emission frame and photometric settings retained
   at: push_error (core/variant/variant_utility.cpp:1023)
   GDScript backtrace (most recent call first):
       [0] check (res://tests/orison_v2_floor_surface_test.gd:5)
       [1] check (res://tests/orison_v2_ventilation_throat_test.gd:9)
       [2] validate_in_world (res://tests/orison_v2_fixed_lighting_test.gd:24)
       [3] _run (res://tests/orison_v2_fabrication_batch.gd:104)
ERROR: original emission frame and photometric settings retained
   at: push_error (core/variant/variant_utility.cpp:1023)
   GDScript backtrace (most recent call first):
       [0] check (res://tests/orison_v2_floor_surface_test.gd:5)
       [1] check (res://tests/orison_v2_ventilation_throat_test.gd:9)
       [2] validate_in_world (res://tests/orison_v2_fixed_lighting_test.gd:24)
       [3] _run (res://tests/orison_v2_fabrication_batch.gd:104)
ERROR: original emission frame and photometric settings retained
   at: push_error (core/variant/variant_utility.cpp:1023)
   GDScript backtrace (most recent call first):
       [0] check (res://tests/orison_v2_floor_surface_test.gd:5)
       [1] check (res://tests/orison_v2_ventilation_throat_test.gd:9)
       [2] validate_in_world (res://tests/orison_v2_fixed_lighting_test.gd:24)
       [3] _run (res://tests/orison_v2_fabrication_batch.gd:104)
ERROR: original emission frame and photometric settings retained
   at: push_error (core/variant/variant_utility.cpp:1023)
   GDScript backtrace (most recent call first):
       [0] check (res://tests/orison_v2_floor_surface_test.gd:5)
       [1] check (res://tests/orison_v2_ventilation_throat_test.gd:9)
       [2] validate_in_world (res://tests/orison_v2_fixed_lighting_test.gd:24)
       [3] _run (res://tests/orison_v2_fabrication_batch.gd:104)
ERROR: original emission frame and photometric settings retained
   at: push_error (core/variant/variant_utility.cpp:1023)
   GDScript backtrace (most recent call first):
       [0] check (res://tests/orison_v2_floor_surface_test.gd:5)
       [1] check (res://tests/orison_v2_ventilation_throat_test.gd:9)
       [2] validate_in_world (res://tests/orison_v2_fixed_lighting_test.gd:24)
       [3] _run (res://tests/orison_v2_fabrication_batch.gd:104)
ERROR: original emission frame and photometric settings retained
   at: push_error (core/variant/variant_utility.cpp:1023)
   GDScript backtrace (most recent call first):
       [0] check (res://tests/orison_v2_floor_surface_test.gd:5)
       [1] check (res://tests/orison_v2_ventilation_throat_test.gd:9)
       [2] validate_in_world (res://tests/orison_v2_fixed_lighting_test.gd:24)
       [3] _run (res://tests/orison_v2_fabrication_batch.gd:104)
ERROR: original emission frame and photometric settings retained
   at: push_error (core/variant/variant_utility.cpp:1023)
   GDScript backtrace (most recent call first):
       [0] check (res://tests/orison_v2_floor_surface_test.gd:5)
       [1] check (res://tests/orison_v2_ventilation_throat_test.gd:9)
       [2] validate_in_world (res://tests/orison_v2_fixed_lighting_test.gd:24)
       [3] _run (res://tests/orison_v2_fabrication_batch.gd:104)
ERROR: original emission frame and photometric settings retained
   at: push_error (core/variant/variant_utility.cpp:1023)
   GDScript backtrace (most recent call first):
       [0] check (res://tests/orison_v2_floor_surface_test.gd:5)
       [1] check (res://tests/orison_v2_ventilation_throat_test.gd:9)
       [2] validate_in_world (res://tests/orison_v2_fixed_lighting_test.gd:24)
       [3] _run (res://tests/orison_v2_fabrication_batch.gd:104)
ERROR: original emission frame and photometric settings retained
   at: push_error (core/variant/variant_utility.cpp:1023)
   GDScript backtrace (most recent call first):
       [0] check (res://tests/orison_v2_floor_surface_test.gd:5)
       [1] check (res://tests/orison_v2_ventilation_throat_test.gd:9)
       [2] validate_in_world (res://tests/orison_v2_fixed_lighting_test.gd:24)
       [3] _run (res://tests/orison_v2_fabrication_batch.gd:104)
ERROR: original emission frame and photometric settings retained
   at: push_error (core/variant/variant_utility.cpp:1023)
   GDScript backtrace (most recent call first):
       [0] check (res://tests/orison_v2_floor_surface_test.gd:5)
       [1] check (res://tests/orison_v2_ventilation_throat_test.gd:9)
       [2] validate_in_world (res://tests/orison_v2_fixed_lighting_test.gd:24)
       [3] _run (res://tests/orison_v2_fabrication_batch.gd:104)
ERROR: original emission frame and photometric settings retained
   at: push_error (core/variant/variant_utility.cpp:1023)
   GDScript backtrace (most recent call first):
       [0] check (res://tests/orison_v2_floor_surface_test.gd:5)
       [1] check (res://tests/orison_v2_ventilation_throat_test.gd:9)
       [2] validate_in_world (res://tests/orison_v2_fixed_lighting_test.gd:24)
       [3] _run (res://tests/orison_v2_fabrication_batch.gd:104)
ERROR: original emission frame and photometric settings retained
   at: push_error (core/variant/variant_utility.cpp:1023)
   GDScript backtrace (most recent call first):
       [0] check (res://tests/orison_v2_floor_surface_test.gd:5)
       [1] check (res://tests/orison_v2_ventilation_throat_test.gd:9)
       [2] validate_in_world (res://tests/orison_v2_fixed_lighting_test.gd:24)
       [3] _run (res://tests/orison_v2_fabrication_batch.gd:104)
ERROR: original emission frame and photometric settings retained
   at: push_error (core/variant/variant_utility.cpp:1023)
   GDScript backtrace (most recent call first):
       [0] check (res://tests/orison_v2_floor_surface_test.gd:5)
       [1] check (res://tests/orison_v2_ventilation_throat_test.gd:9)
       [2] validate_in_world (res://tests/orison_v2_fixed_lighting_test.gd:24)
       [3] _run (res://tests/orison_v2_fabrication_batch.gd:104)
ERROR: original emission frame and photometric settings retained
   at: push_error (core/variant/variant_utility.cpp:1023)
   GDScript backtrace (most recent call first):
       [0] check (res://tests/orison_v2_floor_surface_test.gd:5)
       [1] check (res://tests/orison_v2_ventilation_throat_test.gd:9)
       [2] validate_in_world (res://tests/orison_v2_fixed_lighting_test.gd:24)
       [3] _run (res://tests/orison_v2_fabrication_batch.gd:104)
ERROR: original emission frame and photometric settings retained
   at: push_error (core/variant/variant_utility.cpp:1023)
   GDScript backtrace (most recent call first):
       [0] check (res://tests/orison_v2_floor_surface_test.gd:5)
       [1] check (res://tests/orison_v2_ventilation_throat_test.gd:9)
       [2] validate_in_world (res://tests/orison_v2_fixed_lighting_test.gd:24)
       [3] _run (res://tests/orison_v2_fabrication_batch.gd:104)
ERROR: actual collision-bearing light attachment: F01_BAR_LT_WELL
   at: push_error (core/variant/variant_utility.cpp:1023)
   GDScript backtrace (most recent call first):
       [0] check (res://tests/orison_v2_floor_surface_test.gd:5)
       [1] check (res://tests/orison_v2_ventilation_throat_test.gd:9)
       [2] validate_in_world (res://tests/orison_v2_fixed_lighting_test.gd:60)
       [3] _run (res://tests/orison_v2_fabrication_batch.gd:104)
ERROR: actual collision-bearing light attachment: F01_BAR_LT_WELL
   at: push_error (core/variant/variant_utility.cpp:1023)
   GDScript backtrace (most recent call first):
       [0] check (res://tests/orison_v2_floor_surface_test.gd:5)
       [1] check (res://tests/orison_v2_ventilation_throat_test.gd:9)
       [2] validate_in_world (res://tests/orison_v2_fixed_lighting_test.gd:60)
       [3] _run (res://tests/orison_v2_fabrication_batch.gd:104)
ERROR: actual collision-bearing light attachment: SITE_SHOP_LT_MODEL_LAUNDRY
   at: push_error (core/variant/variant_utility.cpp:1023)
   GDScript backtrace (most recent call first):
       [0] check (res://tests/orison_v2_floor_surface_test.gd:5)
       [1] check (res://tests/orison_v2_ventilation_throat_test.gd:9)
       [2] validate_in_world (res://tests/orison_v2_fixed_lighting_test.gd:60)
       [3] _run (res://tests/orison_v2_fabrication_batch.gd:104)
ERROR: actual collision-bearing light attachment: SITE_SHOP_LT_MODEL_LAUNDRY
   at: push_error (core/variant/variant_utility.cpp:1023)
   GDScript backtrace (most recent call first):
       [0] check (res://tests/orison_v2_floor_surface_test.gd:5)
       [1] check (res://tests/orison_v2_ventilation_throat_test.gd:9)
       [2] validate_in_world (res://tests/orison_v2_fixed_lighting_test.gd:60)
       [3] _run (res://tests/orison_v2_fabrication_batch.gd:104)
ERROR: actual collision-bearing light attachment: SITE_SHOP_LT_SHOE_REBUILDING
   at: push_error (core/variant/variant_utility.cpp:1023)
   GDScript backtrace (most recent call first):
       [0] check (res://tests/orison_v2_floor_surface_test.gd:5)
       [1] check (res://tests/orison_v2_ventilation_throat_test.gd:9)
       [2] validate_in_world (res://tests/orison_v2_fixed_lighting_test.gd:60)
       [3] _run (res://tests/orison_v2_fabrication_batch.gd:104)
ERROR: actual collision-bearing light attachment: SITE_SHOP_LT_SHOE_REBUILDING
   at: push_error (core/variant/variant_utility.cpp:1023)
   GDScript backtrace (most recent call first):
       [0] check (res://tests/orison_v2_floor_surface_test.gd:5)
       [1] check (res://tests/orison_v2_ventilation_throat_test.gd:9)
       [2] validate_in_world (res://tests/orison_v2_fixed_lighting_test.gd:60)
       [3] _run (res://tests/orison_v2_fabrication_batch.gd:104)
ERROR: actual collision-bearing light attachment: SITE_SHOP_LT_KEYS_CUT
   at: push_error (core/variant/variant_utility.cpp:1023)
   GDScript backtrace (most recent call first):
       [0] check (res://tests/orison_v2_floor_surface_test.gd:5)
       [1] check (res://tests/orison_v2_ventilation_throat_test.gd:9)
       [2] validate_in_world (res://tests/orison_v2_fixed_lighting_test.gd:60)
       [3] _run (res://tests/orison_v2_fabrication_batch.gd:104)
ERROR: actual collision-bearing light attachment: SITE_SHOP_LT_KEYS_CUT
   at: push_error (core/variant/variant_utility.cpp:1023)
   GDScript backtrace (most recent call first):
       [0] check (res://tests/orison_v2_floor_surface_test.gd:5)
       [1] check (res://tests/orison_v2_ventilation_throat_test.gd:9)
       [2] validate_in_world (res://tests/orison_v2_fixed_lighting_test.gd:60)
       [3] _run (res://tests/orison_v2_fabrication_batch.gd:104)
ERROR: actual collision-bearing light attachment: SITE_SHOP_LT_HARDWARE_PAINT
   at: push_error (core/variant/variant_utility.cpp:1023)
   GDScript backtrace (most recent call first):
       [0] check (res://tests/orison_v2_floor_surface_test.gd:5)
       [1] check (res://tests/orison_v2_ventilation_throat_test.gd:9)
       [2] validate_in_world (res://tests/orison_v2_fixed_lighting_test.gd:60)
       [3] _run (res://tests/orison_v2_fabrication_batch.gd:104)
ERROR: actual collision-bearing light attachment: SITE_SHOP_LT_HARDWARE_PAINT
   at: push_error (core/variant/variant_utility.cpp:1023)
   GDScript backtrace (most recent call first):
       [0] check (res://tests/orison_v2_floor_surface_test.gd:5)
       [1] check (res://tests/orison_v2_ventilation_throat_test.gd:9)
       [2] validate_in_world (res://tests/orison_v2_fixed_lighting_test.gd:60)
       [3] _run (res://tests/orison_v2_fabrication_batch.gd:104)
ERROR: actual collision-bearing light attachment: SITE_SHOP_LT_FUNERAL_PARLOUR
   at: push_error (core/variant/variant_utility.cpp:1023)
   GDScript backtrace (most recent call first):
       [0] check (res://tests/orison_v2_floor_surface_test.gd:5)
       [1] check (res://tests/orison_v2_ventilation_throat_test.gd:9)
       [2] validate_in_world (res://tests/orison_v2_fixed_lighting_test.gd:60)
       [3] _run (res://tests/orison_v2_fabrication_batch.gd:104)
ERROR: actual collision-bearing light attachment: SITE_SHOP_LT_FUNERAL_PARLOUR
   at: push_error (core/variant/variant_utility.cpp:1023)
   GDScript backtrace (most recent call first):
       [0] check (res://tests/orison_v2_floor_surface_test.gd:5)
       [1] check (res://tests/orison_v2_ventilation_throat_test.gd:9)
       [2] validate_in_world (res://tests/orison_v2_fixed_lighting_test.gd:60)
       [3] _run (res://tests/orison_v2_fabrication_batch.gd:104)
ERROR: actual collision-bearing light attachment: SITE_SHOP_LT_PHOTO_SUPPLIES
   at: push_error (core/variant/variant_utility.cpp:1023)
   GDScript backtrace (most recent call first):
       [0] check (res://tests/orison_v2_floor_surface_test.gd:5)
       [1] check (res://tests/orison_v2_ventilation_throat_test.gd:9)
       [2] validate_in_world (res://tests/orison_v2_fixed_lighting_test.gd:60)
       [3] _run (res://tests/orison_v2_fabrication_batch.gd:104)
ERROR: actual collision-bearing light attachment: SITE_SHOP_LT_PHOTO_SUPPLIES
   at: push_error (core/variant/variant_utility.cpp:1023)
   GDScript backtrace (most recent call first):
       [0] check (res://tests/orison_v2_floor_surface_test.gd:5)
       [1] check (res://tests/orison_v2_ventilation_throat_test.gd:9)
       [2] validate_in_world (res://tests/orison_v2_fixed_lighting_test.gd:60)
       [3] _run (res://tests/orison_v2_fabrication_batch.gd:104)
ERROR: actual collision-bearing light attachment: SITE_SHOP_LT_RADIO_SERVICE
   at: push_error (core/variant/variant_utility.cpp:1023)
   GDScript backtrace (most recent call first):
       [0] check (res://tests/orison_v2_floor_surface_test.gd:5)
       [1] check (res://tests/orison_v2_ventilation_throat_test.gd:9)
       [2] validate_in_world (res://tests/orison_v2_fixed_lighting_test.gd:60)
       [3] _run (res://tests/orison_v2_fabrication_batch.gd:104)
ERROR: actual collision-bearing light attachment: SITE_SHOP_LT_RADIO_SERVICE
   at: push_error (core/variant/variant_utility.cpp:1023)
   GDScript backtrace (most recent call first):
       [0] check (res://tests/orison_v2_floor_surface_test.gd:5)
       [1] check (res://tests/orison_v2_ventilation_throat_test.gd:9)
       [2] validate_in_world (res://tests/orison_v2_fixed_lighting_test.gd:60)
       [3] _run (res://tests/orison_v2_fabrication_batch.gd:104)
ERROR: actual collision-bearing light attachment: SITE_SHOP_LT_PAWNBROKER
   at: push_error (core/variant/variant_utility.cpp:1023)
   GDScript backtrace (most recent call first):
       [0] check (res://tests/orison_v2_floor_surface_test.gd:5)
       [1] check (res://tests/orison_v2_ventilation_throat_test.gd:9)
       [2] validate_in_world (res://tests/orison_v2_fixed_lighting_test.gd:60)
       [3] _run (res://tests/orison_v2_fabrication_batch.gd:104)
ERROR: actual collision-bearing light attachment: SITE_SHOP_LT_PAWNBROKER
   at: push_error (core/variant/variant_utility.cpp:1023)
   GDScript backtrace (most recent call first):
       [0] check (res://tests/orison_v2_floor_surface_test.gd:5)
       [1] check (res://tests/orison_v2_ventilation_throat_test.gd:9)
       [2] validate_in_world (res://tests/orison_v2_fixed_lighting_test.gd:60)
       [3] _run (res://tests/orison_v2_fabrication_batch.gd:104)
ERROR: actual collision-bearing light attachment: SITE_SHOP_LT_NEWS_CIGARS
   at: push_error (core/variant/variant_utility.cpp:1023)
   GDScript backtrace (most recent call first):
       [0] check (res://tests/orison_v2_floor_surface_test.gd:5)
       [1] check (res://tests/orison_v2_ventilation_throat_test.gd:9)
       [2] validate_in_world (res://tests/orison_v2_fixed_lighting_test.gd:60)
       [3] _run (res://tests/orison_v2_fabrication_batch.gd:104)
ERROR: actual collision-bearing light attachment: SITE_SHOP_LT_NEWS_CIGARS
   at: push_error (core/variant/variant_utility.cpp:1023)
   GDScript backtrace (most recent call first):
       [0] check (res://tests/orison_v2_floor_surface_test.gd:5)
       [1] check (res://tests/orison_v2_ventilation_throat_test.gd:9)
       [2] validate_in_world (res://tests/orison_v2_fixed_lighting_test.gd:60)
       [3] _run (res://tests/orison_v2_fabrication_batch.gd:104)
ERROR: actual collision-bearing light attachment: SITE_SHOP_LT_OTIS___SON
   at: push_error (core/variant/variant_utility.cpp:1023)
   GDScript backtrace (most recent call first):
       [0] check (res://tests/orison_v2_floor_surface_test.gd:5)
       [1] check (res://tests/orison_v2_ventilation_throat_test.gd:9)
       [2] validate_in_world (res://tests/orison_v2_fixed_lighting_test.gd:60)
       [3] _run (res://tests/orison_v2_fabrication_batch.gd:104)
ERROR: actual collision-bearing light attachment: SITE_SHOP_LT_OTIS___SON
   at: push_error (core/variant/variant_utility.cpp:1023)
   GDScript backtrace (most recent call first):
       [0] check (res://tests/orison_v2_floor_surface_test.gd:5)
       [1] check (res://tests/orison_v2_ventilation_throat_test.gd:9)
       [2] validate_in_world (res://tests/orison_v2_fixed_lighting_test.gd:60)
       [3] _run (res://tests/orison_v2_fabrication_batch.gd:104)
ERROR: actual collision-bearing light attachment: SITE_SHOP_LT_LUNCHEONETTE
   at: push_error (core/variant/variant_utility.cpp:1023)
   GDScript backtrace (most recent call first):
       [0] check (res://tests/orison_v2_floor_surface_test.gd:5)
       [1] check (res://tests/orison_v2_ventilation_throat_test.gd:9)
       [2] validate_in_world (res://tests/orison_v2_fixed_lighting_test.gd:60)
       [3] _run (res://tests/orison_v2_fabrication_batch.gd:104)
ERROR: actual collision-bearing light attachment: SITE_SHOP_LT_LUNCHEONETTE
   at: push_error (core/variant/variant_utility.cpp:1023)
   GDScript backtrace (most recent call first):
       [0] check (res://tests/orison_v2_floor_surface_test.gd:5)
       [1] check (res://tests/orison_v2_ventilation_throat_test.gd:9)
       [2] validate_in_world (res://tests/orison_v2_fixed_lighting_test.gd:60)
       [3] _run (res://tests/orison_v2_fabrication_batch.gd:104)
ERROR: unobstructed standing view of native fixture: F01_BAR_LT_DARTS
   at: push_error (core/variant/variant_utility.cpp:1023)
   GDScript backtrace (most recent call first):
       [0] check (res://tests/orison_v2_floor_surface_test.gd:5)
       [1] check (res://tests/orison_v2_ventilation_throat_test.gd:9)
       [2] _capture_light (res://tests/orison_v2_fixed_lighting_test.gd:124)
       [3] validate_in_world (res://tests/orison_v2_fixed_lighting_test.gd:81)
       [4] _capture_light (res://tests/orison_v2_fixed_lighting_test.gd:125)
       [5] _city_capture (res://tests/orison_v2_city_sweep.gd:124)
       [6] shot (res://tests/orison_v2_floor_surface_test.gd:199)
ERROR: unobstructed standing view of native fixture: F01_BAR_LT_WELL
   at: push_error (core/variant/variant_utility.cpp:1023)
   GDScript backtrace (most recent call first):
       [0] check (res://tests/orison_v2_floor_surface_test.gd:5)
       [1] check (res://tests/orison_v2_ventilation_throat_test.gd:9)
       [2] _capture_light (res://tests/orison_v2_fixed_lighting_test.gd:124)
       [3] validate_in_world (res://tests/orison_v2_fixed_lighting_test.gd:81)
       [4] _capture_light (res://tests/orison_v2_fixed_lighting_test.gd:125)
       [5] _city_capture (res://tests/orison_v2_city_sweep.gd:124)
       [6] shot (res://tests/orison_v2_floor_surface_test.gd:199)
ERROR: unobstructed standing view of native fixture: F01_BAR_LT_STAIR
   at: push_error (core/variant/variant_utility.cpp:1023)
   GDScript backtrace (most recent call first):
       [0] check (res://tests/orison_v2_floor_surface_test.gd:5)
       [1] check (res://tests/orison_v2_ventilation_throat_test.gd:9)
       [2] _capture_light (res://tests/orison_v2_fixed_lighting_test.gd:124)
       [3] validate_in_world (res://tests/orison_v2_fixed_lighting_test.gd:81)
       [4] _capture_light (res://tests/orison_v2_fixed_lighting_test.gd:125)
       [5] _city_capture (res://tests/orison_v2_city_sweep.gd:124)
       [6] shot (res://tests/orison_v2_floor_surface_test.gd:199)
ERROR: unobstructed standing view of native fixture: F01_BAR_LT_CAN0
   at: push_error (core/variant/variant_utility.cpp:1023)
   GDScript backtrace (most recent call first):
       [0] check (res://tests/orison_v2_floor_surface_test.gd:5)
       [1] check (res://tests/orison_v2_ventilation_throat_test.gd:9)
       [2] _capture_light (res://tests/orison_v2_fixed_lighting_test.gd:124)
       [3] validate_in_world (res://tests/orison_v2_fixed_lighting_test.gd:81)
       [4] _capture_light (res://tests/orison_v2_fixed_lighting_test.gd:125)
       [5] _city_capture (res://tests/orison_v2_city_sweep.gd:124)
       [6] shot (res://tests/orison_v2_floor_surface_test.gd:199)
ERROR: unobstructed standing view of native fixture: F01_BAR_LT_POOL
   at: push_error (core/variant/variant_utility.cpp:1023)
   GDScript backtrace (most recent call first):
       [0] check (res://tests/orison_v2_floor_surface_test.gd:5)
       [1] check (res://tests/orison_v2_ventilation_throat_test.gd:9)
       [2] _capture_light (res://tests/orison_v2_fixed_lighting_test.gd:124)
       [3] validate_in_world (res://tests/orison_v2_fixed_lighting_test.gd:81)
       [4] _capture_light (res://tests/orison_v2_fixed_lighting_test.gd:125)
       [5] _city_capture (res://tests/orison_v2_city_sweep.gd:124)
       [6] shot (res://tests/orison_v2_floor_surface_test.gd:199)
ERROR: unobstructed standing view of native fixture: F01_BAR_LT_TAB0
   at: push_error (core/variant/variant_utility.cpp:1023)
   GDScript backtrace (most recent call first):
       [0] check (res://tests/orison_v2_floor_surface_test.gd:5)
       [1] check (res://tests/orison_v2_ventilation_throat_test.gd:9)
       [2] _capture_light (res://tests/orison_v2_fixed_lighting_test.gd:124)
       [3] validate_in_world (res://tests/orison_v2_fixed_lighting_test.gd:81)
       [4] _capture_light (res://tests/orison_v2_fixed_lighting_test.gd:125)
       [5] _city_capture (res://tests/orison_v2_city_sweep.gd:124)
       [6] shot (res://tests/orison_v2_floor_surface_test.gd:199)
ERROR: unobstructed standing view of native fixture: F01_BAR_LT_TAB1
   at: push_error (core/variant/variant_utility.cpp:1023)
   GDScript backtrace (most recent call first):
       [0] check (res://tests/orison_v2_floor_surface_test.gd:5)
       [1] check (res://tests/orison_v2_ventilation_throat_test.gd:9)
       [2] _capture_light (res://tests/orison_v2_fixed_lighting_test.gd:124)
       [3] validate_in_world (res://tests/orison_v2_fixed_lighting_test.gd:81)
       [4] _capture_light (res://tests/orison_v2_fixed_lighting_test.gd:125)
       [5] _city_capture (res://tests/orison_v2_city_sweep.gd:124)
       [6] shot (res://tests/orison_v2_floor_surface_test.gd:199)
ERROR: unobstructed standing view of native fixture: F01_BAR_LT_STAGE0
   at: push_error (core/variant/variant_utility.cpp:1023)
   GDScript backtrace (most recent call first):
       [0] check (res://tests/orison_v2_floor_surface_test.gd:5)
       [1] check (res://tests/orison_v2_ventilation_throat_test.gd:9)
       [2] _capture_light (res://tests/orison_v2_fixed_lighting_test.gd:124)
       [3] validate_in_world (res://tests/orison_v2_fixed_lighting_test.gd:81)
       [4] _capture_light (res://tests/orison_v2_fixed_lighting_test.gd:125)
       [5] _city_capture (res://tests/orison_v2_city_sweep.gd:124)
       [6] shot (res://tests/orison_v2_floor_surface_test.gd:199)
ERROR: unobstructed standing view of native fixture: F01_BAR_LT_DECK0
   at: push_error (core/variant/variant_utility.cpp:1023)
   GDScript backtrace (most recent call first):
       [0] check (res://tests/orison_v2_floor_surface_test.gd:5)
       [1] check (res://tests/orison_v2_ventilation_throat_test.gd:9)
       [2] _capture_light (res://tests/orison_v2_fixed_lighting_test.gd:124)
       [3] validate_in_world (res://tests/orison_v2_fixed_lighting_test.gd:81)
       [4] _capture_light (res://tests/orison_v2_fixed_lighting_test.gd:125)
       [5] _city_capture (res://tests/orison_v2_city_sweep.gd:124)
       [6] shot (res://tests/orison_v2_floor_surface_test.gd:199)
ERROR: unobstructed standing view of native fixture: F01_BAR_LT_WEST0
   at: push_error (core/variant/variant_utility.cpp:1023)
   GDScript backtrace (most recent call first):
       [0] check (res://tests/orison_v2_floor_surface_test.gd:5)
       [1] check (res://tests/orison_v2_ventilation_throat_test.gd:9)
       [2] _capture_light (res://tests/orison_v2_fixed_lighting_test.gd:124)
       [3] validate_in_world (res://tests/orison_v2_fixed_lighting_test.gd:81)
       [4] _capture_light (res://tests/orison_v2_fixed_lighting_test.gd:125)
       [5] _city_capture (res://tests/orison_v2_city_sweep.gd:124)
       [6] shot (res://tests/orison_v2_floor_surface_test.gd:199)
ERROR: unobstructed standing view of native fixture: F01_BAR_LT_WEST1
   at: push_error (core/variant/variant_utility.cpp:1023)
   GDScript backtrace (most recent call first):
       [0] check (res://tests/orison_v2_floor_surface_test.gd:5)
       [1] check (res://tests/orison_v2_ventilation_throat_test.gd:9)
       [2] _capture_light (res://tests/orison_v2_fixed_lighting_test.gd:124)
       [3] validate_in_world (res://tests/orison_v2_fixed_lighting_test.gd:81)
       [4] _capture_light (res://tests/orison_v2_fixed_lighting_test.gd:125)
       [5] _city_capture (res://tests/orison_v2_city_sweep.gd:124)
       [6] shot (res://tests/orison_v2_floor_surface_test.gd:199)
ERROR: unobstructed standing view of native fixture: F01_BAR_LT_WC
   at: push_error (core/variant/variant_utility.cpp:1023)
   GDScript backtrace (most recent call first):
       [0] check (res://tests/orison_v2_floor_surface_test.gd:5)
       [1] check (res://tests/orison_v2_ventilation_throat_test.gd:9)
       [2] _capture_light (res://tests/orison_v2_fixed_lighting_test.gd:124)
       [3] validate_in_world (res://tests/orison_v2_fixed_lighting_test.gd:81)
       [4] _capture_light (res://tests/orison_v2_fixed_lighting_test.gd:125)
       [5] _city_capture (res://tests/orison_v2_city_sweep.gd:124)
       [6] shot (res://tests/orison_v2_floor_surface_test.gd:199)
ERROR: unobstructed standing view of native fixture: F01_BAR_LT_TAB2
   at: push_error (core/variant/variant_utility.cpp:1023)
   GDScript backtrace (most recent call first):
       [0] check (res://tests/orison_v2_floor_surface_test.gd:5)
       [1] check (res://tests/orison_v2_ventilation_throat_test.gd:9)
       [2] _capture_light (res://tests/orison_v2_fixed_lighting_test.gd:124)
       [3] validate_in_world (res://tests/orison_v2_fixed_lighting_test.gd:81)
       [4] _capture_light (res://tests/orison_v2_fixed_lighting_test.gd:125)
       [5] _city_capture (res://tests/orison_v2_city_sweep.gd:124)
       [6] shot (res://tests/orison_v2_floor_surface_test.gd:199)
WARNING: 7 RIDs of type "Texture" were leaked.
   at: finalize (servers/rendering/rendering_device.cpp:8900)
