Godot Engine v4.7.1.stable.official.a13da4feb - https://godotengine.org
Vulkan 1.4.341 - Forward+ - Using Device #0: NVIDIA - NVIDIA GeForce RTX 4080

[ACOUSTIC] 550 nodes loaded
ORISON V2 BLOCKOUT: 200 spaces / 111 doors / 1104 anchors
[V2 FRONT COURT ROOF] three seated girders; retained roof slabs; mapped exterior concrete
[V2 BODEGA POWER] independent inlet; four existing fittings; 20 bearings
[SURFACE] 386 surfaces layered (258 materials)
[PASSAGE HOURS] OPEN; 10 grilles folded
[PASSAGE HOURS] 11 shopfronts, 10 close after 02:00, HARDWARE PAINT keeps night service
[PASSAGE FINISH] 6 gated draws, 3 handcarts, hours active
[V2 PASSAGE] 13 resident cells; 11 doors; 1 shared-service counters
[SURFACE] 215 surfaces layered (108 materials)
[HARUKIYA] 9 interactables placed
[ARCADE] 2 cabinet(s) from a catalog of 12: SOMETHING IN THE HALL (mystery_serial), OPERATIONS (farm_and_market)
[ARCADE] all of them are running arcade_pit
[V2 BAR] retained cell; 29 registered markers; 3 doors
[V2 FRONT FACADE] native entrance, original landmark hardware, glazed marquee and fitted blade
[SCHEDULE] director live: 18 residents on the clock
[MOVES] personal library: res://assets/characters/mina_vale/mina_vale_moves.glb
SOURCE PARAPET MATERIAL ROOF_PARAPET_EAST brick 
SOURCE PARAPET MATERIAL ROOF_PARAPET_NORTH brick 
SOURCE PARAPET MATERIAL ROOF_PARAPET_SOUTH brick 
SOURCE PARAPET MATERIAL ROOF_PARAPET_WEST brick 
[ORISON V2 RUNTIME] ready startup_ms=33744.094
[LIGHTING] 211 sources active in system; 211 full personalities; profiles steady/breathe/mains/beat/dropout=[50, 49, 36, 42, 34]
CAP MAPPING: mesh=street_paving_details_pavement_long_joint valid_basis=true max_uv_excess=0.00000047683716 widest=1.00000074505877 vertices=744 derivatives=true bad_derivatives=0 min_determinant=0.00001959941187 worst_dot=1.0
CAP MAPPING: mesh=street_paving_details_pavement_cross_joint_01 valid_basis=true max_uv_excess=0.00000005960464 widest=1.00000085150299 vertices=192 derivatives=true bad_derivatives=0 min_determinant=0.00001959941187 worst_dot=1.0
CAP MAPPING: mesh=street_paving_details_pavement_cross_joint_02 valid_basis=true max_uv_excess=0.00000005960464 widest=1.00000085150299 vertices=192 derivatives=true bad_derivatives=0 min_determinant=0.00001959941187 worst_dot=1.0
CAP MAPPING: mesh=street_paving_details_pavement_cross_joint_03 valid_basis=true max_uv_excess=0.00000005960464 widest=1.00000085150299 vertices=144 derivatives=true bad_derivatives=0 min_determinant=0.00001959941187 worst_dot=1.0
CAP MAPPING: mesh=street_paving_details_pavement_cross_joint_04 valid_basis=true max_uv_excess=0.00000005960464 widest=1.00000085150299 vertices=144 derivatives=true bad_derivatives=0 min_determinant=0.00001959941187 worst_dot=1.0
CAP MAPPING: mesh=street_paving_details_pavement_cross_joint_05 valid_basis=true max_uv_excess=0.00000005960464 widest=1.00000085150299 vertices=144 derivatives=true bad_derivatives=0 min_determinant=0.00001959941187 worst_dot=1.0
CAP MAPPING: mesh=street_paving_details_pavement_cross_joint_06 valid_basis=true max_uv_excess=0.0 widest=1.0 vertices=24 derivatives=true bad_derivatives=0 min_determinant=0.00001959941187 worst_dot=1.0
CAP MAPPING: mesh=street_paving_details_pavement_cross_joint_07 valid_basis=true max_uv_excess=0.0000001937151 widest=1.00000138195666 vertices=240 derivatives=true bad_derivatives=0 min_determinant=0.00001959941187 worst_dot=1.0
CAP MAPPING: mesh=street_paving_details_curb_coping_west valid_basis=true max_uv_excess=0.00000011920929 widest=1.00009934432744 vertices=432 derivatives=true bad_derivatives=0 min_determinant=0.00003611887443 worst_dot=1.0
CAP MAPPING: mesh=street_paving_details_curb_coping_midwest valid_basis=true max_uv_excess=0.00000011920929 widest=1.00001862648313 vertices=473 derivatives=true bad_derivatives=0 min_determinant=0.00003611169802 worst_dot=1.0
CAP MAPPING: mesh=street_paving_details_curb_coping_middle valid_basis=true max_uv_excess=0.00000004470348 widest=1.000018335439 vertices=462 derivatives=true bad_derivatives=0 min_determinant=0.00003611169802 worst_dot=0.99999994039536
CAP MAPPING: mesh=street_paving_details_curb_coping_mideast valid_basis=true max_uv_excess=0.00000004470348 widest=1.000018335439 vertices=484 derivatives=true bad_derivatives=0 min_determinant=0.00003605428674 worst_dot=0.99999994039536
CAP MAPPING: mesh=street_paving_details_curb_coping_east valid_basis=true max_uv_excess=0.00000004470348 widest=1.0000173652931 vertices=422 derivatives=true bad_derivatives=0 min_determinant=0.00003605428674 worst_dot=1.0
CAP MAPPING: mesh=street_paving_details_passage_pavement_slab_west valid_basis=true max_uv_excess=0.00000023841858 widest=1.00029815146094 vertices=5525 derivatives=true bad_derivatives=0 min_determinant=0.0000051086339 worst_dot=0.99999988079071
CAP MAPPING: mesh=street_paving_details_passage_pavement_slab_east valid_basis=true max_uv_excess=0.00000047683716 widest=1.00059594755662 vertices=4807 derivatives=true bad_derivatives=0 min_determinant=0.0000051086339 worst_dot=0.99999994039536
CAP MAPPING: mesh=street_paving_details_passage_pavement_slab_street valid_basis=true max_uv_excess=0.00000001356238 widest=1.00001695298167 vertices=391 derivatives=true bad_derivatives=0 min_determinant=0.00000511778916 worst_dot=0.99999994039536
CAP MAPPING: mesh=street_paving_details_passage_pavement_slab_arcade valid_basis=true max_uv_excess=0.00000011920929 widest=1.00001695298167 vertices=824 derivatives=true bad_derivatives=0 min_determinant=0.00000511473741 worst_dot=0.99999994039536
CAP MAPPING: mesh=street_paving_details_pavement_wet_west valid_basis=true max_uv_excess=0.00000017136335 widest=1.00004668254184 vertices=761 derivatives=true bad_derivatives=0 min_determinant=0.00002357843427 worst_dot=0.99999988079071
CAP MAPPING: mesh=street_paving_details_pavement_wet_middle valid_basis=true max_uv_excess=0.00000006705523 widest=1.00004668254184 vertices=815 derivatives=true bad_derivatives=0 min_determinant=0.00002579428087 worst_dot=0.99999988079071
CAP MAPPING: mesh=street_paving_details_pavement_wet_east valid_basis=true max_uv_excess=0.00000007450581 widest=1.00004668254184 vertices=765 derivatives=true bad_derivatives=0 min_determinant=0.00001862046705 worst_dot=0.99999988079071
[HARUKIYA] OPEN, 18 fixtures
[SURFACE] 33 surfaces layered (20 materials)
[SURFACE] 53 surfaces layered (39 materials)
[SURFACE] 90 surfaces layered (54 materials)
[SURFACE] 108 surfaces layered (68 materials)
[SURFACE] 156 surfaces layered (82 materials)
[SURFACE] 174 surfaces layered (100 materials)
[SURFACE] 212 surfaces layered (131 materials)
[SURFACE] 257 surfaces layered (160 materials)
[SURFACE] 278 surfaces layered (181 materials)
[SURFACE] 297 surfaces layered (199 materials)
[SURFACE] 338 surfaces layered (224 materials)
[SURFACE] 376 surfaces layered (251 materials)
FABRICATION BATCH: worlds=1 modules=1 module_checks=511 failures=0 elapsed_ms=71472
