Godot Engine v4.7.1.stable.official.a13da4feb - https://godotengine.org
Vulkan 1.4.341 - Forward+ - Using Device #0: NVIDIA - NVIDIA GeForce RTX 4080

[ACOUSTIC] 550 nodes loaded
OPTICAL DRIVER CHECK: fixed campaign clock = true
OPTICAL DRIVER CHECK: driver setup = true
OPTICAL DRIVER CHECK: preserved controller warms actual lamp = true
OPTICAL DRIVER CHECK: driver advances exactly the preserved state algorithm = true
OPTICAL DRIVER CHECK: reasserting switch does not reset thermal state = true
OPTICAL DRIVER CHECK: physical impact reaches existing controller = true
OPTICAL DRIVER CHECK: logical off is immediate = true
OPTICAL DRIVER CHECK: thermal tail cannot keep gameplay switch on = true
OPTICAL DRIVER CHECK: current snapshot validates = true
OPTICAL DRIVER CHECK: incomplete snapshot refused: switched_on = true
OPTICAL DRIVER CHECK: incomplete snapshot refused: seed = true
OPTICAL DRIVER CHECK: incomplete snapshot refused: filament_temperature_k = true
OPTICAL DRIVER CHECK: incomplete snapshot refused: version = true
OPTICAL DRIVER CHECK: nonfinite state refused = true
OPTICAL DRIVER CHECK: actual disk snapshot writes = true
OPTICAL SAVE DIFFERENCE reflector_alignment [0.9528010317081211,0.9528010317081212]
OPTICAL DRIVER CHECK: snapshot hook captures complete live optical state = true
OPTICAL DRIVER CHECK: JSON retains optical state within 1e-12 = true
OPTICAL DRIVER CHECK: protected save neither captures a newer state nor overwrites disk = true
OPTICAL DRIVER CHECK: unsupported optical version refused at disk admission = true
OPTICAL DRIVER CHECK: driver setup = true
OPTICAL DRIVER CHECK: disk reconstruction restores bounded state and logical switch = true
OPTICAL DRIVER CPU us median=7 p95=7 max=12
OPTICAL DRIVER CHECK: warm controller stays below 0.20 ms = true
CARRIED OPTICAL DRIVER: 22 checks; 0 failures
