Godot Engine v4.7.1.stable.official.a13da4feb - https://godotengine.org
Vulkan 1.4.341 - Forward+ - Using Device #0: NVIDIA - NVIDIA GeForce RTX 4080

[ACOUSTIC] 550 nodes loaded
  PASS  explicit v2 selection
  PASS  explicit v1 selection
  PASS  absent selector committed default is v1
  PASS  invalid selector safely resolves v1
[RENDER] forward_plus
[PASSAGE] 304 interior, 20 shell and 186 foreign F01 draws indexed
[VANTRY] 119 points, 7 floor batches, 3 static draws/floor
[HEIGHTMAP] 39 materials given parallax, 527 left flat
[SURFACE] 1003 surfaces layered (677 materials)
[BUILDING] 7 resident stories rehung off a bathroom wall
[DOMESTIC RADIO] 18 receivers across 18 occupied units; 0 unresolved
[DOOR GLOW] 107 closed doors, 9 leaking light (skipped: { "no_circulation": 86, "asleep": 12 })
[STATION] 37 clips, 6 machines (5 projectors, 1 sets), all dark
[ARCADE] 10 cabinet(s) from a catalog of 12: SOMETHING IN THE HALL (mystery_serial), OPERATIONS (farm_and_market), STEP SEQUENCE (variety_hour), NIGHT MAIL (aviation_hour), COUNTY LEAGUE (sporting_wire), THE THOUSAND (motor_racing), TOWER OF ASH (adventure_serial), OUTER RIM (night_sky), DO NOT ANSWER (mystery_serial), OVERTIME (sporting_wire)
[ARCADE] all of them are running arcade_pit
[BUILDING] 488 functional props spawned
[FURNITURE INTERACTION] 72 baked mechanisms restored
[BUILDING] exterior finish: 381 batched details, 11 decals, 8 puddles
[PASSAGE HOURS] OPEN; 10 grilles folded
[PASSAGE HOURS] 11 shopfronts, 10 close after 02:00, HARDWARE PAINT keeps night service
[PASSAGE FINISH] 6 gated draws, 3 handcarts, hours active
[MOVES] personal library: res://assets/characters/teresa_vale/teresa_vale_moves.glb
[MOVES] personal library: res://assets/characters/mina_vale/mina_vale_moves.glb
[MOVES] personal library: res://assets/characters/lena_ortiz/lena_ortiz_moves.glb
[MOVES] personal library: res://assets/characters/juno_kells/juno_kells_moves.glb
[MOVES] personal library: res://assets/characters/malcolm_reed/malcolm_reed_moves.glb
[MOVES] personal library: res://assets/characters/omar_bell/omar_bell_moves.glb
[MOVES] personal library: res://assets/characters/rhea_sato/rhea_sato_moves.glb
[MOVES] personal library: res://assets/characters/peter_wren/peter_wren_moves.glb
[MOVES] personal library: res://assets/characters/cam_ortiz/cam_ortiz_moves.glb
[MOVES] personal library: res://assets/characters/noel_price/noel_price_moves.glb
[MOVES] personal library: res://assets/characters/transient_guests/transient_guests_moves.glb
[MOVES] personal library: res://assets/characters/nadia_quell/nadia_quell_moves.glb
[MOVES] personal library: res://assets/characters/cal_dwyer/cal_dwyer_moves.glb
[MOVES] personal library: res://assets/characters/iris_bell/iris_bell_moves.glb
[MOVES] personal library: res://assets/characters/sacha_reed/sacha_reed_moves.glb
[MOVES] personal library: res://assets/characters/jonah_price/jonah_price_moves.glb
[MOVES] personal library: res://assets/characters/mae_kessler/mae_kessler_moves.glb
[BUILDING] 18 residents spawned (18 rigged, 0 sprite fallbacks)
[NAV] 4 schedule anchors installed in PASSAGE
[NAV] 540 nodes across 8 floors; 7 stair links; elevator linked; 65 wall-crossing edges rejected; 1516 safe links restored
[ROUTINES] evelyn_marsh: 48 clips
[ROUTINES] evelyn_marsh upgraded to a mesh
[MOVES] personal library: res://assets/characters/teresa_vale/teresa_vale_moves.glb
[ROUTINES] teresa_vale: 49 clips
[ROUTINES] teresa_vale upgraded to a mesh
[MOVES] personal library: res://assets/characters/mina_vale/mina_vale_moves.glb
[ROUTINES] mina_vale: 49 clips
[ROUTINES] mina_vale upgraded to a mesh
[MOVES] personal library: res://assets/characters/lena_ortiz/lena_ortiz_moves.glb
[ROUTINES] lena_ortiz: 49 clips
[ROUTINES] lena_ortiz upgraded to a mesh
[MOVES] personal library: res://assets/characters/juno_kells/juno_kells_moves.glb
[ROUTINES] juno_kells: 49 clips
[ROUTINES] juno_kells upgraded to a mesh
[MOVES] personal library: res://assets/characters/malcolm_reed/malcolm_reed_moves.glb
[ROUTINES] malcolm_reed: 49 clips
[ROUTINES] malcolm_reed upgraded to a mesh
[MOVES] personal library: res://assets/characters/omar_bell/omar_bell_moves.glb
[ROUTINES] omar_bell: 49 clips
[ROUTINES] omar_bell upgraded to a mesh
[MOVES] personal library: res://assets/characters/rhea_sato/rhea_sato_moves.glb
[ROUTINES] rhea_sato: 49 clips
[ROUTINES] rhea_sato upgraded to a mesh
[MOVES] personal library: res://assets/characters/peter_wren/peter_wren_moves.glb
[ROUTINES] peter_wren: 49 clips
[ROUTINES] peter_wren upgraded to a mesh
[MOVES] personal library: res://assets/characters/cam_ortiz/cam_ortiz_moves.glb
[ROUTINES] cam_ortiz: 49 clips
[ROUTINES] cam_ortiz upgraded to a mesh
[MOVES] personal library: res://assets/characters/noel_price/noel_price_moves.glb
[ROUTINES] noel_price: 49 clips
[ROUTINES] noel_price upgraded to a mesh
[MOVES] personal library: res://assets/characters/transient_guests/transient_guests_moves.glb
[ROUTINES] transient_guests: 49 clips
[ROUTINES] transient_guests upgraded to a mesh
[MOVES] personal library: res://assets/characters/nadia_quell/nadia_quell_moves.glb
[ROUTINES] nadia_quell: 49 clips
[ROUTINES] nadia_quell upgraded to a mesh
[MOVES] personal library: res://assets/characters/cal_dwyer/cal_dwyer_moves.glb
[ROUTINES] cal_dwyer: 49 clips
[ROUTINES] cal_dwyer upgraded to a mesh
[MOVES] personal library: res://assets/characters/iris_bell/iris_bell_moves.glb
[ROUTINES] iris_bell: 49 clips
[ROUTINES] iris_bell upgraded to a mesh
[MOVES] personal library: res://assets/characters/sacha_reed/sacha_reed_moves.glb
[ROUTINES] sacha_reed: 49 clips
[ROUTINES] sacha_reed upgraded to a mesh
[MOVES] personal library: res://assets/characters/jonah_price/jonah_price_moves.glb
[ROUTINES] jonah_price: 49 clips
[ROUTINES] jonah_price upgraded to a mesh
[MOVES] personal library: res://assets/characters/mae_kessler/mae_kessler_moves.glb
[ROUTINES] mae_kessler: 49 clips
[ROUTINES] mae_kessler upgraded to a mesh
[ROUTINES] 18 residents with somewhere to be
[SWITCHES] 157 fixtures wired across 119 rooms, 87 exterior
[SWITCHES] 215 live plates
[MOON] 70 windowed rooms
[BUILDING] 18 apartment reality controllers ready
[WAYFINDING] 17 brass unit numbers, 7 directories, 8 fire signs, 1 spine plates, 6 stair pairs, 6 landing plates
[BUILDING] 62 reality-affected props placed
[WITNESS] 18 clocks and 20 other domestic anomalies placed and rigged
[ENCROACH] living field on F02 binds 74 materials
[ENCROACH] living field on F04 binds 79 materials
[ENCROACH] living field on F06 binds 77 materials
[ENCROACH] living field on F05 binds 82 materials
[ENCROACH] living field on F03 binds 85 materials
[ENCROACH] 22 finish surfaces across 6 case flats, 6 beachheads
[INCIDENTS] 15 flats on 5 living storeys can report
[BUILDING] 20 character memory artworks placed
[BUILDING] 20 character-specific wall artworks placed
[BUILDING] 8 hallway artworks placed
[BUILDING] 7 stair-landing pieces hung
[BUILDING] found art: 17 walls, 7 print props, 1 billboards
[BUILDING] front-door exterior light and signage placed
[BUILDING] maintenance headquarters ready: 18 trophy slots, 6 gear tiers
[LIGHT RIG] budgets resolved: 64 active / 5 shadow
[SCHEDULE] director live: 18 residents on the clock
[HARUKIYA] 9 interactables placed
[BUILDING] Orison assembled: 8 floors, 565 windows lit, 292 railing details, player in lobby
[BUILDING] 197 low-overhead environment details and 26 story decals
[BUILDING] 64 atmospheric evidence decals
[PASSAGE] late sweep: 117 interior, 759 foreign, 4 shared late-built F01 draws registered
[PASSAGE] root sweep: 17 interior, 971 foreign draws, 37 foreign lights registered
[STREET] 1612 enclosed F01 draws indexed
[M08D V1 PERF] cold_total_ms=26319.756 nodes=18312 collisions=1637
  PASS  v1 selector instantiates complete production root
  PASS  v1 root consumes absolute campaign time with one automatic owner
  PASS  v1 production player constructed
  PASS  v1 authority census has one route owner each
  PASS  v1 anonymous-bed fallback remains reconstructable
ORISON V2 BLOCKOUT: 62 spaces / 27 doors / 94 anchors
[SURFACE] 320 surfaces layered (293 materials)
[PASSAGE HOURS] OPEN; 10 grilles folded
[PASSAGE HOURS] 11 shopfronts, 10 close after 02:00, HARDWARE PAINT keeps night service
[PASSAGE FINISH] 6 gated draws, 3 handcarts, hours active
[V2 PASSAGE] 13 resident cells; 11 doors; 1 shared-service counters
[SCHEDULE] director live: 18 residents on the clock
[MOVES] personal library: res://assets/characters/mina_vale/mina_vale_moves.glb
[ORISON V2 RUNTIME] ready startup_ms=3297.068
[LIGHTING] 58 sources active in system; 58 full personalities; profiles steady/breathe/mains/beat/dropout=[12, 10, 12, 17, 7]
[M08D V2 PERF] cold_total_ms=3581.637 compose_ms=3297.068 nodes=6112 collisions=1056 first_interaction_ms=0.350 cpu_ms=3582.106 physics_ms=0.027
  PASS  first production interaction responds
  PASS  v2 production root starts
  PASS  v2 root consumes absolute campaign time with one automatic owner
  PASS  all first-slice anchors resolve once
  PASS  production player and pause/accessibility surface composed
  PASS  F01 production interaction implementations composed
  PASS  F02 job/case/chirp/acoustic owners composed
  PASS  F04 call/audio owners composed
  PASS  v2 wake uses explicit bedside semantic stance
  PASS  no duplicate gameplay authorities
  PASS  forced adapter failure restores global state
  PASS  success teardown restores global state
[RENDER] forward_plus
[PASSAGE] 304 interior, 20 shell and 186 foreign F01 draws indexed
[VANTRY] 119 points, 7 floor batches, 3 static draws/floor
[HEIGHTMAP] 39 materials given parallax, 527 left flat
[SURFACE] 1003 surfaces layered (677 materials)
[BUILDING] 7 resident stories rehung off a bathroom wall
[DOMESTIC RADIO] 18 receivers across 18 occupied units; 0 unresolved
[DOOR GLOW] 107 closed doors, 9 leaking light (skipped: { "no_circulation": 86, "asleep": 12 })
[STATION] 37 clips, 6 machines (5 projectors, 1 sets), all dark
[ARCADE] 10 cabinet(s) from a catalog of 12: SOMETHING IN THE HALL (mystery_serial), OPERATIONS (farm_and_market), STEP SEQUENCE (variety_hour), NIGHT MAIL (aviation_hour), COUNTY LEAGUE (sporting_wire), THE THOUSAND (motor_racing), TOWER OF ASH (adventure_serial), OUTER RIM (night_sky), DO NOT ANSWER (mystery_serial), OVERTIME (sporting_wire)
[ARCADE] all of them are running arcade_pit
[BUILDING] 488 functional props spawned
[FURNITURE INTERACTION] 72 baked mechanisms restored
[BUILDING] exterior finish: 381 batched details, 11 decals, 8 puddles
[PASSAGE HOURS] AFTER_HOURS; 10 grilles drawn
[PASSAGE HOURS] 11 shopfronts, 10 close after 02:00, HARDWARE PAINT keeps night service
[PASSAGE FINISH] 6 gated draws, 3 handcarts, hours active
[MOVES] personal library: res://assets/characters/teresa_vale/teresa_vale_moves.glb
[MOVES] personal library: res://assets/characters/mina_vale/mina_vale_moves.glb
[MOVES] personal library: res://assets/characters/lena_ortiz/lena_ortiz_moves.glb
[MOVES] personal library: res://assets/characters/juno_kells/juno_kells_moves.glb
[MOVES] personal library: res://assets/characters/malcolm_reed/malcolm_reed_moves.glb
[MOVES] personal library: res://assets/characters/omar_bell/omar_bell_moves.glb
[MOVES] personal library: res://assets/characters/rhea_sato/rhea_sato_moves.glb
[MOVES] personal library: res://assets/characters/peter_wren/peter_wren_moves.glb
[MOVES] personal library: res://assets/characters/cam_ortiz/cam_ortiz_moves.glb
[MOVES] personal library: res://assets/characters/noel_price/noel_price_moves.glb
[MOVES] personal library: res://assets/characters/transient_guests/transient_guests_moves.glb
[MOVES] personal library: res://assets/characters/nadia_quell/nadia_quell_moves.glb
[MOVES] personal library: res://assets/characters/cal_dwyer/cal_dwyer_moves.glb
[MOVES] personal library: res://assets/characters/iris_bell/iris_bell_moves.glb
[MOVES] personal library: res://assets/characters/sacha_reed/sacha_reed_moves.glb
[MOVES] personal library: res://assets/characters/jonah_price/jonah_price_moves.glb
[MOVES] personal library: res://assets/characters/mae_kessler/mae_kessler_moves.glb
[BUILDING] 18 residents spawned (18 rigged, 0 sprite fallbacks)
[NAV] 4 schedule anchors installed in PASSAGE
[NAV] 540 nodes across 8 floors; 7 stair links; elevator linked; 65 wall-crossing edges rejected; 1516 safe links restored
[ROUTINES] evelyn_marsh: 48 clips
[ROUTINES] evelyn_marsh upgraded to a mesh
[MOVES] personal library: res://assets/characters/teresa_vale/teresa_vale_moves.glb
[ROUTINES] teresa_vale: 49 clips
[ROUTINES] teresa_vale upgraded to a mesh
[MOVES] personal library: res://assets/characters/mina_vale/mina_vale_moves.glb
[ROUTINES] mina_vale: 49 clips
[ROUTINES] mina_vale upgraded to a mesh
[MOVES] personal library: res://assets/characters/lena_ortiz/lena_ortiz_moves.glb
[ROUTINES] lena_ortiz: 49 clips
[ROUTINES] lena_ortiz upgraded to a mesh
[MOVES] personal library: res://assets/characters/juno_kells/juno_kells_moves.glb
[ROUTINES] juno_kells: 49 clips
[ROUTINES] juno_kells upgraded to a mesh
[MOVES] personal library: res://assets/characters/malcolm_reed/malcolm_reed_moves.glb
[ROUTINES] malcolm_reed: 49 clips
[ROUTINES] malcolm_reed upgraded to a mesh
[MOVES] personal library: res://assets/characters/omar_bell/omar_bell_moves.glb
[ROUTINES] omar_bell: 49 clips
[ROUTINES] omar_bell upgraded to a mesh
[MOVES] personal library: res://assets/characters/rhea_sato/rhea_sato_moves.glb
[ROUTINES] rhea_sato: 49 clips
[ROUTINES] rhea_sato upgraded to a mesh
[MOVES] personal library: res://assets/characters/peter_wren/peter_wren_moves.glb
[ROUTINES] peter_wren: 49 clips
[ROUTINES] peter_wren upgraded to a mesh
[MOVES] personal library: res://assets/characters/cam_ortiz/cam_ortiz_moves.glb
[ROUTINES] cam_ortiz: 49 clips
[ROUTINES] cam_ortiz upgraded to a mesh
[MOVES] personal library: res://assets/characters/noel_price/noel_price_moves.glb
[ROUTINES] noel_price: 49 clips
[ROUTINES] noel_price upgraded to a mesh
[MOVES] personal library: res://assets/characters/transient_guests/transient_guests_moves.glb
[ROUTINES] transient_guests: 49 clips
[ROUTINES] transient_guests upgraded to a mesh
[MOVES] personal library: res://assets/characters/nadia_quell/nadia_quell_moves.glb
[ROUTINES] nadia_quell: 49 clips
[ROUTINES] nadia_quell upgraded to a mesh
[MOVES] personal library: res://assets/characters/cal_dwyer/cal_dwyer_moves.glb
[ROUTINES] cal_dwyer: 49 clips
[ROUTINES] cal_dwyer upgraded to a mesh
[MOVES] personal library: res://assets/characters/iris_bell/iris_bell_moves.glb
[ROUTINES] iris_bell: 49 clips
[ROUTINES] iris_bell upgraded to a mesh
[MOVES] personal library: res://assets/characters/sacha_reed/sacha_reed_moves.glb
[ROUTINES] sacha_reed: 49 clips
[ROUTINES] sacha_reed upgraded to a mesh
[MOVES] personal library: res://assets/characters/jonah_price/jonah_price_moves.glb
[ROUTINES] jonah_price: 49 clips
[ROUTINES] jonah_price upgraded to a mesh
[MOVES] personal library: res://assets/characters/mae_kessler/mae_kessler_moves.glb
[ROUTINES] mae_kessler: 49 clips
[ROUTINES] mae_kessler upgraded to a mesh
[ROUTINES] 18 residents with somewhere to be
[SWITCHES] 157 fixtures wired across 119 rooms, 87 exterior
[SWITCHES] 215 live plates
[MOON] 70 windowed rooms
[BUILDING] 18 apartment reality controllers ready
[WAYFINDING] 17 brass unit numbers, 7 directories, 8 fire signs, 1 spine plates, 6 stair pairs, 6 landing plates
[BUILDING] 62 reality-affected props placed
[WITNESS] 18 clocks and 20 other domestic anomalies placed and rigged
[ENCROACH] living field on F02 binds 74 materials
[ENCROACH] living field on F04 binds 79 materials
[ENCROACH] living field on F06 binds 77 materials
[ENCROACH] living field on F05 binds 82 materials
[ENCROACH] living field on F03 binds 85 materials
[ENCROACH] 22 finish surfaces across 6 case flats, 6 beachheads
[INCIDENTS] 15 flats on 5 living storeys can report
[BUILDING] 20 character memory artworks placed
[BUILDING] 20 character-specific wall artworks placed
[BUILDING] 8 hallway artworks placed
[BUILDING] 7 stair-landing pieces hung
[BUILDING] found art: 17 walls, 7 print props, 1 billboards
[BUILDING] front-door exterior light and signage placed
[BUILDING] maintenance headquarters ready: 18 trophy slots, 6 gear tiers
[LIGHT RIG] budgets resolved: 64 active / 5 shadow
[SCHEDULE] director live: 18 residents on the clock
[HARUKIYA] 9 interactables placed
[BUILDING] Orison assembled: 8 floors, 565 windows lit, 292 railing details, player in lobby
[BUILDING] 197 low-overhead environment details and 26 story decals
[BUILDING] 64 atmospheric evidence decals
[PASSAGE] late sweep: 117 interior, 759 foreign, 4 shared late-built F01 draws registered
[PASSAGE] root sweep: 17 interior, 971 foreign draws, 37 foreign lights registered
[STREET] 1612 enclosed F01 draws indexed
[LIGHTING] 254 sources active in system; 254 full personalities; profiles steady/breathe/mains/beat/dropout=[55, 54, 49, 45, 51]
[HARUKIYA] AFTER_HOURS, 18 fixtures
[STREET] 169 enclosed F01 draws indexed
[SURFACE] 3946 prop draws layered in triplanar mode (936 materials)
[ENCROACH] 926 prop draws reached across 6 case flats
[ENCROACH] living field on F02 binds 405 materials
[ENCROACH] living field on F04 binds 251 materials
[ENCROACH] living field on F06 binds 231 materials
[ENCROACH] living field on F05 binds 225 materials
[ENCROACH] living field on F03 binds 262 materials
[NAV] collision audit: 394 edges cut by real geometry, 2 island nodes relinked, 0 stair legs obstructed
[RENDER] forward_plus
[PASSAGE] 304 interior, 20 shell and 186 foreign F01 draws indexed
[VANTRY] 119 points, 7 floor batches, 3 static draws/floor
[HEIGHTMAP] 39 materials given parallax, 527 left flat
[SURFACE] 1003 surfaces layered (677 materials)
[BUILDING] 7 resident stories rehung off a bathroom wall
[DOMESTIC RADIO] 18 receivers across 18 occupied units; 0 unresolved
[DOOR GLOW] 107 closed doors, 9 leaking light (skipped: { "no_circulation": 86, "asleep": 12 })
[STATION] 37 clips, 6 machines (5 projectors, 1 sets), all dark
[ARCADE] 10 cabinet(s) from a catalog of 12: SOMETHING IN THE HALL (mystery_serial), OPERATIONS (farm_and_market), STEP SEQUENCE (variety_hour), NIGHT MAIL (aviation_hour), COUNTY LEAGUE (sporting_wire), THE THOUSAND (motor_racing), TOWER OF ASH (adventure_serial), OUTER RIM (night_sky), DO NOT ANSWER (mystery_serial), OVERTIME (sporting_wire)
[ARCADE] all of them are running arcade_pit
[BUILDING] 488 functional props spawned
[FURNITURE INTERACTION] 72 baked mechanisms restored
[BUILDING] exterior finish: 381 batched details, 11 decals, 8 puddles
[PASSAGE HOURS] AFTER_HOURS; 10 grilles drawn
[PASSAGE HOURS] 11 shopfronts, 10 close after 02:00, HARDWARE PAINT keeps night service
[PASSAGE FINISH] 6 gated draws, 3 handcarts, hours active
[MOVES] personal library: res://assets/characters/teresa_vale/teresa_vale_moves.glb
[MOVES] personal library: res://assets/characters/mina_vale/mina_vale_moves.glb
[MOVES] personal library: res://assets/characters/lena_ortiz/lena_ortiz_moves.glb
[MOVES] personal library: res://assets/characters/juno_kells/juno_kells_moves.glb
[MOVES] personal library: res://assets/characters/malcolm_reed/malcolm_reed_moves.glb
[MOVES] personal library: res://assets/characters/omar_bell/omar_bell_moves.glb
[MOVES] personal library: res://assets/characters/rhea_sato/rhea_sato_moves.glb
[MOVES] personal library: res://assets/characters/peter_wren/peter_wren_moves.glb
[MOVES] personal library: res://assets/characters/cam_ortiz/cam_ortiz_moves.glb
[MOVES] personal library: res://assets/characters/noel_price/noel_price_moves.glb
[MOVES] personal library: res://assets/characters/transient_guests/transient_guests_moves.glb
[MOVES] personal library: res://assets/characters/nadia_quell/nadia_quell_moves.glb
[MOVES] personal library: res://assets/characters/cal_dwyer/cal_dwyer_moves.glb
[MOVES] personal library: res://assets/characters/iris_bell/iris_bell_moves.glb
[MOVES] personal library: res://assets/characters/sacha_reed/sacha_reed_moves.glb
[MOVES] personal library: res://assets/characters/jonah_price/jonah_price_moves.glb
[MOVES] personal library: res://assets/characters/mae_kessler/mae_kessler_moves.glb
[BUILDING] 18 residents spawned (18 rigged, 0 sprite fallbacks)
[NAV] 4 schedule anchors installed in PASSAGE
[NAV] 540 nodes across 8 floors; 7 stair links; elevator linked; 65 wall-crossing edges rejected; 1516 safe links restored
[ROUTINES] evelyn_marsh: 48 clips
[ROUTINES] evelyn_marsh upgraded to a mesh
[MOVES] personal library: res://assets/characters/teresa_vale/teresa_vale_moves.glb
[ROUTINES] teresa_vale: 49 clips
[ROUTINES] teresa_vale upgraded to a mesh
[MOVES] personal library: res://assets/characters/mina_vale/mina_vale_moves.glb
[ROUTINES] mina_vale: 49 clips
[ROUTINES] mina_vale upgraded to a mesh
[MOVES] personal library: res://assets/characters/lena_ortiz/lena_ortiz_moves.glb
[ROUTINES] lena_ortiz: 49 clips
[ROUTINES] lena_ortiz upgraded to a mesh
[MOVES] personal library: res://assets/characters/juno_kells/juno_kells_moves.glb
[ROUTINES] juno_kells: 49 clips
[ROUTINES] juno_kells upgraded to a mesh
[MOVES] personal library: res://assets/characters/malcolm_reed/malcolm_reed_moves.glb
[ROUTINES] malcolm_reed: 49 clips
[ROUTINES] malcolm_reed upgraded to a mesh
[MOVES] personal library: res://assets/characters/omar_bell/omar_bell_moves.glb
[ROUTINES] omar_bell: 49 clips
[ROUTINES] omar_bell upgraded to a mesh
[MOVES] personal library: res://assets/characters/rhea_sato/rhea_sato_moves.glb
[ROUTINES] rhea_sato: 49 clips
[ROUTINES] rhea_sato upgraded to a mesh
[MOVES] personal library: res://assets/characters/peter_wren/peter_wren_moves.glb
[ROUTINES] peter_wren: 49 clips
[ROUTINES] peter_wren upgraded to a mesh
[MOVES] personal library: res://assets/characters/cam_ortiz/cam_ortiz_moves.glb
[ROUTINES] cam_ortiz: 49 clips
[ROUTINES] cam_ortiz upgraded to a mesh
[MOVES] personal library: res://assets/characters/noel_price/noel_price_moves.glb
[ROUTINES] noel_price: 49 clips
[ROUTINES] noel_price upgraded to a mesh
[MOVES] personal library: res://assets/characters/transient_guests/transient_guests_moves.glb
[ROUTINES] transient_guests: 49 clips
[ROUTINES] transient_guests upgraded to a mesh
[MOVES] personal library: res://assets/characters/nadia_quell/nadia_quell_moves.glb
[ROUTINES] nadia_quell: 49 clips
[ROUTINES] nadia_quell upgraded to a mesh
[MOVES] personal library: res://assets/characters/cal_dwyer/cal_dwyer_moves.glb
[ROUTINES] cal_dwyer: 49 clips
[ROUTINES] cal_dwyer upgraded to a mesh
[MOVES] personal library: res://assets/characters/iris_bell/iris_bell_moves.glb
[ROUTINES] iris_bell: 49 clips
[ROUTINES] iris_bell upgraded to a mesh
[MOVES] personal library: res://assets/characters/sacha_reed/sacha_reed_moves.glb
[ROUTINES] sacha_reed: 49 clips
[ROUTINES] sacha_reed upgraded to a mesh
[MOVES] personal library: res://assets/characters/jonah_price/jonah_price_moves.glb
[ROUTINES] jonah_price: 49 clips
[ROUTINES] jonah_price upgraded to a mesh
[MOVES] personal library: res://assets/characters/mae_kessler/mae_kessler_moves.glb
[ROUTINES] mae_kessler: 49 clips
[ROUTINES] mae_kessler upgraded to a mesh
[ROUTINES] 18 residents with somewhere to be
[SWITCHES] 157 fixtures wired across 119 rooms, 87 exterior
[SWITCHES] 215 live plates
[MOON] 70 windowed rooms
[BUILDING] 18 apartment reality controllers ready
[WAYFINDING] 17 brass unit numbers, 7 directories, 8 fire signs, 1 spine plates, 6 stair pairs, 6 landing plates
[BUILDING] 62 reality-affected props placed
[WITNESS] 18 clocks and 20 other domestic anomalies placed and rigged
[ENCROACH] living field on F02 binds 74 materials
[ENCROACH] living field on F04 binds 79 materials
[ENCROACH] living field on F06 binds 77 materials
[ENCROACH] living field on F05 binds 82 materials
[ENCROACH] living field on F03 binds 85 materials
[ENCROACH] 22 finish surfaces across 6 case flats, 6 beachheads
[INCIDENTS] 15 flats on 5 living storeys can report
[BUILDING] 20 character memory artworks placed
[BUILDING] 20 character-specific wall artworks placed
[BUILDING] 8 hallway artworks placed
[BUILDING] 7 stair-landing pieces hung
[BUILDING] found art: 17 walls, 7 print props, 1 billboards
[BUILDING] front-door exterior light and signage placed
[BUILDING] maintenance headquarters ready: 18 trophy slots, 6 gear tiers
[LIGHT RIG] budgets resolved: 64 active / 5 shadow
[SCHEDULE] director live: 18 residents on the clock
[HARUKIYA] 9 interactables placed
[BUILDING] Orison assembled: 8 floors, 565 windows lit, 292 railing details, player in lobby
[BUILDING] 197 low-overhead environment details and 26 story decals
[BUILDING] 64 atmospheric evidence decals
[PASSAGE] late sweep: 117 interior, 765 foreign, 4 shared late-built F01 draws registered
[PASSAGE] root sweep: 17 interior, 971 foreign draws, 37 foreign lights registered
[STREET] 1612 enclosed F01 draws indexed
[LIGHTING] 254 sources active in system; 254 full personalities; profiles steady/breathe/mains/beat/dropout=[55, 54, 49, 45, 51]
[HARUKIYA] AFTER_HOURS, 18 fixtures
[STREET] 175 enclosed F01 draws indexed
[SURFACE] 3947 prop draws layered in triplanar mode (937 materials)
[ENCROACH] 927 prop draws reached across 6 case flats
[ENCROACH] living field on F02 binds 406 materials
[ENCROACH] living field on F04 binds 251 materials
[ENCROACH] living field on F06 binds 231 materials
[ENCROACH] living field on F05 binds 225 materials
[ENCROACH] living field on F03 binds 262 materials
[NAV] collision audit: 393 edges cut by real geometry, 2 island nodes relinked, 0 stair legs obstructed
[M08D SAVE PERF] v1_to_v1 save_ms=9.094 reconstruct_ms=27448.909
  PASS  v1_to_v1 save reconstructs semantic facts through CampaignShell
  PASS  v1_to_v1 preserves exact calendar epoch/start/elapsed through real roots
  PASS  v1_to_v1 preserves acquired capsule provenance and rejects duplicate acquisition
  PASS  v1_to_v1 preserves factual captions and continues the saved choice cycle
  PASS  v1_to_v1 preserves optional optical state or initializes legacy lamp safely
[M08D SAVE EVIDENCE] C:/Users/nate_/AppData/Roaming/PleaseRemainOnTheLine/tests/m08d_7a28773f66bf28a7_v1_to_v1.json
ORISON V2 BLOCKOUT: 62 spaces / 27 doors / 94 anchors
[SURFACE] 320 surfaces layered (293 materials)
[PASSAGE HOURS] AFTER_HOURS; 10 grilles drawn
[PASSAGE HOURS] 11 shopfronts, 10 close after 02:00, HARDWARE PAINT keeps night service
[PASSAGE FINISH] 6 gated draws, 3 handcarts, hours active
[V2 PASSAGE] 13 resident cells; 11 doors; 1 shared-service counters
[SCHEDULE] director live: 18 residents on the clock
[MOVES] personal library: res://assets/characters/mina_vale/mina_vale_moves.glb
[ORISON V2 RUNTIME] ready startup_ms=4092.957
[LIGHTING] 58 sources active in system; 58 full personalities; profiles steady/breathe/mains/beat/dropout=[12, 10, 12, 17, 7]
ORISON V2 BLOCKOUT: 62 spaces / 27 doors / 94 anchors
[SURFACE] 320 surfaces layered (293 materials)
[PASSAGE HOURS] AFTER_HOURS; 10 grilles drawn
[PASSAGE HOURS] 11 shopfronts, 10 close after 02:00, HARDWARE PAINT keeps night service
[PASSAGE FINISH] 6 gated draws, 3 handcarts, hours active
[V2 PASSAGE] 13 resident cells; 11 doors; 1 shared-service counters
[SCHEDULE] director live: 18 residents on the clock
[MOVES] personal library: res://assets/characters/mina_vale/mina_vale_moves.glb
[ORISON V2 RUNTIME] ready startup_ms=4328.631
[LIGHTING] 58 sources active in system; 58 full personalities; profiles steady/breathe/mains/beat/dropout=[12, 10, 12, 17, 7]
[M08D SAVE PERF] v2_to_v2 save_ms=13.422 reconstruct_ms=4479.962
  PASS  v2_to_v2 save reconstructs semantic facts through CampaignShell
  PASS  v2_to_v2 preserves exact calendar epoch/start/elapsed through real roots
  PASS  v2_to_v2 preserves acquired capsule provenance and rejects duplicate acquisition
  PASS  v2_to_v2 preserves factual captions and continues the saved choice cycle
  PASS  v2_to_v2 preserves optional optical state or initializes legacy lamp safely
[M08D SAVE EVIDENCE] C:/Users/nate_/AppData/Roaming/PleaseRemainOnTheLine/tests/m08d_7a28773f66bf28a7_v2_to_v2.json
[RENDER] forward_plus
[PASSAGE] 304 interior, 20 shell and 186 foreign F01 draws indexed
[VANTRY] 119 points, 7 floor batches, 3 static draws/floor
[HEIGHTMAP] 39 materials given parallax, 527 left flat
[SURFACE] 1003 surfaces layered (677 materials)
[BUILDING] 7 resident stories rehung off a bathroom wall
[DOMESTIC RADIO] 18 receivers across 18 occupied units; 0 unresolved
[DOOR GLOW] 107 closed doors, 9 leaking light (skipped: { "no_circulation": 86, "asleep": 12 })
[STATION] 37 clips, 6 machines (5 projectors, 1 sets), all dark
[ARCADE] 10 cabinet(s) from a catalog of 12: SOMETHING IN THE HALL (mystery_serial), OPERATIONS (farm_and_market), STEP SEQUENCE (variety_hour), NIGHT MAIL (aviation_hour), COUNTY LEAGUE (sporting_wire), THE THOUSAND (motor_racing), TOWER OF ASH (adventure_serial), OUTER RIM (night_sky), DO NOT ANSWER (mystery_serial), OVERTIME (sporting_wire)
[ARCADE] all of them are running arcade_pit
[BUILDING] 488 functional props spawned
[FURNITURE INTERACTION] 72 baked mechanisms restored
[BUILDING] exterior finish: 381 batched details, 11 decals, 8 puddles
[PASSAGE HOURS] AFTER_HOURS; 10 grilles drawn
[PASSAGE HOURS] 11 shopfronts, 10 close after 02:00, HARDWARE PAINT keeps night service
[PASSAGE FINISH] 6 gated draws, 3 handcarts, hours active
[MOVES] personal library: res://assets/characters/teresa_vale/teresa_vale_moves.glb
[MOVES] personal library: res://assets/characters/mina_vale/mina_vale_moves.glb
[MOVES] personal library: res://assets/characters/lena_ortiz/lena_ortiz_moves.glb
[MOVES] personal library: res://assets/characters/juno_kells/juno_kells_moves.glb
[MOVES] personal library: res://assets/characters/malcolm_reed/malcolm_reed_moves.glb
[MOVES] personal library: res://assets/characters/omar_bell/omar_bell_moves.glb
[MOVES] personal library: res://assets/characters/rhea_sato/rhea_sato_moves.glb
[MOVES] personal library: res://assets/characters/peter_wren/peter_wren_moves.glb
[MOVES] personal library: res://assets/characters/cam_ortiz/cam_ortiz_moves.glb
[MOVES] personal library: res://assets/characters/noel_price/noel_price_moves.glb
[MOVES] personal library: res://assets/characters/transient_guests/transient_guests_moves.glb
[MOVES] personal library: res://assets/characters/nadia_quell/nadia_quell_moves.glb
[MOVES] personal library: res://assets/characters/cal_dwyer/cal_dwyer_moves.glb
[MOVES] personal library: res://assets/characters/iris_bell/iris_bell_moves.glb
[MOVES] personal library: res://assets/characters/sacha_reed/sacha_reed_moves.glb
[MOVES] personal library: res://assets/characters/jonah_price/jonah_price_moves.glb
[MOVES] personal library: res://assets/characters/mae_kessler/mae_kessler_moves.glb
[BUILDING] 18 residents spawned (18 rigged, 0 sprite fallbacks)
[NAV] 4 schedule anchors installed in PASSAGE
[NAV] 540 nodes across 8 floors; 7 stair links; elevator linked; 65 wall-crossing edges rejected; 1516 safe links restored
[ROUTINES] evelyn_marsh: 48 clips
[ROUTINES] evelyn_marsh upgraded to a mesh
[MOVES] personal library: res://assets/characters/teresa_vale/teresa_vale_moves.glb
[ROUTINES] teresa_vale: 49 clips
[ROUTINES] teresa_vale upgraded to a mesh
[MOVES] personal library: res://assets/characters/mina_vale/mina_vale_moves.glb
[ROUTINES] mina_vale: 49 clips
[ROUTINES] mina_vale upgraded to a mesh
[MOVES] personal library: res://assets/characters/lena_ortiz/lena_ortiz_moves.glb
[ROUTINES] lena_ortiz: 49 clips
[ROUTINES] lena_ortiz upgraded to a mesh
[MOVES] personal library: res://assets/characters/juno_kells/juno_kells_moves.glb
[ROUTINES] juno_kells: 49 clips
[ROUTINES] juno_kells upgraded to a mesh
[MOVES] personal library: res://assets/characters/malcolm_reed/malcolm_reed_moves.glb
[ROUTINES] malcolm_reed: 49 clips
[ROUTINES] malcolm_reed upgraded to a mesh
[MOVES] personal library: res://assets/characters/omar_bell/omar_bell_moves.glb
[ROUTINES] omar_bell: 49 clips
[ROUTINES] omar_bell upgraded to a mesh
[MOVES] personal library: res://assets/characters/rhea_sato/rhea_sato_moves.glb
[ROUTINES] rhea_sato: 49 clips
[ROUTINES] rhea_sato upgraded to a mesh
[MOVES] personal library: res://assets/characters/peter_wren/peter_wren_moves.glb
[ROUTINES] peter_wren: 49 clips
[ROUTINES] peter_wren upgraded to a mesh
[MOVES] personal library: res://assets/characters/cam_ortiz/cam_ortiz_moves.glb
[ROUTINES] cam_ortiz: 49 clips
[ROUTINES] cam_ortiz upgraded to a mesh
[MOVES] personal library: res://assets/characters/noel_price/noel_price_moves.glb
[ROUTINES] noel_price: 49 clips
[ROUTINES] noel_price upgraded to a mesh
[MOVES] personal library: res://assets/characters/transient_guests/transient_guests_moves.glb
[ROUTINES] transient_guests: 49 clips
[ROUTINES] transient_guests upgraded to a mesh
[MOVES] personal library: res://assets/characters/nadia_quell/nadia_quell_moves.glb
[ROUTINES] nadia_quell: 49 clips
[ROUTINES] nadia_quell upgraded to a mesh
[MOVES] personal library: res://assets/characters/cal_dwyer/cal_dwyer_moves.glb
[ROUTINES] cal_dwyer: 49 clips
[ROUTINES] cal_dwyer upgraded to a mesh
[MOVES] personal library: res://assets/characters/iris_bell/iris_bell_moves.glb
[ROUTINES] iris_bell: 49 clips
[ROUTINES] iris_bell upgraded to a mesh
[MOVES] personal library: res://assets/characters/sacha_reed/sacha_reed_moves.glb
[ROUTINES] sacha_reed: 49 clips
[ROUTINES] sacha_reed upgraded to a mesh
[MOVES] personal library: res://assets/characters/jonah_price/jonah_price_moves.glb
[ROUTINES] jonah_price: 49 clips
[ROUTINES] jonah_price upgraded to a mesh
[MOVES] personal library: res://assets/characters/mae_kessler/mae_kessler_moves.glb
[ROUTINES] mae_kessler: 49 clips
[ROUTINES] mae_kessler upgraded to a mesh
[ROUTINES] 18 residents with somewhere to be
[SWITCHES] 157 fixtures wired across 119 rooms, 87 exterior
[SWITCHES] 215 live plates
[MOON] 70 windowed rooms
[BUILDING] 18 apartment reality controllers ready
[WAYFINDING] 17 brass unit numbers, 7 directories, 8 fire signs, 1 spine plates, 6 stair pairs, 6 landing plates
[BUILDING] 62 reality-affected props placed
[WITNESS] 18 clocks and 20 other domestic anomalies placed and rigged
[ENCROACH] living field on F02 binds 74 materials
[ENCROACH] living field on F04 binds 79 materials
[ENCROACH] living field on F06 binds 77 materials
[ENCROACH] living field on F05 binds 82 materials
[ENCROACH] living field on F03 binds 85 materials
[ENCROACH] 22 finish surfaces across 6 case flats, 6 beachheads
[INCIDENTS] 15 flats on 5 living storeys can report
[BUILDING] 20 character memory artworks placed
[BUILDING] 20 character-specific wall artworks placed
[BUILDING] 8 hallway artworks placed
[BUILDING] 7 stair-landing pieces hung
[BUILDING] found art: 17 walls, 7 print props, 1 billboards
[BUILDING] front-door exterior light and signage placed
[BUILDING] maintenance headquarters ready: 18 trophy slots, 6 gear tiers
[LIGHT RIG] budgets resolved: 64 active / 5 shadow
[SCHEDULE] director live: 18 residents on the clock
[HARUKIYA] 9 interactables placed
[BUILDING] Orison assembled: 8 floors, 565 windows lit, 292 railing details, player in lobby
[BUILDING] 197 low-overhead environment details and 26 story decals
[BUILDING] 64 atmospheric evidence decals
[PASSAGE] late sweep: 117 interior, 759 foreign, 4 shared late-built F01 draws registered
[PASSAGE] root sweep: 17 interior, 971 foreign draws, 37 foreign lights registered
[STREET] 1612 enclosed F01 draws indexed
[LIGHTING] 254 sources active in system; 254 full personalities; profiles steady/breathe/mains/beat/dropout=[55, 54, 49, 45, 51]
[HARUKIYA] AFTER_HOURS, 18 fixtures
[STREET] 169 enclosed F01 draws indexed
[SURFACE] 3946 prop draws layered in triplanar mode (936 materials)
[ENCROACH] 926 prop draws reached across 6 case flats
[ENCROACH] living field on F02 binds 405 materials
[ENCROACH] living field on F04 binds 251 materials
[ENCROACH] living field on F06 binds 231 materials
[ENCROACH] living field on F05 binds 225 materials
[ENCROACH] living field on F03 binds 262 materials
[NAV] collision audit: 394 edges cut by real geometry, 2 island nodes relinked, 0 stair legs obstructed
ORISON V2 BLOCKOUT: 62 spaces / 27 doors / 94 anchors
[SURFACE] 320 surfaces layered (293 materials)
[PASSAGE HOURS] AFTER_HOURS; 10 grilles drawn
[PASSAGE HOURS] 11 shopfronts, 10 close after 02:00, HARDWARE PAINT keeps night service
[PASSAGE FINISH] 6 gated draws, 3 handcarts, hours active
[V2 PASSAGE] 13 resident cells; 11 doors; 1 shared-service counters
[SCHEDULE] director live: 18 residents on the clock
[MOVES] personal library: res://assets/characters/mina_vale/mina_vale_moves.glb
[ORISON V2 RUNTIME] ready startup_ms=4483.196
[LIGHTING] 58 sources active in system; 58 full personalities; profiles steady/breathe/mains/beat/dropout=[12, 10, 12, 17, 7]
[M08D SAVE PERF] v1_to_v2 save_ms=10.169 reconstruct_ms=4645.154
  PASS  v1_to_v2 save reconstructs semantic facts through CampaignShell
  PASS  v1_to_v2 preserves exact calendar epoch/start/elapsed through real roots
  PASS  v1_to_v2 preserves acquired capsule provenance and rejects duplicate acquisition
  PASS  v1_to_v2 preserves factual captions and continues the saved choice cycle
  PASS  v1_to_v2 preserves optional optical state or initializes legacy lamp safely
[M08D SAVE EVIDENCE] C:/Users/nate_/AppData/Roaming/PleaseRemainOnTheLine/tests/m08d_7a28773f66bf28a7_v1_to_v2.json
ORISON V2 BLOCKOUT: 62 spaces / 27 doors / 94 anchors
[SURFACE] 320 surfaces layered (293 materials)
[PASSAGE HOURS] AFTER_HOURS; 10 grilles drawn
[PASSAGE HOURS] 11 shopfronts, 10 close after 02:00, HARDWARE PAINT keeps night service
[PASSAGE FINISH] 6 gated draws, 3 handcarts, hours active
[V2 PASSAGE] 13 resident cells; 11 doors; 1 shared-service counters
[SCHEDULE] director live: 18 residents on the clock
[MOVES] personal library: res://assets/characters/mina_vale/mina_vale_moves.glb
[ORISON V2 RUNTIME] ready startup_ms=4351.661
[LIGHTING] 58 sources active in system; 58 full personalities; profiles steady/breathe/mains/beat/dropout=[12, 10, 12, 17, 7]
[RENDER] forward_plus
[PASSAGE] 304 interior, 20 shell and 186 foreign F01 draws indexed
[VANTRY] 119 points, 7 floor batches, 3 static draws/floor
[HEIGHTMAP] 39 materials given parallax, 527 left flat
[SURFACE] 1003 surfaces layered (677 materials)
[BUILDING] 7 resident stories rehung off a bathroom wall
[DOMESTIC RADIO] 18 receivers across 18 occupied units; 0 unresolved
[DOOR GLOW] 107 closed doors, 9 leaking light (skipped: { "no_circulation": 86, "asleep": 12 })
[STATION] 37 clips, 6 machines (5 projectors, 1 sets), all dark
[ARCADE] 10 cabinet(s) from a catalog of 12: SOMETHING IN THE HALL (mystery_serial), OPERATIONS (farm_and_market), STEP SEQUENCE (variety_hour), NIGHT MAIL (aviation_hour), COUNTY LEAGUE (sporting_wire), THE THOUSAND (motor_racing), TOWER OF ASH (adventure_serial), OUTER RIM (night_sky), DO NOT ANSWER (mystery_serial), OVERTIME (sporting_wire)
[ARCADE] all of them are running arcade_pit
[BUILDING] 488 functional props spawned
[FURNITURE INTERACTION] 72 baked mechanisms restored
[BUILDING] exterior finish: 381 batched details, 11 decals, 8 puddles
[PASSAGE HOURS] AFTER_HOURS; 10 grilles drawn
[PASSAGE HOURS] 11 shopfronts, 10 close after 02:00, HARDWARE PAINT keeps night service
[PASSAGE FINISH] 6 gated draws, 3 handcarts, hours active
[MOVES] personal library: res://assets/characters/teresa_vale/teresa_vale_moves.glb
[MOVES] personal library: res://assets/characters/mina_vale/mina_vale_moves.glb
[MOVES] personal library: res://assets/characters/lena_ortiz/lena_ortiz_moves.glb
[MOVES] personal library: res://assets/characters/juno_kells/juno_kells_moves.glb
[MOVES] personal library: res://assets/characters/malcolm_reed/malcolm_reed_moves.glb
[MOVES] personal library: res://assets/characters/omar_bell/omar_bell_moves.glb
[MOVES] personal library: res://assets/characters/rhea_sato/rhea_sato_moves.glb
[MOVES] personal library: res://assets/characters/peter_wren/peter_wren_moves.glb
[MOVES] personal library: res://assets/characters/cam_ortiz/cam_ortiz_moves.glb
[MOVES] personal library: res://assets/characters/noel_price/noel_price_moves.glb
[MOVES] personal library: res://assets/characters/transient_guests/transient_guests_moves.glb
[MOVES] personal library: res://assets/characters/nadia_quell/nadia_quell_moves.glb
[MOVES] personal library: res://assets/characters/cal_dwyer/cal_dwyer_moves.glb
[MOVES] personal library: res://assets/characters/iris_bell/iris_bell_moves.glb
[MOVES] personal library: res://assets/characters/sacha_reed/sacha_reed_moves.glb
[MOVES] personal library: res://assets/characters/jonah_price/jonah_price_moves.glb
[MOVES] personal library: res://assets/characters/mae_kessler/mae_kessler_moves.glb
[BUILDING] 18 residents spawned (18 rigged, 0 sprite fallbacks)
[NAV] 4 schedule anchors installed in PASSAGE
[NAV] 540 nodes across 8 floors; 7 stair links; elevator linked; 65 wall-crossing edges rejected; 1516 safe links restored
[ROUTINES] evelyn_marsh: 48 clips
[ROUTINES] evelyn_marsh upgraded to a mesh
[MOVES] personal library: res://assets/characters/teresa_vale/teresa_vale_moves.glb
[ROUTINES] teresa_vale: 49 clips
[ROUTINES] teresa_vale upgraded to a mesh
[MOVES] personal library: res://assets/characters/mina_vale/mina_vale_moves.glb
[ROUTINES] mina_vale: 49 clips
[ROUTINES] mina_vale upgraded to a mesh
[MOVES] personal library: res://assets/characters/lena_ortiz/lena_ortiz_moves.glb
[ROUTINES] lena_ortiz: 49 clips
[ROUTINES] lena_ortiz upgraded to a mesh
[MOVES] personal library: res://assets/characters/juno_kells/juno_kells_moves.glb
[ROUTINES] juno_kells: 49 clips
[ROUTINES] juno_kells upgraded to a mesh
[MOVES] personal library: res://assets/characters/malcolm_reed/malcolm_reed_moves.glb
[ROUTINES] malcolm_reed: 49 clips
[ROUTINES] malcolm_reed upgraded to a mesh
[MOVES] personal library: res://assets/characters/omar_bell/omar_bell_moves.glb
[ROUTINES] omar_bell: 49 clips
[ROUTINES] omar_bell upgraded to a mesh
[MOVES] personal library: res://assets/characters/rhea_sato/rhea_sato_moves.glb
[ROUTINES] rhea_sato: 49 clips
[ROUTINES] rhea_sato upgraded to a mesh
[MOVES] personal library: res://assets/characters/peter_wren/peter_wren_moves.glb
[ROUTINES] peter_wren: 49 clips
[ROUTINES] peter_wren upgraded to a mesh
[MOVES] personal library: res://assets/characters/cam_ortiz/cam_ortiz_moves.glb
[ROUTINES] cam_ortiz: 49 clips
[ROUTINES] cam_ortiz upgraded to a mesh
[MOVES] personal library: res://assets/characters/noel_price/noel_price_moves.glb
[ROUTINES] noel_price: 49 clips
[ROUTINES] noel_price upgraded to a mesh
[MOVES] personal library: res://assets/characters/transient_guests/transient_guests_moves.glb
[ROUTINES] transient_guests: 49 clips
[ROUTINES] transient_guests upgraded to a mesh
[MOVES] personal library: res://assets/characters/nadia_quell/nadia_quell_moves.glb
[ROUTINES] nadia_quell: 49 clips
[ROUTINES] nadia_quell upgraded to a mesh
[MOVES] personal library: res://assets/characters/cal_dwyer/cal_dwyer_moves.glb
[ROUTINES] cal_dwyer: 49 clips
[ROUTINES] cal_dwyer upgraded to a mesh
[MOVES] personal library: res://assets/characters/iris_bell/iris_bell_moves.glb
[ROUTINES] iris_bell: 49 clips
[ROUTINES] iris_bell upgraded to a mesh
[MOVES] personal library: res://assets/characters/sacha_reed/sacha_reed_moves.glb
[ROUTINES] sacha_reed: 49 clips
[ROUTINES] sacha_reed upgraded to a mesh
[MOVES] personal library: res://assets/characters/jonah_price/jonah_price_moves.glb
[ROUTINES] jonah_price: 49 clips
[ROUTINES] jonah_price upgraded to a mesh
[MOVES] personal library: res://assets/characters/mae_kessler/mae_kessler_moves.glb
[ROUTINES] mae_kessler: 49 clips
[ROUTINES] mae_kessler upgraded to a mesh
[ROUTINES] 18 residents with somewhere to be
[SWITCHES] 157 fixtures wired across 119 rooms, 87 exterior
[SWITCHES] 215 live plates
[MOON] 70 windowed rooms
[BUILDING] 18 apartment reality controllers ready
[WAYFINDING] 17 brass unit numbers, 7 directories, 8 fire signs, 1 spine plates, 6 stair pairs, 6 landing plates
[BUILDING] 62 reality-affected props placed
[WITNESS] 18 clocks and 20 other domestic anomalies placed and rigged
[ENCROACH] living field on F02 binds 74 materials
[ENCROACH] living field on F04 binds 79 materials
[ENCROACH] living field on F06 binds 77 materials
[ENCROACH] living field on F05 binds 82 materials
[ENCROACH] living field on F03 binds 85 materials
[ENCROACH] 22 finish surfaces across 6 case flats, 6 beachheads
[INCIDENTS] 15 flats on 5 living storeys can report
[BUILDING] 20 character memory artworks placed
[BUILDING] 20 character-specific wall artworks placed
[BUILDING] 8 hallway artworks placed
[BUILDING] 7 stair-landing pieces hung
[BUILDING] found art: 17 walls, 7 print props, 1 billboards
[BUILDING] front-door exterior light and signage placed
[BUILDING] maintenance headquarters ready: 18 trophy slots, 6 gear tiers
[LIGHT RIG] budgets resolved: 64 active / 5 shadow
[SCHEDULE] director live: 18 residents on the clock
[HARUKIYA] 9 interactables placed
[BUILDING] Orison assembled: 8 floors, 565 windows lit, 292 railing details, player in lobby
[BUILDING] 197 low-overhead environment details and 26 story decals
[BUILDING] 64 atmospheric evidence decals
[PASSAGE] late sweep: 117 interior, 765 foreign, 4 shared late-built F01 draws registered
[PASSAGE] root sweep: 17 interior, 971 foreign draws, 37 foreign lights registered
[STREET] 1612 enclosed F01 draws indexed
[LIGHTING] 254 sources active in system; 254 full personalities; profiles steady/breathe/mains/beat/dropout=[55, 54, 49, 45, 51]
[HARUKIYA] AFTER_HOURS, 18 fixtures
[STREET] 175 enclosed F01 draws indexed
[SURFACE] 3947 prop draws layered in triplanar mode (937 materials)
[ENCROACH] 927 prop draws reached across 6 case flats
[ENCROACH] living field on F02 binds 406 materials
[ENCROACH] living field on F04 binds 251 materials
[ENCROACH] living field on F06 binds 231 materials
[ENCROACH] living field on F05 binds 225 materials
[ENCROACH] living field on F03 binds 262 materials
[NAV] collision audit: 393 edges cut by real geometry, 2 island nodes relinked, 0 stair legs obstructed
[M08D SAVE PERF] v2_to_v1 save_ms=12.792 reconstruct_ms=26121.295
  PASS  v2_to_v1 save reconstructs semantic facts through CampaignShell
  PASS  v2_to_v1 preserves exact calendar epoch/start/elapsed through real roots
  PASS  v2_to_v1 preserves acquired capsule provenance and rejects duplicate acquisition
  PASS  v2_to_v1 preserves factual captions and continues the saved choice cycle
  PASS  v2_to_v1 preserves optional optical state or initializes legacy lamp safely
[M08D SAVE EVIDENCE] C:/Users/nate_/AppData/Roaming/PleaseRemainOnTheLine/tests/m08d_7a28773f66bf28a7_v2_to_v1.json
  PASS  production layout remains byte-stable
ORISON V2 TWO-ROOT MATRIX: PASS totals={ "v1_to_v1": 1, "v2_to_v2": 1, "v1_to_v2": 1, "v2_to_v1": 1 } calendar_totals={ "v1_to_v1": 1, "v2_to_v2": 1, "v1_to_v2": 1, "v2_to_v1": 1 } inventory_totals={ "v1_to_v1": 1, "v2_to_v2": 1, "v1_to_v2": 1, "v2_to_v1": 1 } case_totals={ "v1_to_v1": 1, "v2_to_v2": 1, "v1_to_v2": 1, "v2_to_v1": 1 } optical_totals={ "v1_to_v1": 1, "v2_to_v2": 1, "v1_to_v2": 1, "v2_to_v1": 1 } checks=42
