Godot Engine v4.7.1.stable.official.a13da4feb - https://godotengine.org
Vulkan 1.4.341 - Forward+ - Using Device #0: NVIDIA - NVIDIA GeForce RTX 4080

[ACOUSTIC] 550 nodes loaded
ORISON V2 BLOCKOUT: 61 spaces / 26 doors / 87 anchors
[SURFACE] 320 surfaces layered (293 materials)
[PASSAGE HOURS] OPEN; 10 grilles folded
[PASSAGE HOURS] 11 shopfronts, 10 close after 02:00, HARDWARE PAINT keeps night service
[PASSAGE FINISH] 6 gated draws, 3 handcarts, hours active
[V2 PASSAGE] 13 resident cells; 11 doors; 1 shared-service counters
[SCHEDULE] director live: 18 residents on the clock
[ORISON V2 RUNTIME] ready startup_ms=4112.358
[LIGHTING] 56 sources active in system; 56 full personalities; profiles steady/breathe/mains/beat/dropout=[10, 10, 12, 17, 7]
CONNECTED EXTERIOR CHECK: shared world authorities = true
CONNECTED EXTERIOR CHECK: shared service loads the actual authored hardware stock = true
[SURFACE] 30 surfaces layered (17 materials)
[SURFACE] 58 surfaces layered (44 materials)
[SURFACE] 77 surfaces layered (63 materials)
[SURFACE] 96 surfaces layered (82 materials)
[SURFACE] 118 surfaces layered (104 materials)
[SURFACE] 138 surfaces layered (124 materials)
[SURFACE] 168 surfaces layered (152 materials)
[SURFACE] 198 surfaces layered (180 materials)
[SURFACE] 228 surfaces layered (208 materials)
[SURFACE] 251 surfaces layered (229 materials)
[SURFACE] 280 surfaces layered (258 materials)
[SURFACE] 310 surfaces layered (286 materials)
CONNECTED EXTERIOR CHECK: both semantic routes resolve = true
CONNECTED EXTERIOR CHECK: shop starts with a real closed leaf = true
CONNECTED EXTERIOR CHECK: actual player ray/prompt reaches door = true
CONNECTED EXTERIOR CHECK: real storefront opens through input = true
CONNECTED EXTERIOR CHECK: existing maintenance job awaits its authored part = true
CONNECTED EXTERIOR CHECK: actual player ray/prompt reaches counter = true
CONNECTED EXTERIOR CHECK: bodega cannot supply the hardware shop's part or mutate shared inventory = true
CONNECTED EXTERIOR CHECK: interior return retains the same job owner and facts = true
CONNECTED EXTERIOR ROUTE: 18 waypoints; 0 failures
