Godot Engine v4.7.1.stable.official.a13da4feb - https://godotengine.org
Vulkan 1.4.341 - Forward+ - Using Device #0: NVIDIA - NVIDIA GeForce RTX 4080

[ACOUSTIC] 550 nodes loaded
ORISON V2 BLOCKOUT: 61 spaces / 26 doors / 87 anchors
[SURFACE] 320 surfaces layered (293 materials)
[PASSAGE HOURS] OPEN; 10 grilles folded
[PASSAGE HOURS] 11 shopfronts, 10 close after 02:00, HARDWARE PAINT keeps night service
[PASSAGE FINISH] 6 gated draws, 3 handcarts, hours active
[V2 PASSAGE] 13 resident cells; 11 doors; 1 shared-service counters
[SCHEDULE] director live: 18 residents on the clock
[ORISON V2 RUNTIME] ready startup_ms=4113.842
[LIGHTING] 54 sources active in system; 54 full personalities; profiles steady/breathe/mains/beat/dropout=[10, 9, 12, 17, 6]
[SURFACE] 28 surfaces layered (27 materials)
[SURFACE] 47 surfaces layered (46 materials)
[SURFACE] 66 surfaces layered (65 materials)
[SURFACE] 86 surfaces layered (85 materials)
[SURFACE] 108 surfaces layered (107 materials)
[SURFACE] 138 surfaces layered (124 materials)
[SURFACE] 168 surfaces layered (152 materials)
[SURFACE] 198 surfaces layered (180 materials)
[SURFACE] 228 surfaces layered (208 materials)
[SURFACE] 251 surfaces layered (229 materials)
[SURFACE] 280 surfaces layered (258 materials)
[SURFACE] 310 surfaces layered (286 materials)
V2 STREET BOUNDARY ROUTE: 24 waypoints; 0 failures
