00:01.563  blend            | Read blend: "C:\PleaseRemainOnTheLine\art\blender\photo_receiving.blend"
C:\PleaseRemainOnTheLine\art\blender\scripts\inspect_photo_receiving.py:53: DeprecationWarning: 'World.use_nodes' is expected to be removed in Blender 6.0
  scene.world=bpy.data.worlds.new('Inspection');scene.world.use_nodes=True;scene.world.node_tree.nodes['Background'].inputs[0].default_value=(.5,.55,.6,1);scene.world.node_tree.nodes['Background'].inputs[1].default_value=.7
18:24:33 | INFO: Data are loaded, start creating Blender stuff
18:24:33 | INFO: Blender create Mesh node F01_OWN_SHOP_PHOTO_SUPPLIES_retail_shop_photo_supplies_awning_vinyl-col
18:24:33 | INFO: Blender create Mesh node F01_OWN_SHOP_PHOTO_SUPPLIES_retail_shop_photo_supplies_bakelite
18:24:33 | INFO: Blender create Mesh node F01_OWN_SHOP_PHOTO_SUPPLIES_retail_shop_photo_supplies_bakelite_black
18:24:33 | INFO: Blender create Mesh node F01_OWN_SHOP_PHOTO_SUPPLIES_retail_shop_photo_supplies_bakelite_black-col
18:24:33 | INFO: Blender create Mesh node F01_OWN_SHOP_PHOTO_SUPPLIES_retail_shop_photo_supplies_book_ochre-col
18:24:33 | INFO: Blender create Mesh node F01_OWN_SHOP_PHOTO_SUPPLIES_retail_shop_photo_supplies_book_teal-col
18:24:33 | INFO: Blender create Mesh node F01_OWN_SHOP_PHOTO_SUPPLIES_retail_shop_photo_supplies_brass
18:24:33 | INFO: Blender create Mesh node F01_OWN_SHOP_PHOTO_SUPPLIES_retail_shop_photo_supplies_brass_bright-col
18:24:33 | INFO: Blender create Mesh node F01_OWN_SHOP_PHOTO_SUPPLIES_retail_shop_photo_supplies_brass_dull-col
18:24:33 | INFO: Blender create Mesh node F01_OWN_SHOP_PHOTO_SUPPLIES_retail_shop_photo_supplies_cast_iron-col
18:24:33 | INFO: Blender create Mesh node F01_OWN_SHOP_PHOTO_SUPPLIES_retail_shop_photo_supplies_chrome
18:24:33 | INFO: Blender create Mesh node F01_OWN_SHOP_PHOTO_SUPPLIES_retail_shop_photo_supplies_concrete-col
18:24:33 | INFO: Blender create Mesh node F01_OWN_SHOP_PHOTO_SUPPLIES_retail_shop_photo_supplies_enamel
18:24:33 | INFO: Blender create Mesh node F01_OWN_SHOP_PHOTO_SUPPLIES_retail_shop_photo_supplies_enamel-col
18:24:33 | INFO: Blender create Mesh node F01_OWN_SHOP_PHOTO_SUPPLIES_retail_shop_photo_supplies_felt_violet-col
18:24:33 | INFO: Blender create Mesh node F01_OWN_SHOP_PHOTO_SUPPLIES_retail_shop_photo_supplies_fx_shadow
18:24:33 | INFO: Blender create Mesh node F01_OWN_SHOP_PHOTO_SUPPLIES_retail_shop_photo_supplies_glassish-col
18:24:33 | INFO: Blender create Mesh node F01_OWN_SHOP_PHOTO_SUPPLIES_retail_shop_photo_supplies_hull-colonly
18:24:33 | INFO: Blender create Mesh node F01_OWN_SHOP_PHOTO_SUPPLIES_retail_shop_photo_supplies_lacquer_red-col
18:24:33 | INFO: Blender create Mesh node F01_OWN_SHOP_PHOTO_SUPPLIES_retail_shop_photo_supplies_linoleum-col
18:24:33 | INFO: Blender create Mesh node F01_OWN_SHOP_PHOTO_SUPPLIES_retail_shop_photo_supplies_metal-col
18:24:33 | INFO: Blender create Mesh node F01_OWN_SHOP_PHOTO_SUPPLIES_retail_shop_photo_supplies_milk_glass
18:24:33 | INFO: Blender create Mesh node F01_OWN_SHOP_PHOTO_SUPPLIES_retail_shop_photo_supplies_nickel_plated-col
18:24:33 | INFO: Blender create Mesh node F01_OWN_SHOP_PHOTO_SUPPLIES_retail_shop_photo_supplies_paper-col
18:24:33 | INFO: Blender create Mesh node F01_OWN_SHOP_PHOTO_SUPPLIES_retail_shop_photo_supplies_plaster-col
18:24:33 | INFO: Blender create Mesh node F01_OWN_SHOP_PHOTO_SUPPLIES_retail_shop_photo_supplies_plaster_stained-col
18:24:33 | INFO: Blender create Mesh node F01_OWN_SHOP_PHOTO_SUPPLIES_retail_shop_photo_supplies_plywood-col
18:24:33 | INFO: Blender create Mesh node F01_OWN_SHOP_PHOTO_SUPPLIES_retail_shop_photo_supplies_screen
18:24:33 | INFO: Blender create Mesh node F01_OWN_SHOP_PHOTO_SUPPLIES_retail_shop_photo_supplies_terracotta
18:24:33 | INFO: Blender create Mesh node F01_OWN_SHOP_PHOTO_SUPPLIES_retail_shop_photo_supplies_timber-col
18:24:33 | INFO: Blender create Mesh node F01_OWN_SHOP_PHOTO_SUPPLIES_retail_shop_photo_supplies_tin_ceiling-col
18:24:33 | INFO: Blender create Mesh node F01_OWN_SHOP_PHOTO_SUPPLIES_retail_shop_photo_supplies_trim-col
18:24:33 | INFO: Blender create Mesh node F01_OWN_SHOP_PHOTO_SUPPLIES_retail_shop_photo_supplies_wainscot-col
18:24:33 | INFO: Blender create Mesh node F01_OWN_SHOP_PHOTO_SUPPLIES_retail_shop_photo_supplies_wood_dark-col
18:24:33 | INFO: Blender create Mesh node F01_OWN_SHOP_PHOTO_SUPPLIES_wear_fx_scuff
18:24:33 | INFO: glTF import finished in 0.13s
00:07.641  render           | Saved: 'C:\PleaseRemainOnTheLine\tmp\v2-finish-review\photo-chassis-native\chassis_front.png'
00:09.266  render           | Saved: 'C:\PleaseRemainOnTheLine\tmp\v2-finish-review\photo-chassis-native\chassis_side.png'
00:10.875  render           | Saved: 'C:\PleaseRemainOnTheLine\tmp\v2-finish-review\photo-chassis-native\chassis_rear.png'
00:14.344  render           | Saved: 'C:\PleaseRemainOnTheLine\tmp\v2-finish-review\photo-chassis-native\scope_aperture.png'
00:16.641  render           | Saved: 'C:\PleaseRemainOnTheLine\tmp\v2-finish-review\photo-chassis-native\floor_feet.png'
00:19.391  render           | Saved: 'C:\PleaseRemainOnTheLine\tmp\v2-finish-review\photo-chassis-native\braided_flex.png'
00:22.281  render           | Saved: 'C:\PleaseRemainOnTheLine\tmp\v2-finish-review\photo-chassis-native\closed_service_hatch.png'
00:26.203  render           | Saved: 'C:\PleaseRemainOnTheLine\tmp\v2-finish-review\photo-chassis-native\service_stock_open.png'
00:30.000  render           | Saved: 'C:\PleaseRemainOnTheLine\tmp\v2-finish-review\photo-chassis-native\base_wet_cells.png'
00:34.578  render           | Saved: 'C:\PleaseRemainOnTheLine\tmp\v2-finish-review\photo-chassis-native\inside_lid_schematic.png'
PHOTO RECEIVING NATIVE QA 417 closed connected stocks; 1 joined assembly; 4 retained floor contacts; 10 views
Blender 5.2.0 LTS (hash fbe6228777e7 built 2026-07-14 01:35:40)

Blender quit
