C:\PleaseRemainOnTheLine\art\blender\scripts\build_photo_receiving.py:61: DeprecationWarning: 'Material.use_nodes' is expected to be removed in Blender 6.0
  mat=bpy.data.materials.new(key);mat.use_nodes=True;materials[key]=mat
Extensions: writing cache failed ([WinError 183] Cannot create a file when that file already exists: 'C:\\Users\\nate_\\AppData\\Roaming\\Blender Foundation\\Blender\\5.2\\extensions\\.cache').
Info: Saved as "photo_receiving.blend"
INFO Draco is available, use library at C:\Program Files\Blender Foundation\Blender 5.2\5.2\scripts\addons_core\io_scene_gltf2\bf_intern_draco_bridge.dll
INFO MeshOptimizer is available, use library at C:\Program Files\Blender Foundation\Blender 5.2\5.2\scripts\addons_core\io_scene_gltf2\bf_intern_meshopt_bridge.dll
18:22:58 | INFO: Starting glTF 2.0 export
18:22:58 | INFO: Extracting primitive: storm_shopcab_photo_supplies0__bakelite
18:22:58 | INFO: Primitives created: 1
18:22:58 | INFO: Extracting primitive: storm_shopcab_photo_supplies0__bakelite__service_panel
18:22:58 | INFO: Primitives created: 1
18:22:58 | INFO: Extracting primitive: storm_shopcab_photo_supplies0__bakelite_black
18:22:58 | INFO: Primitives created: 1
18:22:58 | INFO: Extracting primitive: storm_shopcab_photo_supplies0__bakelite_black__schematic_traces
18:22:58 | INFO: Primitives created: 1
18:22:58 | INFO: Extracting primitive: storm_shopcab_photo_supplies0__brass_dull
18:22:59 | INFO: Primitives created: 1
18:22:59 | INFO: Extracting primitive: storm_shopcab_photo_supplies0__brass_dull__service_latch
18:22:59 | INFO: Primitives created: 1
18:22:59 | INFO: Extracting primitive: storm_shopcab_photo_supplies0__copper_aged
18:22:59 | INFO: Primitives created: 1
18:22:59 | INFO: Extracting primitive: storm_shopcab_photo_supplies0__enamel_appliance
18:22:59 | INFO: Primitives created: 1
18:22:59 | INFO: Extracting primitive: storm_shopcab_photo_supplies0__fabric_warm
18:22:59 | INFO: Primitives created: 1
18:22:59 | INFO: Extracting primitive: storm_shopcab_photo_supplies0__milk_glass
18:22:59 | INFO: Primitives created: 1
18:22:59 | INFO: Extracting primitive: storm_shopcab_photo_supplies0__paper
18:22:59 | INFO: Primitives created: 1
18:22:59 | INFO: Finished glTF 2.0 export in 0.09560441970825195 s
Blender 5.2.0 LTS (hash fbe6228777e7 built 2026-07-14 01:35:40)

PHOTO RECEIVING bootstrap exported editable native and glTF; import and rebuild before a bound fixture.
