WARNING: 'res://assets/building/floor_01_cells/shop_bar.gltf': In external resource #0, invalid UID: 'uid://cnypskb1evk7k' - using text path instead: 'res://assets/building/textures/T_ai_materials_bakelite_b_albedo.png'.
   at: open (core/io/resource_format_binary.cpp:1025)
   GDScript backtrace (most recent call first):
       [0] _ready (res://scripts/building/orison_v2_bar_region.gd:48)
       [1] _compose_exterior (res://scripts/building/orison_v2_runtime_root.gd:644)
       [2] _compose_authorities (res://scripts/building/orison_v2_runtime_root.gd:343)
       [3] _ready (res://scripts/building/orison_v2_runtime_root.gd:162)
       [4] _run (res://tests/orison_v2_environment_dossier_sweep.gd:31)
WARNING: 'res://assets/building/floor_01_cells/shop_bar.gltf': In external resource #1, invalid UID: 'uid://duada4px3pgur' - using text path instead: 'res://assets/building/textures/T_ai_materials_bakelite_b_rough.png'.
   at: open (core/io/resource_format_binary.cpp:1025)
   GDScript backtrace (most recent call first):
       [0] _ready (res://scripts/building/orison_v2_bar_region.gd:48)
       [1] _compose_exterior (res://scripts/building/orison_v2_runtime_root.gd:644)
       [2] _compose_authorities (res://scripts/building/orison_v2_runtime_root.gd:343)
       [3] _ready (res://scripts/building/orison_v2_runtime_root.gd:162)
       [4] _run (res://tests/orison_v2_environment_dossier_sweep.gd:31)
WARNING: 'res://assets/building/floor_01_cells/shop_bar.gltf': In external resource #2, invalid UID: 'uid://l13dnvvf86l0' - using text path instead: 'res://assets/building/textures/T_ai_materials_bakelite_b_normal.png'.
   at: open (core/io/resource_format_binary.cpp:1025)
   GDScript backtrace (most recent call first):
       [0] _ready (res://scripts/building/orison_v2_bar_region.gd:48)
       [1] _compose_exterior (res://scripts/building/orison_v2_runtime_root.gd:644)
       [2] _compose_authorities (res://scripts/building/orison_v2_runtime_root.gd:343)
       [3] _ready (res://scripts/building/orison_v2_runtime_root.gd:162)
       [4] _run (res://tests/orison_v2_environment_dossier_sweep.gd:31)
WARNING: 'res://assets/building/floor_01_cells/shop_bar.gltf': In external resource #6, invalid UID: 'uid://if4e0r1qjquo' - using text path instead: 'res://assets/building/textures/T_library_furniture_book_teal_albedo.png'.
   at: open (core/io/resource_format_binary.cpp:1025)
   GDScript backtrace (most recent call first):
       [0] _ready (res://scripts/building/orison_v2_bar_region.gd:48)
       [1] _compose_exterior (res://scripts/building/orison_v2_runtime_root.gd:644)
       [2] _compose_authorities (res://scripts/building/orison_v2_runtime_root.gd:343)
       [3] _ready (res://scripts/building/orison_v2_runtime_root.gd:162)
       [4] _run (res://tests/orison_v2_environment_dossier_sweep.gd:31)
WARNING: 'res://assets/building/floor_01_cells/shop_bar.gltf': In external resource #7, invalid UID: 'uid://dp78xycfetrhq' - using text path instead: 'res://assets/building/textures/T_library_furniture_book_teal_rough.png'.
   at: open (core/io/resource_format_binary.cpp:1025)
   GDScript backtrace (most recent call first):
       [0] _ready (res://scripts/building/orison_v2_bar_region.gd:48)
       [1] _compose_exterior (res://scripts/building/orison_v2_runtime_root.gd:644)
       [2] _compose_authorities (res://scripts/building/orison_v2_runtime_root.gd:343)
       [3] _ready (res://scripts/building/orison_v2_runtime_root.gd:162)
       [4] _run (res://tests/orison_v2_environment_dossier_sweep.gd:31)
WARNING: 'res://assets/building/floor_01_cells/shop_bar.gltf': In external resource #8, invalid UID: 'uid://bbi7h3yhgurb8' - using text path instead: 'res://assets/building/textures/T_library_furniture_book_teal_normal.png'.
   at: open (core/io/resource_format_binary.cpp:1025)
   GDScript backtrace (most recent call first):
       [0] _ready (res://scripts/building/orison_v2_bar_region.gd:48)
       [1] _compose_exterior (res://scripts/building/orison_v2_runtime_root.gd:644)
       [2] _compose_authorities (res://scripts/building/orison_v2_runtime_root.gd:343)
       [3] _ready (res://scripts/building/orison_v2_runtime_root.gd:162)
       [4] _run (res://tests/orison_v2_environment_dossier_sweep.gd:31)
WARNING: 'res://assets/building/floor_01_cells/shop_bar.gltf': In external resource #9, invalid UID: 'uid://c6jbqqxscssbx' - using text path instead: 'res://assets/building/textures/T_ai_materials_brass_b_albedo.png'.
   at: open (core/io/resource_format_binary.cpp:1025)
   GDScript backtrace (most recent call first):
       [0] _ready (res://scripts/building/orison_v2_bar_region.gd:48)
       [1] _compose_exterior (res://scripts/building/orison_v2_runtime_root.gd:644)
       [2] _compose_authorities (res://scripts/building/orison_v2_runtime_root.gd:343)
       [3] _ready (res://scripts/building/orison_v2_runtime_root.gd:162)
       [4] _run (res://tests/orison_v2_environment_dossier_sweep.gd:31)
WARNING: 'res://assets/building/floor_01_cells/shop_bar.gltf': In external resource #10, invalid UID: 'uid://qeuopme6domp' - using text path instead: 'res://assets/building/textures/T_ai_materials_brass_b_rough.png'.
   at: open (core/io/resource_format_binary.cpp:1025)
   GDScript backtrace (most recent call first):
       [0] _ready (res://scripts/building/orison_v2_bar_region.gd:48)
       [1] _compose_exterior (res://scripts/building/orison_v2_runtime_root.gd:644)
       [2] _compose_authorities (res://scripts/building/orison_v2_runtime_root.gd:343)
       [3] _ready (res://scripts/building/orison_v2_runtime_root.gd:162)
       [4] _run (res://tests/orison_v2_environment_dossier_sweep.gd:31)
WARNING: 'res://assets/building/floor_01_cells/shop_bar.gltf': In external resource #11, invalid UID: 'uid://c6p02yidp4fny' - using text path instead: 'res://assets/building/textures/T_ai_materials_brass_b_normal.png'.
   at: open (core/io/resource_format_binary.cpp:1025)
   GDScript backtrace (most recent call first):
       [0] _ready (res://scripts/building/orison_v2_bar_region.gd:48)
       [1] _compose_exterior (res://scripts/building/orison_v2_runtime_root.gd:644)
       [2] _compose_authorities (res://scripts/building/orison_v2_runtime_root.gd:343)
       [3] _ready (res://scripts/building/orison_v2_runtime_root.gd:162)
       [4] _run (res://tests/orison_v2_environment_dossier_sweep.gd:31)
WARNING: 'res://assets/building/floor_01_cells/shop_bar.gltf': In external resource #18, invalid UID: 'uid://booewsfqhp40v' - using text path instead: 'res://assets/building/textures/T_ai_materials_cast_iron_b_albedo.png'.
   at: open (core/io/resource_format_binary.cpp:1025)
   GDScript backtrace (most recent call first):
       [0] _ready (res://scripts/building/orison_v2_bar_region.gd:48)
       [1] _compose_exterior (res://scripts/building/orison_v2_runtime_root.gd:644)
       [2] _compose_authorities (res://scripts/building/orison_v2_runtime_root.gd:343)
       [3] _ready (res://scripts/building/orison_v2_runtime_root.gd:162)
       [4] _run (res://tests/orison_v2_environment_dossier_sweep.gd:31)
WARNING: 'res://assets/building/floor_01_cells/shop_bar.gltf': In external resource #19, invalid UID: 'uid://cyvjyvhlqs8ws' - using text path instead: 'res://assets/building/textures/T_ai_materials_cast_iron_b_rough.png'.
   at: open (core/io/resource_format_binary.cpp:1025)
   GDScript backtrace (most recent call first):
       [0] _ready (res://scripts/building/orison_v2_bar_region.gd:48)
       [1] _compose_exterior (res://scripts/building/orison_v2_runtime_root.gd:644)
       [2] _compose_authorities (res://scripts/building/orison_v2_runtime_root.gd:343)
       [3] _ready (res://scripts/building/orison_v2_runtime_root.gd:162)
       [4] _run (res://tests/orison_v2_environment_dossier_sweep.gd:31)
WARNING: 'res://assets/building/floor_01_cells/shop_bar.gltf': In external resource #20, invalid UID: 'uid://0j2ur8s6k8ty' - using text path instead: 'res://assets/building/textures/T_ai_materials_cast_iron_b_normal.png'.
   at: open (core/io/resource_format_binary.cpp:1025)
   GDScript backtrace (most recent call first):
       [0] _ready (res://scripts/building/orison_v2_bar_region.gd:48)
       [1] _compose_exterior (res://scripts/building/orison_v2_runtime_root.gd:644)
       [2] _compose_authorities (res://scripts/building/orison_v2_runtime_root.gd:343)
       [3] _ready (res://scripts/building/orison_v2_runtime_root.gd:162)
       [4] _run (res://tests/orison_v2_environment_dossier_sweep.gd:31)
WARNING: 'res://assets/building/floor_01_cells/shop_bar.gltf': In external resource #21, invalid UID: 'uid://dnjrao125ekb3' - using text path instead: 'res://assets/building/textures/T_ai_materials_chrome_b_albedo.png'.
   at: open (core/io/resource_format_binary.cpp:1025)
   GDScript backtrace (most recent call first):
       [0] _ready (res://scripts/building/orison_v2_bar_region.gd:48)
       [1] _compose_exterior (res://scripts/building/orison_v2_runtime_root.gd:644)
       [2] _compose_authorities (res://scripts/building/orison_v2_runtime_root.gd:343)
       [3] _ready (res://scripts/building/orison_v2_runtime_root.gd:162)
       [4] _run (res://tests/orison_v2_environment_dossier_sweep.gd:31)
WARNING: 'res://assets/building/floor_01_cells/shop_bar.gltf': In external resource #22, invalid UID: 'uid://lyx4be8si7yy' - using text path instead: 'res://assets/building/textures/T_ai_materials_chrome_b_rough.png'.
   at: open (core/io/resource_format_binary.cpp:1025)
   GDScript backtrace (most recent call first):
       [0] _ready (res://scripts/building/orison_v2_bar_region.gd:48)
       [1] _compose_exterior (res://scripts/building/orison_v2_runtime_root.gd:644)
       [2] _compose_authorities (res://scripts/building/orison_v2_runtime_root.gd:343)
       [3] _ready (res://scripts/building/orison_v2_runtime_root.gd:162)
       [4] _run (res://tests/orison_v2_environment_dossier_sweep.gd:31)
WARNING: 'res://assets/building/floor_01_cells/shop_bar.gltf': In external resource #23, invalid UID: 'uid://bc845vo1ks2nm' - using text path instead: 'res://assets/building/textures/T_ai_materials_chrome_b_normal.png'.
   at: open (core/io/resource_format_binary.cpp:1025)
   GDScript backtrace (most recent call first):
       [0] _ready (res://scripts/building/orison_v2_bar_region.gd:48)
       [1] _compose_exterior (res://scripts/building/orison_v2_runtime_root.gd:644)
       [2] _compose_authorities (res://scripts/building/orison_v2_runtime_root.gd:343)
       [3] _ready (res://scripts/building/orison_v2_runtime_root.gd:162)
       [4] _run (res://tests/orison_v2_environment_dossier_sweep.gd:31)
WARNING: 'res://assets/building/floor_01_cells/shop_bar.gltf': In external resource #24, invalid UID: 'uid://ca1syjbeyb3pa' - using text path instead: 'res://assets/building/textures/T_ai_materials_enamel_b_albedo.png'.
   at: open (core/io/resource_format_binary.cpp:1025)
   GDScript backtrace (most recent call first):
       [0] _ready (res://scripts/building/orison_v2_bar_region.gd:48)
       [1] _compose_exterior (res://scripts/building/orison_v2_runtime_root.gd:644)
       [2] _compose_authorities (res://scripts/building/orison_v2_runtime_root.gd:343)
       [3] _ready (res://scripts/building/orison_v2_runtime_root.gd:162)
       [4] _run (res://tests/orison_v2_environment_dossier_sweep.gd:31)
WARNING: 'res://assets/building/floor_01_cells/shop_bar.gltf': In external resource #25, invalid UID: 'uid://fbo5gs1g3crk' - using text path instead: 'res://assets/building/textures/T_ai_materials_enamel_b_rough.png'.
   at: open (core/io/resource_format_binary.cpp:1025)
   GDScript backtrace (most recent call first):
       [0] _ready (res://scripts/building/orison_v2_bar_region.gd:48)
       [1] _compose_exterior (res://scripts/building/orison_v2_runtime_root.gd:644)
       [2] _compose_authorities (res://scripts/building/orison_v2_runtime_root.gd:343)
       [3] _ready (res://scripts/building/orison_v2_runtime_root.gd:162)
       [4] _run (res://tests/orison_v2_environment_dossier_sweep.gd:31)
WARNING: 'res://assets/building/floor_01_cells/shop_bar.gltf': In external resource #26, invalid UID: 'uid://cpbnldceqnfyi' - using text path instead: 'res://assets/building/textures/T_ai_materials_enamel_b_normal.png'.
   at: open (core/io/resource_format_binary.cpp:1025)
   GDScript backtrace (most recent call first):
       [0] _ready (res://scripts/building/orison_v2_bar_region.gd:48)
       [1] _compose_exterior (res://scripts/building/orison_v2_runtime_root.gd:644)
       [2] _compose_authorities (res://scripts/building/orison_v2_runtime_root.gd:343)
       [3] _ready (res://scripts/building/orison_v2_runtime_root.gd:162)
       [4] _run (res://tests/orison_v2_environment_dossier_sweep.gd:31)
WARNING: 'res://assets/building/floor_01_cells/shop_bar.gltf': In external resource #27, invalid UID: 'uid://dvqd0a8goj486' - using text path instead: 'res://assets/building/textures/T_ai_materials_fabric_cool_b_albedo.png'.
   at: open (core/io/resource_format_binary.cpp:1025)
   GDScript backtrace (most recent call first):
       [0] _ready (res://scripts/building/orison_v2_bar_region.gd:48)
       [1] _compose_exterior (res://scripts/building/orison_v2_runtime_root.gd:644)
       [2] _compose_authorities (res://scripts/building/orison_v2_runtime_root.gd:343)
       [3] _ready (res://scripts/building/orison_v2_runtime_root.gd:162)
       [4] _run (res://tests/orison_v2_environment_dossier_sweep.gd:31)
WARNING: 'res://assets/building/floor_01_cells/shop_bar.gltf': In external resource #28, invalid UID: 'uid://sip4ybr1vdy2' - using text path instead: 'res://assets/building/textures/T_ai_materials_fabric_cool_b_rough.png'.
   at: open (core/io/resource_format_binary.cpp:1025)
   GDScript backtrace (most recent call first):
       [0] _ready (res://scripts/building/orison_v2_bar_region.gd:48)
       [1] _compose_exterior (res://scripts/building/orison_v2_runtime_root.gd:644)
       [2] _compose_authorities (res://scripts/building/orison_v2_runtime_root.gd:343)
       [3] _ready (res://scripts/building/orison_v2_runtime_root.gd:162)
       [4] _run (res://tests/orison_v2_environment_dossier_sweep.gd:31)
WARNING: 'res://assets/building/floor_01_cells/shop_bar.gltf': In external resource #29, invalid UID: 'uid://b4gxaqpu7kyxp' - using text path instead: 'res://assets/building/textures/T_ai_materials_fabric_cool_b_normal.png'.
   at: open (core/io/resource_format_binary.cpp:1025)
   GDScript backtrace (most recent call first):
       [0] _ready (res://scripts/building/orison_v2_bar_region.gd:48)
       [1] _compose_exterior (res://scripts/building/orison_v2_runtime_root.gd:644)
       [2] _compose_authorities (res://scripts/building/orison_v2_runtime_root.gd:343)
       [3] _ready (res://scripts/building/orison_v2_runtime_root.gd:162)
       [4] _run (res://tests/orison_v2_environment_dossier_sweep.gd:31)
WARNING: 'res://assets/building/floor_01_cells/shop_bar.gltf': In external resource #30, invalid UID: 'uid://d1q4bkyyo27dk' - using text path instead: 'res://assets/building/textures/T_ai_materials_fabric_green_b_albedo.png'.
   at: open (core/io/resource_format_binary.cpp:1025)
   GDScript backtrace (most recent call first):
       [0] _ready (res://scripts/building/orison_v2_bar_region.gd:48)
       [1] _compose_exterior (res://scripts/building/orison_v2_runtime_root.gd:644)
       [2] _compose_authorities (res://scripts/building/orison_v2_runtime_root.gd:343)
       [3] _ready (res://scripts/building/orison_v2_runtime_root.gd:162)
       [4] _run (res://tests/orison_v2_environment_dossier_sweep.gd:31)
WARNING: 'res://assets/building/floor_01_cells/shop_bar.gltf': In external resource #31, invalid UID: 'uid://djircb6slckkm' - using text path instead: 'res://assets/building/textures/T_ai_materials_fabric_green_b_rough.png'.
   at: open (core/io/resource_format_binary.cpp:1025)
   GDScript backtrace (most recent call first):
       [0] _ready (res://scripts/building/orison_v2_bar_region.gd:48)
       [1] _compose_exterior (res://scripts/building/orison_v2_runtime_root.gd:644)
       [2] _compose_authorities (res://scripts/building/orison_v2_runtime_root.gd:343)
       [3] _ready (res://scripts/building/orison_v2_runtime_root.gd:162)
       [4] _run (res://tests/orison_v2_environment_dossier_sweep.gd:31)
WARNING: 'res://assets/building/floor_01_cells/shop_bar.gltf': In external resource #32, invalid UID: 'uid://byaedfx77nnvb' - using text path instead: 'res://assets/building/textures/T_ai_materials_fabric_green_b_normal.png'.
   at: open (core/io/resource_format_binary.cpp:1025)
   GDScript backtrace (most recent call first):
       [0] _ready (res://scripts/building/orison_v2_bar_region.gd:48)
       [1] _compose_exterior (res://scripts/building/orison_v2_runtime_root.gd:644)
       [2] _compose_authorities (res://scripts/building/orison_v2_runtime_root.gd:343)
       [3] _ready (res://scripts/building/orison_v2_runtime_root.gd:162)
       [4] _run (res://tests/orison_v2_environment_dossier_sweep.gd:31)
WARNING: 'res://assets/building/floor_01_cells/shop_bar.gltf': In external resource #33, invalid UID: 'uid://bfbs8cmelvims' - using text path instead: 'res://assets/building/textures/T_ai_materials_fabric_warm_b_albedo.png'.
   at: open (core/io/resource_format_binary.cpp:1025)
   GDScript backtrace (most recent call first):
       [0] _ready (res://scripts/building/orison_v2_bar_region.gd:48)
       [1] _compose_exterior (res://scripts/building/orison_v2_runtime_root.gd:644)
       [2] _compose_authorities (res://scripts/building/orison_v2_runtime_root.gd:343)
       [3] _ready (res://scripts/building/orison_v2_runtime_root.gd:162)
       [4] _run (res://tests/orison_v2_environment_dossier_sweep.gd:31)
WARNING: 'res://assets/building/floor_01_cells/shop_bar.gltf': In external resource #34, invalid UID: 'uid://dby5ery2a3jg' - using text path instead: 'res://assets/building/textures/T_ai_materials_fabric_warm_b_rough.png'.
   at: open (core/io/resource_format_binary.cpp:1025)
   GDScript backtrace (most recent call first):
       [0] _ready (res://scripts/building/orison_v2_bar_region.gd:48)
       [1] _compose_exterior (res://scripts/building/orison_v2_runtime_root.gd:644)
       [2] _compose_authorities (res://scripts/building/orison_v2_runtime_root.gd:343)
       [3] _ready (res://scripts/building/orison_v2_runtime_root.gd:162)
       [4] _run (res://tests/orison_v2_environment_dossier_sweep.gd:31)
WARNING: 'res://assets/building/floor_01_cells/shop_bar.gltf': In external resource #35, invalid UID: 'uid://cwblml3fuloiw' - using text path instead: 'res://assets/building/textures/T_ai_materials_fabric_warm_b_normal.png'.
   at: open (core/io/resource_format_binary.cpp:1025)
   GDScript backtrace (most recent call first):
       [0] _ready (res://scripts/building/orison_v2_bar_region.gd:48)
       [1] _compose_exterior (res://scripts/building/orison_v2_runtime_root.gd:644)
       [2] _compose_authorities (res://scripts/building/orison_v2_runtime_root.gd:343)
       [3] _ready (res://scripts/building/orison_v2_runtime_root.gd:162)
       [4] _run (res://tests/orison_v2_environment_dossier_sweep.gd:31)
WARNING: 'res://assets/building/floor_01_cells/shop_bar.gltf': In external resource #36, invalid UID: 'uid://b5hmsnywby7m4' - using text path instead: 'res://assets/building/textures/T_ai_materials_felt_violet_b_albedo.png'.
   at: open (core/io/resource_format_binary.cpp:1025)
   GDScript backtrace (most recent call first):
       [0] _ready (res://scripts/building/orison_v2_bar_region.gd:48)
       [1] _compose_exterior (res://scripts/building/orison_v2_runtime_root.gd:644)
       [2] _compose_authorities (res://scripts/building/orison_v2_runtime_root.gd:343)
       [3] _ready (res://scripts/building/orison_v2_runtime_root.gd:162)
       [4] _run (res://tests/orison_v2_environment_dossier_sweep.gd:31)
WARNING: 'res://assets/building/floor_01_cells/shop_bar.gltf': In external resource #37, invalid UID: 'uid://sd8na7a1scq1' - using text path instead: 'res://assets/building/textures/T_ai_materials_felt_violet_b_rough.png'.
   at: open (core/io/resource_format_binary.cpp:1025)
   GDScript backtrace (most recent call first):
       [0] _ready (res://scripts/building/orison_v2_bar_region.gd:48)
       [1] _compose_exterior (res://scripts/building/orison_v2_runtime_root.gd:644)
       [2] _compose_authorities (res://scripts/building/orison_v2_runtime_root.gd:343)
       [3] _ready (res://scripts/building/orison_v2_runtime_root.gd:162)
       [4] _run (res://tests/orison_v2_environment_dossier_sweep.gd:31)
WARNING: 'res://assets/building/floor_01_cells/shop_bar.gltf': In external resource #38, invalid UID: 'uid://dx2i8845r5oh5' - using text path instead: 'res://assets/building/textures/T_ai_materials_felt_violet_b_normal.png'.
   at: open (core/io/resource_format_binary.cpp:1025)
   GDScript backtrace (most recent call first):
       [0] _ready (res://scripts/building/orison_v2_bar_region.gd:48)
       [1] _compose_exterior (res://scripts/building/orison_v2_runtime_root.gd:644)
       [2] _compose_authorities (res://scripts/building/orison_v2_runtime_root.gd:343)
       [3] _ready (res://scripts/building/orison_v2_runtime_root.gd:162)
       [4] _run (res://tests/orison_v2_environment_dossier_sweep.gd:31)
WARNING: 'res://assets/building/floor_01_cells/shop_bar.gltf': In external resource #39, invalid UID: 'uid://c2yf6ti4ecl7f' - using text path instead: 'res://assets/building/textures/T_ai_materials_floor_oak_b_albedo.png'.
   at: open (core/io/resource_format_binary.cpp:1025)
   GDScript backtrace (most recent call first):
       [0] _ready (res://scripts/building/orison_v2_bar_region.gd:48)
       [1] _compose_exterior (res://scripts/building/orison_v2_runtime_root.gd:644)
       [2] _compose_authorities (res://scripts/building/orison_v2_runtime_root.gd:343)
       [3] _ready (res://scripts/building/orison_v2_runtime_root.gd:162)
       [4] _run (res://tests/orison_v2_environment_dossier_sweep.gd:31)
WARNING: 'res://assets/building/floor_01_cells/shop_bar.gltf': In external resource #40, invalid UID: 'uid://cb1lcy2luuixp' - using text path instead: 'res://assets/building/textures/T_ai_materials_floor_oak_b_rough.png'.
   at: open (core/io/resource_format_binary.cpp:1025)
   GDScript backtrace (most recent call first):
       [0] _ready (res://scripts/building/orison_v2_bar_region.gd:48)
       [1] _compose_exterior (res://scripts/building/orison_v2_runtime_root.gd:644)
       [2] _compose_authorities (res://scripts/building/orison_v2_runtime_root.gd:343)
       [3] _ready (res://scripts/building/orison_v2_runtime_root.gd:162)
       [4] _run (res://tests/orison_v2_environment_dossier_sweep.gd:31)
WARNING: 'res://assets/building/floor_01_cells/shop_bar.gltf': In external resource #41, invalid UID: 'uid://dtjc402n3nkaa' - using text path instead: 'res://assets/building/textures/T_ai_materials_floor_oak_b_normal.png'.
   at: open (core/io/resource_format_binary.cpp:1025)
   GDScript backtrace (most recent call first):
       [0] _ready (res://scripts/building/orison_v2_bar_region.gd:48)
       [1] _compose_exterior (res://scripts/building/orison_v2_runtime_root.gd:644)
       [2] _compose_authorities (res://scripts/building/orison_v2_runtime_root.gd:343)
       [3] _ready (res://scripts/building/orison_v2_runtime_root.gd:162)
       [4] _run (res://tests/orison_v2_environment_dossier_sweep.gd:31)
WARNING: 'res://assets/building/floor_01_cells/shop_bar.gltf': In external resource #42, invalid UID: 'uid://ddcwj22g5i2sc' - using text path instead: 'res://assets/building/textures/T_fx_fx_shadow.png'.
   at: open (core/io/resource_format_binary.cpp:1025)
   GDScript backtrace (most recent call first):
       [0] _ready (res://scripts/building/orison_v2_bar_region.gd:48)
       [1] _compose_exterior (res://scripts/building/orison_v2_runtime_root.gd:644)
       [2] _compose_authorities (res://scripts/building/orison_v2_runtime_root.gd:343)
       [3] _ready (res://scripts/building/orison_v2_runtime_root.gd:162)
       [4] _run (res://tests/orison_v2_environment_dossier_sweep.gd:31)
WARNING: 'res://assets/building/floor_01_cells/shop_bar.gltf': In external resource #43, invalid UID: 'uid://cng4aviq1v3cu' - using text path instead: 'res://assets/building/textures/T_glass_rough.png'.
   at: open (core/io/resource_format_binary.cpp:1025)
   GDScript backtrace (most recent call first):
       [0] _ready (res://scripts/building/orison_v2_bar_region.gd:48)
       [1] _compose_exterior (res://scripts/building/orison_v2_runtime_root.gd:644)
       [2] _compose_authorities (res://scripts/building/orison_v2_runtime_root.gd:343)
       [3] _ready (res://scripts/building/orison_v2_runtime_root.gd:162)
       [4] _run (res://tests/orison_v2_environment_dossier_sweep.gd:31)
WARNING: 'res://assets/building/floor_01_cells/shop_bar.gltf': In external resource #44, invalid UID: 'uid://b87hvdesad3rq' - using text path instead: 'res://assets/building/textures/T_glass_normal.png'.
   at: open (core/io/resource_format_binary.cpp:1025)
   GDScript backtrace (most recent call first):
       [0] _ready (res://scripts/building/orison_v2_bar_region.gd:48)
       [1] _compose_exterior (res://scripts/building/orison_v2_runtime_root.gd:644)
       [2] _compose_authorities (res://scripts/building/orison_v2_runtime_root.gd:343)
       [3] _ready (res://scripts/building/orison_v2_runtime_root.gd:162)
       [4] _run (res://tests/orison_v2_environment_dossier_sweep.gd:31)
WARNING: 'res://assets/building/floor_01_cells/shop_bar.gltf': In external resource #45, invalid UID: 'uid://nntsrfur3rxu' - using text path instead: 'res://assets/building/textures/T_ai_materials_handrail_wood_b_albedo.png'.
   at: open (core/io/resource_format_binary.cpp:1025)
   GDScript backtrace (most recent call first):
       [0] _ready (res://scripts/building/orison_v2_bar_region.gd:48)
       [1] _compose_exterior (res://scripts/building/orison_v2_runtime_root.gd:644)
       [2] _compose_authorities (res://scripts/building/orison_v2_runtime_root.gd:343)
       [3] _ready (res://scripts/building/orison_v2_runtime_root.gd:162)
       [4] _run (res://tests/orison_v2_environment_dossier_sweep.gd:31)
WARNING: 'res://assets/building/floor_01_cells/shop_bar.gltf': In external resource #46, invalid UID: 'uid://40x7gp7nuepk' - using text path instead: 'res://assets/building/textures/T_ai_materials_handrail_wood_b_rough.png'.
   at: open (core/io/resource_format_binary.cpp:1025)
   GDScript backtrace (most recent call first):
       [0] _ready (res://scripts/building/orison_v2_bar_region.gd:48)
       [1] _compose_exterior (res://scripts/building/orison_v2_runtime_root.gd:644)
       [2] _compose_authorities (res://scripts/building/orison_v2_runtime_root.gd:343)
       [3] _ready (res://scripts/building/orison_v2_runtime_root.gd:162)
       [4] _run (res://tests/orison_v2_environment_dossier_sweep.gd:31)
WARNING: 'res://assets/building/floor_01_cells/shop_bar.gltf': In external resource #47, invalid UID: 'uid://v6o8c785mtji' - using text path instead: 'res://assets/building/textures/T_ai_materials_handrail_wood_b_normal.png'.
   at: open (core/io/resource_format_binary.cpp:1025)
   GDScript backtrace (most recent call first):
       [0] _ready (res://scripts/building/orison_v2_bar_region.gd:48)
       [1] _compose_exterior (res://scripts/building/orison_v2_runtime_root.gd:644)
       [2] _compose_authorities (res://scripts/building/orison_v2_runtime_root.gd:343)
       [3] _ready (res://scripts/building/orison_v2_runtime_root.gd:162)
       [4] _run (res://tests/orison_v2_environment_dossier_sweep.gd:31)
WARNING: 'res://assets/building/floor_01_cells/shop_bar.gltf': In external resource #48, invalid UID: 'uid://buyaekxiljxbh' - using text path instead: 'res://assets/building/textures/T_ai_materials_lacquer_red_b_albedo.png'.
   at: open (core/io/resource_format_binary.cpp:1025)
   GDScript backtrace (most recent call first):
       [0] _ready (res://scripts/building/orison_v2_bar_region.gd:48)
       [1] _compose_exterior (res://scripts/building/orison_v2_runtime_root.gd:644)
       [2] _compose_authorities (res://scripts/building/orison_v2_runtime_root.gd:343)
       [3] _ready (res://scripts/building/orison_v2_runtime_root.gd:162)
       [4] _run (res://tests/orison_v2_environment_dossier_sweep.gd:31)
WARNING: 'res://assets/building/floor_01_cells/shop_bar.gltf': In external resource #49, invalid UID: 'uid://bedkkh1d1wy8q' - using text path instead: 'res://assets/building/textures/T_ai_materials_lacquer_red_b_rough.png'.
   at: open (core/io/resource_format_binary.cpp:1025)
   GDScript backtrace (most recent call first):
       [0] _ready (res://scripts/building/orison_v2_bar_region.gd:48)
       [1] _compose_exterior (res://scripts/building/orison_v2_runtime_root.gd:644)
       [2] _compose_authorities (res://scripts/building/orison_v2_runtime_root.gd:343)
       [3] _ready (res://scripts/building/orison_v2_runtime_root.gd:162)
       [4] _run (res://tests/orison_v2_environment_dossier_sweep.gd:31)
WARNING: 'res://assets/building/floor_01_cells/shop_bar.gltf': In external resource #50, invalid UID: 'uid://2qb46o8kfl42' - using text path instead: 'res://assets/building/textures/T_ai_materials_lacquer_red_b_normal.png'.
   at: open (core/io/resource_format_binary.cpp:1025)
   GDScript backtrace (most recent call first):
       [0] _ready (res://scripts/building/orison_v2_bar_region.gd:48)
       [1] _compose_exterior (res://scripts/building/orison_v2_runtime_root.gd:644)
       [2] _compose_authorities (res://scripts/building/orison_v2_runtime_root.gd:343)
       [3] _ready (res://scripts/building/orison_v2_runtime_root.gd:162)
       [4] _run (res://tests/orison_v2_environment_dossier_sweep.gd:31)
WARNING: 'res://assets/building/floor_01_cells/shop_bar.gltf': In external resource #51, invalid UID: 'uid://cjtmi1jbknql6' - using text path instead: 'res://assets/building/textures/T_ai_materials_linen_b_albedo.png'.
   at: open (core/io/resource_format_binary.cpp:1025)
   GDScript backtrace (most recent call first):
       [0] _ready (res://scripts/building/orison_v2_bar_region.gd:48)
       [1] _compose_exterior (res://scripts/building/orison_v2_runtime_root.gd:644)
       [2] _compose_authorities (res://scripts/building/orison_v2_runtime_root.gd:343)
       [3] _ready (res://scripts/building/orison_v2_runtime_root.gd:162)
       [4] _run (res://tests/orison_v2_environment_dossier_sweep.gd:31)
WARNING: 'res://assets/building/floor_01_cells/shop_bar.gltf': In external resource #52, invalid UID: 'uid://o0fgk0ctngsv' - using text path instead: 'res://assets/building/textures/T_ai_materials_linen_b_rough.png'.
   at: open (core/io/resource_format_binary.cpp:1025)
   GDScript backtrace (most recent call first):
       [0] _ready (res://scripts/building/orison_v2_bar_region.gd:48)
       [1] _compose_exterior (res://scripts/building/orison_v2_runtime_root.gd:644)
       [2] _compose_authorities (res://scripts/building/orison_v2_runtime_root.gd:343)
       [3] _ready (res://scripts/building/orison_v2_runtime_root.gd:162)
       [4] _run (res://tests/orison_v2_environment_dossier_sweep.gd:31)
WARNING: 'res://assets/building/floor_01_cells/shop_bar.gltf': In external resource #53, invalid UID: 'uid://dxccgjo5clf2p' - using text path instead: 'res://assets/building/textures/T_ai_materials_linen_b_normal.png'.
   at: open (core/io/resource_format_binary.cpp:1025)
   GDScript backtrace (most recent call first):
       [0] _ready (res://scripts/building/orison_v2_bar_region.gd:48)
       [1] _compose_exterior (res://scripts/building/orison_v2_runtime_root.gd:644)
       [2] _compose_authorities (res://scripts/building/orison_v2_runtime_root.gd:343)
       [3] _ready (res://scripts/building/orison_v2_runtime_root.gd:162)
       [4] _run (res://tests/orison_v2_environment_dossier_sweep.gd:31)
WARNING: 'res://assets/building/floor_01_cells/shop_bar.gltf': In external resource #54, invalid UID: 'uid://cbpvyahbenygf' - using text path instead: 'res://assets/building/textures/T_ai_materials_metal_b_albedo.png'.
   at: open (core/io/resource_format_binary.cpp:1025)
   GDScript backtrace (most recent call first):
       [0] _ready (res://scripts/building/orison_v2_bar_region.gd:48)
       [1] _compose_exterior (res://scripts/building/orison_v2_runtime_root.gd:644)
       [2] _compose_authorities (res://scripts/building/orison_v2_runtime_root.gd:343)
       [3] _ready (res://scripts/building/orison_v2_runtime_root.gd:162)
       [4] _run (res://tests/orison_v2_environment_dossier_sweep.gd:31)
WARNING: 'res://assets/building/floor_01_cells/shop_bar.gltf': In external resource #55, invalid UID: 'uid://csgedpb6qf47a' - using text path instead: 'res://assets/building/textures/T_ai_materials_metal_b_rough.png'.
   at: open (core/io/resource_format_binary.cpp:1025)
   GDScript backtrace (most recent call first):
       [0] _ready (res://scripts/building/orison_v2_bar_region.gd:48)
       [1] _compose_exterior (res://scripts/building/orison_v2_runtime_root.gd:644)
       [2] _compose_authorities (res://scripts/building/orison_v2_runtime_root.gd:343)
       [3] _ready (res://scripts/building/orison_v2_runtime_root.gd:162)
       [4] _run (res://tests/orison_v2_environment_dossier_sweep.gd:31)
WARNING: 'res://assets/building/floor_01_cells/shop_bar.gltf': In external resource #56, invalid UID: 'uid://8cl1u8jp5onm' - using text path instead: 'res://assets/building/textures/T_ai_materials_metal_b_normal.png'.
   at: open (core/io/resource_format_binary.cpp:1025)
   GDScript backtrace (most recent call first):
       [0] _ready (res://scripts/building/orison_v2_bar_region.gd:48)
       [1] _compose_exterior (res://scripts/building/orison_v2_runtime_root.gd:644)
       [2] _compose_authorities (res://scripts/building/orison_v2_runtime_root.gd:343)
       [3] _ready (res://scripts/building/orison_v2_runtime_root.gd:162)
       [4] _run (res://tests/orison_v2_environment_dossier_sweep.gd:31)
WARNING: 'res://assets/building/floor_01_cells/shop_bar.gltf': In external resource #63, invalid UID: 'uid://bi4kcjfnidt7j' - using text path instead: 'res://assets/building/textures/T_ai_materials_paper_b_albedo.png'.
   at: open (core/io/resource_format_binary.cpp:1025)
   GDScript backtrace (most recent call first):
       [0] _ready (res://scripts/building/orison_v2_bar_region.gd:48)
       [1] _compose_exterior (res://scripts/building/orison_v2_runtime_root.gd:644)
       [2] _compose_authorities (res://scripts/building/orison_v2_runtime_root.gd:343)
       [3] _ready (res://scripts/building/orison_v2_runtime_root.gd:162)
       [4] _run (res://tests/orison_v2_environment_dossier_sweep.gd:31)
WARNING: 'res://assets/building/floor_01_cells/shop_bar.gltf': In external resource #64, invalid UID: 'uid://bo4uhpacwn4cm' - using text path instead: 'res://assets/building/textures/T_ai_materials_paper_b_rough.png'.
   at: open (core/io/resource_format_binary.cpp:1025)
   GDScript backtrace (most recent call first):
       [0] _ready (res://scripts/building/orison_v2_bar_region.gd:48)
       [1] _compose_exterior (res://scripts/building/orison_v2_runtime_root.gd:644)
       [2] _compose_authorities (res://scripts/building/orison_v2_runtime_root.gd:343)
       [3] _ready (res://scripts/building/orison_v2_runtime_root.gd:162)
       [4] _run (res://tests/orison_v2_environment_dossier_sweep.gd:31)
WARNING: 'res://assets/building/floor_01_cells/shop_bar.gltf': In external resource #65, invalid UID: 'uid://cciwltndxb6g3' - using text path instead: 'res://assets/building/textures/T_ai_materials_paper_b_normal.png'.
   at: open (core/io/resource_format_binary.cpp:1025)
   GDScript backtrace (most recent call first):
       [0] _ready (res://scripts/building/orison_v2_bar_region.gd:48)
       [1] _compose_exterior (res://scripts/building/orison_v2_runtime_root.gd:644)
       [2] _compose_authorities (res://scripts/building/orison_v2_runtime_root.gd:343)
       [3] _ready (res://scripts/building/orison_v2_runtime_root.gd:162)
       [4] _run (res://tests/orison_v2_environment_dossier_sweep.gd:31)
WARNING: 'res://assets/building/floor_01_cells/shop_bar.gltf': In external resource #66, invalid UID: 'uid://c4qxgx8d0xafj' - using text path instead: 'res://assets/building/textures/T_ai_materials_plant_b_albedo.png'.
   at: open (core/io/resource_format_binary.cpp:1025)
   GDScript backtrace (most recent call first):
       [0] _ready (res://scripts/building/orison_v2_bar_region.gd:48)
       [1] _compose_exterior (res://scripts/building/orison_v2_runtime_root.gd:644)
       [2] _compose_authorities (res://scripts/building/orison_v2_runtime_root.gd:343)
       [3] _ready (res://scripts/building/orison_v2_runtime_root.gd:162)
       [4] _run (res://tests/orison_v2_environment_dossier_sweep.gd:31)
WARNING: 'res://assets/building/floor_01_cells/shop_bar.gltf': In external resource #67, invalid UID: 'uid://uhf3bh8lmqel' - using text path instead: 'res://assets/building/textures/T_ai_materials_plant_b_rough.png'.
   at: open (core/io/resource_format_binary.cpp:1025)
   GDScript backtrace (most recent call first):
       [0] _ready (res://scripts/building/orison_v2_bar_region.gd:48)
       [1] _compose_exterior (res://scripts/building/orison_v2_runtime_root.gd:644)
       [2] _compose_authorities (res://scripts/building/orison_v2_runtime_root.gd:343)
       [3] _ready (res://scripts/building/orison_v2_runtime_root.gd:162)
       [4] _run (res://tests/orison_v2_environment_dossier_sweep.gd:31)
WARNING: 'res://assets/building/floor_01_cells/shop_bar.gltf': In external resource #68, invalid UID: 'uid://d3cf1k5x4kbwg' - using text path instead: 'res://assets/building/textures/T_ai_materials_plant_b_normal.png'.
   at: open (core/io/resource_format_binary.cpp:1025)
   GDScript backtrace (most recent call first):
       [0] _ready (res://scripts/building/orison_v2_bar_region.gd:48)
       [1] _compose_exterior (res://scripts/building/orison_v2_runtime_root.gd:644)
       [2] _compose_authorities (res://scripts/building/orison_v2_runtime_root.gd:343)
       [3] _ready (res://scripts/building/orison_v2_runtime_root.gd:162)
       [4] _run (res://tests/orison_v2_environment_dossier_sweep.gd:31)
WARNING: 'res://assets/building/floor_01_cells/shop_bar.gltf': In external resource #69, invalid UID: 'uid://c5ynha28itvrm' - using text path instead: 'res://assets/building/textures/T_ai_materials_porcelain_b_albedo.png'.
   at: open (core/io/resource_format_binary.cpp:1025)
   GDScript backtrace (most recent call first):
       [0] _ready (res://scripts/building/orison_v2_bar_region.gd:48)
       [1] _compose_exterior (res://scripts/building/orison_v2_runtime_root.gd:644)
       [2] _compose_authorities (res://scripts/building/orison_v2_runtime_root.gd:343)
       [3] _ready (res://scripts/building/orison_v2_runtime_root.gd:162)
       [4] _run (res://tests/orison_v2_environment_dossier_sweep.gd:31)
WARNING: 'res://assets/building/floor_01_cells/shop_bar.gltf': In external resource #70, invalid UID: 'uid://d0t02r8eodc66' - using text path instead: 'res://assets/building/textures/T_ai_materials_porcelain_b_rough.png'.
   at: open (core/io/resource_format_binary.cpp:1025)
   GDScript backtrace (most recent call first):
       [0] _ready (res://scripts/building/orison_v2_bar_region.gd:48)
       [1] _compose_exterior (res://scripts/building/orison_v2_runtime_root.gd:644)
       [2] _compose_authorities (res://scripts/building/orison_v2_runtime_root.gd:343)
       [3] _ready (res://scripts/building/orison_v2_runtime_root.gd:162)
       [4] _run (res://tests/orison_v2_environment_dossier_sweep.gd:31)
WARNING: 'res://assets/building/floor_01_cells/shop_bar.gltf': In external resource #71, invalid UID: 'uid://xiowfdn7mda6' - using text path instead: 'res://assets/building/textures/T_ai_materials_porcelain_b_normal.png'.
   at: open (core/io/resource_format_binary.cpp:1025)
   GDScript backtrace (most recent call first):
       [0] _ready (res://scripts/building/orison_v2_bar_region.gd:48)
       [1] _compose_exterior (res://scripts/building/orison_v2_runtime_root.gd:644)
       [2] _compose_authorities (res://scripts/building/orison_v2_runtime_root.gd:343)
       [3] _ready (res://scripts/building/orison_v2_runtime_root.gd:162)
       [4] _run (res://tests/orison_v2_environment_dossier_sweep.gd:31)
WARNING: 'res://assets/building/floor_01_cells/shop_bar.gltf': In external resource #75, invalid UID: 'uid://dj5kls0hxiidm' - using text path instead: 'res://assets/building/textures/T_ai_materials_rug_warm_b_albedo.png'.
   at: open (core/io/resource_format_binary.cpp:1025)
   GDScript backtrace (most recent call first):
       [0] _ready (res://scripts/building/orison_v2_bar_region.gd:48)
       [1] _compose_exterior (res://scripts/building/orison_v2_runtime_root.gd:644)
       [2] _compose_authorities (res://scripts/building/orison_v2_runtime_root.gd:343)
       [3] _ready (res://scripts/building/orison_v2_runtime_root.gd:162)
       [4] _run (res://tests/orison_v2_environment_dossier_sweep.gd:31)
WARNING: 'res://assets/building/floor_01_cells/shop_bar.gltf': In external resource #76, invalid UID: 'uid://bwxw4q1qfovpy' - using text path instead: 'res://assets/building/textures/T_ai_materials_rug_warm_b_rough.png'.
   at: open (core/io/resource_format_binary.cpp:1025)
   GDScript backtrace (most recent call first):
       [0] _ready (res://scripts/building/orison_v2_bar_region.gd:48)
       [1] _compose_exterior (res://scripts/building/orison_v2_runtime_root.gd:644)
       [2] _compose_authorities (res://scripts/building/orison_v2_runtime_root.gd:343)
       [3] _ready (res://scripts/building/orison_v2_runtime_root.gd:162)
       [4] _run (res://tests/orison_v2_environment_dossier_sweep.gd:31)
WARNING: 'res://assets/building/floor_01_cells/shop_bar.gltf': In external resource #77, invalid UID: 'uid://cm5une2uy0pmu' - using text path instead: 'res://assets/building/textures/T_ai_materials_rug_warm_b_normal.png'.
   at: open (core/io/resource_format_binary.cpp:1025)
   GDScript backtrace (most recent call first):
       [0] _ready (res://scripts/building/orison_v2_bar_region.gd:48)
       [1] _compose_exterior (res://scripts/building/orison_v2_runtime_root.gd:644)
       [2] _compose_authorities (res://scripts/building/orison_v2_runtime_root.gd:343)
       [3] _ready (res://scripts/building/orison_v2_runtime_root.gd:162)
       [4] _run (res://tests/orison_v2_environment_dossier_sweep.gd:31)
WARNING: 'res://assets/building/floor_01_cells/shop_bar.gltf': In external resource #78, invalid UID: 'uid://gtbijuqq8rks' - using text path instead: 'res://assets/building/textures/T_ai_materials_safety_orange_b_albedo.png'.
   at: open (core/io/resource_format_binary.cpp:1025)
   GDScript backtrace (most recent call first):
       [0] _ready (res://scripts/building/orison_v2_bar_region.gd:48)
       [1] _compose_exterior (res://scripts/building/orison_v2_runtime_root.gd:644)
       [2] _compose_authorities (res://scripts/building/orison_v2_runtime_root.gd:343)
       [3] _ready (res://scripts/building/orison_v2_runtime_root.gd:162)
       [4] _run (res://tests/orison_v2_environment_dossier_sweep.gd:31)
WARNING: 'res://assets/building/floor_01_cells/shop_bar.gltf': In external resource #79, invalid UID: 'uid://di48jqbn0api8' - using text path instead: 'res://assets/building/textures/T_ai_materials_safety_orange_b_rough.png'.
   at: open (core/io/resource_format_binary.cpp:1025)
   GDScript backtrace (most recent call first):
       [0] _ready (res://scripts/building/orison_v2_bar_region.gd:48)
       [1] _compose_exterior (res://scripts/building/orison_v2_runtime_root.gd:644)
       [2] _compose_authorities (res://scripts/building/orison_v2_runtime_root.gd:343)
       [3] _ready (res://scripts/building/orison_v2_runtime_root.gd:162)
       [4] _run (res://tests/orison_v2_environment_dossier_sweep.gd:31)
WARNING: 'res://assets/building/floor_01_cells/shop_bar.gltf': In external resource #80, invalid UID: 'uid://dvp044xstyvtl' - using text path instead: 'res://assets/building/textures/T_ai_materials_safety_orange_b_normal.png'.
   at: open (core/io/resource_format_binary.cpp:1025)
   GDScript backtrace (most recent call first):
       [0] _ready (res://scripts/building/orison_v2_bar_region.gd:48)
       [1] _compose_exterior (res://scripts/building/orison_v2_runtime_root.gd:644)
       [2] _compose_authorities (res://scripts/building/orison_v2_runtime_root.gd:343)
       [3] _ready (res://scripts/building/orison_v2_runtime_root.gd:162)
       [4] _run (res://tests/orison_v2_environment_dossier_sweep.gd:31)
WARNING: 'res://assets/building/floor_01_cells/shop_bar.gltf': In external resource #81, invalid UID: 'uid://diesve5dneibp' - using text path instead: 'res://assets/building/textures/T_ai_materials_soil_b_albedo.png'.
   at: open (core/io/resource_format_binary.cpp:1025)
   GDScript backtrace (most recent call first):
       [0] _ready (res://scripts/building/orison_v2_bar_region.gd:48)
       [1] _compose_exterior (res://scripts/building/orison_v2_runtime_root.gd:644)
       [2] _compose_authorities (res://scripts/building/orison_v2_runtime_root.gd:343)
       [3] _ready (res://scripts/building/orison_v2_runtime_root.gd:162)
       [4] _run (res://tests/orison_v2_environment_dossier_sweep.gd:31)
WARNING: 'res://assets/building/floor_01_cells/shop_bar.gltf': In external resource #82, invalid UID: 'uid://ciklsx4wcdbwv' - using text path instead: 'res://assets/building/textures/T_ai_materials_soil_b_rough.png'.
   at: open (core/io/resource_format_binary.cpp:1025)
   GDScript backtrace (most recent call first):
       [0] _ready (res://scripts/building/orison_v2_bar_region.gd:48)
       [1] _compose_exterior (res://scripts/building/orison_v2_runtime_root.gd:644)
       [2] _compose_authorities (res://scripts/building/orison_v2_runtime_root.gd:343)
       [3] _ready (res://scripts/building/orison_v2_runtime_root.gd:162)
       [4] _run (res://tests/orison_v2_environment_dossier_sweep.gd:31)
WARNING: 'res://assets/building/floor_01_cells/shop_bar.gltf': In external resource #83, invalid UID: 'uid://crr00f50l1fkv' - using text path instead: 'res://assets/building/textures/T_ai_materials_soil_b_normal.png'.
   at: open (core/io/resource_format_binary.cpp:1025)
   GDScript backtrace (most recent call first):
       [0] _ready (res://scripts/building/orison_v2_bar_region.gd:48)
       [1] _compose_exterior (res://scripts/building/orison_v2_runtime_root.gd:644)
       [2] _compose_authorities (res://scripts/building/orison_v2_runtime_root.gd:343)
       [3] _ready (res://scripts/building/orison_v2_runtime_root.gd:162)
       [4] _run (res://tests/orison_v2_environment_dossier_sweep.gd:31)
WARNING: 'res://assets/building/floor_01_cells/shop_bar.gltf': In external resource #84, invalid UID: 'uid://bhpr51i7qt8in' - using text path instead: 'res://assets/building/textures/T_ai_materials_soot_b_albedo.png'.
   at: open (core/io/resource_format_binary.cpp:1025)
   GDScript backtrace (most recent call first):
       [0] _ready (res://scripts/building/orison_v2_bar_region.gd:48)
       [1] _compose_exterior (res://scripts/building/orison_v2_runtime_root.gd:644)
       [2] _compose_authorities (res://scripts/building/orison_v2_runtime_root.gd:343)
       [3] _ready (res://scripts/building/orison_v2_runtime_root.gd:162)
       [4] _run (res://tests/orison_v2_environment_dossier_sweep.gd:31)
WARNING: 'res://assets/building/floor_01_cells/shop_bar.gltf': In external resource #85, invalid UID: 'uid://dfvo57sdcrh2d' - using text path instead: 'res://assets/building/textures/T_ai_materials_soot_b_rough.png'.
   at: open (core/io/resource_format_binary.cpp:1025)
   GDScript backtrace (most recent call first):
       [0] _ready (res://scripts/building/orison_v2_bar_region.gd:48)
       [1] _compose_exterior (res://scripts/building/orison_v2_runtime_root.gd:644)
       [2] _compose_authorities (res://scripts/building/orison_v2_runtime_root.gd:343)
       [3] _ready (res://scripts/building/orison_v2_runtime_root.gd:162)
       [4] _run (res://tests/orison_v2_environment_dossier_sweep.gd:31)
WARNING: 'res://assets/building/floor_01_cells/shop_bar.gltf': In external resource #86, invalid UID: 'uid://bp57nqipdtgs2' - using text path instead: 'res://assets/building/textures/T_ai_materials_soot_b_normal.png'.
   at: open (core/io/resource_format_binary.cpp:1025)
   GDScript backtrace (most recent call first):
       [0] _ready (res://scripts/building/orison_v2_bar_region.gd:48)
       [1] _compose_exterior (res://scripts/building/orison_v2_runtime_root.gd:644)
       [2] _compose_authorities (res://scripts/building/orison_v2_runtime_root.gd:343)
       [3] _ready (res://scripts/building/orison_v2_runtime_root.gd:162)
       [4] _run (res://tests/orison_v2_environment_dossier_sweep.gd:31)
WARNING: 'res://assets/building/floor_01_cells/shop_bar.gltf': In external resource #87, invalid UID: 'uid://drsdoxsxue85r' - using text path instead: 'res://assets/building/textures/T_ai_materials_stairwell_teal_b_albedo.png'.
   at: open (core/io/resource_format_binary.cpp:1025)
   GDScript backtrace (most recent call first):
       [0] _ready (res://scripts/building/orison_v2_bar_region.gd:48)
       [1] _compose_exterior (res://scripts/building/orison_v2_runtime_root.gd:644)
       [2] _compose_authorities (res://scripts/building/orison_v2_runtime_root.gd:343)
       [3] _ready (res://scripts/building/orison_v2_runtime_root.gd:162)
       [4] _run (res://tests/orison_v2_environment_dossier_sweep.gd:31)
WARNING: 'res://assets/building/floor_01_cells/shop_bar.gltf': In external resource #88, invalid UID: 'uid://drxyp5qe8nxyy' - using text path instead: 'res://assets/building/textures/T_ai_materials_stairwell_teal_b_rough.png'.
   at: open (core/io/resource_format_binary.cpp:1025)
   GDScript backtrace (most recent call first):
       [0] _ready (res://scripts/building/orison_v2_bar_region.gd:48)
       [1] _compose_exterior (res://scripts/building/orison_v2_runtime_root.gd:644)
       [2] _compose_authorities (res://scripts/building/orison_v2_runtime_root.gd:343)
       [3] _ready (res://scripts/building/orison_v2_runtime_root.gd:162)
       [4] _run (res://tests/orison_v2_environment_dossier_sweep.gd:31)
WARNING: 'res://assets/building/floor_01_cells/shop_bar.gltf': In external resource #89, invalid UID: 'uid://bjmi073rkqy8e' - using text path instead: 'res://assets/building/textures/T_ai_materials_stairwell_teal_b_normal.png'.
   at: open (core/io/resource_format_binary.cpp:1025)
   GDScript backtrace (most recent call first):
       [0] _ready (res://scripts/building/orison_v2_bar_region.gd:48)
       [1] _compose_exterior (res://scripts/building/orison_v2_runtime_root.gd:644)
       [2] _compose_authorities (res://scripts/building/orison_v2_runtime_root.gd:343)
       [3] _ready (res://scripts/building/orison_v2_runtime_root.gd:162)
       [4] _run (res://tests/orison_v2_environment_dossier_sweep.gd:31)
WARNING: 'res://assets/building/floor_01_cells/shop_bar.gltf': In external resource #90, invalid UID: 'uid://f6lf52e6yiyh' - using text path instead: 'res://assets/building/textures/T_ai_materials_terracotta_b_albedo.png'.
   at: open (core/io/resource_format_binary.cpp:1025)
   GDScript backtrace (most recent call first):
       [0] _ready (res://scripts/building/orison_v2_bar_region.gd:48)
       [1] _compose_exterior (res://scripts/building/orison_v2_runtime_root.gd:644)
       [2] _compose_authorities (res://scripts/building/orison_v2_runtime_root.gd:343)
       [3] _ready (res://scripts/building/orison_v2_runtime_root.gd:162)
       [4] _run (res://tests/orison_v2_environment_dossier_sweep.gd:31)
WARNING: 'res://assets/building/floor_01_cells/shop_bar.gltf': In external resource #91, invalid UID: 'uid://v20yk8em3mg0' - using text path instead: 'res://assets/building/textures/T_ai_materials_terracotta_b_rough.png'.
   at: open (core/io/resource_format_binary.cpp:1025)
   GDScript backtrace (most recent call first):
       [0] _ready (res://scripts/building/orison_v2_bar_region.gd:48)
       [1] _compose_exterior (res://scripts/building/orison_v2_runtime_root.gd:644)
       [2] _compose_authorities (res://scripts/building/orison_v2_runtime_root.gd:343)
       [3] _ready (res://scripts/building/orison_v2_runtime_root.gd:162)
       [4] _run (res://tests/orison_v2_environment_dossier_sweep.gd:31)
WARNING: 'res://assets/building/floor_01_cells/shop_bar.gltf': In external resource #92, invalid UID: 'uid://cqoirdcqsoi58' - using text path instead: 'res://assets/building/textures/T_ai_materials_terracotta_b_normal.png'.
   at: open (core/io/resource_format_binary.cpp:1025)
   GDScript backtrace (most recent call first):
       [0] _ready (res://scripts/building/orison_v2_bar_region.gd:48)
       [1] _compose_exterior (res://scripts/building/orison_v2_runtime_root.gd:644)
       [2] _compose_authorities (res://scripts/building/orison_v2_runtime_root.gd:343)
       [3] _ready (res://scripts/building/orison_v2_runtime_root.gd:162)
       [4] _run (res://tests/orison_v2_environment_dossier_sweep.gd:31)
WARNING: 'res://assets/building/floor_01_cells/shop_bar.gltf': In external resource #93, invalid UID: 'uid://h6vpvdsnm1t7' - using text path instead: 'res://assets/building/textures/T_ai_materials_timber_b_albedo.png'.
   at: open (core/io/resource_format_binary.cpp:1025)
   GDScript backtrace (most recent call first):
       [0] _ready (res://scripts/building/orison_v2_bar_region.gd:48)
       [1] _compose_exterior (res://scripts/building/orison_v2_runtime_root.gd:644)
       [2] _compose_authorities (res://scripts/building/orison_v2_runtime_root.gd:343)
       [3] _ready (res://scripts/building/orison_v2_runtime_root.gd:162)
       [4] _run (res://tests/orison_v2_environment_dossier_sweep.gd:31)
WARNING: 'res://assets/building/floor_01_cells/shop_bar.gltf': In external resource #94, invalid UID: 'uid://c6elwththia7h' - using text path instead: 'res://assets/building/textures/T_ai_materials_timber_b_rough.png'.
   at: open (core/io/resource_format_binary.cpp:1025)
   GDScript backtrace (most recent call first):
       [0] _ready (res://scripts/building/orison_v2_bar_region.gd:48)
       [1] _compose_exterior (res://scripts/building/orison_v2_runtime_root.gd:644)
       [2] _compose_authorities (res://scripts/building/orison_v2_runtime_root.gd:343)
       [3] _ready (res://scripts/building/orison_v2_runtime_root.gd:162)
       [4] _run (res://tests/orison_v2_environment_dossier_sweep.gd:31)
WARNING: 'res://assets/building/floor_01_cells/shop_bar.gltf': In external resource #95, invalid UID: 'uid://rdntlg2i0bsl' - using text path instead: 'res://assets/building/textures/T_ai_materials_timber_b_normal.png'.
   at: open (core/io/resource_format_binary.cpp:1025)
   GDScript backtrace (most recent call first):
       [0] _ready (res://scripts/building/orison_v2_bar_region.gd:48)
       [1] _compose_exterior (res://scripts/building/orison_v2_runtime_root.gd:644)
       [2] _compose_authorities (res://scripts/building/orison_v2_runtime_root.gd:343)
       [3] _ready (res://scripts/building/orison_v2_runtime_root.gd:162)
       [4] _run (res://tests/orison_v2_environment_dossier_sweep.gd:31)
WARNING: 'res://assets/building/floor_01_cells/shop_bar.gltf': In external resource #96, invalid UID: 'uid://bo2bkr16rt1rh' - using text path instead: 'res://assets/building/textures/T_ai_materials_trim_b_albedo.png'.
   at: open (core/io/resource_format_binary.cpp:1025)
   GDScript backtrace (most recent call first):
       [0] _ready (res://scripts/building/orison_v2_bar_region.gd:48)
       [1] _compose_exterior (res://scripts/building/orison_v2_runtime_root.gd:644)
       [2] _compose_authorities (res://scripts/building/orison_v2_runtime_root.gd:343)
       [3] _ready (res://scripts/building/orison_v2_runtime_root.gd:162)
       [4] _run (res://tests/orison_v2_environment_dossier_sweep.gd:31)
WARNING: 'res://assets/building/floor_01_cells/shop_bar.gltf': In external resource #97, invalid UID: 'uid://b3a7pat0tvt3a' - using text path instead: 'res://assets/building/textures/T_ai_materials_trim_b_rough.png'.
   at: open (core/io/resource_format_binary.cpp:1025)
   GDScript backtrace (most recent call first):
       [0] _ready (res://scripts/building/orison_v2_bar_region.gd:48)
       [1] _compose_exterior (res://scripts/building/orison_v2_runtime_root.gd:644)
       [2] _compose_authorities (res://scripts/building/orison_v2_runtime_root.gd:343)
       [3] _ready (res://scripts/building/orison_v2_runtime_root.gd:162)
       [4] _run (res://tests/orison_v2_environment_dossier_sweep.gd:31)
WARNING: 'res://assets/building/floor_01_cells/shop_bar.gltf': In external resource #98, invalid UID: 'uid://daws6mrju1xqu' - using text path instead: 'res://assets/building/textures/T_ai_materials_trim_b_normal.png'.
   at: open (core/io/resource_format_binary.cpp:1025)
   GDScript backtrace (most recent call first):
       [0] _ready (res://scripts/building/orison_v2_bar_region.gd:48)
       [1] _compose_exterior (res://scripts/building/orison_v2_runtime_root.gd:644)
       [2] _compose_authorities (res://scripts/building/orison_v2_runtime_root.gd:343)
       [3] _ready (res://scripts/building/orison_v2_runtime_root.gd:162)
       [4] _run (res://tests/orison_v2_environment_dossier_sweep.gd:31)
WARNING: 'res://assets/building/floor_01_cells/shop_bar.gltf': In external resource #99, invalid UID: 'uid://ds55nl2hxd6yv' - using text path instead: 'res://assets/building/textures/T_ai_materials_vinyl_oxblood_b_albedo.png'.
   at: open (core/io/resource_format_binary.cpp:1025)
   GDScript backtrace (most recent call first):
       [0] _ready (res://scripts/building/orison_v2_bar_region.gd:48)
       [1] _compose_exterior (res://scripts/building/orison_v2_runtime_root.gd:644)
       [2] _compose_authorities (res://scripts/building/orison_v2_runtime_root.gd:343)
       [3] _ready (res://scripts/building/orison_v2_runtime_root.gd:162)
       [4] _run (res://tests/orison_v2_environment_dossier_sweep.gd:31)
WARNING: 'res://assets/building/floor_01_cells/shop_bar.gltf': In external resource #100, invalid UID: 'uid://lx6bmmw8oxjv' - using text path instead: 'res://assets/building/textures/T_ai_materials_vinyl_oxblood_b_rough.png'.
   at: open (core/io/resource_format_binary.cpp:1025)
   GDScript backtrace (most recent call first):
       [0] _ready (res://scripts/building/orison_v2_bar_region.gd:48)
       [1] _compose_exterior (res://scripts/building/orison_v2_runtime_root.gd:644)
       [2] _compose_authorities (res://scripts/building/orison_v2_runtime_root.gd:343)
       [3] _ready (res://scripts/building/orison_v2_runtime_root.gd:162)
       [4] _run (res://tests/orison_v2_environment_dossier_sweep.gd:31)
WARNING: 'res://assets/building/floor_01_cells/shop_bar.gltf': In external resource #101, invalid UID: 'uid://by68iex3cyqkv' - using text path instead: 'res://assets/building/textures/T_ai_materials_vinyl_oxblood_b_normal.png'.
   at: open (core/io/resource_format_binary.cpp:1025)
   GDScript backtrace (most recent call first):
       [0] _ready (res://scripts/building/orison_v2_bar_region.gd:48)
       [1] _compose_exterior (res://scripts/building/orison_v2_runtime_root.gd:644)
       [2] _compose_authorities (res://scripts/building/orison_v2_runtime_root.gd:343)
       [3] _ready (res://scripts/building/orison_v2_runtime_root.gd:162)
       [4] _run (res://tests/orison_v2_environment_dossier_sweep.gd:31)
WARNING: 'res://assets/building/floor_01_cells/shop_bar.gltf': In external resource #102, invalid UID: 'uid://cda2jdm1w4ln1' - using text path instead: 'res://assets/building/textures/T_ai_materials_wood_dark_b_albedo.png'.
   at: open (core/io/resource_format_binary.cpp:1025)
   GDScript backtrace (most recent call first):
       [0] _ready (res://scripts/building/orison_v2_bar_region.gd:48)
       [1] _compose_exterior (res://scripts/building/orison_v2_runtime_root.gd:644)
       [2] _compose_authorities (res://scripts/building/orison_v2_runtime_root.gd:343)
       [3] _ready (res://scripts/building/orison_v2_runtime_root.gd:162)
       [4] _run (res://tests/orison_v2_environment_dossier_sweep.gd:31)
WARNING: 'res://assets/building/floor_01_cells/shop_bar.gltf': In external resource #103, invalid UID: 'uid://ccvf845vvrnjb' - using text path instead: 'res://assets/building/textures/T_ai_materials_wood_dark_b_rough.png'.
   at: open (core/io/resource_format_binary.cpp:1025)
   GDScript backtrace (most recent call first):
       [0] _ready (res://scripts/building/orison_v2_bar_region.gd:48)
       [1] _compose_exterior (res://scripts/building/orison_v2_runtime_root.gd:644)
       [2] _compose_authorities (res://scripts/building/orison_v2_runtime_root.gd:343)
       [3] _ready (res://scripts/building/orison_v2_runtime_root.gd:162)
       [4] _run (res://tests/orison_v2_environment_dossier_sweep.gd:31)
WARNING: 'res://assets/building/floor_01_cells/shop_bar.gltf': In external resource #104, invalid UID: 'uid://cger8uy1tr5nm' - using text path instead: 'res://assets/building/textures/T_ai_materials_wood_dark_b_normal.png'.
   at: open (core/io/resource_format_binary.cpp:1025)
   GDScript backtrace (most recent call first):
       [0] _ready (res://scripts/building/orison_v2_bar_region.gd:48)
       [1] _compose_exterior (res://scripts/building/orison_v2_runtime_root.gd:644)
       [2] _compose_authorities (res://scripts/building/orison_v2_runtime_root.gd:343)
       [3] _ready (res://scripts/building/orison_v2_runtime_root.gd:162)
       [4] _run (res://tests/orison_v2_environment_dossier_sweep.gd:31)
WARNING: 'res://assets/building/floor_01_cells/shop_bar.gltf': In external resource #105, invalid UID: 'uid://cdpjllarf46n3' - using text path instead: 'res://assets/building/textures/T_ai_materials_art_albedo.png'.
   at: open (core/io/resource_format_binary.cpp:1025)
   GDScript backtrace (most recent call first):
       [0] _ready (res://scripts/building/orison_v2_bar_region.gd:48)
       [1] _compose_exterior (res://scripts/building/orison_v2_runtime_root.gd:644)
       [2] _compose_authorities (res://scripts/building/orison_v2_runtime_root.gd:343)
       [3] _ready (res://scripts/building/orison_v2_runtime_root.gd:162)
       [4] _run (res://tests/orison_v2_environment_dossier_sweep.gd:31)
WARNING: 'res://assets/building/floor_01_cells/shop_bar.gltf': In external resource #106, invalid UID: 'uid://cadt32rxh7ukx' - using text path instead: 'res://assets/building/textures/T_ai_materials_art_rough.png'.
   at: open (core/io/resource_format_binary.cpp:1025)
   GDScript backtrace (most recent call first):
       [0] _ready (res://scripts/building/orison_v2_bar_region.gd:48)
       [1] _compose_exterior (res://scripts/building/orison_v2_runtime_root.gd:644)
       [2] _compose_authorities (res://scripts/building/orison_v2_runtime_root.gd:343)
       [3] _ready (res://scripts/building/orison_v2_runtime_root.gd:162)
       [4] _run (res://tests/orison_v2_environment_dossier_sweep.gd:31)
WARNING: 'res://assets/building/floor_01_cells/shop_bar.gltf': In external resource #107, invalid UID: 'uid://wmfqlfiifcrs' - using text path instead: 'res://assets/building/textures/T_ai_materials_art_normal.png'.
   at: open (core/io/resource_format_binary.cpp:1025)
   GDScript backtrace (most recent call first):
       [0] _ready (res://scripts/building/orison_v2_bar_region.gd:48)
       [1] _compose_exterior (res://scripts/building/orison_v2_runtime_root.gd:644)
       [2] _compose_authorities (res://scripts/building/orison_v2_runtime_root.gd:343)
       [3] _ready (res://scripts/building/orison_v2_runtime_root.gd:162)
       [4] _run (res://tests/orison_v2_environment_dossier_sweep.gd:31)
WARNING: 'res://assets/building/floor_01_cells/shop_bar.gltf': In external resource #108, invalid UID: 'uid://cf0v6dlv0igvf' - using text path instead: 'res://assets/building/textures/T_ai_materials_bar_wall_b_albedo.png'.
   at: open (core/io/resource_format_binary.cpp:1025)
   GDScript backtrace (most recent call first):
       [0] _ready (res://scripts/building/orison_v2_bar_region.gd:48)
       [1] _compose_exterior (res://scripts/building/orison_v2_runtime_root.gd:644)
       [2] _compose_authorities (res://scripts/building/orison_v2_runtime_root.gd:343)
       [3] _ready (res://scripts/building/orison_v2_runtime_root.gd:162)
       [4] _run (res://tests/orison_v2_environment_dossier_sweep.gd:31)
WARNING: 'res://assets/building/floor_01_cells/shop_bar.gltf': In external resource #109, invalid UID: 'uid://ccqqaa8qwwfdv' - using text path instead: 'res://assets/building/textures/T_ai_materials_bar_wall_b_rough.png'.
   at: open (core/io/resource_format_binary.cpp:1025)
   GDScript backtrace (most recent call first):
       [0] _ready (res://scripts/building/orison_v2_bar_region.gd:48)
       [1] _compose_exterior (res://scripts/building/orison_v2_runtime_root.gd:644)
       [2] _compose_authorities (res://scripts/building/orison_v2_runtime_root.gd:343)
       [3] _ready (res://scripts/building/orison_v2_runtime_root.gd:162)
       [4] _run (res://tests/orison_v2_environment_dossier_sweep.gd:31)
WARNING: 'res://assets/building/floor_01_cells/shop_bar.gltf': In external resource #110, invalid UID: 'uid://3teomufgdc85' - using text path instead: 'res://assets/building/textures/T_ai_materials_bar_wall_b_normal.png'.
   at: open (core/io/resource_format_binary.cpp:1025)
   GDScript backtrace (most recent call first):
       [0] _ready (res://scripts/building/orison_v2_bar_region.gd:48)
       [1] _compose_exterior (res://scripts/building/orison_v2_runtime_root.gd:644)
       [2] _compose_authorities (res://scripts/building/orison_v2_runtime_root.gd:343)
       [3] _ready (res://scripts/building/orison_v2_runtime_root.gd:162)
       [4] _run (res://tests/orison_v2_environment_dossier_sweep.gd:31)
WARNING: 'res://assets/building/floor_01_cells/shop_bar.gltf': In external resource #111, invalid UID: 'uid://cvkqt4vr0u01b' - using text path instead: 'res://assets/building/textures/T_ai_materials_bar_wall_red_b_albedo.png'.
   at: open (core/io/resource_format_binary.cpp:1025)
   GDScript backtrace (most recent call first):
       [0] _ready (res://scripts/building/orison_v2_bar_region.gd:48)
       [1] _compose_exterior (res://scripts/building/orison_v2_runtime_root.gd:644)
       [2] _compose_authorities (res://scripts/building/orison_v2_runtime_root.gd:343)
       [3] _ready (res://scripts/building/orison_v2_runtime_root.gd:162)
       [4] _run (res://tests/orison_v2_environment_dossier_sweep.gd:31)
WARNING: 'res://assets/building/floor_01_cells/shop_bar.gltf': In external resource #112, invalid UID: 'uid://cjcv523c1k2d5' - using text path instead: 'res://assets/building/textures/T_ai_materials_bar_wall_red_b_rough.png'.
   at: open (core/io/resource_format_binary.cpp:1025)
   GDScript backtrace (most recent call first):
       [0] _ready (res://scripts/building/orison_v2_bar_region.gd:48)
       [1] _compose_exterior (res://scripts/building/orison_v2_runtime_root.gd:644)
       [2] _compose_authorities (res://scripts/building/orison_v2_runtime_root.gd:343)
       [3] _ready (res://scripts/building/orison_v2_runtime_root.gd:162)
       [4] _run (res://tests/orison_v2_environment_dossier_sweep.gd:31)
WARNING: 'res://assets/building/floor_01_cells/shop_bar.gltf': In external resource #113, invalid UID: 'uid://caeilxyb3spai' - using text path instead: 'res://assets/building/textures/T_ai_materials_bar_wall_red_b_normal.png'.
   at: open (core/io/resource_format_binary.cpp:1025)
   GDScript backtrace (most recent call first):
       [0] _ready (res://scripts/building/orison_v2_bar_region.gd:48)
       [1] _compose_exterior (res://scripts/building/orison_v2_runtime_root.gd:644)
       [2] _compose_authorities (res://scripts/building/orison_v2_runtime_root.gd:343)
       [3] _ready (res://scripts/building/orison_v2_runtime_root.gd:162)
       [4] _run (res://tests/orison_v2_environment_dossier_sweep.gd:31)
WARNING: 'res://assets/building/floor_01_cells/shop_bar.gltf': In external resource #114, invalid UID: 'uid://rtwk356iplbc' - using text path instead: 'res://assets/building/textures/T_ai_materials_common_brick_b_albedo.png'.
   at: open (core/io/resource_format_binary.cpp:1025)
   GDScript backtrace (most recent call first):
       [0] _ready (res://scripts/building/orison_v2_bar_region.gd:48)
       [1] _compose_exterior (res://scripts/building/orison_v2_runtime_root.gd:644)
       [2] _compose_authorities (res://scripts/building/orison_v2_runtime_root.gd:343)
       [3] _ready (res://scripts/building/orison_v2_runtime_root.gd:162)
       [4] _run (res://tests/orison_v2_environment_dossier_sweep.gd:31)
WARNING: 'res://assets/building/floor_01_cells/shop_bar.gltf': In external resource #115, invalid UID: 'uid://ctssptnj5nwo5' - using text path instead: 'res://assets/building/textures/T_ai_materials_common_brick_b_rough.png'.
   at: open (core/io/resource_format_binary.cpp:1025)
   GDScript backtrace (most recent call first):
       [0] _ready (res://scripts/building/orison_v2_bar_region.gd:48)
       [1] _compose_exterior (res://scripts/building/orison_v2_runtime_root.gd:644)
       [2] _compose_authorities (res://scripts/building/orison_v2_runtime_root.gd:343)
       [3] _ready (res://scripts/building/orison_v2_runtime_root.gd:162)
       [4] _run (res://tests/orison_v2_environment_dossier_sweep.gd:31)
WARNING: 'res://assets/building/floor_01_cells/shop_bar.gltf': In external resource #116, invalid UID: 'uid://cbtcidqtbdbm5' - using text path instead: 'res://assets/building/textures/T_ai_materials_common_brick_b_normal.png'.
   at: open (core/io/resource_format_binary.cpp:1025)
   GDScript backtrace (most recent call first):
       [0] _ready (res://scripts/building/orison_v2_bar_region.gd:48)
       [1] _compose_exterior (res://scripts/building/orison_v2_runtime_root.gd:644)
       [2] _compose_authorities (res://scripts/building/orison_v2_runtime_root.gd:343)
       [3] _ready (res://scripts/building/orison_v2_runtime_root.gd:162)
       [4] _run (res://tests/orison_v2_environment_dossier_sweep.gd:31)
WARNING: 'res://assets/building/floor_01_cells/shop_bar.gltf': In external resource #117, invalid UID: 'uid://fqoxu0cpac0u' - using text path instead: 'res://assets/building/textures/T_ai_materials_concrete_b_albedo.png'.
   at: open (core/io/resource_format_binary.cpp:1025)
   GDScript backtrace (most recent call first):
       [0] _ready (res://scripts/building/orison_v2_bar_region.gd:48)
       [1] _compose_exterior (res://scripts/building/orison_v2_runtime_root.gd:644)
       [2] _compose_authorities (res://scripts/building/orison_v2_runtime_root.gd:343)
       [3] _ready (res://scripts/building/orison_v2_runtime_root.gd:162)
       [4] _run (res://tests/orison_v2_environment_dossier_sweep.gd:31)
WARNING: 'res://assets/building/floor_01_cells/shop_bar.gltf': In external resource #118, invalid UID: 'uid://mld15utb14xv' - using text path instead: 'res://assets/building/textures/T_ai_materials_concrete_b_rough.png'.
   at: open (core/io/resource_format_binary.cpp:1025)
   GDScript backtrace (most recent call first):
       [0] _ready (res://scripts/building/orison_v2_bar_region.gd:48)
       [1] _compose_exterior (res://scripts/building/orison_v2_runtime_root.gd:644)
       [2] _compose_authorities (res://scripts/building/orison_v2_runtime_root.gd:343)
       [3] _ready (res://scripts/building/orison_v2_runtime_root.gd:162)
       [4] _run (res://tests/orison_v2_environment_dossier_sweep.gd:31)
WARNING: 'res://assets/building/floor_01_cells/shop_bar.gltf': In external resource #119, invalid UID: 'uid://tniwgimqf5nf' - using text path instead: 'res://assets/building/textures/T_ai_materials_concrete_b_normal.png'.
   at: open (core/io/resource_format_binary.cpp:1025)
   GDScript backtrace (most recent call first):
       [0] _ready (res://scripts/building/orison_v2_bar_region.gd:48)
       [1] _compose_exterior (res://scripts/building/orison_v2_runtime_root.gd:644)
       [2] _compose_authorities (res://scripts/building/orison_v2_runtime_root.gd:343)
       [3] _ready (res://scripts/building/orison_v2_runtime_root.gd:162)
       [4] _run (res://tests/orison_v2_environment_dossier_sweep.gd:31)
WARNING: 'res://assets/building/floor_01_cells/shop_bar.gltf': In external resource #120, invalid UID: 'uid://gsxo3a7g5muh' - using text path instead: 'res://assets/building/textures/T_ai_materials_countertop_b_albedo.png'.
   at: open (core/io/resource_format_binary.cpp:1025)
   GDScript backtrace (most recent call first):
       [0] _ready (res://scripts/building/orison_v2_bar_region.gd:48)
       [1] _compose_exterior (res://scripts/building/orison_v2_runtime_root.gd:644)
       [2] _compose_authorities (res://scripts/building/orison_v2_runtime_root.gd:343)
       [3] _ready (res://scripts/building/orison_v2_runtime_root.gd:162)
       [4] _run (res://tests/orison_v2_environment_dossier_sweep.gd:31)
WARNING: 'res://assets/building/floor_01_cells/shop_bar.gltf': In external resource #121, invalid UID: 'uid://hkl3uqur7pic' - using text path instead: 'res://assets/building/textures/T_ai_materials_countertop_b_rough.png'.
   at: open (core/io/resource_format_binary.cpp:1025)
   GDScript backtrace (most recent call first):
       [0] _ready (res://scripts/building/orison_v2_bar_region.gd:48)
       [1] _compose_exterior (res://scripts/building/orison_v2_runtime_root.gd:644)
       [2] _compose_authorities (res://scripts/building/orison_v2_runtime_root.gd:343)
       [3] _ready (res://scripts/building/orison_v2_runtime_root.gd:162)
       [4] _run (res://tests/orison_v2_environment_dossier_sweep.gd:31)
WARNING: 'res://assets/building/floor_01_cells/shop_bar.gltf': In external resource #122, invalid UID: 'uid://dangrvg3018v7' - using text path instead: 'res://assets/building/textures/T_ai_materials_countertop_b_normal.png'.
   at: open (core/io/resource_format_binary.cpp:1025)
   GDScript backtrace (most recent call first):
       [0] _ready (res://scripts/building/orison_v2_bar_region.gd:48)
       [1] _compose_exterior (res://scripts/building/orison_v2_runtime_root.gd:644)
       [2] _compose_authorities (res://scripts/building/orison_v2_runtime_root.gd:343)
       [3] _ready (res://scripts/building/orison_v2_runtime_root.gd:162)
       [4] _run (res://tests/orison_v2_environment_dossier_sweep.gd:31)
WARNING: 'res://assets/building/floor_01_cells/shop_bar.gltf': In external resource #123, invalid UID: 'uid://dds3jep6qxfy8' - using text path instead: 'res://assets/building/textures/T_ai_materials_limestone_b_albedo.png'.
   at: open (core/io/resource_format_binary.cpp:1025)
   GDScript backtrace (most recent call first):
       [0] _ready (res://scripts/building/orison_v2_bar_region.gd:48)
       [1] _compose_exterior (res://scripts/building/orison_v2_runtime_root.gd:644)
       [2] _compose_authorities (res://scripts/building/orison_v2_runtime_root.gd:343)
       [3] _ready (res://scripts/building/orison_v2_runtime_root.gd:162)
       [4] _run (res://tests/orison_v2_environment_dossier_sweep.gd:31)
WARNING: 'res://assets/building/floor_01_cells/shop_bar.gltf': In external resource #124, invalid UID: 'uid://jhqnw3cs4in2' - using text path instead: 'res://assets/building/textures/T_ai_materials_limestone_b_rough.png'.
   at: open (core/io/resource_format_binary.cpp:1025)
   GDScript backtrace (most recent call first):
       [0] _ready (res://scripts/building/orison_v2_bar_region.gd:48)
       [1] _compose_exterior (res://scripts/building/orison_v2_runtime_root.gd:644)
       [2] _compose_authorities (res://scripts/building/orison_v2_runtime_root.gd:343)
       [3] _ready (res://scripts/building/orison_v2_runtime_root.gd:162)
       [4] _run (res://tests/orison_v2_environment_dossier_sweep.gd:31)
WARNING: 'res://assets/building/floor_01_cells/shop_bar.gltf': In external resource #125, invalid UID: 'uid://dx34go1nl0lvr' - using text path instead: 'res://assets/building/textures/T_ai_materials_limestone_b_normal.png'.
   at: open (core/io/resource_format_binary.cpp:1025)
   GDScript backtrace (most recent call first):
       [0] _ready (res://scripts/building/orison_v2_bar_region.gd:48)
       [1] _compose_exterior (res://scripts/building/orison_v2_runtime_root.gd:644)
       [2] _compose_authorities (res://scripts/building/orison_v2_runtime_root.gd:343)
       [3] _ready (res://scripts/building/orison_v2_runtime_root.gd:162)
       [4] _run (res://tests/orison_v2_environment_dossier_sweep.gd:31)
WARNING: 'res://assets/building/floor_01_cells/shop_bar.gltf': In external resource #129, invalid UID: 'uid://be70f4xnvr74k' - using text path instead: 'res://assets/building/textures/T_ai_materials_plaster_stained_b_albedo.png'.
   at: open (core/io/resource_format_binary.cpp:1025)
   GDScript backtrace (most recent call first):
       [0] _ready (res://scripts/building/orison_v2_bar_region.gd:48)
       [1] _compose_exterior (res://scripts/building/orison_v2_runtime_root.gd:644)
       [2] _compose_authorities (res://scripts/building/orison_v2_runtime_root.gd:343)
       [3] _ready (res://scripts/building/orison_v2_runtime_root.gd:162)
       [4] _run (res://tests/orison_v2_environment_dossier_sweep.gd:31)
WARNING: 'res://assets/building/floor_01_cells/shop_bar.gltf': In external resource #130, invalid UID: 'uid://lheqnlorj41o' - using text path instead: 'res://assets/building/textures/T_ai_materials_plaster_stained_b_rough.png'.
   at: open (core/io/resource_format_binary.cpp:1025)
   GDScript backtrace (most recent call first):
       [0] _ready (res://scripts/building/orison_v2_bar_region.gd:48)
       [1] _compose_exterior (res://scripts/building/orison_v2_runtime_root.gd:644)
       [2] _compose_authorities (res://scripts/building/orison_v2_runtime_root.gd:343)
       [3] _ready (res://scripts/building/orison_v2_runtime_root.gd:162)
       [4] _run (res://tests/orison_v2_environment_dossier_sweep.gd:31)
WARNING: 'res://assets/building/floor_01_cells/shop_bar.gltf': In external resource #131, invalid UID: 'uid://ci7orgyduuhpx' - using text path instead: 'res://assets/building/textures/T_ai_materials_plaster_stained_b_normal.png'.
   at: open (core/io/resource_format_binary.cpp:1025)
   GDScript backtrace (most recent call first):
       [0] _ready (res://scripts/building/orison_v2_bar_region.gd:48)
       [1] _compose_exterior (res://scripts/building/orison_v2_runtime_root.gd:644)
       [2] _compose_authorities (res://scripts/building/orison_v2_runtime_root.gd:343)
       [3] _ready (res://scripts/building/orison_v2_runtime_root.gd:162)
       [4] _run (res://tests/orison_v2_environment_dossier_sweep.gd:31)
WARNING: 'res://assets/building/floor_01_cells/shop_bar.gltf': In external resource #132, invalid UID: 'uid://b4skel34g56b8' - using text path instead: 'res://assets/building/textures/T_ai_materials_quarry_tile_b_albedo.png'.
   at: open (core/io/resource_format_binary.cpp:1025)
   GDScript backtrace (most recent call first):
       [0] _ready (res://scripts/building/orison_v2_bar_region.gd:48)
       [1] _compose_exterior (res://scripts/building/orison_v2_runtime_root.gd:644)
       [2] _compose_authorities (res://scripts/building/orison_v2_runtime_root.gd:343)
       [3] _ready (res://scripts/building/orison_v2_runtime_root.gd:162)
       [4] _run (res://tests/orison_v2_environment_dossier_sweep.gd:31)
WARNING: 'res://assets/building/floor_01_cells/shop_bar.gltf': In external resource #133, invalid UID: 'uid://m51xyai75rjf' - using text path instead: 'res://assets/building/textures/T_ai_materials_quarry_tile_b_rough.png'.
   at: open (core/io/resource_format_binary.cpp:1025)
   GDScript backtrace (most recent call first):
       [0] _ready (res://scripts/building/orison_v2_bar_region.gd:48)
       [1] _compose_exterior (res://scripts/building/orison_v2_runtime_root.gd:644)
       [2] _compose_authorities (res://scripts/building/orison_v2_runtime_root.gd:343)
       [3] _ready (res://scripts/building/orison_v2_runtime_root.gd:162)
       [4] _run (res://tests/orison_v2_environment_dossier_sweep.gd:31)
WARNING: 'res://assets/building/floor_01_cells/shop_bar.gltf': In external resource #134, invalid UID: 'uid://cxlahbp3jlf2' - using text path instead: 'res://assets/building/textures/T_ai_materials_quarry_tile_b_normal.png'.
   at: open (core/io/resource_format_binary.cpp:1025)
   GDScript backtrace (most recent call first):
       [0] _ready (res://scripts/building/orison_v2_bar_region.gd:48)
       [1] _compose_exterior (res://scripts/building/orison_v2_runtime_root.gd:644)
       [2] _compose_authorities (res://scripts/building/orison_v2_runtime_root.gd:343)
       [3] _ready (res://scripts/building/orison_v2_runtime_root.gd:162)
       [4] _run (res://tests/orison_v2_environment_dossier_sweep.gd:31)
WARNING: 'res://assets/building/floor_01_cells/shop_bar.gltf': In external resource #135, invalid UID: 'uid://bj0nighq4jp2a' - using text path instead: 'res://assets/building/textures/T_library_architectural_haunted_wallpaper_albedo.png'.
   at: open (core/io/resource_format_binary.cpp:1025)
   GDScript backtrace (most recent call first):
       [0] _ready (res://scripts/building/orison_v2_bar_region.gd:48)
       [1] _compose_exterior (res://scripts/building/orison_v2_runtime_root.gd:644)
       [2] _compose_authorities (res://scripts/building/orison_v2_runtime_root.gd:343)
       [3] _ready (res://scripts/building/orison_v2_runtime_root.gd:162)
       [4] _run (res://tests/orison_v2_environment_dossier_sweep.gd:31)
WARNING: 'res://assets/building/floor_01_cells/shop_bar.gltf': In external resource #136, invalid UID: 'uid://dcul7k1kj78sb' - using text path instead: 'res://assets/building/textures/T_library_architectural_haunted_wallpaper_rough.png'.
   at: open (core/io/resource_format_binary.cpp:1025)
   GDScript backtrace (most recent call first):
       [0] _ready (res://scripts/building/orison_v2_bar_region.gd:48)
       [1] _compose_exterior (res://scripts/building/orison_v2_runtime_root.gd:644)
       [2] _compose_authorities (res://scripts/building/orison_v2_runtime_root.gd:343)
       [3] _ready (res://scripts/building/orison_v2_runtime_root.gd:162)
       [4] _run (res://tests/orison_v2_environment_dossier_sweep.gd:31)
WARNING: 'res://assets/building/floor_01_cells/shop_bar.gltf': In external resource #137, invalid UID: 'uid://cus2cqy6fntwy' - using text path instead: 'res://assets/building/textures/T_library_architectural_haunted_wallpaper_normal.png'.
   at: open (core/io/resource_format_binary.cpp:1025)
   GDScript backtrace (most recent call first):
       [0] _ready (res://scripts/building/orison_v2_bar_region.gd:48)
       [1] _compose_exterior (res://scripts/building/orison_v2_runtime_root.gd:644)
       [2] _compose_authorities (res://scripts/building/orison_v2_runtime_root.gd:343)
       [3] _ready (res://scripts/building/orison_v2_runtime_root.gd:162)
       [4] _run (res://tests/orison_v2_environment_dossier_sweep.gd:31)
WARNING: 'res://assets/building/floor_01_cells/shop_bar.gltf': In external resource #138, invalid UID: 'uid://bkbv2ltqhs60k' - using text path instead: 'res://assets/building/textures/T_fx_fx_scuff.png'.
   at: open (core/io/resource_format_binary.cpp:1025)
   GDScript backtrace (most recent call first):
       [0] _ready (res://scripts/building/orison_v2_bar_region.gd:48)
       [1] _compose_exterior (res://scripts/building/orison_v2_runtime_root.gd:644)
       [2] _compose_authorities (res://scripts/building/orison_v2_runtime_root.gd:343)
       [3] _ready (res://scripts/building/orison_v2_runtime_root.gd:162)
       [4] _run (res://tests/orison_v2_environment_dossier_sweep.gd:31)
WARNING: 'res://assets/building/floor_01_cells/shop_bar.gltf': In external resource #139, invalid UID: 'uid://bs142qbwwe21i' - using text path instead: 'res://assets/building/textures/T_fx_fx_scuff_rough.png'.
   at: open (core/io/resource_format_binary.cpp:1025)
   GDScript backtrace (most recent call first):
       [0] _ready (res://scripts/building/orison_v2_bar_region.gd:48)
       [1] _compose_exterior (res://scripts/building/orison_v2_runtime_root.gd:644)
       [2] _compose_authorities (res://scripts/building/orison_v2_runtime_root.gd:343)
       [3] _ready (res://scripts/building/orison_v2_runtime_root.gd:162)
       [4] _run (res://tests/orison_v2_environment_dossier_sweep.gd:31)
WARNING: 'res://assets/building/floor_01_cells/shop_bar.gltf': In external resource #140, invalid UID: 'uid://seuqp0kpbwrl' - using text path instead: 'res://assets/building/textures/T_fx_fx_scuff_normal.png'.
   at: open (core/io/resource_format_binary.cpp:1025)
   GDScript backtrace (most recent call first):
       [0] _ready (res://scripts/building/orison_v2_bar_region.gd:48)
       [1] _compose_exterior (res://scripts/building/orison_v2_runtime_root.gd:644)
       [2] _compose_authorities (res://scripts/building/orison_v2_runtime_root.gd:343)
       [3] _ready (res://scripts/building/orison_v2_runtime_root.gd:162)
       [4] _run (res://tests/orison_v2_environment_dossier_sweep.gd:31)
WARNING: 7 RIDs of type "Texture" were leaked.
   at: finalize (servers/rendering/rendering_device.cpp:8900)
