Godot Engine v4.7.1.stable.official.a13da4feb - https://godotengine.org
Vulkan 1.4.341 - Forward+ - Using Device #0: NVIDIA - NVIDIA GeForce RTX 4080

[ACOUSTIC] 550 nodes loaded
ORISON V2 BLOCKOUT: 62 spaces / 27 doors / 96 anchors
[SURFACE] 320 surfaces layered (293 materials)
[PASSAGE HOURS] OPEN; 10 grilles folded
[PASSAGE HOURS] 11 shopfronts, 10 close after 02:00, HARDWARE PAINT keeps night service
[PASSAGE FINISH] 6 gated draws, 3 handcarts, hours active
[V2 PASSAGE] 13 resident cells; 11 doors; 1 shared-service counters
[SCHEDULE] director live: 18 residents on the clock
[MOVES] personal library: res://assets/characters/mina_vale/mina_vale_moves.glb
[ORISON V2 RUNTIME] ready startup_ms=4391.906
[LIGHTING] 58 sources active in system; 58 full personalities; profiles steady/breathe/mains/beat/dropout=[12, 10, 12, 17, 7]
CONNECTED EXTERIOR CHECK: actual 2A refrigerator is mounted = true
CONNECTED EXTERIOR CHECK: unearned residue stays hidden = true
CONNECTED EXTERIOR CHECK: earned wake input exists = true
CONNECTED EXTERIOR CHECK: real loaded wake reveals the physical caption = true
CONNECTED EXTERIOR CHECK: caption belongs to the moving food door = true
CONNECTED EXTERIOR CHECK: actual player ray/prompt reaches refrigerator_closed = true
CONNECTED EXTERIOR CHECK: physical opening carries the caption with the door = true
CONNECTED EXTERIOR CHECK: actual player ray/prompt reaches refrigerator_close = true
CONNECTED EXTERIOR CHECK: door closure restores the caption transform = true
CONNECTED EXTERIOR CHECK: door interaction leaves the factual record unchanged = true
V2 MINA PHYSICAL RESIDUE: 14 waypoints; 0 failures
