Godot Engine v4.7.1.stable.official.a13da4feb - https://godotengine.org

[ACOUSTIC] 550 nodes loaded
[RENDER] forward_plus
[PASSAGE] 304 interior, 20 shell and 186 foreign F01 draws indexed
[VANTRY] 119 points, 7 floor batches, 3 static draws/floor
[HEIGHTMAP] 39 materials given parallax, 527 left flat
[SURFACE] 1002 surfaces layered (676 materials)
[BUILDING] 7 resident stories rehung off a bathroom wall
[DOMESTIC RADIO] 18 receivers across 18 occupied units; 0 unresolved
[DOOR GLOW] 107 closed doors, 9 leaking light (skipped: { "no_circulation": 86, "asleep": 12 })
[STATION] 37 clips, 6 machines (5 projectors, 1 sets), all dark
[ARCADE] 10 cabinet(s) from a catalog of 12: SOMETHING IN THE HALL (mystery_serial), OPERATIONS (farm_and_market), STEP SEQUENCE (variety_hour), NIGHT MAIL (aviation_hour), COUNTY LEAGUE (sporting_wire), THE THOUSAND (motor_racing), TOWER OF ASH (adventure_serial), OUTER RIM (night_sky), DO NOT ANSWER (mystery_serial), OVERTIME (sporting_wire)
[ARCADE] all of them are running arcade_pit
[BUILDING] 488 functional props spawned
[FURNITURE INTERACTION] 73 baked mechanisms restored
[BUILDING] exterior finish: 381 batched details, 11 decals, 8 puddles
[PASSAGE HOURS] AFTER_HOURS; 10 grilles drawn
[PASSAGE HOURS] 11 shopfronts, 10 close after 02:00, HARDWARE PAINT keeps night service
[PASSAGE FINISH] 6 gated draws, 3 handcarts, hours active
[MOVES] personal library: res://assets/characters/teresa_vale/teresa_vale_moves.glb
[MOVES] personal library: res://assets/characters/mina_vale/mina_vale_moves.glb
[MOVES] personal library: res://assets/characters/lena_ortiz/lena_ortiz_moves.glb
[MOVES] personal library: res://assets/characters/juno_kells/juno_kells_moves.glb
[MOVES] personal library: res://assets/characters/malcolm_reed/malcolm_reed_moves.glb
[MOVES] personal library: res://assets/characters/omar_bell/omar_bell_moves.glb
[MOVES] personal library: res://assets/characters/rhea_sato/rhea_sato_moves.glb
[MOVES] personal library: res://assets/characters/peter_wren/peter_wren_moves.glb
[MOVES] personal library: res://assets/characters/cam_ortiz/cam_ortiz_moves.glb
[MOVES] personal library: res://assets/characters/noel_price/noel_price_moves.glb
[MOVES] personal library: res://assets/characters/transient_guests/transient_guests_moves.glb
[MOVES] personal library: res://assets/characters/nadia_quell/nadia_quell_moves.glb
[MOVES] personal library: res://assets/characters/cal_dwyer/cal_dwyer_moves.glb
[MOVES] personal library: res://assets/characters/iris_bell/iris_bell_moves.glb
[MOVES] personal library: res://assets/characters/sacha_reed/sacha_reed_moves.glb
[MOVES] personal library: res://assets/characters/jonah_price/jonah_price_moves.glb
[MOVES] personal library: res://assets/characters/mae_kessler/mae_kessler_moves.glb
[BUILDING] 18 residents spawned (18 rigged, 0 sprite fallbacks)
[NAV] 4 schedule anchors installed in PASSAGE
[NAV] 336 nodes across 8 floors; 7 stair links; elevator linked; 57 wall-crossing edges rejected; 323 safe links restored
[ROUTINES] evelyn_marsh: 48 clips
[ROUTINES] evelyn_marsh upgraded to a mesh
[MOVES] personal library: res://assets/characters/teresa_vale/teresa_vale_moves.glb
[ROUTINES] teresa_vale: 49 clips
[ROUTINES] teresa_vale upgraded to a mesh
[MOVES] personal library: res://assets/characters/mina_vale/mina_vale_moves.glb
[ROUTINES] mina_vale: 49 clips
[ROUTINES] mina_vale upgraded to a mesh
[MOVES] personal library: res://assets/characters/lena_ortiz/lena_ortiz_moves.glb
[ROUTINES] lena_ortiz: 49 clips
[ROUTINES] lena_ortiz upgraded to a mesh
[MOVES] personal library: res://assets/characters/juno_kells/juno_kells_moves.glb
[ROUTINES] juno_kells: 49 clips
[ROUTINES] juno_kells upgraded to a mesh
[MOVES] personal library: res://assets/characters/malcolm_reed/malcolm_reed_moves.glb
[ROUTINES] malcolm_reed: 49 clips
[ROUTINES] malcolm_reed upgraded to a mesh
[MOVES] personal library: res://assets/characters/omar_bell/omar_bell_moves.glb
[ROUTINES] omar_bell: 49 clips
[ROUTINES] omar_bell upgraded to a mesh
[MOVES] personal library: res://assets/characters/rhea_sato/rhea_sato_moves.glb
[ROUTINES] rhea_sato: 49 clips
[ROUTINES] rhea_sato upgraded to a mesh
[MOVES] personal library: res://assets/characters/peter_wren/peter_wren_moves.glb
[ROUTINES] peter_wren: 49 clips
[ROUTINES] peter_wren upgraded to a mesh
[MOVES] personal library: res://assets/characters/cam_ortiz/cam_ortiz_moves.glb
[ROUTINES] cam_ortiz: 49 clips
[ROUTINES] cam_ortiz upgraded to a mesh
[MOVES] personal library: res://assets/characters/noel_price/noel_price_moves.glb
[ROUTINES] noel_price: 49 clips
[ROUTINES] noel_price upgraded to a mesh
[MOVES] personal library: res://assets/characters/transient_guests/transient_guests_moves.glb
[ROUTINES] transient_guests: 49 clips
[ROUTINES] transient_guests upgraded to a mesh
[MOVES] personal library: res://assets/characters/nadia_quell/nadia_quell_moves.glb
[ROUTINES] nadia_quell: 49 clips
[ROUTINES] nadia_quell upgraded to a mesh
[MOVES] personal library: res://assets/characters/cal_dwyer/cal_dwyer_moves.glb
[ROUTINES] cal_dwyer: 49 clips
[ROUTINES] cal_dwyer upgraded to a mesh
[MOVES] personal library: res://assets/characters/iris_bell/iris_bell_moves.glb
[ROUTINES] iris_bell: 49 clips
[ROUTINES] iris_bell upgraded to a mesh
[MOVES] personal library: res://assets/characters/sacha_reed/sacha_reed_moves.glb
[ROUTINES] sacha_reed: 49 clips
[ROUTINES] sacha_reed upgraded to a mesh
[MOVES] personal library: res://assets/characters/jonah_price/jonah_price_moves.glb
[ROUTINES] jonah_price: 49 clips
[ROUTINES] jonah_price upgraded to a mesh
[MOVES] personal library: res://assets/characters/mae_kessler/mae_kessler_moves.glb
[ROUTINES] mae_kessler: 49 clips
[ROUTINES] mae_kessler upgraded to a mesh
[ROUTINES] 18 residents with somewhere to be
[SWITCHES] 157 fixtures wired across 119 rooms, 87 exterior
[SWITCHES] 215 live plates
[MOON] 70 windowed rooms
[BUILDING] 18 apartment reality controllers ready
[WAYFINDING] 17 brass unit numbers, 7 directories, 8 fire signs, 1 spine plates, 6 stair pairs, 6 landing plates
[BUILDING] 62 reality-affected props placed
[WITNESS] 18 clocks and 20 other domestic anomalies placed and rigged
[ENCROACH] living field on F02 binds 77 materials
[ENCROACH] living field on F04 binds 83 materials
[ENCROACH] living field on F06 binds 81 materials
[ENCROACH] living field on F05 binds 86 materials
[ENCROACH] living field on F03 binds 89 materials
[ENCROACH] 22 finish surfaces across 6 case flats, 6 beachheads
[INCIDENTS] 15 flats on 5 living storeys can report
[BUILDING] 20 character memory artworks placed
[BUILDING] 20 character-specific wall artworks placed
[BUILDING] 8 hallway artworks placed
[BUILDING] 7 stair-landing pieces hung
[BUILDING] found art: 17 walls, 7 print props, 1 billboards
[BUILDING] front-door exterior light and signage placed
[BUILDING] maintenance headquarters ready: 18 trophy slots, 6 gear tiers
[LIGHT RIG] budgets resolved: 64 active / 5 shadow
[SCHEDULE] director inert: 18 residents on the clock
[HARUKIYA] 9 interactables placed
[BUILDING] Orison assembled: 8 floors, 565 windows lit, 292 railing details, player in lobby
[BUILDING] 197 low-overhead environment details and 26 story decals
[BUILDING] 64 atmospheric evidence decals
[PASSAGE] late sweep: 117 interior, 758 foreign, 2 shared late-built F01 draws registered
[PASSAGE] root sweep: 17 interior, 943 foreign draws, 37 foreign lights registered
[STREET] 1630 enclosed F01 draws indexed
[WALKTEST] FAST mode, sim x4.0 (240 Hz physics)
[SURFACE] 3906 prop draws layered in triplanar mode (938 materials)
[ENCROACH] 932 prop draws reached across 6 case flats
[ENCROACH] living field on F02 binds 580 materials
[ENCROACH] living field on F04 binds 411 materials
[ENCROACH] living field on F06 binds 376 materials
[ENCROACH] living field on F05 binds 389 materials
[ENCROACH] living field on F03 binds 405 materials
[LIGHTING] 254 sources active in system; 254 full personalities; profiles steady/breathe/mains/beat/dropout=[55, 54, 49, 45, 51]
[NAV] collision audit: 368 edges cut by real geometry, 71 island nodes relinked, 0 stair legs obstructed
[WALKTEST PHASE] production boot: 1.91 s wall
  [ok] B1 has walkable floor
  [ok] F01 has walkable floor
  [ok] F02 has walkable floor
  [ok] F03 has walkable floor
  [ok] F04 has walkable floor
  [ok] F05 has walkable floor
  [ok] F06 has walkable floor
  [ok] ROOF has walkable floor
  [ok] apartment 4B has a slab
  [ok] apartment 4C has a slab
  [ok] basement corridor floor
  [ok] B1 storage cages doorway is physically open
  [ok] B1 laundry doorway is physically open
  [ok] B1 electrical room doorway is physically open
  [ok] B1 boiler room doorway is physically open
  [ok] functional props spawned (488)
[SURFACE] 3906 prop draws layered in triplanar mode (938 materials)
[ENCROACH] 932 prop draws reached across 6 case flats
[ENCROACH] living field on F02 binds 703 materials
[ENCROACH] living field on F04 binds 537 materials
[ENCROACH] living field on F06 binds 491 materials
[ENCROACH] living field on F05 binds 516 materials
[ENCROACH] living field on F03 binds 526 materials
  [ok] conductor clock is beating
  [ok] light fixtures spawned across the building (248)
  [ok] all resident NPC placeholders spawned (18)
  [ok] Reality Maintenance headquarters placed
  [ok] headquarters has one trophy slot per resident case
  [ok] headquarters issues the starting inspection tool
  [ok] headquarters case wall is physically reachable and review-only
  [ok] exterior finish details stay batched (381)
  [ok] reflective street puddles placed
  [ok] exterior damage decals placed
  [ok] one street lamp carries the intermittent fault
  [ok] distant lightning source is active
  [ok] 24 complete bath lavatories, including the retail WC
  [ok] 19 complete kitchen sinks, including 4B and common kitchen
  [ok] 23 complete shower receptors
  [ok] all 24 baked water closets regain one cistern-handle owner
  [ok] a production cistern handle flushes, sounds and reports refill
  [ok] all five baked valve radios regain one local control owner
  [ok] a production valve radio switches on, sounds and reports state
  [ok] all 21 wardrobe records own one paired-leaf mechanism
  [ok] a production private wardrobe opens its split hinged leaves
  [ok] the baked Passage jukebox regains one local mechanism owner
  [ok] all 22 baked paper assemblies regain one neutral inspection owner
  [ok] production papers answer physically without exposing source ids
  [ok] the production jukebox selects locally and returns its coin
  [ok] every water fixture owns two valves and a stream ([])
  [ok] every wall valve seats against its own splashback alike (spread 0.0000 m)
  [ok] lavatory cross handles face the room from the integral back ([])
  [ok] every lavatory faucet terminates at a modelled outlet ([])
  [ok] all 23 showers own drawn, gathered and interactive curtain states ([])
  [ok] rubberized shower duck resolves through the runtime material contract
  [ok] no domestic mark hangs in a neighbour's room (clean)
  [ok] all 66 plumbing markers remain on the water network
  [ok] 4B keeps its compact basin beside the replanned gas range
  [ok] 4B hot valve, cold valve, stopper and stream operate independently
  [ok] 4B owns an operable shower curtain
  [ok] 4B curtain interaction exchanges the fully drawn and gathered silhouettes
  [ok] laundry owns two wringers and one rinse-tub/airer ensemble
  [ok] the anachronistic automatic dryer is gone
  [ok] wringer centres leave at least 1.10 m for swinging heads
  [ok] lid, safety release, feed, cocks and drain remain reachable
  [ok] wringer service pose opens the vessel, head and safety gap
  [ok] ceiling airer lowers into the Matching-game work zone
  [ok] both moving wringers stay below 30 meshes total (28)
  [ok] paired rinse tubs and airer stay merged (6 meshes)
  [ok] laundry terminates at a real water-main graph node
  [ok] laundry water no longer propagates through the steam header
  [ok] fourteen intended flats own period single-slot toasters (["1A", "1D", "2A", "2B", "3A", "3B", "3D", "4A", "4B", "4C", "5A", "6A", "6B", "6C"])
  [ok] standard 2A kitchen owns a toaster
  [ok] Orison retrofit crumb tray exposes its full service travel
  [ok] six authored households own kettles
  [ok] kettles stay at eight meshes each / 48 family total (8 / 48)
  [ok] 4C kettle remains evidence for case 4519
  [ok] kettle handle, lid, whistle and plug remain serviceable
  [ok] kettle service pose opens both caps and lifts the vessel
[KETTLE] 4B on (cycle 1)
[KETTLE] 4B off (0 boils)
[KETTLE] 4B on (cycle 3)
  [ok] interrupted boil timer cannot whistle in a later cycle
[KETTLE] 4B off (0 boils)
  [ok] all 23 one-pipe radiators own working fittings
  [ok] heat balance has radiators on separate floors and risers
  [ok] radiator handwheel and replaceable far-end vent remain service parts
  [ok] partly shut one-pipe supply traps condensate and hammers
  [ok] faster fixed vent warms one flat by cooling another
  [ok] vent changes redistribute a fixed boiler heat cycle
  [ok] production spine loads exactly the two sanctioned waking jobs
  [ok] steam_hammer_2a is retired as the graybox job
  [ok] no live legacy simple order shadows the authored job
  [ok] every enclosed room owns one Vantry point (119)
  [ok] Vantry network stays at three static draws on seven visible floors
  [ok] movable Vantry owner stays within six meshes (6)
  [ok] the fault chirps before any paperwork exists
  [ok] chirp hunt sources the authored 2A anchor from job data
  [ok] all Vantry points terminate on the dedicated signal trunk
  [ok] owner handoff restores old face and suppresses destination in one frame (moved=true old=true new_hidden=true)
  [ok] Vantry grille exposes its no-battery service interior
  [ok] Teresa closes the mechanical telltale before the room answers
  [ok] chirp uses an attributed recorded source
  [ok] only the correct chirping point can begin the diagnosis
  [ok] inspection diagnoses the dead capsule and no longer closes the job
  [ok] the fault keeps chirping while the part is awaited
  [ok] the hardware counter's capsule makes the job repairable
  [ok] the capsule replacement quiets the point and stops at repaired
  [ok] four ruled households own portable fans
  [ok] fans cost at most nine meshes each / 36 family total (9 / 36)
  [ok] every fan is seated in the room that gates its unseen plug swap
  [ok] selector, handle, plug and interaction remain physically reachable
  [ok] 4B keeps its landlord-supplied fan
  [ok] motif accents cannot start a fan whose selector is at zero
  [ok] one interaction advances the mechanical selector
  [ok] 6A evidence fan remains case-addressable
  [ok] player starts the possession check inside Sacha's fan room
  [ok] possession waits while the player remains in the room
  [ok] first room exit moves the plug and starts the impossible rotor
  [ok] returning player finds the fan running unplugged
  [ok] exposed plug remains until another room exit
  [ok] second room exit restores the ordinary appliance unseen
  [ok] four roof ventilators own the bathroom risers
  [ok] central ventilators stay at eight meshes each / 32 total (8 / 32)
  [ok] all ventilation motors remain on the roof
  [ok] roof belt guards and service plates remain findable
  [ok] all four roof belt guards audibly refuse live service on a real ray
  [ok] 4B no longer owns an anachronistic private extractor
  [ok] all twenty-three bathrooms own a passive audible register
  [ok] every bathroom register stays on the ventilation graph
  [ok] each motor reaches its own bathrooms without crossing another riser
  [ok] a motif cannot start central plant that is between cycles
  [ok] roof motor opens its gravity louver with the running cycle
  [ok] five C-stack bedrooms retain sealed chimney thimbles
  [ok] flue marker ids remain the unchanged acoustic binding keys
  [ok] flue graph carries real 2C-6C metadata on the unchanged ids
  [ok] every thimble is seated on the masonry breast face
  [ok] sealed thimbles stay at three meshes each / 15 total (3 / 15)
  [ok] all five sealed thimbles answer without pretending masonry opens
  [ok] knock settle retains its render-ruled three-millimetre evidence pose
  [ok] all 3 roof fixtures terminate at the real roof riser
  [ok] roof electrical riser continues down the F06 south chase
  [ok] roof possession can propagate through F06 to switchgear
  [ok] all five lamp markers built (5)
  [ok] every lamp carries its explicit marker variant (5/5)
  [ok] every lamp throws one downward spot, not an omni (5/5)
  [ok] every lamp stays on the electrical graph (5/5)
  [ok] lamp family stays within 60 visible meshes (45)
  [ok] Omar's lamp stands clear of the rest of his bench
  [ok] every registered prop kind has markers or a documented owner (none orphaned)
  [ok] no kind claims warehouse-only status while owning markers (clean)
  [ok] radiators stay merged (7.0 meshes each across 23)
  [ok] all 120 layout doors use the semantic family
  [ok] door family stays below 600 meshes (596, max leaf 25)
  [ok] all non-landmark apartment entries carry an explicit unit
  [ok] storefront, exterior-service and cabinet classes remain distinct
  [ok] fridge family stays merged (13.1 meshes each across 18)
  [ok] stove family stays merged (47.0 meshes each across 18)
  [ok] tap family stays merged (13.0 meshes each across 66)
  [ok] toaster family stays merged (13.0 meshes each across 14)
  [ok] all eighteen ranges use the approved fired-enamel plate
  [ok] all 24 lavatories, including the retail WC, use calm fired glaze
  [ok] one functional 1912 coal boiler owns the plant
  [ok] boiler marker and physical plant share one position
  [ok] boiler's long parts list stays merged (19 meshes)
  [ok] boiler has a physical service footprint
  [ok] coal, ash, water glass and draft remain reachable
  [ok] both tended doors retain independent service poses
  [ok] low water at the boiler starves the shared radiator cycle
  [ok] boiler tending clock feeds heat and domestic hot water
  [ok] all twenty-three bathroom mirrors are functional cabinets
  [ok] each medicine cabinet stays at or below eight visible meshes
  [ok] medicine-cabinet family stays within its independent mesh budget (150)
  [ok] every medicine cabinet exposes one player interaction volume
  [ok] all twenty-three cabinet leaves clear real room collision
  [ok] all cabinet leaves clear their basin fittings and sconces
  [ok] every cabinet opens clear of the worker's basin standing point
  [ok] every raised mirror leaves at least 100 mm above visible tapwork
  [ok] mirror metadata names wall structure, not a fictitious water path
  [ok] all 23 lavatory sconces occupy the measured roomward side position
  [ok] bathroom globe halos stay clear of the medicine-cabinet glass
  [ok] cabinet markers choose one of both geometry-derived hinge sides
  [ok] structural mirror metadata does not invent an acoustic graph feature
  [ok] sealed, vacant, landlord and public cabinets never inherit 4B
  [ok] 4B's leaf hinges away from its close return wall
  [ok] left-hinged cabinet reaches the ruled ninety-five-degree pose
  [ok] cabinet door returns to its measured shut pose
  [ok] twenty-three bathrooms own one explicit switch (23/23)
  [ok] every bathroom switch clears the shower wet zone (min 1.27m)
  [ok] all authored bathroom switches are interactive (23)
  [ok] every bathroom switch owns a non-empty complete circuit
[SWITCHES] F01_RESTROOM -> off (1 fixtures)
  [ok] bathroom switch kills direct light and visible emissive envelope
[SWITCHES] F01_RESTROOM -> on (1 fixtures)
  [ok] bathroom circuit restores source, pool and envelope
  [ok] 4B retains its stable signal-terminal binding id
  [ok] modern keyboard, mouse, USB mic, headset stand and strip are gone
  [ok] terminal owns receiver cabinet, scope, valves and annunciator
  [ok] capture is witnessed by a paired moving-coil meter bank
  [ok] complete signal desk stays within fourteen visible meshes (10)
  [ok] call stages drive the physical scope rather than UI alone
  [ok] incoming call reaches the scope and amber line annunciator
  [ok] radio-console display language preserves isolate, capture and route
  [ok] call face retains its brass rim and dark Bakelite field
  [ok] five domestic picture receivers remain separate from 4B terminal
  [ok] Sacha retains three picture plates, not three maintenance desks
  [ok] both display and terminal kinds remain on the electrical graph
  [ok] Lena's board and loose patterns have unique assembly ids
  [ok] Lena's pattern board stays in her dry living/work room
  [ok] pattern board occupies Lena's clear west-wall pier
  [ok] Lena's story collage is seated on its authored cork backing
  [ok] Lena's pattern board clears her existing wall-art composition
  [ok] two building clocks and eighteen case witnesses are present
  [ok] every clock remains at or below ten visible meshes (F01_LOBBY_CLOCK_01=10, F04_B_CLOCK_01=10, DomesticWitness_evelyn_paper_jam=10, DomesticWitness_teresa_call_bells=8, DomesticWitness_mina_caption_crisis=9, DomesticWitness_lena_unraveling=9, DomesticWitness_juno_feedback_tetris=8, DomesticWitness_malcolm_memory_plants=9, DomesticWitness_omar_unrepairable=10, DomesticWitness_rhea_bad_karaoke=7, DomesticWitness_peter_form_corridor=10, DomesticWitness_cam_tilted_room=9, DomesticWitness_noel_domestic_museum=10, DomesticWitness_transient_infinite_checkout=4, DomesticWitness_nadia_code_pinball=9, DomesticWitness_cal_memory_radio=4, DomesticWitness_iris_runaway_paint=8, DomesticWitness_sacha_camera_delay=3, DomesticWitness_jonah_sentence_insects=3, DomesticWitness_mae_contradictory_antiques=7)
  [ok] clock family stays within its independent 160-mesh budget (157)
  [ok] warehouse variants also exist as distinct installed clocks
  [ok] 4B clock exposes its winding point and one interaction volume
  [ok] sealed lobby master is authoritative and four minutes fast
  [ok] 4B drop clock clears every door leaf and frame
  [ok] spent eight-day spring stops the mechanical hands
  [ok] winding restores the movement and closes its work order
  [ok] mechanical 4B clock is structural while the Vantry master carries signal
  [ok] both honest clocks enter the correct propagation graph
  [ok] all witness faces are readable below the five-foot worker's sight limit
  [ok] all five period and signal rulings are instantiated
  [ok] all 18 witness clocks own reachable clue-safe inspection copy
  [ok] 4C's two residents spend separate wall and furniture budgets (wall/table)
  [ok] the current lobby notice board owns one foreground inspection target
  [ok] production lobby board answers with owner condition and material touch
  [ok] production directory owns one sounding call-button response
  [ok] Vantry master resists through its sealed setting cover
  [ok] mail bank, post tray and measured lobby master all exist
  [ok] mail elevation keeps six residentless apartments visibly empty
  [ok] Couch bank occupies its measured east-wall centre
  [ok] post tray derives from and follows the bank centre
  [ok] 4B box stays readable at the five-foot player's eye line
  [ok] batched closed bank stays at or below sixteen meshes (13)
  [ok] wider bank clears the Vantry master clock
  [ok] mail bank retains 150 mm minimum from lobby master (0.179 m)
  [ok] 4B's wider open leaf clears the master clock
  [ok] 4B's wider open leaf clears the sorting tray
  [ok] open box leaves a full worker standing lane in the lobby
  [ok] eleven owned shop batches stay below 1550 records (1486)
  [ok] every Passage geometry record retains an explicit render batch
  [ok] ten isolatable heroes plus the in-situ funeral arrangement exist
  [ok] every shop keeps one account book
  [ok] shop geometry imports as bounded local material buckets (304 meshes)
  [ok] no shop bucket regresses to the block-wide lighting AABB
  [ok] all eleven Passage signs own one sourced reactive target
  [ok] sign copy agrees with the canonical 03:00 shop-light state
  [ok] all three neon signs own one read-only sourced inspection
  [ok] street, tenant and stage neon service points win a 2.1 m ray
  [ok] bodega, Harukiya and Orison plaque own sourced assembly answers
  [ok] all three hero sign assemblies win a standing production ray
  [ok] the complete entrance marquee answers from one standing look-point
WALKTEST RESULT: PASS [FAST]
