Godot Engine v4.7.1.stable.official.a13da4feb - https://godotengine.org

[ACOUSTIC] 550 nodes loaded
PACK_CELL CELL_ORISON_F01_INTERIOR meshes=77
PACK_CELL CELL_ORISON_FACADE_SHELL meshes=31
PACK_CELL CELL_SITE_STREET_COMMON meshes=50
PACK_CELL CELL_PASSAGE meshes=31
PACK_CELL CELL_SHOP_BAR meshes=71
PACK_CELL CELL_SHOP_BODEGA meshes=22
PACK_CELL CELL_SHOP_MODEL_LAUNDRY meshes=32
PACK_CELL CELL_SHOP_SHOE_REBUILDING meshes=21
PACK_CELL CELL_SHOP_KEYS_CUT meshes=21
PACK_CELL CELL_SHOP_HARDWARE_PAINT meshes=22
PACK_CELL CELL_SHOP_FUNERAL_PARLOUR meshes=24
PACK_CELL CELL_SHOP_PHOTO_SUPPLIES meshes=34
PACK_CELL CELL_SHOP_RADIO_SERVICE meshes=35
PACK_CELL CELL_SHOP_PAWNBROKER meshes=34
PACK_CELL CELL_SHOP_NEWS_CIGARS meshes=27
PACK_CELL CELL_SHOP_OTIS_SON meshes=31
PACK_CELL CELL_SHOP_LUNCHEONETTE meshes=34
PACK_RESULT {"albedo_textures":102,"cells":17,"failures":[],"materials":597,"meshes":597,"targets":609}
