C:\PleaseRemainOnTheLine\art\blender\scripts\build_hardware_drawers.py:45: DeprecationWarning: 'Material.use_nodes' is expected to be removed in Blender 6.0
  mat=bpy.data.materials.new(key);mat.use_nodes=True;materials[key]=mat
Extensions: writing cache failed ([WinError 183] Cannot create a file when that file already exists: 'C:\\Users\\nate_\\AppData\\Roaming\\Blender Foundation\\Blender\\5.2\\extensions\\.cache').
Info: Saved as "hardware_drawers.blend"
INFO Draco is available, use library at C:\Program Files\Blender Foundation\Blender 5.2\5.2\scripts\addons_core\io_scene_gltf2\bf_intern_draco_bridge.dll
INFO MeshOptimizer is available, use library at C:\Program Files\Blender Foundation\Blender 5.2\5.2\scripts\addons_core\io_scene_gltf2\bf_intern_meshopt_bridge.dll
18:17:34 | INFO: Starting glTF 2.0 export
18:17:34 | INFO: Extracting primitive: storm_shop_hardware_paint_can0__lacquer_red
18:17:34 | INFO: Primitives created: 1
18:17:34 | INFO: Extracting primitive: storm_shop_hardware_paint_can0__metal
18:17:34 | INFO: Primitives created: 1
18:17:34 | INFO: Extracting primitive: storm_shop_hardware_paint_can1__book_teal
18:17:34 | INFO: Primitives created: 1
18:17:34 | INFO: Extracting primitive: storm_shop_hardware_paint_can1__metal
18:17:34 | INFO: Primitives created: 1
18:17:34 | INFO: Extracting primitive: storm_shop_hardware_paint_can2__fabric_green
18:17:34 | INFO: Primitives created: 1
18:17:34 | INFO: Extracting primitive: storm_shop_hardware_paint_can2__metal
18:17:34 | INFO: Primitives created: 1
18:17:34 | INFO: Extracting primitive: storm_shop_hardware_paint_can3__metal
18:17:34 | INFO: Primitives created: 1
18:17:34 | INFO: Extracting primitive: storm_shop_hardware_paint_can3__safety_orange
18:17:34 | INFO: Primitives created: 1
18:17:34 | INFO: Extracting primitive: storm_shop_hardware_paint_can4__lacquer_red
18:17:34 | INFO: Primitives created: 1
18:17:34 | INFO: Extracting primitive: storm_shop_hardware_paint_can4__metal
18:17:34 | INFO: Primitives created: 1
18:17:34 | INFO: Extracting primitive: storm_shop_hardware_paint_can5__book_teal
18:17:34 | INFO: Primitives created: 1
18:17:34 | INFO: Extracting primitive: storm_shop_hardware_paint_can5__metal
18:17:34 | INFO: Primitives created: 1
18:17:34 | INFO: Extracting primitive: storm_shop_hardware_paint_can6__fabric_green
18:17:34 | INFO: Primitives created: 1
18:17:34 | INFO: Extracting primitive: storm_shop_hardware_paint_can6__metal
18:17:34 | INFO: Primitives created: 1
18:17:34 | INFO: Extracting primitive: storm_shop_hardware_paint_drawer0_0__brass_dull
18:17:34 | INFO: Primitives created: 1
18:17:34 | INFO: Extracting primitive: storm_shop_hardware_paint_drawer0_0__oak_quartered
18:17:34 | INFO: Primitives created: 1
18:17:34 | INFO: Extracting primitive: storm_shop_hardware_paint_drawer0_1__brass_dull
18:17:34 | INFO: Primitives created: 1
18:17:34 | INFO: Extracting primitive: storm_shop_hardware_paint_drawer0_1__oak_quartered
18:17:34 | INFO: Primitives created: 1
18:17:34 | INFO: Extracting primitive: storm_shop_hardware_paint_drawer0_2__brass_dull
18:17:34 | INFO: Primitives created: 1
18:17:34 | INFO: Extracting primitive: storm_shop_hardware_paint_drawer0_2__oak_quartered
18:17:34 | INFO: Primitives created: 1
18:17:34 | INFO: Extracting primitive: storm_shop_hardware_paint_drawer0_3__brass_dull
18:17:34 | INFO: Primitives created: 1
18:17:34 | INFO: Extracting primitive: storm_shop_hardware_paint_drawer0_3__oak_quartered
18:17:34 | INFO: Primitives created: 1
18:17:34 | INFO: Extracting primitive: storm_shop_hardware_paint_drawer0_4__brass_dull
18:17:34 | INFO: Primitives created: 1
18:17:34 | INFO: Extracting primitive: storm_shop_hardware_paint_drawer0_4__oak_quartered
18:17:34 | INFO: Primitives created: 1
18:17:34 | INFO: Extracting primitive: storm_shop_hardware_paint_drawer0_5__brass_dull
18:17:34 | INFO: Primitives created: 1
18:17:34 | INFO: Extracting primitive: storm_shop_hardware_paint_drawer0_5__oak_quartered
18:17:34 | INFO: Primitives created: 1
18:17:34 | INFO: Extracting primitive: storm_shop_hardware_paint_drawer0_6__brass_dull
18:17:34 | INFO: Primitives created: 1
18:17:34 | INFO: Extracting primitive: storm_shop_hardware_paint_drawer0_6__oak_quartered
18:17:34 | INFO: Primitives created: 1
18:17:34 | INFO: Extracting primitive: storm_shop_hardware_paint_drawer1_0__brass_dull
18:17:34 | INFO: Primitives created: 1
18:17:34 | INFO: Extracting primitive: storm_shop_hardware_paint_drawer1_0__oak_quartered
18:17:34 | INFO: Primitives created: 1
18:17:34 | INFO: Extracting primitive: storm_shop_hardware_paint_drawer1_1__brass_dull
18:17:34 | INFO: Primitives created: 1
18:17:34 | INFO: Extracting primitive: storm_shop_hardware_paint_drawer1_1__oak_quartered
18:17:34 | INFO: Primitives created: 1
18:17:34 | INFO: Extracting primitive: storm_shop_hardware_paint_drawer1_2__brass_dull
18:17:34 | INFO: Primitives created: 1
18:17:34 | INFO: Extracting primitive: storm_shop_hardware_paint_drawer1_2__oak_quartered
18:17:34 | INFO: Primitives created: 1
18:17:34 | INFO: Extracting primitive: storm_shop_hardware_paint_drawer1_3__brass_dull
18:17:34 | INFO: Primitives created: 1
18:17:34 | INFO: Extracting primitive: storm_shop_hardware_paint_drawer1_3__oak_quartered
18:17:34 | INFO: Primitives created: 1
18:17:34 | INFO: Extracting primitive: storm_shop_hardware_paint_drawer1_4__brass_dull
18:17:34 | INFO: Primitives created: 1
18:17:34 | INFO: Extracting primitive: storm_shop_hardware_paint_drawer1_4__oak_quartered
18:17:34 | INFO: Primitives created: 1
18:17:34 | INFO: Extracting primitive: storm_shop_hardware_paint_drawer1_5__brass_dull
18:17:34 | INFO: Primitives created: 1
18:17:34 | INFO: Extracting primitive: storm_shop_hardware_paint_drawer1_5__oak_quartered
18:17:34 | INFO: Primitives created: 1
18:17:34 | INFO: Extracting primitive: storm_shop_hardware_paint_drawer1_6__brass_dull
18:17:34 | INFO: Primitives created: 1
18:17:34 | INFO: Extracting primitive: storm_shop_hardware_paint_drawer1_6__oak_quartered
18:17:34 | INFO: Primitives created: 1
18:17:34 | INFO: Extracting primitive: storm_shop_hardware_paint_drawer2_0__brass_dull
18:17:34 | INFO: Primitives created: 1
18:17:34 | INFO: Extracting primitive: storm_shop_hardware_paint_drawer2_0__oak_quartered
18:17:34 | INFO: Primitives created: 1
18:17:34 | INFO: Extracting primitive: storm_shop_hardware_paint_drawer2_1__brass_dull
18:17:34 | INFO: Primitives created: 1
18:17:34 | INFO: Extracting primitive: storm_shop_hardware_paint_drawer2_1__oak_quartered
18:17:34 | INFO: Primitives created: 1
18:17:34 | INFO: Extracting primitive: storm_shop_hardware_paint_drawer2_2__brass_dull
18:17:34 | INFO: Primitives created: 1
18:17:34 | INFO: Extracting primitive: storm_shop_hardware_paint_drawer2_2__oak_quartered
18:17:34 | INFO: Primitives created: 1
18:17:34 | INFO: Extracting primitive: storm_shop_hardware_paint_drawer2_3__brass_dull
18:17:34 | INFO: Primitives created: 1
18:17:34 | INFO: Extracting primitive: storm_shop_hardware_paint_drawer2_3__oak_quartered
18:17:34 | INFO: Primitives created: 1
18:17:34 | INFO: Extracting primitive: storm_shop_hardware_paint_drawer2_4__brass_dull
18:17:34 | INFO: Primitives created: 1
18:17:34 | INFO: Extracting primitive: storm_shop_hardware_paint_drawer2_4__oak_quartered
18:17:34 | INFO: Primitives created: 1
18:17:34 | INFO: Extracting primitive: storm_shop_hardware_paint_drawer2_5__brass_dull
18:17:34 | INFO: Primitives created: 1
18:17:34 | INFO: Extracting primitive: storm_shop_hardware_paint_drawer2_5__oak_quartered
18:17:34 | INFO: Primitives created: 1
18:17:34 | INFO: Extracting primitive: storm_shop_hardware_paint_drawer2_6__brass_dull
18:17:34 | INFO: Primitives created: 1
18:17:34 | INFO: Extracting primitive: storm_shop_hardware_paint_drawer2_6__oak_quartered
18:17:34 | INFO: Primitives created: 1
18:17:34 | INFO: Extracting primitive: storm_shop_hardware_paint_drawer3_0__brass_dull
18:17:34 | INFO: Primitives created: 1
18:17:34 | INFO: Extracting primitive: storm_shop_hardware_paint_drawer3_0__oak_quartered
18:17:34 | INFO: Primitives created: 1
18:17:34 | INFO: Extracting primitive: storm_shop_hardware_paint_drawer3_1__brass_dull
18:17:34 | INFO: Primitives created: 1
18:17:34 | INFO: Extracting primitive: storm_shop_hardware_paint_drawer3_1__oak_quartered
18:17:34 | INFO: Primitives created: 1
18:17:34 | INFO: Extracting primitive: storm_shop_hardware_paint_drawer3_2__brass_dull
18:17:34 | INFO: Primitives created: 1
18:17:34 | INFO: Extracting primitive: storm_shop_hardware_paint_drawer3_2__oak_quartered
18:17:34 | INFO: Primitives created: 1
18:17:34 | INFO: Extracting primitive: storm_shop_hardware_paint_drawer3_3__brass_dull
18:17:34 | INFO: Primitives created: 1
18:17:34 | INFO: Extracting primitive: storm_shop_hardware_paint_drawer3_3__oak_quartered
18:17:34 | INFO: Primitives created: 1
18:17:34 | INFO: Extracting primitive: storm_shop_hardware_paint_drawer3_4__brass_dull
18:17:34 | INFO: Primitives created: 1
18:17:34 | INFO: Extracting primitive: storm_shop_hardware_paint_drawer3_4__oak_quartered
18:17:34 | INFO: Primitives created: 1
18:17:34 | INFO: Extracting primitive: storm_shop_hardware_paint_drawer3_5__brass_dull
18:17:34 | INFO: Primitives created: 1
18:17:34 | INFO: Extracting primitive: storm_shop_hardware_paint_drawer3_5__oak_quartered
18:17:34 | INFO: Primitives created: 1
18:17:34 | INFO: Extracting primitive: storm_shop_hardware_paint_drawer3_6__brass_dull
18:17:34 | INFO: Primitives created: 1
18:17:34 | INFO: Extracting primitive: storm_shop_hardware_paint_drawer3_6__oak_quartered
18:17:34 | INFO: Primitives created: 1
18:17:34 | INFO: Extracting primitive: storm_shop_hardware_paint_drawer4_0__brass_dull
18:17:34 | INFO: Primitives created: 1
18:17:34 | INFO: Extracting primitive: storm_shop_hardware_paint_drawer4_0__oak_quartered
18:17:34 | INFO: Primitives created: 1
18:17:34 | INFO: Extracting primitive: storm_shop_hardware_paint_drawer4_1__brass_dull
18:17:34 | INFO: Primitives created: 1
18:17:34 | INFO: Extracting primitive: storm_shop_hardware_paint_drawer4_1__oak_quartered
18:17:34 | INFO: Primitives created: 1
18:17:34 | INFO: Extracting primitive: storm_shop_hardware_paint_drawer4_2__brass_dull
18:17:34 | INFO: Primitives created: 1
18:17:34 | INFO: Extracting primitive: storm_shop_hardware_paint_drawer4_2__oak_quartered
18:17:34 | INFO: Primitives created: 1
18:17:34 | INFO: Extracting primitive: storm_shop_hardware_paint_drawer4_3__brass_dull
18:17:34 | INFO: Primitives created: 1
18:17:34 | INFO: Extracting primitive: storm_shop_hardware_paint_drawer4_3__oak_quartered
18:17:34 | INFO: Primitives created: 1
18:17:34 | INFO: Extracting primitive: storm_shop_hardware_paint_drawer4_4__brass_dull
18:17:34 | INFO: Primitives created: 1
18:17:34 | INFO: Extracting primitive: storm_shop_hardware_paint_drawer4_4__oak_quartered
18:17:34 | INFO: Primitives created: 1
18:17:34 | INFO: Extracting primitive: storm_shop_hardware_paint_drawer4_5__brass_dull
18:17:34 | INFO: Primitives created: 1
18:17:34 | INFO: Extracting primitive: storm_shop_hardware_paint_drawer4_5__oak_quartered
18:17:34 | INFO: Primitives created: 1
18:17:34 | INFO: Extracting primitive: storm_shop_hardware_paint_drawer4_6__brass_dull
18:17:34 | INFO: Primitives created: 1
18:17:34 | INFO: Extracting primitive: storm_shop_hardware_paint_drawer4_6__oak_quartered
18:17:34 | INFO: Primitives created: 1
18:17:34 | INFO: Extracting primitive: storm_shop_hardware_paint_drawer_carcass__wood_dark
18:17:34 | INFO: Primitives created: 1
18:17:34 | INFO: Extracting primitive: storm_shop_hardware_paint_paint_bench__metal
18:17:34 | INFO: Primitives created: 1
18:17:34 | INFO: Extracting primitive: storm_shop_hardware_paint_paint_bench__timber
18:17:34 | INFO: Primitives created: 1
18:17:34 | INFO: Finished glTF 2.0 export in 0.296647310256958 s

HARDWARE DRAWERS 80 original records; 44 assemblies; 601 closed stocks; 87 parts; 122676 triangles; 50 foot contacts
Blender 5.2.0 LTS (hash fbe6228777e7 built 2026-07-14 01:35:40)

Blender quit
