C:\PleaseRemainOnTheLine\tmp\v2-finish-review\hardware-drawers-stage\art\blender\scripts\build_hardware_drawers.py:45: DeprecationWarning: 'Material.use_nodes' is expected to be removed in Blender 6.0
  mat=bpy.data.materials.new(key);mat.use_nodes=True;materials[key]=mat
Extensions: writing cache failed ([WinError 183] Cannot create a file when that file already exists: 'C:\\Users\\nate_\\AppData\\Roaming\\Blender Foundation\\Blender\\5.2\\extensions\\.cache').
Info: Saved as "hardware_drawers.blend"
INFO Draco is available, use library at C:\Program Files\Blender Foundation\Blender 5.2\5.2\scripts\addons_core\io_scene_gltf2\bf_intern_draco_bridge.dll
INFO MeshOptimizer is available, use library at C:\Program Files\Blender Foundation\Blender 5.2\5.2\scripts\addons_core\io_scene_gltf2\bf_intern_meshopt_bridge.dll
18:03:40 | INFO: Starting glTF 2.0 export
18:03:40 | INFO: Extracting primitive: storm_shop_hardware_paint_drawer0_0__brass_dull
18:03:40 | INFO: Primitives created: 1
18:03:40 | INFO: Extracting primitive: storm_shop_hardware_paint_drawer0_0__oak_quartered
18:03:41 | INFO: Primitives created: 1
18:03:41 | INFO: Extracting primitive: storm_shop_hardware_paint_drawer0_1__brass_dull
18:03:41 | INFO: Primitives created: 1
18:03:41 | INFO: Extracting primitive: storm_shop_hardware_paint_drawer0_1__oak_quartered
18:03:41 | INFO: Primitives created: 1
18:03:41 | INFO: Extracting primitive: storm_shop_hardware_paint_drawer0_2__brass_dull
18:03:41 | INFO: Primitives created: 1
18:03:41 | INFO: Extracting primitive: storm_shop_hardware_paint_drawer0_2__oak_quartered
18:03:41 | INFO: Primitives created: 1
18:03:41 | INFO: Extracting primitive: storm_shop_hardware_paint_drawer0_3__brass_dull
18:03:41 | INFO: Primitives created: 1
18:03:41 | INFO: Extracting primitive: storm_shop_hardware_paint_drawer0_3__oak_quartered
18:03:41 | INFO: Primitives created: 1
18:03:41 | INFO: Extracting primitive: storm_shop_hardware_paint_drawer0_4__brass_dull
18:03:41 | INFO: Primitives created: 1
18:03:41 | INFO: Extracting primitive: storm_shop_hardware_paint_drawer0_4__oak_quartered
18:03:41 | INFO: Primitives created: 1
18:03:41 | INFO: Extracting primitive: storm_shop_hardware_paint_drawer0_5__brass_dull
18:03:41 | INFO: Primitives created: 1
18:03:41 | INFO: Extracting primitive: storm_shop_hardware_paint_drawer0_5__oak_quartered
18:03:41 | INFO: Primitives created: 1
18:03:41 | INFO: Extracting primitive: storm_shop_hardware_paint_drawer0_6__brass_dull
18:03:41 | INFO: Primitives created: 1
18:03:41 | INFO: Extracting primitive: storm_shop_hardware_paint_drawer0_6__oak_quartered
18:03:41 | INFO: Primitives created: 1
18:03:41 | INFO: Extracting primitive: storm_shop_hardware_paint_drawer1_0__brass_dull
18:03:41 | INFO: Primitives created: 1
18:03:41 | INFO: Extracting primitive: storm_shop_hardware_paint_drawer1_0__oak_quartered
18:03:41 | INFO: Primitives created: 1
18:03:41 | INFO: Extracting primitive: storm_shop_hardware_paint_drawer1_1__brass_dull
18:03:41 | INFO: Primitives created: 1
18:03:41 | INFO: Extracting primitive: storm_shop_hardware_paint_drawer1_1__oak_quartered
18:03:41 | INFO: Primitives created: 1
18:03:41 | INFO: Extracting primitive: storm_shop_hardware_paint_drawer1_2__brass_dull
18:03:41 | INFO: Primitives created: 1
18:03:41 | INFO: Extracting primitive: storm_shop_hardware_paint_drawer1_2__oak_quartered
18:03:41 | INFO: Primitives created: 1
18:03:41 | INFO: Extracting primitive: storm_shop_hardware_paint_drawer1_3__brass_dull
18:03:41 | INFO: Primitives created: 1
18:03:41 | INFO: Extracting primitive: storm_shop_hardware_paint_drawer1_3__oak_quartered
18:03:41 | INFO: Primitives created: 1
18:03:41 | INFO: Extracting primitive: storm_shop_hardware_paint_drawer1_4__brass_dull
18:03:41 | INFO: Primitives created: 1
18:03:41 | INFO: Extracting primitive: storm_shop_hardware_paint_drawer1_4__oak_quartered
18:03:41 | INFO: Primitives created: 1
18:03:41 | INFO: Extracting primitive: storm_shop_hardware_paint_drawer1_5__brass_dull
18:03:41 | INFO: Primitives created: 1
18:03:41 | INFO: Extracting primitive: storm_shop_hardware_paint_drawer1_5__oak_quartered
18:03:41 | INFO: Primitives created: 1
18:03:41 | INFO: Extracting primitive: storm_shop_hardware_paint_drawer1_6__brass_dull
18:03:41 | INFO: Primitives created: 1
18:03:41 | INFO: Extracting primitive: storm_shop_hardware_paint_drawer1_6__oak_quartered
18:03:41 | INFO: Primitives created: 1
18:03:41 | INFO: Extracting primitive: storm_shop_hardware_paint_drawer2_0__brass_dull
18:03:41 | INFO: Primitives created: 1
18:03:41 | INFO: Extracting primitive: storm_shop_hardware_paint_drawer2_0__oak_quartered
18:03:41 | INFO: Primitives created: 1
18:03:41 | INFO: Extracting primitive: storm_shop_hardware_paint_drawer2_1__brass_dull
18:03:41 | INFO: Primitives created: 1
18:03:41 | INFO: Extracting primitive: storm_shop_hardware_paint_drawer2_1__oak_quartered
18:03:41 | INFO: Primitives created: 1
18:03:41 | INFO: Extracting primitive: storm_shop_hardware_paint_drawer2_2__brass_dull
18:03:41 | INFO: Primitives created: 1
18:03:41 | INFO: Extracting primitive: storm_shop_hardware_paint_drawer2_2__oak_quartered
18:03:41 | INFO: Primitives created: 1
18:03:41 | INFO: Extracting primitive: storm_shop_hardware_paint_drawer2_3__brass_dull
18:03:41 | INFO: Primitives created: 1
18:03:41 | INFO: Extracting primitive: storm_shop_hardware_paint_drawer2_3__oak_quartered
18:03:41 | INFO: Primitives created: 1
18:03:41 | INFO: Extracting primitive: storm_shop_hardware_paint_drawer2_4__brass_dull
18:03:41 | INFO: Primitives created: 1
18:03:41 | INFO: Extracting primitive: storm_shop_hardware_paint_drawer2_4__oak_quartered
18:03:41 | INFO: Primitives created: 1
18:03:41 | INFO: Extracting primitive: storm_shop_hardware_paint_drawer2_5__brass_dull
18:03:41 | INFO: Primitives created: 1
18:03:41 | INFO: Extracting primitive: storm_shop_hardware_paint_drawer2_5__oak_quartered
18:03:41 | INFO: Primitives created: 1
18:03:41 | INFO: Extracting primitive: storm_shop_hardware_paint_drawer2_6__brass_dull
18:03:41 | INFO: Primitives created: 1
18:03:41 | INFO: Extracting primitive: storm_shop_hardware_paint_drawer2_6__oak_quartered
18:03:41 | INFO: Primitives created: 1
18:03:41 | INFO: Extracting primitive: storm_shop_hardware_paint_drawer3_0__brass_dull
18:03:41 | INFO: Primitives created: 1
18:03:41 | INFO: Extracting primitive: storm_shop_hardware_paint_drawer3_0__oak_quartered
18:03:41 | INFO: Primitives created: 1
18:03:41 | INFO: Extracting primitive: storm_shop_hardware_paint_drawer3_1__brass_dull
18:03:41 | INFO: Primitives created: 1
18:03:41 | INFO: Extracting primitive: storm_shop_hardware_paint_drawer3_1__oak_quartered
18:03:41 | INFO: Primitives created: 1
18:03:41 | INFO: Extracting primitive: storm_shop_hardware_paint_drawer3_2__brass_dull
18:03:41 | INFO: Primitives created: 1
18:03:41 | INFO: Extracting primitive: storm_shop_hardware_paint_drawer3_2__oak_quartered
18:03:41 | INFO: Primitives created: 1
18:03:41 | INFO: Extracting primitive: storm_shop_hardware_paint_drawer3_3__brass_dull
18:03:41 | INFO: Primitives created: 1
18:03:41 | INFO: Extracting primitive: storm_shop_hardware_paint_drawer3_3__oak_quartered
18:03:41 | INFO: Primitives created: 1
18:03:41 | INFO: Extracting primitive: storm_shop_hardware_paint_drawer3_4__brass_dull
18:03:41 | INFO: Primitives created: 1
18:03:41 | INFO: Extracting primitive: storm_shop_hardware_paint_drawer3_4__oak_quartered
18:03:41 | INFO: Primitives created: 1
18:03:41 | INFO: Extracting primitive: storm_shop_hardware_paint_drawer3_5__brass_dull
18:03:41 | INFO: Primitives created: 1
18:03:41 | INFO: Extracting primitive: storm_shop_hardware_paint_drawer3_5__oak_quartered
18:03:41 | INFO: Primitives created: 1
18:03:41 | INFO: Extracting primitive: storm_shop_hardware_paint_drawer3_6__brass_dull
18:03:41 | INFO: Primitives created: 1
18:03:41 | INFO: Extracting primitive: storm_shop_hardware_paint_drawer3_6__oak_quartered
18:03:41 | INFO: Primitives created: 1
18:03:41 | INFO: Extracting primitive: storm_shop_hardware_paint_drawer4_0__brass_dull
18:03:41 | INFO: Primitives created: 1
18:03:41 | INFO: Extracting primitive: storm_shop_hardware_paint_drawer4_0__oak_quartered
18:03:41 | INFO: Primitives created: 1
18:03:41 | INFO: Extracting primitive: storm_shop_hardware_paint_drawer4_1__brass_dull
18:03:41 | INFO: Primitives created: 1
18:03:41 | INFO: Extracting primitive: storm_shop_hardware_paint_drawer4_1__oak_quartered
18:03:41 | INFO: Primitives created: 1
18:03:41 | INFO: Extracting primitive: storm_shop_hardware_paint_drawer4_2__brass_dull
18:03:41 | INFO: Primitives created: 1
18:03:41 | INFO: Extracting primitive: storm_shop_hardware_paint_drawer4_2__oak_quartered
18:03:41 | INFO: Primitives created: 1
18:03:41 | INFO: Extracting primitive: storm_shop_hardware_paint_drawer4_3__brass_dull
18:03:41 | INFO: Primitives created: 1
18:03:41 | INFO: Extracting primitive: storm_shop_hardware_paint_drawer4_3__oak_quartered
18:03:41 | INFO: Primitives created: 1
18:03:41 | INFO: Extracting primitive: storm_shop_hardware_paint_drawer4_4__brass_dull
18:03:41 | INFO: Primitives created: 1
18:03:41 | INFO: Extracting primitive: storm_shop_hardware_paint_drawer4_4__oak_quartered
18:03:41 | INFO: Primitives created: 1
18:03:41 | INFO: Extracting primitive: storm_shop_hardware_paint_drawer4_5__brass_dull
18:03:41 | INFO: Primitives created: 1
18:03:41 | INFO: Extracting primitive: storm_shop_hardware_paint_drawer4_5__oak_quartered
18:03:41 | INFO: Primitives created: 1
18:03:41 | INFO: Extracting primitive: storm_shop_hardware_paint_drawer4_6__brass_dull
18:03:41 | INFO: Primitives created: 1
18:03:41 | INFO: Extracting primitive: storm_shop_hardware_paint_drawer4_6__oak_quartered
18:03:41 | INFO: Primitives created: 1
18:03:41 | INFO: Extracting primitive: storm_shop_hardware_paint_drawer_carcass__wood_dark
18:03:41 | INFO: Primitives created: 1
18:03:41 | INFO: Finished glTF 2.0 export in 0.2505199909210205 s

HARDWARE DRAWERS 71 original records; 36 assemblies; 537 closed stocks; 71 parts; 103756 triangles; 39 foot contacts
Blender 5.2.0 LTS (hash fbe6228777e7 built 2026-07-14 01:35:40)

Blender quit
