Godot Engine v4.7.1.stable.official.a13da4feb - https://godotengine.org
Vulkan 1.4.341 - Forward+ - Using Device #0: NVIDIA - NVIDIA GeForce RTX 4080

[ACOUSTIC] 550 nodes loaded
ORISON V2 BLOCKOUT: 200 spaces / 111 doors / 1104 anchors
[V2 FRONT COURT ROOF] three seated girders; retained roof slabs; mapped exterior concrete
[V2 BODEGA POWER] independent inlet; four existing fittings; 20 bearings
[SURFACE] 1311 surfaces layered (478 materials)
[PASSAGE HOURS] OPEN; 10 grilles folded
[PASSAGE HOURS] 11 shopfronts, 10 close after 02:00, HARDWARE PAINT keeps night service
[PASSAGE FINISH] 6 gated draws, 3 handcarts, hours active
[V2 PASSAGE] 13 resident cells; 11 doors; 1 shared-service counters
[SURFACE] 215 surfaces layered (108 materials)
[HARUKIYA] 9 interactables placed
[ARCADE] 2 cabinet(s) from a catalog of 12: SOMETHING IN THE HALL (mystery_serial), OPERATIONS (farm_and_market)
[ARCADE] all of them are running arcade_pit
[V2 BAR] retained cell; 29 registered markers; 3 doors
[V2 FRONT FACADE] native entrance, original landmark hardware, glazed marquee and fitted blade
[SCHEDULE] director live: 18 residents on the clock
[MOVES] personal library: res://assets/characters/mina_vale/mina_vale_moves.glb
SOURCE PARAPET MATERIAL ROOF_PARAPET_EAST brick 
SOURCE PARAPET MATERIAL ROOF_PARAPET_NORTH brick 
SOURCE PARAPET MATERIAL ROOF_PARAPET_SOUTH brick 
SOURCE PARAPET MATERIAL ROOF_PARAPET_WEST brick 
[ORISON V2 RUNTIME] ready startup_ms=33596.688
[LIGHTING] 211 sources active in system; 211 full personalities; profiles steady/breathe/mains/beat/dropout=[50, 49, 36, 42, 34]
CAP MAPPING: mesh=bar_receiving_retail_bar_cab01__iron_blackened valid_basis=true max_uv_excess=0.00000006658956 widest=1.00001580609144 vertices=2440 derivatives=true bad_derivatives=0 min_determinant=0.00000139558533 worst_dot=0.99999988079071
CAP MAPPING: mesh=bar_receiving_retail_bar_cab01__bakelite valid_basis=true max_uv_excess=0.00000011920929 widest=1.00011076892988 vertices=11334 derivatives=true bad_derivatives=0 min_determinant=0.00000046259948 worst_dot=0.99999982118607
CAP MAPPING: mesh=bar_receiving_retail_bar_cab01__bakelite_black valid_basis=true max_uv_excess=0.00000011920929 widest=1.00021897674443 vertices=22532 derivatives=true bad_derivatives=0 min_determinant=0.00000004820666 worst_dot=0.99999958276749
CAP MAPPING: mesh=bar_receiving_retail_bar_cab01__brass_dull valid_basis=true max_uv_excess=0.00000011920929 widest=1.00015185059049 vertices=7434 derivatives=true bad_derivatives=0 min_determinant=0.0000001156172 worst_dot=0.99999982118607
CAP MAPPING: mesh=bar_receiving_retail_bar_cab01__paper valid_basis=true max_uv_excess=0.00000007206108 widest=1.00016453371712 vertices=525 derivatives=true bad_derivatives=0 min_determinant=0.00000007400848 worst_dot=0.99999982118607
CAP MAPPING: mesh=bar_receiving_retail_bar_cab01__milk_glass valid_basis=true max_uv_excess=0.00000007278868 widest=1.00037079416965 vertices=30314 derivatives=true bad_derivatives=0 min_determinant=0.00000000250265 worst_dot=0.99998277425766
CAP MAPPING: mesh=bar_receiving_retail_bar_cab01__enamel_appliance valid_basis=true max_uv_excess=0.00000011920929 widest=1.00010202110905 vertices=2239 derivatives=true bad_derivatives=0 min_determinant=0.00000046263721 worst_dot=0.99999988079071
CAP MAPPING: mesh=bar_receiving_retail_bar_cab01__copper_aged valid_basis=true max_uv_excess=0.00000005261973 widest=1.00002475001095 vertices=676 derivatives=true bad_derivatives=0 min_determinant=0.00000112861311 worst_dot=0.99999988079071
CAP MAPPING: mesh=bar_receiving_retail_bar_cab01__fabric_warm valid_basis=true max_uv_excess=0.00000011920929 widest=1.0002434648949 vertices=23461 derivatives=true bad_derivatives=0 min_determinant=0.00000011564369 worst_dot=0.99999982118607
CAP MAPPING: mesh=bar_receiving_retail_bar_cab02__iron_blackened valid_basis=true max_uv_excess=0.00000006658956 widest=1.00001965081079 vertices=2451 derivatives=true bad_derivatives=0 min_determinant=0.00000139557082 worst_dot=0.99999988079071
CAP MAPPING: mesh=bar_receiving_retail_bar_cab02__bakelite valid_basis=true max_uv_excess=0.00000011920929 widest=1.00021736746101 vertices=14794 derivatives=true bad_derivatives=0 min_determinant=0.0000001156172 worst_dot=0.99999982118607
CAP MAPPING: mesh=bar_receiving_retail_bar_cab02__bakelite_black valid_basis=true max_uv_excess=0.00000011920929 widest=1.00022855426009 vertices=22640 derivatives=true bad_derivatives=0 min_determinant=0.00000004820666 worst_dot=0.99999976158142
CAP MAPPING: mesh=bar_receiving_retail_bar_cab02__brass_dull valid_basis=true max_uv_excess=0.00000011920929 widest=1.0001569603556 vertices=9150 derivatives=true bad_derivatives=0 min_determinant=0.00000011562309 worst_dot=0.99999982118607
CAP MAPPING: mesh=bar_receiving_retail_bar_cab02__paper valid_basis=true max_uv_excess=0.00000007334165 widest=1.00017661970078 vertices=514 derivatives=true bad_derivatives=0 min_determinant=0.00000007400848 worst_dot=0.99999988079071
CAP MAPPING: mesh=bar_receiving_retail_bar_cab02__milk_glass valid_basis=true max_uv_excess=0.0000000752043 widest=1.00025513923583 vertices=30315 derivatives=true bad_derivatives=0 min_determinant=0.00000000250265 worst_dot=0.99998182058334
CAP MAPPING: mesh=bar_receiving_retail_bar_cab02__enamel_appliance valid_basis=true max_uv_excess=0.00000007258495 widest=1.00009929897472 vertices=2190 derivatives=true bad_derivatives=0 min_determinant=0.00000046268077 worst_dot=0.99999988079071
CAP MAPPING: mesh=bar_receiving_retail_bar_cab02__copper_aged valid_basis=true max_uv_excess=0.00000005261973 widest=1.00002475001095 vertices=680 derivatives=true bad_derivatives=0 min_determinant=0.00000112861311 worst_dot=0.99999988079071
CAP MAPPING: mesh=bar_receiving_retail_bar_cab02__fabric_warm valid_basis=true max_uv_excess=0.00000011920929 widest=1.00012812883406 vertices=23464 derivatives=true bad_derivatives=0 min_determinant=0.00000011564605 worst_dot=0.99999982118607
[HARUKIYA] OPEN, 18 fixtures
CAP MAPPING: mesh=bar_furniture_Piano__case valid_basis=true max_uv_excess=0.00000011920929 widest=1.00017496098816 vertices=12267 derivatives=true bad_derivatives=0 min_determinant=0.00000011562955 worst_dot=0.99999982118607
CAP MAPPING: mesh=bar_furniture_Piano__keybed valid_basis=true max_uv_excess=0.0000000805594 widest=1.00008325722067 vertices=1472 derivatives=true bad_derivatives=0 min_determinant=0.00000026020758 worst_dot=0.99999988079071
CAP MAPPING: mesh=bar_furniture_Piano__brass valid_basis=true max_uv_excess=0.00000007497147 widest=1.00016608597936 vertices=3245 derivatives=true bad_derivatives=0 min_determinant=0.00000003605902 worst_dot=0.99999982118607
CAP MAPPING: mesh=bar_furniture_Piano__iron valid_basis=true max_uv_excess=0.00000007200288 widest=1.0001857935395 vertices=2366 derivatives=true bad_derivatives=0 min_determinant=0.00000011563898 worst_dot=0.99999982118607
CAP MAPPING: mesh=bar_furniture_Piano__key_white valid_basis=true max_uv_excess=0.000000089276 widest=1.00126362017691 vertices=34031 derivatives=true bad_derivatives=0 min_determinant=0.00000000515413 worst_dot=0.99999910593033
CAP MAPPING: mesh=bar_furniture_Piano__key_black valid_basis=true max_uv_excess=0.00000007782364 widest=1.00032691062136 vertices=15140 derivatives=true bad_derivatives=0 min_determinant=0.00000002889958 worst_dot=0.99999976158142
CAP MAPPING: mesh=bar_furniture_Piano__key_white_b valid_basis=true max_uv_excess=0.00000007751805 widest=1.0009314681757 vertices=3612 derivatives=true bad_derivatives=0 min_determinant=0.00000000516027 worst_dot=0.99999916553497
CAP MAPPING: mesh=bar_furniture_Microphone__iron valid_basis=true max_uv_excess=0.00000008195639 widest=1.00010583958665 vertices=6288 derivatives=true bad_derivatives=0 min_determinant=0.00000017458929 worst_dot=0.99999982118607
CAP MAPPING: mesh=bar_furniture_Microphone__nickel valid_basis=true max_uv_excess=0.00000011979137 widest=1.00032855596617 vertices=3984 derivatives=true bad_derivatives=0 min_determinant=0.00000003346558 worst_dot=0.99999964237213
CAP MAPPING: mesh=bar_furniture_Microphone__brass valid_basis=true max_uv_excess=0.00000006495975 widest=1.00023436793533 vertices=1466 derivatives=true bad_derivatives=0 min_determinant=0.00000001758108 worst_dot=0.99999982118607
CAP MAPPING: mesh=bar_furniture_Microphone__cloth valid_basis=true max_uv_excess=0.00000007566996 widest=1.00007930661491 vertices=3131 derivatives=true bad_derivatives=0 min_determinant=0.00000015864587 worst_dot=0.99999982118607
CAP MAPPING: mesh=bar_furniture_DartsCabinet__case valid_basis=true max_uv_excess=0.00000008149073 widest=1.00020770372147 vertices=8438 derivatives=true bad_derivatives=0 min_determinant=0.00000011562955 worst_dot=0.99999982118607
CAP MAPPING: mesh=bar_furniture_DartsCabinet__brass valid_basis=true max_uv_excess=0.00000008309144 widest=1.00049067918559 vertices=14564 derivatives=true bad_derivatives=0 min_determinant=0.00000001849776 worst_dot=0.99999952316284
CAP MAPPING: mesh=bar_furniture_DartsCabinet__iron valid_basis=true max_uv_excess=0.00000007450581 widest=1.00011360656965 vertices=2066 derivatives=true bad_derivatives=0 min_determinant=0.0000001156172 worst_dot=0.99999988079071
CAP MAPPING: mesh=bar_furniture_DartsCabinet__target valid_basis=true max_uv_excess=0.00000005960464 widest=1.00000395480616 vertices=805 derivatives=true bad_derivatives=0 min_determinant=0.00000601007731 worst_dot=0.99999988079071
CAP MAPPING: mesh=bar_furniture_DartsCabinet__key_white valid_basis=true max_uv_excess=0.00000006949995 widest=1.00011152885132 vertices=803 derivatives=true bad_derivatives=0 min_determinant=0.00000186932002 worst_dot=0.99999988079071
CAP MAPPING: mesh=bar_furniture_DartsCabinet__key_black valid_basis=true max_uv_excess=0.00000006949995 widest=1.00011152885132 vertices=494 derivatives=true bad_derivatives=0 min_determinant=0.00000003805202 worst_dot=0.99999988079071
CAP MAPPING: mesh=bar_furniture_DartsCabinet__sector_0_single valid_basis=true max_uv_excess=0.00000008032657 widest=1.00062552931055 vertices=1291 derivatives=true bad_derivatives=0 min_determinant=0.00000000433725 worst_dot=0.99999940395355
CAP MAPPING: mesh=bar_furniture_DartsCabinet__sector_0 valid_basis=true max_uv_excess=0.00000005494803 widest=1.00001006188057 vertices=635 derivatives=true bad_derivatives=0 min_determinant=0.00000740458969 worst_dot=0.99999988079071
CAP MAPPING: mesh=bar_furniture_DartsCabinet__sector_1_single valid_basis=true max_uv_excess=0.00000009930227 widest=1.00106598883274 vertices=1271 derivatives=true bad_derivatives=0 min_determinant=0.00000000433717 worst_dot=0.99999976158142
CAP MAPPING: mesh=bar_furniture_DartsCabinet__sector_1 valid_basis=true max_uv_excess=0.00000006565824 widest=1.00001640819493 vertices=624 derivatives=true bad_derivatives=0 min_determinant=0.00000740455323 worst_dot=1.0
CAP MAPPING: mesh=bar_furniture_DartsCabinet__sector_2_single valid_basis=true max_uv_excess=0.00000007054769 widest=1.00037107034977 vertices=1258 derivatives=true bad_derivatives=0 min_determinant=0.00000000433717 worst_dot=0.99999982118607
CAP MAPPING: mesh=bar_furniture_DartsCabinet__sector_2 valid_basis=true max_uv_excess=0.00000005727634 widest=1.00001431350176 vertices=620 derivatives=true bad_derivatives=0 min_determinant=0.00000740455323 worst_dot=1.0
CAP MAPPING: mesh=bar_furniture_DartsCabinet__sector_3_single valid_basis=true max_uv_excess=0.00000006525079 widest=1.00063513971785 vertices=1277 derivatives=true bad_derivatives=0 min_determinant=0.00000000433717 worst_dot=0.99999982118607
CAP MAPPING: mesh=bar_furniture_DartsCabinet__sector_3 valid_basis=true max_uv_excess=0.000000057742 widest=1.00001361527266 vertices=631 derivatives=true bad_derivatives=0 min_determinant=0.00000740458969 worst_dot=0.99999988079071
CAP MAPPING: mesh=bar_furniture_DartsCabinet__sector_4_single valid_basis=true max_uv_excess=0.00000007831841 widest=1.00082326735844 vertices=1276 derivatives=true bad_derivatives=0 min_determinant=0.00000000433795 worst_dot=0.99999964237213
CAP MAPPING: mesh=bar_furniture_DartsCabinet__sector_4 valid_basis=true max_uv_excess=0.000000057742 widest=1.00001361527266 vertices=632 derivatives=true bad_derivatives=0 min_determinant=0.00000740458969 worst_dot=0.99999988079071
CAP MAPPING: mesh=bar_furniture_DartsCabinet__sector_5_single valid_basis=true max_uv_excess=0.00000007927883 widest=1.00081792460847 vertices=1272 derivatives=true bad_derivatives=0 min_determinant=0.00000000433795 worst_dot=0.99999982118607
CAP MAPPING: mesh=bar_furniture_DartsCabinet__sector_5 valid_basis=true max_uv_excess=0.00000005727634 widest=1.00001431350176 vertices=614 derivatives=true bad_derivatives=0 min_determinant=0.00000740447048 worst_dot=1.0
CAP MAPPING: mesh=bar_furniture_DartsCabinet__sector_6_single valid_basis=true max_uv_excess=0.00000007525523 widest=1.00080780327183 vertices=1285 derivatives=true bad_derivatives=0 min_determinant=0.00000000433795 worst_dot=0.99999982118607
CAP MAPPING: mesh=bar_furniture_DartsCabinet__sector_6 valid_basis=true max_uv_excess=0.00000006565824 widest=1.00001640819493 vertices=627 derivatives=true bad_derivatives=0 min_determinant=0.00000740447048 worst_dot=1.0
CAP MAPPING: mesh=bar_furniture_ScorePanel__score valid_basis=true max_uv_excess=0.00000006263144 widest=1.00016556449609 vertices=502 derivatives=true bad_derivatives=0 min_determinant=0.00000011563898 worst_dot=0.99999982118607
CAP MAPPING: mesh=bar_furniture_ScorePanel__case valid_basis=true max_uv_excess=0.00000007648487 widest=1.00031607654165 vertices=4091 derivatives=true bad_derivatives=0 min_determinant=0.0000000289043 worst_dot=0.99999982118607
CAP MAPPING: mesh=bar_furniture_ScorePanel__brass valid_basis=true max_uv_excess=0.00000007450581 widest=1.00036953615279 vertices=772 derivatives=true bad_derivatives=0 min_determinant=0.00000003605532 worst_dot=0.99999970197678
CAP MAPPING: mesh=bar_instruments_M11_P000 valid_basis=true max_uv_excess=0.00000007316703 widest=1.0001569603556 vertices=4450 derivatives=true bad_derivatives=0 min_determinant=0.00000011566076 worst_dot=0.99999982118607
CAP MAPPING: mesh=bar_instruments_M11_P001 valid_basis=true max_uv_excess=0.00000007450581 widest=1.00010618862127 vertices=1722 derivatives=true bad_derivatives=0 min_determinant=0.00000011567019 worst_dot=0.99999988079071
CAP MAPPING: mesh=bar_instruments_M11_P002 valid_basis=true max_uv_excess=0.00000007264316 widest=1.0000079677824 vertices=4567 derivatives=true bad_derivatives=0 min_determinant=0.00006471152405 worst_dot=0.99999982118607
CAP MAPPING: mesh=bar_instruments_M11_P003 valid_basis=true max_uv_excess=0.00000006984919 widest=1.00004026034766 vertices=1115 derivatives=true bad_derivatives=0 min_determinant=0.0000031521599 worst_dot=0.99999982118607
CAP MAPPING: mesh=bar_instruments_M11_P004 valid_basis=true max_uv_excess=0.00000010337681 widest=1.00070898245054 vertices=1586 derivatives=true bad_derivatives=0 min_determinant=0.00000000222951 worst_dot=0.99999564886093
CAP MAPPING: mesh=bar_instruments_M11_P005 valid_basis=true max_uv_excess=0.00000007404014 widest=1.00003803489349 vertices=1032 derivatives=true bad_derivatives=0 min_determinant=0.00000274443582 worst_dot=0.99999988079071
CAP MAPPING: mesh=bar_instruments_M11_P006 valid_basis=true max_uv_excess=0.00000007404014 widest=1.00067165787084 vertices=4040 derivatives=true bad_derivatives=0 min_determinant=0.00000025378074 worst_dot=0.99999970197678
CAP MAPPING: mesh=bar_instruments_M11_P007 valid_basis=true max_uv_excess=0.00000008667121 widest=1.00013940875179 vertices=1755 derivatives=true bad_derivatives=0 min_determinant=0.00000011217697 worst_dot=0.99999982118607
CAP MAPPING: mesh=bar_instruments_M11_P008 valid_basis=true max_uv_excess=0.00000008667121 widest=1.00013940875179 vertices=1755 derivatives=true bad_derivatives=0 min_determinant=0.00000011217697 worst_dot=0.99999982118607
CAP MAPPING: mesh=bar_instruments_M12_P000 valid_basis=true max_uv_excess=0.00000006472692 widest=1.0001055157607 vertices=2473 derivatives=true bad_derivatives=0 min_determinant=0.00000011566076 worst_dot=0.99999982118607
CAP MAPPING: mesh=bar_instruments_M12_P001 valid_basis=true max_uv_excess=0.00000009173527 widest=1.00111566613855 vertices=11325 derivatives=true bad_derivatives=0 min_determinant=0.00000000029868 worst_dot=0.99996167421341
CAP MAPPING: mesh=bar_instruments_M12_P002 valid_basis=true max_uv_excess=0.00000009173527 widest=1.00111566613855 vertices=11325 derivatives=true bad_derivatives=0 min_determinant=0.00000000029868 worst_dot=0.99996167421341
CAP MAPPING: mesh=bar_instruments_M12_P003 valid_basis=true max_uv_excess=0.00000009173527 widest=1.00111566613855 vertices=11325 derivatives=true bad_derivatives=0 min_determinant=0.00000000029868 worst_dot=0.99996167421341
CAP MAPPING: mesh=bar_instruments_M12_P004 valid_basis=true max_uv_excess=0.00000009275391 widest=1.00146079599631 vertices=1624 derivatives=true bad_derivatives=0 min_determinant=0.00000000185753 worst_dot=0.9999988079071
CAP MAPPING: mesh=bar_instruments_M12_P005 valid_basis=true max_uv_excess=0.00000008568168 widest=1.00105790359834 vertices=1635 derivatives=true bad_derivatives=0 min_determinant=0.00000000185708 worst_dot=0.9999982714653
CAP MAPPING: mesh=bar_instruments_M12_P006 valid_basis=true max_uv_excess=0.00000007264316 widest=1.00096291698184 vertices=1628 derivatives=true bad_derivatives=0 min_determinant=0.00000000185687 worst_dot=0.99999833106995
CAP MAPPING: mesh=bar_instruments_M13_P000 valid_basis=true max_uv_excess=0.00000007316703 widest=1.00017854526226 vertices=3526 derivatives=true bad_derivatives=0 min_determinant=0.00000011566076 worst_dot=0.99999982118607
CAP MAPPING: mesh=bar_instruments_M13_P001 valid_basis=true max_uv_excess=0.00000005960464 widest=1.00004194103536 vertices=505 derivatives=true bad_derivatives=0 min_determinant=0.00000104100344 worst_dot=0.99999982118607
CAP MAPPING: mesh=bar_instruments_M13_P002 valid_basis=true max_uv_excess=0.00000007078052 widest=1.00014305526044 vertices=1724 derivatives=true bad_derivatives=0 min_determinant=0.00000133514111 worst_dot=0.99999988079071
CAP MAPPING: mesh=bar_instruments_M13_P003 valid_basis=true max_uv_excess=0.00000007078052 widest=1.00014305526044 vertices=1724 derivatives=true bad_derivatives=0 min_determinant=0.00000133514111 worst_dot=0.99999988079071
CAP MAPPING: mesh=bar_instruments_M13_P004 valid_basis=true max_uv_excess=0.00000008940697 widest=1.0000278127524 vertices=2647 derivatives=true bad_derivatives=0 min_determinant=0.00002038168032 worst_dot=0.99999976158142
CAP MAPPING: mesh=bar_instruments_M13_P005 valid_basis=true max_uv_excess=0.00000007264316 widest=1.00002384188065 vertices=1040 derivatives=true bad_derivatives=0 min_determinant=0.00003179134805 worst_dot=0.99999988079071
CAP MAPPING: mesh=bar_instruments_M13_P006 valid_basis=true max_uv_excess=0.0000000782311 widest=1.00002384188065 vertices=1003 derivatives=true bad_derivatives=0 min_determinant=0.00002495450589 worst_dot=0.99999988079071
CAP MAPPING: mesh=bar_instruments_M13_P007 valid_basis=true max_uv_excess=0.00000006984919 widest=1.00002477324564 vertices=1032 derivatives=true bad_derivatives=0 min_determinant=0.00001735854475 worst_dot=0.99999988079071
CAP MAPPING: mesh=bar_instruments_M13_P008 valid_basis=true max_uv_excess=0.00000006705523 widest=1.00001205251823 vertices=778 derivatives=true bad_derivatives=0 min_determinant=0.00002450384062 worst_dot=1.0
CAP MAPPING: mesh=bar_instruments_M13_P009 valid_basis=true max_uv_excess=0.00000005960464 widest=1.00019250374846 vertices=1707 derivatives=true bad_derivatives=0 min_determinant=0.00000151355281 worst_dot=0.99999982118607
CAP MAPPING: mesh=bar_instruments_M13_P010 valid_basis=true max_uv_excess=0.00000008940697 widest=1.00052719762573 vertices=243 derivatives=true bad_derivatives=0 min_determinant=0.00000000233102 worst_dot=0.9999994635582
CAP MAPPING: mesh=bar_instruments_M13_P011 valid_basis=true max_uv_excess=0.00000008614734 widest=1.00017662579032 vertices=2744 derivatives=true bad_derivatives=0 min_determinant=0.00000226720176 worst_dot=0.99999982118607
CAP MAPPING: mesh=bar_instruments_M13_P012 valid_basis=true max_uv_excess=0.00000008614734 widest=1.0001741373491 vertices=2126 derivatives=true bad_derivatives=0 min_determinant=0.00000078795421 worst_dot=0.99999982118607
CAP MAPPING: mesh=bar_instruments_M13_P013 valid_basis=true max_uv_excess=0.00000005727634 widest=1.00014788063636 vertices=505 derivatives=true bad_derivatives=0 min_determinant=0.00000011566076 worst_dot=0.99999988079071
CAP MAPPING: mesh=bar_instruments_M13_P014 valid_basis=true max_uv_excess=0.00000005832408 widest=1.00013613672201 vertices=1731 derivatives=true bad_derivatives=0 min_determinant=0.00000034005793 worst_dot=0.99999982118607
CAP MAPPING: mesh=bar_instruments_M13_P015 valid_basis=true max_uv_excess=0.00000007427298 widest=1.00014865880049 vertices=1728 derivatives=true bad_derivatives=0 min_determinant=0.00000104272743 worst_dot=0.99999982118607
CAP MAPPING: mesh=bar_instruments_M13_P016 valid_basis=true max_uv_excess=0.00000006705523 widest=1.0000975193817 vertices=512 derivatives=true bad_derivatives=0 min_determinant=0.00000011566076 worst_dot=0.99999988079071
CAP MAPPING: mesh=bar_instruments_M13_P017 valid_basis=true max_uv_excess=0.00000007450581 widest=1.00004885015728 vertices=1578 derivatives=true bad_derivatives=0 min_determinant=0.00000018080768 worst_dot=0.99999982118607
CAP MAPPING: mesh=bar_instruments_M13_P018 valid_basis=true max_uv_excess=0.00000005247421 widest=1.00016316262191 vertices=502 derivatives=true bad_derivatives=0 min_determinant=0.00000008955809 worst_dot=0.99999988079071
CAP MAPPING: mesh=bar_instruments_M11_P000 valid_basis=true max_uv_excess=0.00000007316703 widest=1.0001569603556 vertices=4450 derivatives=true bad_derivatives=0 min_determinant=0.00000011566076 worst_dot=0.99999982118607
CAP MAPPING: mesh=bar_instruments_M11_P001 valid_basis=true max_uv_excess=0.00000007450581 widest=1.00010618862127 vertices=1722 derivatives=true bad_derivatives=0 min_determinant=0.00000011567019 worst_dot=0.99999988079071
CAP MAPPING: mesh=bar_instruments_M11_P002 valid_basis=true max_uv_excess=0.00000007264316 widest=1.0000079677824 vertices=4567 derivatives=true bad_derivatives=0 min_determinant=0.00006471152405 worst_dot=0.99999982118607
CAP MAPPING: mesh=bar_instruments_M11_P003 valid_basis=true max_uv_excess=0.00000006984919 widest=1.00004026034766 vertices=1115 derivatives=true bad_derivatives=0 min_determinant=0.0000031521599 worst_dot=0.99999982118607
CAP MAPPING: mesh=bar_instruments_M11_P004 valid_basis=true max_uv_excess=0.00000010337681 widest=1.00070898245054 vertices=1586 derivatives=true bad_derivatives=0 min_determinant=0.00000000222951 worst_dot=0.99999564886093
CAP MAPPING: mesh=bar_instruments_M11_P005 valid_basis=true max_uv_excess=0.00000007404014 widest=1.00003803489349 vertices=1032 derivatives=true bad_derivatives=0 min_determinant=0.00000274443582 worst_dot=0.99999988079071
CAP MAPPING: mesh=bar_instruments_M11_P006 valid_basis=true max_uv_excess=0.00000007404014 widest=1.00067165787084 vertices=4040 derivatives=true bad_derivatives=0 min_determinant=0.00000025378074 worst_dot=0.99999970197678
CAP MAPPING: mesh=bar_instruments_M11_P007 valid_basis=true max_uv_excess=0.00000008667121 widest=1.00013940875179 vertices=1755 derivatives=true bad_derivatives=0 min_determinant=0.00000011217697 worst_dot=0.99999982118607
CAP MAPPING: mesh=bar_instruments_M11_P008 valid_basis=true max_uv_excess=0.00000008667121 widest=1.00013940875179 vertices=1755 derivatives=true bad_derivatives=0 min_determinant=0.00000011217697 worst_dot=0.99999982118607
ORISON V2 BLOCKOUT: 200 spaces / 111 doors / 1104 anchors
[V2 FRONT COURT ROOF] three seated girders; retained roof slabs; mapped exterior concrete
[V2 BODEGA POWER] independent inlet; four existing fittings; 20 bearings
[SURFACE] 1311 surfaces layered (478 materials)
[PASSAGE HOURS] OPEN; 10 grilles folded
[PASSAGE HOURS] 11 shopfronts, 10 close after 02:00, HARDWARE PAINT keeps night service
[PASSAGE FINISH] 6 gated draws, 3 handcarts, hours active
[V2 PASSAGE] 13 resident cells; 11 doors; 1 shared-service counters
[SURFACE] 215 surfaces layered (108 materials)
[HARUKIYA] 9 interactables placed
[ARCADE] 2 cabinet(s) from a catalog of 12: SOMETHING IN THE HALL (mystery_serial), OPERATIONS (farm_and_market)
[ARCADE] all of them are running arcade_pit
[V2 BAR] retained cell; 29 registered markers; 3 doors
[V2 FRONT FACADE] native entrance, original landmark hardware, glazed marquee and fitted blade
[SCHEDULE] director live: 18 residents on the clock
[MOVES] personal library: res://assets/characters/mina_vale/mina_vale_moves.glb
SOURCE PARAPET MATERIAL ROOF_PARAPET_EAST brick 
SOURCE PARAPET MATERIAL ROOF_PARAPET_NORTH brick 
SOURCE PARAPET MATERIAL ROOF_PARAPET_SOUTH brick 
SOURCE PARAPET MATERIAL ROOF_PARAPET_WEST brick 
[ORISON V2 RUNTIME] ready startup_ms=30123.438
[LIGHTING] 211 sources active in system; 211 full personalities; profiles steady/breathe/mains/beat/dropout=[50, 53, 36, 38, 34]
[HARUKIYA] OPEN, 18 fixtures
FABRICATION BATCH: worlds=2 modules=3 module_checks=1242 failures=0 elapsed_ms=76840
