Godot Engine v4.7.1.stable.official.a13da4feb - https://godotengine.org

[   0% ] [90m[1mfirst_scan_filesystem[22m | Started Project initialization (5 steps)[39m[0m
[   0% ] [90m[1mfirst_scan_filesystem[22m | Scanning file structure...[39m[0m
[  16% ] [90m[1mfirst_scan_filesystem[22m | Loading global class names...[39m[0m
[  33% ] [90m[1mfirst_scan_filesystem[22m | Verifying GDExtensions...[39m[0m
[  50% ] [90m[1mfirst_scan_filesystem[22m | Creating autoload scripts...[39m[0m
[  66% ] [90m[1mfirst_scan_filesystem[22m | Initializing plugins...[39m[0m
[  83% ] [90m[1mfirst_scan_filesystem[22m | Starting file scan...[39m[0m
[92m[ DONE ][39m [1mfirst_scan_filesystem[22m
[0m
[   0% ] [90m[1m_update_scan_actions[22m | Started Scanning actions... (81 steps)[39m[0m
[   0% ] [90m[1m_update_scan_actions[22m | five_pumps.png[39m[0m
[   1% ] [90m[1m_update_scan_actions[22m | fountain_plinth.png[39m[0m
[   2% ] [90m[1m_update_scan_actions[22m | griddle_bed.png[39m[0m
[   3% ] [90m[1m_update_scan_actions[22m | griddle_feet.png[39m[0m
[   4% ] [90m[1m_update_scan_actions[22m | griddle_front.png[39m[0m
[   6% ] [90m[1m_update_scan_actions[22m | mixer_head.png[39m[0m
[   7% ] [90m[1m_update_scan_actions[22m | mixer_stand.png[39m[0m
[   8% ] [90m[1m_update_scan_actions[22m | pump_nozzles.png[39m[0m
[   9% ] [90m[1m_update_scan_actions[22m | shop_context.png[39m[0m
[  10% ] [90m[1m_update_scan_actions[22m | rear_bench_front.png[39m[0m
[  12% ] [90m[1m_update_scan_actions[22m | rear_end.png[39m[0m
[  13% ] [90m[1m_update_scan_actions[22m | rear_floor_posts.png[39m[0m
[  14% ] [90m[1m_update_scan_actions[22m | rear_serving_top.png[39m[0m
[  15% ] [90m[1m_update_scan_actions[22m | rear_shelf_runs.png[39m[0m
[  17% ] [90m[1m_update_scan_actions[22m | shop_context.png[39m[0m
[  18% ] [90m[1m_update_scan_actions[22m | chassis_circular_scope.png[39m[0m
[  19% ] [90m[1m_update_scan_actions[22m | chassis_floor_feet.png[39m[0m
[  20% ] [90m[1m_update_scan_actions[22m | chassis_front.png[39m[0m
[  21% ] [90m[1m_update_scan_actions[22m | chassis_service_side.png[39m[0m
[  23% ] [90m[1m_update_scan_actions[22m | diner_chassis_compact_circular_scope.png[39m[0m
[  24% ] [90m[1m_update_scan_actions[22m | diner_chassis_compact_floor_feet.png[39m[0m
[  25% ] [90m[1m_update_scan_actions[22m | diner_chassis_compact_front.png[39m[0m
[  26% ] [90m[1m_update_scan_actions[22m | diner_chassis_compact_service_side.png[39m[0m
[  28% ] [90m[1m_update_scan_actions[22m | diner_chassis_tall_circular_scope.png[39m[0m
[  29% ] [90m[1m_update_scan_actions[22m | diner_chassis_tall_floor_feet.png[39m[0m
[  30% ] [90m[1m_update_scan_actions[22m | diner_chassis_tall_front.png[39m[0m
[  31% ] [90m[1m_update_scan_actions[22m | diner_chassis_tall_service_side.png[39m[0m
[  32% ] [90m[1m_update_scan_actions[22m | radio_receiving_play.png[39m[0m
[  34% ] [90m[1m_update_scan_actions[22m | radio_receiving_scope.png[39m[0m
[  35% ] [90m[1m_update_scan_actions[22m | radio_receiving_step_away.png[39m[0m
[  36% ] [90m[1m_update_scan_actions[22m | receiver_Arcade_storm_shopcab_luncheonette0.png[39m[0m
[  37% ] [90m[1m_update_scan_actions[22m | receiver_Arcade_storm_shopcab_luncheonette1.png[39m[0m
[  39% ] [90m[1m_update_scan_actions[22m | receiver_Arcade_storm_shopcab_model_laundry0.png[39m[0m
[  40% ] [90m[1m_update_scan_actions[22m | receiver_Arcade_storm_shopcab_news_cigars0.png[39m[0m
[  41% ] [90m[1m_update_scan_actions[22m | receiver_Arcade_storm_shopcab_pawnbroker0.png[39m[0m
[  42% ] [90m[1m_update_scan_actions[22m | receiver_Arcade_storm_shopcab_photo_supplies0.png[39m[0m
[  43% ] [90m[1m_update_scan_actions[22m | receiver_Arcade_storm_shopcab_radio_service0.png[39m[0m
[  45% ] [90m[1m_update_scan_actions[22m | receiving_panel_640x360.png[39m[0m
[  46% ] [90m[1m_update_scan_actions[22m | receiving_panel_800x1000.png[39m[0m
[  47% ] [90m[1m_update_scan_actions[22m | receiving_panel_1280x720.png[39m[0m
[  48% ] [90m[1m_update_scan_actions[22m | receiving_panel_1920x1080.png[39m[0m
[  50% ] [90m[1m_update_scan_actions[22m | storm_shopcab_luncheonette0_receiving_play.png[39m[0m
[  51% ] [90m[1m_update_scan_actions[22m | storm_shopcab_luncheonette0_receiving_step_away.png[39m[0m
[  52% ] [90m[1m_update_scan_actions[22m | storm_shopcab_luncheonette1_receiving_play.png[39m[0m
[  53% ] [90m[1m_update_scan_actions[22m | storm_shopcab_luncheonette1_receiving_step_away.png[39m[0m
[  54% ] [90m[1m_update_scan_actions[22m | pie_empty_shelves.png[39m[0m
[  56% ] [90m[1m_update_scan_actions[22m | pie_floor_posts.png[39m[0m
[  57% ] [90m[1m_update_scan_actions[22m | pie_glazing.png[39m[0m
[  58% ] [90m[1m_update_scan_actions[22m | shop_context.png[39m[0m
[  59% ] [90m[1m_update_scan_actions[22m | urn0_clerk.png[39m[0m
[  60% ] [90m[1m_update_scan_actions[22m | urn1_clerk.png[39m[0m
[  62% ] [90m[1m_update_scan_actions[22m | urns_context.png[39m[0m
[  63% ] [90m[1m_update_scan_actions[22m | handcart.png[39m[0m
[  64% ] [90m[1m_update_scan_actions[22m | hardware_counter.png[39m[0m
[  65% ] [90m[1m_update_scan_actions[22m | hardware_counter_repeat.png[39m[0m
[  67% ] [90m[1m_update_scan_actions[22m | hardware_door.png[39m[0m
[  68% ] [90m[1m_update_scan_actions[22m | hardware_door_close.png[39m[0m
[  69% ] [90m[1m_update_scan_actions[22m | hardware_door_exit.png[39m[0m
[  70% ] [90m[1m_update_scan_actions[22m | last_position.png[39m[0m
[  71% ] [90m[1m_update_scan_actions[22m | nave.png[39m[0m
[  73% ] [90m[1m_update_scan_actions[22m | apartment_close.png[39m[0m
[  74% ] [90m[1m_update_scan_actions[22m | copied_apartment_lock.png[39m[0m
[  75% ] [90m[1m_update_scan_actions[22m | copied_apartment_unlock.png[39m[0m
[  76% ] [90m[1m_update_scan_actions[22m | F02_DOOR_02_open.png[39m[0m
[  78% ] [90m[1m_update_scan_actions[22m | keys_cut_close.png[39m[0m
[  79% ] [90m[1m_update_scan_actions[22m | keys_cut_door.png[39m[0m
[  80% ] [90m[1m_update_scan_actions[22m | keys_cut_exit.png[39m[0m
[  81% ] [90m[1m_update_scan_actions[22m | key_copy_counter.png[39m[0m
[  82% ] [90m[1m_update_scan_actions[22m | key_copy_made.png[39m[0m
[  84% ] [90m[1m_update_scan_actions[22m | key_copy_permission_menu.png[39m[0m
[  85% ] [90m[1m_update_scan_actions[22m | last_position.png[39m[0m
[  86% ] [90m[1m_update_scan_actions[22m | news_close_inside.png[39m[0m
[  87% ] [90m[1m_update_scan_actions[22m | news_exit.png[39m[0m
[  89% ] [90m[1m_update_scan_actions[22m | news_lock.png[39m[0m
[  90% ] [90m[1m_update_scan_actions[22m | news_locked_refusal.png[39m[0m
[  91% ] [90m[1m_update_scan_actions[22m | news_lock_inside.png[39m[0m
[  92% ] [90m[1m_update_scan_actions[22m | news_open.png[39m[0m
[  93% ] [90m[1m_update_scan_actions[22m | news_unlock.png[39m[0m
[  95% ] [90m[1m_update_scan_actions[22m | news_unlock_inside.png[39m[0m
[  96% ] [90m[1m_update_scan_actions[22m | resident_permission.png[39m[0m
[  97% ] [90m[1m_update_scan_actions[22m | saved_apartment_lock.png[39m[0m
[92m[ DONE ][39m [1m_update_scan_actions[22m
[0m
[   0% ] [90m[1mreimport[22m | Started (Re)Importing Assets (81 steps)[39m[0m
[   0% ] [90m[1mreimport[22m | Preparing files to reimport...[39m[0m
[   1% ] [90m[1mreimport[22m | Preparing files to reimport...[39m[0m
[   2% ] [90m[1mreimport[22m | Preparing files to reimport...[39m[0m
[   3% ] [90m[1mreimport[22m | Preparing files to reimport...[39m[0m
[   4% ] [90m[1mreimport[22m | Preparing files to reimport...[39m[0m
[   6% ] [90m[1mreimport[22m | Preparing files to reimport...[39m[0m
[   7% ] [90m[1mreimport[22m | Preparing files to reimport...[39m[0m
[   8% ] [90m[1mreimport[22m | Preparing files to reimport...[39m[0m
[   9% ] [90m[1mreimport[22m | Preparing files to reimport...[39m[0m
[  10% ] [90m[1mreimport[22m | Preparing files to reimport...[39m[0m
[  12% ] [90m[1mreimport[22m | Preparing files to reimport...[39m[0m
[  13% ] [90m[1mreimport[22m | Preparing files to reimport...[39m[0m
[  14% ] [90m[1mreimport[22m | Preparing files to reimport...[39m[0m
[  15% ] [90m[1mreimport[22m | Preparing files to reimport...[39m[0m
[  17% ] [90m[1mreimport[22m | Preparing files to reimport...[39m[0m
[  18% ] [90m[1mreimport[22m | Preparing files to reimport...[39m[0m
[  19% ] [90m[1mreimport[22m | Preparing files to reimport...[39m[0m
[  20% ] [90m[1mreimport[22m | Preparing files to reimport...[39m[0m
[  21% ] [90m[1mreimport[22m | Preparing files to reimport...[39m[0m
[  23% ] [90m[1mreimport[22m | Preparing files to reimport...[39m[0m
[  24% ] [90m[1mreimport[22m | Preparing files to reimport...[39m[0m
[  25% ] [90m[1mreimport[22m | Preparing files to reimport...[39m[0m
[  26% ] [90m[1mreimport[22m | Preparing files to reimport...[39m[0m
[  28% ] [90m[1mreimport[22m | Preparing files to reimport...[39m[0m
[  29% ] [90m[1mreimport[22m | Preparing files to reimport...[39m[0m
[  30% ] [90m[1mreimport[22m | Preparing files to reimport...[39m[0m
[  31% ] [90m[1mreimport[22m | Preparing files to reimport...[39m[0m
[  32% ] [90m[1mreimport[22m | Preparing files to reimport...[39m[0m
[  34% ] [90m[1mreimport[22m | Preparing files to reimport...[39m[0m
[  35% ] [90m[1mreimport[22m | Preparing files to reimport...[39m[0m
[  36% ] [90m[1mreimport[22m | Preparing files to reimport...[39m[0m
[  37% ] [90m[1mreimport[22m | Preparing files to reimport...[39m[0m
[  39% ] [90m[1mreimport[22m | Preparing files to reimport...[39m[0m
[  40% ] [90m[1mreimport[22m | Preparing files to reimport...[39m[0m
[  41% ] [90m[1mreimport[22m | Preparing files to reimport...[39m[0m
[  42% ] [90m[1mreimport[22m | Preparing files to reimport...[39m[0m
[  43% ] [90m[1mreimport[22m | Preparing files to reimport...[39m[0m
[  45% ] [90m[1mreimport[22m | Preparing files to reimport...[39m[0m
[  46% ] [90m[1mreimport[22m | Preparing files to reimport...[39m[0m
[  47% ] [90m[1mreimport[22m | Preparing files to reimport...[39m[0m
[  48% ] [90m[1mreimport[22m | Preparing files to reimport...[39m[0m
[  50% ] [90m[1mreimport[22m | Preparing files to reimport...[39m[0m
[  51% ] [90m[1mreimport[22m | Preparing files to reimport...[39m[0m
[  52% ] [90m[1mreimport[22m | Preparing files to reimport...[39m[0m
[  53% ] [90m[1mreimport[22m | Preparing files to reimport...[39m[0m
[  54% ] [90m[1mreimport[22m | Preparing files to reimport...[39m[0m
[  56% ] [90m[1mreimport[22m | Preparing files to reimport...[39m[0m
[  57% ] [90m[1mreimport[22m | Preparing files to reimport...[39m[0m
[  58% ] [90m[1mreimport[22m | Preparing files to reimport...[39m[0m
[  59% ] [90m[1mreimport[22m | Preparing files to reimport...[39m[0m
[  60% ] [90m[1mreimport[22m | Preparing files to reimport...[39m[0m
[  62% ] [90m[1mreimport[22m | Preparing files to reimport...[39m[0m
[  63% ] [90m[1mreimport[22m | Preparing files to reimport...[39m[0m
[  64% ] [90m[1mreimport[22m | Preparing files to reimport...[39m[0m
[  65% ] [90m[1mreimport[22m | Preparing files to reimport...[39m[0m
[  67% ] [90m[1mreimport[22m | Preparing files to reimport...[39m[0m
[  68% ] [90m[1mreimport[22m | Preparing files to reimport...[39m[0m
[  69% ] [90m[1mreimport[22m | Preparing files to reimport...[39m[0m
[  70% ] [90m[1mreimport[22m | Preparing files to reimport...[39m[0m
[  71% ] [90m[1mreimport[22m | Preparing files to reimport...[39m[0m
[  73% ] [90m[1mreimport[22m | Preparing files to reimport...[39m[0m
[  74% ] [90m[1mreimport[22m | Preparing files to reimport...[39m[0m
[  75% ] [90m[1mreimport[22m | Preparing files to reimport...[39m[0m
[  76% ] [90m[1mreimport[22m | Preparing files to reimport...[39m[0m
[  78% ] [90m[1mreimport[22m | Preparing files to reimport...[39m[0m
[  79% ] [90m[1mreimport[22m | Preparing files to reimport...[39m[0m
[  80% ] [90m[1mreimport[22m | Preparing files to reimport...[39m[0m
[  81% ] [90m[1mreimport[22m | Preparing files to reimport...[39m[0m
[  82% ] [90m[1mreimport[22m | Preparing files to reimport...[39m[0m
[  84% ] [90m[1mreimport[22m | Preparing files to reimport...[39m[0m
[  85% ] [90m[1mreimport[22m | Preparing files to reimport...[39m[0m
[  86% ] [90m[1mreimport[22m | Preparing files to reimport...[39m[0m
[  87% ] [90m[1mreimport[22m | Preparing files to reimport...[39m[0m
[  89% ] [90m[1mreimport[22m | Preparing files to reimport...[39m[0m
[  90% ] [90m[1mreimport[22m | Preparing files to reimport...[39m[0m
[  91% ] [90m[1mreimport[22m | Preparing files to reimport...[39m[0m
[  92% ] [90m[1mreimport[22m | Preparing files to reimport...[39m[0m
[  93% ] [90m[1mreimport[22m | Preparing files to reimport...[39m[0m
[  95% ] [90m[1mreimport[22m | Preparing files to reimport...[39m[0m
[  96% ] [90m[1mreimport[22m | Preparing files to reimport...[39m[0m
[  97% ] [90m[1mreimport[22m | Preparing files to reimport...[39m[0m
[   0% ] [90m[1mreimport[22m | Executing pre-reimport operations...[39m[0m
[   0% ] [90m[1mreimport[22m | apartment_close.png[39m[0m
[   1% ] [90m[1mreimport[22m | nave.png[39m[0m
[   2% ] [90m[1mreimport[22m | last_position.png[39m[0m
[   3% ] [90m[1mreimport[22m | hardware_door_exit.png[39m[0m
[   4% ] [90m[1mreimport[22m | hardware_door_close.png[39m[0m
[   6% ] [90m[1mreimport[22m | hardware_door.png[39m[0m
[   7% ] [90m[1mreimport[22m | hardware_counter_repeat.png[39m[0m
[   8% ] [90m[1mreimport[22m | hardware_counter.png[39m[0m
[   9% ] [90m[1mreimport[22m | handcart.png[39m[0m
[  10% ] [90m[1mreimport[22m | urns_context.png[39m[0m
[  12% ] [90m[1mreimport[22m | urn1_clerk.png[39m[0m
[  13% ] [90m[1mreimport[22m | urn0_clerk.png[39m[0m
[  14% ] [90m[1mreimport[22m | shop_context.png[39m[0m
[  15% ] [90m[1mreimport[22m | pie_glazing.png[39m[0m
[  17% ] [90m[1mreimport[22m | pie_floor_posts.png[39m[0m
[  18% ] [90m[1mreimport[22m | pie_empty_shelves.png[39m[0m
[  19% ] [90m[1mreimport[22m | storm_shopcab_luncheonette1_receiving_step_away.png[39m[0m
[  20% ] [90m[1mreimport[22m | storm_shopcab_luncheonette1_receiving_play.png[39m[0m
[  21% ] [90m[1mreimport[22m | storm_shopcab_luncheonette0_receiving_step_away.png[39m[0m
[  23% ] [90m[1mreimport[22m | storm_shopcab_luncheonette0_receiving_play.png[39m[0m
[  24% ] [90m[1mreimport[22m | saved_apartment_lock.png[39m[0m
[  25% ] [90m[1mreimport[22m | resident_permission.png[39m[0m
[  26% ] [90m[1mreimport[22m | news_unlock_inside.png[39m[0m
[  28% ] [90m[1mreimport[22m | news_unlock.png[39m[0m
[  29% ] [90m[1mreimport[22m | news_open.png[39m[0m
[  30% ] [90m[1mreimport[22m | news_lock_inside.png[39m[0m
[  31% ] [90m[1mreimport[22m | news_locked_refusal.png[39m[0m
[  32% ] [90m[1mreimport[22m | news_lock.png[39m[0m
[  34% ] [90m[1mreimport[22m | news_exit.png[39m[0m
[  35% ] [90m[1mreimport[22m | news_close_inside.png[39m[0m
[  36% ] [90m[1mreimport[22m | last_position.png[39m[0m
[  37% ] [90m[1mreimport[22m | key_copy_permission_menu.png[39m[0m
[  39% ] [90m[1mreimport[22m | key_copy_made.png[39m[0m
[  40% ] [90m[1mreimport[22m | key_copy_counter.png[39m[0m
[  41% ] [90m[1mreimport[22m | keys_cut_exit.png[39m[0m
[  42% ] [90m[1mreimport[22m | keys_cut_door.png[39m[0m
[  43% ] [90m[1mreimport[22m | keys_cut_close.png[39m[0m
[  45% ] [90m[1mreimport[22m | F02_DOOR_02_open.png[39m[0m
[  46% ] [90m[1mreimport[22m | copied_apartment_unlock.png[39m[0m
[  47% ] [90m[1mreimport[22m | copied_apartment_lock.png[39m[0m
[  48% ] [90m[1mreimport[22m | diner_chassis_compact_circular_scope.png[39m[0m
[  50% ] [90m[1mreimport[22m | chassis_service_side.png[39m[0m
[  51% ] [90m[1mreimport[22m | chassis_front.png[39m[0m
[  52% ] [90m[1mreimport[22m | chassis_floor_feet.png[39m[0m
[  53% ] [90m[1mreimport[22m | chassis_circular_scope.png[39m[0m
[  54% ] [90m[1mreimport[22m | shop_context.png[39m[0m
[  56% ] [90m[1mreimport[22m | rear_shelf_runs.png[39m[0m
[  57% ] [90m[1mreimport[22m | rear_serving_top.png[39m[0m
[  58% ] [90m[1mreimport[22m | rear_floor_posts.png[39m[0m
[  59% ] [90m[1mreimport[22m | rear_end.png[39m[0m
[  60% ] [90m[1mreimport[22m | rear_bench_front.png[39m[0m
[  62% ] [90m[1mreimport[22m | shop_context.png[39m[0m
[  63% ] [90m[1mreimport[22m | pump_nozzles.png[39m[0m
[  64% ] [90m[1mreimport[22m | mixer_stand.png[39m[0m
[  65% ] [90m[1mreimport[22m | mixer_head.png[39m[0m
[  67% ] [90m[1mreimport[22m | griddle_front.png[39m[0m
[  68% ] [90m[1mreimport[22m | griddle_feet.png[39m[0m
[  69% ] [90m[1mreimport[22m | griddle_bed.png[39m[0m
[  70% ] [90m[1mreimport[22m | fountain_plinth.png[39m[0m
[  71% ] [90m[1mreimport[22m | five_pumps.png[39m[0m
[  73% ] [90m[1mreimport[22m | receiving_panel_1920x1080.png[39m[0m
[  74% ] [90m[1mreimport[22m | receiving_panel_1280x720.png[39m[0m
[  75% ] [90m[1mreimport[22m | receiving_panel_800x1000.png[39m[0m
[  76% ] [90m[1mreimport[22m | receiving_panel_640x360.png[39m[0m
[  78% ] [90m[1mreimport[22m | receiver_Arcade_storm_shopcab_radio_service0.png[39m[0m
[  79% ] [90m[1mreimport[22m | receiver_Arcade_storm_shopcab_photo_supplies0.png[39m[0m
[  80% ] [90m[1mreimport[22m | receiver_Arcade_storm_shopcab_pawnbroker0.png[39m[0m
[  81% ] [90m[1mreimport[22m | receiver_Arcade_storm_shopcab_news_cigars0.png[39m[0m
[  82% ] [90m[1mreimport[22m | receiver_Arcade_storm_shopcab_model_laundry0.png[39m[0m
[  84% ] [90m[1mreimport[22m | receiver_Arcade_storm_shopcab_luncheonette1.png[39m[0m
[  85% ] [90m[1mreimport[22m | receiver_Arcade_storm_shopcab_luncheonette0.png[39m[0m
[  86% ] [90m[1mreimport[22m | radio_receiving_step_away.png[39m[0m
[  87% ] [90m[1mreimport[22m | radio_receiving_scope.png[39m[0m
[  89% ] [90m[1mreimport[22m | radio_receiving_play.png[39m[0m
[  90% ] [90m[1mreimport[22m | diner_chassis_tall_service_side.png[39m[0m
[  91% ] [90m[1mreimport[22m | diner_chassis_tall_front.png[39m[0m
[  92% ] [90m[1mreimport[22m | diner_chassis_tall_floor_feet.png[39m[0m
[  93% ] [90m[1mreimport[22m | diner_chassis_tall_circular_scope.png[39m[0m
[  95% ] [90m[1mreimport[22m | diner_chassis_compact_service_side.png[39m[0m
[  96% ] [90m[1mreimport[22m | diner_chassis_compact_front.png[39m[0m
[  97% ] [90m[1mreimport[22m | diner_chassis_compact_floor_feet.png[39m[0m
[  98% ] [90m[1mreimport[22m | Finalizing Asset Import...[39m[0m
[92m[ DONE ][39m [1mreimport[22m
[0m
[   0% ] [90m[1mreimport[22m | Started (Re)Importing Assets (81 steps)[39m[0m
[   0% ] [90m[1mreimport[22m | Executing post-reimport operations...[39m[0m
[92m[ DONE ][39m [1mreimport[22m
[0m
[   0% ] [90m[1mloading_editor_layout[22m | Started Loading editor (5 steps)[39m[0m
[   0% ] [90m[1mloading_editor_layout[22m | Loading editor layout...[39m[0m
[  16% ] [90m[1mloading_editor_layout[22m | Loading docks...[39m[0m
[  33% ] [90m[1mloading_editor_layout[22m | Reopening scenes...[39m[0m
[  50% ] [90m[1mloading_editor_layout[22m | Loading central editor layout...[39m[0m
[  66% ] [90m[1mloading_editor_layout[22m | Loading plugin window layout...[39m[0m
[  83% ] [90m[1mloading_editor_layout[22m | Editor layout ready.[39m[0m
[92m[ DONE ][39m [1mloading_editor_layout[22m
[0m
