Godot Engine v4.7.1.stable.official.a13da4feb - https://godotengine.org

[ACOUSTIC] 550 nodes loaded
  [mina ok] case target forwards its owner's result after a physical answer
  [mina ok] disabled case target vanishes instead of consuming E
  [mina ok] the physical Vantry repair temporarily stabilizes Mina's case
  [mina ok] first-stable entry opens fs_open
  [mina ok] early silence gets annotated and the conversation continues
  [mina ok] early silence sets no flags
  [mina ok] pressing on reaches fs_push
  [mina ok] naming the silence records the first insight
  [mina ok] no letter under the door before the case recurs
  [mina ok] recurrence slides PROVISIONAL TESTIMONY under the player's door
  [mina ok] the letter is her annotated draft while the case is open
  [mina ok] recurrence requires a second practical repair
  [mina ok] calibrator returns the authoritative accepted outcome
  [mina ok] real-talk entry opens rt_open
  [mina ok] agreement lands in the trap
  [mina ok] validating the fear retreats
  [mina ok] the flattering path sets no resolution flags
  [mina ok] wrong turns cost trust
  [mina ok] flattery does not unlock integration
  [mina ok] the assumption insight is earned in conversation
  [mina ok] silence after the insight opens the courtroom door
  [mina ok] the wound is reachable
  [mina ok] validating the record at the wound re-armors her
  [mina ok] failure retreats, never dead-ends
  [mina ok] the wound is reachable again
  [mina ok] the heart question is asked
  [mina ok] speaking the answer aloud gets it transcribed instead
  [mina ok] the spoken version does not earn the insight
  [mina ok] held silence at the heart is the answer
  [mina ok] the silence insight is earned by the mechanic itself
  [mina ok] both earned flags unlock integration
  [mina ok] integration entry opens int_open
  [mina ok] the quiet beat lands in the room
  [mina ok] final silent calibration resolves Mina
  [mina ok] final calibration slip reports the case owner's resolution
  [mina ok] resolution leaves Mina's permanent portal rule
  [mina ok] a resolved case still has one line left
  [mina ok] the letter outlives the case
  [mina ok] after resolution the letter's blank stays blank
  [mina ok] all six case targets have an authored physical/result profile
MINA GAMEPLAY TEST: FAIL (1)
