{
  "actual_engine_exit": 0,
  "elapsed_seconds": 88.233,
  "gate": {
    "diagnostic_gate_exit": 1,
    "reasons": [
      "3490 non-inherited error headers",
      "1174 geometry-light unpair errors",
      "2316 independent soft-shadow underflow errors"
    ],
    "unpair_errors": 1174,
    "soft_shadow_underflows": 2316,
    "non_inherited_error_headers": {
      "ERROR: geom->softshadow_count==0 - BUG!": 2316,
      "ERROR: BUG, indexing did not unpair geometries from light.": 1174
    },
    "inherited_manifest_errors": [
      {
        "header": "ERROR: GENERAL - Message Id Number: 0 | Message Id Name: Loader Message",
        "detail": "loader_get_json: Failed to open JSON file C:\\Program Files\\TikTok LIVE Studio\\0.49.6\\resources\\app\\electron\\sdk\\lib\\LiveStudioVulkanLayer64.json"
      },
      {
        "header": "ERROR: GENERAL - Message Id Number: 0 | Message Id Name: Loader Message",
        "detail": "loader_get_json: Failed to open JSON file C:\\Program Files (x86)\\Epic Games\\Launcher\\Portal\\Extras\\Overlay\\EOSOverlayVkLayer-Win32.json"
      },
      {
        "header": "ERROR: GENERAL - Message Id Number: 0 | Message Id Name: Loader Message",
        "detail": "loader_get_json: Failed to open JSON file C:\\Program Files (x86)\\Epic Games\\Launcher\\Portal\\Extras\\Overlay\\EOSOverlayVkLayer-Win64.json"
      },
      {
        "header": "ERROR: GENERAL - Message Id Number: 0 | Message Id Name: Loader Message",
        "detail": "loader_get_json: Failed to open JSON file C:\\Program Files\\TikTok LIVE Studio\\0.49.6\\resources\\app\\electron\\sdk\\lib\\LiveStudioVulkanLayer32.json"
      },
      {
        "header": "ERROR: GENERAL - Message Id Number: 0 | Message Id Name: Loader Message",
        "detail": "loader_get_json: Failed to open JSON file C:\\Program Files\\TikTok LIVE Studio\\0.49.6\\resources\\app\\electron\\sdk\\lib\\LiveStudioVulkanLayer64.json"
      }
    ],
    "warnings": {
      "WARNING: GENERAL - Message Id Number: 0 | Message Id Name: Loader Message": 2,
      "WARNING: Image format RGB8 not supported by hardware, converting to RGBA8.": 1038,
      "WARNING: no legal wall for found piece cam_noel_witches": 1
    },
    "retention": [],
    "functional_checks_meaningful": true,
    "expected_unpair_red_observed": false,
    "expected_viewport_guard_red_observed": false,
    "execution_scope": "root_retirement",
    "full_candidate_scope_completed": false,
    "native_phase_attribution": "stdout phase markers retained; separate stdout/stderr buffering does not establish exact native-error phase or causal ownership"
  }
}
{
  "variant_transaction": "C:\\PleaseRemainOnTheLine-astra\\design\\astra\\evidence\\vulkan_composed\\variant_transactions\\foundations_pair_01_omission.json",
  "candidate_restored_exactly": true
}
