Godot Engine v4.7.1.stable.official.a13da4feb - https://godotengine.org
Vulkan 1.4.341 - Forward+ - Using Device #0: NVIDIA - NVIDIA GeForce RTX 4080

[ACOUSTIC] 550 nodes loaded
ORISON V2 BLOCKOUT: 61 spaces / 26 doors / 87 anchors
[SURFACE] 320 surfaces layered (293 materials)
[PASSAGE HOURS] OPEN; 10 grilles folded
[PASSAGE HOURS] 11 shopfronts, 10 close after 02:00, HARDWARE PAINT keeps night service
[PASSAGE FINISH] 6 gated draws, 3 handcarts, hours active
[V2 PASSAGE] 13 resident cells; 11 doors; 1 shared-service counters
[SCHEDULE] director live: 18 residents on the clock
[ORISON V2 RUNTIME] ready startup_ms=4033.399
[LIGHTING] 54 sources active in system; 54 full personalities; profiles steady/breathe/mains/beat/dropout=[10, 9, 12, 17, 6]
CONNECTED EXTERIOR CHECK: shared world authorities = true
CONNECTED EXTERIOR CHECK: shared service loads the actual authored hardware stock = true
CONNECTED EXTERIOR CHECK: both semantic routes resolve = true
CONNECTED EXTERIOR CHECK: shop starts with a real closed leaf = true
CONNECTED EXTERIOR CHECK: actual player ray/prompt reaches door = true
CONNECTED EXTERIOR CHECK: real storefront opens through input = true
CONNECTED EXTERIOR CHECK: existing maintenance job awaits its authored part = true
CONNECTED EXTERIOR CHECK: actual player ray/prompt reaches counter = true
CONNECTED EXTERIOR CHECK: bodega cannot supply the hardware shop's part or mutate shared inventory = true
CONNECTED EXTERIOR CHECK: interior return retains the same job owner and facts = true
CONNECTED EXTERIOR ROUTE: 18 waypoints; 0 failures
