Godot Engine v4.7.1.stable.official.a13da4feb - https://godotengine.org
Vulkan 1.4.341 - Forward+ - Using Device #0: NVIDIA - NVIDIA GeForce RTX 4080

[ACOUSTIC] 550 nodes loaded
ORISON V2 BLOCKOUT: 61 spaces / 26 doors / 87 anchors
[SURFACE] 320 surfaces layered (293 materials)
[PASSAGE HOURS] OPEN; 10 grilles folded
[PASSAGE HOURS] 11 shopfronts, 10 close after 02:00, HARDWARE PAINT keeps night service
[PASSAGE FINISH] 6 gated draws, 3 handcarts, hours active
[V2 PASSAGE] 13 resident cells; 11 doors; 1 shared-service counters
[SCHEDULE] director live: 18 residents on the clock
[ORISON V2 RUNTIME] ready startup_ms=3984.712
[LIGHTING] 54 sources active in system; 54 full personalities; profiles steady/breathe/mains/beat/dropout=[10, 9, 12, 17, 6]
SWITCH TARGET F03_B_MAIN_SWITCH feet=(-12.34, 6.42, -9.950001) hit=F03_B_MAIN_SWITCH:<StaticBody3D#284524815632> at=(-11.665, 7.533192, -9.950001)
[SWITCHES] F03_B_MAIN -> off (1 fixtures)
[SWITCHES] F03_B_MAIN -> on (1 fixtures)
SWITCH TARGET F03_B_KITCHEN_SWITCH feet=(-10.34, 6.42, -4.1) hit=F03_B_KITCHEN_SWITCH:<StaticBody3D#284709365034> at=(-9.665, 7.533192, -4.1)
[SWITCHES] F03_B_KITCHEN -> off (1 fixtures)
[SWITCHES] F03_B_KITCHEN -> on (1 fixtures)
SWITCH TARGET F03_B_ALCOVE_SWITCH feet=(-12.16, 6.42, -1.85) hit=F03_B_ALCOVE_SWITCH:<StaticBody3D#284826805553> at=(-12.835, 7.533192, -1.85)
[SWITCHES] F03_B_ALCOVE -> off (1 fixtures)
[SWITCHES] F03_B_ALCOVE -> on (1 fixtures)
SWITCH TARGET F03_B_BATH_SWITCH feet=(-14.8, 6.42, -1.01) hit=F03_B_BATH_SWITCH:<StaticBody3D#284944246072> at=(-14.8, 7.533192, -1.685)
[SWITCHES] F03_B_BATH -> off (1 fixtures)
[SWITCHES] F03_B_BATH -> on (1 fixtures)
ORISON V2 BLOCKOUT: 61 spaces / 26 doors / 87 anchors
[SURFACE] 320 surfaces layered (293 materials)
[PASSAGE HOURS] OPEN; 10 grilles folded
[PASSAGE HOURS] 11 shopfronts, 10 close after 02:00, HARDWARE PAINT keeps night service
[PASSAGE FINISH] 6 gated draws, 3 handcarts, hours active
[V2 PASSAGE] 13 resident cells; 11 doors; 1 shared-service counters
[SCHEDULE] director live: 18 residents on the clock
[ORISON V2 RUNTIME] ready startup_ms=2839.952
[LIGHTING] 54 sources active in system; 54 full personalities; profiles steady/breathe/mains/beat/dropout=[10, 9, 12, 17, 6]
SWITCH TARGET F03_B_MAIN_SWITCH feet=(-12.34, 6.42, -9.950001) hit=F03_B_MAIN_SWITCH:<StaticBody3D#2266903883853> at=(-11.665, 7.533192, -9.950001)
[SWITCHES] F03_B_MAIN -> off (1 fixtures)
[SWITCHES] F03_B_MAIN -> on (1 fixtures)
SWITCH TARGET F03_B_KITCHEN_SWITCH feet=(-10.34, 6.42, -4.1) hit=F03_B_KITCHEN_SWITCH:<StaticBody3D#2267021324379> at=(-9.665, 7.533192, -4.1)
[SWITCHES] F03_B_KITCHEN -> off (1 fixtures)
[SWITCHES] F03_B_KITCHEN -> on (1 fixtures)
SWITCH TARGET F03_B_ALCOVE_SWITCH feet=(-12.16, 6.42, -1.85) hit=F03_B_ALCOVE_SWITCH:<StaticBody3D#2267138764784> at=(-12.835, 7.533192, -1.85)
[SWITCHES] F03_B_ALCOVE -> off (1 fixtures)
[SWITCHES] F03_B_ALCOVE -> on (1 fixtures)
SWITCH TARGET F03_B_BATH_SWITCH feet=(-14.8, 6.42, -1.01) hit=F03_B_BATH_SWITCH:<StaticBody3D#2267256205413> at=(-14.8, 7.533192, -1.685)
[SWITCHES] F03_B_BATH -> off (1 fixtures)
[SWITCHES] F03_B_BATH -> on (1 fixtures)
CONNECTED WORLD: 374 checks; 0 failures
