Godot Engine v4.7.1.stable.official.a13da4feb - https://godotengine.org
Vulkan 1.4.341 - Forward+ - Using Device #0: NVIDIA - NVIDIA GeForce RTX 4080

[ACOUSTIC] 550 nodes loaded
ORISON V2 BLOCKOUT: 61 spaces / 26 doors / 87 anchors
[SURFACE] 320 surfaces layered (293 materials)
[PASSAGE HOURS] OPEN; 10 grilles folded
[PASSAGE HOURS] 11 shopfronts, 10 close after 02:00, HARDWARE PAINT keeps night service
[PASSAGE FINISH] 6 gated draws, 3 handcarts, hours active
[V2 PASSAGE] 13 resident cells; 11 doors; 1 shared-service counters
[SCHEDULE] director live: 18 residents on the clock
[ORISON V2 RUNTIME] ready startup_ms=4092.670
[LIGHTING] 54 sources active in system; 54 full personalities; profiles steady/breathe/mains/beat/dropout=[10, 9, 12, 17, 6]
CONNECTED EXTERIOR CHECK: arcade composes in the same production world = true
CONNECTED EXTERIOR CHECK: hardware stock uses initialized shared authorities = true
CONNECTED EXTERIOR CHECK: authored hardware shop door exists = true
CONNECTED EXTERIOR CHECK: actual player ray/prompt reaches hardware_door = true
CONNECTED EXTERIOR CHECK: hardware door opens through ordinary input = true
CONNECTED EXTERIOR CHECK: actual player ray/prompt reaches hardware_door_close = true
CONNECTED EXTERIOR CHECK: customer closes the inward leaf before passing the counter = true
CONNECTED EXTERIOR CHECK: actual source-anchored hardware counter exists = true
CONNECTED EXTERIOR CHECK: maintenance job awaits authored capsule = true
CONNECTED EXTERIOR CHECK: right shop offers the awaited part = true
CONNECTED EXTERIOR CHECK: actual player ray/prompt reaches hardware_counter = true
CONNECTED EXTERIOR CHECK: physical counter grants the part exactly once = true
CONNECTED EXTERIOR CHECK: actual player ray/prompt reaches hardware_counter_repeat = true
CONNECTED EXTERIOR CHECK: repeated counter input cannot duplicate the part = true
CONNECTED EXTERIOR CHECK: actual player ray/prompt reaches hardware_door_exit = true
CONNECTED EXTERIOR CHECK: return indoors retains the physically acquired part = true
V2 PASSAGE ROUTE: 36 waypoints; 0 failures
