WARNING: invalid ORISON_BUILDING_ROOT='invalid'; using committed v1 default
   at: push_warning (core/variant/variant_utility.cpp:1033)
   GDScript backtrace (most recent call first):
       [0] _report_invalid (res://scripts/building/building_root_selector.gd:42)
       [1] path_for (res://scripts/building/building_root_selector.gd:32)
       [2] _ready (res://tests/orison_v2_two_root_matrix_test.gd:34)
WARNING: 'res://assets/building/floor_01.gltf': In external resource #140, invalid UID: 'uid://cc3u0q3e04six' - using text path instead: 'res://assets/building/textures/T_ai_materials_paper_b_normal.png'.
   at: open (core/io/resource_format_binary.cpp:1025)
   GDScript backtrace (most recent call first):
       [0] prepare (res://scripts/building/floor01_geometry_provider.gd:21)
       [1] _ready (res://scripts/building/building_root.gd:331)
       [2] _exercise_v1_root (res://tests/orison_v2_two_root_matrix_test.gd:99)
       [3] _ready (res://tests/orison_v2_two_root_matrix_test.gd:35)
WARNING: 'res://assets/building/floor_04.gltf': In external resource #119, invalid UID: 'uid://cc3u0q3e04six' - using text path instead: 'res://assets/building/textures/T_ai_materials_paper_b_normal.png'.
   at: open (core/io/resource_format_binary.cpp:1025)
   GDScript backtrace (most recent call first):
       [0] _ready (res://scripts/building/building_root.gd:351)
       [1] _exercise_v1_root (res://tests/orison_v2_two_root_matrix_test.gd:99)
       [2] _ready (res://tests/orison_v2_two_root_matrix_test.gd:35)
WARNING: no legal wall for found piece cam_noel_witches
   at: push_warning (core/variant/variant_utility.cpp:1033)
   GDScript backtrace (most recent call first):
       [0] _place_wall_piece (res://scripts/building/found_art_pass.gd:54)
       [1] build (res://scripts/building/found_art_pass.gd:21)
       [2] _ready (res://scripts/building/building_root.gd:550)
       [3] _exercise_v1_root (res://tests/orison_v2_two_root_matrix_test.gd:99)
       [4] _ready (res://tests/orison_v2_two_root_matrix_test.gd:35)
WARNING: 'res://assets/building/floor_01.gltf': In external resource #140, invalid UID: 'uid://cc3u0q3e04six' - using text path instead: 'res://assets/building/textures/T_ai_materials_paper_b_normal.png'.
   at: open (core/io/resource_format_binary.cpp:1025)
   GDScript backtrace (most recent call first):
       [0] prepare (res://scripts/building/floor01_geometry_provider.gd:21)
       [1] _ready (res://scripts/building/building_root.gd:331)
       [2] _replace_world (res://scripts/dream/campaign_shell.gd:134)
       [3] _restore_world (res://scripts/dream/campaign_shell.gd:95)
       [4] _ready (res://scripts/dream/campaign_shell.gd:50)
       [5] _cross_root_reconstruction (res://tests/orison_v2_two_root_matrix_test.gd:146)
       [6] _ready (res://tests/orison_v2_two_root_matrix_test.gd:84)
WARNING: 'res://assets/building/floor_04.gltf': In external resource #119, invalid UID: 'uid://cc3u0q3e04six' - using text path instead: 'res://assets/building/textures/T_ai_materials_paper_b_normal.png'.
   at: open (core/io/resource_format_binary.cpp:1025)
   GDScript backtrace (most recent call first):
       [0] _ready (res://scripts/building/building_root.gd:351)
       [1] _replace_world (res://scripts/dream/campaign_shell.gd:134)
       [2] _restore_world (res://scripts/dream/campaign_shell.gd:95)
       [3] _ready (res://scripts/dream/campaign_shell.gd:50)
       [4] _cross_root_reconstruction (res://tests/orison_v2_two_root_matrix_test.gd:146)
       [5] _ready (res://tests/orison_v2_two_root_matrix_test.gd:84)
WARNING: no legal wall for found piece cam_noel_witches
   at: push_warning (core/variant/variant_utility.cpp:1033)
   GDScript backtrace (most recent call first):
       [0] _place_wall_piece (res://scripts/building/found_art_pass.gd:54)
       [1] build (res://scripts/building/found_art_pass.gd:21)
       [2] _ready (res://scripts/building/building_root.gd:550)
       [3] _replace_world (res://scripts/dream/campaign_shell.gd:134)
       [4] _restore_world (res://scripts/dream/campaign_shell.gd:95)
       [5] _ready (res://scripts/dream/campaign_shell.gd:50)
       [6] _cross_root_reconstruction (res://tests/orison_v2_two_root_matrix_test.gd:146)
       [7] _ready (res://tests/orison_v2_two_root_matrix_test.gd:84)
WARNING: 'res://assets/building/floor_01.gltf': In external resource #140, invalid UID: 'uid://cc3u0q3e04six' - using text path instead: 'res://assets/building/textures/T_ai_materials_paper_b_normal.png'.
   at: open (core/io/resource_format_binary.cpp:1025)
   GDScript backtrace (most recent call first):
       [0] prepare (res://scripts/building/floor01_geometry_provider.gd:21)
       [1] _ready (res://scripts/building/building_root.gd:331)
       [2] _replace_world (res://scripts/dream/campaign_shell.gd:134)
       [3] _restore_world (res://scripts/dream/campaign_shell.gd:95)
       [4] _ready (res://scripts/dream/campaign_shell.gd:50)
       [5] _cross_root_reconstruction (res://tests/orison_v2_two_root_matrix_test.gd:175)
WARNING: 'res://assets/building/floor_04.gltf': In external resource #119, invalid UID: 'uid://cc3u0q3e04six' - using text path instead: 'res://assets/building/textures/T_ai_materials_paper_b_normal.png'.
   at: open (core/io/resource_format_binary.cpp:1025)
   GDScript backtrace (most recent call first):
       [0] _ready (res://scripts/building/building_root.gd:351)
       [1] _replace_world (res://scripts/dream/campaign_shell.gd:134)
       [2] _restore_world (res://scripts/dream/campaign_shell.gd:95)
       [3] _ready (res://scripts/dream/campaign_shell.gd:50)
       [4] _cross_root_reconstruction (res://tests/orison_v2_two_root_matrix_test.gd:175)
WARNING: no legal wall for found piece cam_noel_witches
   at: push_warning (core/variant/variant_utility.cpp:1033)
   GDScript backtrace (most recent call first):
       [0] _place_wall_piece (res://scripts/building/found_art_pass.gd:54)
       [1] build (res://scripts/building/found_art_pass.gd:21)
       [2] _ready (res://scripts/building/building_root.gd:550)
       [3] _replace_world (res://scripts/dream/campaign_shell.gd:134)
       [4] _restore_world (res://scripts/dream/campaign_shell.gd:95)
       [5] _ready (res://scripts/dream/campaign_shell.gd:50)
       [6] _cross_root_reconstruction (res://tests/orison_v2_two_root_matrix_test.gd:175)
WARNING: 'res://assets/building/floor_01.gltf': In external resource #140, invalid UID: 'uid://cc3u0q3e04six' - using text path instead: 'res://assets/building/textures/T_ai_materials_paper_b_normal.png'.
   at: open (core/io/resource_format_binary.cpp:1025)
   GDScript backtrace (most recent call first):
       [0] prepare (res://scripts/building/floor01_geometry_provider.gd:21)
       [1] _ready (res://scripts/building/building_root.gd:331)
       [2] _replace_world (res://scripts/dream/campaign_shell.gd:134)
       [3] _restore_world (res://scripts/dream/campaign_shell.gd:95)
       [4] _ready (res://scripts/dream/campaign_shell.gd:50)
       [5] _cross_root_reconstruction (res://tests/orison_v2_two_root_matrix_test.gd:146)
       [6] _ready (res://tests/orison_v2_two_root_matrix_test.gd:84)
       [7] _cross_root_reconstruction (res://tests/orison_v2_two_root_matrix_test.gd:212)
WARNING: 'res://assets/building/floor_04.gltf': In external resource #119, invalid UID: 'uid://cc3u0q3e04six' - using text path instead: 'res://assets/building/textures/T_ai_materials_paper_b_normal.png'.
   at: open (core/io/resource_format_binary.cpp:1025)
   GDScript backtrace (most recent call first):
       [0] _ready (res://scripts/building/building_root.gd:351)
       [1] _replace_world (res://scripts/dream/campaign_shell.gd:134)
       [2] _restore_world (res://scripts/dream/campaign_shell.gd:95)
       [3] _ready (res://scripts/dream/campaign_shell.gd:50)
       [4] _cross_root_reconstruction (res://tests/orison_v2_two_root_matrix_test.gd:146)
       [5] _ready (res://tests/orison_v2_two_root_matrix_test.gd:84)
       [6] _cross_root_reconstruction (res://tests/orison_v2_two_root_matrix_test.gd:212)
WARNING: no legal wall for found piece cam_noel_witches
   at: push_warning (core/variant/variant_utility.cpp:1033)
   GDScript backtrace (most recent call first):
       [0] _place_wall_piece (res://scripts/building/found_art_pass.gd:54)
       [1] build (res://scripts/building/found_art_pass.gd:21)
       [2] _ready (res://scripts/building/building_root.gd:550)
       [3] _replace_world (res://scripts/dream/campaign_shell.gd:134)
       [4] _restore_world (res://scripts/dream/campaign_shell.gd:95)
       [5] _ready (res://scripts/dream/campaign_shell.gd:50)
       [6] _cross_root_reconstruction (res://tests/orison_v2_two_root_matrix_test.gd:146)
       [7] _ready (res://tests/orison_v2_two_root_matrix_test.gd:84)
       [8] _cross_root_reconstruction (res://tests/orison_v2_two_root_matrix_test.gd:212)
WARNING: 'res://assets/building/floor_01.gltf': In external resource #140, invalid UID: 'uid://cc3u0q3e04six' - using text path instead: 'res://assets/building/textures/T_ai_materials_paper_b_normal.png'.
   at: open (core/io/resource_format_binary.cpp:1025)
   GDScript backtrace (most recent call first):
       [0] prepare (res://scripts/building/floor01_geometry_provider.gd:21)
       [1] _ready (res://scripts/building/building_root.gd:331)
       [2] _replace_world (res://scripts/dream/campaign_shell.gd:134)
       [3] _restore_world (res://scripts/dream/campaign_shell.gd:95)
       [4] _ready (res://scripts/dream/campaign_shell.gd:50)
       [5] _cross_root_reconstruction (res://tests/orison_v2_two_root_matrix_test.gd:175)
WARNING: 'res://assets/building/floor_04.gltf': In external resource #119, invalid UID: 'uid://cc3u0q3e04six' - using text path instead: 'res://assets/building/textures/T_ai_materials_paper_b_normal.png'.
   at: open (core/io/resource_format_binary.cpp:1025)
   GDScript backtrace (most recent call first):
       [0] _ready (res://scripts/building/building_root.gd:351)
       [1] _replace_world (res://scripts/dream/campaign_shell.gd:134)
       [2] _restore_world (res://scripts/dream/campaign_shell.gd:95)
       [3] _ready (res://scripts/dream/campaign_shell.gd:50)
       [4] _cross_root_reconstruction (res://tests/orison_v2_two_root_matrix_test.gd:175)
WARNING: no legal wall for found piece cam_noel_witches
   at: push_warning (core/variant/variant_utility.cpp:1033)
   GDScript backtrace (most recent call first):
       [0] _place_wall_piece (res://scripts/building/found_art_pass.gd:54)
       [1] build (res://scripts/building/found_art_pass.gd:21)
       [2] _ready (res://scripts/building/building_root.gd:550)
       [3] _replace_world (res://scripts/dream/campaign_shell.gd:134)
       [4] _restore_world (res://scripts/dream/campaign_shell.gd:95)
       [5] _ready (res://scripts/dream/campaign_shell.gd:50)
       [6] _cross_root_reconstruction (res://tests/orison_v2_two_root_matrix_test.gd:175)
