WorkerThreadPool: 24 threads, 7 max low-priority.
Godot Engine v4.7.1.stable.official.a13da4feb - https://godotengine.org
TextServer: Added interface "Dummy"
TextServer: Added interface "ICU / HarfBuzz / Graphite (Built-in)"
Using "default" pen tablet driver...

TextServer: Primary interface set to: "ICU / HarfBuzz / Graphite (Built-in)".
CORE API HASH: 3769296884
EDITOR API HASH: 3146738256
SceneTreeFTI: traversal method DEFAULT
Loading resource: res://scripts/game_boot.gd remapped: res://scripts/game_boot.gd
Completed load for: 'res://scripts/game_boot.gd' remapped 'res://scripts/game_boot.gd' at thread -1
Loading resource: res://scripts/audio/conductor_clock.gd remapped: res://scripts/audio/conductor_clock.gd
Completed load for: 'res://scripts/audio/conductor_clock.gd' remapped 'res://scripts/audio/conductor_clock.gd' at thread -1
Loading resource: res://scripts/audio/audio_policy.gd remapped: res://scripts/audio/audio_policy.gd
Completed load for: 'res://scripts/audio/audio_policy.gd' remapped 'res://scripts/audio/audio_policy.gd' at thread -1
Loading resource: res://scripts/game/campaign_clock_driver.gd remapped: res://scripts/game/campaign_clock_driver.gd
Completed load for: 'res://scripts/game/campaign_clock_driver.gd' remapped 'res://scripts/game/campaign_clock_driver.gd' at thread -1
Loading resource: res://scripts/ui/save_status_notice.gd remapped: res://scripts/ui/save_status_notice.gd
Completed load for: 'res://scripts/ui/save_status_notice.gd' remapped 'res://scripts/ui/save_status_notice.gd' at thread -1
Loading resource: res://scripts/game/reality_case_manager.gd remapped: res://scripts/game/reality_case_manager.gd
Completed load for: 'res://scripts/game/reality_case_manager.gd' remapped 'res://scripts/game/reality_case_manager.gd' at thread -1
Loading resource: res://scripts/game/reality_rule_director.gd remapped: res://scripts/game/reality_rule_director.gd
Completed load for: 'res://scripts/game/reality_rule_director.gd' remapped 'res://scripts/game/reality_rule_director.gd' at thread -1
Loaded system CA certificates
Loading resource: res://tests/TitleSaveRecoveryTest.tscn remapped: res://tests/TitleSaveRecoveryTest.tscn
Loading resource: res://tests/title_save_recovery_test.gd remapped: res://tests/title_save_recovery_test.gd
Loading resource: res://scenes/ui/title_screen.tscn remapped: res://scenes/ui/title_screen.tscn
Loading resource: res://scripts/ui/title_screen.gd remapped: res://scripts/ui/title_screen.gd
Loading resource: res://assets/ui/title/orison_grand_mundane_title_v1.png remapped: res://assets/ui/title/orison_grand_mundane_title_v1.png
Loading resource: res://.godot/imported/orison_grand_mundane_title_v1.png-bc097af3116491b8dcf185c05d5a50b1.ctex remapped: res://.godot/imported/orison_grand_mundane_title_v1.png-bc097af3116491b8dcf185c05d5a50b1.ctex
Completed load for: 'res://assets/ui/title/orison_grand_mundane_title_v1.png' remapped 'res://assets/ui/title/orison_grand_mundane_title_v1.png' at thread -1
Loading resource: res://assets/audio/music/title/clockwork_waltz_escapement_failure.ogg remapped: res://assets/audio/music/title/clockwork_waltz_escapement_failure.ogg
Loading resource: res://.godot/imported/clockwork_waltz_escapement_failure.ogg-08402274378d034128829f27425b7185.oggvorbisstr remapped: res://.godot/imported/clockwork_waltz_escapement_failure.ogg-08402274378d034128829f27425b7185.oggvorbisstr
Completed load for: 'res://assets/audio/music/title/clockwork_waltz_escapement_failure.ogg' remapped 'res://assets/audio/music/title/clockwork_waltz_escapement_failure.ogg' at thread -1
Loading resource: res://assets/audio/music/title/clockwork_waltz_original.ogg remapped: res://assets/audio/music/title/clockwork_waltz_original.ogg
Loading resource: res://.godot/imported/clockwork_waltz_original.ogg-1a1bc00bfaf3fbfec9d76b6e1ff9cb09.oggvorbisstr remapped: res://.godot/imported/clockwork_waltz_original.ogg-1a1bc00bfaf3fbfec9d76b6e1ff9cb09.oggvorbisstr
Completed load for: 'res://assets/audio/music/title/clockwork_waltz_original.ogg' remapped 'res://assets/audio/music/title/clockwork_waltz_original.ogg' at thread -1
Completed load for: 'res://scripts/ui/title_screen.gd' remapped 'res://scripts/ui/title_screen.gd' at thread -1
Completed load for: 'res://scenes/ui/title_screen.tscn' remapped 'res://scenes/ui/title_screen.tscn' at thread -1
Loading resource: res://assets/ui/telegram/telegram_paper_stock_v1.png remapped: res://assets/ui/telegram/telegram_paper_stock_v1.png
Loading resource: res://.godot/imported/telegram_paper_stock_v1.png-6da8e34d237a3bb83d7695aa967c7cff.ctex remapped: res://.godot/imported/telegram_paper_stock_v1.png-6da8e34d237a3bb83d7695aa967c7cff.ctex
Completed load for: 'res://assets/ui/telegram/telegram_paper_stock_v1.png' remapped 'res://assets/ui/telegram/telegram_paper_stock_v1.png' at thread -1
Loading resource: res://assets/fonts/courier_prime/CourierPrime-Regular.ttf remapped: res://assets/fonts/courier_prime/CourierPrime-Regular.ttf
Loading resource: res://.godot/imported/CourierPrime-Regular.ttf-b33a163554302b210ef6aef62fa4168a.fontdata remapped: res://.godot/imported/CourierPrime-Regular.ttf-b33a163554302b210ef6aef62fa4168a.fontdata
Completed load for: 'res://assets/fonts/courier_prime/CourierPrime-Regular.ttf' remapped 'res://assets/fonts/courier_prime/CourierPrime-Regular.ttf' at thread -1
Loading resource: res://assets/fonts/courier_prime/CourierPrime-Bold.ttf remapped: res://assets/fonts/courier_prime/CourierPrime-Bold.ttf
Loading resource: res://.godot/imported/CourierPrime-Bold.ttf-bf7a7031d9489227399d79b38e4a3e43.fontdata remapped: res://.godot/imported/CourierPrime-Bold.ttf-bf7a7031d9489227399d79b38e4a3e43.fontdata
Completed load for: 'res://assets/fonts/courier_prime/CourierPrime-Bold.ttf' remapped 'res://assets/fonts/courier_prime/CourierPrime-Bold.ttf' at thread -1
Loading resource: res://assets/audio/viral_seed.ogg remapped: res://assets/audio/viral_seed.ogg
Loading resource: res://.godot/imported/viral_seed.ogg-befc5f05d706188204c710ae7bb333d9.oggvorbisstr remapped: res://.godot/imported/viral_seed.ogg-befc5f05d706188204c710ae7bb333d9.oggvorbisstr
Completed load for: 'res://assets/audio/viral_seed.ogg' remapped 'res://assets/audio/viral_seed.ogg' at thread -1
Completed load for: 'res://tests/title_save_recovery_test.gd' remapped 'res://tests/title_save_recovery_test.gd' at thread -1
Completed load for: 'res://tests/TitleSaveRecoveryTest.tscn' remapped 'res://tests/TitleSaveRecoveryTest.tscn' at thread -1
[ACOUSTIC] 550 nodes loaded
[TITLE RECOVERY] PASS continue starts with an unused file path
[TITLE RECOVERY] PASS continue creates a real saved fixture
[TITLE RECOVERY] PASS continue seeds exact next-day clock facts
[TITLE RECOVERY] PASS continue saves semantic fixture facts
[TITLE RECOVERY] PASS continue focused primary action fits the 1280x720 title viewport
[TITLE RECOVERY] PASS continue ordinary title has no debug action or fabricated opening time
[TITLE RECOVERY] PASS loaded campaign gets primary focused Continue
[TITLE RECOVERY] PASS launch targets the actual CampaignShell scene
[TITLE RECOVERY] PASS actual Continue button reaches the checked scene operation once
[TITLE RECOVERY] PASS Continue preserves job, spent item, Dream, first-shift and exact clock without sampling
[TITLE RECOVERY] PASS cancel starts with an unused file path
[TITLE RECOVERY] PASS cancel creates a real saved fixture
[TITLE RECOVERY] PASS cancel seeds exact next-day clock facts
[TITLE RECOVERY] PASS cancel saves semantic fixture facts
[TITLE RECOVERY] PASS cancel focused primary action fits the 1280x720 title viewport
[TITLE RECOVERY] PASS cancel ordinary title has no debug action or fabricated opening time
[TITLE RECOVERY] PASS New opens the explicit replacement choice with Keep focused
[TITLE RECOVERY] PASS both replacement choices fit inside the launch viewport
[TITLE RECOVERY] PASS choice states replacement and archive limits
[TITLE RECOVERY] PASS cancel closes the choice and returns focus to New
[TITLE RECOVERY] PASS cancel performs no sampling, save mutation, fact reset, or launch
[TITLE RECOVERY] PASS failed_new_loaded starts with an unused file path
[TITLE RECOVERY] PASS failed_new_loaded creates a real saved fixture
[TITLE RECOVERY] PASS failed_new_loaded seeds exact next-day clock facts
[TITLE RECOVERY] PASS failed_new_loaded saves semantic fixture facts
[TITLE RECOVERY] PASS failed_new_loaded focused primary action fits the 1280x720 title viewport
[TITLE RECOVERY] PASS failed_new_loaded ordinary title has no debug action or fabricated opening time
[TITLE RECOVERY] PASS failed New returns to a visible usable title with a save notice
[TITLE RECOVERY] PASS failed New preserves original primary, runtime facts, load status and protection notice
[TITLE RECOVERY] PASS failed New restores focus to the New launcher
[TITLE RECOVERY] PASS failed_new_protected starts with an unused file path
[TITLE RECOVERY] PASS failed_new_protected focused primary action fits the 1280x720 title viewport
[TITLE RECOVERY] PASS failed_new_protected ordinary title has no debug action or fabricated opening time
[TITLE RECOVERY] PASS fixture raw primary can be opened
[TITLE RECOVERY] PASS title presents the real protected notice without clearing it or duplicating an overlay
[TITLE RECOVERY] PASS modal contains actual ui_up focus input while protected title notice is present
[TITLE RECOVERY] PASS modal contains actual ui_down focus input while protected title notice is present
[TITLE RECOVERY] PASS modal contains actual ui_left focus input while protected title notice is present
[TITLE RECOVERY] PASS modal contains actual ui_right focus input while protected title notice is present
[TITLE RECOVERY] PASS modal contains actual ui_focus_next focus input while protected title notice is present
[TITLE RECOVERY] PASS modal contains actual ui_focus_prev focus input while protected title notice is present
[TITLE RECOVERY] PASS failed New returns to a visible usable title with a save notice
[TITLE RECOVERY] PASS failed New preserves original primary, runtime facts, load status and protection notice
[TITLE RECOVERY] PASS failed New restores focus to the New launcher
[TITLE RECOVERY] PASS retiring the title restores the global notice without losing its protected facts
[TITLE RECOVERY] PASS protected starts with an unused file path
[TITLE RECOVERY] PASS protected focused primary action fits the 1280x720 title viewport
[TITLE RECOVERY] PASS protected ordinary title has no debug action or fabricated opening time
[TITLE RECOVERY] PASS fixture raw primary can be opened
[TITLE RECOVERY] PASS protected save exposes a notice and explicit New without a misleading Begin
[TITLE RECOVERY] PASS a stale hidden primary signal cannot replace protected facts
[TITLE RECOVERY] PASS GameBoot independently refuses invalid Continue without a scene request
[TITLE RECOVERY] PASS recovered starts with an unused file path
[TITLE RECOVERY] PASS recovered creates a real saved fixture
[TITLE RECOVERY] PASS recovered seeds exact next-day clock facts
[TITLE RECOVERY] PASS recovered saves semantic fixture facts
[TITLE RECOVERY] PASS recovered focused primary action fits the 1280x720 title viewport
[TITLE RECOVERY] PASS recovered ordinary title has no debug action or fabricated opening time
[TITLE RECOVERY] PASS fixture commits second generation to create a real backup
[TITLE RECOVERY] PASS fixture raw primary can be opened
[TITLE RECOVERY] PASS storage reconstructs previous complete generation for the title
[TITLE RECOVERY] PASS recovered campaign offers Continue with an honest recovery notice
[TITLE RECOVERY] PASS launch targets the actual CampaignShell scene
[TITLE RECOVERY] PASS recovered Continue launches without replacing or resampling recovered facts
[TITLE RECOVERY] PASS missing starts with an unused file path
[TITLE RECOVERY] PASS missing focused primary action fits the 1280x720 title viewport
[TITLE RECOVERY] PASS missing ordinary title has no debug action or fabricated opening time
[TITLE RECOVERY] PASS only a truly missing profile gets Begin without a replacement choice
[TITLE RECOVERY] PASS launch targets the actual CampaignShell scene
[TITLE RECOVERY] PASS repeated Begin signals create one saved campaign, sample once, and launch once
[TITLE RECOVERY] PASS fresh Begin persists the exact injected 13:27 start
[TITLE RECOVERY] PASS missing_save_failure starts with an unused file path
[TITLE RECOVERY] PASS missing_save_failure focused primary action fits the 1280x720 title viewport
[TITLE RECOVERY] PASS missing_save_failure ordinary title has no debug action or fabricated opening time
[TITLE RECOVERY] PASS failed fresh Begin stays at an actionable title without claiming a saved campaign
[TITLE RECOVERY] PASS failed fresh Begin does not claim a nonexistent previous save was kept
[TITLE RECOVERY] PASS missing_journal_failure starts with an unused file path
[TITLE RECOVERY] PASS missing_journal_failure focused primary action fits the 1280x720 title viewport
[TITLE RECOVERY] PASS missing_journal_failure ordinary title has no debug action or fabricated opening time
[TITLE RECOVERY] PASS failed first creation leaves only an uncommitted candidate and no primary
[TITLE RECOVERY] PASS failed first creation offers an honest retry without claiming Continue
[TITLE RECOVERY] PASS reload classifies lone candidate artifacts as protected, never a saved campaign to Continue
[TITLE RECOVERY] PASS artifact-only restart exposes explicit New and safe Services focus
[TITLE RECOVERY] PASS cancelling artifact-only New retains the uncommitted file without promoting it
[TITLE RECOVERY] PASS explicit_new starts with an unused file path
[TITLE RECOVERY] PASS explicit_new creates a real saved fixture
[TITLE RECOVERY] PASS explicit_new seeds exact next-day clock facts
[TITLE RECOVERY] PASS explicit_new saves semantic fixture facts
[TITLE RECOVERY] PASS explicit_new focused primary action fits the 1280x720 title viewport
[TITLE RECOVERY] PASS explicit_new ordinary title has no debug action or fabricated opening time
[TITLE RECOVERY] PASS opening New alone does not replace anything
[TITLE RECOVERY] PASS launch targets the actual CampaignShell scene
[TITLE RECOVERY] PASS one explicit accepted replacement persists and launches once
[TITLE RECOVERY] PASS successful New adopts fresh job, inventory, Dream, first-shift and calendar facts
[TITLE RECOVERY] PASS successful New has a different verified on-disk generation
[TITLE RECOVERY] PASS scene_failure starts with an unused file path
[TITLE RECOVERY] PASS scene_failure creates a real saved fixture
[TITLE RECOVERY] PASS scene_failure seeds exact next-day clock facts
[TITLE RECOVERY] PASS scene_failure saves semantic fixture facts
[TITLE RECOVERY] PASS scene_failure focused primary action fits the 1280x720 title viewport
[TITLE RECOVERY] PASS scene_failure ordinary title has no debug action or fabricated opening time
[TITLE RECOVERY] PASS launch targets the actual CampaignShell scene
[TITLE RECOVERY] PASS failed scene operation restores title interaction, focus and notice
[TITLE RECOVERY] PASS failed scene operation restores the selected record volume without restarting it
[TITLE RECOVERY] PASS failed launch leaves the title visible and saved facts intact
[TITLE RECOVERY] PASS new_scene_failure starts with an unused file path
[TITLE RECOVERY] PASS new_scene_failure focused primary action fits the 1280x720 title viewport
[TITLE RECOVERY] PASS new_scene_failure ordinary title has no debug action or fabricated opening time
[TITLE RECOVERY] PASS launch targets the actual CampaignShell scene
[TITLE RECOVERY] PASS saved New plus scene failure returns to Continue for that same new campaign
[TITLE RECOVERY] PASS launch targets the actual CampaignShell scene
[TITLE RECOVERY] PASS retry after scene failure continues without creating or sampling another campaign
[TITLE RECOVERY] PASS stale_begin starts with an unused file path
[TITLE RECOVERY] PASS stale_begin creates a real saved fixture
[TITLE RECOVERY] PASS stale_begin seeds exact next-day clock facts
[TITLE RECOVERY] PASS stale_begin saves semantic fixture facts
[TITLE RECOVERY] PASS stale_begin focused primary action fits the 1280x720 title viewport
[TITLE RECOVERY] PASS stale_begin ordinary title has no debug action or fabricated opening time
[TITLE RECOVERY] PASS a direct Begin call cannot replace existing facts without the explicit choice flag
[TITLE RECOVERY] PASS developer_opt_in starts with an unused file path
[TITLE RECOVERY] PASS developer_opt_in focused primary action fits the 1280x720 title viewport
[TITLE RECOVERY] PASS developer_opt_in ordinary title has no debug action or fabricated opening time
[TITLE RECOVERY] PASS explicit developer opt-in exposes the separate debug action
[TITLE SAVE RECOVERY] PASS 123/123
XR: Clearing primary interface
XR: Removed interface "Native mobile"
XR: Removed interface "OpenXR"
