C:\PleaseRemainOnTheLine\tmp\v2-finish-review\photo-counter-stage\art\blender\scripts\build_photo_counter.py:45: DeprecationWarning: 'Material.use_nodes' is expected to be removed in Blender 6.0
  mat=bpy.data.materials.new(key);mat.use_nodes=True;materials[key]=mat
Info: Saved as "photo_counter.blend"
INFO Draco is available, use library at C:\Program Files\Blender Foundation\Blender 5.2\5.2\scripts\addons_core\io_scene_gltf2\bf_intern_draco_bridge.dll
INFO MeshOptimizer is available, use library at C:\Program Files\Blender Foundation\Blender 5.2\5.2\scripts\addons_core\io_scene_gltf2\bf_intern_meshopt_bridge.dll
21:15:57 | INFO: Starting glTF 2.0 export
21:15:57 | INFO: Extracting primitive: storm_shop_photo_supplies_counter__brass_dull
21:15:57 | INFO: Primitives created: 1
21:15:57 | INFO: Extracting primitive: storm_shop_photo_supplies_counter__glassish
21:15:57 | INFO: Primitives created: 1
21:15:57 | INFO: Extracting primitive: storm_shop_photo_supplies_counter__timber
21:15:57 | INFO: Primitives created: 1
21:15:57 | INFO: Extracting primitive: storm_shop_photo_supplies_ledger__paper
21:15:57 | INFO: Primitives created: 1
21:15:57 | INFO: Extracting primitive: storm_shop_photo_supplies_ledger__paper__cover
21:15:57 | INFO: Primitives created: 1
21:15:57 | INFO: Finished glTF 2.0 export in 0.017029523849487305 s

PHOTO COUNTER 4 original records; 2 assemblies; 31 closed stocks; 5 parts; 5124 triangles; 5 foot contacts
Blender 5.2.0 LTS (hash fbe6228777e7 built 2026-07-14 01:35:40)

Blender quit
