Godot Engine v4.7.1.stable.official.a13da4feb - https://godotengine.org
Vulkan 1.4.341 - Forward+ - Using Device #0: NVIDIA - NVIDIA GeForce RTX 4080

[ACOUSTIC] 550 nodes loaded
[N7] START
  [hazard ok] the dream world builds with a hazard field
  [hazard ok] only the case's allowed hazards are armed
  [hazard ok] the slot-3 rhythmic counterweight is placed but NOT armed
  [hazard ok] an outcome cannot commit without the transaction owner
[N7] block A complete (4/45)
  [hazard ok] the slot's authored ceiling is read from the catalog
  [hazard ok] the ceiling expires and folds the pursuit
  [hazard ok] the fold puts the Tenant on real graph space, not in a wall
  [hazard ok] the fold does not reroll the seeded pursuit
  [hazard ok] a non-autonomous world never advances the clock
[N7] block B complete (9/45)
  [hazard ok] both hands assemble four sockets with no defects
  [hazard ok] hazards never enter the door list that cuts real openings
  [hazard ok] the trunk lands on the catalog's authored point, unmirrored
  [hazard ok] the seed's mirror flips it about its module's depth axis
  [hazard ok] the socket's authored radii survive into the plan
[N7] block C complete (14/45)
  [hazard ok] the trunk is armed and silent before anyone is near it
  [hazard ok] the tell fires in darkness, before the danger is even live
  [hazard ok] standing on an unlit trunk is survivable, which is the lesson
  [hazard ok] the same spot with the lamp on ends the run by contact
  [hazard ok] the impact record carries the whole fairness story
  [hazard ok] the player got at least the warning the socket promised
  [hazard ok] the perception log names a bearing sector and never a distance
  [hazard ok] contact is one of the three legal outcomes
  [hazard ok] a contacted hazard does not fire twice
[N7] block D complete (23/45)
  [hazard ok] an unarmed socket cuts no mouth at all
  [hazard ok] exactly one mouth is cut per armed void, a lift doorway wide
  [hazard ok] the mouth leaves a body's width on every side of its module
  [hazard ok] no mouth eats a doorway the chain has to pass through
  [hazard ok] the floor is genuinely absent there and present beside it
  [hazard ok] the draught arrives long before the sill, and the sill holds
  [hazard ok] real gravity through the real hole ends the run as a fall
  [hazard ok] the fall is recorded, attributed and fair
[N7] block E complete (31/45)
  [hazard ok] the runner is armed, and it is the one in the long hall
  [hazard ok] the approach begins in silence, outside the tell
  [hazard ok] and the walk actually reached the boards
  [hazard ok] one dry creak arrives before the boards do
  [hazard ok] walking across the runner crosses it, which is the lesson
  [hazard ok] the same boards at a sprint give way
  [hazard ok] breaking a board is not one of the three endings
  [hazard ok] the boards were still fair about it
  [hazard ok] the floor gives way under the sprint and the sprint ends
  [hazard ok] and the loudest noise in the passage tells the Tenant where
  [hazard ok] the run is still alive to be lost some other way
[N7] block F complete (42/45)
  [hazard ok] late-loaded runner waits for its full warning
  [hazard ok] runner contacts when its authored warning has elapsed
  [hazard ok] runner records the actual full warning
DREAM HAZARD TEST: PASS (45 checks)
