00:00.046  reports          | WARNING Unable to open 'C:\Users\nate_\AppData\Roaming\Blender Foundation\Blender\5.2\config\userpref.blend': Permission denied
Blender 5.2.0 LTS (hash fbe6228777e7 built 2026-07-14 01:35:40)
Extensions: writing cache failed ([WinError 183] Cannot create a file when that file already exists: 'C:\\Users\\nate_\\AppData\\Roaming\\Blender Foundation\\Blender\\5.2\\extensions\\.cache').
FOLD_MAPPING {"lod": 1, "count": 6, "selected": -1, "max_shared_root_warp_error": 4.2146848510894035e-08, "collapsed_triangles": 636, "problems": []}
FOLD_MAPPING {"lod": 1, "count": 6, "selected": 0, "max_shared_root_warp_error": 4.2146848510894035e-08, "collapsed_triangles": 636, "problems": []}
FOLD_MAPPING {"lod": 1, "count": 6, "selected": 5, "max_shared_root_warp_error": 4.2146848510894035e-08, "collapsed_triangles": 636, "problems": []}
FOLD_MAPPING {"lod": 1, "count": 7, "selected": -1, "max_shared_root_warp_error": 4.2146848510894035e-08, "collapsed_triangles": 318, "problems": []}
FOLD_MAPPING {"lod": 1, "count": 7, "selected": 0, "max_shared_root_warp_error": 4.2146848510894035e-08, "collapsed_triangles": 318, "problems": []}
FOLD_MAPPING {"lod": 1, "count": 7, "selected": 6, "max_shared_root_warp_error": 4.2146848510894035e-08, "collapsed_triangles": 318, "problems": []}
FOLD_MAPPING {"lod": 1, "count": 8, "selected": -1, "max_shared_root_warp_error": 4.2146848510894035e-08, "collapsed_triangles": 0, "problems": []}
FOLD_MAPPING {"lod": 1, "count": 8, "selected": 0, "max_shared_root_warp_error": 4.2146848510894035e-08, "collapsed_triangles": 0, "problems": []}
FOLD_MAPPING {"lod": 1, "count": 8, "selected": 7, "max_shared_root_warp_error": 4.2146848510894035e-08, "collapsed_triangles": 0, "problems": []}
Extensions: writing cache failed ([WinError 183] Cannot create a file when that file already exists: 'C:\\Users\\nate_\\AppData\\Roaming\\Blender Foundation\\Blender\\5.2\\extensions\\.cache').
FOLD_MAPPING {"lod": 0, "count": 6, "selected": -1, "max_shared_root_warp_error": 2.9802322387695312e-08, "collapsed_triangles": 2012, "problems": []}
FOLD_MAPPING {"lod": 0, "count": 6, "selected": 0, "max_shared_root_warp_error": 2.9802322387695312e-08, "collapsed_triangles": 2012, "problems": []}
FOLD_MAPPING {"lod": 0, "count": 6, "selected": 5, "max_shared_root_warp_error": 2.9802322387695312e-08, "collapsed_triangles": 2012, "problems": []}
FOLD_MAPPING {"lod": 0, "count": 7, "selected": -1, "max_shared_root_warp_error": 2.9802322387695312e-08, "collapsed_triangles": 1006, "problems": []}
FOLD_MAPPING {"lod": 0, "count": 7, "selected": 0, "max_shared_root_warp_error": 2.9802322387695312e-08, "collapsed_triangles": 1006, "problems": []}
FOLD_MAPPING {"lod": 0, "count": 7, "selected": 6, "max_shared_root_warp_error": 2.9802322387695312e-08, "collapsed_triangles": 1006, "problems": []}
FOLD_MAPPING {"lod": 0, "count": 8, "selected": -1, "max_shared_root_warp_error": 2.9802322387695312e-08, "collapsed_triangles": 0, "problems": []}
FOLD_MAPPING {"lod": 0, "count": 8, "selected": 0, "max_shared_root_warp_error": 2.9802322387695312e-08, "collapsed_triangles": 0, "problems": []}
FOLD_MAPPING {"lod": 0, "count": 8, "selected": 7, "max_shared_root_warp_error": 2.9802322387695312e-08, "collapsed_triangles": 0, "problems": []}

Blender quit
