Godot Engine v4.7.1.stable.official.a13da4feb - https://godotengine.org
Vulkan 1.4.341 - Forward+ - Using Device #0: NVIDIA - NVIDIA GeForce RTX 4080

[ACOUSTIC] 550 nodes loaded
ORISON V2 BLOCKOUT: 62 spaces / 27 doors / 94 anchors
[SURFACE] 320 surfaces layered (293 materials)
[PASSAGE HOURS] OPEN; 10 grilles folded
[PASSAGE HOURS] 11 shopfronts, 10 close after 02:00, HARDWARE PAINT keeps night service
[PASSAGE FINISH] 6 gated draws, 3 handcarts, hours active
[V2 PASSAGE] 13 resident cells; 11 doors; 1 shared-service counters
[SCHEDULE] director live: 18 residents on the clock
[MOVES] personal library: res://assets/characters/mina_vale/mina_vale_moves.glb
--res://shaders/lamp_optical_air.gdshader--
   36 |  DENSITY = 0.0;
   37 |  ALBEDO = vec3(0.94, 0.92, 0.88);
E  38->  EMISSION = vec3(0.0);
   39 |  return;
   40 |  }
[ORISON V2 RUNTIME] ready startup_ms=4411.628
[LIGHTING] 58 sources active in system; 58 full personalities; profiles steady/breathe/mains/beat/dropout=[12, 10, 12, 17, 7]
V2 LAMP REVIEW: 35 checks; 0 failures; air and dust, other material families pending
