WARNING: Missing .uid file for path "res://scripts/building/orison_v2_architectural_materials.gd". The file was re-created from cache.
   at: _process_file_system (editor/file_system/editor_file_system.cpp:1391)
WARNING: Missing .uid file for path "res://scripts/building/orison_v2_atmosphere.gd". The file was re-created from cache.
   at: _process_file_system (editor/file_system/editor_file_system.cpp:1391)
WARNING: Missing .uid file for path "res://scripts/building/orison_v2_basement.gd". The file was re-created from cache.
   at: _process_file_system (editor/file_system/editor_file_system.cpp:1391)
WARNING: Missing .uid file for path "res://scripts/building/orison_v2_bath_details.gd". The file was re-created from cache.
   at: _process_file_system (editor/file_system/editor_file_system.cpp:1391)
WARNING: Missing .uid file for path "res://scripts/building/orison_v2_boiler_flue.gd". The file was re-created from cache.
   at: _process_file_system (editor/file_system/editor_file_system.cpp:1391)
WARNING: Missing .uid file for path "res://scripts/building/orison_v2_boiler_pipework.gd". The file was re-created from cache.
   at: _process_file_system (editor/file_system/editor_file_system.cpp:1391)
WARNING: Missing .uid file for path "res://scripts/building/orison_v2_bookshelf.gd". The file was re-created from cache.
   at: _process_file_system (editor/file_system/editor_file_system.cpp:1391)
WARNING: Missing .uid file for path "res://scripts/building/orison_v2_bookshelves.gd". The file was re-created from cache.
   at: _process_file_system (editor/file_system/editor_file_system.cpp:1391)
WARNING: Missing .uid file for path "res://scripts/building/orison_v2_cab_controls.gd". The file was re-created from cache.
   at: _process_file_system (editor/file_system/editor_file_system.cpp:1391)
WARNING: Missing .uid file for path "res://scripts/building/orison_v2_caretaking.gd". The file was re-created from cache.
   at: _process_file_system (editor/file_system/editor_file_system.cpp:1391)
WARNING: Missing .uid file for path "res://scripts/building/orison_v2_case_one_placement.gd". The file was re-created from cache.
   at: _process_file_system (editor/file_system/editor_file_system.cpp:1391)
WARNING: Missing .uid file for path "res://scripts/building/orison_v2_coal_delivery.gd". The file was re-created from cache.
   at: _process_file_system (editor/file_system/editor_file_system.cpp:1391)
WARNING: Missing .uid file for path "res://scripts/building/orison_v2_completion_interiors.gd". The file was re-created from cache.
   at: _process_file_system (editor/file_system/editor_file_system.cpp:1391)
WARNING: Missing .uid file for path "res://scripts/building/orison_v2_domestic_doors.gd". The file was re-created from cache.
   at: _process_file_system (editor/file_system/editor_file_system.cpp:1391)
WARNING: Missing .uid file for path "res://scripts/building/orison_v2_domestic_fittings.gd". The file was re-created from cache.
   at: _process_file_system (editor/file_system/editor_file_system.cpp:1391)
WARNING: Missing .uid file for path "res://scripts/building/orison_v2_domestic_furniture.gd". The file was re-created from cache.
   at: _process_file_system (editor/file_system/editor_file_system.cpp:1391)
WARNING: Missing .uid file for path "res://scripts/building/orison_v2_door_casings.gd". The file was re-created from cache.
   at: _process_file_system (editor/file_system/editor_file_system.cpp:1391)
WARNING: Missing .uid file for path "res://scripts/building/orison_v2_elevator.gd". The file was re-created from cache.
   at: _process_file_system (editor/file_system/editor_file_system.cpp:1391)
WARNING: Missing .uid file for path "res://scripts/building/orison_v2_exterior_masonry.gd". The file was re-created from cache.
   at: _process_file_system (editor/file_system/editor_file_system.cpp:1391)
WARNING: Missing .uid file for path "res://scripts/building/orison_v2_heating.gd". The file was re-created from cache.
   at: _process_file_system (editor/file_system/editor_file_system.cpp:1391)
WARNING: Missing .uid file for path "res://scripts/building/orison_v2_household_accessories.gd". The file was re-created from cache.
   at: _process_file_system (editor/file_system/editor_file_system.cpp:1391)
WARNING: Missing .uid file for path "res://scripts/building/orison_v2_household_radiator.gd". The file was re-created from cache.
   at: _process_file_system (editor/file_system/editor_file_system.cpp:1391)
WARNING: Missing .uid file for path "res://scripts/building/orison_v2_household_state.gd". The file was re-created from cache.
   at: _process_file_system (editor/file_system/editor_file_system.cpp:1391)
WARNING: Missing .uid file for path "res://scripts/building/orison_v2_house_tank.gd". The file was re-created from cache.
   at: _process_file_system (editor/file_system/editor_file_system.cpp:1391)
WARNING: Missing .uid file for path "res://scripts/building/orison_v2_lamp_atmosphere.gd". The file was re-created from cache.
   at: _process_file_system (editor/file_system/editor_file_system.cpp:1391)
WARNING: Missing .uid file for path "res://scripts/building/orison_v2_laundry.gd". The file was re-created from cache.
   at: _process_file_system (editor/file_system/editor_file_system.cpp:1391)
WARNING: Missing .uid file for path "res://scripts/building/orison_v2_lift_controls.gd". The file was re-created from cache.
   at: _process_file_system (editor/file_system/editor_file_system.cpp:1391)
WARNING: Missing .uid file for path "res://scripts/building/orison_v2_lift_drive.gd". The file was re-created from cache.
   at: _process_file_system (editor/file_system/editor_file_system.cpp:1391)
WARNING: Missing .uid file for path "res://scripts/building/orison_v2_lift_gate.gd". The file was re-created from cache.
   at: _process_file_system (editor/file_system/editor_file_system.cpp:1391)
WARNING: Missing .uid file for path "res://scripts/building/orison_v2_lift_indicator.gd". The file was re-created from cache.
   at: _process_file_system (editor/file_system/editor_file_system.cpp:1391)
WARNING: Missing .uid file for path "res://scripts/building/orison_v2_lift_mirror.gd". The file was re-created from cache.
   at: _process_file_system (editor/file_system/editor_file_system.cpp:1391)
WARNING: Missing .uid file for path "res://scripts/building/orison_v2_medicine_cabinet.gd". The file was re-created from cache.
   at: _process_file_system (editor/file_system/editor_file_system.cpp:1391)
WARNING: Missing .uid file for path "res://scripts/building/orison_v2_millwork.gd". The file was re-created from cache.
   at: _process_file_system (editor/file_system/editor_file_system.cpp:1391)
WARNING: Missing .uid file for path "res://scripts/building/orison_v2_prep_cabinet.gd". The file was re-created from cache.
   at: _process_file_system (editor/file_system/editor_file_system.cpp:1391)
WARNING: Missing .uid file for path "res://scripts/building/orison_v2_projectors.gd". The file was re-created from cache.
   at: _process_file_system (editor/file_system/editor_file_system.cpp:1391)
WARNING: Missing .uid file for path "res://scripts/building/orison_v2_projector_prop.gd". The file was re-created from cache.
   at: _process_file_system (editor/file_system/editor_file_system.cpp:1391)
WARNING: Missing .uid file for path "res://scripts/building/orison_v2_public_furnishings.gd". The file was re-created from cache.
   at: _process_file_system (editor/file_system/editor_file_system.cpp:1391)
WARNING: Missing .uid file for path "res://scripts/building/orison_v2_radios.gd". The file was re-created from cache.
   at: _process_file_system (editor/file_system/editor_file_system.cpp:1391)
WARNING: Missing .uid file for path "res://scripts/building/orison_v2_radio_prop.gd". The file was re-created from cache.
   at: _process_file_system (editor/file_system/editor_file_system.cpp:1391)
WARNING: Missing .uid file for path "res://scripts/building/orison_v2_reading_furniture.gd". The file was re-created from cache.
   at: _process_file_system (editor/file_system/editor_file_system.cpp:1391)
WARNING: Missing .uid file for path "res://scripts/building/orison_v2_roof_coping.gd". The file was re-created from cache.
   at: _process_file_system (editor/file_system/editor_file_system.cpp:1391)
WARNING: Missing .uid file for path "res://scripts/building/orison_v2_roof_fan.gd". The file was re-created from cache.
   at: _process_file_system (editor/file_system/editor_file_system.cpp:1391)
WARNING: Missing .uid file for path "res://scripts/building/orison_v2_room_lighting.gd". The file was re-created from cache.
   at: _process_file_system (editor/file_system/editor_file_system.cpp:1391)
WARNING: Missing .uid file for path "res://scripts/building/orison_v2_service_alley.gd". The file was re-created from cache.
   at: _process_file_system (editor/file_system/editor_file_system.cpp:1391)
WARNING: Missing .uid file for path "res://scripts/building/orison_v2_shop_simulation.gd". The file was re-created from cache.
   at: _process_file_system (editor/file_system/editor_file_system.cpp:1391)
WARNING: Missing .uid file for path "res://scripts/building/orison_v2_shower.gd". The file was re-created from cache.
   at: _process_file_system (editor/file_system/editor_file_system.cpp:1391)
WARNING: Missing .uid file for path "res://scripts/building/orison_v2_sink.gd". The file was re-created from cache.
   at: _process_file_system (editor/file_system/editor_file_system.cpp:1391)
WARNING: Missing .uid file for path "res://scripts/building/orison_v2_specialist_radio.gd". The file was re-created from cache.
   at: _process_file_system (editor/file_system/editor_file_system.cpp:1391)
WARNING: Missing .uid file for path "res://scripts/building/orison_v2_stair_ironwork.gd". The file was re-created from cache.
   at: _process_file_system (editor/file_system/editor_file_system.cpp:1391)
WARNING: Missing .uid file for path "res://scripts/building/orison_v2_street_boundaries.gd". The file was re-created from cache.
   at: _process_file_system (editor/file_system/editor_file_system.cpp:1391)
WARNING: Missing .uid file for path "res://scripts/building/orison_v2_street_frame.gd". The file was re-created from cache.
   at: _process_file_system (editor/file_system/editor_file_system.cpp:1391)
WARNING: Missing .uid file for path "res://scripts/building/orison_v2_surface_props.gd". The file was re-created from cache.
   at: _process_file_system (editor/file_system/editor_file_system.cpp:1391)
WARNING: Missing .uid file for path "res://scripts/building/orison_v2_toaster.gd". The file was re-created from cache.
   at: _process_file_system (editor/file_system/editor_file_system.cpp:1391)
WARNING: Missing .uid file for path "res://scripts/building/orison_v2_upper_floor_doors.gd". The file was re-created from cache.
   at: _process_file_system (editor/file_system/editor_file_system.cpp:1391)
WARNING: Missing .uid file for path "res://scripts/building/orison_v2_ventilation.gd". The file was re-created from cache.
   at: _process_file_system (editor/file_system/editor_file_system.cpp:1391)
WARNING: Missing .uid file for path "res://scripts/building/orison_v2_vestibule_door.gd". The file was re-created from cache.
   at: _process_file_system (editor/file_system/editor_file_system.cpp:1391)
WARNING: Missing .uid file for path "res://scripts/building/orison_v2_wardrobe.gd". The file was re-created from cache.
   at: _process_file_system (editor/file_system/editor_file_system.cpp:1391)
WARNING: Missing .uid file for path "res://scripts/building/orison_v2_water_closet.gd". The file was re-created from cache.
   at: _process_file_system (editor/file_system/editor_file_system.cpp:1391)
WARNING: Missing .uid file for path "res://scripts/building/orison_v2_water_controls.gd". The file was re-created from cache.
   at: _process_file_system (editor/file_system/editor_file_system.cpp:1391)
WARNING: Missing .uid file for path "res://scripts/building/orison_v2_water_valve.gd". The file was re-created from cache.
   at: _process_file_system (editor/file_system/editor_file_system.cpp:1391)
WARNING: Missing .uid file for path "res://scripts/building/orison_v2_wayfinding.gd". The file was re-created from cache.
   at: _process_file_system (editor/file_system/editor_file_system.cpp:1391)
WARNING: Missing .uid file for path "res://scripts/building/orison_v2_window_joinery.gd". The file was re-created from cache.
   at: _process_file_system (editor/file_system/editor_file_system.cpp:1391)
WARNING: Missing .uid file for path "res://scripts/building/orison_v2_world_connection.gd". The file was re-created from cache.
   at: _process_file_system (editor/file_system/editor_file_system.cpp:1391)
WARNING: Missing .uid file for path "res://scripts/cases/mina_case_caption_display.gd". The file was re-created from cache.
   at: _process_file_system (editor/file_system/editor_file_system.cpp:1391)
WARNING: Missing .uid file for path "res://scripts/cases/mina_waking_residue_display.gd". The file was re-created from cache.
   at: _process_file_system (editor/file_system/editor_file_system.cpp:1391)
WARNING: Missing .uid file for path "res://scripts/cases/orison_v2_remote_caption_display.gd". The file was re-created from cache.
   at: _process_file_system (editor/file_system/editor_file_system.cpp:1391)
WARNING: Missing .uid file for path "res://scripts/characters/mina_idle_animation.gd". The file was re-created from cache.
   at: _process_file_system (editor/file_system/editor_file_system.cpp:1391)
WARNING: Missing .uid file for path "res://scripts/characters/orison_v2_mina_routine.gd". The file was re-created from cache.
   at: _process_file_system (editor/file_system/editor_file_system.cpp:1391)
WARNING: Missing .uid file for path "res://scripts/debug/mina_apartment_infestation.gd". The file was re-created from cache.
   at: _process_file_system (editor/file_system/editor_file_system.cpp:1391)
WARNING: Missing .uid file for path "res://scripts/debug/zoo_visit_boot.gd". The file was re-created from cache.
   at: _process_file_system (editor/file_system/editor_file_system.cpp:1391)
WARNING: Missing .uid file for path "res://scripts/device/mechanical_teletype.gd". The file was re-created from cache.
   at: _process_file_system (editor/file_system/editor_file_system.cpp:1391)
WARNING: Missing .uid file for path "res://scripts/game/campaign_clock_driver.gd". The file was re-created from cache.
   at: _process_file_system (editor/file_system/editor_file_system.cpp:1391)
WARNING: Missing .uid file for path "res://scripts/game/caretaker_economy.gd". The file was re-created from cache.
   at: _process_file_system (editor/file_system/editor_file_system.cpp:1391)
WARNING: Missing .uid file for path "res://scripts/game/historical_radio_notice.gd". The file was re-created from cache.
   at: _process_file_system (editor/file_system/editor_file_system.cpp:1391)
WARNING: Missing .uid file for path "res://scripts/game/reality_save_storage.gd". The file was re-created from cache.
   at: _process_file_system (editor/file_system/editor_file_system.cpp:1391)
WARNING: Missing .uid file for path "res://scripts/generated/v2_exterior_masonry.gd". The file was re-created from cache.
   at: _process_file_system (editor/file_system/editor_file_system.cpp:1391)
WARNING: Missing .uid file for path "res://scripts/lamp/carried_lamp_observation.gd". The file was re-created from cache.
   at: _process_file_system (editor/file_system/editor_file_system.cpp:1391)
WARNING: Missing .uid file for path "res://scripts/lamp/carried_lamp_optical_driver.gd". The file was re-created from cache.
   at: _process_file_system (editor/file_system/editor_file_system.cpp:1391)
WARNING: Missing .uid file for path "res://scripts/lamp/lamp_gameplay_profile.gd". The file was re-created from cache.
   at: _process_file_system (editor/file_system/editor_file_system.cpp:1391)
WARNING: Missing .uid file for path "res://scripts/lamp/lamp_optical_material_bridge.gd". The file was re-created from cache.
   at: _process_file_system (editor/file_system/editor_file_system.cpp:1391)
WARNING: Missing .uid file for path "res://scripts/lamp/lamp_optical_receivers.gd". The file was re-created from cache.
   at: _process_file_system (editor/file_system/editor_file_system.cpp:1391)
WARNING: Missing .uid file for path "res://scripts/lamp/lamp_optical_snapshot.gd". The file was re-created from cache.
   at: _process_file_system (editor/file_system/editor_file_system.cpp:1391)
WARNING: Missing .uid file for path "res://scripts/lamp/lamp_optical_voxel_field.gd". The file was re-created from cache.
   at: _process_file_system (editor/file_system/editor_file_system.cpp:1391)
WARNING: Missing .uid file for path "res://scripts/lamp/lamp_scene_shadow.gd". The file was re-created from cache.
   at: _process_file_system (editor/file_system/editor_file_system.cpp:1391)
WARNING: Missing .uid file for path "res://scripts/lamp/lamp_scene_shadow_effect.gd". The file was re-created from cache.
   at: _process_file_system (editor/file_system/editor_file_system.cpp:1391)
WARNING: Missing .uid file for path "res://scripts/lamp/lamp_tessellate_material.gd". The file was re-created from cache.
   at: _process_file_system (editor/file_system/editor_file_system.cpp:1391)
WARNING: Missing .uid file for path "res://scripts/ui/caretaker_notebook.gd". The file was re-created from cache.
   at: _process_file_system (editor/file_system/editor_file_system.cpp:1391)
WARNING: Missing .uid file for path "res://shaders/dream_cornea.gdshader". The file was re-created from cache.
   at: _process_file_system (editor/file_system/editor_file_system.cpp:1391)
WARNING: Missing .uid file for path "res://shaders/dream_eyelid_surface.gdshaderinc". The file was re-created from cache.
   at: _process_file_system (editor/file_system/editor_file_system.cpp:1391)
WARNING: Missing .uid file for path "res://shaders/dream_eyelid_translucent.gdshader". The file was re-created from cache.
   at: _process_file_system (editor/file_system/editor_file_system.cpp:1391)
WARNING: Missing .uid file for path "res://shaders/dream_eye_surface.gdshaderinc". The file was re-created from cache.
   at: _process_file_system (editor/file_system/editor_file_system.cpp:1391)
WARNING: Missing .uid file for path "res://shaders/dream_fauna_surface.gdshaderinc". The file was re-created from cache.
   at: _process_file_system (editor/file_system/editor_file_system.cpp:1391)
WARNING: Missing .uid file for path "res://shaders/dream_tessellate_interior.gdshaderinc". The file was re-created from cache.
   at: _process_file_system (editor/file_system/editor_file_system.cpp:1391)
WARNING: Missing .uid file for path "res://shaders/dream_tessellate_translucent.gdshader". The file was re-created from cache.
   at: _process_file_system (editor/file_system/editor_file_system.cpp:1391)
WARNING: Missing .uid file for path "res://shaders/lamp_glass_surface.gdshader". The file was re-created from cache.
   at: _process_file_system (editor/file_system/editor_file_system.cpp:1391)
WARNING: Missing .uid file for path "res://shaders/lamp_material_transport.gdshaderinc". The file was re-created from cache.
   at: _process_file_system (editor/file_system/editor_file_system.cpp:1391)
WARNING: Missing .uid file for path "res://shaders/lamp_optical_air.gdshader". The file was re-created from cache.
   at: _process_file_system (editor/file_system/editor_file_system.cpp:1391)
WARNING: Missing .uid file for path "res://shaders/lamp_optical_dust.gdshader". The file was re-created from cache.
   at: _process_file_system (editor/file_system/editor_file_system.cpp:1391)
WARNING: Missing .uid file for path "res://shaders/lamp_optical_glass_haze.gdshader". The file was re-created from cache.
   at: _process_file_system (editor/file_system/editor_file_system.cpp:1391)
WARNING: Missing .uid file for path "res://shaders/lamp_optical_interior.gdshader". The file was re-created from cache.
   at: _process_file_system (editor/file_system/editor_file_system.cpp:1391)
WARNING: Missing .uid file for path "res://shaders/lamp_optical_sample.gdshaderinc". The file was re-created from cache.
   at: _process_file_system (editor/file_system/editor_file_system.cpp:1391)
WARNING: Missing .uid file for path "res://shaders/orison_waking_sky.gdshader". The file was re-created from cache.
   at: _process_file_system (editor/file_system/editor_file_system.cpp:1391)
WARNING: Missing .uid file for path "res://tests/fixtures/encroachment_sweep/baseline.gd". The file was re-created from cache.
   at: _process_file_system (editor/file_system/editor_file_system.cpp:1391)
WARNING: Missing .uid file for path "res://tests/fixtures/encroachment_sweep/candidate.gd". The file was re-created from cache.
   at: _process_file_system (editor/file_system/editor_file_system.cpp:1391)
WARNING: Missing .uid file for path "res://tests/fixtures/encroachment_sweep/drop_late.gd". The file was re-created from cache.
   at: _process_file_system (editor/file_system/editor_file_system.cpp:1391)
WARNING: Missing .uid file for path "res://tests/fixtures/encroachment_sweep/priority.gd". The file was re-created from cache.
   at: _process_file_system (editor/file_system/editor_file_system.cpp:1391)
WARNING: Missing .uid file for path "res://tests/fixtures/lamp_material/air_before_empty_skip.gdshader". The file was re-created from cache.
   at: _process_file_system (editor/file_system/editor_file_system.cpp:1391)
WARNING: Missing .uid file for path "res://tests/fixtures/lamp_material/dream_eyelid_before.gdshader". The file was re-created from cache.
   at: _process_file_system (editor/file_system/editor_file_system.cpp:1391)
WARNING: Missing .uid file for path "res://tests/fixtures/lamp_material/dream_eye_before.gdshader". The file was re-created from cache.
   at: _process_file_system (editor/file_system/editor_file_system.cpp:1391)
WARNING: Missing .uid file for path "res://tests/apartment_material_binding_test.gd". The file was re-created from cache.
   at: _process_file_system (editor/file_system/editor_file_system.cpp:1391)
WARNING: Missing .uid file for path "res://tests/bath_lavatory_test.gd". The file was re-created from cache.
   at: _process_file_system (editor/file_system/editor_file_system.cpp:1391)
WARNING: Missing .uid file for path "res://tests/campaign_calendar_baseline_test.gd". The file was re-created from cache.
   at: _process_file_system (editor/file_system/editor_file_system.cpp:1391)
WARNING: Missing .uid file for path "res://tests/campaign_calendar_test.gd". The file was re-created from cache.
   at: _process_file_system (editor/file_system/editor_file_system.cpp:1391)
WARNING: Missing .uid file for path "res://tests/caretaker_care_test.gd". The file was re-created from cache.
   at: _process_file_system (editor/file_system/editor_file_system.cpp:1391)
WARNING: Missing .uid file for path "res://tests/caretaker_economy_test.gd". The file was re-created from cache.
   at: _process_file_system (editor/file_system/editor_file_system.cpp:1391)
WARNING: Missing .uid file for path "res://tests/carried_lamp_optical_driver_test.gd". The file was re-created from cache.
   at: _process_file_system (editor/file_system/editor_file_system.cpp:1391)
WARNING: Missing .uid file for path "res://tests/cistern_care_test.gd". The file was re-created from cache.
   at: _process_file_system (editor/file_system/editor_file_system.cpp:1391)
WARNING: Missing .uid file for path "res://tests/debug_in_pause_test.gd". The file was re-created from cache.
   at: _process_file_system (editor/file_system/editor_file_system.cpp:1391)
WARNING: Missing .uid file for path "res://tests/dream_ecology_entry_test.gd". The file was re-created from cache.
   at: _process_file_system (editor/file_system/editor_file_system.cpp:1391)
WARNING: Missing .uid file for path "res://tests/encroachment_sweep_equivalence_test.gd". The file was re-created from cache.
   at: _process_file_system (editor/file_system/editor_file_system.cpp:1391)
WARNING: Missing .uid file for path "res://tests/field_copy_conversation_test.gd". The file was re-created from cache.
   at: _process_file_system (editor/file_system/editor_file_system.cpp:1391)
WARNING: Missing .uid file for path "res://tests/functional_prop_event_lifetime_test.gd". The file was re-created from cache.
   at: _process_file_system (editor/file_system/editor_file_system.cpp:1391)
WARNING: Missing .uid file for path "res://tests/historical_radio_lobby_shot.gd". The file was re-created from cache.
   at: _process_file_system (editor/file_system/editor_file_system.cpp:1391)
WARNING: Missing .uid file for path "res://tests/historical_radio_notice_test.gd". The file was re-created from cache.
   at: _process_file_system (editor/file_system/editor_file_system.cpp:1391)
WARNING: Missing .uid file for path "res://tests/lamp_dream_material_test.gd". The file was re-created from cache.
   at: _process_file_system (editor/file_system/editor_file_system.cpp:1391)
WARNING: Missing .uid file for path "res://tests/lamp_dust_material_test.gd". The file was re-created from cache.
   at: _process_file_system (editor/file_system/editor_file_system.cpp:1391)
WARNING: Missing .uid file for path "res://tests/lamp_glass_material_test.gd". The file was re-created from cache.
   at: _process_file_system (editor/file_system/editor_file_system.cpp:1391)
WARNING: Missing .uid file for path "res://tests/lamp_interior_test.gd". The file was re-created from cache.
   at: _process_file_system (editor/file_system/editor_file_system.cpp:1391)
WARNING: Missing .uid file for path "res://tests/lamp_native_families_test.gd". The file was re-created from cache.
   at: _process_file_system (editor/file_system/editor_file_system.cpp:1391)
WARNING: Missing .uid file for path "res://tests/lamp_opaque_tissue_test.gd". The file was re-created from cache.
   at: _process_file_system (editor/file_system/editor_file_system.cpp:1391)
WARNING: Missing .uid file for path "res://tests/lamp_scene_shadow_test.gd". The file was re-created from cache.
   at: _process_file_system (editor/file_system/editor_file_system.cpp:1391)
WARNING: Missing .uid file for path "res://tests/lamp_tessellate_partition_test.gd". The file was re-created from cache.
   at: _process_file_system (editor/file_system/editor_file_system.cpp:1391)
WARNING: Missing .uid file for path "res://tests/lamp_tessellate_review.gd". The file was re-created from cache.
   at: _process_file_system (editor/file_system/editor_file_system.cpp:1391)
WARNING: Missing .uid file for path "res://tests/lamp_thin_transmission_test.gd". The file was re-created from cache.
   at: _process_file_system (editor/file_system/editor_file_system.cpp:1391)
WARNING: Missing .uid file for path "res://tests/light_switch_model_test.gd". The file was re-created from cache.
   at: _process_file_system (editor/file_system/editor_file_system.cpp:1391)
WARNING: Missing .uid file for path "res://tests/mina_infestation_test.gd". The file was re-created from cache.
   at: _process_file_system (editor/file_system/editor_file_system.cpp:1391)
WARNING: Missing .uid file for path "res://tests/mina_pose_review.gd". The file was re-created from cache.
   at: _process_file_system (editor/file_system/editor_file_system.cpp:1391)
WARNING: Missing .uid file for path "res://tests/mina_visit_clock_test.gd". The file was re-created from cache.
   at: _process_file_system (editor/file_system/editor_file_system.cpp:1391)
WARNING: Missing .uid file for path "res://tests/night_register_audio_lifecycle_test.gd". The file was re-created from cache.
   at: _process_file_system (editor/file_system/editor_file_system.cpp:1391)
WARNING: Missing .uid file for path "res://tests/npc_hearing_presence_test.gd". The file was re-created from cache.
   at: _process_file_system (editor/file_system/editor_file_system.cpp:1391)
WARNING: Missing .uid file for path "res://tests/orison_v2_4b_door_route_test.gd". The file was re-created from cache.
   at: _process_file_system (editor/file_system/editor_file_system.cpp:1391)
WARNING: Missing .uid file for path "res://tests/orison_v2_apartment_batch_test.gd". The file was re-created from cache.
   at: _process_file_system (editor/file_system/editor_file_system.cpp:1391)
WARNING: Missing .uid file for path "res://tests/orison_v2_apartment_door_route_test.gd". The file was re-created from cache.
   at: _process_file_system (editor/file_system/editor_file_system.cpp:1391)
WARNING: Missing .uid file for path "res://tests/orison_v2_basement_ground_test.gd". The file was re-created from cache.
   at: _process_file_system (editor/file_system/editor_file_system.cpp:1391)
WARNING: Missing .uid file for path "res://tests/orison_v2_basement_route_test.gd". The file was re-created from cache.
   at: _process_file_system (editor/file_system/editor_file_system.cpp:1391)
WARNING: Missing .uid file for path "res://tests/orison_v2_bedding_test.gd". The file was re-created from cache.
   at: _process_file_system (editor/file_system/editor_file_system.cpp:1391)
WARNING: Missing .uid file for path "res://tests/orison_v2_boiler_body_test.gd". The file was re-created from cache.
   at: _process_file_system (editor/file_system/editor_file_system.cpp:1391)
WARNING: Missing .uid file for path "res://tests/orison_v2_boiler_door_swing_test.gd". The file was re-created from cache.
   at: _process_file_system (editor/file_system/editor_file_system.cpp:1391)
WARNING: Missing .uid file for path "res://tests/orison_v2_boiler_instruments_test.gd". The file was re-created from cache.
   at: _process_file_system (editor/file_system/editor_file_system.cpp:1391)
WARNING: Missing .uid file for path "res://tests/orison_v2_boiler_pipework_test.gd". The file was re-created from cache.
   at: _process_file_system (editor/file_system/editor_file_system.cpp:1391)
WARNING: Missing .uid file for path "res://tests/orison_v2_boiler_route_test.gd". The file was re-created from cache.
   at: _process_file_system (editor/file_system/editor_file_system.cpp:1391)
WARNING: Missing .uid file for path "res://tests/orison_v2_bookshelves_shot.gd". The file was re-created from cache.
   at: _process_file_system (editor/file_system/editor_file_system.cpp:1391)
WARNING: Missing .uid file for path "res://tests/orison_v2_bookshelves_test.gd". The file was re-created from cache.
   at: _process_file_system (editor/file_system/editor_file_system.cpp:1391)
WARNING: Missing .uid file for path "res://tests/orison_v2_breeching_test.gd". The file was re-created from cache.
   at: _process_file_system (editor/file_system/editor_file_system.cpp:1391)
WARNING: Missing .uid file for path "res://tests/orison_v2_cab_controls_test.gd". The file was re-created from cache.
   at: _process_file_system (editor/file_system/editor_file_system.cpp:1391)
WARNING: Missing .uid file for path "res://tests/orison_v2_case_one_placement_test.gd". The file was re-created from cache.
   at: _process_file_system (editor/file_system/editor_file_system.cpp:1391)
WARNING: Missing .uid file for path "res://tests/orison_v2_chimney_crown_test.gd". The file was re-created from cache.
   at: _process_file_system (editor/file_system/editor_file_system.cpp:1391)
WARNING: Missing .uid file for path "res://tests/orison_v2_coal_delivery_test.gd". The file was re-created from cache.
   at: _process_file_system (editor/file_system/editor_file_system.cpp:1391)
WARNING: Missing .uid file for path "res://tests/orison_v2_coal_heap_test.gd". The file was re-created from cache.
   at: _process_file_system (editor/file_system/editor_file_system.cpp:1391)
WARNING: Missing .uid file for path "res://tests/orison_v2_completion_heating_test.gd". The file was re-created from cache.
   at: _process_file_system (editor/file_system/editor_file_system.cpp:1391)
WARNING: Missing .uid file for path "res://tests/orison_v2_completion_interiors_test.gd". The file was re-created from cache.
   at: _process_file_system (editor/file_system/editor_file_system.cpp:1391)
WARNING: Missing .uid file for path "res://tests/orison_v2_connected_world_test.gd". The file was re-created from cache.
   at: _process_file_system (editor/file_system/editor_file_system.cpp:1391)
WARNING: Missing .uid file for path "res://tests/orison_v2_data_header_test.gd". The file was re-created from cache.
   at: _process_file_system (editor/file_system/editor_file_system.cpp:1391)
WARNING: Missing .uid file for path "res://tests/orison_v2_domestic_route_test.gd". The file was re-created from cache.
   at: _process_file_system (editor/file_system/editor_file_system.cpp:1391)
WARNING: Missing .uid file for path "res://tests/orison_v2_door_casings_test.gd". The file was re-created from cache.
   at: _process_file_system (editor/file_system/editor_file_system.cpp:1391)
WARNING: Missing .uid file for path "res://tests/orison_v2_door_hinge_test.gd". The file was re-created from cache.
   at: _process_file_system (editor/file_system/editor_file_system.cpp:1391)
WARNING: Missing .uid file for path "res://tests/orison_v2_door_knob_test.gd". The file was re-created from cache.
   at: _process_file_system (editor/file_system/editor_file_system.cpp:1391)
WARNING: Missing .uid file for path "res://tests/orison_v2_earned_conversation_route_test.gd". The file was re-created from cache.
   at: _process_file_system (editor/file_system/editor_file_system.cpp:1391)
WARNING: Missing .uid file for path "res://tests/orison_v2_earned_dream_boundary_test.gd". The file was re-created from cache.
   at: _process_file_system (editor/file_system/editor_file_system.cpp:1391)
WARNING: Missing .uid file for path "res://tests/orison_v2_elevator_route_test.gd". The file was re-created from cache.
   at: _process_file_system (editor/file_system/editor_file_system.cpp:1391)
WARNING: Missing .uid file for path "res://tests/orison_v2_exterior_masonry_test.gd". The file was re-created from cache.
   at: _process_file_system (editor/file_system/editor_file_system.cpp:1391)
WARNING: Missing .uid file for path "res://tests/orison_v2_floor_surface_test.gd". The file was re-created from cache.
   at: _process_file_system (editor/file_system/editor_file_system.cpp:1391)
WARNING: Missing .uid file for path "res://tests/orison_v2_full_shift_test.gd". The file was re-created from cache.
   at: _process_file_system (editor/file_system/editor_file_system.cpp:1391)
WARNING: Missing .uid file for path "res://tests/orison_v2_glass_review.gd". The file was re-created from cache.
   at: _process_file_system (editor/file_system/editor_file_system.cpp:1391)
WARNING: Missing .uid file for path "res://tests/orison_v2_golden_repair_route_test.gd". The file was re-created from cache.
   at: _process_file_system (editor/file_system/editor_file_system.cpp:1391)
WARNING: Missing .uid file for path "res://tests/orison_v2_hot_water_test.gd". The file was re-created from cache.
   at: _process_file_system (editor/file_system/editor_file_system.cpp:1391)
WARNING: Missing .uid file for path "res://tests/orison_v2_household_state_test.gd". The file was re-created from cache.
   at: _process_file_system (editor/file_system/editor_file_system.cpp:1391)
WARNING: Missing .uid file for path "res://tests/orison_v2_house_tank_test.gd". The file was re-created from cache.
   at: _process_file_system (editor/file_system/editor_file_system.cpp:1391)
WARNING: Missing .uid file for path "res://tests/orison_v2_inner_door_test.gd". The file was re-created from cache.
   at: _process_file_system (editor/file_system/editor_file_system.cpp:1391)
WARNING: Missing .uid file for path "res://tests/orison_v2_lamp_paired_profile.gd". The file was re-created from cache.
   at: _process_file_system (editor/file_system/editor_file_system.cpp:1391)
WARNING: Missing .uid file for path "res://tests/orison_v2_lamp_review.gd". The file was re-created from cache.
   at: _process_file_system (editor/file_system/editor_file_system.cpp:1391)
WARNING: Missing .uid file for path "res://tests/orison_v2_laundry_route_test.gd". The file was re-created from cache.
   at: _process_file_system (editor/file_system/editor_file_system.cpp:1391)
WARNING: Missing .uid file for path "res://tests/orison_v2_lift_controls_test.gd". The file was re-created from cache.
   at: _process_file_system (editor/file_system/editor_file_system.cpp:1391)
WARNING: Missing .uid file for path "res://tests/orison_v2_lift_drive_test.gd". The file was re-created from cache.
   at: _process_file_system (editor/file_system/editor_file_system.cpp:1391)
WARNING: Missing .uid file for path "res://tests/orison_v2_lift_frames_test.gd". The file was re-created from cache.
   at: _process_file_system (editor/file_system/editor_file_system.cpp:1391)
WARNING: Missing .uid file for path "res://tests/orison_v2_lift_gate_test.gd". The file was re-created from cache.
   at: _process_file_system (editor/file_system/editor_file_system.cpp:1391)
WARNING: Missing .uid file for path "res://tests/orison_v2_lift_handrails_test.gd". The file was re-created from cache.
   at: _process_file_system (editor/file_system/editor_file_system.cpp:1391)
WARNING: Missing .uid file for path "res://tests/orison_v2_lift_indicator_test.gd". The file was re-created from cache.
   at: _process_file_system (editor/file_system/editor_file_system.cpp:1391)
WARNING: Missing .uid file for path "res://tests/orison_v2_lift_joinery_test.gd". The file was re-created from cache.
   at: _process_file_system (editor/file_system/editor_file_system.cpp:1391)
WARNING: Missing .uid file for path "res://tests/orison_v2_lift_lamp_test.gd". The file was re-created from cache.
   at: _process_file_system (editor/file_system/editor_file_system.cpp:1391)
WARNING: Missing .uid file for path "res://tests/orison_v2_lift_mirror_test.gd". The file was re-created from cache.
   at: _process_file_system (editor/file_system/editor_file_system.cpp:1391)
WARNING: Missing .uid file for path "res://tests/orison_v2_lift_panels_test.gd". The file was re-created from cache.
   at: _process_file_system (editor/file_system/editor_file_system.cpp:1391)
WARNING: Missing .uid file for path "res://tests/orison_v2_m11c2_lifecycle_repro.gd". The file was re-created from cache.
   at: _process_file_system (editor/file_system/editor_file_system.cpp:1391)
WARNING: Missing .uid file for path "res://tests/orison_v2_mail_route_test.gd". The file was re-created from cache.
   at: _process_file_system (editor/file_system/editor_file_system.cpp:1391)
WARNING: Missing .uid file for path "res://tests/orison_v2_mina_door_safety_test.gd". The file was re-created from cache.
   at: _process_file_system (editor/file_system/editor_file_system.cpp:1391)
WARNING: Missing .uid file for path "res://tests/orison_v2_mina_residue_route_test.gd". The file was re-created from cache.
   at: _process_file_system (editor/file_system/editor_file_system.cpp:1391)
WARNING: Missing .uid file for path "res://tests/orison_v2_mina_routine_test.gd". The file was re-created from cache.
   at: _process_file_system (editor/file_system/editor_file_system.cpp:1391)
WARNING: Missing .uid file for path "res://tests/orison_v2_passage_load_teardown_test.gd". The file was re-created from cache.
   at: _process_file_system (editor/file_system/editor_file_system.cpp:1391)
WARNING: Missing .uid file for path "res://tests/orison_v2_passage_streaming_profile_test.gd". The file was re-created from cache.
   at: _process_file_system (editor/file_system/editor_file_system.cpp:1391)
WARNING: Missing .uid file for path "res://tests/orison_v2_played_dream_test.gd". The file was re-created from cache.
   at: _process_file_system (editor/file_system/editor_file_system.cpp:1391)
WARNING: Missing .uid file for path "res://tests/orison_v2_primary_lamp_test.gd". The file was re-created from cache.
   at: _process_file_system (editor/file_system/editor_file_system.cpp:1391)
WARNING: Missing .uid file for path "res://tests/orison_v2_program_contract.gd". The file was re-created from cache.
   at: _process_file_system (editor/file_system/editor_file_system.cpp:1391)
WARNING: Missing .uid file for path "res://tests/orison_v2_public_doors_test.gd". The file was re-created from cache.
   at: _process_file_system (editor/file_system/editor_file_system.cpp:1391)
WARNING: Missing .uid file for path "res://tests/orison_v2_public_furnishings_test.gd". The file was re-created from cache.
   at: _process_file_system (editor/file_system/editor_file_system.cpp:1391)
WARNING: Missing .uid file for path "res://tests/orison_v2_reading_furniture_test.gd". The file was re-created from cache.
   at: _process_file_system (editor/file_system/editor_file_system.cpp:1391)
WARNING: Missing .uid file for path "res://tests/orison_v2_recurrence_route_test.gd". The file was re-created from cache.
   at: _process_file_system (editor/file_system/editor_file_system.cpp:1391)
WARNING: Missing .uid file for path "res://tests/orison_v2_reservation_display_test.gd". The file was re-created from cache.
   at: _process_file_system (editor/file_system/editor_file_system.cpp:1391)
WARNING: Missing .uid file for path "res://tests/orison_v2_roof_coping_test.gd". The file was re-created from cache.
   at: _process_file_system (editor/file_system/editor_file_system.cpp:1391)
WARNING: Missing .uid file for path "res://tests/orison_v2_roof_route_test.gd". The file was re-created from cache.
   at: _process_file_system (editor/file_system/editor_file_system.cpp:1391)
WARNING: Missing .uid file for path "res://tests/orison_v2_roof_ventilator_test.gd". The file was re-created from cache.
   at: _process_file_system (editor/file_system/editor_file_system.cpp:1391)
WARNING: Missing .uid file for path "res://tests/orison_v2_service_alley_test.gd". The file was re-created from cache.
   at: _process_file_system (editor/file_system/editor_file_system.cpp:1391)
WARNING: Missing .uid file for path "res://tests/orison_v2_shop_simulation_test.gd". The file was re-created from cache.
   at: _process_file_system (editor/file_system/editor_file_system.cpp:1391)
WARNING: Missing .uid file for path "res://tests/orison_v2_space_sweep.gd". The file was re-created from cache.
   at: _process_file_system (editor/file_system/editor_file_system.cpp:1391)
WARNING: Missing .uid file for path "res://tests/orison_v2_spatial_ownership_test.gd". The file was re-created from cache.
   at: _process_file_system (editor/file_system/editor_file_system.cpp:1391)
WARNING: Missing .uid file for path "res://tests/orison_v2_street_boundary_route_test.gd". The file was re-created from cache.
   at: _process_file_system (editor/file_system/editor_file_system.cpp:1391)
WARNING: Missing .uid file for path "res://tests/orison_v2_street_crossing_test.gd". The file was re-created from cache.
   at: _process_file_system (editor/file_system/editor_file_system.cpp:1391)
WARNING: Missing .uid file for path "res://tests/orison_v2_subway_overview.gd". The file was re-created from cache.
   at: _process_file_system (editor/file_system/editor_file_system.cpp:1391)
WARNING: Missing .uid file for path "res://tests/orison_v2_subway_route_test.gd". The file was re-created from cache.
   at: _process_file_system (editor/file_system/editor_file_system.cpp:1391)
WARNING: Missing .uid file for path "res://tests/orison_v2_terminal_access_test.gd". The file was re-created from cache.
   at: _process_file_system (editor/file_system/editor_file_system.cpp:1391)
WARNING: Missing .uid file for path "res://tests/orison_v2_upper_apartment_shot.gd". The file was re-created from cache.
   at: _process_file_system (editor/file_system/editor_file_system.cpp:1391)
WARNING: Missing .uid file for path "res://tests/orison_v2_upper_equipment_shot.gd". The file was re-created from cache.
   at: _process_file_system (editor/file_system/editor_file_system.cpp:1391)
WARNING: Missing .uid file for path "res://tests/orison_v2_upper_equipment_test.gd". The file was re-created from cache.
   at: _process_file_system (editor/file_system/editor_file_system.cpp:1391)
WARNING: Missing .uid file for path "res://tests/orison_v2_upper_fixtures_test.gd". The file was re-created from cache.
   at: _process_file_system (editor/file_system/editor_file_system.cpp:1391)
WARNING: Missing .uid file for path "res://tests/orison_v2_upper_floors_test.gd". The file was re-created from cache.
   at: _process_file_system (editor/file_system/editor_file_system.cpp:1391)
WARNING: Missing .uid file for path "res://tests/orison_v2_upper_furniture_test.gd". The file was re-created from cache.
   at: _process_file_system (editor/file_system/editor_file_system.cpp:1391)
WARNING: Missing .uid file for path "res://tests/orison_v2_upper_kitchen_shot.gd". The file was re-created from cache.
   at: _process_file_system (editor/file_system/editor_file_system.cpp:1391)
WARNING: Missing .uid file for path "res://tests/orison_v2_upper_kitchen_test.gd". The file was re-created from cache.
   at: _process_file_system (editor/file_system/editor_file_system.cpp:1391)
WARNING: Missing .uid file for path "res://tests/orison_v2_upper_lighting_shot.gd". The file was re-created from cache.
   at: _process_file_system (editor/file_system/editor_file_system.cpp:1391)
WARNING: Missing .uid file for path "res://tests/orison_v2_upper_lighting_test.gd". The file was re-created from cache.
   at: _process_file_system (editor/file_system/editor_file_system.cpp:1391)
WARNING: Missing .uid file for path "res://tests/orison_v2_upper_radios_shot.gd". The file was re-created from cache.
   at: _process_file_system (editor/file_system/editor_file_system.cpp:1391)
WARNING: Missing .uid file for path "res://tests/orison_v2_upper_services_shot.gd". The file was re-created from cache.
   at: _process_file_system (editor/file_system/editor_file_system.cpp:1391)
WARNING: Missing .uid file for path "res://tests/orison_v2_upper_surface_shot.gd". The file was re-created from cache.
   at: _process_file_system (editor/file_system/editor_file_system.cpp:1391)
WARNING: Missing .uid file for path "res://tests/orison_v2_ventilation_test.gd". The file was re-created from cache.
   at: _process_file_system (editor/file_system/editor_file_system.cpp:1391)
WARNING: Missing .uid file for path "res://tests/orison_v2_vent_register_test.gd". The file was re-created from cache.
   at: _process_file_system (editor/file_system/editor_file_system.cpp:1391)
WARNING: Missing .uid file for path "res://tests/orison_v2_vertical_route_test.gd". The file was re-created from cache.
   at: _process_file_system (editor/file_system/editor_file_system.cpp:1391)
WARNING: Missing .uid file for path "res://tests/orison_v2_wake_reconstruction_test.gd". The file was re-created from cache.
   at: _process_file_system (editor/file_system/editor_file_system.cpp:1391)
WARNING: Missing .uid file for path "res://tests/orison_v2_wall_mount_test.gd". The file was re-created from cache.
   at: _process_file_system (editor/file_system/editor_file_system.cpp:1391)
WARNING: Missing .uid file for path "res://tests/orison_v2_wayfinding_test.gd". The file was re-created from cache.
   at: _process_file_system (editor/file_system/editor_file_system.cpp:1391)
WARNING: Missing .uid file for path "res://tests/orison_v2_window_joinery_test.gd". The file was re-created from cache.
   at: _process_file_system (editor/file_system/editor_file_system.cpp:1391)
WARNING: Missing .uid file for path "res://tests/reality_invalid_load_control.gd". The file was re-created from cache.
   at: _process_file_system (editor/file_system/editor_file_system.cpp:1391)
WARNING: Missing .uid file for path "res://tests/reality_save_recovery_test.gd". The file was re-created from cache.
   at: _process_file_system (editor/file_system/editor_file_system.cpp:1391)
WARNING: Missing .uid file for path "res://tests/reality_save_restart_worker.gd". The file was re-created from cache.
   at: _process_file_system (editor/file_system/editor_file_system.cpp:1391)
WARNING: Missing .uid file for path "res://tests/release_mouse_key_test.gd". The file was re-created from cache.
   at: _process_file_system (editor/file_system/editor_file_system.cpp:1391)
WARNING: Missing .uid file for path "res://tests/resident_door_readiness_test.gd". The file was re-created from cache.
   at: _process_file_system (editor/file_system/editor_file_system.cpp:1391)
WARNING: Missing .uid file for path "res://tests/resident_f01_haunt_test.gd". The file was re-created from cache.
   at: _process_file_system (editor/file_system/editor_file_system.cpp:1391)
WARNING: Missing .uid file for path "res://tests/resident_lift_waiting_test.gd". The file was re-created from cache.
   at: _process_file_system (editor/file_system/editor_file_system.cpp:1391)
WARNING: Missing .uid file for path "res://tests/resident_nav_direct_segment_test.gd". The file was re-created from cache.
   at: _process_file_system (editor/file_system/editor_file_system.cpp:1391)
WARNING: Missing .uid file for path "res://tests/service_teletype_test.gd". The file was re-created from cache.
   at: _process_file_system (editor/file_system/editor_file_system.cpp:1391)
WARNING: Missing .uid file for path "res://tests/stair_ironwork_test.gd". The file was re-created from cache.
   at: _process_file_system (editor/file_system/editor_file_system.cpp:1391)
WARNING: Missing .uid file for path "res://tests/street_boundary_compatibility_test.gd". The file was re-created from cache.
   at: _process_file_system (editor/file_system/editor_file_system.cpp:1391)
WARNING: Missing .uid file for path "res://tests/switch_care_test.gd". The file was re-created from cache.
   at: _process_file_system (editor/file_system/editor_file_system.cpp:1391)
WARNING: Missing .uid file for path "res://tests/title_continue_actual_launch_test.gd". The file was re-created from cache.
   at: _process_file_system (editor/file_system/editor_file_system.cpp:1391)
WARNING: Missing .uid file for path "res://tests/title_save_legacy_control_test.gd". The file was re-created from cache.
   at: _process_file_system (editor/file_system/editor_file_system.cpp:1391)
WARNING: Missing .uid file for path "res://tests/title_save_recovery_shot.gd". The file was re-created from cache.
   at: _process_file_system (editor/file_system/editor_file_system.cpp:1391)
WARNING: Missing .uid file for path "res://tests/title_save_recovery_test.gd". The file was re-created from cache.
   at: _process_file_system (editor/file_system/editor_file_system.cpp:1391)
WARNING: Missing .uid file for path "res://tests/vulkan_composed_root_test.gd". The file was re-created from cache.
   at: _process_file_system (editor/file_system/editor_file_system.cpp:1391)
WARNING: Missing .uid file for path "res://tests/wardrobe_floor_admission_test.gd". The file was re-created from cache.
   at: _process_file_system (editor/file_system/editor_file_system.cpp:1391)
WARNING: Missing .uid file for path "res://tests/world_timestamp_test.gd". The file was re-created from cache.
   at: _process_file_system (editor/file_system/editor_file_system.cpp:1391)
WARNING: Missing .uid file for path "res://tests/world_time_coherence_test.gd". The file was re-created from cache.
   at: _process_file_system (editor/file_system/editor_file_system.cpp:1391)
WARNING: Missing .uid file for path "res://tests/zoo_teleport_test.gd". The file was re-created from cache.
   at: _process_file_system (editor/file_system/editor_file_system.cpp:1391)
