ERROR: fitted support contact: sash at retained jamb / storm_shop_funeral_parlour_back_jamb_w
   at: push_error (core/variant/variant_utility.cpp:1023)
   GDScript backtrace (most recent call first):
       [0] check (res://tests/orison_v2_floor_surface_test.gd:5)
       [1] check (res://tests/orison_v2_ventilation_throat_test.gd:9)
       [2] validate_in_world (res://tests/orison_v2_shop_clerestories_test.gd:100)
       [3] _run (res://tests/orison_v2_fabrication_batch.gd:79)
ERROR: fitted support contact: plaster rebate at chapel head end / storm_shop_funeral_parlour_chapel_head
   at: push_error (core/variant/variant_utility.cpp:1023)
   GDScript backtrace (most recent call first):
       [0] check (res://tests/orison_v2_floor_surface_test.gd:5)
       [1] check (res://tests/orison_v2_ventilation_throat_test.gd:9)
       [2] validate_in_world (res://tests/orison_v2_shop_clerestories_test.gd:100)
       [3] _run (res://tests/orison_v2_fabrication_batch.gd:79)
ERROR: fitted support contact: sash at retained jamb / storm_shop_luncheonette_back_jamb_e
   at: push_error (core/variant/variant_utility.cpp:1023)
   GDScript backtrace (most recent call first):
       [0] check (res://tests/orison_v2_floor_surface_test.gd:5)
       [1] check (res://tests/orison_v2_ventilation_throat_test.gd:9)
       [2] validate_in_world (res://tests/orison_v2_shop_clerestories_test.gd:100)
       [3] _run (res://tests/orison_v2_fabrication_batch.gd:79)
ERROR: fitted support contact: upper panel above retained jamb / storm_shop_model_laundry_back_jamb_e
   at: push_error (core/variant/variant_utility.cpp:1023)
   GDScript backtrace (most recent call first):
       [0] check (res://tests/orison_v2_floor_surface_test.gd:5)
       [1] check (res://tests/orison_v2_ventilation_throat_test.gd:9)
       [2] validate_in_world (res://tests/orison_v2_shop_clerestories_test.gd:100)
       [3] _run (res://tests/orison_v2_fabrication_batch.gd:79)
ERROR: fitted support contact: upper panel above retained jamb / storm_shop_model_laundry_back_jamb_w
   at: push_error (core/variant/variant_utility.cpp:1023)
   GDScript backtrace (most recent call first):
       [0] check (res://tests/orison_v2_floor_surface_test.gd:5)
       [1] check (res://tests/orison_v2_ventilation_throat_test.gd:9)
       [2] validate_in_world (res://tests/orison_v2_shop_clerestories_test.gd:100)
       [3] _run (res://tests/orison_v2_fabrication_batch.gd:79)
ERROR: fitted support contact: sash at retained jamb / storm_shop_model_laundry_back_jamb_w
   at: push_error (core/variant/variant_utility.cpp:1023)
   GDScript backtrace (most recent call first):
       [0] check (res://tests/orison_v2_floor_surface_test.gd:5)
       [1] check (res://tests/orison_v2_ventilation_throat_test.gd:9)
       [2] validate_in_world (res://tests/orison_v2_shop_clerestories_test.gd:100)
       [3] _run (res://tests/orison_v2_fabrication_batch.gd:79)
ERROR: fitted support contact: sash at retained jamb / storm_shop_pawnbroker_back_jamb_e
   at: push_error (core/variant/variant_utility.cpp:1023)
   GDScript backtrace (most recent call first):
       [0] check (res://tests/orison_v2_floor_surface_test.gd:5)
       [1] check (res://tests/orison_v2_ventilation_throat_test.gd:9)
       [2] validate_in_world (res://tests/orison_v2_shop_clerestories_test.gd:100)
       [3] _run (res://tests/orison_v2_fabrication_batch.gd:79)
ERROR: fitted support contact: upper panel above retained jamb / storm_shop_photo_supplies_back_jamb_e
   at: push_error (core/variant/variant_utility.cpp:1023)
   GDScript backtrace (most recent call first):
       [0] check (res://tests/orison_v2_floor_surface_test.gd:5)
       [1] check (res://tests/orison_v2_ventilation_throat_test.gd:9)
       [2] validate_in_world (res://tests/orison_v2_shop_clerestories_test.gd:100)
       [3] _run (res://tests/orison_v2_fabrication_batch.gd:79)
ERROR: fitted support contact: upper panel above retained jamb / storm_shop_photo_supplies_back_jamb_w
   at: push_error (core/variant/variant_utility.cpp:1023)
   GDScript backtrace (most recent call first):
       [0] check (res://tests/orison_v2_floor_surface_test.gd:5)
       [1] check (res://tests/orison_v2_ventilation_throat_test.gd:9)
       [2] validate_in_world (res://tests/orison_v2_shop_clerestories_test.gd:100)
       [3] _run (res://tests/orison_v2_fabrication_batch.gd:79)
ERROR: fitted support contact: sash at retained jamb / storm_shop_photo_supplies_back_jamb_w
   at: push_error (core/variant/variant_utility.cpp:1023)
   GDScript backtrace (most recent call first):
       [0] check (res://tests/orison_v2_floor_surface_test.gd:5)
       [1] check (res://tests/orison_v2_ventilation_throat_test.gd:9)
       [2] validate_in_world (res://tests/orison_v2_shop_clerestories_test.gd:100)
       [3] _run (res://tests/orison_v2_fabrication_batch.gd:79)
ERROR: fitted support contact: sash at retained jamb / storm_shop_shoe_rebuilding_back_jamb_w
   at: push_error (core/variant/variant_utility.cpp:1023)
   GDScript backtrace (most recent call first):
       [0] check (res://tests/orison_v2_floor_surface_test.gd:5)
       [1] check (res://tests/orison_v2_ventilation_throat_test.gd:9)
       [2] validate_in_world (res://tests/orison_v2_shop_clerestories_test.gd:100)
       [3] _run (res://tests/orison_v2_fabrication_batch.gd:79)
