ERROR: fitted support contact: sash at retained jamb / storm_shop_funeral_parlour_back_jamb_w
   at: push_error (core/variant/variant_utility.cpp:1023)
   GDScript backtrace (most recent call first):
       [0] check (res://tests/orison_v2_floor_surface_test.gd:5)
       [1] check (res://tests/orison_v2_ventilation_throat_test.gd:9)
       [2] validate_in_world (res://tests/orison_v2_shop_clerestories_test.gd:92)
       [3] _run (res://tests/orison_v2_fabrication_batch.gd:79)
ERROR: fitted support contact: plaster rebate at chapel head end / storm_shop_funeral_parlour_chapel_head
   at: push_error (core/variant/variant_utility.cpp:1023)
   GDScript backtrace (most recent call first):
       [0] check (res://tests/orison_v2_floor_surface_test.gd:5)
       [1] check (res://tests/orison_v2_ventilation_throat_test.gd:9)
       [2] validate_in_world (res://tests/orison_v2_shop_clerestories_test.gd:92)
       [3] _run (res://tests/orison_v2_fabrication_batch.gd:79)
ERROR: fitted support contact: reciprocal accepted bearing: key board wall spacer / storm_shop_keys_cut_board
   at: push_error (core/variant/variant_utility.cpp:1023)
   GDScript backtrace (most recent call first):
       [0] check (res://tests/orison_v2_floor_surface_test.gd:5)
       [1] check (res://tests/orison_v2_ventilation_throat_test.gd:9)
       [2] validate_in_world (res://tests/orison_v2_shop_clerestories_test.gd:92)
       [3] _run (res://tests/orison_v2_fabrication_batch.gd:79)
ERROR: actual native bearing reaches its declared fitted owner
   at: push_error (core/variant/variant_utility.cpp:1023)
   GDScript backtrace (most recent call first):
       [0] check (res://tests/orison_v2_floor_surface_test.gd:5)
       [1] check (res://tests/orison_v2_ventilation_throat_test.gd:9)
       [2] validate_in_world (res://tests/orison_v2_shop_clerestories_test.gd:94)
       [3] _run (res://tests/orison_v2_fabrication_batch.gd:79)
ERROR: fitted support contact: reciprocal accepted bearing: key board wall spacer / storm_shop_keys_cut_board
   at: push_error (core/variant/variant_utility.cpp:1023)
   GDScript backtrace (most recent call first):
       [0] check (res://tests/orison_v2_floor_surface_test.gd:5)
       [1] check (res://tests/orison_v2_ventilation_throat_test.gd:9)
       [2] validate_in_world (res://tests/orison_v2_shop_clerestories_test.gd:92)
       [3] _run (res://tests/orison_v2_fabrication_batch.gd:79)
ERROR: actual native bearing reaches its declared fitted owner
   at: push_error (core/variant/variant_utility.cpp:1023)
   GDScript backtrace (most recent call first):
       [0] check (res://tests/orison_v2_floor_surface_test.gd:5)
       [1] check (res://tests/orison_v2_ventilation_throat_test.gd:9)
       [2] validate_in_world (res://tests/orison_v2_shop_clerestories_test.gd:94)
       [3] _run (res://tests/orison_v2_fabrication_batch.gd:79)
ERROR: fitted support contact: reciprocal accepted bearing: key board wall spacer / storm_shop_keys_cut_board
   at: push_error (core/variant/variant_utility.cpp:1023)
   GDScript backtrace (most recent call first):
       [0] check (res://tests/orison_v2_floor_surface_test.gd:5)
       [1] check (res://tests/orison_v2_ventilation_throat_test.gd:9)
       [2] validate_in_world (res://tests/orison_v2_shop_clerestories_test.gd:92)
       [3] _run (res://tests/orison_v2_fabrication_batch.gd:79)
ERROR: actual native bearing reaches its declared fitted owner
   at: push_error (core/variant/variant_utility.cpp:1023)
   GDScript backtrace (most recent call first):
       [0] check (res://tests/orison_v2_floor_surface_test.gd:5)
       [1] check (res://tests/orison_v2_ventilation_throat_test.gd:9)
       [2] validate_in_world (res://tests/orison_v2_shop_clerestories_test.gd:94)
       [3] _run (res://tests/orison_v2_fabrication_batch.gd:79)
ERROR: fitted support contact: reciprocal accepted bearing: key board wall spacer / storm_shop_keys_cut_board
   at: push_error (core/variant/variant_utility.cpp:1023)
   GDScript backtrace (most recent call first):
       [0] check (res://tests/orison_v2_floor_surface_test.gd:5)
       [1] check (res://tests/orison_v2_ventilation_throat_test.gd:9)
       [2] validate_in_world (res://tests/orison_v2_shop_clerestories_test.gd:92)
       [3] _run (res://tests/orison_v2_fabrication_batch.gd:79)
ERROR: actual native bearing reaches its declared fitted owner
   at: push_error (core/variant/variant_utility.cpp:1023)
   GDScript backtrace (most recent call first):
       [0] check (res://tests/orison_v2_floor_surface_test.gd:5)
       [1] check (res://tests/orison_v2_ventilation_throat_test.gd:9)
       [2] validate_in_world (res://tests/orison_v2_shop_clerestories_test.gd:94)
       [3] _run (res://tests/orison_v2_fabrication_batch.gd:79)
ERROR: fitted support contact: sash at retained jamb / storm_shop_luncheonette_back_jamb_e
   at: push_error (core/variant/variant_utility.cpp:1023)
   GDScript backtrace (most recent call first):
       [0] check (res://tests/orison_v2_floor_surface_test.gd:5)
       [1] check (res://tests/orison_v2_ventilation_throat_test.gd:9)
       [2] validate_in_world (res://tests/orison_v2_shop_clerestories_test.gd:92)
       [3] _run (res://tests/orison_v2_fabrication_batch.gd:79)
ERROR: fitted support contact: reciprocal accepted bearing: declared rear board mount on actual lower plaster wall / storm_shop_luncheonette_menu_board
   at: push_error (core/variant/variant_utility.cpp:1023)
   GDScript backtrace (most recent call first):
       [0] check (res://tests/orison_v2_floor_surface_test.gd:5)
       [1] check (res://tests/orison_v2_ventilation_throat_test.gd:9)
       [2] validate_in_world (res://tests/orison_v2_shop_clerestories_test.gd:92)
       [3] _run (res://tests/orison_v2_fabrication_batch.gd:79)
ERROR: actual native bearing reaches its declared fitted owner
   at: push_error (core/variant/variant_utility.cpp:1023)
   GDScript backtrace (most recent call first):
       [0] check (res://tests/orison_v2_floor_surface_test.gd:5)
       [1] check (res://tests/orison_v2_ventilation_throat_test.gd:9)
       [2] validate_in_world (res://tests/orison_v2_shop_clerestories_test.gd:94)
       [3] _run (res://tests/orison_v2_fabrication_batch.gd:79)
ERROR: fitted support contact: reciprocal accepted bearing: declared rear board mount on actual lower plaster wall / storm_shop_luncheonette_menu_board
   at: push_error (core/variant/variant_utility.cpp:1023)
   GDScript backtrace (most recent call first):
       [0] check (res://tests/orison_v2_floor_surface_test.gd:5)
       [1] check (res://tests/orison_v2_ventilation_throat_test.gd:9)
       [2] validate_in_world (res://tests/orison_v2_shop_clerestories_test.gd:92)
       [3] _run (res://tests/orison_v2_fabrication_batch.gd:79)
ERROR: actual native bearing reaches its declared fitted owner
   at: push_error (core/variant/variant_utility.cpp:1023)
   GDScript backtrace (most recent call first):
       [0] check (res://tests/orison_v2_floor_surface_test.gd:5)
       [1] check (res://tests/orison_v2_ventilation_throat_test.gd:9)
       [2] validate_in_world (res://tests/orison_v2_shop_clerestories_test.gd:94)
       [3] _run (res://tests/orison_v2_fabrication_batch.gd:79)
ERROR: fitted support contact: reciprocal accepted bearing: declared rear board mount on actual lower plaster wall / storm_shop_luncheonette_menu_board
   at: push_error (core/variant/variant_utility.cpp:1023)
   GDScript backtrace (most recent call first):
       [0] check (res://tests/orison_v2_floor_surface_test.gd:5)
       [1] check (res://tests/orison_v2_ventilation_throat_test.gd:9)
       [2] validate_in_world (res://tests/orison_v2_shop_clerestories_test.gd:92)
       [3] _run (res://tests/orison_v2_fabrication_batch.gd:79)
ERROR: actual native bearing reaches its declared fitted owner
   at: push_error (core/variant/variant_utility.cpp:1023)
   GDScript backtrace (most recent call first):
       [0] check (res://tests/orison_v2_floor_surface_test.gd:5)
       [1] check (res://tests/orison_v2_ventilation_throat_test.gd:9)
       [2] validate_in_world (res://tests/orison_v2_shop_clerestories_test.gd:94)
       [3] _run (res://tests/orison_v2_fabrication_batch.gd:79)
ERROR: fitted support contact: reciprocal accepted bearing: declared rear board mount on actual lower plaster wall / storm_shop_luncheonette_menu_board
   at: push_error (core/variant/variant_utility.cpp:1023)
   GDScript backtrace (most recent call first):
       [0] check (res://tests/orison_v2_floor_surface_test.gd:5)
       [1] check (res://tests/orison_v2_ventilation_throat_test.gd:9)
       [2] validate_in_world (res://tests/orison_v2_shop_clerestories_test.gd:92)
       [3] _run (res://tests/orison_v2_fabrication_batch.gd:79)
ERROR: actual native bearing reaches its declared fitted owner
   at: push_error (core/variant/variant_utility.cpp:1023)
   GDScript backtrace (most recent call first):
       [0] check (res://tests/orison_v2_floor_surface_test.gd:5)
       [1] check (res://tests/orison_v2_ventilation_throat_test.gd:9)
       [2] validate_in_world (res://tests/orison_v2_shop_clerestories_test.gd:94)
       [3] _run (res://tests/orison_v2_fabrication_batch.gd:79)
ERROR: fitted support contact: upper panel above retained jamb / storm_shop_model_laundry_back_jamb_e
   at: push_error (core/variant/variant_utility.cpp:1023)
   GDScript backtrace (most recent call first):
       [0] check (res://tests/orison_v2_floor_surface_test.gd:5)
       [1] check (res://tests/orison_v2_ventilation_throat_test.gd:9)
       [2] validate_in_world (res://tests/orison_v2_shop_clerestories_test.gd:92)
       [3] _run (res://tests/orison_v2_fabrication_batch.gd:79)
ERROR: fitted support contact: upper panel above retained jamb / storm_shop_model_laundry_back_jamb_w
   at: push_error (core/variant/variant_utility.cpp:1023)
   GDScript backtrace (most recent call first):
       [0] check (res://tests/orison_v2_floor_surface_test.gd:5)
       [1] check (res://tests/orison_v2_ventilation_throat_test.gd:9)
       [2] validate_in_world (res://tests/orison_v2_shop_clerestories_test.gd:92)
       [3] _run (res://tests/orison_v2_fabrication_batch.gd:79)
ERROR: fitted support contact: sash at retained jamb / storm_shop_model_laundry_back_jamb_w
   at: push_error (core/variant/variant_utility.cpp:1023)
   GDScript backtrace (most recent call first):
       [0] check (res://tests/orison_v2_floor_surface_test.gd:5)
       [1] check (res://tests/orison_v2_ventilation_throat_test.gd:9)
       [2] validate_in_world (res://tests/orison_v2_shop_clerestories_test.gd:92)
       [3] _run (res://tests/orison_v2_fabrication_batch.gd:79)
ERROR: fitted support contact: sash at retained jamb / storm_shop_pawnbroker_back_jamb_e
   at: push_error (core/variant/variant_utility.cpp:1023)
   GDScript backtrace (most recent call first):
       [0] check (res://tests/orison_v2_floor_surface_test.gd:5)
       [1] check (res://tests/orison_v2_ventilation_throat_test.gd:9)
       [2] validate_in_world (res://tests/orison_v2_shop_clerestories_test.gd:92)
       [3] _run (res://tests/orison_v2_fabrication_batch.gd:79)
ERROR: fitted support contact: upper panel above retained jamb / storm_shop_photo_supplies_back_jamb_e
   at: push_error (core/variant/variant_utility.cpp:1023)
   GDScript backtrace (most recent call first):
       [0] check (res://tests/orison_v2_floor_surface_test.gd:5)
       [1] check (res://tests/orison_v2_ventilation_throat_test.gd:9)
       [2] validate_in_world (res://tests/orison_v2_shop_clerestories_test.gd:92)
       [3] _run (res://tests/orison_v2_fabrication_batch.gd:79)
ERROR: fitted support contact: upper panel above retained jamb / storm_shop_photo_supplies_back_jamb_w
   at: push_error (core/variant/variant_utility.cpp:1023)
   GDScript backtrace (most recent call first):
       [0] check (res://tests/orison_v2_floor_surface_test.gd:5)
       [1] check (res://tests/orison_v2_ventilation_throat_test.gd:9)
       [2] validate_in_world (res://tests/orison_v2_shop_clerestories_test.gd:92)
       [3] _run (res://tests/orison_v2_fabrication_batch.gd:79)
ERROR: fitted support contact: sash at retained jamb / storm_shop_photo_supplies_back_jamb_w
   at: push_error (core/variant/variant_utility.cpp:1023)
   GDScript backtrace (most recent call first):
       [0] check (res://tests/orison_v2_floor_surface_test.gd:5)
       [1] check (res://tests/orison_v2_ventilation_throat_test.gd:9)
       [2] validate_in_world (res://tests/orison_v2_shop_clerestories_test.gd:92)
       [3] _run (res://tests/orison_v2_fabrication_batch.gd:79)
ERROR: fitted support contact: reciprocal accepted bearing: extended picture rail actual back-wall fixing / storm_shop_photo_supplies_portrait_rail
   at: push_error (core/variant/variant_utility.cpp:1023)
   GDScript backtrace (most recent call first):
       [0] check (res://tests/orison_v2_floor_surface_test.gd:5)
       [1] check (res://tests/orison_v2_ventilation_throat_test.gd:9)
       [2] validate_in_world (res://tests/orison_v2_shop_clerestories_test.gd:92)
       [3] _run (res://tests/orison_v2_fabrication_batch.gd:79)
ERROR: actual native bearing reaches its declared fitted owner
   at: push_error (core/variant/variant_utility.cpp:1023)
   GDScript backtrace (most recent call first):
       [0] check (res://tests/orison_v2_floor_surface_test.gd:5)
       [1] check (res://tests/orison_v2_ventilation_throat_test.gd:9)
       [2] validate_in_world (res://tests/orison_v2_shop_clerestories_test.gd:94)
       [3] _run (res://tests/orison_v2_fabrication_batch.gd:79)
ERROR: fitted support contact: reciprocal accepted bearing: extended picture rail actual back-wall fixing / storm_shop_photo_supplies_portrait_rail
   at: push_error (core/variant/variant_utility.cpp:1023)
   GDScript backtrace (most recent call first):
       [0] check (res://tests/orison_v2_floor_surface_test.gd:5)
       [1] check (res://tests/orison_v2_ventilation_throat_test.gd:9)
       [2] validate_in_world (res://tests/orison_v2_shop_clerestories_test.gd:92)
       [3] _run (res://tests/orison_v2_fabrication_batch.gd:79)
ERROR: actual native bearing reaches its declared fitted owner
   at: push_error (core/variant/variant_utility.cpp:1023)
   GDScript backtrace (most recent call first):
       [0] check (res://tests/orison_v2_floor_surface_test.gd:5)
       [1] check (res://tests/orison_v2_ventilation_throat_test.gd:9)
       [2] validate_in_world (res://tests/orison_v2_shop_clerestories_test.gd:94)
       [3] _run (res://tests/orison_v2_fabrication_batch.gd:79)
ERROR: fitted support contact: reciprocal accepted bearing: extended picture rail actual back-wall fixing / storm_shop_photo_supplies_portrait_rail
   at: push_error (core/variant/variant_utility.cpp:1023)
   GDScript backtrace (most recent call first):
       [0] check (res://tests/orison_v2_floor_surface_test.gd:5)
       [1] check (res://tests/orison_v2_ventilation_throat_test.gd:9)
       [2] validate_in_world (res://tests/orison_v2_shop_clerestories_test.gd:92)
       [3] _run (res://tests/orison_v2_fabrication_batch.gd:79)
ERROR: actual native bearing reaches its declared fitted owner
   at: push_error (core/variant/variant_utility.cpp:1023)
   GDScript backtrace (most recent call first):
       [0] check (res://tests/orison_v2_floor_surface_test.gd:5)
       [1] check (res://tests/orison_v2_ventilation_throat_test.gd:9)
       [2] validate_in_world (res://tests/orison_v2_shop_clerestories_test.gd:94)
       [3] _run (res://tests/orison_v2_fabrication_batch.gd:79)
ERROR: fitted support contact: reciprocal accepted bearing: extended picture rail actual back-wall fixing / storm_shop_photo_supplies_portrait_rail
   at: push_error (core/variant/variant_utility.cpp:1023)
   GDScript backtrace (most recent call first):
       [0] check (res://tests/orison_v2_floor_surface_test.gd:5)
       [1] check (res://tests/orison_v2_ventilation_throat_test.gd:9)
       [2] validate_in_world (res://tests/orison_v2_shop_clerestories_test.gd:92)
       [3] _run (res://tests/orison_v2_fabrication_batch.gd:79)
ERROR: actual native bearing reaches its declared fitted owner
   at: push_error (core/variant/variant_utility.cpp:1023)
   GDScript backtrace (most recent call first):
       [0] check (res://tests/orison_v2_floor_surface_test.gd:5)
       [1] check (res://tests/orison_v2_ventilation_throat_test.gd:9)
       [2] validate_in_world (res://tests/orison_v2_shop_clerestories_test.gd:94)
       [3] _run (res://tests/orison_v2_fabrication_batch.gd:79)
ERROR: fitted support contact: reciprocal accepted bearing: unclaimed card actual wall clamp / storm_shop_photo_supplies_portrait0
   at: push_error (core/variant/variant_utility.cpp:1023)
   GDScript backtrace (most recent call first):
       [0] check (res://tests/orison_v2_floor_surface_test.gd:5)
       [1] check (res://tests/orison_v2_ventilation_throat_test.gd:9)
       [2] validate_in_world (res://tests/orison_v2_shop_clerestories_test.gd:92)
       [3] _run (res://tests/orison_v2_fabrication_batch.gd:79)
ERROR: actual native bearing reaches its declared fitted owner
   at: push_error (core/variant/variant_utility.cpp:1023)
   GDScript backtrace (most recent call first):
       [0] check (res://tests/orison_v2_floor_surface_test.gd:5)
       [1] check (res://tests/orison_v2_ventilation_throat_test.gd:9)
       [2] validate_in_world (res://tests/orison_v2_shop_clerestories_test.gd:94)
       [3] _run (res://tests/orison_v2_fabrication_batch.gd:79)
ERROR: fitted support contact: reciprocal accepted bearing: unclaimed card actual wall clamp / storm_shop_photo_supplies_portrait0
   at: push_error (core/variant/variant_utility.cpp:1023)
   GDScript backtrace (most recent call first):
       [0] check (res://tests/orison_v2_floor_surface_test.gd:5)
       [1] check (res://tests/orison_v2_ventilation_throat_test.gd:9)
       [2] validate_in_world (res://tests/orison_v2_shop_clerestories_test.gd:92)
       [3] _run (res://tests/orison_v2_fabrication_batch.gd:79)
ERROR: actual native bearing reaches its declared fitted owner
   at: push_error (core/variant/variant_utility.cpp:1023)
   GDScript backtrace (most recent call first):
       [0] check (res://tests/orison_v2_floor_surface_test.gd:5)
       [1] check (res://tests/orison_v2_ventilation_throat_test.gd:9)
       [2] validate_in_world (res://tests/orison_v2_shop_clerestories_test.gd:94)
       [3] _run (res://tests/orison_v2_fabrication_batch.gd:79)
ERROR: fitted support contact: reciprocal accepted bearing: unclaimed card actual wall clamp / storm_shop_photo_supplies_portrait1
   at: push_error (core/variant/variant_utility.cpp:1023)
   GDScript backtrace (most recent call first):
       [0] check (res://tests/orison_v2_floor_surface_test.gd:5)
       [1] check (res://tests/orison_v2_ventilation_throat_test.gd:9)
       [2] validate_in_world (res://tests/orison_v2_shop_clerestories_test.gd:92)
       [3] _run (res://tests/orison_v2_fabrication_batch.gd:79)
ERROR: actual native bearing reaches its declared fitted owner
   at: push_error (core/variant/variant_utility.cpp:1023)
   GDScript backtrace (most recent call first):
       [0] check (res://tests/orison_v2_floor_surface_test.gd:5)
       [1] check (res://tests/orison_v2_ventilation_throat_test.gd:9)
       [2] validate_in_world (res://tests/orison_v2_shop_clerestories_test.gd:94)
       [3] _run (res://tests/orison_v2_fabrication_batch.gd:79)
ERROR: fitted support contact: reciprocal accepted bearing: unclaimed card actual wall clamp / storm_shop_photo_supplies_portrait1
   at: push_error (core/variant/variant_utility.cpp:1023)
   GDScript backtrace (most recent call first):
       [0] check (res://tests/orison_v2_floor_surface_test.gd:5)
       [1] check (res://tests/orison_v2_ventilation_throat_test.gd:9)
       [2] validate_in_world (res://tests/orison_v2_shop_clerestories_test.gd:92)
       [3] _run (res://tests/orison_v2_fabrication_batch.gd:79)
ERROR: actual native bearing reaches its declared fitted owner
   at: push_error (core/variant/variant_utility.cpp:1023)
   GDScript backtrace (most recent call first):
       [0] check (res://tests/orison_v2_floor_surface_test.gd:5)
       [1] check (res://tests/orison_v2_ventilation_throat_test.gd:9)
       [2] validate_in_world (res://tests/orison_v2_shop_clerestories_test.gd:94)
       [3] _run (res://tests/orison_v2_fabrication_batch.gd:79)
ERROR: fitted support contact: reciprocal accepted bearing: unclaimed card actual wall clamp / storm_shop_photo_supplies_portrait2
   at: push_error (core/variant/variant_utility.cpp:1023)
   GDScript backtrace (most recent call first):
       [0] check (res://tests/orison_v2_floor_surface_test.gd:5)
       [1] check (res://tests/orison_v2_ventilation_throat_test.gd:9)
       [2] validate_in_world (res://tests/orison_v2_shop_clerestories_test.gd:92)
       [3] _run (res://tests/orison_v2_fabrication_batch.gd:79)
ERROR: actual native bearing reaches its declared fitted owner
   at: push_error (core/variant/variant_utility.cpp:1023)
   GDScript backtrace (most recent call first):
       [0] check (res://tests/orison_v2_floor_surface_test.gd:5)
       [1] check (res://tests/orison_v2_ventilation_throat_test.gd:9)
       [2] validate_in_world (res://tests/orison_v2_shop_clerestories_test.gd:94)
       [3] _run (res://tests/orison_v2_fabrication_batch.gd:79)
ERROR: fitted support contact: reciprocal accepted bearing: unclaimed card actual wall clamp / storm_shop_photo_supplies_portrait2
   at: push_error (core/variant/variant_utility.cpp:1023)
   GDScript backtrace (most recent call first):
       [0] check (res://tests/orison_v2_floor_surface_test.gd:5)
       [1] check (res://tests/orison_v2_ventilation_throat_test.gd:9)
       [2] validate_in_world (res://tests/orison_v2_shop_clerestories_test.gd:92)
       [3] _run (res://tests/orison_v2_fabrication_batch.gd:79)
ERROR: actual native bearing reaches its declared fitted owner
   at: push_error (core/variant/variant_utility.cpp:1023)
   GDScript backtrace (most recent call first):
       [0] check (res://tests/orison_v2_floor_surface_test.gd:5)
       [1] check (res://tests/orison_v2_ventilation_throat_test.gd:9)
       [2] validate_in_world (res://tests/orison_v2_shop_clerestories_test.gd:94)
       [3] _run (res://tests/orison_v2_fabrication_batch.gd:79)
ERROR: fitted support contact: reciprocal accepted bearing: unclaimed card actual wall clamp / storm_shop_photo_supplies_portrait3
   at: push_error (core/variant/variant_utility.cpp:1023)
   GDScript backtrace (most recent call first):
       [0] check (res://tests/orison_v2_floor_surface_test.gd:5)
       [1] check (res://tests/orison_v2_ventilation_throat_test.gd:9)
       [2] validate_in_world (res://tests/orison_v2_shop_clerestories_test.gd:92)
       [3] _run (res://tests/orison_v2_fabrication_batch.gd:79)
ERROR: actual native bearing reaches its declared fitted owner
   at: push_error (core/variant/variant_utility.cpp:1023)
   GDScript backtrace (most recent call first):
       [0] check (res://tests/orison_v2_floor_surface_test.gd:5)
       [1] check (res://tests/orison_v2_ventilation_throat_test.gd:9)
       [2] validate_in_world (res://tests/orison_v2_shop_clerestories_test.gd:94)
       [3] _run (res://tests/orison_v2_fabrication_batch.gd:79)
ERROR: fitted support contact: reciprocal accepted bearing: unclaimed card actual wall clamp / storm_shop_photo_supplies_portrait3
   at: push_error (core/variant/variant_utility.cpp:1023)
   GDScript backtrace (most recent call first):
       [0] check (res://tests/orison_v2_floor_surface_test.gd:5)
       [1] check (res://tests/orison_v2_ventilation_throat_test.gd:9)
       [2] validate_in_world (res://tests/orison_v2_shop_clerestories_test.gd:92)
       [3] _run (res://tests/orison_v2_fabrication_batch.gd:79)
ERROR: actual native bearing reaches its declared fitted owner
   at: push_error (core/variant/variant_utility.cpp:1023)
   GDScript backtrace (most recent call first):
       [0] check (res://tests/orison_v2_floor_surface_test.gd:5)
       [1] check (res://tests/orison_v2_ventilation_throat_test.gd:9)
       [2] validate_in_world (res://tests/orison_v2_shop_clerestories_test.gd:94)
       [3] _run (res://tests/orison_v2_fabrication_batch.gd:79)
ERROR: fitted support contact: reciprocal accepted bearing: unclaimed card actual wall clamp / storm_shop_photo_supplies_portrait4
   at: push_error (core/variant/variant_utility.cpp:1023)
   GDScript backtrace (most recent call first):
       [0] check (res://tests/orison_v2_floor_surface_test.gd:5)
       [1] check (res://tests/orison_v2_ventilation_throat_test.gd:9)
       [2] validate_in_world (res://tests/orison_v2_shop_clerestories_test.gd:92)
       [3] _run (res://tests/orison_v2_fabrication_batch.gd:79)
ERROR: actual native bearing reaches its declared fitted owner
   at: push_error (core/variant/variant_utility.cpp:1023)
   GDScript backtrace (most recent call first):
       [0] check (res://tests/orison_v2_floor_surface_test.gd:5)
       [1] check (res://tests/orison_v2_ventilation_throat_test.gd:9)
       [2] validate_in_world (res://tests/orison_v2_shop_clerestories_test.gd:94)
       [3] _run (res://tests/orison_v2_fabrication_batch.gd:79)
ERROR: fitted support contact: reciprocal accepted bearing: unclaimed card actual wall clamp / storm_shop_photo_supplies_portrait4
   at: push_error (core/variant/variant_utility.cpp:1023)
   GDScript backtrace (most recent call first):
       [0] check (res://tests/orison_v2_floor_surface_test.gd:5)
       [1] check (res://tests/orison_v2_ventilation_throat_test.gd:9)
       [2] validate_in_world (res://tests/orison_v2_shop_clerestories_test.gd:92)
       [3] _run (res://tests/orison_v2_fabrication_batch.gd:79)
ERROR: actual native bearing reaches its declared fitted owner
   at: push_error (core/variant/variant_utility.cpp:1023)
   GDScript backtrace (most recent call first):
       [0] check (res://tests/orison_v2_floor_surface_test.gd:5)
       [1] check (res://tests/orison_v2_ventilation_throat_test.gd:9)
       [2] validate_in_world (res://tests/orison_v2_shop_clerestories_test.gd:94)
       [3] _run (res://tests/orison_v2_fabrication_batch.gd:79)
ERROR: fitted support contact: reciprocal accepted bearing: unclaimed card actual wall clamp / storm_shop_photo_supplies_portrait5
   at: push_error (core/variant/variant_utility.cpp:1023)
   GDScript backtrace (most recent call first):
       [0] check (res://tests/orison_v2_floor_surface_test.gd:5)
       [1] check (res://tests/orison_v2_ventilation_throat_test.gd:9)
       [2] validate_in_world (res://tests/orison_v2_shop_clerestories_test.gd:92)
       [3] _run (res://tests/orison_v2_fabrication_batch.gd:79)
ERROR: actual native bearing reaches its declared fitted owner
   at: push_error (core/variant/variant_utility.cpp:1023)
   GDScript backtrace (most recent call first):
       [0] check (res://tests/orison_v2_floor_surface_test.gd:5)
       [1] check (res://tests/orison_v2_ventilation_throat_test.gd:9)
       [2] validate_in_world (res://tests/orison_v2_shop_clerestories_test.gd:94)
       [3] _run (res://tests/orison_v2_fabrication_batch.gd:79)
ERROR: fitted support contact: reciprocal accepted bearing: unclaimed card actual wall clamp / storm_shop_photo_supplies_portrait5
   at: push_error (core/variant/variant_utility.cpp:1023)
   GDScript backtrace (most recent call first):
       [0] check (res://tests/orison_v2_floor_surface_test.gd:5)
       [1] check (res://tests/orison_v2_ventilation_throat_test.gd:9)
       [2] validate_in_world (res://tests/orison_v2_shop_clerestories_test.gd:92)
       [3] _run (res://tests/orison_v2_fabrication_batch.gd:79)
ERROR: actual native bearing reaches its declared fitted owner
   at: push_error (core/variant/variant_utility.cpp:1023)
   GDScript backtrace (most recent call first):
       [0] check (res://tests/orison_v2_floor_surface_test.gd:5)
       [1] check (res://tests/orison_v2_ventilation_throat_test.gd:9)
       [2] validate_in_world (res://tests/orison_v2_shop_clerestories_test.gd:94)
       [3] _run (res://tests/orison_v2_fabrication_batch.gd:79)
ERROR: fitted support contact: reciprocal accepted bearing: unclaimed card actual wall clamp / storm_shop_photo_supplies_portrait6
   at: push_error (core/variant/variant_utility.cpp:1023)
   GDScript backtrace (most recent call first):
       [0] check (res://tests/orison_v2_floor_surface_test.gd:5)
       [1] check (res://tests/orison_v2_ventilation_throat_test.gd:9)
       [2] validate_in_world (res://tests/orison_v2_shop_clerestories_test.gd:92)
       [3] _run (res://tests/orison_v2_fabrication_batch.gd:79)
ERROR: actual native bearing reaches its declared fitted owner
   at: push_error (core/variant/variant_utility.cpp:1023)
   GDScript backtrace (most recent call first):
       [0] check (res://tests/orison_v2_floor_surface_test.gd:5)
       [1] check (res://tests/orison_v2_ventilation_throat_test.gd:9)
       [2] validate_in_world (res://tests/orison_v2_shop_clerestories_test.gd:94)
       [3] _run (res://tests/orison_v2_fabrication_batch.gd:79)
ERROR: fitted support contact: reciprocal accepted bearing: unclaimed card actual wall clamp / storm_shop_photo_supplies_portrait6
   at: push_error (core/variant/variant_utility.cpp:1023)
   GDScript backtrace (most recent call first):
       [0] check (res://tests/orison_v2_floor_surface_test.gd:5)
       [1] check (res://tests/orison_v2_ventilation_throat_test.gd:9)
       [2] validate_in_world (res://tests/orison_v2_shop_clerestories_test.gd:92)
       [3] _run (res://tests/orison_v2_fabrication_batch.gd:79)
ERROR: actual native bearing reaches its declared fitted owner
   at: push_error (core/variant/variant_utility.cpp:1023)
   GDScript backtrace (most recent call first):
       [0] check (res://tests/orison_v2_floor_surface_test.gd:5)
       [1] check (res://tests/orison_v2_ventilation_throat_test.gd:9)
       [2] validate_in_world (res://tests/orison_v2_shop_clerestories_test.gd:94)
       [3] _run (res://tests/orison_v2_fabrication_batch.gd:79)
ERROR: fitted support contact: sash at retained jamb / storm_shop_shoe_rebuilding_back_jamb_w
   at: push_error (core/variant/variant_utility.cpp:1023)
   GDScript backtrace (most recent call first):
       [0] check (res://tests/orison_v2_floor_surface_test.gd:5)
       [1] check (res://tests/orison_v2_ventilation_throat_test.gd:9)
       [2] validate_in_world (res://tests/orison_v2_shop_clerestories_test.gd:92)
       [3] _run (res://tests/orison_v2_fabrication_batch.gd:79)
WARNING: 7 RIDs of type "Texture" were leaked.
   at: finalize (servers/rendering/rendering_device.cpp:8900)
