Godot Engine v4.7.1.stable.official.a13da4feb - https://godotengine.org
Vulkan 1.4.341 - Forward+ - Using Device #0: NVIDIA - NVIDIA GeForce RTX 4080

[ACOUSTIC] 550 nodes loaded
ORISON V2 BLOCKOUT: 200 spaces / 111 doors / 1104 anchors
[V2 FRONT COURT ROOF] three seated girders; retained roof slabs; mapped exterior concrete
[V2 BODEGA POWER] independent inlet; four existing fittings; 20 bearings
[SURFACE] 1311 surfaces layered (478 materials)
[PASSAGE HOURS] OPEN; 10 grilles folded
[PASSAGE HOURS] 11 shopfronts, 10 close after 02:00, HARDWARE PAINT keeps night service
[PASSAGE FINISH] 6 gated draws, 3 handcarts, hours active
[V2 PASSAGE] 13 resident cells; 11 doors; 1 shared-service counters
[SURFACE] 170 surfaces layered (81 materials)
[HARUKIYA] 9 interactables placed
[ARCADE] 2 cabinet(s) from a catalog of 12: SOMETHING IN THE HALL (mystery_serial), OPERATIONS (farm_and_market)
[ARCADE] all of them are running arcade_pit
[V2 BAR] retained cell; 29 registered markers; 3 doors
[V2 FRONT FACADE] native entrance, original landmark hardware, glazed marquee and fitted blade
[SCHEDULE] director live: 18 residents on the clock
[MOVES] personal library: res://assets/characters/mina_vale/mina_vale_moves.glb
SOURCE PARAPET MATERIAL ROOF_PARAPET_EAST brick 
SOURCE PARAPET MATERIAL ROOF_PARAPET_NORTH brick 
SOURCE PARAPET MATERIAL ROOF_PARAPET_SOUTH brick 
SOURCE PARAPET MATERIAL ROOF_PARAPET_WEST brick 
[ORISON V2 RUNTIME] ready startup_ms=33699.187
[LIGHTING] 211 sources active in system; 211 full personalities; profiles steady/breathe/mains/beat/dropout=[50, 49, 36, 42, 34]
CAP MAPPING: mesh=household_stoves_HouseholdGasRange__Body_ON_brass valid_basis=true max_uv_excess=0.00000007601921 widest=1.00005162319341 vertices=1489 derivatives=true bad_derivatives=0 min_determinant=0.00000014172031 worst_dot=0.99999982118607
CAP MAPPING: mesh=household_stoves_HouseholdGasRange__Body_ON_dark valid_basis=true max_uv_excess=0.00000007590279 widest=1.00016843263439 vertices=3722 derivatives=true bad_derivatives=0 min_determinant=0.00000011563898 worst_dot=0.99999982118607
CAP MAPPING: mesh=household_stoves_HouseholdGasRange__Body_ON_enamel valid_basis=true max_uv_excess=0.00000011920929 widest=1.00014330371997 vertices=7376 derivatives=true bad_derivatives=0 min_determinant=0.00000011563898 worst_dot=0.99999982118607
CAP MAPPING: mesh=household_stoves_HouseholdGasRange__Body_ON_iron valid_basis=true max_uv_excess=0.00000217207707 widest=1.00072778568258 vertices=16145 derivatives=true bad_derivatives=0 min_determinant=0.00000002723405 worst_dot=0.99999797344208
CAP MAPPING: mesh=household_stoves_HouseholdGasRange__Body_ON_nickel valid_basis=true max_uv_excess=0.00000006146729 widest=1.00015596756349 vertices=6705 derivatives=true bad_derivatives=0 min_determinant=0.00000002000567 worst_dot=0.99999845027924
CAP MAPPING: mesh=household_stoves_HouseholdGasRange__BroilerDrawer_ON_dark valid_basis=true max_uv_excess=0.0000000706641 widest=1.00007124005104 vertices=505 derivatives=true bad_derivatives=0 min_determinant=0.00000046268077 worst_dot=0.99999982118607
CAP MAPPING: mesh=household_stoves_HouseholdGasRange__BroilerDrawer_ON_enamel valid_basis=true max_uv_excess=0.00000007299241 widest=1.00004905820376 vertices=508 derivatives=true bad_derivatives=0 min_determinant=0.00000104103174 worst_dot=0.99999988079071
CAP MAPPING: mesh=household_stoves_HouseholdGasRange__BroilerDrawer_ON_iron valid_basis=true max_uv_excess=0.00000077264849 widest=1.00078905935966 vertices=6122 derivatives=true bad_derivatives=0 min_determinant=0.00000011563898 worst_dot=0.99999982118607
CAP MAPPING: mesh=household_stoves_HouseholdGasRange__BroilerDrawer_ON_nickel valid_basis=true max_uv_excess=0.00000003969762 widest=1.00006261114166 vertices=511 derivatives=true bad_derivatives=0 min_determinant=0.00000007193988 worst_dot=0.99999988079071
CAP MAPPING: mesh=household_stoves_HouseholdGasRange__BurnerCap1_ON_dark valid_basis=true max_uv_excess=0.00000646989793 widest=1.00071683611426 vertices=1182 derivatives=true bad_derivatives=0 min_determinant=0.00002709640141 worst_dot=0.99999982118607
CAP MAPPING: mesh=household_stoves_HouseholdGasRange__BurnerCap1_ON_iron valid_basis=true max_uv_excess=0.00000563077629 widest=1.00071744404803 vertices=16857 derivatives=true bad_derivatives=0 min_determinant=0.00000000367879 worst_dot=0.9999857544899
CAP MAPPING: mesh=household_stoves_HouseholdGasRange__BurnerCap2_ON_dark valid_basis=true max_uv_excess=0.00000646989793 widest=1.00071683611426 vertices=1179 derivatives=true bad_derivatives=0 min_determinant=0.00002709640141 worst_dot=0.99999982118607
CAP MAPPING: mesh=household_stoves_HouseholdGasRange__BurnerCap2_ON_iron valid_basis=true max_uv_excess=0.00000563170761 widest=1.00071757122523 vertices=16900 derivatives=true bad_derivatives=0 min_determinant=0.00000000367879 worst_dot=0.99998599290848
CAP MAPPING: mesh=household_stoves_HouseholdGasRange__BurnerCap3_ON_dark valid_basis=true max_uv_excess=0.00000647176057 widest=1.00071704263509 vertices=1179 derivatives=true bad_derivatives=0 min_determinant=0.00002709640141 worst_dot=0.99999982118607
CAP MAPPING: mesh=household_stoves_HouseholdGasRange__BurnerCap3_ON_iron valid_basis=true max_uv_excess=0.00000561308116 widest=1.00071729181436 vertices=16912 derivatives=true bad_derivatives=0 min_determinant=0.00000000367879 worst_dot=0.99998569488525
CAP MAPPING: mesh=household_stoves_HouseholdGasRange__BurnerCap4_ON_dark valid_basis=true max_uv_excess=0.00000647455454 widest=1.0007173524165 vertices=1181 derivatives=true bad_derivatives=0 min_determinant=0.00002709640141 worst_dot=0.99999982118607
CAP MAPPING: mesh=household_stoves_HouseholdGasRange__BurnerCap4_ON_iron valid_basis=true max_uv_excess=0.00000561308116 widest=1.00071729181436 vertices=16910 derivatives=true bad_derivatives=0 min_determinant=0.00000000367879 worst_dot=0.99998569488525
CAP MAPPING: mesh=household_stoves_HouseholdGasRange__BurnerValve1_ON_bakelite valid_basis=true max_uv_excess=0.00000139325857 widest=1.00041173292841 vertices=1689 derivatives=true bad_derivatives=0 min_determinant=0.00000707014746 worst_dot=0.99999982118607
CAP MAPPING: mesh=household_stoves_HouseholdGasRange__BurnerValve1_ON_brass valid_basis=true max_uv_excess=0.00000089476816 widest=1.0007600489928 vertices=871 derivatives=true bad_derivatives=0 min_determinant=0.00000026021819 worst_dot=0.99999982118607
CAP MAPPING: mesh=household_stoves_HouseholdGasRange__BurnerValve2_ON_bakelite valid_basis=true max_uv_excess=0.00000131316483 widest=1.00041604789543 vertices=1693 derivatives=true bad_derivatives=0 min_determinant=0.0000070700884 worst_dot=0.99999982118607
CAP MAPPING: mesh=household_stoves_HouseholdGasRange__BurnerValve2_ON_brass valid_basis=true max_uv_excess=0.00000089476816 widest=1.0007600489928 vertices=871 derivatives=true bad_derivatives=0 min_determinant=0.00000026021819 worst_dot=0.99999982118607
CAP MAPPING: mesh=household_stoves_HouseholdGasRange__BurnerValve3_ON_bakelite valid_basis=true max_uv_excess=0.00000135507435 widest=1.00040934025775 vertices=1705 derivatives=true bad_derivatives=0 min_determinant=0.0000070700884 worst_dot=0.99999982118607
CAP MAPPING: mesh=household_stoves_HouseholdGasRange__BurnerValve3_ON_brass valid_basis=true max_uv_excess=0.00000089209061 widest=1.00075777285781 vertices=869 derivatives=true bad_derivatives=0 min_determinant=0.00000026020404 worst_dot=0.99999982118607
CAP MAPPING: mesh=household_stoves_HouseholdGasRange__BurnerValve4_ON_bakelite valid_basis=true max_uv_excess=0.00000139139593 widest=1.00041604789543 vertices=1693 derivatives=true bad_derivatives=0 min_determinant=0.00000707013317 worst_dot=0.99999982118607
CAP MAPPING: mesh=household_stoves_HouseholdGasRange__BurnerValve4_ON_brass valid_basis=true max_uv_excess=0.00000089476816 widest=1.0007600489928 vertices=875 derivatives=true bad_derivatives=0 min_determinant=0.00000026020404 worst_dot=0.99999982118607
CAP MAPPING: mesh=household_stoves_HouseholdGasRange__Grate1_ON_iron valid_basis=true max_uv_excess=0.00000138115138 widest=1.00073252929084 vertices=5236 derivatives=true bad_derivatives=0 min_determinant=0.00000621723856 worst_dot=0.99999982118607
CAP MAPPING: mesh=household_stoves_HouseholdGasRange__Grate2_ON_iron valid_basis=true max_uv_excess=0.00000137882307 widest=1.00074363829454 vertices=5220 derivatives=true bad_derivatives=0 min_determinant=0.00000621724174 worst_dot=0.99999982118607
CAP MAPPING: mesh=household_stoves_HouseholdGasRange__Grate3_ON_iron valid_basis=true max_uv_excess=0.00000137928873 widest=1.00073513762025 vertices=5250 derivatives=true bad_derivatives=0 min_determinant=0.00000621722778 worst_dot=0.99999982118607
CAP MAPPING: mesh=household_stoves_HouseholdGasRange__Grate4_ON_iron valid_basis=true max_uv_excess=0.00000137789175 widest=1.00072743990674 vertices=5206 derivatives=true bad_derivatives=0 min_determinant=0.00000621724174 worst_dot=0.99999982118607
CAP MAPPING: mesh=household_stoves_HouseholdGasRange__OvenDoor_ON_brass valid_basis=true max_uv_excess=0.00000313296914 widest=1.00074083480998 vertices=1647 derivatives=true bad_derivatives=0 min_determinant=0.00000022245 worst_dot=0.99999982118607
CAP MAPPING: mesh=household_stoves_HouseholdGasRange__OvenDoor_ON_enamel valid_basis=true max_uv_excess=0.00000006053597 widest=1.0000308423361 vertices=1004 derivatives=true bad_derivatives=0 min_determinant=0.00000149905854 worst_dot=0.99999982118607
CAP MAPPING: mesh=household_stoves_HouseholdGasRange__OvenDoor_ON_iron valid_basis=true max_uv_excess=0.00000076799188 widest=1.00077462424751 vertices=5569 derivatives=true bad_derivatives=0 min_determinant=0.00000011566076 worst_dot=0.99999982118607
CAP MAPPING: mesh=household_stoves_HouseholdGasRange__OvenValve_ON_bakelite valid_basis=true max_uv_excess=0.00000139325857 widest=1.00041069021145 vertices=1694 derivatives=true bad_derivatives=0 min_determinant=0.0000070700884 worst_dot=0.99999988079071
CAP MAPPING: mesh=household_stoves_HouseholdGasRange__OvenValve_ON_brass valid_basis=true max_uv_excess=0.00000089476816 widest=1.0007600489928 vertices=869 derivatives=true bad_derivatives=0 min_determinant=0.00000026021819 worst_dot=0.99999982118607
[HARUKIYA] OPEN, 18 fixtures
DOSSIER: plates=5 stove_checks=3065 stove_failures=0
