00:00.047  reports          | WARNING Unable to open 'C:\Users\nate_\AppData\Roaming\Blender Foundation\Blender\5.2\config\userpref.blend': Permission denied
Blender 5.2.0 LTS (hash fbe6228777e7 built 2026-07-14 01:35:40)
C:\PleaseRemainOnTheLine\art\blender\scripts\build_diner_urns.py:63: DeprecationWarning: 'Material.use_nodes' is expected to be removed in Blender 6.0
  mat=bpy.data.materials.new(key);mat.use_nodes=True;materials[key]=mat
Extensions: writing cache failed ([WinError 183] Cannot create a file when that file already exists: 'C:\\Users\\nate_\\AppData\\Roaming\\Blender Foundation\\Blender\\5.2\\extensions\\.cache').
Info: Saved as "diner_urns.blend"
INFO Draco is available, use library at C:\Program Files\Blender Foundation\Blender 5.2\5.2\scripts\addons_core\io_scene_gltf2\bf_intern_draco_bridge.dll
INFO MeshOptimizer is available, use library at C:\Program Files\Blender Foundation\Blender 5.2\5.2\scripts\addons_core\io_scene_gltf2\bf_intern_meshopt_bridge.dll
21:17:13 | INFO: Starting glTF 2.0 export
21:17:13 | INFO: Extracting primitive: storm_shop_luncheonette_piecase__brass_dull
21:17:13 | INFO: Primitives created: 1
21:17:13 | INFO: Extracting primitive: storm_shop_luncheonette_piecase__glassish
21:17:13 | INFO: Primitives created: 1
21:17:13 | INFO: Extracting primitive: storm_shop_luncheonette_piecase__timber
21:17:13 | INFO: Primitives created: 1
21:17:13 | INFO: Extracting primitive: storm_shop_luncheonette_urn0__brass_dull
21:17:13 | INFO: Primitives created: 1
21:17:13 | INFO: Extracting primitive: storm_shop_luncheonette_urn0__glassish
21:17:13 | INFO: Primitives created: 1
21:17:13 | INFO: Extracting primitive: storm_shop_luncheonette_urn0__nickel_plated
21:17:13 | INFO: Primitives created: 1
21:17:13 | INFO: Extracting primitive: storm_shop_luncheonette_urn1__brass_dull
21:17:13 | INFO: Primitives created: 1
21:17:13 | INFO: Extracting primitive: storm_shop_luncheonette_urn1__glassish
21:17:13 | INFO: Primitives created: 1
21:17:13 | INFO: Extracting primitive: storm_shop_luncheonette_urn1__nickel_plated
21:17:13 | INFO: Primitives created: 1
21:17:13 | INFO: Finished glTF 2.0 export in 0.031880855560302734 s

DINER URNS 9 original records; 3 assemblies; 38 closed stocks; 9 parts; 12472 triangles; 12 foot contacts

Blender quit
