Godot Engine v4.7.1.stable.official.a13da4feb - https://godotengine.org
Vulkan 1.4.341 - Forward+ - Using Device #0: NVIDIA - NVIDIA GeForce RTX 4080

[ACOUSTIC] 550 nodes loaded
ORISON V2 BLOCKOUT: 200 spaces / 111 doors / 1104 anchors
[V2 FRONT COURT ROOF] three seated girders; retained roof slabs; mapped exterior concrete
[V2 BODEGA POWER] independent inlet; four existing fittings; 20 bearings
[SURFACE] 1103 surfaces layered (387 materials)
[PASSAGE HOURS] OPEN; 10 grilles folded
[PASSAGE HOURS] 11 shopfronts, 10 close after 02:00, HARDWARE PAINT keeps night service
[PASSAGE FINISH] 6 gated draws, 3 handcarts, hours active
[V2 PASSAGE] 13 resident cells; 11 doors; 1 shared-service counters
[SURFACE] 170 surfaces layered (81 materials)
[HARUKIYA] 9 interactables placed
[ARCADE] 2 cabinet(s) from a catalog of 12: SOMETHING IN THE HALL (mystery_serial), OPERATIONS (farm_and_market)
[ARCADE] all of them are running arcade_pit
[V2 BAR] retained cell; 29 registered markers; 3 doors
[V2 FRONT FACADE] native entrance, original landmark hardware, glazed marquee and fitted blade
[SCHEDULE] director live: 18 residents on the clock
[MOVES] personal library: res://assets/characters/mina_vale/mina_vale_moves.glb
SOURCE PARAPET MATERIAL ROOF_PARAPET_EAST brick 
SOURCE PARAPET MATERIAL ROOF_PARAPET_NORTH brick 
SOURCE PARAPET MATERIAL ROOF_PARAPET_SOUTH brick 
SOURCE PARAPET MATERIAL ROOF_PARAPET_WEST brick 
[ORISON V2 RUNTIME] ready startup_ms=29680.948
[LIGHTING] 207 sources active in system; 207 full personalities; profiles steady/breathe/mains/beat/dropout=[50, 45, 36, 42, 34]
CAP MAPPING: mesh=funeral_foliage_storm_shop_funeral_parlour_palm_pot_e__foliage valid_basis=true max_uv_excess=0.00000008800998 widest=1.00011036027894 vertices=84297 derivatives=true bad_derivatives=0 min_determinant=0.00000055725427 worst_dot=0.99999982118607
CAP MAPPING: mesh=funeral_foliage_storm_shop_funeral_parlour_palm_pot_e__palm_stem valid_basis=true max_uv_excess=0.00000011920929 widest=1.00010010220396 vertices=14800 derivatives=true bad_derivatives=0 min_determinant=0.00000070442469 worst_dot=0.99999982118607
CAP MAPPING: mesh=funeral_foliage_storm_shop_funeral_parlour_palm_pot_e__pot_brass valid_basis=true max_uv_excess=0.00000007450581 widest=1.0000036792977 vertices=4145 derivatives=true bad_derivatives=0 min_determinant=0.00000030607012 worst_dot=0.99999910593033
CAP MAPPING: mesh=funeral_foliage_storm_shop_funeral_parlour_palm_pot_e__soil valid_basis=true max_uv_excess=0.00000005960464 widest=1.00000246218618 vertices=1085 derivatives=true bad_derivatives=0 min_determinant=0.00000070631577 worst_dot=0.99999737739563
CAP MAPPING: mesh=funeral_foliage_storm_shop_funeral_parlour_palm_pot_w__foliage valid_basis=true max_uv_excess=0.00000008568168 widest=1.000116880587 vertices=84162 derivatives=true bad_derivatives=0 min_determinant=0.00000055784901 worst_dot=0.99999982118607
CAP MAPPING: mesh=funeral_foliage_storm_shop_funeral_parlour_palm_pot_w__palm_stem valid_basis=true max_uv_excess=0.00000011920929 widest=1.00009755151566 vertices=14805 derivatives=true bad_derivatives=0 min_determinant=0.00000070451708 worst_dot=0.99999982118607
CAP MAPPING: mesh=funeral_foliage_storm_shop_funeral_parlour_palm_pot_w__pot_brass valid_basis=true max_uv_excess=0.00000008940697 widest=1.0000036792977 vertices=4145 derivatives=true bad_derivatives=0 min_determinant=0.00000030607012 worst_dot=0.99999910593033
CAP MAPPING: mesh=funeral_foliage_storm_shop_funeral_parlour_palm_pot_w__soil valid_basis=true max_uv_excess=0.00000006332994 widest=1.0000027619469 vertices=1013 derivatives=true bad_derivatives=0 min_determinant=0.00000070676281 worst_dot=0.99999815225601
CAP MAPPING: mesh=funeral_foliage_storm_shop_funeral_parlour_stand__foliage valid_basis=true max_uv_excess=0.00000008754432 widest=1.00010513602965 vertices=24764 derivatives=true bad_derivatives=0 min_determinant=0.00000055883877 worst_dot=0.99999988079071
CAP MAPPING: mesh=funeral_foliage_storm_shop_funeral_parlour_stand__stand_frame valid_basis=true max_uv_excess=0.0000001109438 widest=1.00026923777996 vertices=8508 derivatives=true bad_derivatives=0 min_determinant=0.0000001156419 worst_dot=0.99999982118607
CAP MAPPING: mesh=funeral_foliage_storm_shop_funeral_parlour_stand__wreath_twig valid_basis=true max_uv_excess=0.00000010989606 widest=1.00000517168595 vertices=786 derivatives=true bad_derivatives=0 min_determinant=0.0003998570132 worst_dot=1.0
CAP MAPPING: mesh=funeral_foliage_storm_shop_funeral_parlour_stand_e__foliage valid_basis=true max_uv_excess=0.00000008678762 widest=1.00010846165295 vertices=24545 derivatives=true bad_derivatives=0 min_determinant=0.00000055846336 worst_dot=0.99999988079071
CAP MAPPING: mesh=funeral_foliage_storm_shop_funeral_parlour_stand_e__stand_frame valid_basis=true max_uv_excess=0.00000010954682 widest=1.00029807336937 vertices=8566 derivatives=true bad_derivatives=0 min_determinant=0.0000001156419 worst_dot=0.99999982118607
CAP MAPPING: mesh=funeral_foliage_storm_shop_funeral_parlour_stand_e__wreath_twig valid_basis=true max_uv_excess=0.00000008940697 widest=1.00000645864072 vertices=780 derivatives=true bad_derivatives=0 min_determinant=0.0003083795092 worst_dot=1.0
[HARUKIYA] OPEN, 18 fixtures
FUNERAL FOLIAGE: checks=268 parts=14 triangles=96944 removed=96 supports=16 failures=0
