00:00.047  reports          | WARNING Unable to open 'C:\Users\nate_\AppData\Roaming\Blender Foundation\Blender\5.2\config\userpref.blend': Permission denied
Blender 5.2.0 LTS (hash fbe6228777e7 built 2026-07-14 01:35:40)
00:01.562  blend            | Read blend: "C:\PleaseRemainOnTheLine\tmp\v2-finish-review\funeral-foliage-stage\art\blender\funeral_foliage.blend"
C:\PleaseRemainOnTheLine\tmp\v2-finish-review\funeral-foliage-stage\art\blender\scripts\inspect_funeral_foliage.py:52: DeprecationWarning: 'World.use_nodes' is expected to be removed in Blender 6.0
  scene.world=bpy.data.worlds.new('Inspection');scene.world.use_nodes=True;scene.world.node_tree.nodes['Background'].inputs[0].default_value=(.5,.55,.6,1);scene.world.node_tree.nodes['Background'].inputs[1].default_value=.7
06:55:29 | INFO: Data are loaded, start creating Blender stuff
06:55:29 | INFO: Blender create Mesh node F01_OWN_SHOP_FUNERAL_PARLOUR_retail_shop_funeral_parlour_awning_vinyl-col
06:55:29 | INFO: Blender create Mesh node F01_OWN_SHOP_FUNERAL_PARLOUR_retail_shop_funeral_parlour_brass_bright-col
06:55:29 | INFO: Blender create Mesh node F01_OWN_SHOP_FUNERAL_PARLOUR_retail_shop_funeral_parlour_brass_dull-col
06:55:29 | INFO: Blender create Mesh node F01_OWN_SHOP_FUNERAL_PARLOUR_retail_shop_funeral_parlour_bronze-col
06:55:29 | INFO: Blender create Mesh node F01_OWN_SHOP_FUNERAL_PARLOUR_retail_shop_funeral_parlour_concrete-col
06:55:29 | INFO: Blender create Mesh node F01_OWN_SHOP_FUNERAL_PARLOUR_retail_shop_funeral_parlour_floor_oak-col
06:55:29 | INFO: Blender create Mesh node F01_OWN_SHOP_FUNERAL_PARLOUR_retail_shop_funeral_parlour_glassish-col
06:55:29 | INFO: Blender create Mesh node F01_OWN_SHOP_FUNERAL_PARLOUR_retail_shop_funeral_parlour_limestone-col
06:55:29 | INFO: Blender create Mesh node F01_OWN_SHOP_FUNERAL_PARLOUR_retail_shop_funeral_parlour_linen-col
06:55:29 | INFO: Blender create Mesh node F01_OWN_SHOP_FUNERAL_PARLOUR_retail_shop_funeral_parlour_metal-col
06:55:29 | INFO: Blender create Mesh node F01_OWN_SHOP_FUNERAL_PARLOUR_retail_shop_funeral_parlour_milk_glass-col
06:55:29 | INFO: Blender create Mesh node F01_OWN_SHOP_FUNERAL_PARLOUR_retail_shop_funeral_parlour_oak_quartered-col
06:55:29 | INFO: Blender create Mesh node F01_OWN_SHOP_FUNERAL_PARLOUR_retail_shop_funeral_parlour_paper-col
06:55:29 | INFO: Blender create Mesh node F01_OWN_SHOP_FUNERAL_PARLOUR_retail_shop_funeral_parlour_plant-col
06:55:29 | INFO: Blender create Mesh node F01_OWN_SHOP_FUNERAL_PARLOUR_retail_shop_funeral_parlour_plaster-col
06:55:29 | INFO: Blender create Mesh node F01_OWN_SHOP_FUNERAL_PARLOUR_retail_shop_funeral_parlour_plaster_stained-col
06:55:29 | INFO: Blender create Mesh node F01_OWN_SHOP_FUNERAL_PARLOUR_retail_shop_funeral_parlour_plywood-col
06:55:29 | INFO: Blender create Mesh node F01_OWN_SHOP_FUNERAL_PARLOUR_retail_shop_funeral_parlour_soot-col
06:55:29 | INFO: Blender create Mesh node F01_OWN_SHOP_FUNERAL_PARLOUR_retail_shop_funeral_parlour_tin_ceiling-col
06:55:29 | INFO: Blender create Mesh node F01_OWN_SHOP_FUNERAL_PARLOUR_retail_shop_funeral_parlour_trim-col
06:55:29 | INFO: Blender create Mesh node F01_OWN_SHOP_FUNERAL_PARLOUR_retail_shop_funeral_parlour_vinyl_oxblood-col
06:55:29 | INFO: Blender create Mesh node F01_OWN_SHOP_FUNERAL_PARLOUR_retail_shop_funeral_parlour_wainscot-col
06:55:29 | INFO: Blender create Mesh node F01_OWN_SHOP_FUNERAL_PARLOUR_retail_shop_funeral_parlour_wood_dark-col
06:55:29 | INFO: Blender create Mesh node F01_OWN_SHOP_FUNERAL_PARLOUR_wear_fx_scuff
06:55:29 | INFO: glTF import finished in 0.11s
06:55:29 | INFO: Data are loaded, start creating Blender stuff
06:55:29 | INFO: Blender create Mesh node site_rear_funeral_parlour_chapel_pew0__wood_dark
06:55:29 | INFO: Blender create Mesh node site_rear_funeral_parlour_chapel_pew1__wood_dark
06:55:29 | INFO: Blender create Mesh node storm_shop_funeral_parlour_chair0_0__wood_dark
06:55:29 | INFO: Blender create Mesh node storm_shop_funeral_parlour_chair0_1__wood_dark
06:55:29 | INFO: Blender create Mesh node storm_shop_funeral_parlour_chair0_2__wood_dark
06:55:29 | INFO: Blender create Mesh node storm_shop_funeral_parlour_chair0_3__wood_dark
06:55:29 | INFO: Blender create Mesh node storm_shop_funeral_parlour_chair1_0__wood_dark
06:55:29 | INFO: Blender create Mesh node storm_shop_funeral_parlour_chair1_1__wood_dark
06:55:29 | INFO: Blender create Mesh node storm_shop_funeral_parlour_chair1_2__wood_dark
06:55:29 | INFO: Blender create Mesh node storm_shop_funeral_parlour_chair1_3__wood_dark
06:55:29 | INFO: Blender create Mesh node storm_shop_funeral_parlour_chair2_0__wood_dark
06:55:29 | INFO: Blender create Mesh node storm_shop_funeral_parlour_chair2_1__wood_dark
06:55:29 | INFO: Blender create Mesh node storm_shop_funeral_parlour_chair2_2__wood_dark
06:55:29 | INFO: Blender create Mesh node storm_shop_funeral_parlour_chair2_3__wood_dark
06:55:29 | INFO: Blender create Mesh node storm_shop_funeral_parlour_chair3_0__wood_dark
06:55:29 | INFO: Blender create Mesh node storm_shop_funeral_parlour_chair3_1__wood_dark
06:55:29 | INFO: Blender create Mesh node storm_shop_funeral_parlour_chair3_2__wood_dark
06:55:29 | INFO: Blender create Mesh node storm_shop_funeral_parlour_chair3_3__wood_dark
06:55:29 | INFO: Blender create Mesh node storm_shop_luncheonette_stool0__chrome
06:55:29 | INFO: Blender create Mesh node storm_shop_luncheonette_stool0__vinyl_oxblood
06:55:29 | INFO: Blender create Mesh node storm_shop_luncheonette_stool1__chrome
06:55:29 | INFO: Blender create Mesh node storm_shop_luncheonette_stool1__vinyl_oxblood
06:55:29 | INFO: Blender create Mesh node storm_shop_luncheonette_stool2__chrome
06:55:29 | INFO: Blender create Mesh node storm_shop_luncheonette_stool2__vinyl_oxblood
06:55:29 | INFO: Blender create Mesh node storm_shop_luncheonette_stool3__chrome
06:55:29 | INFO: Blender create Mesh node storm_shop_luncheonette_stool3__vinyl_oxblood
06:55:29 | INFO: Blender create Mesh node storm_shop_luncheonette_stool4__chrome
06:55:29 | INFO: Blender create Mesh node storm_shop_luncheonette_stool4__vinyl_oxblood
06:55:29 | INFO: Blender create Mesh node storm_shop_luncheonette_stool5__chrome
06:55:29 | INFO: Blender create Mesh node storm_shop_luncheonette_stool5__vinyl_oxblood
06:55:29 | INFO: Blender create Mesh node storm_shop_luncheonette_stool6__chrome
06:55:29 | INFO: Blender create Mesh node storm_shop_luncheonette_stool6__vinyl_oxblood
06:55:29 | INFO: Blender create Mesh node storm_shop_luncheonette_stool7__chrome
06:55:29 | INFO: Blender create Mesh node storm_shop_luncheonette_stool7__vinyl_oxblood
06:55:29 | INFO: Blender create Mesh node storm_shop_otis___son_stool0__chrome
06:55:29 | INFO: Blender create Mesh node storm_shop_otis___son_stool0__vinyl_oxblood
06:55:29 | INFO: Blender create Mesh node storm_shop_otis___son_stool1__chrome
06:55:29 | INFO: Blender create Mesh node storm_shop_otis___son_stool1__vinyl_oxblood
06:55:29 | INFO: Blender create Mesh node storm_shop_otis___son_stool2__chrome
06:55:29 | INFO: Blender create Mesh node storm_shop_otis___son_stool2__vinyl_oxblood
06:55:29 | INFO: Blender create Mesh node storm_shop_otis___son_stool3__chrome
06:55:29 | INFO: Blender create Mesh node storm_shop_otis___son_stool3__vinyl_oxblood
06:55:29 | INFO: glTF import finished in 0.22s
06:55:29 | INFO: Data are loaded, start creating Blender stuff
06:55:29 | INFO: Blender create Mesh node storm_shop_funeral_parlour_bier__bier_deck
06:55:29 | INFO: Blender create Mesh node storm_shop_funeral_parlour_bier__bier_frame
06:55:29 | INFO: Blender create Mesh node storm_shop_funeral_parlour_lectern__book_cover
06:55:29 | INFO: Blender create Mesh node storm_shop_funeral_parlour_lectern__book_pages
06:55:29 | INFO: Blender create Mesh node storm_shop_funeral_parlour_lectern__lectern_body
06:55:29 | INFO: Blender create Mesh node storm_shop_funeral_parlour_lectern__lectern_top
06:55:29 | INFO: glTF import finished in 0.04s
06:55:29 | INFO: Data are loaded, start creating Blender stuff
06:55:29 | INFO: Blender create Mesh node storm_shop_funeral_parlour_drape0__curtain_cloth
06:55:29 | INFO: Blender create Mesh node storm_shop_funeral_parlour_drape0__curtain_iron
06:55:29 | INFO: Blender create Mesh node storm_shop_funeral_parlour_drape6__curtain_cloth
06:55:29 | INFO: Blender create Mesh node storm_shop_funeral_parlour_drape6__curtain_iron
06:55:29 | INFO: glTF import finished in 0.19s
00:05.906  render           | Saved: 'C:\PleaseRemainOnTheLine\tmp\v2-finish-review\funeral-foliage-native\wreath0_front.png'
00:08.078  render           | Saved: 'C:\PleaseRemainOnTheLine\tmp\v2-finish-review\funeral-foliage-native\wreath0_leaf_ring.png'
00:09.750  render           | Saved: 'C:\PleaseRemainOnTheLine\tmp\v2-finish-review\funeral-foliage-native\wreath0_stand.png'
00:11.234  render           | Saved: 'C:\PleaseRemainOnTheLine\tmp\v2-finish-review\funeral-foliage-native\wreath1_front.png'
00:13.484  render           | Saved: 'C:\PleaseRemainOnTheLine\tmp\v2-finish-review\funeral-foliage-native\wreath1_leaf_ring.png'
00:15.265  render           | Saved: 'C:\PleaseRemainOnTheLine\tmp\v2-finish-review\funeral-foliage-native\wreath1_stand.png'
00:16.765  render           | Saved: 'C:\PleaseRemainOnTheLine\tmp\v2-finish-review\funeral-foliage-native\palm2_front.png'
00:18.234  render           | Saved: 'C:\PleaseRemainOnTheLine\tmp\v2-finish-review\funeral-foliage-native\palm2_rear.png'
00:20.453  render           | Saved: 'C:\PleaseRemainOnTheLine\tmp\v2-finish-review\funeral-foliage-native\palm2_open_pot.png'
00:22.422  render           | Saved: 'C:\PleaseRemainOnTheLine\tmp\v2-finish-review\funeral-foliage-native\palm2_pinnae.png'
00:23.906  render           | Saved: 'C:\PleaseRemainOnTheLine\tmp\v2-finish-review\funeral-foliage-native\palm3_front.png'
00:25.406  render           | Saved: 'C:\PleaseRemainOnTheLine\tmp\v2-finish-review\funeral-foliage-native\palm3_rear.png'
00:27.656  render           | Saved: 'C:\PleaseRemainOnTheLine\tmp\v2-finish-review\funeral-foliage-native\palm3_open_pot.png'
00:29.625  render           | Saved: 'C:\PleaseRemainOnTheLine\tmp\v2-finish-review\funeral-foliage-native\palm3_pinnae.png'
FUNERAL FOLIAGE NATIVE QA 742 closed connected stocks; 4 joined assemblies; 16 floor samples; 14 views

Blender quit
