00:00.062  reports          | WARNING Unable to open 'C:\Users\nate_\AppData\Roaming\Blender Foundation\Blender\5.2\config\userpref.blend': Permission denied
Blender 5.2.0 LTS (hash fbe6228777e7 built 2026-07-14 01:35:40)
00:01.359  blend            | Read blend: "C:\PleaseRemainOnTheLine\tmp\v2-finish-review\funeral-foliage-stage\art\blender\funeral_foliage.blend"
06:53:32 | INFO: Data are loaded, start creating Blender stuff
06:53:32 | INFO: Blender create Mesh node F01_OWN_SHOP_FUNERAL_PARLOUR_retail_shop_funeral_parlour_awning_vinyl-col
06:53:32 | INFO: Blender create Mesh node F01_OWN_SHOP_FUNERAL_PARLOUR_retail_shop_funeral_parlour_brass_bright-col
06:53:32 | INFO: Blender create Mesh node F01_OWN_SHOP_FUNERAL_PARLOUR_retail_shop_funeral_parlour_brass_dull-col
06:53:32 | INFO: Blender create Mesh node F01_OWN_SHOP_FUNERAL_PARLOUR_retail_shop_funeral_parlour_bronze-col
06:53:32 | INFO: Blender create Mesh node F01_OWN_SHOP_FUNERAL_PARLOUR_retail_shop_funeral_parlour_concrete-col
06:53:32 | INFO: Blender create Mesh node F01_OWN_SHOP_FUNERAL_PARLOUR_retail_shop_funeral_parlour_floor_oak-col
06:53:32 | INFO: Blender create Mesh node F01_OWN_SHOP_FUNERAL_PARLOUR_retail_shop_funeral_parlour_glassish-col
06:53:32 | INFO: Blender create Mesh node F01_OWN_SHOP_FUNERAL_PARLOUR_retail_shop_funeral_parlour_limestone-col
06:53:32 | INFO: Blender create Mesh node F01_OWN_SHOP_FUNERAL_PARLOUR_retail_shop_funeral_parlour_linen-col
06:53:32 | INFO: Blender create Mesh node F01_OWN_SHOP_FUNERAL_PARLOUR_retail_shop_funeral_parlour_metal-col
06:53:32 | INFO: Blender create Mesh node F01_OWN_SHOP_FUNERAL_PARLOUR_retail_shop_funeral_parlour_milk_glass-col
06:53:32 | INFO: Blender create Mesh node F01_OWN_SHOP_FUNERAL_PARLOUR_retail_shop_funeral_parlour_oak_quartered-col
06:53:32 | INFO: Blender create Mesh node F01_OWN_SHOP_FUNERAL_PARLOUR_retail_shop_funeral_parlour_paper-col
06:53:32 | INFO: Blender create Mesh node F01_OWN_SHOP_FUNERAL_PARLOUR_retail_shop_funeral_parlour_plant-col
06:53:32 | INFO: Blender create Mesh node F01_OWN_SHOP_FUNERAL_PARLOUR_retail_shop_funeral_parlour_plaster-col
06:53:32 | INFO: Blender create Mesh node F01_OWN_SHOP_FUNERAL_PARLOUR_retail_shop_funeral_parlour_plaster_stained-col
06:53:32 | INFO: Blender create Mesh node F01_OWN_SHOP_FUNERAL_PARLOUR_retail_shop_funeral_parlour_plywood-col
06:53:32 | INFO: Blender create Mesh node F01_OWN_SHOP_FUNERAL_PARLOUR_retail_shop_funeral_parlour_soot-col
06:53:32 | INFO: Blender create Mesh node F01_OWN_SHOP_FUNERAL_PARLOUR_retail_shop_funeral_parlour_tin_ceiling-col
06:53:32 | INFO: Blender create Mesh node F01_OWN_SHOP_FUNERAL_PARLOUR_retail_shop_funeral_parlour_trim-col
06:53:32 | INFO: Blender create Mesh node F01_OWN_SHOP_FUNERAL_PARLOUR_retail_shop_funeral_parlour_vinyl_oxblood-col
06:53:32 | INFO: Blender create Mesh node F01_OWN_SHOP_FUNERAL_PARLOUR_retail_shop_funeral_parlour_wainscot-col
06:53:32 | INFO: Blender create Mesh node F01_OWN_SHOP_FUNERAL_PARLOUR_retail_shop_funeral_parlour_wood_dark-col
06:53:32 | INFO: Blender create Mesh node F01_OWN_SHOP_FUNERAL_PARLOUR_wear_fx_scuff
06:53:32 | INFO: glTF import finished in 0.11s
ACTUAL RAW SOURCE BOX INTERSECTIONS {'storm_shop_funeral_parlour_boh_door': 66} unmatched []

Blender quit
