Godot Engine v4.7.1.stable.official.a13da4feb - https://godotengine.org
Vulkan 1.4.341 - Forward+ - Using Device #0: NVIDIA - NVIDIA GeForce RTX 4080

[ACOUSTIC] 550 nodes loaded
ORISON V2 BLOCKOUT: 200 spaces / 111 doors / 1104 anchors
[V2 FRONT COURT ROOF] three seated girders; retained roof slabs; mapped exterior concrete
[V2 BODEGA POWER] independent inlet; four existing fittings; 20 bearings
[SURFACE] 475 surfaces layered (304 materials)
[PASSAGE HOURS] OPEN; 10 grilles folded
[PASSAGE HOURS] 11 shopfronts, 10 close after 02:00, HARDWARE PAINT keeps night service
[PASSAGE FINISH] 6 gated draws, 3 handcarts, hours active
[V2 PASSAGE] 13 resident cells; 11 doors; 1 shared-service counters
[SURFACE] 170 surfaces layered (81 materials)
[HARUKIYA] 9 interactables placed
[ARCADE] 2 cabinet(s) from a catalog of 12: SOMETHING IN THE HALL (mystery_serial), OPERATIONS (farm_and_market)
[ARCADE] all of them are running arcade_pit
[V2 BAR] retained cell; 29 registered markers; 3 doors
[V2 FRONT FACADE] native entrance, original landmark hardware, glazed marquee and fitted blade
[SCHEDULE] director live: 18 residents on the clock
[MOVES] personal library: res://assets/characters/mina_vale/mina_vale_moves.glb
SOURCE PARAPET MATERIAL ROOF_PARAPET_EAST brick 
SOURCE PARAPET MATERIAL ROOF_PARAPET_NORTH brick 
SOURCE PARAPET MATERIAL ROOF_PARAPET_SOUTH brick 
SOURCE PARAPET MATERIAL ROOF_PARAPET_WEST brick 
[ORISON V2 RUNTIME] ready startup_ms=23484.756
[LIGHTING] 207 sources active in system; 207 full personalities; profiles steady/breathe/mains/beat/dropout=[50, 45, 36, 42, 34]
[HARUKIYA] OPEN, 18 fixtures
SPACE SWEEP: B1_LAUNDRY captured_pending_visual_review
SPACE SWEEP: B1_PUBLIC_CORE captured_pending_visual_review
SPACE SWEEP: B1_BOILER_APPROACH captured_pending_visual_review
SPACE SWEEP: B1_BOILER_ROOM captured_pending_visual_review
SPACE SWEEP: F01_STREET_APRON captured_pending_visual_review
SPACE SWEEP: F01_REAR_APRON captured_pending_visual_review
SPACE SWEEP: F01_VESTIBULE captured_pending_visual_review
SPACE SWEEP: F01_LOBBY captured_pending_visual_review
SPACE SWEEP: F01_WATCH captured_pending_visual_review
SPACE SWEEP: F01_MAIL_TELEPHONE captured_pending_visual_review
SPACE SWEEP: F01_PACKAGE captured_pending_visual_review
SPACE SWEEP: F01_COMMON_B captured_pending_visual_review
SPACE SWEEP: F01_PUBLIC_CORE captured_pending_visual_review
SPACE SWEEP: F01_CORE_TO_SERVICE captured_pending_visual_review
SPACE SWEEP: F01_SERVICE_HALL captured_pending_visual_review
SPACE SWEEP: F01_SERVICE_CORE captured_pending_visual_review
SPACE SWEEP: F02_LANDING captured_pending_visual_review
SPACE SWEEP: F02_WEST_HALL captured_pending_visual_review
SPACE SWEEP: F02_A_VESTIBULE captured_pending_visual_review
SPACE SWEEP: F02_A_MAIN captured_pending_visual_review
SPACE SWEEP: F02_A_KITCHEN captured_pending_visual_review
SPACE SWEEP: F02_A_PRIVATE_HALL captured_pending_visual_review
SPACE SWEEP: F02_A_BATH captured_pending_visual_review
SPACE SWEEP: F02_A_BED captured_pending_visual_review
SPACE SWEEP: F02_PUBLIC_CORE captured_pending_visual_review
SPACE SWEEP: F02_EAST_HALL captured_pending_visual_review
SPACE SWEEP: F02_SERVICE_CROSSING captured_pending_visual_review
SPACE SWEEP: F02_B_VESTIBULE captured_pending_visual_review
SPACE SWEEP: F02_B_MAIN captured_pending_visual_review
SPACE SWEEP: F02_B_KITCHEN captured_pending_visual_review
[SURFACE] 33 surfaces layered (20 materials)
[SURFACE] 173 surfaces layered (52 materials)
[SURFACE] 192 surfaces layered (71 materials)
[SURFACE] 211 surfaces layered (90 materials)
[SURFACE] 231 surfaces layered (110 materials)
[SURFACE] 271 surfaces layered (133 materials)
[SURFACE] 301 surfaces layered (161 materials)
[SURFACE] 331 surfaces layered (189 materials)
[SURFACE] 361 surfaces layered (217 materials)
[SURFACE] 384 surfaces layered (238 materials)
[SURFACE] 420 surfaces layered (268 materials)
[SURFACE] 465 surfaces layered (297 materials)
SPACE SWEEP: F02_B_BED captured_pending_visual_review
SPACE SWEEP: F02_B_PRIVATE_HALL captured_pending_visual_review
SPACE SWEEP: F02_B_BATH captured_pending_visual_review
SPACE SWEEP: F02_SERVICE_HALL captured_pending_visual_review
SPACE SWEEP: F02_SERVICE_HALL_SOUTH captured_pending_visual_review
SPACE SWEEP: F02_SERVICE_CORE captured_pending_visual_review
SPACE SWEEP: F03_PUBLIC_CORE captured_pending_visual_review
SPACE SWEEP: F03_SERVICE_CORE captured_pending_visual_review
SPACE SWEEP: F04_LANDING captured_pending_visual_review
SPACE SWEEP: F04_WEST_HALL captured_pending_visual_review
SPACE SWEEP: F04_B_VESTIBULE captured_pending_visual_review
SPACE SWEEP: F04_B_MAIN captured_pending_visual_review
SPACE SWEEP: F04_B_KITCHEN captured_pending_visual_review
SPACE SWEEP: F04_B_PRIVATE_HALL captured_pending_visual_review
SPACE SWEEP: F04_B_ALCOVE_APPROACH captured_pending_visual_review
SPACE SWEEP: F04_B_BATH captured_pending_visual_review
SPACE SWEEP: F04_B_CLOSET captured_pending_visual_review
SPACE SWEEP: F04_B_ALCOVE captured_pending_visual_review
SPACE SWEEP: F04_PUBLIC_CORE captured_pending_visual_review
SPACE SWEEP: F04_SERVICE_HALL captured_pending_visual_review
SPACE SWEEP: F04_SERVICE_CORE captured_pending_visual_review
SPACE SWEEP: F03_LANDING captured_pending_visual_review
SPACE SWEEP: F03_EAST_HALL captured_pending_visual_review
SPACE SWEEP: F03_SERVICE_CROSSING captured_pending_visual_review
SPACE SWEEP: F03_SERVICE_HALL captured_pending_visual_review
SPACE SWEEP: F03_SERVICE_HALL_SOUTH captured_pending_visual_review
SPACE SWEEP: F03_B_VESTIBULE captured_pending_visual_review
SPACE SWEEP: F03_B_MAIN captured_pending_visual_review
SPACE SWEEP: F03_B_KITCHEN captured_pending_visual_review
SPACE SWEEP: F03_B_PRIVATE_HALL captured_pending_visual_review
SPACE SWEEP: F03_B_ALCOVE captured_pending_visual_review
SPACE SWEEP: F03_B_BATH captured_pending_visual_review
SPACE SWEEP: F03_A_VESTIBULE captured_pending_visual_review
SPACE SWEEP: F03_A_MAIN captured_pending_visual_review
SPACE SWEEP: F03_A_KITCHEN captured_pending_visual_review
SPACE SWEEP: F03_A_PRIVATE_HALL captured_pending_visual_review
SPACE SWEEP: F03_A_BATH captured_pending_visual_review
SPACE SWEEP: F03_A_BED captured_pending_visual_review
SPACE SWEEP: F04_A_VESTIBULE captured_pending_visual_review
SPACE SWEEP: F04_A_MAIN captured_pending_visual_review
SPACE SWEEP: F04_A_KITCHEN captured_pending_visual_review
SPACE SWEEP: F04_A_BED captured_pending_visual_review
SPACE SWEEP: F04_A_PRIVATE_HALL captured_pending_visual_review
SPACE SWEEP: F04_A_BATH captured_pending_visual_review
SPACE SWEEP: F03_WEST_HALL captured_pending_visual_review
SPACE SWEEP: F04_EAST_HALL captured_pending_visual_review
SPACE SWEEP: F04_SERVICE_CROSSING captured_pending_visual_review
SPACE SWEEP: F04_SERVICE_HALL_SOUTH captured_pending_visual_review
SPACE SWEEP: F05_PUBLIC_CORE captured_pending_visual_review
SPACE SWEEP: F05_SERVICE_CORE captured_pending_visual_review
SPACE SWEEP: F05_SERVICE_HALL captured_pending_visual_review
SPACE SWEEP: F05_EAST_HALL captured_pending_visual_review
SPACE SWEEP: F05_SERVICE_CROSSING captured_pending_visual_review
SPACE SWEEP: F05_SERVICE_HALL_SOUTH captured_pending_visual_review
SPACE SWEEP: F05_WEST_HALL captured_pending_visual_review
SPACE SWEEP: F05_A_MAIN captured_pending_visual_review
SPACE SWEEP: F05_A_VESTIBULE captured_pending_visual_review
SPACE SWEEP: F05_A_PRIVATE_HALL captured_pending_visual_review
SPACE SWEEP: F05_A_BATH captured_pending_visual_review
SPACE SWEEP: F05_A_BED captured_pending_visual_review
SPACE SWEEP: F05_A_KITCHEN captured_pending_visual_review
SPACE SWEEP: F05_A_STUDY captured_pending_visual_review
SPACE SWEEP: F05_B_MAIN captured_pending_visual_review
SPACE SWEEP: F05_B_VESTIBULE captured_pending_visual_review
SPACE SWEEP: F05_B_BATH captured_pending_visual_review
SPACE SWEEP: F05_B_ALCOVE captured_pending_visual_review
SPACE SWEEP: F05_B_PRIVATE_HALL captured_pending_visual_review
SPACE SWEEP: F05_B_KITCHEN captured_pending_visual_review
SPACE SWEEP: F05_C_VESTIBULE captured_pending_visual_review
SPACE SWEEP: F05_C_MAIN captured_pending_visual_review
SPACE SWEEP: F05_C_STUDIO captured_pending_visual_review
SPACE SWEEP: F05_C_PRIVATE_HALL captured_pending_visual_review
SPACE SWEEP: F05_C_BATH captured_pending_visual_review
SPACE SWEEP: F05_C_KITCHEN captured_pending_visual_review
SPACE SWEEP: F05_C_BED1 captured_pending_visual_review
SPACE SWEEP: F05_C_BED2 captured_pending_visual_review
SPACE SWEEP: F05_D_RESTRICTED captured_pending_visual_review
SPACE SWEEP: F06_PUBLIC_CORE captured_pending_visual_review
SPACE SWEEP: F06_SERVICE_CORE captured_pending_visual_review
SPACE SWEEP: F06_SERVICE_HALL captured_pending_visual_review
SPACE SWEEP: F06_EAST_HALL captured_pending_visual_review
SPACE SWEEP: F06_SERVICE_CROSSING captured_pending_visual_review
SPACE SWEEP: F06_SERVICE_HALL_SOUTH captured_pending_visual_review
SPACE SWEEP: F06_WEST_HALL captured_pending_visual_review
SPACE SWEEP: F06_A_MAIN captured_pending_visual_review
SPACE SWEEP: F06_A_VESTIBULE captured_pending_visual_review
SPACE SWEEP: F06_A_PRIVATE_HALL captured_pending_visual_review
SPACE SWEEP: F06_A_BATH captured_pending_visual_review
SPACE SWEEP: F06_A_BED captured_pending_visual_review
SPACE SWEEP: F06_A_KITCHEN captured_pending_visual_review
SPACE SWEEP: F06_A_STUDY captured_pending_visual_review
SPACE SWEEP: F06_B_MAIN captured_pending_visual_review
SPACE SWEEP: F06_B_VESTIBULE captured_pending_visual_review
SPACE SWEEP: F06_B_BATH captured_pending_visual_review
SPACE SWEEP: F06_B_ALCOVE captured_pending_visual_review
SPACE SWEEP: F06_B_PRIVATE_HALL captured_pending_visual_review
SPACE SWEEP: F06_B_KITCHEN captured_pending_visual_review
SPACE SWEEP: F06_C_VESTIBULE captured_pending_visual_review
SPACE SWEEP: F06_C_MAIN captured_pending_visual_review
SPACE SWEEP: F06_C_STUDIO captured_pending_visual_review
SPACE SWEEP: F06_C_PRIVATE_HALL captured_pending_visual_review
SPACE SWEEP: F06_C_BATH captured_pending_visual_review
SPACE SWEEP: F06_C_KITCHEN captured_pending_visual_review
SPACE SWEEP: F06_C_BED1 captured_pending_visual_review
SPACE SWEEP: F06_C_BED2 captured_pending_visual_review
SPACE SWEEP: F06_D_RESTRICTED captured_pending_visual_review
SPACE SWEEP: ROOF_PUBLIC_CORE captured_pending_visual_review
SPACE SWEEP: ROOF_SERVICE_CORE captured_pending_visual_review
SPACE SWEEP: ROOF_DECK_WEST captured_pending_visual_review
SPACE SWEEP: ROOF_DECK_SOUTH captured_pending_visual_review
SPACE SWEEP: ROOF_DECK_NORTH captured_pending_visual_review
SPACE SWEEP: ROOF_DECK_MIDDLE captured_pending_visual_review
SPACE SWEEP: ROOF_DECK_EAST captured_pending_visual_review
SPACE SWEEP: ROOF_DECK_SOUTHEAST captured_pending_visual_review
SPACE SWEEP: ROOF_DECK_NORTHEAST captured_pending_visual_review
SPACE SWEEP: F02_C_VESTIBULE captured_pending_visual_review
SPACE SWEEP: F02_C_MAIN captured_pending_visual_review
SPACE SWEEP: F02_C_STUDIO captured_pending_visual_review
SPACE SWEEP: F02_C_PRIVATE_HALL captured_pending_visual_review
SPACE SWEEP: F02_C_BATH captured_pending_visual_review
SPACE SWEEP: F02_C_KITCHEN captured_pending_visual_review
SPACE SWEEP: F02_C_BED1 captured_pending_visual_review
SPACE SWEEP: F02_C_BED2 captured_pending_visual_review
SPACE SWEEP: F04_C_VESTIBULE captured_pending_visual_review
SPACE SWEEP: F04_C_MAIN captured_pending_visual_review
SPACE SWEEP: F04_C_STUDIO captured_pending_visual_review
SPACE SWEEP: F04_C_PRIVATE_HALL captured_pending_visual_review
SPACE SWEEP: F04_C_BATH captured_pending_visual_review
SPACE SWEEP: F04_C_KITCHEN captured_pending_visual_review
SPACE SWEEP: F04_C_BED1 captured_pending_visual_review
SPACE SWEEP: F04_C_BED2 captured_pending_visual_review
SPACE SWEEP: F01_D_VESTIBULE captured_pending_visual_review
SPACE SWEEP: F01_D_MAIN captured_pending_visual_review
SPACE SWEEP: F01_D_KITCHEN captured_pending_visual_review
SPACE SWEEP: F01_D_BED captured_pending_visual_review
SPACE SWEEP: F01_D_PRIVATE_HALL captured_pending_visual_review
SPACE SWEEP: F01_D_BATH captured_pending_visual_review
SPACE SWEEP: F01_A_VESTIBULE captured_pending_visual_review
SPACE SWEEP: F01_A_MAIN captured_pending_visual_review
SPACE SWEEP: F01_A_PRIVATE_HALL captured_pending_visual_review
SPACE SWEEP: F01_A_BATH captured_pending_visual_review
SPACE SWEEP: F01_A_KITCHEN captured_pending_visual_review
SPACE SWEEP: F01_A_BED captured_pending_visual_review
SPACE SWEEP: F01_A_STUDY captured_pending_visual_review
SPACE SWEEP: F03_D_VESTIBULE captured_pending_visual_review
SPACE SWEEP: F03_D_MAIN captured_pending_visual_review
SPACE SWEEP: F03_D_PRIVATE_HALL captured_pending_visual_review
SPACE SWEEP: F03_D_BATH captured_pending_visual_review
SPACE SWEEP: F03_D_KITCHEN captured_pending_visual_review
SPACE SWEEP: F03_D_BED captured_pending_visual_review
SPACE SWEEP: F03_D_STUDY captured_pending_visual_review
SPACE SWEEP: F04_D_VESTIBULE captured_pending_visual_review
SPACE SWEEP: F04_D_MAIN captured_pending_visual_review
SPACE SWEEP: F04_D_PRIVATE_HALL captured_pending_visual_review
SPACE SWEEP: F04_D_BATH captured_pending_visual_review
SPACE SWEEP: F04_D_KITCHEN captured_pending_visual_review
SPACE SWEEP: F04_D_BED captured_pending_visual_review
SPACE SWEEP: F04_D_STUDY captured_pending_visual_review
SPACE SWEEP: F02_SOUTHWEST_HALL captured_pending_visual_review
SPACE SWEEP: F03_SOUTHWEST_HALL captured_pending_visual_review
SPACE SWEEP: F04_SOUTHWEST_HALL captured_pending_visual_review
SPACE SWEEP: F02_D_RESTRICTED captured_pending_visual_review
SPACE SWEEP: F03_C_RESTRICTED captured_pending_visual_review
SPACE SWEEP: F01_STAFF_RESTROOM captured_pending_visual_review
SPACE SWEEP: B1_ELECTRICAL captured_pending_visual_review
SPACE SWEEP: B1_MAINTENANCE_SHOP captured_pending_visual_review
SPACE SWEEP: B1_COAL_ROOM captured_pending_visual_review
SPACE SWEEP: B1_RESIDENT_STORAGE captured_pending_visual_review
SPACE SWEEP: B1_SERVICE_CORE captured_pending_visual_review
SPACE SWEEP: B1_ELECTRICAL_RECESS captured_pending_visual_review
SPACE SWEEP COMPLETE: records=200 failures=0
