00:00.062  reports          | WARNING Unable to open 'C:\Users\nate_\AppData\Roaming\Blender Foundation\Blender\5.2\config\userpref.blend': Permission denied
Blender 5.2.0 LTS (hash fbe6228777e7 built 2026-07-14 01:35:40)
Extensions: writing cache failed ([WinError 183] Cannot create a file when that file already exists: 'C:\\Users\\nate_\\AppData\\Roaming\\Blender Foundation\\Blender\\5.2\\extensions\\.cache').
Info: Saved as "diner_till.blend"
INFO Draco is available, use library at C:\Program Files\Blender Foundation\Blender 5.2\5.2\scripts\addons_core\io_scene_gltf2\bf_intern_draco_bridge.dll
INFO MeshOptimizer is available, use library at C:\Program Files\Blender Foundation\Blender 5.2\5.2\scripts\addons_core\io_scene_gltf2\bf_intern_meshopt_bridge.dll
20:16:11 | INFO: Starting glTF 2.0 export
20:16:11 | INFO: Extracting primitive: storm_shop_luncheonette_cigar_case__brass_dull
20:16:11 | INFO: Primitives created: 1
20:16:11 | INFO: Extracting primitive: storm_shop_luncheonette_cigar_case__glassish
20:16:11 | INFO: Primitives created: 1
20:16:11 | INFO: Extracting primitive: storm_shop_luncheonette_cigar_case__timber
20:16:11 | INFO: Primitives created: 1
20:16:11 | INFO: Extracting primitive: storm_shop_luncheonette_register__bakelite_black
20:16:11 | INFO: Primitives created: 1
20:16:11 | INFO: Extracting primitive: storm_shop_luncheonette_register__brass_dull
20:16:11 | INFO: Primitives created: 1
20:16:11 | INFO: Extracting primitive: storm_shop_luncheonette_register__nickel_plated
20:16:11 | INFO: Primitives created: 1
20:16:11 | INFO: Extracting primitive: storm_shop_luncheonette_register__timber
20:16:11 | INFO: Primitives created: 1
20:16:11 | INFO: Finished glTF 2.0 export in 0.037322044372558594 s

DINER TILL 2 original records; 2 assemblies; 96 closed stocks; 7 parts; 16992 triangles; 8 foot contacts

Blender quit
