Godot Engine v4.7.1.stable.official.a13da4feb - https://godotengine.org
Vulkan 1.4.341 - Forward+ - Using Device #0: NVIDIA - NVIDIA GeForce RTX 4080

[ACOUSTIC] 550 nodes loaded
ORISON V2 BLOCKOUT: 200 spaces / 111 doors / 1104 anchors
[V2 FRONT COURT ROOF] three seated girders; retained roof slabs; mapped exterior concrete
[V2 BODEGA POWER] independent inlet; four existing fittings; 20 bearings
[SURFACE] 1165 surfaces layered (414 materials)
[PASSAGE HOURS] OPEN; 10 grilles folded
[PASSAGE HOURS] 11 shopfronts, 10 close after 02:00, HARDWARE PAINT keeps night service
[PASSAGE FINISH] 6 gated draws, 3 handcarts, hours active
[V2 PASSAGE] 13 resident cells; 11 doors; 1 shared-service counters
[SURFACE] 170 surfaces layered (81 materials)
[HARUKIYA] 9 interactables placed
[ARCADE] 2 cabinet(s) from a catalog of 12: SOMETHING IN THE HALL (mystery_serial), OPERATIONS (farm_and_market)
[ARCADE] all of them are running arcade_pit
[V2 BAR] retained cell; 29 registered markers; 3 doors
[V2 FRONT FACADE] native entrance, original landmark hardware, glazed marquee and fitted blade
[SCHEDULE] director live: 18 residents on the clock
[MOVES] personal library: res://assets/characters/mina_vale/mina_vale_moves.glb
SOURCE PARAPET MATERIAL ROOF_PARAPET_EAST brick 
SOURCE PARAPET MATERIAL ROOF_PARAPET_NORTH brick 
SOURCE PARAPET MATERIAL ROOF_PARAPET_SOUTH brick 
SOURCE PARAPET MATERIAL ROOF_PARAPET_WEST brick 
[ORISON V2 RUNTIME] ready startup_ms=28095.574
[LIGHTING] 207 sources active in system; 207 full personalities; profiles steady/breathe/mains/beat/dropout=[50, 45, 36, 42, 34]
CAP MAPPING: mesh=diner_till_storm_shop_luncheonette_cigar_case__brass_dull valid_basis=true max_uv_excess=0.00000007892959 widest=1.00024709439404 vertices=4128 derivatives=true bad_derivatives=0 min_determinant=0.00000005666249 worst_dot=0.99999988079071
CAP MAPPING: mesh=diner_till_storm_shop_luncheonette_cigar_case__glassish valid_basis=true max_uv_excess=0.00000011920929 widest=1.00000018062018 vertices=120 derivatives=true bad_derivatives=0 min_determinant=0.00124790921404 worst_dot=1.0
CAP MAPPING: mesh=diner_till_storm_shop_luncheonette_cigar_case__timber valid_basis=true max_uv_excess=0.00000010809163 widest=1.00025034375639 vertices=2548 derivatives=true bad_derivatives=0 min_determinant=0.00000007401081 worst_dot=0.99999988079071
CAP MAPPING: mesh=diner_till_storm_shop_luncheonette_register__bakelite_black valid_basis=true max_uv_excess=0.00000006594928 widest=1.00012719468364 vertices=10551 derivatives=true bad_derivatives=0 min_determinant=0.00000011567963 worst_dot=0.99999988079071
CAP MAPPING: mesh=diner_till_storm_shop_luncheonette_register__brass_dull valid_basis=true max_uv_excess=0.00000006577466 widest=1.00010065913024 vertices=10347 derivatives=true bad_derivatives=0 min_determinant=0.00000005477432 worst_dot=0.99999988079071
CAP MAPPING: mesh=diner_till_storm_shop_luncheonette_register__nickel_plated valid_basis=true max_uv_excess=0.00000008940697 widest=1.00025909221546 vertices=6850 derivatives=true bad_derivatives=0 min_determinant=0.00000005638189 worst_dot=0.99999988079071
CAP MAPPING: mesh=diner_till_storm_shop_luncheonette_register__timber valid_basis=true max_uv_excess=0.00000007660128 widest=1.00016468508072 vertices=486 derivatives=true bad_derivatives=0 min_determinant=0.00000011510466 worst_dot=0.99999988079071
[HARUKIYA] OPEN, 18 fixtures
DINER TILL: checks=143 parts=7 triangles=16992 removed=24 supports=8 failures=0
