00:00.047  reports          | WARNING Unable to open 'C:\Users\nate_\AppData\Roaming\Blender Foundation\Blender\5.2\config\userpref.blend': Permission denied
Blender 5.2.0 LTS (hash fbe6228777e7 built 2026-07-14 01:35:40)
00:01.609  blend            | Read blend: "C:\PleaseRemainOnTheLine\art\blender\diner_till.blend"
20:16:13 | INFO: Data are loaded, start creating Blender stuff
20:16:13 | INFO: Blender create Mesh node F01_OWN_SHOP_LUNCHEONETTE_retail_shop_luncheonette_awning_vinyl-col
20:16:13 | INFO: Blender create Mesh node F01_OWN_SHOP_LUNCHEONETTE_retail_shop_luncheonette_bakelite
20:16:13 | INFO: Blender create Mesh node F01_OWN_SHOP_LUNCHEONETTE_retail_shop_luncheonette_bakelite_black
20:16:13 | INFO: Blender create Mesh node F01_OWN_SHOP_LUNCHEONETTE_retail_shop_luncheonette_bakelite_black-col
20:16:13 | INFO: Blender create Mesh node F01_OWN_SHOP_LUNCHEONETTE_retail_shop_luncheonette_brass
20:16:13 | INFO: Blender create Mesh node F01_OWN_SHOP_LUNCHEONETTE_retail_shop_luncheonette_brass_bright-col
20:16:13 | INFO: Blender create Mesh node F01_OWN_SHOP_LUNCHEONETTE_retail_shop_luncheonette_brass_dull-col
20:16:13 | INFO: Blender create Mesh node F01_OWN_SHOP_LUNCHEONETTE_retail_shop_luncheonette_cast_iron-col
20:16:13 | INFO: Blender create Mesh node F01_OWN_SHOP_LUNCHEONETTE_retail_shop_luncheonette_chrome-col
20:16:13 | INFO: Blender create Mesh node F01_OWN_SHOP_LUNCHEONETTE_retail_shop_luncheonette_concrete-col
20:16:13 | INFO: Blender create Mesh node F01_OWN_SHOP_LUNCHEONETTE_retail_shop_luncheonette_countertop-col
20:16:13 | INFO: Blender create Mesh node F01_OWN_SHOP_LUNCHEONETTE_retail_shop_luncheonette_enamel
20:16:13 | INFO: Blender create Mesh node F01_OWN_SHOP_LUNCHEONETTE_retail_shop_luncheonette_enamel-col
20:16:13 | INFO: Blender create Mesh node F01_OWN_SHOP_LUNCHEONETTE_retail_shop_luncheonette_fabric_cool
20:16:13 | INFO: Blender create Mesh node F01_OWN_SHOP_LUNCHEONETTE_retail_shop_luncheonette_fx_shadow
20:16:13 | INFO: Blender create Mesh node F01_OWN_SHOP_LUNCHEONETTE_retail_shop_luncheonette_glassish-col
20:16:13 | INFO: Blender create Mesh node F01_OWN_SHOP_LUNCHEONETTE_retail_shop_luncheonette_hull-colonly
20:16:13 | INFO: Blender create Mesh node F01_OWN_SHOP_LUNCHEONETTE_retail_shop_luncheonette_lacquer_red-col
20:16:13 | INFO: Blender create Mesh node F01_OWN_SHOP_LUNCHEONETTE_retail_shop_luncheonette_marble_lobby-col
20:16:13 | INFO: Blender create Mesh node F01_OWN_SHOP_LUNCHEONETTE_retail_shop_luncheonette_metal-col
20:16:13 | INFO: Blender create Mesh node F01_OWN_SHOP_LUNCHEONETTE_retail_shop_luncheonette_milk_glass
20:16:13 | INFO: Blender create Mesh node F01_OWN_SHOP_LUNCHEONETTE_retail_shop_luncheonette_nickel_plated-col
20:16:13 | INFO: Blender create Mesh node F01_OWN_SHOP_LUNCHEONETTE_retail_shop_luncheonette_paper-col
20:16:13 | INFO: Blender create Mesh node F01_OWN_SHOP_LUNCHEONETTE_retail_shop_luncheonette_plaster-col
20:16:13 | INFO: Blender create Mesh node F01_OWN_SHOP_LUNCHEONETTE_retail_shop_luncheonette_plaster_stained-col
20:16:13 | INFO: Blender create Mesh node F01_OWN_SHOP_LUNCHEONETTE_retail_shop_luncheonette_screen
20:16:13 | INFO: Blender create Mesh node F01_OWN_SHOP_LUNCHEONETTE_retail_shop_luncheonette_terracotta
20:16:13 | INFO: Blender create Mesh node F01_OWN_SHOP_LUNCHEONETTE_retail_shop_luncheonette_terrazzo-col
20:16:13 | INFO: Blender create Mesh node F01_OWN_SHOP_LUNCHEONETTE_retail_shop_luncheonette_timber-col
20:16:13 | INFO: Blender create Mesh node F01_OWN_SHOP_LUNCHEONETTE_retail_shop_luncheonette_tin_ceiling-col
20:16:13 | INFO: Blender create Mesh node F01_OWN_SHOP_LUNCHEONETTE_retail_shop_luncheonette_trim-col
20:16:13 | INFO: Blender create Mesh node F01_OWN_SHOP_LUNCHEONETTE_retail_shop_luncheonette_vinyl_oxblood-col
20:16:13 | INFO: Blender create Mesh node F01_OWN_SHOP_LUNCHEONETTE_retail_shop_luncheonette_wainscot-col
20:16:13 | INFO: Blender create Mesh node F01_OWN_SHOP_LUNCHEONETTE_retail_shop_luncheonette_wood_dark-col
20:16:13 | INFO: Blender create Mesh node F01_OWN_SHOP_LUNCHEONETTE_wear_fx_scuff
20:16:13 | INFO: glTF import finished in 0.12s
00:05.344  render           | Saved: 'C:\PleaseRemainOnTheLine\tmp\v2-finish-review\diner-till-native\countertop_customer.png'
00:06.937  render           | Saved: 'C:\PleaseRemainOnTheLine\tmp\v2-finish-review\diner-till-native\countertop_clerk.png'
00:09.391  render           | Saved: 'C:\PleaseRemainOnTheLine\tmp\v2-finish-review\diner-till-native\register_clerk.png'
00:11.875  render           | Saved: 'C:\PleaseRemainOnTheLine\tmp\v2-finish-review\diner-till-native\register_back.png'
00:15.797  render           | Saved: 'C:\PleaseRemainOnTheLine\tmp\v2-finish-review\diner-till-native\register_keys.png'
00:18.062  render           | Saved: 'C:\PleaseRemainOnTheLine\tmp\v2-finish-review\diner-till-native\register_feet.png'
00:23.437  render           | Saved: 'C:\PleaseRemainOnTheLine\tmp\v2-finish-review\diner-till-native\display_glazing.png'
00:29.375  render           | Saved: 'C:\PleaseRemainOnTheLine\tmp\v2-finish-review\diner-till-native\display_empty.png'
00:35.047  render           | Saved: 'C:\PleaseRemainOnTheLine\tmp\v2-finish-review\diner-till-native\display_posts.png'
DINER TILL NATIVE QA 96 closed connected stocks; 2 joined assemblies; 8 actual contacts; 9 views

Blender quit
