00:01.266  blend            | Read blend: "C:\PleaseRemainOnTheLine\art\blender\domestic_objects.blend"
C:\PleaseRemainOnTheLine\art\blender\scripts\render_domestic_objects.py:9: DeprecationWarning: 'World.use_nodes' is expected to be removed in Blender 6.0
  scene.world=bpy.data.worlds.new('Neutral inspection');scene.world.use_nodes=True;scene.world.node_tree.nodes['Background'].inputs[0].default_value=(.55,.60,.65,1);scene.world.node_tree.nodes['Background'].inputs[1].default_value=.65
C:\PleaseRemainOnTheLine\art\blender\scripts\render_domestic_objects.py:12: DeprecationWarning: 'Material.use_nodes' is expected to be removed in Blender 6.0
  bpy.ops.mesh.primitive_plane_add(size=10,location=(0,0,-.00004));ground=bpy.context.object;mat=bpy.data.materials.new('Review neutral');mat.use_nodes=True;mat.node_tree.nodes['Principled BSDF'].inputs['Base Color'].default_value=(.23,.25,.26,1);mat.node_tree.nodes['Principled BSDF'].inputs['Roughness'].default_value=.75;ground.data.materials.append(mat)
00:05.750  render           | Saved: 'C:\PleaseRemainOnTheLine\tmp\v2-finish-review\domestic-objects-native\DomesticObject00.png'
00:09.984  render           | Saved: 'C:\PleaseRemainOnTheLine\tmp\v2-finish-review\domestic-objects-native\DomesticObject01.png'
00:14.312  render           | Saved: 'C:\PleaseRemainOnTheLine\tmp\v2-finish-review\domestic-objects-native\DomesticObject02.png'
00:19.969  render           | Saved: 'C:\PleaseRemainOnTheLine\tmp\v2-finish-review\domestic-objects-native\DomesticObject03.png'
00:24.750  render           | Saved: 'C:\PleaseRemainOnTheLine\tmp\v2-finish-review\domestic-objects-native\DomesticObject04.png'
00:28.937  render           | Saved: 'C:\PleaseRemainOnTheLine\tmp\v2-finish-review\domestic-objects-native\DomesticObject05.png'
00:33.266  render           | Saved: 'C:\PleaseRemainOnTheLine\tmp\v2-finish-review\domestic-objects-native\DomesticObject06.png'
00:37.516  render           | Saved: 'C:\PleaseRemainOnTheLine\tmp\v2-finish-review\domestic-objects-native\DomesticObject07.png'
00:42.328  render           | Saved: 'C:\PleaseRemainOnTheLine\tmp\v2-finish-review\domestic-objects-native\DomesticObject08.png'
00:46.531  render           | Saved: 'C:\PleaseRemainOnTheLine\tmp\v2-finish-review\domestic-objects-native\DomesticObject09.png'
00:50.422  render           | Saved: 'C:\PleaseRemainOnTheLine\tmp\v2-finish-review\domestic-objects-native\DomesticObject10.png'
00:53.203  render           | Saved: 'C:\PleaseRemainOnTheLine\tmp\v2-finish-review\domestic-objects-native\DomesticObject11.png'
00:58.297  render           | Saved: 'C:\PleaseRemainOnTheLine\tmp\v2-finish-review\domestic-objects-native\DomesticObject12.png'
01:02.187  render           | Saved: 'C:\PleaseRemainOnTheLine\tmp\v2-finish-review\domestic-objects-native\DomesticObject13.png'
01:06.094  render           | Saved: 'C:\PleaseRemainOnTheLine\tmp\v2-finish-review\domestic-objects-native\DomesticObject14.png'
01:10.375  render           | Saved: 'C:\PleaseRemainOnTheLine\tmp\v2-finish-review\domestic-objects-native\DomesticObject15.png'
Blender 5.2.0 LTS (hash fbe6228777e7 built 2026-07-14 01:35:40)

Blender quit
