FABRICATION STAGE: art/blender/scripts/build_domestic_objects.py
C:\PleaseRemainOnTheLine\art\blender\scripts\build_domestic_objects.py:76: DeprecationWarning: 'Material.use_nodes' is expected to be removed in Blender 6.0
  mat=bpy.data.materials.new(key);mat.use_nodes=True;materials[key]=mat
Info: Saved as "domestic_objects.blend"
INFO Draco is available, use library at C:\Program Files\Blender Foundation\Blender 5.2\5.2\scripts\addons_core\io_scene_gltf2\bf_intern_draco_bridge.dll
INFO MeshOptimizer is available, use library at C:\Program Files\Blender Foundation\Blender 5.2\5.2\scripts\addons_core\io_scene_gltf2\bf_intern_meshopt_bridge.dll
20:51:20 | INFO: Starting glTF 2.0 export
20:51:20 | INFO: Extracting primitive: DomesticObject00__Body_ON_brass
20:51:20 | INFO: Primitives created: 1
20:51:20 | INFO: Extracting primitive: DomesticObject00__Body_ON_paper
20:51:20 | INFO: Primitives created: 1
20:51:20 | INFO: Extracting primitive: DomesticObject00__Body_ON_timber
20:51:20 | INFO: Primitives created: 1
20:51:20 | INFO: Extracting primitive: DomesticObject00__Body_ON_wood_dark
20:51:20 | INFO: Primitives created: 1
20:51:20 | INFO: Extracting primitive: DomesticObject01__Body_ON_timber
20:51:20 | INFO: Primitives created: 1
20:51:20 | INFO: Extracting primitive: DomesticObject01__Body_ON_wood_dark
20:51:20 | INFO: Primitives created: 1
20:51:20 | INFO: Extracting primitive: DomesticObject02__Body_ON_brass
20:51:20 | INFO: Primitives created: 1
20:51:20 | INFO: Extracting primitive: DomesticObject02__Body_ON_metal
20:51:20 | INFO: Primitives created: 1
20:51:20 | INFO: Extracting primitive: DomesticObject02__Body_ON_plywood
20:51:20 | INFO: Primitives created: 1
20:51:20 | INFO: Extracting primitive: DomesticObject02__Body_ON_rubber_aged
20:51:20 | INFO: Primitives created: 1
20:51:20 | INFO: Extracting primitive: DomesticObject02__Body_ON_timber
20:51:20 | INFO: Primitives created: 1
20:51:20 | INFO: Extracting primitive: DomesticObject02__Body_ON_wood_dark
20:51:20 | INFO: Primitives created: 1
20:51:20 | INFO: Extracting primitive: DomesticObject03__Body_ON_metal
20:51:20 | INFO: Primitives created: 1
20:51:20 | INFO: Extracting primitive: DomesticObject03__Body_ON_timber
20:51:20 | INFO: Primitives created: 1
20:51:20 | INFO: Extracting primitive: DomesticObject04__Body_ON_bakelite
20:51:20 | INFO: Primitives created: 1
20:51:20 | INFO: Extracting primitive: DomesticObject04__Body_ON_enamel
20:51:20 | INFO: Primitives created: 1
20:51:20 | INFO: Extracting primitive: DomesticObject04__Body_ON_metal
20:51:20 | INFO: Primitives created: 1
20:51:20 | INFO: Extracting primitive: DomesticObject04__Body_ON_paper
20:51:20 | INFO: Primitives created: 1
20:51:20 | INFO: Extracting primitive: DomesticObject04__Body_ON_rubber_aged
20:51:20 | INFO: Primitives created: 1
20:51:20 | INFO: Extracting primitive: DomesticObject04__Body_ON_soot
20:51:20 | INFO: Primitives created: 1
20:51:20 | INFO: Extracting primitive: DomesticObject05__Body_ON_plant
20:51:20 | INFO: Primitives created: 1
20:51:20 | INFO: Extracting primitive: DomesticObject05__Body_ON_soil
20:51:20 | INFO: Primitives created: 1
20:51:20 | INFO: Extracting primitive: DomesticObject05__Body_ON_terracotta
20:51:20 | INFO: Primitives created: 1
20:51:20 | INFO: Extracting primitive: DomesticObject05__Body_ON_timber
20:51:20 | INFO: Primitives created: 1
20:51:20 | INFO: Extracting primitive: DomesticObject06__Body_ON_brass
20:51:20 | INFO: Primitives created: 1
20:51:20 | INFO: Extracting primitive: DomesticObject06__Body_ON_paper
20:51:20 | INFO: Primitives created: 1
20:51:20 | INFO: Extracting primitive: DomesticObject06__Body_ON_timber
20:51:20 | INFO: Primitives created: 1
20:51:20 | INFO: Extracting primitive: DomesticObject06__Body_ON_wood_dark
20:51:20 | INFO: Primitives created: 1
20:51:20 | INFO: Extracting primitive: DomesticObject07__Body_ON_brass
20:51:20 | INFO: Primitives created: 1
20:51:20 | INFO: Extracting primitive: DomesticObject07__Body_ON_paper
20:51:20 | INFO: Primitives created: 1
20:51:20 | INFO: Extracting primitive: DomesticObject07__Body_ON_timber
20:51:20 | INFO: Primitives created: 1
20:51:20 | INFO: Extracting primitive: DomesticObject07__Body_ON_wood_dark
20:51:20 | INFO: Primitives created: 1
20:51:20 | INFO: Extracting primitive: DomesticObject08__Body_ON_book_brown
20:51:20 | INFO: Primitives created: 1
20:51:20 | INFO: Extracting primitive: DomesticObject08__Body_ON_book_burgundy
20:51:20 | INFO: Primitives created: 1
20:51:20 | INFO: Extracting primitive: DomesticObject08__Body_ON_book_green
20:51:20 | INFO: Primitives created: 1
20:51:20 | INFO: Extracting primitive: DomesticObject08__Body_ON_book_navy
20:51:20 | INFO: Primitives created: 1
20:51:20 | INFO: Extracting primitive: DomesticObject08__Body_ON_book_ochre
20:51:20 | INFO: Primitives created: 1
20:51:20 | INFO: Extracting primitive: DomesticObject08__Body_ON_book_teal
20:51:20 | INFO: Primitives created: 1
20:51:20 | INFO: Extracting primitive: DomesticObject08__Body_ON_paper
20:51:20 | INFO: Primitives created: 1
20:51:20 | INFO: Extracting primitive: DomesticObject09__Body_ON_brass
20:51:20 | INFO: Primitives created: 1
20:51:20 | INFO: Extracting primitive: DomesticObject09__Body_ON_paper
20:51:20 | INFO: Primitives created: 1
20:51:20 | INFO: Extracting primitive: DomesticObject09__Body_ON_timber
20:51:20 | INFO: Primitives created: 1
20:51:20 | INFO: Extracting primitive: DomesticObject09__Body_ON_wood_dark
20:51:20 | INFO: Primitives created: 1
20:51:20 | INFO: Extracting primitive: DomesticObject10__Body_ON_metal
20:51:20 | INFO: Primitives created: 1
20:51:20 | INFO: Extracting primitive: DomesticObject10__Body_ON_milk_glass
20:51:20 | INFO: Primitives created: 1
20:51:20 | INFO: Extracting primitive: DomesticObject10__Body_ON_rubber_aged
20:51:20 | INFO: Primitives created: 1
20:51:20 | INFO: Extracting primitive: DomesticObject10__Body_ON_soot
20:51:20 | INFO: Primitives created: 1
20:51:20 | INFO: Extracting primitive: DomesticObject11__Body_ON_linen
20:51:20 | INFO: Primitives created: 1
20:51:20 | INFO: Extracting primitive: DomesticObject11__Body_ON_metal
20:51:20 | INFO: Primitives created: 1
20:51:20 | INFO: Extracting primitive: DomesticObject11__Body_ON_rubber_aged
20:51:20 | INFO: Primitives created: 1
20:51:20 | INFO: Extracting primitive: DomesticObject11__Body_ON_soot
20:51:20 | INFO: Primitives created: 1
20:51:20 | INFO: Extracting primitive: DomesticObject12__Body_ON_metal
20:51:20 | INFO: Primitives created: 1
20:51:20 | INFO: Extracting primitive: DomesticObject12__Body_ON_soot
20:51:20 | INFO: Primitives created: 1
20:51:20 | INFO: Extracting primitive: DomesticObject12__Body_ON_timber
20:51:20 | INFO: Primitives created: 1
20:51:20 | INFO: Extracting primitive: DomesticObject13__Body_ON_rubber_aged
20:51:20 | INFO: Primitives created: 1
20:51:20 | INFO: Extracting primitive: DomesticObject14__Body_ON_rubber_aged
20:51:20 | INFO: Primitives created: 1
20:51:20 | INFO: Extracting primitive: DomesticObject15__Body_ON_brass
20:51:20 | INFO: Primitives created: 1
20:51:20 | INFO: Extracting primitive: DomesticObject15__Body_ON_metal
20:51:20 | INFO: Primitives created: 1
20:51:20 | INFO: Extracting primitive: DomesticObject15__Body_ON_plywood
20:51:20 | INFO: Primitives created: 1
20:51:20 | INFO: Extracting primitive: DomesticObject15__Body_ON_rubber_aged
20:51:20 | INFO: Primitives created: 1
20:51:20 | INFO: Extracting primitive: DomesticObject15__Body_ON_timber
20:51:20 | INFO: Primitives created: 1
20:51:20 | INFO: Finished glTF 2.0 export in 0.2619476318359375 s

DOMESTIC OBJECTS 16 original records; 16 assemblies; 412 closed stocks; 61 parts; 106436 triangles; 58 foot contacts
FABRICATION STAGE: art/blender/scripts/inspect_domestic_objects.py
00:05.734  blend            | Read blend: "C:\PleaseRemainOnTheLine\art\blender\domestic_objects.blend"
DOMESTIC OBJECTS LOCAL: 412 closed stocks; 16 physical groups; 58 local bearings; 61 mapped parts
FABRICATION STAGE: art/blender/scripts/inspect_domestic_objects_context.py
STORAGE CONTEXT: 17 installations; 61 floor bearings; 0 nearby pairs clear
{"completed_stages": 3, "elapsed_s": 8.815999999999999}
Blender 5.2.0 LTS (hash fbe6228777e7 built 2026-07-14 01:35:40)

Blender quit
