Godot Engine v4.7.1.stable.official.a13da4feb - https://godotengine.org

[ACOUSTIC] 550 nodes loaded
[ROUTE DOORS] PASS service frame 0 service is registered without an apartment home link
[ROUTE DOORS] PASS service frame 0 closed service leaf physically blocks the aperture
[ROUTE DOORS] PASS service frame 0 masonry remains an independent physical refusal
[ROUTE DOORS] PASS service frame 0 actual walking stage 0 holds and idles without consuming its route timer
[ROUTE DOORS] PASS service frame 0 actual walking stage 1 holds and idles without consuming its route timer
[ROUTE DOORS] PASS service frame 0 actual walking stage 6 holds and idles without consuming its route timer
[ROUTE DOORS] PASS service frame 0 actual walking stage 2 holds and idles without consuming its route timer
[ROUTE DOORS] PASS service frame 0 actual walking stage 4 holds and idles without consuming its route timer
[ROUTE DOORS] PASS service frame 0 actual walking stage 5 holds and idles without consuming its route timer
[ROUTE DOORS] PASS service frame 0 actual walking stage 7 holds and idles without consuming its route timer
[ROUTE DOORS] PASS service frame 0 actual walking stage 8 holds and idles without consuming its route timer
[ROUTE DOORS] PASS service frame 0 actual walking stage 10 holds and idles without consuming its route timer
[ROUTE DOORS] PASS service frame 0 open target alone is not settled readiness
[ROUTE DOORS] PASS service frame 0 all nine callers stay outside the real opening leaf
[ROUTE DOORS] PASS service frame 0 settled service releases stage 0
[ROUTE DOORS] PASS service frame 0 settled service releases stage 1
[ROUTE DOORS] PASS service frame 0 settled service releases stage 6
[ROUTE DOORS] PASS service frame 0 settled service releases stage 2
[ROUTE DOORS] PASS service frame 0 settled service releases stage 4
[ROUTE DOORS] PASS service frame 0 settled service releases stage 5
[ROUTE DOORS] PASS service frame 0 settled service releases stage 7
[ROUTE DOORS] PASS service frame 0 settled service releases stage 8
[ROUTE DOORS] PASS service frame 0 settled service releases stage 10
[ROUTE DOORS] PASS service frame 0 actual non-home departure reaches its goal with zero body exclusions
[ROUTE DOORS] PASS service frame 0 departure closes behind only after clearing the full leaf sweep
[ROUTE DOORS] PASS service frame 0 departure close settles
[ROUTE DOORS] PASS service frame 0 actual HOME return opens and waits for the non-home service leaf
[ROUTE DOORS] PASS service frame 0 actual return reaches its goal with zero body exclusions
[ROUTE DOORS] PASS service frame 0 return closes the service leaf behind the resident
[ROUTE DOORS] PASS service frame 0 return close settles
[ROUTE DOORS] PASS service frame 0 nearby off-route leaf stayed closed through both walks
[ROUTE DOORS] PASS service frame 0 repeated door in one route reopens and clears both crossings
[ROUTE DOORS] PASS service frame 0 looped passage closes behind
[ROUTE DOORS] PASS service frame 0 locked non-home door holds route and timer
[ROUTE DOORS] PASS service frame 0 unlocking retries through the real owner
[ROUTE DOORS] PASS service frame 0 unlocked opening settles
[ROUTE DOORS] PASS service frame 0 player closing motion is waited out and opening retried
[ROUTE DOORS] PASS service frame 0 passed resident leaves door open for a neighbour in its sweep
[ROUTE DOORS] PASS service frame 0 home owner shares visitor occupancy refusal
[ROUTE DOORS] PASS service frame 0 vacated but locked close remains pending
[ROUTE DOORS] PASS service frame 0 clear unlocked sweep accepts its pending close
[ROUTE DOORS] PASS service frame 0 occupancy close settles
[ROUTE DOORS] PASS service frame 0 cancellation begins with an actual opening
[ROUTE DOORS] PASS service frame 0 replaced un-crossed route relinquishes and closes without a fabricated passage
[ROUTE DOORS] PASS service frame 0 off-aperture on-plane bend does not invent a door crossing
[ROUTE DOORS] PASS service frame 0 door-free path initially moves
[ROUTE DOORS] PASS service frame 0 late-added host invalidates empty selection and holds
[ROUTE DOORS] PASS service frame 0 late-added owner settles before removal
[ROUTE DOORS] PASS service frame 0 freed host is not retained and no longer gates
[ROUTE DOORS] PASS service frame 0 moved host invalidates formerly off-route selection
[ROUTE DOORS] PASS service frame 0 moved host settles before restoring position
[ROUTE DOORS] PASS service frame 0 actor teardown relinquishes its opened request
[ROUTE DOORS] PASS service frame 0 same-coordinate foreign World3D host is not opened
[ROUTE DOORS] PASS service frame 0 actual Landmark override inherits route registration
[ROUTE DOORS] PASS service frame 0 private worlds retire with all weak coordinator references
[ROUTE DOORS] PASS service frame 1 service is registered without an apartment home link
[ROUTE DOORS] PASS service frame 1 closed service leaf physically blocks the aperture
[ROUTE DOORS] PASS service frame 1 masonry remains an independent physical refusal
[ROUTE DOORS] PASS service frame 1 actual walking stage 0 holds and idles without consuming its route timer
[ROUTE DOORS] PASS service frame 1 actual walking stage 1 holds and idles without consuming its route timer
[ROUTE DOORS] PASS service frame 1 actual walking stage 6 holds and idles without consuming its route timer
[ROUTE DOORS] PASS service frame 1 actual walking stage 2 holds and idles without consuming its route timer
[ROUTE DOORS] PASS service frame 1 actual walking stage 4 holds and idles without consuming its route timer
[ROUTE DOORS] PASS service frame 1 actual walking stage 5 holds and idles without consuming its route timer
[ROUTE DOORS] PASS service frame 1 actual walking stage 7 holds and idles without consuming its route timer
[ROUTE DOORS] PASS service frame 1 actual walking stage 8 holds and idles without consuming its route timer
[ROUTE DOORS] PASS service frame 1 actual walking stage 10 holds and idles without consuming its route timer
[ROUTE DOORS] PASS service frame 1 open target alone is not settled readiness
[ROUTE DOORS] PASS service frame 1 all nine callers stay outside the real opening leaf
[ROUTE DOORS] PASS service frame 1 settled service releases stage 0
[ROUTE DOORS] PASS service frame 1 settled service releases stage 1
[ROUTE DOORS] PASS service frame 1 settled service releases stage 6
[ROUTE DOORS] PASS service frame 1 settled service releases stage 2
[ROUTE DOORS] PASS service frame 1 settled service releases stage 4
[ROUTE DOORS] PASS service frame 1 settled service releases stage 5
[ROUTE DOORS] PASS service frame 1 settled service releases stage 7
[ROUTE DOORS] PASS service frame 1 settled service releases stage 8
[ROUTE DOORS] PASS service frame 1 settled service releases stage 10
[ROUTE DOORS] PASS service frame 1 actual non-home departure reaches its goal with zero body exclusions
[ROUTE DOORS] PASS service frame 1 departure closes behind only after clearing the full leaf sweep
[ROUTE DOORS] PASS service frame 1 departure close settles
[ROUTE DOORS] PASS service frame 1 actual HOME return opens and waits for the non-home service leaf
[ROUTE DOORS] PASS service frame 1 actual return reaches its goal with zero body exclusions
[ROUTE DOORS] PASS service frame 1 return closes the service leaf behind the resident
[ROUTE DOORS] PASS service frame 1 return close settles
[ROUTE DOORS] PASS service frame 1 nearby off-route leaf stayed closed through both walks
[ROUTE DOORS] PASS service frame 1 repeated door in one route reopens and clears both crossings
[ROUTE DOORS] PASS service frame 1 looped passage closes behind
[ROUTE DOORS] PASS service frame 1 locked non-home door holds route and timer
[ROUTE DOORS] PASS service frame 1 unlocking retries through the real owner
[ROUTE DOORS] PASS service frame 1 unlocked opening settles
[ROUTE DOORS] PASS service frame 1 player closing motion is waited out and opening retried
[ROUTE DOORS] PASS service frame 1 passed resident leaves door open for a neighbour in its sweep
[ROUTE DOORS] PASS service frame 1 home owner shares visitor occupancy refusal
[ROUTE DOORS] PASS service frame 1 vacated but locked close remains pending
[ROUTE DOORS] PASS service frame 1 clear unlocked sweep accepts its pending close
[ROUTE DOORS] PASS service frame 1 occupancy close settles
[ROUTE DOORS] PASS service frame 1 cancellation begins with an actual opening
[ROUTE DOORS] PASS service frame 1 replaced un-crossed route relinquishes and closes without a fabricated passage
[ROUTE DOORS] PASS service frame 1 off-aperture on-plane bend does not invent a door crossing
[ROUTE DOORS] PASS service frame 1 door-free path initially moves
[ROUTE DOORS] PASS service frame 1 late-added host invalidates empty selection and holds
[ROUTE DOORS] PASS service frame 1 late-added owner settles before removal
[ROUTE DOORS] PASS service frame 1 freed host is not retained and no longer gates
[ROUTE DOORS] PASS service frame 1 moved host invalidates formerly off-route selection
[ROUTE DOORS] PASS service frame 1 moved host settles before restoring position
[ROUTE DOORS] PASS service frame 1 actor teardown relinquishes its opened request
[ROUTE DOORS] PASS service frame 1 same-coordinate foreign World3D host is not opened
[ROUTE DOORS] PASS service frame 1 actual Landmark override inherits route registration
[ROUTE DOORS] PASS service frame 1 private worlds retire with all weak coordinator references
[ROUTE DOORS] RESULT 110/110
