ERROR: turned knob retains source centre and declared projection
   at: push_error (core/variant/variant_utility.cpp:1023)
   GDScript backtrace (most recent call first):
       [0] check (res://tests/orison_v2_floor_surface_test.gd:5)
       [1] check (res://tests/orison_v2_ventilation_throat_test.gd:9)
       [2] _check_joinery_details (res://tests/orison_v2_shop_joinery_test.gd:143)
       [3] validate_in_world (res://tests/orison_v2_shop_joinery_test.gd:99)
       [4] _run (res://tests/orison_v2_fabrication_batch.gd:78)
ERROR: turned knob retains source centre and declared projection
   at: push_error (core/variant/variant_utility.cpp:1023)
   GDScript backtrace (most recent call first):
       [0] check (res://tests/orison_v2_floor_surface_test.gd:5)
       [1] check (res://tests/orison_v2_ventilation_throat_test.gd:9)
       [2] _check_joinery_details (res://tests/orison_v2_shop_joinery_test.gd:143)
       [3] validate_in_world (res://tests/orison_v2_shop_joinery_test.gd:99)
       [4] _run (res://tests/orison_v2_fabrication_batch.gd:78)
ERROR: turned knob retains source centre and declared projection
   at: push_error (core/variant/variant_utility.cpp:1023)
   GDScript backtrace (most recent call first):
       [0] check (res://tests/orison_v2_floor_surface_test.gd:5)
       [1] check (res://tests/orison_v2_ventilation_throat_test.gd:9)
       [2] _check_joinery_details (res://tests/orison_v2_shop_joinery_test.gd:143)
       [3] validate_in_world (res://tests/orison_v2_shop_joinery_test.gd:99)
       [4] _run (res://tests/orison_v2_fabrication_batch.gd:78)
ERROR: turned knob retains source centre and declared projection
   at: push_error (core/variant/variant_utility.cpp:1023)
   GDScript backtrace (most recent call first):
       [0] check (res://tests/orison_v2_floor_surface_test.gd:5)
       [1] check (res://tests/orison_v2_ventilation_throat_test.gd:9)
       [2] _check_joinery_details (res://tests/orison_v2_shop_joinery_test.gd:143)
       [3] validate_in_world (res://tests/orison_v2_shop_joinery_test.gd:99)
       [4] _run (res://tests/orison_v2_fabrication_batch.gd:78)
ERROR: turned knob retains source centre and declared projection
   at: push_error (core/variant/variant_utility.cpp:1023)
   GDScript backtrace (most recent call first):
       [0] check (res://tests/orison_v2_floor_surface_test.gd:5)
       [1] check (res://tests/orison_v2_ventilation_throat_test.gd:9)
       [2] _check_joinery_details (res://tests/orison_v2_shop_joinery_test.gd:143)
       [3] validate_in_world (res://tests/orison_v2_shop_joinery_test.gd:99)
       [4] _run (res://tests/orison_v2_fabrication_batch.gd:78)
ERROR: turned knob retains source centre and declared projection
   at: push_error (core/variant/variant_utility.cpp:1023)
   GDScript backtrace (most recent call first):
       [0] check (res://tests/orison_v2_floor_surface_test.gd:5)
       [1] check (res://tests/orison_v2_ventilation_throat_test.gd:9)
       [2] _check_joinery_details (res://tests/orison_v2_shop_joinery_test.gd:143)
       [3] validate_in_world (res://tests/orison_v2_shop_joinery_test.gd:99)
       [4] _run (res://tests/orison_v2_fabrication_batch.gd:78)
ERROR: turned knob retains source centre and declared projection
   at: push_error (core/variant/variant_utility.cpp:1023)
   GDScript backtrace (most recent call first):
       [0] check (res://tests/orison_v2_floor_surface_test.gd:5)
       [1] check (res://tests/orison_v2_ventilation_throat_test.gd:9)
       [2] _check_joinery_details (res://tests/orison_v2_shop_joinery_test.gd:143)
       [3] validate_in_world (res://tests/orison_v2_shop_joinery_test.gd:99)
       [4] _run (res://tests/orison_v2_fabrication_batch.gd:78)
ERROR: turned knob retains source centre and declared projection
   at: push_error (core/variant/variant_utility.cpp:1023)
   GDScript backtrace (most recent call first):
       [0] check (res://tests/orison_v2_floor_surface_test.gd:5)
       [1] check (res://tests/orison_v2_ventilation_throat_test.gd:9)
       [2] _check_joinery_details (res://tests/orison_v2_shop_joinery_test.gd:143)
       [3] validate_in_world (res://tests/orison_v2_shop_joinery_test.gd:99)
       [4] _run (res://tests/orison_v2_fabrication_batch.gd:78)
ERROR: turned knob retains source centre and declared projection
   at: push_error (core/variant/variant_utility.cpp:1023)
   GDScript backtrace (most recent call first):
       [0] check (res://tests/orison_v2_floor_surface_test.gd:5)
       [1] check (res://tests/orison_v2_ventilation_throat_test.gd:9)
       [2] _check_joinery_details (res://tests/orison_v2_shop_joinery_test.gd:143)
       [3] validate_in_world (res://tests/orison_v2_shop_joinery_test.gd:99)
       [4] _run (res://tests/orison_v2_fabrication_batch.gd:78)
ERROR: turned knob retains source centre and declared projection
   at: push_error (core/variant/variant_utility.cpp:1023)
   GDScript backtrace (most recent call first):
       [0] check (res://tests/orison_v2_floor_surface_test.gd:5)
       [1] check (res://tests/orison_v2_ventilation_throat_test.gd:9)
       [2] _check_joinery_details (res://tests/orison_v2_shop_joinery_test.gd:143)
       [3] validate_in_world (res://tests/orison_v2_shop_joinery_test.gd:99)
       [4] _run (res://tests/orison_v2_fabrication_batch.gd:78)
ERROR: turned knob retains source centre and declared projection
   at: push_error (core/variant/variant_utility.cpp:1023)
   GDScript backtrace (most recent call first):
       [0] check (res://tests/orison_v2_floor_surface_test.gd:5)
       [1] check (res://tests/orison_v2_ventilation_throat_test.gd:9)
       [2] _check_joinery_details (res://tests/orison_v2_shop_joinery_test.gd:143)
       [3] validate_in_world (res://tests/orison_v2_shop_joinery_test.gd:99)
       [4] _run (res://tests/orison_v2_fabrication_batch.gd:78)
WARNING: 7 RIDs of type "Texture" were leaked.
   at: finalize (servers/rendering/rendering_device.cpp:8900)
