ERROR: actual knob face near the tip has its lathed physical profile: shop_funeral_parlour
   at: push_error (core/variant/variant_utility.cpp:1023)
   GDScript backtrace (most recent call first):
       [0] check (res://tests/orison_v2_floor_surface_test.gd:5)
       [1] check (res://tests/orison_v2_ventilation_throat_test.gd:9)
       [2] _check_joinery_details (res://tests/orison_v2_shop_joinery_test.gd:152)
       [3] validate_in_world (res://tests/orison_v2_shop_joinery_test.gd:99)
       [4] _run (res://tests/orison_v2_fabrication_batch.gd:78)
ERROR: actual knob face near the tip has its lathed physical profile: shop_hardware_paint
   at: push_error (core/variant/variant_utility.cpp:1023)
   GDScript backtrace (most recent call first):
       [0] check (res://tests/orison_v2_floor_surface_test.gd:5)
       [1] check (res://tests/orison_v2_ventilation_throat_test.gd:9)
       [2] _check_joinery_details (res://tests/orison_v2_shop_joinery_test.gd:152)
       [3] validate_in_world (res://tests/orison_v2_shop_joinery_test.gd:99)
       [4] _run (res://tests/orison_v2_fabrication_batch.gd:78)
ERROR: actual knob face near the tip has its lathed physical profile: shop_keys_cut
   at: push_error (core/variant/variant_utility.cpp:1023)
   GDScript backtrace (most recent call first):
       [0] check (res://tests/orison_v2_floor_surface_test.gd:5)
       [1] check (res://tests/orison_v2_ventilation_throat_test.gd:9)
       [2] _check_joinery_details (res://tests/orison_v2_shop_joinery_test.gd:152)
       [3] validate_in_world (res://tests/orison_v2_shop_joinery_test.gd:99)
       [4] _run (res://tests/orison_v2_fabrication_batch.gd:78)
ERROR: actual knob face near the tip has its lathed physical profile: shop_luncheonette
   at: push_error (core/variant/variant_utility.cpp:1023)
   GDScript backtrace (most recent call first):
       [0] check (res://tests/orison_v2_floor_surface_test.gd:5)
       [1] check (res://tests/orison_v2_ventilation_throat_test.gd:9)
       [2] _check_joinery_details (res://tests/orison_v2_shop_joinery_test.gd:152)
       [3] validate_in_world (res://tests/orison_v2_shop_joinery_test.gd:99)
       [4] _run (res://tests/orison_v2_fabrication_batch.gd:78)
ERROR: actual knob face near the tip has its lathed physical profile: shop_model_laundry
   at: push_error (core/variant/variant_utility.cpp:1023)
   GDScript backtrace (most recent call first):
       [0] check (res://tests/orison_v2_floor_surface_test.gd:5)
       [1] check (res://tests/orison_v2_ventilation_throat_test.gd:9)
       [2] _check_joinery_details (res://tests/orison_v2_shop_joinery_test.gd:152)
       [3] validate_in_world (res://tests/orison_v2_shop_joinery_test.gd:99)
       [4] _run (res://tests/orison_v2_fabrication_batch.gd:78)
ERROR: actual knob face near the tip has its lathed physical profile: shop_news_cigars
   at: push_error (core/variant/variant_utility.cpp:1023)
   GDScript backtrace (most recent call first):
       [0] check (res://tests/orison_v2_floor_surface_test.gd:5)
       [1] check (res://tests/orison_v2_ventilation_throat_test.gd:9)
       [2] _check_joinery_details (res://tests/orison_v2_shop_joinery_test.gd:152)
       [3] validate_in_world (res://tests/orison_v2_shop_joinery_test.gd:99)
       [4] _run (res://tests/orison_v2_fabrication_batch.gd:78)
ERROR: actual knob face near the tip has its lathed physical profile: shop_otis_son
   at: push_error (core/variant/variant_utility.cpp:1023)
   GDScript backtrace (most recent call first):
       [0] check (res://tests/orison_v2_floor_surface_test.gd:5)
       [1] check (res://tests/orison_v2_ventilation_throat_test.gd:9)
       [2] _check_joinery_details (res://tests/orison_v2_shop_joinery_test.gd:152)
       [3] validate_in_world (res://tests/orison_v2_shop_joinery_test.gd:99)
       [4] _run (res://tests/orison_v2_fabrication_batch.gd:78)
ERROR: actual knob face near the tip has its lathed physical profile: shop_pawnbroker
   at: push_error (core/variant/variant_utility.cpp:1023)
   GDScript backtrace (most recent call first):
       [0] check (res://tests/orison_v2_floor_surface_test.gd:5)
       [1] check (res://tests/orison_v2_ventilation_throat_test.gd:9)
       [2] _check_joinery_details (res://tests/orison_v2_shop_joinery_test.gd:152)
       [3] validate_in_world (res://tests/orison_v2_shop_joinery_test.gd:99)
       [4] _run (res://tests/orison_v2_fabrication_batch.gd:78)
ERROR: actual knob face near the tip has its lathed physical profile: shop_photo_supplies
   at: push_error (core/variant/variant_utility.cpp:1023)
   GDScript backtrace (most recent call first):
       [0] check (res://tests/orison_v2_floor_surface_test.gd:5)
       [1] check (res://tests/orison_v2_ventilation_throat_test.gd:9)
       [2] _check_joinery_details (res://tests/orison_v2_shop_joinery_test.gd:152)
       [3] validate_in_world (res://tests/orison_v2_shop_joinery_test.gd:99)
       [4] _run (res://tests/orison_v2_fabrication_batch.gd:78)
ERROR: actual knob face near the tip has its lathed physical profile: shop_radio_service
   at: push_error (core/variant/variant_utility.cpp:1023)
   GDScript backtrace (most recent call first):
       [0] check (res://tests/orison_v2_floor_surface_test.gd:5)
       [1] check (res://tests/orison_v2_ventilation_throat_test.gd:9)
       [2] _check_joinery_details (res://tests/orison_v2_shop_joinery_test.gd:152)
       [3] validate_in_world (res://tests/orison_v2_shop_joinery_test.gd:99)
       [4] _run (res://tests/orison_v2_fabrication_batch.gd:78)
ERROR: actual knob face near the tip has its lathed physical profile: shop_shoe_rebuilding
   at: push_error (core/variant/variant_utility.cpp:1023)
   GDScript backtrace (most recent call first):
       [0] check (res://tests/orison_v2_floor_surface_test.gd:5)
       [1] check (res://tests/orison_v2_ventilation_throat_test.gd:9)
       [2] _check_joinery_details (res://tests/orison_v2_shop_joinery_test.gd:152)
       [3] validate_in_world (res://tests/orison_v2_shop_joinery_test.gd:99)
       [4] _run (res://tests/orison_v2_fabrication_batch.gd:78)
