Godot Engine v4.7.1.stable.official.a13da4feb - https://godotengine.org

[ACOUSTIC] 550 nodes loaded
ORISON V2 BLOCKOUT: 200 spaces / 111 doors / 1104 anchors
[V2 FRONT COURT ROOF] three seated girders; retained roof slabs; mapped exterior concrete
[V2 BODEGA POWER] independent inlet; four existing fittings; 20 bearings
[SURFACE] 1297 surfaces layered (464 materials)
[PASSAGE HOURS] OPEN; 10 grilles folded
[PASSAGE HOURS] 11 shopfronts, 10 close after 02:00, HARDWARE PAINT keeps night service
[PASSAGE FINISH] 6 gated draws, 3 handcarts, hours active
[V2 PASSAGE] 13 resident cells; 11 doors; 1 shared-service counters
[SURFACE] 170 surfaces layered (81 materials)
[HARUKIYA] 9 interactables placed
[ARCADE] 2 cabinet(s) from a catalog of 12: SOMETHING IN THE HALL (mystery_serial), OPERATIONS (farm_and_market)
[ARCADE] all of them are running arcade_pit
[V2 BAR] retained cell; 29 registered markers; 3 doors
[V2 FRONT FACADE] native entrance, original landmark hardware, glazed marquee and fitted blade
[SCHEDULE] director live: 18 residents on the clock
[MOVES] personal library: res://assets/characters/mina_vale/mina_vale_moves.glb
SOURCE PARAPET MATERIAL ROOF_PARAPET_EAST brick 
SOURCE PARAPET MATERIAL ROOF_PARAPET_NORTH brick 
SOURCE PARAPET MATERIAL ROOF_PARAPET_SOUTH brick 
SOURCE PARAPET MATERIAL ROOF_PARAPET_WEST brick 
[ORISON V2 RUNTIME] ready startup_ms=16624.285
[LIGHTING] 207 sources active in system; 207 full personalities; profiles steady/breathe/mains/beat/dropout=[50, 45, 36, 42, 34]
CAP MAPPING: mesh=shop_joinery_storm_shop_funeral_parlour_boh_door__brass_dull valid_basis=true max_uv_excess=0.00000008428469 widest=1.00007802572767 vertices=4135 derivatives=true bad_derivatives=0 min_determinant=0.00000232876278 worst_dot=0.99999988079071
CAP MAPPING: mesh=shop_joinery_storm_shop_funeral_parlour_boh_door__iron_blackened valid_basis=true max_uv_excess=0.00000007310882 widest=1.00032691062136 vertices=1495 derivatives=true bad_derivatives=0 min_determinant=0.0000000289043 worst_dot=0.99999982118607
CAP MAPPING: mesh=shop_joinery_storm_shop_funeral_parlour_boh_door__wood_dark valid_basis=true max_uv_excess=0.00000017881393 widest=1.00023621578176 vertices=23368 derivatives=true bad_derivatives=0 min_determinant=0.0000001156172 worst_dot=0.99999982118607
CAP MAPPING: mesh=shop_joinery_storm_shop_funeral_parlour_window_plinth__plywood valid_basis=true max_uv_excess=0.00000009231735 widest=1.00008930488926 vertices=528 derivatives=true bad_derivatives=0 min_determinant=0.00000046255356 worst_dot=0.99999988079071
CAP MAPPING: mesh=shop_joinery_storm_shop_funeral_parlour_window_plinth__wood_dark valid_basis=true max_uv_excess=0.00000011920929 widest=1.00011159238848 vertices=11156 derivatives=true bad_derivatives=0 min_determinant=0.00000046255592 worst_dot=0.99999988079071
CAP MAPPING: mesh=shop_joinery_storm_shop_hardware_paint_boh_door__brass_dull valid_basis=true max_uv_excess=0.00000008591451 widest=1.00009216507657 vertices=4151 derivatives=true bad_derivatives=0 min_determinant=0.00000232876278 worst_dot=0.99999988079071
CAP MAPPING: mesh=shop_joinery_storm_shop_hardware_paint_boh_door__iron_blackened valid_basis=true max_uv_excess=0.00000008061761 widest=1.00031190950436 vertices=1502 derivatives=true bad_derivatives=0 min_determinant=0.0000000289043 worst_dot=0.99999988079071
CAP MAPPING: mesh=shop_joinery_storm_shop_hardware_paint_boh_door__wood_dark valid_basis=true max_uv_excess=0.00000017881393 widest=1.00029525758337 vertices=23312 derivatives=true bad_derivatives=0 min_determinant=0.00000011559834 worst_dot=0.99999982118607
CAP MAPPING: mesh=shop_joinery_storm_shop_keys_cut_boh_door__brass_dull valid_basis=true max_uv_excess=0.00000008300412 widest=1.0000779070306 vertices=4135 derivatives=true bad_derivatives=0 min_determinant=0.00000232876278 worst_dot=0.99999988079071
CAP MAPPING: mesh=shop_joinery_storm_shop_keys_cut_boh_door__iron_blackened valid_basis=true max_uv_excess=0.00000007709605 widest=1.00031416867266 vertices=1495 derivatives=true bad_derivatives=0 min_determinant=0.00000002890415 worst_dot=0.99999988079071
CAP MAPPING: mesh=shop_joinery_storm_shop_keys_cut_boh_door__wood_dark valid_basis=true max_uv_excess=0.00000017881393 widest=1.00024160352114 vertices=23318 derivatives=true bad_derivatives=0 min_determinant=0.00000011559834 worst_dot=0.99999988079071
CAP MAPPING: mesh=shop_joinery_storm_shop_luncheonette_boh_door__brass_dull valid_basis=true max_uv_excess=0.00000008638017 widest=1.00010266184089 vertices=4151 derivatives=true bad_derivatives=0 min_determinant=0.0000023260925 worst_dot=0.99999988079071
CAP MAPPING: mesh=shop_joinery_storm_shop_luncheonette_boh_door__iron_blackened valid_basis=true max_uv_excess=0.00000008239294 widest=1.00033222404222 vertices=1478 derivatives=true bad_derivatives=0 min_determinant=0.0000000289043 worst_dot=0.99999988079071
CAP MAPPING: mesh=shop_joinery_storm_shop_luncheonette_boh_door__wood_dark valid_basis=true max_uv_excess=0.00000017881393 widest=1.00026198931593 vertices=23232 derivatives=true bad_derivatives=0 min_determinant=0.0000001156172 worst_dot=0.99999982118607
CAP MAPPING: mesh=shop_joinery_storm_shop_model_laundry_boh_door__brass_dull valid_basis=true max_uv_excess=0.0000000805594 widest=1.00007802572767 vertices=4151 derivatives=true bad_derivatives=0 min_determinant=0.00000232876278 worst_dot=0.99999988079071
CAP MAPPING: mesh=shop_joinery_storm_shop_model_laundry_boh_door__iron_blackened valid_basis=true max_uv_excess=0.00000008777715 widest=1.00035396431228 vertices=1477 derivatives=true bad_derivatives=0 min_determinant=0.0000000289043 worst_dot=0.99999988079071
CAP MAPPING: mesh=shop_joinery_storm_shop_model_laundry_boh_door__wood_dark valid_basis=true max_uv_excess=0.00000017881393 widest=1.00026923777996 vertices=23344 derivatives=true bad_derivatives=0 min_determinant=0.0000001156172 worst_dot=0.99999988079071
CAP MAPPING: mesh=shop_joinery_storm_shop_news_cigars_boh_door__brass_dull valid_basis=true max_uv_excess=0.000000086613 widest=1.00009366025619 vertices=4151 derivatives=true bad_derivatives=0 min_determinant=0.0000023260925 worst_dot=0.99999988079071
CAP MAPPING: mesh=shop_joinery_storm_shop_news_cigars_boh_door__iron_blackened valid_basis=true max_uv_excess=0.00000007680501 widest=1.00029592709451 vertices=1478 derivatives=true bad_derivatives=0 min_determinant=0.0000000289043 worst_dot=0.99999988079071
CAP MAPPING: mesh=shop_joinery_storm_shop_news_cigars_boh_door__wood_dark valid_basis=true max_uv_excess=0.00000017881393 widest=1.00026923777996 vertices=23262 derivatives=true bad_derivatives=0 min_determinant=0.00000011559834 worst_dot=0.99999988079071
CAP MAPPING: mesh=shop_joinery_storm_shop_otis___son_boh_door__brass_dull valid_basis=true max_uv_excess=0.00000008195639 widest=1.00010266184089 vertices=4149 derivatives=true bad_derivatives=0 min_determinant=0.0000023260925 worst_dot=0.99999988079071
CAP MAPPING: mesh=shop_joinery_storm_shop_otis___son_boh_door__iron_blackened valid_basis=true max_uv_excess=0.00000006624032 widest=1.0003234252333 vertices=1490 derivatives=true bad_derivatives=0 min_determinant=0.0000000289043 worst_dot=0.99999988079071
CAP MAPPING: mesh=shop_joinery_storm_shop_otis___son_boh_door__wood_dark valid_basis=true max_uv_excess=0.00000017881393 widest=1.00029082448742 vertices=23304 derivatives=true bad_derivatives=0 min_determinant=0.00000011559834 worst_dot=0.99999982118607
CAP MAPPING: mesh=shop_joinery_storm_shop_pawnbroker_boh_door__brass_dull valid_basis=true max_uv_excess=0.00000008614734 widest=1.00009637473982 vertices=4135 derivatives=true bad_derivatives=0 min_determinant=0.0000023260925 worst_dot=0.99999988079071
CAP MAPPING: mesh=shop_joinery_storm_shop_pawnbroker_boh_door__iron_blackened valid_basis=true max_uv_excess=0.00000007310882 widest=1.00028168009618 vertices=1506 derivatives=true bad_derivatives=0 min_determinant=0.00000002890194 worst_dot=0.99999988079071
CAP MAPPING: mesh=shop_joinery_storm_shop_pawnbroker_boh_door__wood_dark valid_basis=true max_uv_excess=0.00000017881393 widest=1.000269057053 vertices=23282 derivatives=true bad_derivatives=0 min_determinant=0.00000011559834 worst_dot=0.99999988079071
CAP MAPPING: mesh=shop_joinery_storm_shop_photo_supplies_boh_door__brass_dull valid_basis=true max_uv_excess=0.00000008568168 widest=1.00007461176506 vertices=4135 derivatives=true bad_derivatives=0 min_determinant=0.0000023260925 worst_dot=0.99999988079071
CAP MAPPING: mesh=shop_joinery_storm_shop_photo_supplies_boh_door__iron_blackened valid_basis=true max_uv_excess=0.00000006577466 widest=1.00034373388499 vertices=1491 derivatives=true bad_derivatives=0 min_determinant=0.0000000289043 worst_dot=0.99999988079071
CAP MAPPING: mesh=shop_joinery_storm_shop_photo_supplies_boh_door__wood_dark valid_basis=true max_uv_excess=0.00000017881393 widest=1.00029807336937 vertices=23294 derivatives=true bad_derivatives=0 min_determinant=0.00000011559834 worst_dot=0.99999982118607
CAP MAPPING: mesh=shop_joinery_storm_shop_radio_service_boh_door__brass_dull valid_basis=true max_uv_excess=0.00000008475035 widest=1.00008393891696 vertices=4151 derivatives=true bad_derivatives=0 min_determinant=0.0000023260925 worst_dot=0.99999988079071
CAP MAPPING: mesh=shop_joinery_storm_shop_radio_service_boh_door__iron_blackened valid_basis=true max_uv_excess=0.00000007339986 widest=1.00031249178753 vertices=1474 derivatives=true bad_derivatives=0 min_determinant=0.0000000289043 worst_dot=0.99999988079071
CAP MAPPING: mesh=shop_joinery_storm_shop_radio_service_boh_door__wood_dark valid_basis=true max_uv_excess=0.00000017881393 widest=1.00022610298876 vertices=23344 derivatives=true bad_derivatives=0 min_determinant=0.0000001156172 worst_dot=0.99999988079071
CAP MAPPING: mesh=shop_joinery_storm_shop_shoe_rebuilding_boh_door__brass_dull valid_basis=true max_uv_excess=0.00000008172356 widest=1.00007908512222 vertices=4151 derivatives=true bad_derivatives=0 min_determinant=0.00000232876278 worst_dot=0.99999988079071
CAP MAPPING: mesh=shop_joinery_storm_shop_shoe_rebuilding_boh_door__iron_blackened valid_basis=true max_uv_excess=0.00000006650225 widest=1.00034373388499 vertices=1487 derivatives=true bad_derivatives=0 min_determinant=0.0000000289043 worst_dot=0.99999988079071
CAP MAPPING: mesh=shop_joinery_storm_shop_shoe_rebuilding_boh_door__wood_dark valid_basis=true max_uv_excess=0.00000017881393 widest=1.00022146751393 vertices=23324 derivatives=true bad_derivatives=0 min_determinant=0.00000011559834 worst_dot=0.99999988079071
SHOP JOINERY: checks=806 parts=35 triangles=120440 removed=288 supports=50 failures=0
FABRICATION BATCH: worlds=1 modules=1 module_checks=806 failures=0 elapsed_ms=18032
