Godot Engine v4.7.1.stable.official.a13da4feb - https://godotengine.org
Vulkan 1.4.341 - Forward+ - Using Device #0: NVIDIA - NVIDIA GeForce RTX 4080

[ACOUSTIC] 550 nodes loaded
ORISON V2 BLOCKOUT: 200 spaces / 111 doors / 1104 anchors
[V2 FRONT COURT ROOF] three seated girders; retained roof slabs; mapped exterior concrete
[V2 BODEGA POWER] independent inlet; four existing fittings; 20 bearings
[SURFACE] 386 surfaces layered (258 materials)
[PASSAGE HOURS] OPEN; 10 grilles folded
[PASSAGE HOURS] 11 shopfronts, 10 close after 02:00, HARDWARE PAINT keeps night service
[PASSAGE FINISH] 6 gated draws, 3 handcarts, hours active
[V2 PASSAGE] 13 resident cells; 11 doors; 1 shared-service counters
[SURFACE] 215 surfaces layered (108 materials)
[HARUKIYA] 9 interactables placed
[ARCADE] 2 cabinet(s) from a catalog of 12: SOMETHING IN THE HALL (mystery_serial), OPERATIONS (farm_and_market)
[ARCADE] all of them are running arcade_pit
[V2 BAR] retained cell; 29 registered markers; 3 doors
[V2 FRONT FACADE] native entrance, original landmark hardware, glazed marquee and fitted blade
[SCHEDULE] director live: 18 residents on the clock
[MOVES] personal library: res://assets/characters/mina_vale/mina_vale_moves.glb
SOURCE PARAPET MATERIAL ROOF_PARAPET_EAST brick 
SOURCE PARAPET MATERIAL ROOF_PARAPET_NORTH brick 
SOURCE PARAPET MATERIAL ROOF_PARAPET_SOUTH brick 
SOURCE PARAPET MATERIAL ROOF_PARAPET_WEST brick 
[ORISON V2 RUNTIME] ready startup_ms=35349.822
[LIGHTING] 211 sources active in system; 211 full personalities; profiles steady/breathe/mains/beat/dropout=[50, 49, 36, 42, 34]
[HARUKIYA] OPEN, 18 fixtures
DOSSIER CENSUS: nodes=2048 spaces_with_nodes=165
DOSSIER SPACE: B1_LAUNDRY captured_pending_visual_review captures=6
DOSSIER SPACE: B1_PUBLIC_CORE captured_pending_visual_review captures=6
DOSSIER SPACE: B1_BOILER_APPROACH captured_pending_visual_review captures=6
DOSSIER SPACE: B1_BOILER_ROOM captured_pending_visual_review captures=6
DOSSIER SPACE: F01_STREET_APRON captured_pending_visual_review captures=6
DOSSIER SPACE: F01_REAR_APRON captured_pending_visual_review captures=4
DOSSIER SPACE: F01_VESTIBULE captured_pending_visual_review captures=5
DOSSIER SPACE: F01_LOBBY captured_pending_visual_review captures=6
DOSSIER SPACE: F01_WATCH captured_pending_visual_review captures=6
DOSSIER SPACE: F01_MAIL_TELEPHONE captured_pending_visual_review captures=6
DOSSIER SPACE: F01_PACKAGE captured_pending_visual_review captures=5
DOSSIER SPACE: F01_COMMON_B captured_pending_visual_review captures=6
DOSSIER SPACE: F01_PUBLIC_CORE captured_pending_visual_review captures=6
DOSSIER SPACE: F01_CORE_TO_SERVICE captured_pending_visual_review captures=3
DOSSIER SPACE: F01_SERVICE_HALL captured_pending_visual_review captures=6
DOSSIER SPACE: F01_SERVICE_CORE captured_pending_visual_review captures=4
DOSSIER SPACE: F02_LANDING captured_pending_visual_review captures=4
DOSSIER SPACE: F02_WEST_HALL captured_pending_visual_review captures=5
DOSSIER SPACE: F02_A_VESTIBULE captured_pending_visual_review captures=5
DOSSIER SPACE: F02_A_MAIN captured_pending_visual_review captures=6
DOSSIER SPACE: F02_A_KITCHEN captured_pending_visual_review captures=6
DOSSIER SPACE: F02_A_PRIVATE_HALL captured_pending_visual_review captures=6
DOSSIER SPACE: F02_A_BATH captured_pending_visual_review captures=6
DOSSIER SPACE: F02_A_BED captured_pending_visual_review captures=6
DOSSIER SPACE: F02_PUBLIC_CORE captured_pending_visual_review captures=4
DOSSIER SPACE: F02_EAST_HALL captured_pending_visual_review captures=4
DOSSIER SPACE: F02_SERVICE_CROSSING captured_pending_visual_review captures=5
DOSSIER SPACE: F02_B_VESTIBULE captured_pending_visual_review captures=6
DOSSIER SPACE: F02_B_MAIN captured_pending_visual_review captures=6
DOSSIER SPACE: F02_B_KITCHEN captured_pending_visual_review captures=6
[SURFACE] 33 surfaces layered (20 materials)
[SURFACE] 53 surfaces layered (39 materials)
[SURFACE] 90 surfaces layered (54 materials)
[SURFACE] 108 surfaces layered (68 materials)
[SURFACE] 156 surfaces layered (82 materials)
[SURFACE] 174 surfaces layered (100 materials)
[SURFACE] 212 surfaces layered (131 materials)
[SURFACE] 257 surfaces layered (160 materials)
[SURFACE] 278 surfaces layered (181 materials)
[SURFACE] 297 surfaces layered (199 materials)
[SURFACE] 338 surfaces layered (224 materials)
[SURFACE] 376 surfaces layered (251 materials)
DOSSIER SPACE: F02_B_BED captured_pending_visual_review captures=6
DOSSIER SPACE: F02_B_PRIVATE_HALL captured_pending_visual_review captures=6
DOSSIER SPACE: F02_B_BATH captured_pending_visual_review captures=6
DOSSIER SPACE: F02_SERVICE_HALL captured_pending_visual_review captures=3
DOSSIER SPACE: F02_SERVICE_HALL_SOUTH captured_pending_visual_review captures=3
DOSSIER SPACE: F02_SERVICE_CORE captured_pending_visual_review captures=3
DOSSIER SPACE: F03_PUBLIC_CORE captured_pending_visual_review captures=4
DOSSIER SPACE: F03_SERVICE_CORE captured_pending_visual_review captures=4
DOSSIER SPACE: F03_LANDING captured_pending_visual_review captures=2
DOSSIER SPACE: F03_EAST_HALL captured_pending_visual_review captures=3
DOSSIER SPACE: F03_SERVICE_CROSSING captured_pending_visual_review captures=5
DOSSIER SPACE: F03_SERVICE_HALL captured_pending_visual_review captures=5
DOSSIER SPACE: F03_SERVICE_HALL_SOUTH captured_pending_visual_review captures=4
DOSSIER SPACE: F03_B_VESTIBULE captured_pending_visual_review captures=5
DOSSIER SPACE: F03_B_MAIN captured_pending_visual_review captures=6
DOSSIER SPACE: F03_B_KITCHEN captured_pending_visual_review captures=6
DOSSIER SPACE: F03_B_PRIVATE_HALL captured_pending_visual_review captures=6
DOSSIER SPACE: F03_B_ALCOVE captured_pending_visual_review captures=6
DOSSIER SPACE: F03_B_BATH captured_pending_visual_review captures=6
DOSSIER SPACE: F03_A_VESTIBULE captured_pending_visual_review captures=5
DOSSIER SPACE: F03_A_MAIN captured_pending_visual_review captures=6
DOSSIER SPACE: F03_A_KITCHEN captured_pending_visual_review captures=6
DOSSIER SPACE: F03_A_PRIVATE_HALL captured_pending_visual_review captures=6
DOSSIER SPACE: F03_A_BATH captured_pending_visual_review captures=6
DOSSIER SPACE: F03_A_BED captured_pending_visual_review captures=6
DOSSIER SPACE: F03_WEST_HALL captured_pending_visual_review captures=4
DOSSIER SPACE: F02_C_VESTIBULE captured_pending_visual_review captures=5
DOSSIER SPACE: F02_C_MAIN captured_pending_visual_review captures=6
DOSSIER SPACE: F02_C_STUDIO captured_pending_visual_review captures=6
DOSSIER SPACE: F02_C_PRIVATE_HALL captured_pending_visual_review captures=6
DOSSIER SPACE: F02_C_BATH captured_pending_visual_review captures=6
DOSSIER SPACE: F02_C_KITCHEN captured_pending_visual_review captures=6
DOSSIER SPACE: F02_C_BED1 captured_pending_visual_review captures=6
DOSSIER SPACE: F02_C_BED2 captured_pending_visual_review captures=6
DOSSIER SPACE: F01_D_VESTIBULE captured_pending_visual_review captures=6
DOSSIER SPACE: F01_D_MAIN captured_pending_visual_review captures=6
DOSSIER SPACE: F01_D_KITCHEN captured_pending_visual_review captures=6
DOSSIER SPACE: F01_D_BED captured_pending_visual_review captures=6
DOSSIER SPACE: F01_D_PRIVATE_HALL captured_pending_visual_review captures=6
DOSSIER SPACE: F01_D_BATH captured_pending_visual_review captures=6
DOSSIER SPACE: F01_A_VESTIBULE captured_pending_visual_review captures=6
DOSSIER SPACE: F01_A_MAIN captured_pending_visual_review captures=6
DOSSIER SPACE: F01_A_PRIVATE_HALL captured_pending_visual_review captures=6
DOSSIER SPACE: F01_A_BATH captured_pending_visual_review captures=6
DOSSIER SPACE: F01_A_KITCHEN captured_pending_visual_review captures=6
DOSSIER SPACE: F01_A_BED captured_pending_visual_review captures=6
DOSSIER SPACE: F01_A_STUDY captured_pending_visual_review captures=6
DOSSIER SPACE: F03_D_VESTIBULE captured_pending_visual_review captures=6
DOSSIER SPACE: F03_D_MAIN captured_pending_visual_review captures=6
DOSSIER SPACE: F03_D_PRIVATE_HALL captured_pending_visual_review captures=6
DOSSIER SPACE: F03_D_BATH captured_pending_visual_review captures=6
DOSSIER SPACE: F03_D_KITCHEN captured_pending_visual_review captures=6
DOSSIER SPACE: F03_D_BED captured_pending_visual_review captures=6
DOSSIER SPACE: F03_D_STUDY captured_pending_visual_review captures=6
DOSSIER SPACE: F02_SOUTHWEST_HALL captured_pending_visual_review captures=6
DOSSIER SPACE: F03_SOUTHWEST_HALL captured_pending_visual_review captures=6
DOSSIER SPACE: F02_D_RESTRICTED captured_pending_visual_review captures=6
DOSSIER SPACE: F03_C_RESTRICTED captured_pending_visual_review captures=6
DOSSIER SPACE: F01_STAFF_RESTROOM captured_pending_visual_review captures=6
DOSSIER SPACE: B1_ELECTRICAL captured_pending_visual_review captures=6
DOSSIER SPACE: B1_MAINTENANCE_SHOP captured_pending_visual_review captures=6
DOSSIER SPACE: B1_COAL_ROOM captured_pending_visual_review captures=6
DOSSIER SPACE: B1_RESIDENT_STORAGE captured_pending_visual_review captures=6
DOSSIER SPACE: B1_SERVICE_CORE captured_pending_visual_review captures=6
DOSSIER SPACE: B1_ELECTRICAL_RECESS captured_pending_visual_review captures=4
DOSSIER SWEEP COMPLETE: spaces=95 city=0 failures=0
