Godot Engine v4.7.1.stable.official.a13da4feb - https://godotengine.org
Vulkan 1.4.341 - Forward+ - Using Device #0: NVIDIA - NVIDIA GeForce RTX 4080

[ACOUSTIC] 550 nodes loaded
[V2 UPPER KITCHENS TIMING] stage=setup elapsed=0.001 remaining=53.999
[V2 UPPER KITCHENS BUDGET] stage=setup outstanding=12 reserve=6.200 slack=47.796
ORISON V2 BLOCKOUT: 136 spaces / 65 doors / 705 anchors
[SURFACE] 323 surfaces layered (296 materials)
[PASSAGE HOURS] OPEN; 10 grilles folded
[PASSAGE HOURS] 11 shopfronts, 10 close after 02:00, HARDWARE PAINT keeps night service
[PASSAGE FINISH] 6 gated draws, 3 handcarts, hours active
[V2 PASSAGE] 13 resident cells; 11 doors; 1 shared-service counters
[SCHEDULE] director live: 18 residents on the clock
[MOVES] personal library: res://assets/characters/mina_vale/mina_vale_moves.glb
[ORISON V2 RUNTIME] ready startup_ms=9201.898
[LIGHTING] 133 sources active in system; 133 full personalities; profiles steady/breathe/mains/beat/dropout=[30, 25, 28, 28, 22]
[V2 UPPER KITCHENS TIMING] stage=5A_closed elapsed=9.886 remaining=44.114
[V2 UPPER KITCHENS BUDGET] stage=5A_closed outstanding=12 reserve=6.200 slack=37.910
[V2 UPPER KITCHENS CAPTURE] 1/12 label=5A_closed elapsed=10.182 path=C:\PleaseRemainOnTheLine-astra\design\astra\evidence\v2_upper_kitchens_01\kitchens_01/5A_closed.png
[V2 UPPER KITCHENS TIMING] stage=5A_open elapsed=11.453 remaining=42.547
[V2 UPPER KITCHENS BUDGET] stage=5A_open outstanding=11 reserve=5.850 slack=36.692
[V2 UPPER KITCHENS CAPTURE] 2/12 label=5A_open elapsed=11.777 path=C:\PleaseRemainOnTheLine-astra\design\astra\evidence\v2_upper_kitchens_01\kitchens_01/5A_open.png
[V2 UPPER KITCHENS TIMING] stage=5B_closed elapsed=12.994 remaining=41.006
[V2 UPPER KITCHENS BUDGET] stage=5B_closed outstanding=10 reserve=5.500 slack=35.501
[V2 UPPER KITCHENS CAPTURE] 3/12 label=5B_closed elapsed=13.307 path=C:\PleaseRemainOnTheLine-astra\design\astra\evidence\v2_upper_kitchens_01\kitchens_01/5B_closed.png
[V2 UPPER KITCHENS TIMING] stage=5B_open elapsed=14.555 remaining=39.445
[V2 UPPER KITCHENS BUDGET] stage=5B_open outstanding=9 reserve=5.150 slack=34.294
[V2 UPPER KITCHENS CAPTURE] 4/12 label=5B_open elapsed=14.871 path=C:\PleaseRemainOnTheLine-astra\design\astra\evidence\v2_upper_kitchens_01\kitchens_01/5B_open.png
[V2 UPPER KITCHENS TIMING] stage=5C_closed elapsed=16.101 remaining=37.899
[V2 UPPER KITCHENS BUDGET] stage=5C_closed outstanding=8 reserve=4.800 slack=33.097
[V2 UPPER KITCHENS CAPTURE] 5/12 label=5C_closed elapsed=16.426 path=C:\PleaseRemainOnTheLine-astra\design\astra\evidence\v2_upper_kitchens_01\kitchens_01/5C_closed.png
[V2 UPPER KITCHENS TIMING] stage=5C_open elapsed=17.659 remaining=36.341
[V2 UPPER KITCHENS BUDGET] stage=5C_open outstanding=7 reserve=4.450 slack=31.890
[V2 UPPER KITCHENS CAPTURE] 6/12 label=5C_open elapsed=17.985 path=C:\PleaseRemainOnTheLine-astra\design\astra\evidence\v2_upper_kitchens_01\kitchens_01/5C_open.png
[V2 UPPER KITCHENS TIMING] stage=6A_closed elapsed=19.216 remaining=34.784
[V2 UPPER KITCHENS BUDGET] stage=6A_closed outstanding=6 reserve=4.100 slack=30.683
[V2 UPPER KITCHENS CAPTURE] 7/12 label=6A_closed elapsed=19.546 path=C:\PleaseRemainOnTheLine-astra\design\astra\evidence\v2_upper_kitchens_01\kitchens_01/6A_closed.png
[V2 UPPER KITCHENS TIMING] stage=6A_open elapsed=20.776 remaining=33.224
[V2 UPPER KITCHENS BUDGET] stage=6A_open outstanding=5 reserve=3.750 slack=29.470
[V2 UPPER KITCHENS CAPTURE] 8/12 label=6A_open elapsed=21.104 path=C:\PleaseRemainOnTheLine-astra\design\astra\evidence\v2_upper_kitchens_01\kitchens_01/6A_open.png
[V2 UPPER KITCHENS TIMING] stage=6B_closed elapsed=22.338 remaining=31.662
[V2 UPPER KITCHENS BUDGET] stage=6B_closed outstanding=4 reserve=3.400 slack=28.261
[V2 UPPER KITCHENS CAPTURE] 9/12 label=6B_closed elapsed=22.660 path=C:\PleaseRemainOnTheLine-astra\design\astra\evidence\v2_upper_kitchens_01\kitchens_01/6B_closed.png
[V2 UPPER KITCHENS TIMING] stage=6B_open elapsed=23.877 remaining=30.123
[V2 UPPER KITCHENS BUDGET] stage=6B_open outstanding=3 reserve=3.050 slack=27.069
[V2 UPPER KITCHENS CAPTURE] 10/12 label=6B_open elapsed=24.202 path=C:\PleaseRemainOnTheLine-astra\design\astra\evidence\v2_upper_kitchens_01\kitchens_01/6B_open.png
[V2 UPPER KITCHENS TIMING] stage=6C_closed elapsed=25.438 remaining=28.562
[V2 UPPER KITCHENS BUDGET] stage=6C_closed outstanding=2 reserve=2.700 slack=25.861
[V2 UPPER KITCHENS CAPTURE] 11/12 label=6C_closed elapsed=25.770 path=C:\PleaseRemainOnTheLine-astra\design\astra\evidence\v2_upper_kitchens_01\kitchens_01/6C_closed.png
[V2 UPPER KITCHENS TIMING] stage=6C_open elapsed=26.998 remaining=27.002
[V2 UPPER KITCHENS BUDGET] stage=6C_open outstanding=1 reserve=2.350 slack=24.651
[V2 UPPER KITCHENS CAPTURE] 12/12 label=6C_open elapsed=27.329 path=C:\PleaseRemainOnTheLine-astra\design\astra\evidence\v2_upper_kitchens_01\kitchens_01/6C_open.png
[V2 UPPER KITCHENS TIMING] stage=finish elapsed=27.330 remaining=26.670
[V2 UPPER KITCHENS BUDGET] stage=finish outstanding=0 reserve=2.000 slack=24.669
[V2 UPPER KITCHENS] RESULT: PASS captures=12 expected=12 elapsed=27.332
