WorkerThreadPool: 24 threads, 7 max low-priority.
Godot Engine v4.7.1.stable.official.a13da4feb - https://godotengine.org
TextServer: Added interface "Dummy"
TextServer: Added interface "ICU / HarfBuzz / Graphite (Built-in)"
Using "default" pen tablet driver...

TextServer: Primary interface set to: "ICU / HarfBuzz / Graphite (Built-in)".
CORE API HASH: 3769296884
EDITOR API HASH: 3146738256
SceneTreeFTI: traversal method DEFAULT
Loading resource: res://scripts/game_boot.gd remapped: res://scripts/game_boot.gd
Completed load for: 'res://scripts/game_boot.gd' remapped 'res://scripts/game_boot.gd' at thread -1
Loading resource: res://scripts/audio/conductor_clock.gd remapped: res://scripts/audio/conductor_clock.gd
Completed load for: 'res://scripts/audio/conductor_clock.gd' remapped 'res://scripts/audio/conductor_clock.gd' at thread -1
Loading resource: res://scripts/audio/audio_policy.gd remapped: res://scripts/audio/audio_policy.gd
Completed load for: 'res://scripts/audio/audio_policy.gd' remapped 'res://scripts/audio/audio_policy.gd' at thread -1
Loading resource: res://scripts/game/campaign_clock_driver.gd remapped: res://scripts/game/campaign_clock_driver.gd
Completed load for: 'res://scripts/game/campaign_clock_driver.gd' remapped 'res://scripts/game/campaign_clock_driver.gd' at thread -1
Loading resource: res://scripts/ui/save_status_notice.gd remapped: res://scripts/ui/save_status_notice.gd
Completed load for: 'res://scripts/ui/save_status_notice.gd' remapped 'res://scripts/ui/save_status_notice.gd' at thread -1
Loading resource: res://scripts/game/reality_case_manager.gd remapped: res://scripts/game/reality_case_manager.gd
Completed load for: 'res://scripts/game/reality_case_manager.gd' remapped 'res://scripts/game/reality_case_manager.gd' at thread -1
Loading resource: res://scripts/game/reality_rule_director.gd remapped: res://scripts/game/reality_rule_director.gd
Completed load for: 'res://scripts/game/reality_rule_director.gd' remapped 'res://scripts/game/reality_rule_director.gd' at thread -1
Loaded system CA certificates
Loading resource: res://tests/OpenShiftIgnoreTest.tscn remapped: res://tests/OpenShiftIgnoreTest.tscn
Loading resource: res://tests/open_shift_ignore_test.gd remapped: res://tests/open_shift_ignore_test.gd
Loading resource: res://assets/ui/telegram/telegram_paper_stock_v1.png remapped: res://assets/ui/telegram/telegram_paper_stock_v1.png
Loading resource: res://.godot/imported/telegram_paper_stock_v1.png-6da8e34d237a3bb83d7695aa967c7cff.ctex remapped: res://.godot/imported/telegram_paper_stock_v1.png-6da8e34d237a3bb83d7695aa967c7cff.ctex
Completed load for: 'res://assets/ui/telegram/telegram_paper_stock_v1.png' remapped 'res://assets/ui/telegram/telegram_paper_stock_v1.png' at thread -1
Loading resource: res://assets/fonts/courier_prime/CourierPrime-Regular.ttf remapped: res://assets/fonts/courier_prime/CourierPrime-Regular.ttf
Loading resource: res://.godot/imported/CourierPrime-Regular.ttf-b33a163554302b210ef6aef62fa4168a.fontdata remapped: res://.godot/imported/CourierPrime-Regular.ttf-b33a163554302b210ef6aef62fa4168a.fontdata
Completed load for: 'res://assets/fonts/courier_prime/CourierPrime-Regular.ttf' remapped 'res://assets/fonts/courier_prime/CourierPrime-Regular.ttf' at thread -1
Loading resource: res://assets/fonts/courier_prime/CourierPrime-Bold.ttf remapped: res://assets/fonts/courier_prime/CourierPrime-Bold.ttf
Loading resource: res://.godot/imported/CourierPrime-Bold.ttf-bf7a7031d9489227399d79b38e4a3e43.fontdata remapped: res://.godot/imported/CourierPrime-Bold.ttf-bf7a7031d9489227399d79b38e4a3e43.fontdata
Completed load for: 'res://assets/fonts/courier_prime/CourierPrime-Bold.ttf' remapped 'res://assets/fonts/courier_prime/CourierPrime-Bold.ttf' at thread -1
Completed load for: 'res://tests/open_shift_ignore_test.gd' remapped 'res://tests/open_shift_ignore_test.gd' at thread -1
Completed load for: 'res://tests/OpenShiftIgnoreTest.tscn' remapped 'res://tests/OpenShiftIgnoreTest.tscn' at thread -1
[ACOUSTIC] 550 nodes loaded
Loading resource: res://assets/building/textures/T_ai_materials_cast_iron_albedo.png remapped: res://assets/building/textures/T_ai_materials_cast_iron_albedo.png
Loading resource: res://.godot/imported/T_ai_materials_cast_iron_albedo.png-57e1e054c7e682f012f7d336fdfafae3.ctex remapped: res://.godot/imported/T_ai_materials_cast_iron_albedo.png-57e1e054c7e682f012f7d336fdfafae3.ctex
Completed load for: 'res://assets/building/textures/T_ai_materials_cast_iron_albedo.png' remapped 'res://assets/building/textures/T_ai_materials_cast_iron_albedo.png' at thread -1
Loading resource: res://assets/building/textures/T_ai_materials_cast_iron_rough.png remapped: res://assets/building/textures/T_ai_materials_cast_iron_rough.png
Loading resource: res://.godot/imported/T_ai_materials_cast_iron_rough.png-b74900f724ba3730c064ef87fba03915.ctex remapped: res://.godot/imported/T_ai_materials_cast_iron_rough.png-b74900f724ba3730c064ef87fba03915.ctex
Completed load for: 'res://assets/building/textures/T_ai_materials_cast_iron_rough.png' remapped 'res://assets/building/textures/T_ai_materials_cast_iron_rough.png' at thread -1
Loading resource: res://assets/building/textures/T_ai_materials_cast_iron_normal.png remapped: res://assets/building/textures/T_ai_materials_cast_iron_normal.png
Loading resource: res://.godot/imported/T_ai_materials_cast_iron_normal.png-ed572bca8a831db5f0b075724bdbe756.ctex remapped: res://.godot/imported/T_ai_materials_cast_iron_normal.png-ed572bca8a831db5f0b075724bdbe756.ctex
Completed load for: 'res://assets/building/textures/T_ai_materials_cast_iron_normal.png' remapped 'res://assets/building/textures/T_ai_materials_cast_iron_normal.png' at thread -1
Loading resource: res://assets/building/textures/T_library_appliances_galvanized_metal_worn_metal_albedo.png remapped: res://assets/building/textures/T_library_appliances_galvanized_metal_worn_metal_albedo.png
Loading resource: res://.godot/imported/T_library_appliances_galvanized_metal_worn_metal_albedo.png-0e65725f039934d0e52144a560b63b64.ctex remapped: res://.godot/imported/T_library_appliances_galvanized_metal_worn_metal_albedo.png-0e65725f039934d0e52144a560b63b64.ctex
Completed load for: 'res://assets/building/textures/T_library_appliances_galvanized_metal_worn_metal_albedo.png' remapped 'res://assets/building/textures/T_library_appliances_galvanized_metal_worn_metal_albedo.png' at thread -1
Loading resource: res://assets/building/textures/T_library_appliances_galvanized_metal_worn_metal_rough.png remapped: res://assets/building/textures/T_library_appliances_galvanized_metal_worn_metal_rough.png
Loading resource: res://.godot/imported/T_library_appliances_galvanized_metal_worn_metal_rough.png-3ce7d1a7640581cc5ddd8c689701dd1d.ctex remapped: res://.godot/imported/T_library_appliances_galvanized_metal_worn_metal_rough.png-3ce7d1a7640581cc5ddd8c689701dd1d.ctex
Completed load for: 'res://assets/building/textures/T_library_appliances_galvanized_metal_worn_metal_rough.png' remapped 'res://assets/building/textures/T_library_appliances_galvanized_metal_worn_metal_rough.png' at thread -1
Loading resource: res://assets/building/textures/T_library_appliances_galvanized_metal_normal.png remapped: res://assets/building/textures/T_library_appliances_galvanized_metal_normal.png
Loading resource: res://.godot/imported/T_library_appliances_galvanized_metal_normal.png-304b9a3634b3ee78f216e936acaadb71.ctex remapped: res://.godot/imported/T_library_appliances_galvanized_metal_normal.png-304b9a3634b3ee78f216e936acaadb71.ctex
Completed load for: 'res://assets/building/textures/T_library_appliances_galvanized_metal_normal.png' remapped 'res://assets/building/textures/T_library_appliances_galvanized_metal_normal.png' at thread -1
Loading resource: res://assets/building/textures/T_ai_materials_brass_dull_albedo.png remapped: res://assets/building/textures/T_ai_materials_brass_dull_albedo.png
Loading resource: res://.godot/imported/T_ai_materials_brass_dull_albedo.png-e8b0b415c8630a055006aeb0757adc6f.ctex remapped: res://.godot/imported/T_ai_materials_brass_dull_albedo.png-e8b0b415c8630a055006aeb0757adc6f.ctex
Completed load for: 'res://assets/building/textures/T_ai_materials_brass_dull_albedo.png' remapped 'res://assets/building/textures/T_ai_materials_brass_dull_albedo.png' at thread -1
Loading resource: res://assets/building/textures/T_ai_materials_brass_dull_rough.png remapped: res://assets/building/textures/T_ai_materials_brass_dull_rough.png
Loading resource: res://.godot/imported/T_ai_materials_brass_dull_rough.png-1660078479110e73cfb16b45fb078227.ctex remapped: res://.godot/imported/T_ai_materials_brass_dull_rough.png-1660078479110e73cfb16b45fb078227.ctex
Completed load for: 'res://assets/building/textures/T_ai_materials_brass_dull_rough.png' remapped 'res://assets/building/textures/T_ai_materials_brass_dull_rough.png' at thread -1
Loading resource: res://assets/building/textures/T_ai_materials_brass_dull_normal.png remapped: res://assets/building/textures/T_ai_materials_brass_dull_normal.png
Loading resource: res://.godot/imported/T_ai_materials_brass_dull_normal.png-3cb54c21bda657c056106237601c5117.ctex remapped: res://.godot/imported/T_ai_materials_brass_dull_normal.png-3cb54c21bda657c056106237601c5117.ctex
Completed load for: 'res://assets/building/textures/T_ai_materials_brass_dull_normal.png' remapped 'res://assets/building/textures/T_ai_materials_brass_dull_normal.png' at thread -1
Loading resource: res://assets/audio/freesound/processed/mechanical/pipe_knock.ogg remapped: res://assets/audio/freesound/processed/mechanical/pipe_knock.ogg
Loading resource: res://.godot/imported/pipe_knock.ogg-896a926570ba74a7f6738c1157bd70e5.oggvorbisstr remapped: res://.godot/imported/pipe_knock.ogg-896a926570ba74a7f6738c1157bd70e5.oggvorbisstr
Completed load for: 'res://assets/audio/freesound/processed/mechanical/pipe_knock.ogg' remapped 'res://assets/audio/freesound/processed/mechanical/pipe_knock.ogg' at thread -1
Loading resource: res://assets/audio/freesound/processed/mechanical/metal_tick.ogg remapped: res://assets/audio/freesound/processed/mechanical/metal_tick.ogg
Loading resource: res://.godot/imported/metal_tick.ogg-b1c95a215b3a6ae349163e1f09294533.oggvorbisstr remapped: res://.godot/imported/metal_tick.ogg-b1c95a215b3a6ae349163e1f09294533.oggvorbisstr
Completed load for: 'res://assets/audio/freesound/processed/mechanical/metal_tick.ogg' remapped 'res://assets/audio/freesound/processed/mechanical/metal_tick.ogg' at thread -1
Loading resource: res://assets/audio/freesound/processed/events/radiator_whistle.ogg remapped: res://assets/audio/freesound/processed/events/radiator_whistle.ogg
Loading resource: res://.godot/imported/radiator_whistle.ogg-3123443dfdfae1c6faad0154f9675c54.oggvorbisstr remapped: res://.godot/imported/radiator_whistle.ogg-3123443dfdfae1c6faad0154f9675c54.oggvorbisstr
Completed load for: 'res://assets/audio/freesound/processed/events/radiator_whistle.ogg' remapped 'res://assets/audio/freesound/processed/events/radiator_whistle.ogg' at thread -1
  PASS  closed prior work lets the situation offer
  PASS  knowledge is absent before any observable event
  PASS  the mechanism owns its own degradation
  PASS  the riser neighbor hears through the acoustic fabric
  PASS  the neighbor's belief carries channel and place provenance
  PASS  elapsed time makes the porter ELIGIBLE, nothing more
  PASS  eligibility alone performs no intervention
  PASS  the porter departs after finishing his board round
  PASS  arrival lands exactly at the scheduled transit time
  PASS  the porter's knowledge comes from his own inspection
  PASS  the porter performs the shutoff through the mechanism
  PASS  the situation records the actor's reported outcome
  PASS  compensation intent was recorded at dispatch
  PASS  the resident learns from the tag in her own flat
  PASS  no job was invented on the player's behalf
  PASS  no coordinator-authored belief exists anywhere
  PASS  reconstruction reapplies the porter's durable outcome
  PASS  the porter never re-performs his action
OPEN SHIFT IGNORE TEST: PASS
XR: Clearing primary interface
XR: Removed interface "Native mobile"
XR: Removed interface "OpenXR"
