Godot Engine v4.7.1.stable.official.a13da4feb - https://godotengine.org
Vulkan 1.4.341 - Forward+ - Using Device #0: NVIDIA - NVIDIA GeForce RTX 4080

[ACOUSTIC] 550 nodes loaded
[V2 UPPER APARTMENTS TIMING] stage=setup elapsed=0.001 remaining=53.999
[V2 UPPER APARTMENTS BUDGET] stage=setup outstanding=5 reserve=3.750 slack=50.246
ORISON V2 BLOCKOUT: 136 spaces / 65 doors / 561 anchors
[SURFACE] 323 surfaces layered (296 materials)
[PASSAGE HOURS] OPEN; 10 grilles folded
[PASSAGE HOURS] 11 shopfronts, 10 close after 02:00, HARDWARE PAINT keeps night service
[PASSAGE FINISH] 6 gated draws, 3 handcarts, hours active
[V2 PASSAGE] 13 resident cells; 11 doors; 1 shared-service counters
[SCHEDULE] director live: 18 residents on the clock
[MOVES] personal library: res://assets/characters/mina_vale/mina_vale_moves.glb
[ORISON V2 RUNTIME] ready startup_ms=8726.223
[LIGHTING] 91 sources active in system; 91 full personalities; profiles steady/breathe/mains/beat/dropout=[17, 16, 19, 23, 16]
[V2 UPPER APARTMENTS TIMING] stage=5a_drafting elapsed=8.960 remaining=45.040
[V2 UPPER APARTMENTS BUDGET] stage=5a_drafting outstanding=5 reserve=3.750 slack=41.289
[V2 UPPER APARTMENTS CAPTURE] 1/5 label=5a_drafting elapsed=9.546 path=C:\PleaseRemainOnTheLine-astra\design\astra\evidence\v2_engine_resume_01\upper_apartments_01/5a_drafting.png
[V2 UPPER APARTMENTS TIMING] stage=5b_kitchen elapsed=10.341 remaining=43.659
[V2 UPPER APARTMENTS BUDGET] stage=5b_kitchen outstanding=4 reserve=3.400 slack=40.258
[V2 UPPER APARTMENTS CAPTURE] 2/5 label=5b_kitchen elapsed=10.654 path=C:\PleaseRemainOnTheLine-astra\design\astra\evidence\v2_engine_resume_01\upper_apartments_01/5b_kitchen.png
[V2 UPPER APARTMENTS TIMING] stage=5c_bedroom elapsed=11.383 remaining=42.617
[V2 UPPER APARTMENTS BUDGET] stage=5c_bedroom outstanding=3 reserve=3.050 slack=39.566
[V2 UPPER APARTMENTS CAPTURE] 3/5 label=5c_bedroom elapsed=11.703 path=C:\PleaseRemainOnTheLine-astra\design\astra\evidence\v2_engine_resume_01\upper_apartments_01/5c_bedroom.png
[V2 UPPER APARTMENTS TIMING] stage=6a_workdesk elapsed=12.429 remaining=41.571
[V2 UPPER APARTMENTS BUDGET] stage=6a_workdesk outstanding=2 reserve=2.700 slack=38.870
[V2 UPPER APARTMENTS CAPTURE] 4/5 label=6a_workdesk elapsed=12.726 path=C:\PleaseRemainOnTheLine-astra\design\astra\evidence\v2_engine_resume_01\upper_apartments_01/6a_workdesk.png
[V2 UPPER APARTMENTS TIMING] stage=6c_sitting elapsed=13.485 remaining=40.515
[V2 UPPER APARTMENTS BUDGET] stage=6c_sitting outstanding=1 reserve=2.350 slack=38.156
[V2 UPPER APARTMENTS CAPTURE] 5/5 label=6c_sitting elapsed=13.771 path=C:\PleaseRemainOnTheLine-astra\design\astra\evidence\v2_engine_resume_01\upper_apartments_01/6c_sitting.png
[V2 UPPER APARTMENTS TIMING] stage=finish elapsed=13.772 remaining=40.228
[V2 UPPER APARTMENTS BUDGET] stage=finish outstanding=0 reserve=2.000 slack=38.227
[V2 UPPER APARTMENTS] RESULT: PASS captures=5 expected=5 elapsed=13.774
