Godot Engine v4.7.1.stable.official.a13da4feb - https://godotengine.org
Vulkan 1.4.341 - Forward+ - Using Device #0: NVIDIA - NVIDIA GeForce RTX 4080

[ACOUSTIC] 550 nodes loaded
[DREAM ZOO WAREHOUSE] PASS controller has eight authored records
[DREAM ZOO WAREHOUSE] PASS seam_grazer retains its authored anatomy and long exhibit life
[DREAM ZOO WAREHOUSE] PASS crystal_listener retains its authored anatomy and long exhibit life
[DREAM ZOO WAREHOUSE] PASS fold_crab retains its authored anatomy and long exhibit life
[DREAM ZOO WAREHOUSE] PASS tardigrade retains its authored anatomy and long exhibit life
[DREAM ZOO WAREHOUSE] PASS stentor retains its authored anatomy and long exhibit life
[DREAM ZOO WAREHOUSE] PASS lacrymaria retains its authored anatomy and long exhibit life
[DREAM ZOO WAREHOUSE] PASS vorticella retains its authored anatomy and long exhibit life
[DREAM ZOO WAREHOUSE] PASS euplotes retains its authored anatomy and long exhibit life
[DREAM ZOO WAREHOUSE] PASS one controller mesh owns one shared material
[DREAM ZOO WAREHOUSE] PASS both controller bindings use the exact world texture
[DREAM ZOO WAREHOUSE] PASS packed draw slots cover the eight live animals within capacity
[DREAM ZOO WAREHOUSE] PASS controller has eight authored records
[DREAM ZOO WAREHOUSE] PASS spirostomum retains its authored anatomy and long exhibit life
[DREAM ZOO WAREHOUSE] PASS heliozoan retains its authored anatomy and long exhibit life
[DREAM ZOO WAREHOUSE] PASS euglena retains its authored anatomy and long exhibit life
[DREAM ZOO WAREHOUSE] PASS volvox retains its authored anatomy and long exhibit life
[DREAM ZOO WAREHOUSE] PASS noctiluca retains its authored anatomy and long exhibit life
[DREAM ZOO WAREHOUSE] PASS bacillaria retains its authored anatomy and long exhibit life
[DREAM ZOO WAREHOUSE] PASS salpingoeca retains its authored anatomy and long exhibit life
[DREAM ZOO WAREHOUSE] PASS mesodinium retains its authored anatomy and long exhibit life
[DREAM ZOO WAREHOUSE] PASS one controller mesh owns one shared material
[DREAM ZOO WAREHOUSE] PASS both controller bindings use the exact world texture
[DREAM ZOO WAREHOUSE] PASS packed draw slots cover the eight live animals within capacity
[DREAM ZOO WAREHOUSE] PASS all sixteen enum kinds are unique animals and actual shader kind IDs
[DREAM ZOO WAREHOUSE] PASS sixteen animals retain two primary controller meshes and materials
[DREAM ZOO WAREHOUSE] PASS the one exposure texture is the existing RG8 world grid
[DREAM ZOO WAREHOUSE] PASS both warehouse batches admit the Blender presentation
[DREAM ZOO WAREHOUSE] PASS compiled batch has one real render surface
[DREAM ZOO WAREHOUSE] PASS compiled batch has one real render surface
[DREAM ZOO WAREHOUSE] PASS two batches retain exactly one shared pose atlas
[DREAM ZOO WAREHOUSE] PASS species 3 LOD0 imported absolute poses match GPU atlas
[DREAM ZOO WAREHOUSE] PASS species 3 LOD0 is within its triangle budget
[DREAM ZOO WAREHOUSE] PASS species 3 LOD1 imported absolute poses match GPU atlas
[DREAM ZOO WAREHOUSE] PASS species 3 LOD1 is within its triangle budget
[DREAM ZOO WAREHOUSE] PASS species 6 LOD0 imported absolute poses match GPU atlas
[DREAM ZOO WAREHOUSE] PASS species 6 LOD0 is within its triangle budget
[DREAM ZOO WAREHOUSE] PASS species 6 LOD1 imported absolute poses match GPU atlas
[DREAM ZOO WAREHOUSE] PASS species 6 LOD1 is within its triangle budget
[DREAM ZOO WAREHOUSE] PASS pose texture is nearest-ready full precision without mipmaps
[DREAM ZOO WAREHOUSE] PASS Vorticella LOD0 cilium roots match every manifest pose
[DREAM ZOO WAREHOUSE] PASS Vorticella LOD1 cilium roots match every manifest pose
[DREAM ZOO WAREHOUSE] PASS membrane shares its controller frame, world field and pose atlas
[DREAM ZOO WAREHOUSE] PASS thin-window triangles and solid triangles form a bounded disjoint partition
[DREAM ZOO WAREHOUSE] PASS paused membrane unbind releases the shared field immediately
[DREAM ZOO WAREHOUSE] PASS paused membrane rebind restores the same field immediately
[DREAM ZOO WAREHOUSE] PASS membrane shares its controller frame, world field and pose atlas
[DREAM ZOO WAREHOUSE] PASS thin-window triangles and solid triangles form a bounded disjoint partition
[DREAM ZOO WAREHOUSE] PASS paused membrane unbind releases the shared field immediately
[DREAM ZOO WAREHOUSE] PASS paused membrane rebind restores the same field immediately
[DREAM ZOO WAREHOUSE] PASS eye reordering preserves compiled mesh and maps every stable section to its species
[DREAM ZOO WAREHOUSE] PASS retiring an animal removes all compiled sections for its identity
[DREAM ZOO WAREHOUSE] PASS inspection selects the detailed mesh within the original batch triangle cap
[DREAM ZOO WAREHOUSE] PASS reset and replacement preserve material, atlas and single world field
[DREAM ZOO WAREHOUSE] PASS frame measurement records 240 finite intervals
[DREAM ZOO WAREHOUSE] PASS species 3 retains its actual live controller deformation cycle
[DREAM ZOO WAREHOUSE] PASS species 6 retains its actual live controller deformation cycle
[DREAM ZOO WAREHOUSE] PASS capture writes species_03_neutral_000.png
[DREAM ZOO WAREHOUSE] PASS capture writes species_03_neutral_050.png
[DREAM ZOO WAREHOUSE] PASS capture writes species_03_cutaway_050.png
[DREAM ZOO WAREHOUSE] PASS capture writes species_03_neutral_100.png
[DREAM ZOO WAREHOUSE] PASS capture writes species_03_dark.png
[DREAM ZOO WAREHOUSE] PASS capture writes species_03_oblique.png
[DREAM ZOO WAREHOUSE] PASS capture writes species_03_full_beam.png
[DREAM ZOO WAREHOUSE] PASS capture writes species_06_neutral_000.png
[DREAM ZOO WAREHOUSE] PASS capture writes species_06_neutral_050.png
[DREAM ZOO WAREHOUSE] PASS capture writes species_06_cutaway_050.png
[DREAM ZOO WAREHOUSE] PASS capture writes species_06_neutral_100.png
[DREAM ZOO WAREHOUSE] PASS capture writes species_06_cilia_10.png
[DREAM ZOO WAREHOUSE] PASS capture writes species_06_cilia_11.png
[DREAM ZOO WAREHOUSE] PASS capture writes species_06_cilia_12.png
[DREAM ZOO WAREHOUSE] PASS capture writes species_06_dark.png
[DREAM ZOO WAREHOUSE] PASS capture writes species_06_oblique.png
[DREAM ZOO WAREHOUSE] PASS capture writes species_06_full_beam.png
[DREAM ZOO WAREHOUSE] PASS departed providers and the shared atlas are released
[DREAM ZOO WAREHOUSE] PASS retained materials release both world and pose samplers
[DREAM ZOO WAREHOUSE] PASS no native script, shader or runtime errors
[DREAM BLENDER CRITTERS] 77/77 passed
