Godot Engine v4.7.1.stable.official.a13da4feb - https://godotengine.org
Vulkan 1.4.341 - Forward+ - Using Device #0: NVIDIA - NVIDIA GeForce RTX 4080

[ACOUSTIC] 550 nodes loaded
ORISON V2 BLOCKOUT: 200 spaces / 111 doors / 1104 anchors
[V2 FRONT COURT ROOF] three seated girders; retained roof slabs; mapped exterior concrete
[V2 BODEGA POWER] independent inlet; four existing fittings; 20 bearings
[SURFACE] 1087 surfaces layered (383 materials)
[PASSAGE HOURS] OPEN; 10 grilles folded
[PASSAGE HOURS] 11 shopfronts, 10 close after 02:00, HARDWARE PAINT keeps night service
[PASSAGE FINISH] 6 gated draws, 3 handcarts, hours active
[V2 PASSAGE] 13 resident cells; 11 doors; 1 shared-service counters
[SURFACE] 170 surfaces layered (81 materials)
[HARUKIYA] 9 interactables placed
[ARCADE] 2 cabinet(s) from a catalog of 12: SOMETHING IN THE HALL (mystery_serial), OPERATIONS (farm_and_market)
[ARCADE] all of them are running arcade_pit
[V2 BAR] retained cell; 29 registered markers; 3 doors
[V2 FRONT FACADE] native entrance, original landmark hardware, glazed marquee and fitted blade
[SCHEDULE] director live: 18 residents on the clock
[MOVES] personal library: res://assets/characters/mina_vale/mina_vale_moves.glb
SOURCE PARAPET MATERIAL ROOF_PARAPET_EAST brick 
SOURCE PARAPET MATERIAL ROOF_PARAPET_NORTH brick 
SOURCE PARAPET MATERIAL ROOF_PARAPET_SOUTH brick 
SOURCE PARAPET MATERIAL ROOF_PARAPET_WEST brick 
[ORISON V2 RUNTIME] ready startup_ms=30181.010
[LIGHTING] 207 sources active in system; 207 full personalities; profiles steady/breathe/mains/beat/dropout=[50, 45, 36, 42, 34]
CAP MAPPING: mesh=funeral_fittings_storm_shop_funeral_parlour_bier__bier_deck valid_basis=true max_uv_excess=0.00000023841858 widest=1.00007751425997 vertices=2546 derivatives=true bad_derivatives=0 min_determinant=0.00000104093051 worst_dot=0.99999988079071
CAP MAPPING: mesh=funeral_fittings_storm_shop_funeral_parlour_bier__bier_frame valid_basis=true max_uv_excess=0.00000011920929 widest=1.00019860150775 vertices=8264 derivatives=true bad_derivatives=0 min_determinant=0.0000001156419 worst_dot=0.99999988079071
CAP MAPPING: mesh=funeral_fittings_storm_shop_funeral_parlour_lectern__book_cover valid_basis=true max_uv_excess=0.00000008119969 widest=1.00023063785533 vertices=1526 derivatives=true bad_derivatives=0 min_determinant=0.00000005666249 worst_dot=0.99999988079071
CAP MAPPING: mesh=funeral_fittings_storm_shop_funeral_parlour_lectern__book_pages valid_basis=true max_uv_excess=0.00000006824848 widest=1.00023482832517 vertices=506 derivatives=true bad_derivatives=0 min_determinant=0.0000000416424 worst_dot=0.99999988079071
CAP MAPPING: mesh=funeral_fittings_storm_shop_funeral_parlour_lectern__lectern_body valid_basis=true max_uv_excess=0.00000011920929 widest=1.00006996770721 vertices=1466 derivatives=true bad_derivatives=0 min_determinant=0.00000104097077 worst_dot=0.99999988079071
CAP MAPPING: mesh=funeral_fittings_storm_shop_funeral_parlour_lectern__lectern_top valid_basis=true max_uv_excess=0.0000000607688 widest=1.00003918714746 vertices=516 derivatives=true bad_derivatives=0 min_determinant=0.00000104093809 worst_dot=0.99999988079071
[HARUKIYA] OPEN, 18 fixtures
FUNERAL FITTINGS: checks=204 parts=6 triangles=5452 removed=72 supports=12 failures=0
