ERROR: tangent direction and handedness match actual imported UV derivatives
   at: push_error (core/variant/variant_utility.cpp:1023)
   GDScript backtrace (most recent call first):
       [0] check (res://tests/orison_v2_floor_surface_test.gd:5)
       [1] check (res://tests/orison_v2_ventilation_throat_test.gd:9)
       [2] _check_cap_mapping (res://tests/orison_v2_roof_bulkhead_caps_test.gd:158)
       [3] _run (res://tests/orison_v2_funeral_drapes_test.gd:51)
ERROR: tangent direction and handedness match actual imported UV derivatives
   at: push_error (core/variant/variant_utility.cpp:1023)
   GDScript backtrace (most recent call first):
       [0] check (res://tests/orison_v2_floor_surface_test.gd:5)
       [1] check (res://tests/orison_v2_ventilation_throat_test.gd:9)
       [2] _check_cap_mapping (res://tests/orison_v2_roof_bulkhead_caps_test.gd:158)
       [3] _run (res://tests/orison_v2_funeral_drapes_test.gd:51)
ERROR: actual cloth retains original run endpoints
   at: push_error (core/variant/variant_utility.cpp:1023)
   GDScript backtrace (most recent call first):
       [0] check (res://tests/orison_v2_floor_surface_test.gd:5)
       [1] check (res://tests/orison_v2_ventilation_throat_test.gd:9)
       [2] _check_curtain_details (res://tests/orison_v2_funeral_drapes_test.gd:109)
       [3] _run (res://tests/orison_v2_funeral_drapes_test.gd:80)
ERROR: actual cloth retains original run endpoints
   at: push_error (core/variant/variant_utility.cpp:1023)
   GDScript backtrace (most recent call first):
       [0] check (res://tests/orison_v2_floor_surface_test.gd:5)
       [1] check (res://tests/orison_v2_ventilation_throat_test.gd:9)
       [2] _check_curtain_details (res://tests/orison_v2_funeral_drapes_test.gd:109)
       [3] _run (res://tests/orison_v2_funeral_drapes_test.gd:80)
ERROR: no curtain or support crosses the retained rear opening
   at: push_error (core/variant/variant_utility.cpp:1023)
   GDScript backtrace (most recent call first):
       [0] check (res://tests/orison_v2_floor_surface_test.gd:5)
       [1] check (res://tests/orison_v2_ventilation_throat_test.gd:9)
       [2] _check_curtain_details (res://tests/orison_v2_funeral_drapes_test.gd:134)
       [3] _run (res://tests/orison_v2_funeral_drapes_test.gd:80)
