00:00.047  reports          | WARNING Unable to open 'C:\Users\nate_\AppData\Roaming\Blender Foundation\Blender\5.2\config\userpref.blend': Permission denied
Blender 5.2.0 LTS (hash fbe6228777e7 built 2026-07-14 01:35:40)
C:\PleaseRemainOnTheLine\art\blender\scripts\build_funeral_drapes.py:49: DeprecationWarning: 'Material.use_nodes' is expected to be removed in Blender 6.0
  mat=bpy.data.materials.new(key);mat.use_nodes=True;materials[key]=mat
Extensions: writing cache failed ([WinError 183] Cannot create a file when that file already exists: 'C:\\Users\\nate_\\AppData\\Roaming\\Blender Foundation\\Blender\\5.2\\extensions\\.cache').
Info: Saved as "funeral_drapes.blend"
INFO Draco is available, use library at C:\Program Files\Blender Foundation\Blender 5.2\5.2\scripts\addons_core\io_scene_gltf2\bf_intern_draco_bridge.dll
INFO MeshOptimizer is available, use library at C:\Program Files\Blender Foundation\Blender 5.2\5.2\scripts\addons_core\io_scene_gltf2\bf_intern_meshopt_bridge.dll
06:21:40 | INFO: Starting glTF 2.0 export
06:21:40 | INFO: Extracting primitive: storm_shop_funeral_parlour_drape0__curtain_cloth
06:21:40 | INFO: Primitives created: 1
06:21:40 | INFO: Extracting primitive: storm_shop_funeral_parlour_drape0__curtain_iron
06:21:40 | INFO: Primitives created: 1
06:21:40 | INFO: Extracting primitive: storm_shop_funeral_parlour_drape6__curtain_cloth
06:21:40 | INFO: Primitives created: 1
06:21:40 | INFO: Extracting primitive: storm_shop_funeral_parlour_drape6__curtain_iron
06:21:40 | INFO: Primitives created: 1
06:21:40 | INFO: Finished glTF 2.0 export in 0.09499573707580566 s

FUNERAL DRAPES 10 original records; 2 assemblies; 94 closed stocks; 4 parts; 51776 triangles; 20 ceiling contacts

Blender quit
