FABRICATION STAGE: art/blender/scripts/build_task_lamps.py
C:\PleaseRemainOnTheLine\art\blender\scripts\build_task_lamps.py:63: DeprecationWarning: 'Material.use_nodes' is expected to be removed in Blender 6.0
  mat=bpy.data.materials.new(key);mat.use_nodes=True;materials[key]=mat
Info: Saved as "task_lamps.blend"
INFO Draco is available, use library at C:\Program Files\Blender Foundation\Blender 5.2\5.2\scripts\addons_core\io_scene_gltf2\bf_intern_draco_bridge.dll
INFO MeshOptimizer is available, use library at C:\Program Files\Blender Foundation\Blender 5.2\5.2\scripts\addons_core\io_scene_gltf2\bf_intern_meshopt_bridge.dll
14:56:54 | INFO: Starting glTF 2.0 export
14:56:54 | INFO: Extracting primitive: TaskLamp_architect_counterweight__bakelite
14:56:54 | INFO: Primitives created: 1
14:56:54 | INFO: Extracting primitive: TaskLamp_architect_counterweight__bulb_opal
14:56:54 | INFO: Primitives created: 1
14:56:54 | INFO: Extracting primitive: TaskLamp_architect_counterweight__iron_blackened
14:56:54 | INFO: Primitives created: 1
14:56:54 | INFO: Extracting primitive: TaskLamp_architect_counterweight__nickel_plated
14:56:54 | INFO: Primitives created: 1
14:56:54 | INFO: Extracting primitive: TaskLamp_architect_counterweight__rubber_aged
14:56:54 | INFO: Primitives created: 1
14:56:54 | INFO: Extracting primitive: TaskLamp_architect_counterweight__switch_bakelite
14:56:54 | INFO: Primitives created: 1
14:56:54 | INFO: Extracting primitive: TaskLamp_architect_counterweight__wood_dark
14:56:54 | INFO: Primitives created: 1
14:56:54 | INFO: Extracting primitive: TaskLamp_bench_friction__bakelite
14:56:54 | INFO: Primitives created: 1
14:56:54 | INFO: Extracting primitive: TaskLamp_bench_friction__bulb_opal
14:56:54 | INFO: Primitives created: 1
14:56:54 | INFO: Extracting primitive: TaskLamp_bench_friction__iron_blackened
14:56:54 | INFO: Primitives created: 1
14:56:54 | INFO: Extracting primitive: TaskLamp_bench_friction__nickel_plated
14:56:54 | INFO: Primitives created: 1
14:56:54 | INFO: Extracting primitive: TaskLamp_bench_friction__rubber_aged
14:56:54 | INFO: Primitives created: 1
14:56:54 | INFO: Extracting primitive: TaskLamp_bench_friction__switch_bakelite
14:56:54 | INFO: Primitives created: 1
14:56:54 | INFO: Extracting primitive: TaskLamp_emeralite__bakelite
14:56:54 | INFO: Primitives created: 1
14:56:54 | INFO: Extracting primitive: TaskLamp_emeralite__brass
14:56:54 | INFO: Primitives created: 1
14:56:54 | INFO: Extracting primitive: TaskLamp_emeralite__bulb_opal
14:56:54 | INFO: Primitives created: 1
14:56:54 | INFO: Extracting primitive: TaskLamp_emeralite__green_glass
14:56:54 | INFO: Primitives created: 1
14:56:54 | INFO: Extracting primitive: TaskLamp_emeralite__nickel_plated
14:56:54 | INFO: Primitives created: 1
14:56:54 | INFO: Extracting primitive: TaskLamp_emeralite__rubber_aged
14:56:54 | INFO: Primitives created: 1
14:56:54 | INFO: Extracting primitive: TaskLamp_emeralite__switch_bakelite
14:56:54 | INFO: Primitives created: 1
14:56:54 | INFO: Extracting primitive: TaskLamp_landlord_enamel__bakelite
14:56:54 | INFO: Primitives created: 1
14:56:54 | INFO: Extracting primitive: TaskLamp_landlord_enamel__bulb_opal
14:56:54 | INFO: Primitives created: 1
14:56:54 | INFO: Extracting primitive: TaskLamp_landlord_enamel__enamel
14:56:54 | INFO: Primitives created: 1
14:56:54 | INFO: Extracting primitive: TaskLamp_landlord_enamel__iron_blackened
14:56:54 | INFO: Primitives created: 1
14:56:54 | INFO: Extracting primitive: TaskLamp_landlord_enamel__nickel_plated
14:56:54 | INFO: Primitives created: 1
14:56:54 | INFO: Extracting primitive: TaskLamp_landlord_enamel__rubber_aged
14:56:54 | INFO: Primitives created: 1
14:56:54 | INFO: Extracting primitive: TaskLamp_landlord_enamel__switch_bakelite
14:56:54 | INFO: Primitives created: 1
14:56:54 | INFO: Extracting primitive: TaskLamp_office_green__bakelite
14:56:54 | INFO: Primitives created: 1
14:56:54 | INFO: Extracting primitive: TaskLamp_office_green__brass
14:56:54 | INFO: Primitives created: 1
14:56:54 | INFO: Extracting primitive: TaskLamp_office_green__bulb_opal
14:56:54 | INFO: Primitives created: 1
14:56:54 | INFO: Extracting primitive: TaskLamp_office_green__green_glass
14:56:54 | INFO: Primitives created: 1
14:56:54 | INFO: Extracting primitive: TaskLamp_office_green__nickel_plated
14:56:54 | INFO: Primitives created: 1
14:56:54 | INFO: Extracting primitive: TaskLamp_office_green__rubber_aged
14:56:54 | INFO: Primitives created: 1
14:56:54 | INFO: Extracting primitive: TaskLamp_office_green__switch_bakelite
14:56:54 | INFO: Primitives created: 1
14:56:54 | INFO: Finished glTF 2.0 export in 0.13663029670715332 s

TASK LAMPS 5 original records; 5 assemblies; 206 closed stocks; 34 parts; 61596 triangles; 15 foot contacts
FABRICATION STAGE: art/blender/scripts/inspect_task_lamps.py
00:07.984  blend            | Read blend: "C:\PleaseRemainOnTheLine\art\blender\task_lamps.blend"
C:\PleaseRemainOnTheLine\art\blender\scripts\inspect_task_lamps.py:57: DeprecationWarning: 'World.use_nodes' is expected to be removed in Blender 6.0
  scene.world=bpy.data.worlds.new('Neutral inspection');scene.world.use_nodes=True
TASK LAMPS NATIVE 206 closed stocks; 5 joined variants; 15 base probes; 0 views
{"completed_stages": 2, "elapsed_s": 7.345}
Blender 5.2.0 LTS (hash fbe6228777e7 built 2026-07-14 01:35:40)

Blender quit
