Godot Engine v4.7.1.stable.official.a13da4feb - https://godotengine.org
Vulkan 1.4.341 - Forward+ - Using Device #0: NVIDIA - NVIDIA GeForce RTX 4080

[ACOUSTIC] 550 nodes loaded
ORISON V2 BLOCKOUT: 200 spaces / 111 doors / 1104 anchors
[V2 FRONT COURT ROOF] three seated girders; retained roof slabs; mapped exterior concrete
[V2 BODEGA POWER] independent inlet; four existing fittings; 20 bearings
[SURFACE] 1311 surfaces layered (478 materials)
[PASSAGE HOURS] OPEN; 10 grilles folded
[PASSAGE HOURS] 11 shopfronts, 10 close after 02:00, HARDWARE PAINT keeps night service
[PASSAGE FINISH] 6 gated draws, 3 handcarts, hours active
[V2 PASSAGE] 13 resident cells; 11 doors; 1 shared-service counters
[SURFACE] 170 surfaces layered (81 materials)
[HARUKIYA] 9 interactables placed
[ARCADE] 2 cabinet(s) from a catalog of 12: SOMETHING IN THE HALL (mystery_serial), OPERATIONS (farm_and_market)
[ARCADE] all of them are running arcade_pit
[V2 BAR] retained cell; 29 registered markers; 3 doors
[V2 FRONT FACADE] native entrance, original landmark hardware, glazed marquee and fitted blade
[SCHEDULE] director live: 18 residents on the clock
[MOVES] personal library: res://assets/characters/mina_vale/mina_vale_moves.glb
SOURCE PARAPET MATERIAL ROOF_PARAPET_EAST brick 
SOURCE PARAPET MATERIAL ROOF_PARAPET_NORTH brick 
SOURCE PARAPET MATERIAL ROOF_PARAPET_SOUTH brick 
SOURCE PARAPET MATERIAL ROOF_PARAPET_WEST brick 
[ORISON V2 RUNTIME] ready startup_ms=27905.064
[LIGHTING] 207 sources active in system; 207 full personalities; profiles steady/breathe/mains/beat/dropout=[50, 45, 36, 42, 34]
CAP MAPPING: mesh=task_lamps_TaskLamp_emeralite__bakelite valid_basis=true max_uv_excess=0.00000006216578 widest=1.00003893624852 vertices=1160 derivatives=true bad_derivatives=0 min_determinant=0.00000235778106 worst_dot=0.99999988079071
CAP MAPPING: mesh=task_lamps_TaskLamp_emeralite__brass valid_basis=true max_uv_excess=0.0000000775326 widest=1.00013812961114 vertices=8406 derivatives=true bad_derivatives=0 min_determinant=0.00000001393423 worst_dot=0.9999977350235
CAP MAPPING: mesh=task_lamps_TaskLamp_emeralite__bulb_opal valid_basis=true max_uv_excess=0.00000008102506 widest=1.00005348151304 vertices=1086 derivatives=true bad_derivatives=0 min_determinant=0.00001411364945 worst_dot=0.99999988079071
CAP MAPPING: mesh=task_lamps_TaskLamp_emeralite__green_glass valid_basis=true max_uv_excess=0.00000006891787 widest=1.00002337626028 vertices=2398 derivatives=true bad_derivatives=0 min_determinant=0.00000076801271 worst_dot=0.99999982118607
CAP MAPPING: mesh=task_lamps_TaskLamp_emeralite__nickel_plated valid_basis=true max_uv_excess=0.00000006798655 widest=1.00004799139151 vertices=1154 derivatives=true bad_derivatives=0 min_determinant=0.00000166432888 worst_dot=0.99999988079071
CAP MAPPING: mesh=task_lamps_TaskLamp_emeralite__rubber_aged valid_basis=true max_uv_excess=0.00000007450581 widest=1.00001774550732 vertices=178 derivatives=true bad_derivatives=0 min_determinant=0.00000372772282 worst_dot=0.99999988079071
CAP MAPPING: mesh=task_lamps_TaskLamp_emeralite__switch_bakelite valid_basis=true max_uv_excess=0.00000005273614 widest=1.00007214946311 vertices=802 derivatives=true bad_derivatives=0 min_determinant=0.00000022327247 worst_dot=0.99999988079071
[HARUKIYA] OPEN, 18 fixtures
CAP MAPPING: mesh=task_lamps_TaskLamp_office_green__bakelite valid_basis=true max_uv_excess=0.00000006449409 widest=1.00004379298988 vertices=1160 derivatives=true bad_derivatives=0 min_determinant=0.00000235779626 worst_dot=0.99999988079071
CAP MAPPING: mesh=task_lamps_TaskLamp_office_green__brass valid_basis=true max_uv_excess=0.00000007776543 widest=1.00016305396517 vertices=8387 derivatives=true bad_derivatives=0 min_determinant=0.00000001393072 worst_dot=0.99999797344208
CAP MAPPING: mesh=task_lamps_TaskLamp_office_green__bulb_opal valid_basis=true max_uv_excess=0.00000008568168 widest=1.0000576330929 vertices=1078 derivatives=true bad_derivatives=0 min_determinant=0.00001411364945 worst_dot=0.99999988079071
CAP MAPPING: mesh=task_lamps_TaskLamp_office_green__green_glass valid_basis=true max_uv_excess=0.00000005820766 widest=1.00001850824118 vertices=2423 derivatives=true bad_derivatives=0 min_determinant=0.00000062032072 worst_dot=0.99999982118607
CAP MAPPING: mesh=task_lamps_TaskLamp_office_green__nickel_plated valid_basis=true max_uv_excess=0.00000006798655 widest=1.00004799139151 vertices=1154 derivatives=true bad_derivatives=0 min_determinant=0.00000166432888 worst_dot=0.99999988079071
CAP MAPPING: mesh=task_lamps_TaskLamp_office_green__rubber_aged valid_basis=true max_uv_excess=0.00000005960464 widest=1.00001176270169 vertices=180 derivatives=true bad_derivatives=0 min_determinant=0.0000037278732 worst_dot=0.99999994039536
CAP MAPPING: mesh=task_lamps_TaskLamp_office_green__switch_bakelite valid_basis=true max_uv_excess=0.00000005273614 widest=1.00007214946311 vertices=802 derivatives=true bad_derivatives=0 min_determinant=0.00000022327247 worst_dot=0.99999988079071
CAP MAPPING: mesh=task_lamps_TaskLamp_bench_friction__bakelite valid_basis=true max_uv_excess=0.00000007427298 widest=1.00003340052178 vertices=538 derivatives=true bad_derivatives=0 min_determinant=0.00000064524359 worst_dot=0.99999988079071
CAP MAPPING: mesh=task_lamps_TaskLamp_bench_friction__bulb_opal valid_basis=true max_uv_excess=0.0000000782311 widest=1.00002617710162 vertices=1152 derivatives=true bad_derivatives=0 min_determinant=0.00002241662938 worst_dot=0.99999988079071
CAP MAPPING: mesh=task_lamps_TaskLamp_bench_friction__iron_blackened valid_basis=true max_uv_excess=0.00000008614734 widest=1.00009534045498 vertices=8922 derivatives=true bad_derivatives=0 min_determinant=0.00000003568986 worst_dot=0.99999892711639
CAP MAPPING: mesh=task_lamps_TaskLamp_bench_friction__nickel_plated valid_basis=true max_uv_excess=0.00000008940697 widest=1.0005627987783 vertices=38919 derivatives=true bad_derivatives=0 min_determinant=0.00000000141895 worst_dot=0.99998337030411
CAP MAPPING: mesh=task_lamps_TaskLamp_bench_friction__rubber_aged valid_basis=true max_uv_excess=0.00000005960464 widest=1.00002251142987 vertices=226 derivatives=true bad_derivatives=0 min_determinant=0.00000372772282 worst_dot=0.99999994039536
CAP MAPPING: mesh=task_lamps_TaskLamp_bench_friction__switch_bakelite valid_basis=true max_uv_excess=0.00000005273614 widest=1.00007214946311 vertices=802 derivatives=true bad_derivatives=0 min_determinant=0.00000022327247 worst_dot=0.99999988079071
CAP MAPPING: mesh=task_lamps_TaskLamp_landlord_enamel__bakelite valid_basis=true max_uv_excess=0.00000007473864 widest=1.00003360993648 vertices=480 derivatives=true bad_derivatives=0 min_determinant=0.00000064522599 worst_dot=0.99999994039536
CAP MAPPING: mesh=task_lamps_TaskLamp_landlord_enamel__bulb_opal valid_basis=true max_uv_excess=0.00000006984919 widest=1.00003984484098 vertices=1152 derivatives=true bad_derivatives=0 min_determinant=0.00002241658805 worst_dot=0.99999988079071
CAP MAPPING: mesh=task_lamps_TaskLamp_landlord_enamel__enamel valid_basis=true max_uv_excess=0.00000007811468 widest=1.00007464723895 vertices=5837 derivatives=true bad_derivatives=0 min_determinant=0.00000014285308 worst_dot=0.99999976158142
CAP MAPPING: mesh=task_lamps_TaskLamp_landlord_enamel__iron_blackened valid_basis=true max_uv_excess=0.00000005960464 widest=1.00009467026436 vertices=652 derivatives=true bad_derivatives=0 min_determinant=0.00000003568946 worst_dot=0.99999892711639
CAP MAPPING: mesh=task_lamps_TaskLamp_landlord_enamel__nickel_plated valid_basis=true max_uv_excess=0.00000007986091 widest=1.00033086715148 vertices=14689 derivatives=true bad_derivatives=0 min_determinant=0.00000000142239 worst_dot=0.99999189376831
CAP MAPPING: mesh=task_lamps_TaskLamp_landlord_enamel__rubber_aged valid_basis=true max_uv_excess=0.00000005075708 widest=1.00002210582973 vertices=180 derivatives=true bad_derivatives=0 min_determinant=0.00000372781501 worst_dot=0.99999988079071
CAP MAPPING: mesh=task_lamps_TaskLamp_landlord_enamel__switch_bakelite valid_basis=true max_uv_excess=0.00000005273614 widest=1.00007214946311 vertices=802 derivatives=true bad_derivatives=0 min_determinant=0.00000022327247 worst_dot=0.99999988079071
CAP MAPPING: mesh=task_lamps_TaskLamp_architect_counterweight__bakelite valid_basis=true max_uv_excess=0.00000006984919 widest=1.00002209249195 vertices=530 derivatives=true bad_derivatives=0 min_determinant=0.00000064522599 worst_dot=0.99999988079071
CAP MAPPING: mesh=task_lamps_TaskLamp_architect_counterweight__bulb_opal valid_basis=true max_uv_excess=0.00000007916242 widest=1.0000393563561 vertices=1152 derivatives=true bad_derivatives=0 min_determinant=0.00002241655629 worst_dot=0.99999982118607
CAP MAPPING: mesh=task_lamps_TaskLamp_architect_counterweight__iron_blackened valid_basis=true max_uv_excess=0.00000005913898 widest=1.00009467026436 vertices=663 derivatives=true bad_derivatives=0 min_determinant=0.00000003568502 worst_dot=0.99999892711639
CAP MAPPING: mesh=task_lamps_TaskLamp_architect_counterweight__nickel_plated valid_basis=true max_uv_excess=0.00000008940697 widest=1.00027119978065 vertices=36178 derivatives=true bad_derivatives=0 min_determinant=0.00000008032416 worst_dot=0.99999940395355
CAP MAPPING: mesh=task_lamps_TaskLamp_architect_counterweight__rubber_aged valid_basis=true max_uv_excess=0.00000005960464 widest=1.00001997631438 vertices=228 derivatives=true bad_derivatives=0 min_determinant=0.00000372786321 worst_dot=0.99999988079071
CAP MAPPING: mesh=task_lamps_TaskLamp_architect_counterweight__switch_bakelite valid_basis=true max_uv_excess=0.00000005273614 widest=1.00007214946311 vertices=802 derivatives=true bad_derivatives=0 min_determinant=0.00000022327247 worst_dot=0.99999988079071
CAP MAPPING: mesh=task_lamps_TaskLamp_architect_counterweight__wood_dark valid_basis=true max_uv_excess=0.00000013224781 widest=1.00008425171535 vertices=2079 derivatives=true bad_derivatives=0 min_determinant=0.00000032146907 worst_dot=0.99999988079071
TASK LAMPS: { "checks": 404, "parts": 34, "triangles": 61596, "production_actors": 1, "library_variants": 5, "failures": ["original interaction toggles state, animates key and returns service card", "original interaction toggles state, animates key and returns service card", "bench inspection station has a real floor and standing clearance"] }
FABRICATION BATCH: worlds=1 modules=1 module_checks=404 failures=3 elapsed_ms=33225
