Godot Engine v4.7.1.stable.official.a13da4feb - https://godotengine.org
Vulkan 1.4.341 - Forward+ - Using Device #0: NVIDIA - NVIDIA GeForce RTX 4080

[ACOUSTIC] 550 nodes loaded
ORISON V2 BLOCKOUT: 61 spaces / 26 doors / 87 anchors
[SCHEDULE] director live: 18 residents on the clock
[ORISON V2 RUNTIME] ready startup_ms=1761.160
[LIGHTING] 5 sources active in system; 5 full personalities; profiles steady/breathe/mains/beat/dropout=[1, 2, 1, 0, 1]
SWITCH TARGET F03_B_MAIN_SWITCH feet=(-12.34, 6.42, -9.950001) hit=F03_B_MAIN_SWITCH:<StaticBody3D#280565392645> at=(-11.665, 7.533192, -9.950001)
[SWITCHES] F03_B_MAIN -> off (1 fixtures)
[SWITCHES] F03_B_MAIN -> on (1 fixtures)
SWITCH TARGET F03_B_KITCHEN_SWITCH feet=(-10.34, 6.42, -4.1) hit=F03_B_KITCHEN_SWITCH:<StaticBody3D#280749942047> at=(-9.665, 7.533192, -4.1)
[SWITCHES] F03_B_KITCHEN -> off (1 fixtures)
[SWITCHES] F03_B_KITCHEN -> on (1 fixtures)
SWITCH TARGET F03_B_ALCOVE_SWITCH feet=(-12.16, 6.42, -1.85) hit=F03_B_ALCOVE_SWITCH:<StaticBody3D#280867382566> at=(-12.835, 7.533192, -1.85)
[SWITCHES] F03_B_ALCOVE -> off (1 fixtures)
[SWITCHES] F03_B_ALCOVE -> on (1 fixtures)
SWITCH TARGET F03_B_BATH_SWITCH feet=(-14.8, 6.42, -1.01) hit=F03_B_BATH_SWITCH:<StaticBody3D#280984823085> at=(-14.8, 7.533192, -1.685)
[SWITCHES] F03_B_BATH -> off (1 fixtures)
[SWITCHES] F03_B_BATH -> on (1 fixtures)
ORISON V2 BLOCKOUT: 61 spaces / 26 doors / 87 anchors
[SCHEDULE] director live: 18 residents on the clock
[ORISON V2 RUNTIME] ready startup_ms=858.617
[LIGHTING] 5 sources active in system; 5 full personalities; profiles steady/breathe/mains/beat/dropout=[1, 2, 1, 0, 1]
SWITCH TARGET F03_B_MAIN_SWITCH feet=(-12.34, 6.42, -9.950001) hit=F03_B_MAIN_SWITCH:<StaticBody3D#1421449634346> at=(-11.665, 7.533192, -9.950001)
[SWITCHES] F03_B_MAIN -> off (1 fixtures)
[SWITCHES] F03_B_MAIN -> on (1 fixtures)
SWITCH TARGET F03_B_KITCHEN_SWITCH feet=(-10.34, 6.42, -4.1) hit=F03_B_KITCHEN_SWITCH:<StaticBody3D#1421567075099> at=(-9.665, 7.533192, -4.1)
[SWITCHES] F03_B_KITCHEN -> off (1 fixtures)
[SWITCHES] F03_B_KITCHEN -> on (1 fixtures)
SWITCH TARGET F03_B_ALCOVE_SWITCH feet=(-12.16, 6.42, -1.85) hit=F03_B_ALCOVE_SWITCH:<StaticBody3D#1421684515598> at=(-12.835, 7.533192, -1.85)
[SWITCHES] F03_B_ALCOVE -> off (1 fixtures)
[SWITCHES] F03_B_ALCOVE -> on (1 fixtures)
SWITCH TARGET F03_B_BATH_SWITCH feet=(-14.8, 6.42, -1.01) hit=F03_B_BATH_SWITCH:<StaticBody3D#1421801955897> at=(-14.8, 7.533192, -1.685)
[SWITCHES] F03_B_BATH -> off (1 fixtures)
[SWITCHES] F03_B_BATH -> on (1 fixtures)
CONNECTED WORLD: 374 checks; 0 failures
