WARNING: could not write Reality Maintenance save
   at: push_warning (core/variant/variant_utility.cpp:1033)
   GDScript backtrace (most recent call first):
       [0] save_game (res://scripts/game/reality_game_state.gd:126)
       [1] _exercise (res://tests/open_shift_save_matrix_test.gd:84)
       [2] _ready (res://tests/open_shift_save_matrix_test.gd:23)
ERROR:   FAIL  WORK survives v1 -> v1 reconstruction
   at: push_error (core/variant/variant_utility.cpp:1023)
   GDScript backtrace (most recent call first):
       [0] _check (res://tests/open_shift_save_matrix_test.gd:129)
       [1] _exercise (res://tests/open_shift_save_matrix_test.gd:107)
WARNING: could not write Reality Maintenance save
   at: push_warning (core/variant/variant_utility.cpp:1033)
   GDScript backtrace (most recent call first):
       [0] save_game (res://scripts/game/reality_game_state.gd:126)
       [1] _exercise (res://tests/open_shift_save_matrix_test.gd:84)
       [2] _ready (res://tests/open_shift_save_matrix_test.gd:23)
       [3] _exercise (res://tests/open_shift_save_matrix_test.gd:111)
ERROR:   FAIL  WORK survives v2 -> v2 reconstruction
   at: push_error (core/variant/variant_utility.cpp:1023)
   GDScript backtrace (most recent call first):
       [0] _check (res://tests/open_shift_save_matrix_test.gd:129)
       [1] _exercise (res://tests/open_shift_save_matrix_test.gd:107)
WARNING: could not write Reality Maintenance save
   at: push_warning (core/variant/variant_utility.cpp:1033)
   GDScript backtrace (most recent call first):
       [0] save_game (res://scripts/game/reality_game_state.gd:126)
       [1] _exercise (res://tests/open_shift_save_matrix_test.gd:84)
       [2] _ready (res://tests/open_shift_save_matrix_test.gd:23)
       [3] _exercise (res://tests/open_shift_save_matrix_test.gd:111)
ERROR:   FAIL  WORK survives v1 -> v2 reconstruction
   at: push_error (core/variant/variant_utility.cpp:1023)
   GDScript backtrace (most recent call first):
       [0] _check (res://tests/open_shift_save_matrix_test.gd:129)
       [1] _exercise (res://tests/open_shift_save_matrix_test.gd:107)
WARNING: could not write Reality Maintenance save
   at: push_warning (core/variant/variant_utility.cpp:1033)
   GDScript backtrace (most recent call first):
       [0] save_game (res://scripts/game/reality_game_state.gd:126)
       [1] _exercise (res://tests/open_shift_save_matrix_test.gd:84)
       [2] _ready (res://tests/open_shift_save_matrix_test.gd:23)
       [3] _exercise (res://tests/open_shift_save_matrix_test.gd:111)
ERROR:   FAIL  WORK survives v2 -> v1 reconstruction
   at: push_error (core/variant/variant_utility.cpp:1023)
   GDScript backtrace (most recent call first):
       [0] _check (res://tests/open_shift_save_matrix_test.gd:129)
       [1] _exercise (res://tests/open_shift_save_matrix_test.gd:107)
WARNING: could not write Reality Maintenance save
   at: push_warning (core/variant/variant_utility.cpp:1033)
   GDScript backtrace (most recent call first):
       [0] save_game (res://scripts/game/reality_game_state.gd:126)
       [1] _exercise (res://tests/open_shift_save_matrix_test.gd:84)
       [2] _ready (res://tests/open_shift_save_matrix_test.gd:23)
       [3] _exercise (res://tests/open_shift_save_matrix_test.gd:111)
ERROR:   FAIL  IGNORE survives v1 -> v1 reconstruction
   at: push_error (core/variant/variant_utility.cpp:1023)
   GDScript backtrace (most recent call first):
       [0] _check (res://tests/open_shift_save_matrix_test.gd:129)
       [1] _exercise (res://tests/open_shift_save_matrix_test.gd:107)
WARNING: could not write Reality Maintenance save
   at: push_warning (core/variant/variant_utility.cpp:1033)
   GDScript backtrace (most recent call first):
       [0] save_game (res://scripts/game/reality_game_state.gd:126)
       [1] _exercise (res://tests/open_shift_save_matrix_test.gd:84)
       [2] _ready (res://tests/open_shift_save_matrix_test.gd:23)
       [3] _exercise (res://tests/open_shift_save_matrix_test.gd:111)
ERROR:   FAIL  IGNORE survives v2 -> v2 reconstruction
   at: push_error (core/variant/variant_utility.cpp:1023)
   GDScript backtrace (most recent call first):
       [0] _check (res://tests/open_shift_save_matrix_test.gd:129)
       [1] _exercise (res://tests/open_shift_save_matrix_test.gd:107)
WARNING: could not write Reality Maintenance save
   at: push_warning (core/variant/variant_utility.cpp:1033)
   GDScript backtrace (most recent call first):
       [0] save_game (res://scripts/game/reality_game_state.gd:126)
       [1] _exercise (res://tests/open_shift_save_matrix_test.gd:84)
       [2] _ready (res://tests/open_shift_save_matrix_test.gd:23)
       [3] _exercise (res://tests/open_shift_save_matrix_test.gd:111)
ERROR:   FAIL  IGNORE survives v1 -> v2 reconstruction
   at: push_error (core/variant/variant_utility.cpp:1023)
   GDScript backtrace (most recent call first):
       [0] _check (res://tests/open_shift_save_matrix_test.gd:129)
       [1] _exercise (res://tests/open_shift_save_matrix_test.gd:107)
WARNING: could not write Reality Maintenance save
   at: push_warning (core/variant/variant_utility.cpp:1033)
   GDScript backtrace (most recent call first):
       [0] save_game (res://scripts/game/reality_game_state.gd:126)
       [1] _exercise (res://tests/open_shift_save_matrix_test.gd:84)
       [2] _ready (res://tests/open_shift_save_matrix_test.gd:23)
       [3] _exercise (res://tests/open_shift_save_matrix_test.gd:111)
ERROR:   FAIL  IGNORE survives v2 -> v1 reconstruction
   at: push_error (core/variant/variant_utility.cpp:1023)
   GDScript backtrace (most recent call first):
       [0] _check (res://tests/open_shift_save_matrix_test.gd:129)
       [1] _exercise (res://tests/open_shift_save_matrix_test.gd:107)
WARNING: could not write Reality Maintenance save
   at: push_warning (core/variant/variant_utility.cpp:1033)
   GDScript backtrace (most recent call first):
       [0] save_game (res://scripts/game/reality_game_state.gd:126)
       [1] _exercise (res://tests/open_shift_save_matrix_test.gd:84)
       [2] _ready (res://tests/open_shift_save_matrix_test.gd:23)
       [3] _exercise (res://tests/open_shift_save_matrix_test.gd:111)
ERROR:   FAIL  ABANDON survives v1 -> v1 reconstruction
   at: push_error (core/variant/variant_utility.cpp:1023)
   GDScript backtrace (most recent call first):
       [0] _check (res://tests/open_shift_save_matrix_test.gd:129)
       [1] _exercise (res://tests/open_shift_save_matrix_test.gd:107)
WARNING: could not write Reality Maintenance save
   at: push_warning (core/variant/variant_utility.cpp:1033)
   GDScript backtrace (most recent call first):
       [0] save_game (res://scripts/game/reality_game_state.gd:126)
       [1] _exercise (res://tests/open_shift_save_matrix_test.gd:84)
       [2] _ready (res://tests/open_shift_save_matrix_test.gd:23)
       [3] _exercise (res://tests/open_shift_save_matrix_test.gd:111)
ERROR:   FAIL  ABANDON survives v2 -> v2 reconstruction
   at: push_error (core/variant/variant_utility.cpp:1023)
   GDScript backtrace (most recent call first):
       [0] _check (res://tests/open_shift_save_matrix_test.gd:129)
       [1] _exercise (res://tests/open_shift_save_matrix_test.gd:107)
WARNING: could not write Reality Maintenance save
   at: push_warning (core/variant/variant_utility.cpp:1033)
   GDScript backtrace (most recent call first):
       [0] save_game (res://scripts/game/reality_game_state.gd:126)
       [1] _exercise (res://tests/open_shift_save_matrix_test.gd:84)
       [2] _ready (res://tests/open_shift_save_matrix_test.gd:23)
       [3] _exercise (res://tests/open_shift_save_matrix_test.gd:111)
ERROR:   FAIL  ABANDON survives v1 -> v2 reconstruction
   at: push_error (core/variant/variant_utility.cpp:1023)
   GDScript backtrace (most recent call first):
       [0] _check (res://tests/open_shift_save_matrix_test.gd:129)
       [1] _exercise (res://tests/open_shift_save_matrix_test.gd:107)
WARNING: could not write Reality Maintenance save
   at: push_warning (core/variant/variant_utility.cpp:1033)
   GDScript backtrace (most recent call first):
       [0] save_game (res://scripts/game/reality_game_state.gd:126)
       [1] _exercise (res://tests/open_shift_save_matrix_test.gd:84)
       [2] _ready (res://tests/open_shift_save_matrix_test.gd:23)
       [3] _exercise (res://tests/open_shift_save_matrix_test.gd:111)
ERROR:   FAIL  ABANDON survives v2 -> v1 reconstruction
   at: push_error (core/variant/variant_utility.cpp:1023)
   GDScript backtrace (most recent call first):
       [0] _check (res://tests/open_shift_save_matrix_test.gd:129)
       [1] _exercise (res://tests/open_shift_save_matrix_test.gd:107)
WARNING: could not write Reality Maintenance save
   at: push_warning (core/variant/variant_utility.cpp:1033)
   GDScript backtrace (most recent call first):
       [0] save_game (res://scripts/game/reality_game_state.gd:126)
       [1] _exercise (res://tests/open_shift_save_matrix_test.gd:84)
       [2] _ready (res://tests/open_shift_save_matrix_test.gd:23)
       [3] _exercise (res://tests/open_shift_save_matrix_test.gd:111)
ERROR:   FAIL  MEDDLE survives v1 -> v1 reconstruction
   at: push_error (core/variant/variant_utility.cpp:1023)
   GDScript backtrace (most recent call first):
       [0] _check (res://tests/open_shift_save_matrix_test.gd:129)
       [1] _exercise (res://tests/open_shift_save_matrix_test.gd:107)
WARNING: could not write Reality Maintenance save
   at: push_warning (core/variant/variant_utility.cpp:1033)
   GDScript backtrace (most recent call first):
       [0] save_game (res://scripts/game/reality_game_state.gd:126)
       [1] _exercise (res://tests/open_shift_save_matrix_test.gd:84)
       [2] _ready (res://tests/open_shift_save_matrix_test.gd:23)
       [3] _exercise (res://tests/open_shift_save_matrix_test.gd:111)
ERROR:   FAIL  MEDDLE survives v2 -> v2 reconstruction
   at: push_error (core/variant/variant_utility.cpp:1023)
   GDScript backtrace (most recent call first):
       [0] _check (res://tests/open_shift_save_matrix_test.gd:129)
       [1] _exercise (res://tests/open_shift_save_matrix_test.gd:107)
WARNING: could not write Reality Maintenance save
   at: push_warning (core/variant/variant_utility.cpp:1033)
   GDScript backtrace (most recent call first):
       [0] save_game (res://scripts/game/reality_game_state.gd:126)
       [1] _exercise (res://tests/open_shift_save_matrix_test.gd:84)
       [2] _ready (res://tests/open_shift_save_matrix_test.gd:23)
       [3] _exercise (res://tests/open_shift_save_matrix_test.gd:111)
ERROR:   FAIL  MEDDLE survives v1 -> v2 reconstruction
   at: push_error (core/variant/variant_utility.cpp:1023)
   GDScript backtrace (most recent call first):
       [0] _check (res://tests/open_shift_save_matrix_test.gd:129)
       [1] _exercise (res://tests/open_shift_save_matrix_test.gd:107)
WARNING: could not write Reality Maintenance save
   at: push_warning (core/variant/variant_utility.cpp:1033)
   GDScript backtrace (most recent call first):
       [0] save_game (res://scripts/game/reality_game_state.gd:126)
       [1] _exercise (res://tests/open_shift_save_matrix_test.gd:84)
       [2] _ready (res://tests/open_shift_save_matrix_test.gd:23)
       [3] _exercise (res://tests/open_shift_save_matrix_test.gd:111)
ERROR:   FAIL  MEDDLE survives v2 -> v1 reconstruction
   at: push_error (core/variant/variant_utility.cpp:1023)
   GDScript backtrace (most recent call first):
       [0] _check (res://tests/open_shift_save_matrix_test.gd:129)
       [1] _exercise (res://tests/open_shift_save_matrix_test.gd:107)
