Godot Engine v4.7.1.stable.official.a13da4feb - https://godotengine.org

[ACOUSTIC] 550 nodes loaded
ORISON V2 BLOCKOUT: 200 spaces / 111 doors / 1414 anchors
[V2 FRONT COURT ROOF] three seated girders; retained roof slabs; mapped exterior concrete
[V2 BODEGA POWER] independent inlet; four existing fittings; 20 bearings
[SURFACE] 402 surfaces layered (261 materials)
[PASSAGE HOURS] OPEN; 10 grilles folded
[PASSAGE HOURS] 11 shopfronts, 10 close after 02:00, HARDWARE PAINT keeps night service
[PASSAGE FINISH] 6 gated draws, 3 handcarts, hours active
[V2 PASSAGE] 13 resident cells; 11 doors; 1 shared-service counters
[SURFACE] 215 surfaces layered (108 materials)
[HARUKIYA] 9 interactables placed
[ARCADE] 2 cabinet(s) from a catalog of 12: SOMETHING IN THE HALL (mystery_serial), OPERATIONS (farm_and_market)
[ARCADE] all of them are running arcade_pit
[V2 BAR] retained cell; 29 registered markers; 3 doors
[V2 FRONT FACADE] native entrance, original landmark hardware, glazed marquee and fitted blade
[SCHEDULE] director live: 18 residents on the clock
[MOVES] personal library: res://assets/characters/mina_vale/mina_vale_moves.glb
SOURCE PARAPET MATERIAL ROOF_PARAPET_EAST brick 
SOURCE PARAPET MATERIAL ROOF_PARAPET_NORTH brick 
SOURCE PARAPET MATERIAL ROOF_PARAPET_SOUTH brick 
SOURCE PARAPET MATERIAL ROOF_PARAPET_WEST brick 
[ORISON V2 RUNTIME] ready startup_ms=34554.104
[LIGHTING] 230 sources active in system; 230 full personalities; profiles steady/breathe/mains/beat/dropout=[56, 50, 41, 47, 36]
[TOASTER] F02_2A_TOASTER_01 cycle start
[TOASTER] F02_2B_TOASTER_01 cycle start
[TOASTER] F03_3A_TOASTER_01 cycle start
[TOASTER] F03_3B_TOASTER_01 cycle start
[TOASTER] F04_4A_TOASTER_01 cycle start
[TOASTER] F04_B_TOASTER_01 cycle start
[TOASTER] F05_5A_TOASTER_01 cycle start
[TOASTER] F06_6A_TOASTER_01 cycle start
[TOASTER] F06_6B_TOASTER_01 cycle start
[TOASTER] F06_6C_TOASTER_01 cycle start
[HARUKIYA] CLOSED, 18 fixtures
[TOASTER] F02_2A_TOASTER_01 pop (1 cycles)
[TOASTER] F02_2B_TOASTER_01 pop (1 cycles)
[TOASTER] F03_3A_TOASTER_01 pop (1 cycles)
[TOASTER] F03_3B_TOASTER_01 pop (1 cycles)
[TOASTER] F04_4A_TOASTER_01 pop (1 cycles)
[TOASTER] F04_B_TOASTER_01 pop (1 cycles)
[TOASTER] F05_5A_TOASTER_01 pop (1 cycles)
[TOASTER] F06_6A_TOASTER_01 pop (1 cycles)
[TOASTER] F06_6B_TOASTER_01 pop (1 cycles)
[TOASTER] F06_6C_TOASTER_01 pop (1 cycles)
[TOASTER] F02_2A_TOASTER_01 cycle start
[TOASTER] F02_2B_TOASTER_01 cycle start
[TOASTER] F03_3A_TOASTER_01 cycle start
[TOASTER] F03_3B_TOASTER_01 cycle start
[TOASTER] F04_4A_TOASTER_01 cycle start
[TOASTER] F04_B_TOASTER_01 cycle start
[TOASTER] F05_5A_TOASTER_01 cycle start
[TOASTER] F06_6A_TOASTER_01 cycle start
[TOASTER] F06_6B_TOASTER_01 cycle start
[TOASTER] F06_6C_TOASTER_01 cycle start
[SWITCHES] F02_A_MAIN -> off (1 fixtures)
[SWITCHES] F02_A_MAIN -> on (1 fixtures)
[SWITCHES] F03_B_MAIN -> off (1 fixtures)
[SWITCHES] F03_B_MAIN -> on (1 fixtures)
[SWITCHES] F03_B_KITCHEN -> off (1 fixtures)
[SWITCHES] F03_B_KITCHEN -> on (1 fixtures)
[SWITCHES] F03_B_ALCOVE -> off (1 fixtures)
[SWITCHES] F03_B_ALCOVE -> on (1 fixtures)
[SWITCHES] F03_B_BATH -> off (1 fixtures)
[SWITCHES] F03_B_BATH -> on (1 fixtures)
[SWITCHES] F04_B_ALCOVE -> off (1 fixtures)
[SWITCHES] F04_B_ALCOVE -> on (1 fixtures)
[SWITCHES] F04_B_MAIN -> off (1 fixtures)
[SWITCHES] F04_B_MAIN -> on (1 fixtures)
[SWITCHES] F04_B_BATH -> off (1 fixtures)
[SWITCHES] F04_B_BATH -> on (1 fixtures)
[SWITCHES] F04_B_KITCHEN -> off (1 fixtures)
[SWITCHES] F04_B_KITCHEN -> on (1 fixtures)
[SWITCHES] F04_B_PRIVATE_HALL -> off (1 fixtures)
[SWITCHES] F04_B_PRIVATE_HALL -> on (1 fixtures)
[SWITCHES] F04_B_CLOSET -> off (1 fixtures)
[SWITCHES] F04_B_CLOSET -> on (1 fixtures)
[SWITCHES] F02_A_VESTIBULE -> off (1 fixtures)
[SWITCHES] F02_A_VESTIBULE -> on (1 fixtures)
[SWITCHES] F02_A_KITCHEN -> off (1 fixtures)
[SWITCHES] F02_A_KITCHEN -> on (1 fixtures)
[SWITCHES] F02_A_PRIVATE_HALL -> off (1 fixtures)
[SWITCHES] F02_A_PRIVATE_HALL -> on (1 fixtures)
[SWITCHES] F02_A_BATH -> off (1 fixtures)
[SWITCHES] F02_A_BATH -> on (1 fixtures)
[SWITCHES] F02_A_BED -> off (1 fixtures)
[SWITCHES] F02_A_BED -> on (1 fixtures)
[SWITCHES] F02_B_VESTIBULE -> off (1 fixtures)
[SWITCHES] F02_B_VESTIBULE -> on (1 fixtures)
[SWITCHES] F02_B_MAIN -> off (1 fixtures)
[SWITCHES] F02_B_MAIN -> on (1 fixtures)
[SWITCHES] F02_B_KITCHEN -> off (1 fixtures)
[SWITCHES] F02_B_KITCHEN -> on (1 fixtures)
[SWITCHES] F02_B_BED -> off (1 fixtures)
[SWITCHES] F02_B_BED -> on (1 fixtures)
[SWITCHES] F02_B_PRIVATE_HALL -> off (1 fixtures)
[SWITCHES] F02_B_PRIVATE_HALL -> on (1 fixtures)
[SWITCHES] F02_B_BATH -> off (1 fixtures)
[SWITCHES] F02_B_BATH -> on (1 fixtures)
[SWITCHES] F03_B_VESTIBULE -> off (1 fixtures)
[SWITCHES] F03_B_VESTIBULE -> on (1 fixtures)
[SWITCHES] F03_B_PRIVATE_HALL -> off (1 fixtures)
[SWITCHES] F03_B_PRIVATE_HALL -> on (1 fixtures)
[SWITCHES] F04_B_VESTIBULE -> off (1 fixtures)
[SWITCHES] F04_B_VESTIBULE -> on (1 fixtures)
[SWITCHES] F04_B_ALCOVE_APPROACH -> off (1 fixtures)
[SWITCHES] F04_B_ALCOVE_APPROACH -> on (1 fixtures)
[SWITCHES] F03_A_MAIN -> off (1 fixtures)
[SWITCHES] F03_A_MAIN -> on (1 fixtures)
[SWITCHES] F03_A_VESTIBULE -> off (1 fixtures)
[SWITCHES] F03_A_VESTIBULE -> on (1 fixtures)
[SWITCHES] F03_A_KITCHEN -> off (1 fixtures)
[SWITCHES] F03_A_KITCHEN -> on (1 fixtures)
[SWITCHES] F03_A_PRIVATE_HALL -> off (1 fixtures)
[SWITCHES] F03_A_PRIVATE_HALL -> on (1 fixtures)
[SWITCHES] F03_A_BATH -> off (1 fixtures)
[SWITCHES] F03_A_BATH -> on (1 fixtures)
[SWITCHES] F03_A_BED -> off (1 fixtures)
[SWITCHES] F03_A_BED -> on (1 fixtures)
[SWITCHES] F04_A_VESTIBULE -> off (1 fixtures)
[SWITCHES] F04_A_VESTIBULE -> on (1 fixtures)
[SWITCHES] F04_A_MAIN -> off (1 fixtures)
[SWITCHES] F04_A_MAIN -> on (1 fixtures)
[SWITCHES] F04_A_KITCHEN -> off (1 fixtures)
[SWITCHES] F04_A_KITCHEN -> on (1 fixtures)
[SWITCHES] F04_A_BED -> off (1 fixtures)
[SWITCHES] F04_A_BED -> on (1 fixtures)
[SWITCHES] F04_A_PRIVATE_HALL -> off (1 fixtures)
[SWITCHES] F04_A_PRIVATE_HALL -> on (1 fixtures)
[SWITCHES] F04_A_BATH -> off (1 fixtures)
[SWITCHES] F04_A_BATH -> on (1 fixtures)
ORISON V2 BLOCKOUT: 200 spaces / 111 doors / 1414 anchors
[V2 FRONT COURT ROOF] three seated girders; retained roof slabs; mapped exterior concrete
[V2 BODEGA POWER] independent inlet; four existing fittings; 20 bearings
[SURFACE] 402 surfaces layered (261 materials)
[PASSAGE HOURS] OPEN; 10 grilles folded
[PASSAGE HOURS] 11 shopfronts, 10 close after 02:00, HARDWARE PAINT keeps night service
[PASSAGE FINISH] 6 gated draws, 3 handcarts, hours active
[V2 PASSAGE] 13 resident cells; 11 doors; 1 shared-service counters
[SURFACE] 215 surfaces layered (108 materials)
[HARUKIYA] 9 interactables placed
[ARCADE] 2 cabinet(s) from a catalog of 12: SOMETHING IN THE HALL (mystery_serial), OPERATIONS (farm_and_market)
[ARCADE] all of them are running arcade_pit
[V2 BAR] retained cell; 29 registered markers; 3 doors
[V2 FRONT FACADE] native entrance, original landmark hardware, glazed marquee and fitted blade
[SCHEDULE] director live: 18 residents on the clock
[MOVES] personal library: res://assets/characters/mina_vale/mina_vale_moves.glb
SOURCE PARAPET MATERIAL ROOF_PARAPET_EAST brick 
SOURCE PARAPET MATERIAL ROOF_PARAPET_NORTH brick 
SOURCE PARAPET MATERIAL ROOF_PARAPET_SOUTH brick 
SOURCE PARAPET MATERIAL ROOF_PARAPET_WEST brick 
[ORISON V2 RUNTIME] ready startup_ms=28954.370
[LIGHTING] 230 sources active in system; 230 full personalities; profiles steady/breathe/mains/beat/dropout=[56, 50, 45, 43, 36]
[HARUKIYA] CLOSED, 18 fixtures
[TOASTER] F02_2A_TOASTER_01 cycle start
[TOASTER] F02_2B_TOASTER_01 cycle start
[TOASTER] F03_3A_TOASTER_01 cycle start
[TOASTER] F03_3B_TOASTER_01 cycle start
[TOASTER] F04_4A_TOASTER_01 cycle start
[TOASTER] F04_B_TOASTER_01 cycle start
[TOASTER] F05_5A_TOASTER_01 cycle start
[TOASTER] F06_6A_TOASTER_01 cycle start
[TOASTER] F06_6B_TOASTER_01 cycle start
[TOASTER] F06_6C_TOASTER_01 cycle start
[TOASTER] F02_2A_TOASTER_01 pop (1 cycles)
[TOASTER] F02_2B_TOASTER_01 pop (1 cycles)
[TOASTER] F03_3A_TOASTER_01 pop (1 cycles)
[TOASTER] F03_3B_TOASTER_01 pop (1 cycles)
[TOASTER] F04_4A_TOASTER_01 pop (1 cycles)
[TOASTER] F04_B_TOASTER_01 pop (1 cycles)
[TOASTER] F05_5A_TOASTER_01 pop (1 cycles)
[TOASTER] F06_6A_TOASTER_01 pop (1 cycles)
[TOASTER] F06_6B_TOASTER_01 pop (1 cycles)
[TOASTER] F06_6C_TOASTER_01 pop (1 cycles)
[TOASTER] F02_2A_TOASTER_01 cycle start
[TOASTER] F02_2B_TOASTER_01 cycle start
[TOASTER] F03_3A_TOASTER_01 cycle start
[TOASTER] F03_3B_TOASTER_01 cycle start
[TOASTER] F04_4A_TOASTER_01 cycle start
[TOASTER] F04_B_TOASTER_01 cycle start
[TOASTER] F05_5A_TOASTER_01 cycle start
[TOASTER] F06_6A_TOASTER_01 cycle start
[TOASTER] F06_6B_TOASTER_01 cycle start
[TOASTER] F06_6C_TOASTER_01 cycle start
[SWITCHES] F02_A_MAIN -> off (1 fixtures)
[SWITCHES] F02_A_MAIN -> on (1 fixtures)
[SWITCHES] F03_B_MAIN -> off (1 fixtures)
[SWITCHES] F03_B_MAIN -> on (1 fixtures)
[SWITCHES] F03_B_KITCHEN -> off (1 fixtures)
[SWITCHES] F03_B_KITCHEN -> on (1 fixtures)
[SWITCHES] F03_B_ALCOVE -> off (1 fixtures)
[SWITCHES] F03_B_ALCOVE -> on (1 fixtures)
[SWITCHES] F03_B_BATH -> off (1 fixtures)
[SWITCHES] F03_B_BATH -> on (1 fixtures)
[SWITCHES] F04_B_ALCOVE -> off (1 fixtures)
[SWITCHES] F04_B_ALCOVE -> on (1 fixtures)
[SWITCHES] F04_B_MAIN -> off (1 fixtures)
[SWITCHES] F04_B_MAIN -> on (1 fixtures)
[SWITCHES] F04_B_BATH -> off (1 fixtures)
[SWITCHES] F04_B_BATH -> on (1 fixtures)
[SWITCHES] F04_B_KITCHEN -> off (1 fixtures)
[SWITCHES] F04_B_KITCHEN -> on (1 fixtures)
[SWITCHES] F04_B_PRIVATE_HALL -> off (1 fixtures)
[SWITCHES] F04_B_PRIVATE_HALL -> on (1 fixtures)
[SWITCHES] F04_B_CLOSET -> off (1 fixtures)
[SWITCHES] F04_B_CLOSET -> on (1 fixtures)
[SWITCHES] F02_A_VESTIBULE -> off (1 fixtures)
[SWITCHES] F02_A_VESTIBULE -> on (1 fixtures)
[SWITCHES] F02_A_KITCHEN -> off (1 fixtures)
[SWITCHES] F02_A_KITCHEN -> on (1 fixtures)
[SWITCHES] F02_A_PRIVATE_HALL -> off (1 fixtures)
[SWITCHES] F02_A_PRIVATE_HALL -> on (1 fixtures)
[SWITCHES] F02_A_BATH -> off (1 fixtures)
[SWITCHES] F02_A_BATH -> on (1 fixtures)
[SWITCHES] F02_A_BED -> off (1 fixtures)
[SWITCHES] F02_A_BED -> on (1 fixtures)
[SWITCHES] F02_B_VESTIBULE -> off (1 fixtures)
[SWITCHES] F02_B_VESTIBULE -> on (1 fixtures)
[SWITCHES] F02_B_MAIN -> off (1 fixtures)
[SWITCHES] F02_B_MAIN -> on (1 fixtures)
[SWITCHES] F02_B_KITCHEN -> off (1 fixtures)
[SWITCHES] F02_B_KITCHEN -> on (1 fixtures)
[SWITCHES] F02_B_BED -> off (1 fixtures)
[SWITCHES] F02_B_BED -> on (1 fixtures)
[SWITCHES] F02_B_PRIVATE_HALL -> off (1 fixtures)
[SWITCHES] F02_B_PRIVATE_HALL -> on (1 fixtures)
[SWITCHES] F02_B_BATH -> off (1 fixtures)
[SWITCHES] F02_B_BATH -> on (1 fixtures)
[SWITCHES] F03_B_VESTIBULE -> off (1 fixtures)
[SWITCHES] F03_B_VESTIBULE -> on (1 fixtures)
[SWITCHES] F03_B_PRIVATE_HALL -> off (1 fixtures)
[SWITCHES] F03_B_PRIVATE_HALL -> on (1 fixtures)
[SWITCHES] F04_B_VESTIBULE -> off (1 fixtures)
[SWITCHES] F04_B_VESTIBULE -> on (1 fixtures)
[SWITCHES] F04_B_ALCOVE_APPROACH -> off (1 fixtures)
[SWITCHES] F04_B_ALCOVE_APPROACH -> on (1 fixtures)
[SWITCHES] F03_A_MAIN -> off (1 fixtures)
[SWITCHES] F03_A_MAIN -> on (1 fixtures)
[SWITCHES] F03_A_VESTIBULE -> off (1 fixtures)
[SWITCHES] F03_A_VESTIBULE -> on (1 fixtures)
[SWITCHES] F03_A_KITCHEN -> off (1 fixtures)
[SWITCHES] F03_A_KITCHEN -> on (1 fixtures)
[SWITCHES] F03_A_PRIVATE_HALL -> off (1 fixtures)
[SWITCHES] F03_A_PRIVATE_HALL -> on (1 fixtures)
[SWITCHES] F03_A_BATH -> off (1 fixtures)
[SWITCHES] F03_A_BATH -> on (1 fixtures)
[SWITCHES] F03_A_BED -> off (1 fixtures)
[SWITCHES] F03_A_BED -> on (1 fixtures)
[SWITCHES] F04_A_VESTIBULE -> off (1 fixtures)
[SWITCHES] F04_A_VESTIBULE -> on (1 fixtures)
[SWITCHES] F04_A_MAIN -> off (1 fixtures)
[SWITCHES] F04_A_MAIN -> on (1 fixtures)
[SWITCHES] F04_A_KITCHEN -> off (1 fixtures)
[SWITCHES] F04_A_KITCHEN -> on (1 fixtures)
[SWITCHES] F04_A_BED -> off (1 fixtures)
[SWITCHES] F04_A_BED -> on (1 fixtures)
[SWITCHES] F04_A_PRIVATE_HALL -> off (1 fixtures)
[SWITCHES] F04_A_PRIVATE_HALL -> on (1 fixtures)
[SWITCHES] F04_A_BATH -> off (1 fixtures)
[SWITCHES] F04_A_BATH -> on (1 fixtures)
APARTMENT BATCH: 26885 checks, 194 failures
