APARTMENT BATCH: bounded fixed furniture collision: 2A_k_wall_cupboard
APARTMENT BATCH: bounded fixed furniture collision: 2B_k_wall_cupboard
APARTMENT BATCH: bounded fixed furniture collision: 3B_k_wall_cupboard
APARTMENT BATCH: bounded fixed furniture collision: 4B_wall_cupboard
APARTMENT BATCH: bounded fixed furniture collision: 2A_cof
APARTMENT BATCH: coffee table uses existing optical glass shader
APARTMENT BATCH: bounded fixed furniture collision: 4B_coffee
APARTMENT BATCH: coffee table uses existing optical glass shader
APARTMENT BATCH: bounded fixed furniture collision: 2A_pinboard
APARTMENT BATCH: all category material surfaces mounted
APARTMENT BATCH: wood has catalogue material: timber
APARTMENT BATCH: bounded fixed furniture collision: 2B_story_pattern_board
APARTMENT BATCH: wood has catalogue material: timber
APARTMENT BATCH: bounded fixed furniture collision: 3B_toolboard
APARTMENT BATCH: all category material surfaces mounted
APARTMENT BATCH: wood has catalogue material: plywood
APARTMENT BATCH: wood has catalogue material: timber
APARTMENT BATCH: bounded fixed furniture collision: 3B_partscrate
APARTMENT BATCH: wood has catalogue material: timber
APARTMENT BATCH: bounded fixed furniture collision: 3A_k_wall_cupboard
APARTMENT BATCH: bounded fixed furniture collision: 4A_k_wall_cupboard
APARTMENT BATCH: bounded fixed furniture collision: 6C_cof
APARTMENT BATCH: coffee table uses existing optical glass shader
APARTMENT BATCH: bounded fixed furniture collision: 5A_k_wall_cupboard
APARTMENT BATCH: bounded fixed furniture collision: 5B_k_wall_cupboard
APARTMENT BATCH: bounded fixed furniture collision: 5C_k_wall_cupboard
APARTMENT BATCH: bounded fixed furniture collision: 6A_k_wall_cupboard
APARTMENT BATCH: bounded fixed furniture collision: 6B_k_wall_cupboard
APARTMENT BATCH: bounded fixed furniture collision: 6C_k_wall_cupboard
APARTMENT BATCH: bounded fixed furniture collision: 5A_pins1
APARTMENT BATCH: all category material surfaces mounted
APARTMENT BATCH: wood has catalogue material: timber
APARTMENT BATCH: bounded fixed furniture collision: 5A_pins2
APARTMENT BATCH: all category material surfaces mounted
APARTMENT BATCH: wood has catalogue material: timber
APARTMENT BATCH: bounded fixed furniture collision: 5C_story_colorboard
APARTMENT BATCH: all category material surfaces mounted
APARTMENT BATCH: wood has catalogue material: timber
APARTMENT BATCH: bounded fixed furniture collision: 6A_gearcrate
APARTMENT BATCH: all category material surfaces mounted
APARTMENT BATCH: wood has catalogue material: timber
APARTMENT BATCH: all receiver parts have texture-backed materials
APARTMENT BATCH: all receiver parts have texture-backed materials
APARTMENT BATCH: all receiver parts have texture-backed materials
APARTMENT BATCH: all receiver parts have texture-backed materials
APARTMENT BATCH: all receiver parts have texture-backed materials
APARTMENT BATCH: all receiver parts have texture-backed materials
APARTMENT BATCH: all receiver parts have texture-backed materials
APARTMENT BATCH: all receiver parts have texture-backed materials
APARTMENT BATCH: all receiver parts have texture-backed materials
APARTMENT BATCH: all receiver parts have texture-backed materials
APARTMENT BATCH: all receiver parts have texture-backed materials
APARTMENT BATCH: all receiver parts have texture-backed materials
APARTMENT BATCH: all receiver parts have texture-backed materials
APARTMENT BATCH: all receiver parts have texture-backed materials
APARTMENT BATCH: all receiver parts have texture-backed materials
APARTMENT BATCH: all receiver parts have texture-backed materials
APARTMENT BATCH: all receiver parts have texture-backed materials
APARTMENT BATCH: all receiver parts have texture-backed materials
APARTMENT BATCH: all receiver parts have texture-backed materials
APARTMENT BATCH: all receiver parts have texture-backed materials
APARTMENT BATCH: all receiver parts have texture-backed materials
APARTMENT BATCH: all receiver parts have texture-backed materials
APARTMENT BATCH: all receiver parts have texture-backed materials
APARTMENT BATCH: all receiver parts have texture-backed materials
APARTMENT BATCH: all receiver parts have texture-backed materials
APARTMENT BATCH: all receiver parts have texture-backed materials
APARTMENT BATCH: all receiver parts have texture-backed materials
APARTMENT BATCH: all receiver parts have texture-backed materials
APARTMENT BATCH: all receiver parts have texture-backed materials
APARTMENT BATCH: all receiver parts have texture-backed materials
APARTMENT BATCH: all receiver parts have texture-backed materials
APARTMENT BATCH: all receiver parts have texture-backed materials
APARTMENT BATCH: all receiver parts have texture-backed materials
APARTMENT BATCH: all receiver parts have texture-backed materials
APARTMENT BATCH: all receiver parts have texture-backed materials
APARTMENT BATCH: all receiver parts have texture-backed materials
APARTMENT BATCH: all receiver parts have texture-backed materials
APARTMENT BATCH: all receiver parts have texture-backed materials
APARTMENT BATCH: all receiver parts have texture-backed materials
APARTMENT BATCH: all receiver parts have texture-backed materials
APARTMENT BATCH: all receiver parts have texture-backed materials
APARTMENT BATCH: all receiver parts have texture-backed materials
APARTMENT BATCH: all receiver parts have texture-backed materials
APARTMENT BATCH: all receiver parts have texture-backed materials
APARTMENT BATCH: all receiver parts have texture-backed materials
APARTMENT BATCH: all receiver parts have texture-backed materials
APARTMENT BATCH: all receiver parts have texture-backed materials
APARTMENT BATCH: all receiver parts have texture-backed materials
APARTMENT BATCH: all receiver parts have texture-backed materials
APARTMENT BATCH: all receiver parts have texture-backed materials
APARTMENT BATCH: plant surfaces have textures
APARTMENT BATCH: plant surfaces have textures
APARTMENT BATCH: plant surfaces have textures
APARTMENT BATCH: plant surfaces have textures
APARTMENT BATCH: plant surfaces have textures
APARTMENT BATCH: plant uses all four semantic materials
APARTMENT BATCH: bounded fixed furniture collision: 2A_k_wall_cupboard
APARTMENT BATCH: bounded fixed furniture collision: 2B_k_wall_cupboard
APARTMENT BATCH: bounded fixed furniture collision: 3B_k_wall_cupboard
APARTMENT BATCH: bounded fixed furniture collision: 4B_wall_cupboard
APARTMENT BATCH: bounded fixed furniture collision: 2A_cof
APARTMENT BATCH: coffee table uses existing optical glass shader
APARTMENT BATCH: bounded fixed furniture collision: 4B_coffee
APARTMENT BATCH: coffee table uses existing optical glass shader
APARTMENT BATCH: bounded fixed furniture collision: 2A_pinboard
APARTMENT BATCH: all category material surfaces mounted
APARTMENT BATCH: wood has catalogue material: timber
APARTMENT BATCH: bounded fixed furniture collision: 2B_story_pattern_board
APARTMENT BATCH: wood has catalogue material: timber
APARTMENT BATCH: bounded fixed furniture collision: 3B_toolboard
APARTMENT BATCH: all category material surfaces mounted
APARTMENT BATCH: wood has catalogue material: plywood
APARTMENT BATCH: wood has catalogue material: timber
APARTMENT BATCH: bounded fixed furniture collision: 3B_partscrate
APARTMENT BATCH: wood has catalogue material: timber
APARTMENT BATCH: bounded fixed furniture collision: 3A_k_wall_cupboard
APARTMENT BATCH: bounded fixed furniture collision: 4A_k_wall_cupboard
APARTMENT BATCH: bounded fixed furniture collision: 6C_cof
APARTMENT BATCH: coffee table uses existing optical glass shader
APARTMENT BATCH: bounded fixed furniture collision: 5A_k_wall_cupboard
APARTMENT BATCH: bounded fixed furniture collision: 5B_k_wall_cupboard
APARTMENT BATCH: bounded fixed furniture collision: 5C_k_wall_cupboard
APARTMENT BATCH: bounded fixed furniture collision: 6A_k_wall_cupboard
APARTMENT BATCH: bounded fixed furniture collision: 6B_k_wall_cupboard
APARTMENT BATCH: bounded fixed furniture collision: 6C_k_wall_cupboard
APARTMENT BATCH: bounded fixed furniture collision: 5A_pins1
APARTMENT BATCH: all category material surfaces mounted
APARTMENT BATCH: wood has catalogue material: timber
APARTMENT BATCH: bounded fixed furniture collision: 5A_pins2
APARTMENT BATCH: all category material surfaces mounted
APARTMENT BATCH: wood has catalogue material: timber
APARTMENT BATCH: bounded fixed furniture collision: 5C_story_colorboard
APARTMENT BATCH: all category material surfaces mounted
APARTMENT BATCH: wood has catalogue material: timber
APARTMENT BATCH: bounded fixed furniture collision: 6A_gearcrate
APARTMENT BATCH: all category material surfaces mounted
APARTMENT BATCH: wood has catalogue material: timber
APARTMENT BATCH: all receiver parts have texture-backed materials
APARTMENT BATCH: all receiver parts have texture-backed materials
APARTMENT BATCH: all receiver parts have texture-backed materials
APARTMENT BATCH: all receiver parts have texture-backed materials
APARTMENT BATCH: all receiver parts have texture-backed materials
APARTMENT BATCH: all receiver parts have texture-backed materials
APARTMENT BATCH: all receiver parts have texture-backed materials
APARTMENT BATCH: all receiver parts have texture-backed materials
APARTMENT BATCH: all receiver parts have texture-backed materials
APARTMENT BATCH: all receiver parts have texture-backed materials
APARTMENT BATCH: all receiver parts have texture-backed materials
APARTMENT BATCH: all receiver parts have texture-backed materials
APARTMENT BATCH: all receiver parts have texture-backed materials
APARTMENT BATCH: all receiver parts have texture-backed materials
APARTMENT BATCH: all receiver parts have texture-backed materials
APARTMENT BATCH: all receiver parts have texture-backed materials
APARTMENT BATCH: all receiver parts have texture-backed materials
APARTMENT BATCH: all receiver parts have texture-backed materials
APARTMENT BATCH: all receiver parts have texture-backed materials
APARTMENT BATCH: all receiver parts have texture-backed materials
APARTMENT BATCH: all receiver parts have texture-backed materials
APARTMENT BATCH: all receiver parts have texture-backed materials
APARTMENT BATCH: all receiver parts have texture-backed materials
APARTMENT BATCH: all receiver parts have texture-backed materials
APARTMENT BATCH: all receiver parts have texture-backed materials
APARTMENT BATCH: all receiver parts have texture-backed materials
APARTMENT BATCH: all receiver parts have texture-backed materials
APARTMENT BATCH: all receiver parts have texture-backed materials
APARTMENT BATCH: all receiver parts have texture-backed materials
APARTMENT BATCH: all receiver parts have texture-backed materials
APARTMENT BATCH: all receiver parts have texture-backed materials
APARTMENT BATCH: all receiver parts have texture-backed materials
APARTMENT BATCH: all receiver parts have texture-backed materials
APARTMENT BATCH: all receiver parts have texture-backed materials
APARTMENT BATCH: all receiver parts have texture-backed materials
APARTMENT BATCH: all receiver parts have texture-backed materials
APARTMENT BATCH: all receiver parts have texture-backed materials
APARTMENT BATCH: all receiver parts have texture-backed materials
APARTMENT BATCH: all receiver parts have texture-backed materials
APARTMENT BATCH: all receiver parts have texture-backed materials
APARTMENT BATCH: all receiver parts have texture-backed materials
APARTMENT BATCH: all receiver parts have texture-backed materials
APARTMENT BATCH: all receiver parts have texture-backed materials
APARTMENT BATCH: all receiver parts have texture-backed materials
APARTMENT BATCH: all receiver parts have texture-backed materials
APARTMENT BATCH: all receiver parts have texture-backed materials
APARTMENT BATCH: all receiver parts have texture-backed materials
APARTMENT BATCH: all receiver parts have texture-backed materials
APARTMENT BATCH: all receiver parts have texture-backed materials
APARTMENT BATCH: all receiver parts have texture-backed materials
APARTMENT BATCH: plant surfaces have textures
APARTMENT BATCH: plant surfaces have textures
APARTMENT BATCH: plant surfaces have textures
APARTMENT BATCH: plant surfaces have textures
APARTMENT BATCH: plant surfaces have textures
APARTMENT BATCH: plant uses all four semantic materials
