Godot Engine v4.7.1.stable.official.a13da4feb - https://godotengine.org
Vulkan 1.4.341 - Forward+ - Using Device #0: NVIDIA - NVIDIA GeForce RTX 4080

[ACOUSTIC] 550 nodes loaded
ORISON V2 BLOCKOUT: 136 spaces / 65 doors / 561 anchors
[SURFACE] 323 surfaces layered (296 materials)
[PASSAGE HOURS] OPEN; 10 grilles folded
[PASSAGE HOURS] 11 shopfronts, 10 close after 02:00, HARDWARE PAINT keeps night service
[PASSAGE FINISH] 6 gated draws, 3 handcarts, hours active
[V2 PASSAGE] 13 resident cells; 11 doors; 1 shared-service counters
[SCHEDULE] director live: 18 residents on the clock
[MOVES] personal library: res://assets/characters/mina_vale/mina_vale_moves.glb
[ORISON V2 RUNTIME] ready startup_ms=8942.667
ORISON V2 BLOCKOUT: 136 spaces / 65 doors / 561 anchors
[SURFACE] 323 surfaces layered (296 materials)
[PASSAGE HOURS] OPEN; 10 grilles folded
[PASSAGE HOURS] 11 shopfronts, 10 close after 02:00, HARDWARE PAINT keeps night service
[PASSAGE FINISH] 6 gated draws, 3 handcarts, hours active
[V2 PASSAGE] 13 resident cells; 11 doors; 1 shared-service counters
[SCHEDULE] director live: 18 residents on the clock
[MOVES] personal library: res://assets/characters/mina_vale/mina_vale_moves.glb
[ORISON V2 RUNTIME] ready startup_ms=7394.899
[LIGHTING] 91 sources active in system; 91 full personalities; profiles steady/breathe/mains/beat/dropout=[17, 16, 19, 23, 16]
HOUSEHOLD PANEL 2A_prep_cabinet transform=[X: (-1.0, 0.0, -0.0), Y: (0.0, 1.0, 0.0), Z: (0.0, 0.0, -1.0), O: (-14.2, -3.2, 3.499999)]
HOUSEHOLD PANEL 2B_prep_cabinet transform=[X: (-1.0, 0.0, -0.0), Y: (0.0, 1.0, 0.0), Z: (0.0, 0.0, -1.0), O: (11.85, -3.2, -7.999999)]
HOUSEHOLD PANEL 3A_prep_cabinet transform=[X: (-1.0, 0.0, -0.0), Y: (0.0, 1.0, 0.0), Z: (0.0, 0.0, -1.0), O: (-14.2, -6.4, 3.499999)]
HOUSEHOLD PANEL 3B_prep_cabinet transform=[X: (-1.0, 0.0, -0.0), Y: (0.0, 1.0, 0.0), Z: (0.0, 0.0, -1.0), O: (11.3, -6.4, -7.689999)]
HOUSEHOLD PANEL 4A_prep_cabinet transform=[X: (-1.0, 0.0, -0.0), Y: (0.0, 1.0, 0.0), Z: (0.0, 0.0, -1.0), O: (11.85, -9.6, -7.999999)]
HOUSEHOLD PANEL 4B_prep_cabinet transform=[X: (-1.0, 0.0, -0.0), Y: (0.0, 1.0, 0.0), Z: (0.0, 0.0, -1.0), O: (-14.45, -9.6, 3.819999)]
HOUSEHOLD STATE: 42 checks, 6 failures
