Godot Engine v4.7.1.stable.official.a13da4feb - https://godotengine.org
Vulkan 1.4.341 - Forward+ - Using Device #0: NVIDIA - NVIDIA GeForce RTX 4080

[ACOUSTIC] 550 nodes loaded
ORISON V2 BLOCKOUT: 136 spaces / 65 doors / 561 anchors
[SURFACE] 323 surfaces layered (296 materials)
[PASSAGE HOURS] OPEN; 10 grilles folded
[PASSAGE HOURS] 11 shopfronts, 10 close after 02:00, HARDWARE PAINT keeps night service
[PASSAGE FINISH] 6 gated draws, 3 handcarts, hours active
[V2 PASSAGE] 13 resident cells; 11 doors; 1 shared-service counters
[SCHEDULE] director live: 18 residents on the clock
[MOVES] personal library: res://assets/characters/mina_vale/mina_vale_moves.glb
[ORISON V2 RUNTIME] ready startup_ms=8929.757
HOUSEHOLD DISK EXPECTED {"records":{"2A_prep_cabinet":{"kind":"prep","value":true},"2B_prep_cabinet":{"kind":"prep","value":true},"3A_prep_cabinet":{"kind":"prep","value":true},"3B_LT_SCONCE":{"kind":"light","value":false},"3B_prep_cabinet":{"kind":"prep","value":true},"4A_prep_cabinet":{"kind":"prep","value":true},"4B_prep_cabinet":{"kind":"prep","value":true},"B1_LAUNDRY_LT_FLUSH_DOME":{"kind":"light","value":false},"F02_2A_MIRROR_01":{"kind":"mirror","value":true},"F02_2B_MIRROR_01":{"kind":"mirror","value":true},"F02_A_BATH_LT_FLUSH_DOME":{"kind":"light","value":false},"F02_A_BED_LT_FLUSH_DOME":{"kind":"light","value":false},"F02_A_KITCHEN_LT_FLUSH_DOME":{"kind":"light","value":false},"F02_A_MAIN_LT_PENDANT_SHADE":{"kind":"light","value":false},"F02_A_PRIVATE_HALL_LT_FLUSH_DOME":{"kind":"light","value":false},"F02_A_RADIATOR_01":{"kind":"radiator","value":0.35},"F02_A_VESTIBULE_LT_FLUSH_DOME":{"kind":"light","value":false},"F02_B_BATH_LT_FLUSH_DOME":{"kind":"light","value":false},"F02_B_BED_LT_FLUSH_DOME":{"kind":"light","value":false},"F02_B_KITCHEN_LT_FLUSH_DOME":{"kind":"light","value":false},"F02_B_MAIN_LT_PENDANT_SHADE":{"kind":"light","value":false},"F02_B_PRIVATE_HALL_LT_FLUSH_DOME":{"kind":"light","value":false},"F02_B_VESTIBULE_LT_FLUSH_DOME":{"kind":"light","value":false},"F03_3A_MIRROR_01":{"kind":"mirror","value":true},"F03_3B_MIRROR_01":{"kind":"mirror","value":true},"F03_A_BATH_LT_FLUSH_DOME":{"kind":"light","value":false},"F03_A_BED_LT_FLUSH_DOME":{"kind":"light","value":false},"F03_A_KITCHEN_LT_FLUSH_DOME":{"kind":"light","value":false},"F03_A_MAIN_LT_PENDANT_SHADE":{"kind":"light","value":false},"F03_A_PRIVATE_HALL_LT_FLUSH_DOME":{"kind":"light","value":false},"F03_A_RADIATOR_01":{"kind":"radiator","value":0.35},"F03_A_VESTIBULE_LT_FLUSH_DOME":{"kind":"light","value":false},"F03_B_ALCOVE_LT_FLUSH_DOME":{"kind":"light","value":false},"F03_B_KITCHEN_LT_KITCHEN_LINEAR":{"kind":"light","value":false},"F03_B_MAIN_LT_PENDANT_SHADE":{"kind":"light","value":false},"F03_B_PRIVATE_HALL_LT_FLUSH_DOME":{"kind":"light","value":false},"F03_B_RADIATOR_01":{"kind":"radiator","value":0.35},"F03_B_VESTIBULE_LT_FLUSH_DOME":{"kind":"light","value":false},"F04_4A_MIRROR_01":{"kind":"mirror","value":true},"F04_4B_MIRROR_01":{"kind":"mirror","value":true},"F04_A_BATH_LT_FLUSH_DOME":{"kind":"light","value":false},"F04_A_BED_LT_FLUSH_DOME":{"kind":"light","value":false},"F04_A_KITCHEN_LT_FLUSH_DOME":{"kind":"light","value":false},"F04_A_MAIN_LT_PENDANT_SHADE":{"kind":"light","value":false},"F04_A_PRIVATE_HALL_LT_FLUSH_DOME":{"kind":"light","value":false},"F04_A_RADIATOR_01":{"kind":"radiator","value":0.35},"F04_A_VESTIBULE_LT_FLUSH_DOME":{"kind":"light","value":false},"F04_B_ALCOVE_APPROACH_LT_FLUSH_DOME":{"kind":"light","value":false},"F04_B_ALCOVE_LT_FLUSH_DOME":{"kind":"light","value":false},"F04_B_BATH_LT_FLUSH_DOME":{"kind":"light","value":false},"F04_B_CLOSET_LT_FLUSH_DOME":{"kind":"light","value":false},"F04_B_KITCHEN_LT_FLUSH_DOME":{"kind":"light","value":false},"F04_B_MAIN_LT_PENDANT_SHADE":{"kind":"light","value":false},"F04_B_PRIVATE_HALL_LT_FLUSH_DOME":{"kind":"light","value":false},"F04_B_RADIATOR_01":{"kind":"radiator","value":0.35},"F04_B_VESTIBULE_LT_FLUSH_DOME":{"kind":"light","value":false}},"schema_version":1}
HOUSEHOLD DISK ACTUAL {"records":{"2A_prep_cabinet":{"kind":"prep","value":true},"2B_prep_cabinet":{"kind":"prep","value":true},"3A_prep_cabinet":{"kind":"prep","value":true},"3B_LT_SCONCE":{"kind":"light","value":false},"3B_prep_cabinet":{"kind":"prep","value":true},"4A_prep_cabinet":{"kind":"prep","value":true},"4B_prep_cabinet":{"kind":"prep","value":true},"B1_LAUNDRY_LT_FLUSH_DOME":{"kind":"light","value":false},"F02_2A_MIRROR_01":{"kind":"mirror","value":true},"F02_2B_MIRROR_01":{"kind":"mirror","value":true},"F02_A_BATH_LT_FLUSH_DOME":{"kind":"light","value":false},"F02_A_BED_LT_FLUSH_DOME":{"kind":"light","value":false},"F02_A_KITCHEN_LT_FLUSH_DOME":{"kind":"light","value":false},"F02_A_MAIN_LT_PENDANT_SHADE":{"kind":"light","value":false},"F02_A_PRIVATE_HALL_LT_FLUSH_DOME":{"kind":"light","value":false},"F02_A_RADIATOR_01":{"kind":"radiator","value":0.35},"F02_A_VESTIBULE_LT_FLUSH_DOME":{"kind":"light","value":false},"F02_B_BATH_LT_FLUSH_DOME":{"kind":"light","value":false},"F02_B_BED_LT_FLUSH_DOME":{"kind":"light","value":false},"F02_B_KITCHEN_LT_FLUSH_DOME":{"kind":"light","value":false},"F02_B_MAIN_LT_PENDANT_SHADE":{"kind":"light","value":false},"F02_B_PRIVATE_HALL_LT_FLUSH_DOME":{"kind":"light","value":false},"F02_B_VESTIBULE_LT_FLUSH_DOME":{"kind":"light","value":false},"F03_3A_MIRROR_01":{"kind":"mirror","value":true},"F03_3B_MIRROR_01":{"kind":"mirror","value":true},"F03_A_BATH_LT_FLUSH_DOME":{"kind":"light","value":false},"F03_A_BED_LT_FLUSH_DOME":{"kind":"light","value":false},"F03_A_KITCHEN_LT_FLUSH_DOME":{"kind":"light","value":false},"F03_A_MAIN_LT_PENDANT_SHADE":{"kind":"light","value":false},"F03_A_PRIVATE_HALL_LT_FLUSH_DOME":{"kind":"light","value":false},"F03_A_RADIATOR_01":{"kind":"radiator","value":0.35},"F03_A_VESTIBULE_LT_FLUSH_DOME":{"kind":"light","value":false},"F03_B_ALCOVE_LT_FLUSH_DOME":{"kind":"light","value":false},"F03_B_KITCHEN_LT_KITCHEN_LINEAR":{"kind":"light","value":false},"F03_B_MAIN_LT_PENDANT_SHADE":{"kind":"light","value":false},"F03_B_PRIVATE_HALL_LT_FLUSH_DOME":{"kind":"light","value":false},"F03_B_RADIATOR_01":{"kind":"radiator","value":0.35},"F03_B_VESTIBULE_LT_FLUSH_DOME":{"kind":"light","value":false},"F04_4A_MIRROR_01":{"kind":"mirror","value":true},"F04_4B_MIRROR_01":{"kind":"mirror","value":true},"F04_A_BATH_LT_FLUSH_DOME":{"kind":"light","value":false},"F04_A_BED_LT_FLUSH_DOME":{"kind":"light","value":false},"F04_A_KITCHEN_LT_FLUSH_DOME":{"kind":"light","value":false},"F04_A_MAIN_LT_PENDANT_SHADE":{"kind":"light","value":false},"F04_A_PRIVATE_HALL_LT_FLUSH_DOME":{"kind":"light","value":false},"F04_A_RADIATOR_01":{"kind":"radiator","value":0.35},"F04_A_VESTIBULE_LT_FLUSH_DOME":{"kind":"light","value":false},"F04_B_ALCOVE_APPROACH_LT_FLUSH_DOME":{"kind":"light","value":false},"F04_B_ALCOVE_LT_FLUSH_DOME":{"kind":"light","value":false},"F04_B_BATH_LT_FLUSH_DOME":{"kind":"light","value":false},"F04_B_CLOSET_LT_FLUSH_DOME":{"kind":"light","value":false},"F04_B_KITCHEN_LT_FLUSH_DOME":{"kind":"light","value":false},"F04_B_MAIN_LT_PENDANT_SHADE":{"kind":"light","value":false},"F04_B_PRIVATE_HALL_LT_FLUSH_DOME":{"kind":"light","value":false},"F04_B_RADIATOR_01":{"kind":"radiator","value":0.35},"F04_B_VESTIBULE_LT_FLUSH_DOME":{"kind":"light","value":false}},"schema_version":1.0}
ORISON V2 BLOCKOUT: 136 spaces / 65 doors / 561 anchors
[SURFACE] 323 surfaces layered (296 materials)
[PASSAGE HOURS] OPEN; 10 grilles folded
[PASSAGE HOURS] 11 shopfronts, 10 close after 02:00, HARDWARE PAINT keeps night service
[PASSAGE FINISH] 6 gated draws, 3 handcarts, hours active
[V2 PASSAGE] 13 resident cells; 11 doors; 1 shared-service counters
[SCHEDULE] director live: 18 residents on the clock
[MOVES] personal library: res://assets/characters/mina_vale/mina_vale_moves.glb
[ORISON V2 RUNTIME] ready startup_ms=7398.891
HOUSEHOLD PANEL 2A_prep_cabinet open=true x=-14.1999998092651
HOUSEHOLD PANEL 2B_prep_cabinet open=true x=11.850001335144
HOUSEHOLD PANEL 3A_prep_cabinet open=true x=-14.1999998092651
HOUSEHOLD PANEL 3B_prep_cabinet open=true x=11.3000011444092
HOUSEHOLD PANEL 4A_prep_cabinet open=true x=11.850001335144
HOUSEHOLD PANEL 4B_prep_cabinet open=true x=-14.4499998092651
HOUSEHOLD STATE: 38 checks, 7 failures
