ERROR: No loader found for resource: res://assets/building/orison_v2/passage/passage.gltf (expected type: unknown)
   at: _load (core/io/resource_loader.cpp:332)
   GDScript backtrace (most recent call first):
       [0] _mount_scene (res://scripts/building/orison_v2_passage_region.gd:81)
       [1] _ready (res://scripts/building/orison_v2_passage_region.gd:63)
       [2] _compose_exterior (res://scripts/building/orison_v2_runtime_root.gd:376)
       [3] _compose_authorities (res://scripts/building/orison_v2_runtime_root.gd:215)
       [4] _ready (res://scripts/building/orison_v2_runtime_root.gd:129)
       [5] _ready (res://tests/orison_v2_upper_floors_test.gd:21)
ERROR: V2 PASSAGE: missing imported cell: passage
   at: push_error (core/variant/variant_utility.cpp:1023)
   GDScript backtrace (most recent call first):
       [0] _fail (res://scripts/building/orison_v2_passage_region.gd:238)
       [1] _mount_scene (res://scripts/building/orison_v2_passage_region.gd:83)
       [2] _ready (res://scripts/building/orison_v2_passage_region.gd:63)
       [3] _compose_exterior (res://scripts/building/orison_v2_runtime_root.gd:376)
       [4] _compose_authorities (res://scripts/building/orison_v2_runtime_root.gd:215)
       [5] _ready (res://scripts/building/orison_v2_runtime_root.gd:129)
       [6] _ready (res://tests/orison_v2_upper_floors_test.gd:21)
ERROR: ORISON V2 RUNTIME: exterior composition failed
   at: push_error (core/variant/variant_utility.cpp:1023)
   GDScript backtrace (most recent call first):
       [0] _compose_authorities (res://scripts/building/orison_v2_runtime_root.gd:217)
       [1] _ready (res://scripts/building/orison_v2_runtime_root.gd:129)
       [2] _ready (res://tests/orison_v2_upper_floors_test.gd:21)
UPPER FLOORS: full runtime with both upper floors starts
