00:00.047  reports          | WARNING Unable to open 'C:\Users\nate_\AppData\Roaming\Blender Foundation\Blender\5.2\config\userpref.blend': Permission denied
Blender 5.2.0 LTS (hash fbe6228777e7 built 2026-07-14 01:35:40)
00:01.547  blend            | Read blend: "C:\PleaseRemainOnTheLine\tmp\v2-finish-review\radio-stock-stage\art\blender\radio_stock.blend"
C:\PleaseRemainOnTheLine\tmp\v2-finish-review\radio-stock-stage\art\blender\scripts\inspect_radio_stock.py:53: DeprecationWarning: 'World.use_nodes' is expected to be removed in Blender 6.0
  scene.world=bpy.data.worlds.new('Inspection');scene.world.use_nodes=True;scene.world.node_tree.nodes['Background'].inputs[0].default_value=(.5,.55,.6,1);scene.world.node_tree.nodes['Background'].inputs[1].default_value=.7
08:58:03 | INFO: Data are loaded, start creating Blender stuff
08:58:03 | INFO: Blender create Mesh node F01_OWN_SHOP_RADIO_SERVICE_retail_shop_radio_service_appliance-col
08:58:03 | INFO: Blender create Mesh node F01_OWN_SHOP_RADIO_SERVICE_retail_shop_radio_service_awning_vinyl-col
08:58:03 | INFO: Blender create Mesh node F01_OWN_SHOP_RADIO_SERVICE_retail_shop_radio_service_bakelite
08:58:03 | INFO: Blender create Mesh node F01_OWN_SHOP_RADIO_SERVICE_retail_shop_radio_service_bakelite_black
08:58:03 | INFO: Blender create Mesh node F01_OWN_SHOP_RADIO_SERVICE_retail_shop_radio_service_bakelite_black-col
08:58:03 | INFO: Blender create Mesh node F01_OWN_SHOP_RADIO_SERVICE_retail_shop_radio_service_brass
08:58:03 | INFO: Blender create Mesh node F01_OWN_SHOP_RADIO_SERVICE_retail_shop_radio_service_brass_bright-col
08:58:03 | INFO: Blender create Mesh node F01_OWN_SHOP_RADIO_SERVICE_retail_shop_radio_service_brass_dull-col
08:58:03 | INFO: Blender create Mesh node F01_OWN_SHOP_RADIO_SERVICE_retail_shop_radio_service_cast_iron-col
08:58:03 | INFO: Blender create Mesh node F01_OWN_SHOP_RADIO_SERVICE_retail_shop_radio_service_chrome
08:58:03 | INFO: Blender create Mesh node F01_OWN_SHOP_RADIO_SERVICE_retail_shop_radio_service_concrete-col
08:58:03 | INFO: Blender create Mesh node F01_OWN_SHOP_RADIO_SERVICE_retail_shop_radio_service_copper_aged-col
08:58:03 | INFO: Blender create Mesh node F01_OWN_SHOP_RADIO_SERVICE_retail_shop_radio_service_countertop-col
08:58:03 | INFO: Blender create Mesh node F01_OWN_SHOP_RADIO_SERVICE_retail_shop_radio_service_enamel
08:58:03 | INFO: Blender create Mesh node F01_OWN_SHOP_RADIO_SERVICE_retail_shop_radio_service_fabric_warm-col
08:58:03 | INFO: Blender create Mesh node F01_OWN_SHOP_RADIO_SERVICE_retail_shop_radio_service_fx_shadow
08:58:03 | INFO: Blender create Mesh node F01_OWN_SHOP_RADIO_SERVICE_retail_shop_radio_service_glassish-col
08:58:03 | INFO: Blender create Mesh node F01_OWN_SHOP_RADIO_SERVICE_retail_shop_radio_service_hull-colonly
08:58:03 | INFO: Blender create Mesh node F01_OWN_SHOP_RADIO_SERVICE_retail_shop_radio_service_linoleum-col
08:58:03 | INFO: Blender create Mesh node F01_OWN_SHOP_RADIO_SERVICE_retail_shop_radio_service_metal-col
08:58:03 | INFO: Blender create Mesh node F01_OWN_SHOP_RADIO_SERVICE_retail_shop_radio_service_milk_glass
08:58:03 | INFO: Blender create Mesh node F01_OWN_SHOP_RADIO_SERVICE_retail_shop_radio_service_milk_glass-col
08:58:03 | INFO: Blender create Mesh node F01_OWN_SHOP_RADIO_SERVICE_retail_shop_radio_service_nickel_plated-col
08:58:03 | INFO: Blender create Mesh node F01_OWN_SHOP_RADIO_SERVICE_retail_shop_radio_service_paper-col
08:58:03 | INFO: Blender create Mesh node F01_OWN_SHOP_RADIO_SERVICE_retail_shop_radio_service_plaster-col
08:58:03 | INFO: Blender create Mesh node F01_OWN_SHOP_RADIO_SERVICE_retail_shop_radio_service_plaster_stained-col
08:58:03 | INFO: Blender create Mesh node F01_OWN_SHOP_RADIO_SERVICE_retail_shop_radio_service_plywood-col
08:58:03 | INFO: Blender create Mesh node F01_OWN_SHOP_RADIO_SERVICE_retail_shop_radio_service_screen
08:58:03 | INFO: Blender create Mesh node F01_OWN_SHOP_RADIO_SERVICE_retail_shop_radio_service_screen-col
08:58:03 | INFO: Blender create Mesh node F01_OWN_SHOP_RADIO_SERVICE_retail_shop_radio_service_stairwell_teal-col
08:58:03 | INFO: Blender create Mesh node F01_OWN_SHOP_RADIO_SERVICE_retail_shop_radio_service_terracotta
08:58:03 | INFO: Blender create Mesh node F01_OWN_SHOP_RADIO_SERVICE_retail_shop_radio_service_timber-col
08:58:03 | INFO: Blender create Mesh node F01_OWN_SHOP_RADIO_SERVICE_retail_shop_radio_service_trim-col
08:58:03 | INFO: Blender create Mesh node F01_OWN_SHOP_RADIO_SERVICE_retail_shop_radio_service_wainscot-col
08:58:03 | INFO: Blender create Mesh node F01_OWN_SHOP_RADIO_SERVICE_retail_shop_radio_service_wood_dark-col
08:58:03 | INFO: Blender create Mesh node F01_OWN_SHOP_RADIO_SERVICE_wear_fx_scuff
08:58:03 | INFO: glTF import finished in 0.12s
00:03.813  render           | Saved: 'C:\PleaseRemainOnTheLine\tmp\v2-finish-review\radio-stock-native\rack_front.png'
00:05.375  render           | Saved: 'C:\PleaseRemainOnTheLine\tmp\v2-finish-review\radio-stock-native\rack_rear.png'
00:06.844  render           | Saved: 'C:\PleaseRemainOnTheLine\tmp\v2-finish-review\radio-stock-native\rack_left.png'
00:08.281  render           | Saved: 'C:\PleaseRemainOnTheLine\tmp\v2-finish-review\radio-stock-native\rack_right.png'
00:10.625  render           | Saved: 'C:\PleaseRemainOnTheLine\tmp\v2-finish-review\radio-stock-native\low_valves.png'
00:12.938  render           | Saved: 'C:\PleaseRemainOnTheLine\tmp\v2-finish-review\radio-stock-native\upper_valves.png'
00:15.156  render           | Saved: 'C:\PleaseRemainOnTheLine\tmp\v2-finish-review\radio-stock-native\left_valve_bearing.png'
00:17.219  render           | Saved: 'C:\PleaseRemainOnTheLine\tmp\v2-finish-review\radio-stock-native\worked_empty_shelf.png'
00:18.610  render           | Saved: 'C:\PleaseRemainOnTheLine\tmp\v2-finish-review\radio-stock-native\floor_feet.png'
00:20.500  render           | Saved: 'C:\PleaseRemainOnTheLine\tmp\v2-finish-review\radio-stock-native\under_shelf_cleats.png'
RADIO STOCK NATIVE QA 56 closed connected stocks; 1 joined assembly; 6 retained owner contacts; 10 views

Blender quit
