00:00.047  reports          | WARNING Unable to open 'C:\Users\nate_\AppData\Roaming\Blender Foundation\Blender\5.2\config\userpref.blend': Permission denied
Blender 5.2.0 LTS (hash fbe6228777e7 built 2026-07-14 01:35:40)
C:\PleaseRemainOnTheLine\tmp\v2-finish-review\radio-stock-stage\art\blender\scripts\build_radio_stock.py:48: DeprecationWarning: 'Material.use_nodes' is expected to be removed in Blender 6.0
  mat=bpy.data.materials.new(key);mat.use_nodes=True;materials[key]=mat
Extensions: writing cache failed ([WinError 183] Cannot create a file when that file already exists: 'C:\\Users\\nate_\\AppData\\Roaming\\Blender Foundation\\Blender\\5.2\\extensions\\.cache').
Info: Saved as "radio_stock.blend"
INFO Draco is available, use library at C:\Program Files\Blender Foundation\Blender 5.2\5.2\scripts\addons_core\io_scene_gltf2\bf_intern_draco_bridge.dll
INFO MeshOptimizer is available, use library at C:\Program Files\Blender Foundation\Blender 5.2\5.2\scripts\addons_core\io_scene_gltf2\bf_intern_meshopt_bridge.dll
08:58:00 | INFO: Starting glTF 2.0 export
08:58:00 | INFO: Extracting primitive: storm_shop_radio_service_valve_sh0__milk_glass__valve0
08:58:00 | INFO: Primitives created: 1
08:58:00 | INFO: Extracting primitive: storm_shop_radio_service_valve_sh0__milk_glass__valve1
08:58:00 | INFO: Primitives created: 1
08:58:00 | INFO: Extracting primitive: storm_shop_radio_service_valve_sh0__milk_glass__valve2
08:58:00 | INFO: Primitives created: 1
08:58:00 | INFO: Extracting primitive: storm_shop_radio_service_valve_sh0__milk_glass__valve3
08:58:00 | INFO: Primitives created: 1
08:58:00 | INFO: Extracting primitive: storm_shop_radio_service_valve_sh0__milk_glass__valve4
08:58:00 | INFO: Primitives created: 1
08:58:00 | INFO: Extracting primitive: storm_shop_radio_service_valve_sh0__milk_glass__valve5
08:58:00 | INFO: Primitives created: 1
08:58:00 | INFO: Extracting primitive: storm_shop_radio_service_valve_sh0__milk_glass__valve6
08:58:00 | INFO: Primitives created: 1
08:58:00 | INFO: Extracting primitive: storm_shop_radio_service_valve_sh0__milk_glass__valve7
08:58:00 | INFO: Primitives created: 1
08:58:00 | INFO: Extracting primitive: storm_shop_radio_service_valve_sh0__milk_glass__valve8
08:58:00 | INFO: Primitives created: 1
08:58:00 | INFO: Extracting primitive: storm_shop_radio_service_valve_sh0__milk_glass__valve9
08:58:00 | INFO: Primitives created: 1
08:58:00 | INFO: Extracting primitive: storm_shop_radio_service_valve_sh0__milk_glass__valve10
08:58:00 | INFO: Primitives created: 1
08:58:00 | INFO: Extracting primitive: storm_shop_radio_service_valve_sh0__milk_glass__valve11
08:58:00 | INFO: Primitives created: 1
08:58:00 | INFO: Extracting primitive: storm_shop_radio_service_valve_sh0__milk_glass__valve12
08:58:00 | INFO: Primitives created: 1
08:58:00 | INFO: Extracting primitive: storm_shop_radio_service_valve_sh0__milk_glass__valve13
08:58:00 | INFO: Primitives created: 1
08:58:00 | INFO: Extracting primitive: storm_shop_radio_service_valve_sh0__timber
08:58:00 | INFO: Primitives created: 1
08:58:00 | INFO: Extracting primitive: storm_shop_radio_service_valve_sh0__valve_base__valve0
08:58:00 | INFO: Primitives created: 1
08:58:00 | INFO: Extracting primitive: storm_shop_radio_service_valve_sh0__valve_base__valve1
08:58:00 | INFO: Primitives created: 1
08:58:00 | INFO: Extracting primitive: storm_shop_radio_service_valve_sh0__valve_base__valve2
08:58:00 | INFO: Primitives created: 1
08:58:00 | INFO: Extracting primitive: storm_shop_radio_service_valve_sh0__valve_base__valve3
08:58:00 | INFO: Primitives created: 1
08:58:00 | INFO: Extracting primitive: storm_shop_radio_service_valve_sh0__valve_base__valve4
08:58:00 | INFO: Primitives created: 1
08:58:00 | INFO: Extracting primitive: storm_shop_radio_service_valve_sh0__valve_base__valve5
08:58:00 | INFO: Primitives created: 1
08:58:00 | INFO: Extracting primitive: storm_shop_radio_service_valve_sh0__valve_base__valve6
08:58:00 | INFO: Primitives created: 1
08:58:00 | INFO: Extracting primitive: storm_shop_radio_service_valve_sh0__valve_base__valve7
08:58:00 | INFO: Primitives created: 1
08:58:00 | INFO: Extracting primitive: storm_shop_radio_service_valve_sh0__valve_base__valve8
08:58:00 | INFO: Primitives created: 1
08:58:00 | INFO: Extracting primitive: storm_shop_radio_service_valve_sh0__valve_base__valve9
08:58:00 | INFO: Primitives created: 1
08:58:00 | INFO: Extracting primitive: storm_shop_radio_service_valve_sh0__valve_base__valve10
08:58:00 | INFO: Primitives created: 1
08:58:00 | INFO: Extracting primitive: storm_shop_radio_service_valve_sh0__valve_base__valve11
08:58:00 | INFO: Primitives created: 1
08:58:00 | INFO: Extracting primitive: storm_shop_radio_service_valve_sh0__valve_base__valve12
08:58:00 | INFO: Primitives created: 1
08:58:00 | INFO: Extracting primitive: storm_shop_radio_service_valve_sh0__valve_base__valve13
08:58:00 | INFO: Primitives created: 1
08:58:00 | INFO: Finished glTF 2.0 export in 0.07725644111633301 s

RADIO STOCK 18 original records; 1 assemblies; 56 closed stocks; 29 parts; 25312 triangles; 6 floor/instrument contacts

Blender quit
