Godot Engine v4.7.1.stable.official.a13da4feb - https://godotengine.org
Vulkan 1.4.341 - Forward+ - Using Device #0: NVIDIA - NVIDIA GeForce RTX 4080

[ACOUSTIC] 550 nodes loaded
[V2 UPPER LIGHTING TIMING] stage=setup elapsed=0.000 remaining=54.000
[V2 UPPER LIGHTING BUDGET] stage=setup outstanding=15 reserve=7.250 slack=46.747
ORISON V2 BLOCKOUT: 136 spaces / 65 doors / 687 anchors
[SURFACE] 323 surfaces layered (296 materials)
[PASSAGE HOURS] OPEN; 10 grilles folded
[PASSAGE HOURS] 11 shopfronts, 10 close after 02:00, HARDWARE PAINT keeps night service
[PASSAGE FINISH] 6 gated draws, 3 handcarts, hours active
[V2 PASSAGE] 13 resident cells; 11 doors; 1 shared-service counters
[SCHEDULE] director live: 18 residents on the clock
[MOVES] personal library: res://assets/characters/mina_vale/mina_vale_moves.glb
[ORISON V2 RUNTIME] ready startup_ms=8801.977
[SWITCHES] F05_A_MAIN -> off (1 fixtures)
[LIGHTING] 133 sources active in system; 133 full personalities; profiles steady/breathe/mains/beat/dropout=[30, 25, 28, 28, 22]
[V2 UPPER LIGHTING TIMING] stage=5a_drafting_off elapsed=9.052 remaining=44.948
[V2 UPPER LIGHTING BUDGET] stage=5a_drafting_off outstanding=15 reserve=7.250 slack=37.697
[V2 UPPER LIGHTING CAPTURE] 1/15 label=5a_drafting_off elapsed=9.547 path=C:\PleaseRemainOnTheLine-astra\design\astra\evidence\v2_upper_lighting_01\rooms_01/5a_drafting_off.png
[SWITCHES] F05_A_MAIN -> on (1 fixtures)
[V2 UPPER LIGHTING TIMING] stage=5a_drafting_on elapsed=10.360 remaining=43.640
[V2 UPPER LIGHTING BUDGET] stage=5a_drafting_on outstanding=14 reserve=6.900 slack=36.739
[V2 UPPER LIGHTING CAPTURE] 2/15 label=5a_drafting_on elapsed=10.691 path=C:\PleaseRemainOnTheLine-astra\design\astra\evidence\v2_upper_lighting_01\rooms_01/5a_drafting_on.png
[V2 UPPER LIGHTING TIMING] stage=5a_drafting_lamp elapsed=11.404 remaining=42.596
[V2 UPPER LIGHTING BUDGET] stage=5a_drafting_lamp outstanding=13 reserve=6.550 slack=36.042
[V2 UPPER LIGHTING CAPTURE] 3/15 label=5a_drafting_lamp elapsed=11.740 path=C:\PleaseRemainOnTheLine-astra\design\astra\evidence\v2_upper_lighting_01\rooms_01/5a_drafting_lamp.png
[SWITCHES] F05_B_KITCHEN -> off (1 fixtures)
[V2 UPPER LIGHTING TIMING] stage=5b_kitchen_off elapsed=12.445 remaining=41.555
[V2 UPPER LIGHTING BUDGET] stage=5b_kitchen_off outstanding=12 reserve=6.200 slack=35.353
[V2 UPPER LIGHTING CAPTURE] 4/15 label=5b_kitchen_off elapsed=12.748 path=C:\PleaseRemainOnTheLine-astra\design\astra\evidence\v2_upper_lighting_01\rooms_01/5b_kitchen_off.png
[SWITCHES] F05_B_KITCHEN -> on (1 fixtures)
[V2 UPPER LIGHTING TIMING] stage=5b_kitchen_on elapsed=13.484 remaining=40.516
[V2 UPPER LIGHTING BUDGET] stage=5b_kitchen_on outstanding=11 reserve=5.850 slack=34.665
[V2 UPPER LIGHTING CAPTURE] 5/15 label=5b_kitchen_on elapsed=13.801 path=C:\PleaseRemainOnTheLine-astra\design\astra\evidence\v2_upper_lighting_01\rooms_01/5b_kitchen_on.png
[V2 UPPER LIGHTING TIMING] stage=5b_kitchen_lamp elapsed=14.546 remaining=39.454
[V2 UPPER LIGHTING BUDGET] stage=5b_kitchen_lamp outstanding=10 reserve=5.500 slack=33.952
[V2 UPPER LIGHTING CAPTURE] 6/15 label=5b_kitchen_lamp elapsed=14.858 path=C:\PleaseRemainOnTheLine-astra\design\astra\evidence\v2_upper_lighting_01\rooms_01/5b_kitchen_lamp.png
[SWITCHES] F05_C_BED1 -> off (1 fixtures)
[V2 UPPER LIGHTING TIMING] stage=5c_bedroom_off elapsed=15.583 remaining=38.417
[V2 UPPER LIGHTING BUDGET] stage=5c_bedroom_off outstanding=9 reserve=5.150 slack=33.266
[V2 UPPER LIGHTING CAPTURE] 7/15 label=5c_bedroom_off elapsed=15.899 path=C:\PleaseRemainOnTheLine-astra\design\astra\evidence\v2_upper_lighting_01\rooms_01/5c_bedroom_off.png
[SWITCHES] F05_C_BED1 -> on (1 fixtures)
[V2 UPPER LIGHTING TIMING] stage=5c_bedroom_on elapsed=16.644 remaining=37.356
[V2 UPPER LIGHTING BUDGET] stage=5c_bedroom_on outstanding=8 reserve=4.800 slack=32.555
[V2 UPPER LIGHTING CAPTURE] 8/15 label=5c_bedroom_on elapsed=16.973 path=C:\PleaseRemainOnTheLine-astra\design\astra\evidence\v2_upper_lighting_01\rooms_01/5c_bedroom_on.png
[V2 UPPER LIGHTING TIMING] stage=5c_bedroom_lamp elapsed=17.686 remaining=36.314
[V2 UPPER LIGHTING BUDGET] stage=5c_bedroom_lamp outstanding=7 reserve=4.450 slack=31.863
[V2 UPPER LIGHTING CAPTURE] 9/15 label=5c_bedroom_lamp elapsed=18.017 path=C:\PleaseRemainOnTheLine-astra\design\astra\evidence\v2_upper_lighting_01\rooms_01/5c_bedroom_lamp.png
[SWITCHES] F06_A_STUDY -> off (1 fixtures)
[V2 UPPER LIGHTING TIMING] stage=6a_workdesk_off elapsed=18.726 remaining=35.274
[V2 UPPER LIGHTING BUDGET] stage=6a_workdesk_off outstanding=6 reserve=4.100 slack=31.170
[V2 UPPER LIGHTING CAPTURE] 10/15 label=6a_workdesk_off elapsed=19.011 path=C:\PleaseRemainOnTheLine-astra\design\astra\evidence\v2_upper_lighting_01\rooms_01/6a_workdesk_off.png
[SWITCHES] F06_A_STUDY -> on (1 fixtures)
[V2 UPPER LIGHTING TIMING] stage=6a_workdesk_on elapsed=19.789 remaining=34.211
[V2 UPPER LIGHTING BUDGET] stage=6a_workdesk_on outstanding=5 reserve=3.750 slack=30.460
[V2 UPPER LIGHTING CAPTURE] 11/15 label=6a_workdesk_on elapsed=20.072 path=C:\PleaseRemainOnTheLine-astra\design\astra\evidence\v2_upper_lighting_01\rooms_01/6a_workdesk_on.png
[V2 UPPER LIGHTING TIMING] stage=6a_workdesk_lamp elapsed=20.848 remaining=33.152
[V2 UPPER LIGHTING BUDGET] stage=6a_workdesk_lamp outstanding=4 reserve=3.400 slack=29.748
[V2 UPPER LIGHTING CAPTURE] 12/15 label=6a_workdesk_lamp elapsed=21.138 path=C:\PleaseRemainOnTheLine-astra\design\astra\evidence\v2_upper_lighting_01\rooms_01/6a_workdesk_lamp.png
[SWITCHES] F06_C_MAIN -> off (1 fixtures)
[V2 UPPER LIGHTING TIMING] stage=6c_sitting_off elapsed=21.886 remaining=32.114
[V2 UPPER LIGHTING BUDGET] stage=6c_sitting_off outstanding=3 reserve=3.050 slack=29.060
[V2 UPPER LIGHTING CAPTURE] 13/15 label=6c_sitting_off elapsed=22.165 path=C:\PleaseRemainOnTheLine-astra\design\astra\evidence\v2_upper_lighting_01\rooms_01/6c_sitting_off.png
[SWITCHES] F06_C_MAIN -> on (1 fixtures)
[V2 UPPER LIGHTING TIMING] stage=6c_sitting_on elapsed=22.928 remaining=31.072
[V2 UPPER LIGHTING BUDGET] stage=6c_sitting_on outstanding=2 reserve=2.700 slack=28.368
[V2 UPPER LIGHTING CAPTURE] 14/15 label=6c_sitting_on elapsed=23.234 path=C:\PleaseRemainOnTheLine-astra\design\astra\evidence\v2_upper_lighting_01\rooms_01/6c_sitting_on.png
[V2 UPPER LIGHTING TIMING] stage=6c_sitting_lamp elapsed=23.989 remaining=30.011
[V2 UPPER LIGHTING BUDGET] stage=6c_sitting_lamp outstanding=1 reserve=2.350 slack=27.661
[V2 UPPER LIGHTING CAPTURE] 15/15 label=6c_sitting_lamp elapsed=24.293 path=C:\PleaseRemainOnTheLine-astra\design\astra\evidence\v2_upper_lighting_01\rooms_01/6c_sitting_lamp.png
[V2 UPPER LIGHTING TIMING] stage=finish elapsed=24.295 remaining=29.705
[V2 UPPER LIGHTING BUDGET] stage=finish outstanding=0 reserve=2.000 slack=27.704
[V2 UPPER LIGHTING] RESULT: PASS captures=15 expected=15 elapsed=24.297
